
> my-closet-virtual-try-on@0.1.0 dev
> next dev --turbopack

 ⚠ Warning: Next.js inferred your workspace root, but it may not be correct.
 We detected multiple lockfiles and selected the directory of C:\Users\harsh\bun.lock as the root directory.
 To silence this warning, set `turbopack.root` in your Next.js config, or consider removing one of the lockfiles if it's not needed.
   See https://nextjs.org/docs/app/api-reference/config/next-config-js/turbopack#root-directory for more information.
 Detected additional lockfiles: 
   * C:\Users\harsh\OneDrive\Desktop\AI Project\my_closet\bun.lock

   ▲ Next.js 15.5.4 (Turbopack)
   - Local:        http://localhost:3000
   - Network:      http://192.168.4.38:3000
   - Environments: .env.local

 ✓ Starting...
Creating turbopack project {
  dir: 'C:\\Users\\harsh\\OneDrive\\Desktop\\AI Project\\my_closet',
  testMode: true
}
 ✓ Ready in 1453ms
 ○ Compiling /try-on ...

[2m[268.33ms][22m [@tailwindcss/postcss] app\globals.css
[2m[  0.05ms][22m  [2m ↳ [22mQuick bail check
[2m[ 29.28ms][22m  [2m ↳ [22mSetup compiler
[2m[  0.25ms][22m    [2m ↳ [22mPostCSS AST -> Tailwind CSS AST
[2m[ 29.00ms][22m    [2m ↳ [22mCreate compiler
[2m[  0.43ms][22m  [2m ↳ [22mRegister full rebuild paths
[2m[  2.39ms][22m  [2m ↳ [22mSetup scanner
[2m[ 78.25ms][22m  [2m ↳ [22mScan for candidates
[2m[104.18ms][22m  [2m ↳ [22mRegister dependency messages
[2m[ 46.05ms][22m  [2m ↳ [22mBuild utilities
[2m[  5.29ms][22m  [2m ↳ [22mTransform Tailwind CSS AST into PostCSS AST
[2m[  2.02ms][22m  [2m ↳ [22mUpdate PostCSS AST

 ✓ Compiled /try-on in 2.8s
Creating new Supabase client instance
Creating new Supabase admin client instance
 GET /try-on 200 in 3340ms
 ✓ Compiled /api/clothing-items in 319ms
Creating new Supabase client instance
Creating new Supabase admin client instance
Getting clothing items for user: 5aa0312e-8262-49cb-ac2e-fc21ef449b99
[32m{"timestamp":"2025-10-12T01:36:58.994Z","level":"info","service":"my-closet","version":"1.0.0","message":"Clothing items fetched","context":{"userId":"5aa0312e-8262-49cb-ac2e-fc21ef449b99","count":3,"filters":{"category":null,"search":null,"is_active":null}}}[0m
 GET /api/clothing-items?user_id=5aa0312e-8262-49cb-ac2e-fc21ef449b99 200 in 894ms
 ⚠ The "images.domains" configuration is deprecated. Please use "images.remotePatterns" configuration instead.
 ✓ Compiled /api/try-on/sessions in 132ms
Auto-cleaning old sessions for user 5aa0312e-8262-49cb-ac2e-fc21ef449b99 before creating new try-on
Cleaned up 0 sessions for user 5aa0312e-8262-49cb-ac2e-fc21ef449b99 (closed all active sessions)
Cleaned up 0 old sessions
Force closing any remaining active sessions for user 5aa0312e-8262-49cb-ac2e-fc21ef449b99
Force closed 0 sessions for user 5aa0312e-8262-49cb-ac2e-fc21ef449b99
Force closed 0 remaining sessions
Proceeding with new session creation for user 5aa0312e-8262-49cb-ac2e-fc21ef449b99
Linking clothing items to session: {
  sessionId: '4e255b0d-ac06-4785-bcc3-3a3d1addaf8e',
  clothingItemIds: [ '58f846f8-648f-44ad-ac77-707198a9a297' ],
  sessionItems: [
    {
      session_id: '4e255b0d-ac06-4785-bcc3-3a3d1addaf8e',
      clothing_item_id: '58f846f8-648f-44ad-ac77-707198a9a297'
    }
  ]
}
Successfully linked clothing items to session
[32m{"timestamp":"2025-10-12T01:37:09.585Z","level":"info","service":"my-closet","version":"1.0.0","message":"Usage tracked","context":{"userId":"5aa0312e-8262-49cb-ac2e-fc21ef449b99","action":"try_on","metadata":{"sessionId":"4e255b0d-ac06-4785-bcc3-3a3d1addaf8e"}}}[0m
[32m{"timestamp":"2025-10-12T01:37:09.585Z","level":"info","service":"my-closet","version":"1.0.0","message":"Try-on start tracked","context":{"userId":"5aa0312e-8262-49cb-ac2e-fc21ef449b99","sessionId":"4e255b0d-ac06-4785-bcc3-3a3d1addaf8e"}}[0m
 POST /api/try-on/sessions 201 in 1373ms
 ✓ Compiled /try-on/process/[sessionId] in 309ms
 GET /try-on/process/4e255b0d-ac06-4785-bcc3-3a3d1addaf8e 200 in 993ms
 ✓ Compiled /api/try-on/sessions/[sessionId] in 137ms
Creating new Supabase client instance
Creating new Supabase admin client instance
 GET /api/try-on/sessions/4e255b0d-ac06-4785-bcc3-3a3d1addaf8e 200 in 1337ms
 ✓ Compiled /api/try-on/process in 175ms
 GET /api/try-on/sessions/4e255b0d-ac06-4785-bcc3-3a3d1addaf8e 200 in 615ms
Cleaned up 1 sessions for user 5aa0312e-8262-49cb-ac2e-fc21ef449b99 (closed all active sessions)
Cleaned sessions: [
  {
    id: '4e255b0d-ac06-4785-bcc3-3a3d1addaf8e',
    status: 'pending',
    created_at: '2025-10-12T01:37:09.359859+00:00'
  }
]
Looking for base photo for user: 5aa0312e-8262-49cb-ac2e-fc21ef449b99
user_base_photos query result: {
  basePhotos: {
    image_url: 'https://sunvhoikhvkcheejfplf.supabase.co/storage/v1/object/public/closet-images/5aa0312e-8262-49cb-ac2e-fc21ef449b99/base-photos/1760131498399-1uytixc7azrh.jpg',
    is_primary: true
  },
  basePhotoError: null
}
[32m{"timestamp":"2025-10-12T01:37:12.980Z","level":"info","service":"my-closet","version":"1.0.0","message":"Found base photo from user_base_photos","context":{"userId":"5aa0312e-8262-49cb-ac2e-fc21ef449b99","basePhotoUrl":"https://sunvhoikhvkcheejfplf.supabase.co/storage/v..."}}[0m
Creating new Supabase client instance
Creating new Supabase admin client instance
[32m{"timestamp":"2025-10-12T01:37:13.140Z","level":"info","service":"my-closet","version":"1.0.0","message":"Found session items","context":{"userId":"5aa0312e-8262-49cb-ac2e-fc21ef449b99","sessionId":"4e255b0d-ac06-4785-bcc3-3a3d1addaf8e","itemCount":1}}[0m
[32m{"timestamp":"2025-10-12T01:37:13.213Z","level":"info","service":"my-closet","version":"1.0.0","message":"Found clothing items for processing","context":{"userId":"5aa0312e-8262-49cb-ac2e-fc21ef449b99","sessionId":"4e255b0d-ac06-4785-bcc3-3a3d1addaf8e","clothingItems":[{"id":"58f846f8-648f-44ad-ac77-707198a9a297","name":"Cargos","category":"pants_bottoms"}]}}[0m
[32m{"timestamp":"2025-10-12T01:37:13.302Z","level":"info","service":"my-closet","version":"1.0.0","message":"Starting AI processing","context":{"userId":"5aa0312e-8262-49cb-ac2e-fc21ef449b99","sessionId":"4e255b0d-ac06-4785-bcc3-3a3d1addaf8e","basePhotoUrl":"https://sunvhoikhvkcheejfplf.supabase.co/storage/v...","clothingItemCount":1}}[0m
About to call TryOnProcessor.processTryOn with: {
  sessionId: '4e255b0d-ac06-4785-bcc3-3a3d1addaf8e',
  userId: '5aa0312e-8262-49cb-ac2e-fc21ef449b99',
  basePhotoUrl: 'https://sunvhoikhvkcheejfplf.supabase.co/storage/v...',
  clothingItems: [
    {
      id: '58f846f8-648f-44ad-ac77-707198a9a297',
      name: 'Cargos',
      category: 'pants_bottoms'
    }
  ]
}
============================================
🔍 TRY-ON PROCESSOR STARTED
Session ID: 4e255b0d-ac06-4785-bcc3-3a3d1addaf8e
User ID: 5aa0312e-8262-49cb-ac2e-fc21ef449b99
============================================
📊 Environment Check:
  - GEMINI_API_KEY: SET ✅
  - GEMINI_ENABLED: true ✅
  - API Key Preview: AIzaSyDQ5P...
============================================
✅ ALL CHECKS PASSED - Calling real Gemini API
📸 Base Photo URL: https://sunvhoikhvkcheejfplf.supabase.co/storage/v1/object/p...
👕 Clothing Items: 1
=== Gemini API Call Starting ===
Timestamp: 2025-10-12T01:37:13.303Z
Model: gemini-2.5-flash-image
Base photo: https://sunvhoikhvkcheejfplf.supabase.co/storage/v1/object/public/closet-images/5aa0312e-8262-49cb-ac2e-fc21ef449b99/base-photos/1760131498399-1uytixc7azrh.jpg
Clothing items: [
  'https://sunvhoikhvkcheejfplf.supabase.co/storage/v1/object/public/closet-images/clothing/5aa0312e-8262-49cb-ac2e-fc21ef449b99/1760098037537-Image_1.webp'
]
NOTE: Free tier image generation is limited to ~1-2 requests per minute
==============================
Gemini API response: {
  candidates: [ { content: [Object], finishReason: 'STOP', index: 0 } ],
  usageMetadata: {
    promptTokenCount: 101,
    candidatesTokenCount: 1290,
    totalTokenCount: 1391,
    promptTokensDetails: [ [Object] ],
    candidatesTokensDetails: [ [Object] ]
  },
  modelVersion: 'gemini-2.5-flash-image',
  responseId: 'TwbraNamEKvQz7IP5LyA6QI'
}
Full response structure: {
  "candidates": [
    {
      "content": {
        "parts": [
          {
            "inlineData": {
              "mimeType": "image/png",
              "data": "iVBORw0KGgoAAAANSUhEUgAAA2AAAASgCAIAAAARv7zJAAAgAElEQVR4AVT96ZotS7Kd5629ur2rTkNdkx41AEiAFAni4DSgbkd/pTvFg4OqvXp+77CYq0qRmRHemA0bZm7u4TPmzMxf/n//3//Pu7e//Pjxy9tffvnlzY+v3358/vz5999///Pvf/rzn37//fOfv3z+9O3b1zp/9NPx5s2PN2/U3rx5+8vbD+/ff/j11w/vPup9++b7j+9v3/5S4/t37969fffxt1//L//D33/8+GtSf/jjHz9+/PjL2/fv3iby9k0GKzAd1C/v3r978wPw20i8efP50+fPXz9///71y5fP//qv//pf/+t//e//7b9++fLl+xvyX75+zXpyNN788h3Cm+8d3769+SUOPyp8//amn29fv337ofLti3O6db7J2bdv3r59F80PH9D52PVjpeoR+VDv+w88yM+8eP/u/dt33Otc9Zc3VxOLt8WuDt955DIPAudGQfpRH46OXSMYhwQmz9fqhIHOpfTwS1w85h4RViZeB7BQQPIoh9JYHJLPrNZx+D4Elt/wm+AvP75/h9XP9++DEFKQP74zaBAr1zAU0MyOy6DHAqQmnQ6KR48tlhCAy7mujZyYz+YU40O53gats2AlLoLpzzpHWGHHTziIMak+Nnk4Wyfw5i3p70GPHn5Ms0J8yvVle0ejhnzN9eX9hb1C6guOKCU+DvOK2b5Z0AEnxlVBoI0p7xfDCWsGoWOeJxj8PNsw15PxWrVpwadw8PcsY35tKcrm71++fv7905dPnz/999///Mnx+5/+9Oc///lPXz59bXyjExbUKpH8/qaJUK2ftJsndSeFJVLkCg+Dm9Ri83CoVblLfclIUm4/woXHrJj0ErruIdXfYHOmL4OSZnOFYM31vmly8TmpmSJ+RtNIHOr3FOuUDOse2ro7GZhrwOwvyGI2K1za6PBqgCtQcnB5VJZG0K79zVuL2IN/wHr6PpjkmCA8XtUEpxC+MF64xTv7pyqEFJBaON9hgOeuF/+z0wQ0A+fSjFSNT9pLmR8NQfGXKsElWU8YiS/9lu3j+Exjio1DRjM3GuhOTdZSLnjqT/WpUYg9IvnG+uxfrEOqnQNHo9ZBAzaiPJMmwTblF7lOOLJW4xh0KmpUH+2bS2HM6LckO8yu/GcubcAvpmP1slJzRfFGtxyT+tTQSU0ZkxY/61LSHeCVa9UQOYPYHcNSMLUkxEYfBYx4IEhiEqzJo204hJbIQY7N2gOdVL7AEQMK5vsq5gl2aVQi8+bNO0vl1rNffnx1V53n9a8XFbZS2a1kZWq33OHTseQip+Px4sns2tbQpWzaSh30LRdvfnnP6xovLNNfZIHy+TjUlBhHRlmjcJkLwOEK1xwVxbfLhPqMDVnMZPFRC1hXRp31sqQamrGrUrpoPveyau9SpJuwOr/vfhtoVBr4DQF5+vhkaMa64+x2uXHnTL3JxUpqJjRqcKjJEuQte6ScUnrm32mekggknf9J8y/RiElEApivmc6ik0JWCZnKyeRHrHMFQWIEE+JE3y2Kjm8SIyRyCyL5DTazCcy7EMElln2zIFy3fiy5XHsLVNe3bZUShcbII1DPt++/vPu3/+b/GrtbCGKfQOH+amP19evXL9++fy0uAmWiZc2WTqEDwTzDobU/tfZ+7Qq7/bBpgtk/8UNYfrQb617Sfo1ut4cwE3r7rvjkWgic5Y5oLZ2qiWhCC2t8f3z9unDFqLRxS5mG2DSrF6xz/jK+zkP7JVaL+jnBnaAX8ixafzaAwqARC03uXmuoJRoVV++KJmGRG8mLhGZj2RdfpIUrjJ+F+t7RmnVzeBYsKnLISL8wqMKoian5OsvGKYaDp/7wqvVwH9EB6k34VCq8+LRbKyGCP/tMPQY4/pB7mk6GhGyGMAfrfb4ZNEZjMFvDq3ounNhFecvgAhPeuc9aUMRTkDJMaXyxUjirZ3MUJ0V24SzD5ckpDgiogNzYKgQjzmbCQS8AU5nNZBwFdrIVR2B3nvTGRwsUWtf/SNVxyxcLI5uVxwCdyU/vZWsrwHFiaOMPbNwGXpNhyot5HGCLbBi1tdmzU9zJnvE5mrBN9vmdGUibMWMtPLyAsNPPwkgsmemYVxOR8uMTjwpLw+ZeIhTMETin3Ny4CVl7xeQ3uMotA03RxCgC/6k5hHp1REbXIbJw5UTSXsDJdHTRsNJkOlkl8k0zhE23CgZivDT6cnqusz02h6lTW+ehX9pMmMBf2iuLB6Quz2Cia5iIXVgv/JgsH24xQXVSO8ko+pRnWea580S61tM1lutkt9c7GI3gFN1hr5/tLWW1d9Q8hq+ZOcXQD40DS4KQTVgZI4BHg4MVzyzGWOnK8hpn4YYrQ2FF4QFc6cpgNwF4ObvMElhEaoS4A0bQ20GknNaGp2aiLwsYmQCzodX4pum+vtZz8thqmb1OtYispsSDdP0JW/mh8rCpe9NmUs+kpspYIiA6D+YZiiNzMrfDk+QL2iPNhEDG4cwzUpvhq5hXempzMiSZw4qMi7wCeD5p4FwyR6p2azM1X6iOH/g1ddG8duWpo7gvKT/MZ3yVIzUTPxkASm+Z0QDN2po2EiObiSGPvuk0FsP+OZBIBMV3GBSctNFdcTKrzoHg6krAbQuaU3UV7dd7iJ3r3HMOpbtxJ2DvtI45HMItF+fUAJZycwggirujLGueEdkosIMlQiGOcGrkOlYdw7rE947H67tcjy1JpZtApx1cu9w03PQd0Gs81NVm4VDXyUWp4jBVKD41F0Mc+fa+R5WE4rKQDopTYqUeqReCc9Q2g+0rjWUtUUZaV0qZUkis2kotUEW8jXurfvucXuV832byc0TS7DHBu7cfKrhPtaPryd2XLz3b6BHH58+fehz49evnb+07vUQDmWTXRrm72rg+hW4pH3qI1wM9z+/e//EPf/ibv/3bX//4h3ag0XPDiKxx4t+Vra0hNkz9OKzISM6P9q5dZ2IDOKVofP3SltPNttllQ9zDya9f4vLtS7vkPXEUKwdz7slivc2mMLlP18N2xVu6JllVlJ/vM62Co/XMmI15psPRWhwCMNS6xeO+i/Kbd1XDP1BEQO0FWTLCmD0L2ZlwiSUha0bHZvpJZiQdFmaHYi1eBYzGSuPjlCF9RxB4NDO2SC4Z82Wze0H1uqn9H1c2XSSXo2oNcfFiY15HTQuGMBe/CV0mJLaDucUDYfuecxwfytOdVwn2GiCwGYQcK8NzQs6nukhNfRAaC/qW7dhWBRvk8RsOMnG3FOkZAlqoM0jpwrIiy1s+auwYJoE7QppGzpoAA9AUDhktax535Aq+tpnPaC/DfvQwrskmrYGYw4l40F2LaAb6IM1mTFG9UcmLOomw6FrWGsljs3hfB7e2unQ9E10GkznSxwunVYTyJuR8sFAEwNxLCc1qG/l8rsjchH5eqzHX7B2LGUEd0jo4F535buyw0xNCV6gV322+lODh7A4kMnU3zktdCrQ2mqVkWTfcZe1Yeam+RzjgsvasHlmTh794b4HJrTYoQF5YNhjduKwFtdwr1XlEI3UXVMJRhHjh3O1uMmhr38ofTKNdRvG1wq71wqoBWihdN2BKPHXdIFHvNidd6Z80aILXBBxZ3wqa5RUUguEFNWsa2aq+cUx0ZidLBfPBWshT0oQbS8xrA1vWjP1SDOb6aquARMfUCBVSKnAV1j/IUart2TRO0+tPmi3SkSlNUrPSdcAaDRgci9mtmetmUlCajTlh/EQ+/phPb9WjtUkF82gSph7y4lX7pig7DjP8Vc7Y48IZpPg0TbbaJcCiZ9znrJWjUem2GtihUfvlndpmU/bdA8T7LKyD7MaqRgEI1WvOTMWp1ZutylAs0SDpx7a2yQUpz0caQ7qdTrYVSWUUf0JMOHkIzuihnFSoHbhkVmGHZ+26JlWKi9X0CaBhBuCeBCpjtrl8eaS9bg/XpzDBo1+9byOgdI9yAa3Odynpq6PuHVldemLRoEd1pB8npEdqSThSexZ8xS1BsDI0MXfEMLae5IUoMi54c77eFwjSFmPej5eOQEc2eZNPfjax6nAufW+aZQGl4DPA73FZbbFP23F5RXQ8xwYVOEcn/KwwKu2z8+5/+nf/t1v+Ak20OO5RxNeeSfTj+cQ99Bs7uZeRIExaM7cI5nxYvff64cP7KLZD7KbTQ9AimGy7vNgMu6Y3Hz70Bu67Td1Gs+QWqXnVJjWxenrq2FeqexOqR4w96BQv33te4v3lmEhui3gh7nH8nEUqMmgRSEHDWozM6G5AoiI5jf9W4SElOy5b09pavos5iWRq0qk7h2GtVcFRRLRykPUOyauzH52KRm+5pR/kfNoJwz0pWg+16VLs5wEd7hATIJPSjSoTKieRSho09ZOTLoBKLiKTZP+vilWJPWYL93We/Vw5EsIEYXEdsUqNyjX3euvGSWa8+AzSiQwe9CvVMm7GfI3aKxz8sxzUcEIKzwgjWhinR5rIaE9ZuZ/zbCY2APzZd5cbGWYfk7Jrh3kX3IhA0HFiu6xBaGlS+GkZm5fN54oYqJO764MlU9bARD/jL6iSCNIS7GzUbMxGbKtAwrcWNL96FeZ5YVPga++K7TFir28Sr/HIu5mcttFVgYSHQHRWLFcn43K2u26BmBTBeopFZG9uqkkK2zSHN49dZaqiXs8FhzzUdky7H5veJLN6+uOhBfgY1D7SvZ+y42xsiUXbmj5ZtBC0m5wiCNX1jlBcxst0qNSCl4mUbByYT8PG8WVXPKZXkEDNzcunlLaQYpQYO4sl4GHPrHadWoBfhQBjoQvMlLFYrM5UQ2Y9WlRJBftKHoxSvwcAlcRtnVDrZHLTmgGi62fMd2a7CqjCsFh2c0muQJA5omXIZfF6YJ0Li9rMLCpk5lcIQj307aJm2TImLx77y685y8ok0uD06ppW3bXGvAMe8PZvNLjcEjPEEeSI5g6RyrsM1A1xXmN2AnxfkNZJh4DGBDYEj462CXd93NogpLwhRmmL2svG2YeXxNG58EKGliHtfF/1Gg1Z8uf8cS4Dn5FpOMYOPy5OCpQtSueKG7Z6eUjAEK3aaWp6GoLH/wfjESmDzVRAdZz7RexxvJ59MZzA7E/2IugOG+qJxPMvkVQm6EtUk0FTACAdnhJS+x4SG2LddcUFRTHwhtsG+y/ylR8TwNdTb8zJSEP4mSJVxVAq2xqMQQ35S9BCNFcn/AjSv5kCvp/2MdRxZ8VUlZMzd0T0jEeNup58ndkaKP8kAvTglnUDBjXwF4+H8k9nHoiTAjhDM5lMLxWuiVf6jpXR76dEsvtaEI6f0Z7FknJedGFqIta2xKo5eh5VCnUFaoM4CjXZa3pM5Y2r3sztcZq7Ts1bqbeqeg/ZF1NFkdtmwNLuR53tFn1e7+1b20pwPjzRTSHpcCPUZ/2KXhJjspHwfnOuRCDU7+93/7uhnCe9UR41D+oaBbvWcN0UPXqr2BvLrHOIeD2h4OfN7j6awNU5a4/qkTEBYJViJdJiVEPqXoJEd+5hWGFrnU5DS35RTUE+O2raDkn3c4xKHdaUSU6fe2D63pxc0ni7WcLjH9B1r/YYqB3pje4WhZOpOYH20ByZgztFuCsfa50bo3hLW5o7mOkIogOdp8KZKuaB5KhWyDi1wco9lEo98qKcCSvXs6iRAvmS17svPBZxKmIIbsl3wR0GY8wSRSepo8PYwWR9UQgOtngHw8YTnYnSPT/o2aOMyL1AIuz7LwdjO3S4Sd/4sjEmI0TtBb5Y1LnV4cDc3es/5RfeVjEQLIjABhnKfoKJmIF93Jy5wj3RRPTpQuDxaaaTu5e3XsiV4SV8BZ8J6Yl3PzWYtLLmzbeizPx0BCmSaWgxstexsEdj4bxgzZntU7XHSDRSlg1pSZC+bMzUGygGHF32IV3tbRFr0OrthhAgKb18ImItmuFKZm2rWtetN9NlrS+ED76UafVaSoLWHYMRUd1PLc+R1WM5iGdsSZXAu4lW2nzWHxZ5L3eNzRJMyAYqSpeRBz06ckvcRsQNzdq1QR0tiE9nDgj4wvtkjogvVwNYdg7ojUUyW1SXIdyPBO43jmrrTt0sJPhipkvebIpFeTproGOybBjoV0hK/tWB0msMZ07/hPYCg0wHMUSua22EMMtwRUESmCptWY2rkOQ0wwn01WRPqA5hZ3ykqJyRhLcXXEtDBBHVrd0KO1K8eb3uhwkrP/sX3Rk6YBz+0gknC+c93kL1dA8kXBL9yB9+VZ5Y7TpPgBC5zchAjWhteAZe+zWsLcktp0nM1GMOuP5Fw2nFNjGP0hMIHUV/jeXcYoK/hlkbycyxyLXO9Xm8OAHcd3TRMXdqmKiKVNmaJTYdNgN40kuoY82M1caEEO/TupE4obQmdEBITD19d2EA0kEcDnhYPM8T/SzCdVGZM+dqqom89TbRGl5jgU9m1puC+dsvM4ziWjvp1nLAMRc9C2BFZtMSLgXYR7lL7Uv14xICVhe8tNXP9rlZ15mJwsumflsdUDvmXgZM9cfieUsAzx1V0tiTAVNr2+WD5zUvbymuZlEdyVT06Xp82KKiNo1ZE+btSVgg7LShzHur9ZhHEjBirbTv/t2/+b8zaUtBxUNDg9Abx1/bfbUdW8Css+/6vQ27wwSt0suPMqJAe8K3oYeJcn55UZs93tRk3+ZoR/NOGtqe6ybad9t8t/I4GqeIiIvihmQLUI2WQRC/9MnIjnjSlXxxID5vmS+mz8rWQ0oByyOpCfaiwkKIkqln9uu7UZNA+s6PmZwRTxMXQfEg48csrjCm8II/TzSKHEpsJuXiDktrTK3vY11XB0nVaAQUflprmPbmLqH1glPUBR/Cday5VjAbej36q/D8OEzdiVxGJ3GNbCpZMc6CiM2S1oTrmN8ZDBWFYOTUGAyFpQrzf1cDdE0ILsCBUXgCJXMvm+e/pXQKSGzIRmqUHjNZTqIDrc4zsD618mlL3Ow+GrwkdRMYX64ivNODNbABP1PiIrcRr5nNxVNM+pIDcrtmP7oyQoc7Z0AHI82UCa2K5fRE7igLZkeIvgYhxkevQDXnh6rTSzmbwU1Y5ybsdog+OxzO4pXYBgY+zBSKShw1eCtjHfUhYn9sxnqMJU29cNO17kblEgLkqG0Qa9aeTNdePPJoM8Djf1/NHX18MLAWy01aCW4jWDsDhYAkbfN3OuIH7Fks9AEdNywf1wY7FdJDCwQQmdQ7j30tU6+xllFVml8TqEnDhKxy0FIPamLQzFmQyqxV0J1A4vQffo+tXNlKZ2DXyxiVIdd6+1dYegIBk2MEQA1eJ9NQ1ljDBYcW4WhtVEfMIA4RiDEd1LgJ+Tql6F+k+LHbTMnszvdwjc/xOJ3hNE5j+TLAa9aQSHi68jc3C/H0dThkwR2v+RJ9/DXO8wAMJPcufXnyYDDRDcJyJYSXxYYx9Rd+0mOw0QkIsthNpkvG9t4/AwkaScvGosgqbR3TgjwxyTlc9GrzdSqEiZvV0Yvg1U9iqwvPatYRyiubmLWXeqKuG1cHPDG5QDwJYbtd2wOVoYl1wYC1kF05qGth2jZkCTQGRpw00fsitxbtlw9golyMn1n43Da1djyR4KgDbj9wRzeJ8k0tAh0jU038JjmI/Egmy3QrM0keSKdblXwcSb+WdQnfvjPOhPo5rZ+IA5xYXo3qmeTGRoDogEYgwTV4DZu5IDvSWhAN6RypXkQu2vKFhONKmRrJPLgQb1AfRrVxbQ8yadFOqmVBDIZSc403Tzcc3LMGW+xnLcBx5x+dFIQmu4dwDbquLgYqRzUsISM/3Qjsa8I+hnHtGUWfyM3fof140y+OZGx7LGal2By2H/zly9d3/SJLC39c33utv6ja/PXVb0LuTaCWUnzz0CONH59a9T98/MObj2+/fPrUU763355o95vB2fz85ff3fkXqY172wKPIvXv/Icskf+nVswenRagnmKG2HsTD+Hzwjveb7+9+/e0PGfN001tp0mHPS2TFfLPH7L6ZIXH5Nr9+2aNNDzDfsBztPPgS/hO3WqjkQR9H7AFov2TDhtn7y9cPN2b9erch8W55z0kvwO7Q1n8rMNQ+HearUpb6dOZSXchSkkudoxl23hboWjKwIdnUH3/UGiYZF+gGzKgkG9uQNrlUEgS4Vhjp+LW3A5GHswiB0Vu8tibNsMAtb3M9U48WFEMZfrSHcURrJw6U0VnpGsWUGaKVlbaBj5+P/IhRHGq6RiUHE0OrKIzobhi1UTYqouNGldzuxwHcXLjkoDO9GeuElIvMzNY48as4gQ5GH5bPIfJt/64+w1n2kmL9Q6/ou05hPxMJpLNIdCYWPMuMo3sjNzZD2gCPBaTUN4RnZCGpKHYjaOCfGkoYxxKqDlPvCGeJWgP+7u23TZFerm1u1qCAy8YopoGm1tfoArqCAW6uWY3f3K+yeZA7HhxkemOxYmqmFRZo1On8OjBJRcNIJkSGLXl8T+QOEQ1dj7Ih6EjSKpQsCGYHDaUD+3W9zsxolSkZGPKKFKfSmTCoOf4z7mWoIdA1vTOUsk3VpsTYdCIzsDC+W8KSz6KFm+hGZalQGeljwmVvz3SFz5VtuM6DsSI7gdsi6Ac9A0NS39cSdMh52kguoxfSARPOl8MXxw0xS5jmTSW7w+Quh68DUv1uxrMcc9JLvvqmToNeYNuA/RU90IDrDFq+d1qaHoEHQpCthDepSKwjTL9G03MtJo/zhgj/GU00kznFrwuwxOcS8fMq0Qo1Hi5OwjoqWMV7LU5cm6AYTiHBfDAyZGsdt4PDK5eo01VwO49RKGk97t5ozYqxDAxriVpUA0jTh6y6Cu+hGS1R2fL5Wsyzv5wSq4HPphDzlCMpuKgnEOWIqtbJZ0buR+9DeOsSJAdT7s64aMuFxkAPxVBKrDG7/pLDPcsY8Mj9bIzZnMWse8cPRZEdxbGs1nriENfhJDVWRzV5OVzlpggK84vJvBS7sWJ5ihxKI6EFUSQ4kyvbclV/BeLENgyHn8bWwFTwGX0DhHBKsRz4TFncUNaoefiuNXap7RIdkcWtM/DBMtSgJhvlBEhUDJOZyvncHub4iBYrHDkaWUBY29An0JiMooHxbG2PBkZCWDDLpWk6QRwcUaEbT7BJIjlXzhdcJy88XnEbRRSq4F7j+bAEi+67f/8//puSYDFsswUxjXvTym9p9NskFHzEsN/z8Odg/AWbxtPbykoc7vS9Mt48Rb1fMfFyb/lYXc/b/oqMZSmRWLTzG9clpxttslyJTE2+XDuJWBXLSm+acUVWZBXPfUoSWDlXonNe90lRyutwnj14avWW3Wds0BqgdairZM0e/+bJddXJtQ7KKgSLzK0GnBpI2GzXZ7ix9wNQoZ7Ozby1JoH2pGvA9VwnxMYUlpKKGgdAjEiwJoR2LlLHZsqLQM2ZsoHvImR9R+UOBSmC21qocw2AcsXHlWRorU0eU6KjRGzHClRfP1fUPd/JY8BKeSwRuPhoU0piUx8wmPkyPozeXjIIchN/aKtPXgGlnzPzvG0m13auTZS29eCogz6nJ3dQGPBRX9K7CBT4WUllA5ImTJcJmvd11dLPOiCo9/UcFTIvGgPTd8M2KrUhlopIJXpj/JIdTBXLtyeI9yzdG8zVvELbh4Z7vN7suMG1SYBcFljQYyM5Vutk7htfVG6cr/iTu/Y9GazFS8TxopA4tJWcG1FnHYJgKbACLHfWTb72XLKLZc3153EWmVg8iHCWgmLBSKEWyLEWm0TXQpDcozASN7o1iXWdgSrMKMlqwtFRgKtQD7P+yc6bmrqyohXXWdrYDBQZSA69gymq5Hgyj+vzqJShHSc++U2AlHZcZ73yLogGSlCZ7Kiw+aP/BMKU2wf0EyI2y1JhGp/xepII0Jw4PgjRn5sj/RI4m6N8rPPm2p7L8nsMx67A7tlkaEEMlwMDf0XucQR502N6TpsfubdyuZpTfb5/NDfKKZTswtx9sivJxwkbDoFZTIBm8QJQ6wBdmRinCvNmN4XuWY2ou2Nat67cZ+KP24J88WdgURRkJoZyE0nySIB1MSWMZ8zwr9k4/dQiMxhk8K9uqtb4dCnuZ+P4xLI+YevwEbrdZVSiIzxcOP0ZSnZNIyobgw4sd918LxaWgQAlVm2n1m89uhFDxGXqhWDQTrqMTkEeHfePZKGvNxnBO0c0jvzB0ReGhfSCpCII3hg5a0THNlMDqwr9uGqBDfYmxqqRlQRxr8CnaumVSYTntM3fMgGYUNTXyHNjImhUwL4Dh0PgaOUB6qi1mgHbBdI8kHSiM30fbKuqDu0MuzVXzp1kuNFXXp0kUbKotXcWckJkiI0DKMdoC0smxe3xdnjUl3Wgbh5k7uKzEEYGS939ZGNfqALCWuOIH4OWrn//P/4/9izC470MJpD33We6m3Sv6Xd5u+XkRs/NPn54/7HfMXm/vxr44WOLnmOL9ThkvAc/+yUVG8SPHg3Cy+TbD+8+tN3M196nLr+TLBNLzf4yzlGtJNTyv1aNt67cmEjipUSsapnZt7sZetDIXbTFCwf+9hvUl0XKA9lS4M1kAmmIRjv1tpVlgXqB8cuJN2bbILJjkPwgcKE7bvlNqcaUE6kPZqN7dbO49sVbdt5Ip6K0utg48rruWlM0eCsafHNHZdigrneSJkC3SS7z4w4L3UATPD4jNU9fVCd/sFM89CHrysdLqcVoXCFFpDJDC8kjjtKjQ3fZhbLDOGnaiBQkeFOvUb9lZpuY1UTEXlmH6a2Y5vQ7Uei0dXY81NbsZFwSdXA8kEoulPRkqjONgB/4R2qyEeu6kTyUIUYJjDnpPhSYGqdMFB1hqQV6MMzH8WfNXL+BJE8Dn43j8LipqXGsvf5rTaWChsF2eZaIIaRza/rN0baCex3X3tDLur3P3PWWkOVojwgl+YaVJxUspbVskILnxSLF4mKvl8pi9/QdC8LFqg3DPt9kLtNySk4Ue7Pm1XbNGm+U8iRX0unFHoVqvXYntdldoT2lQQuVn3rS7HUoTOmNqmRxrnJ+CJGxrDsAACAASURBVEiYqYwO1eveZfRMxloBQO2iillfuaMD/et54l2+6KeRpRk/sb0YThvReGXv/Jm9VUDhgOmWF8a5NcDRztwJ0GeCxOvGNbGZ7DUx64nityMHx3RBSXMzi7BY7c0yd7BkfLNu1azMLSWGAMKrtVmhOPA6fLMX4FwgcxZ0PJL5IVVUQxWkGexS44veTMHdpIiKRTMVpxb8euSlNd8fpoO4P5UH1OIGU4F8FV7XRDBqwxbefQJBaoSWHCaC3qSFzJicRzME+vmykRA38dBJ2XL6bNnUWdG/QeAh3ZeTFatDMKYDratpLGGCpIV283oqp6rsWOMuQDV4Gb/IQY0ib4LzYCv4hUawZnMKefNEN6eEJ6mxreQgBDew2v15kfA5Xs+YrT3w/u6Ie27Nz+q6BzFTZCHr03BSBdrJwjK7T67M+szeKKTlc2WiNuwfnh6lLQFmZ4vAoi++vfu4hA9hH10eeCajLp6IiOcMAKq1j5klkJnxwmrx2DBxHQEtCS2aGczwErEdNrxHuTneY67bvz1647x+91cFk8hiUMmfGKRa2We8Mz+BAnKiyG31ymy6ue973eCFlIRSvcZuziEeED91sJgiDKyLnSjV07aLxlOVcqTrSEjY6tOdlggomwjm6PEJZYuaroA2YWau8mZK1/ZfGzW47/7D//T/tLZyGH7bwaZWDyfaHPpN5t7YDbA8ev/uj3/8w9/+zd/8+vHDH/7wa1W2f+kt6v4STYvS2w8KnmpkzYiI29uPH0j2p2MCiaU7bUoi1M8vPYvMdMbdADBN0a+VRHFByClecI+3VfbiqUtmNveyG9P+es7UG/dM5DU7SZudj18ISTUEeg/ZXw0Ob7tDfMilIWAlNZMVZu5CbbxGYC9tNyB5Sac/KSoQCdd/Z9196f6JW9dc4jZ5tlYSi2rGW/2G+Ja5UR6p60mqbqam2rWnpgOZIQaWLYMfnWnUnpFsdIiLtRmBavk4Vle9MxJJT7zTyY1F5adjSrVtAdioRSb+s/LSZG+JjHOG8nEjm+R1BU72UZMus4biE5xzlYAl7DEObUyK2fT1pOEpzWxfhCq/YlWHnr5TdN3X2TidGf/JasLDRG5ezoGXQMBG7fBlsw5cH0aHXMOm5fpwg7iIhV8nrWL2jAUPapu5UXyR1h4gAtSchJ8zfTcPbAz73RQfePA3m/rcsA9glAlj2Nbwlmy3Fwp/WarCSf0xDIoDyVy+BN8XduKf5l0qj3Ku1b30s3gktQWhBcxqG0/OL+9Kt6Hku2JtnjXl6LSMuca+5McZqc37SFsktGc+tdEIVD0BBJbMtHwvgrVdfzrRp8VEx9Ab6IA3IbSkFTdknIaJiqJUWZN46xoKPMJ1hZelDcU0a5zcROpJzp0ESJHSCn/tViH1KK9BScNM86mK8J+4Xr664XmBCyxFChwZA5L5r8pmmm7DC+2ZnkHjopq22UI8Uy2KNYx7CAk+bOs5jCTho/EUqS29M9qmiGMozrSO+h3nAVG0HVv/NXh0ncmFn/r01wGyvtliD+goyavlUg13P79QwByfVOwC6uUXxb6/Lz0XNfb8hFoQ5k2SV6HVNmV+TkaEGe5Yiig0RzAapfnYANDD3pPPoIjdIY28eHCc+8KxPrZfUapQNbuLEJHuXjgTAVsL3DE1WmJoI3vGYpBgEhcZ+FXgrYXWDe/PUI9PzUmgU6iFzMHlcdTXHqFzI5Ghyb16qi64y6XRqqcD1hNALGMgAjU/WTqprUWcupCkQ6+EyfQTZgrt1sUOu6pL5SEe5EJR37OdOOPlhiwIV550DHh93fY9pbQ51HjPa4UoeQTbBkQotkhXT6zB8GeXv50DYzlnanZQBh2FjTDpfT8QYZQqHDLHwutY19ogTVfAtS+XmOxoeduE3MhRI+TB1UJBZOzERC9wqVPBxm+DLRNlhfDt4MVDOI8kWg23rorTEWTHe0VTG3al9jfJ9UJL0t1ooLiPm3txYWsoTxayj7/++oe/+WPY/Z7yr9+/9/vIn758/vzly5vff++fp9wi8+PDm545fvvx5ccn73Il4w/dvO25xve337/0VC8CfcyvP3D448unPovXw48//vLHr1zpiV/zoo86Vp6LhvKbl8RF1ZOGb20n37x/9+uP32wP95HHHnJ++fLhy9vP+5Vmy0afI8yfglBMG6Q9Mxe3PHbLyaVvP/wzl95M7wOH/VXFXhD4NOXWFVPll14XFPwo5fvXPuPV2+vW5WBLI1GVbcXVjSbeX4Nuk7tEMdhyv879YaeIvEvbq7eNnzulqJMKd4kuundsGA3dbQQThJVY7oaUUEpce5VqiM4AwtioAz6BfNmNmb3r5LEEjU0UnbPwqF2tvgr4edk++/gyMa+W7akggMt+Kq+72sGifY2gkoSQ/ngQPj4p8VRFX4JlYAdjZxBTh0Y4QMZ6ptEbes31n67Js9dSBI26iI2PJYLBfhI+VOFAaLBAHU9vKUa6Pg3bmmdivSd5w8T4dJzRwInN1HgGfRArHzYjib+OCFmEB82C8kDJjG24uzV0vTvURPAu5e1T7Llu2paK/QnR8tsLvWI7i6XgJnhJfYZyu+lWVvcXqfonSaKAdEAwu+AnKpqlvECWV7abt4QJbqVLqJGE1hHU3TtN3HXD4Icb6A5BmZU6WBUlbeTO/EnUsPweGZ3qnpCFksRuX7Xd1+Kr1ULEYFh1eiJpHZ8rVhiaWVkO0rxPWZnYtNL18tnfTeDn0qVG8mfJOCDAFVFZa5oMJD+bdayrE1tRqR7ERhVyLg+PyTUDnHDS4pYzVB47zPBisckuycS7MHfnqonUbLGQtpkYJhgUNiimwLxJF7uFxW4xkGPSeeLHVtvZw2iIiDPt9tyFpxYcLIoYXb3Ua1GQEqh3bgFVrXEDciiDJWM3wvUCmWYIHDKsahK8WViVO1nHLIvlZApn8CV/4V7CjUaivu1kV9Czo0ugG4wYNuINfTLhJDczozzpkFzH58Ki3Ppld0GhzrY19lXLNzkzeRHal0RP5TzcVDvXGKpxVogcuogpAeG0OIBy1dHrMWm9VBphvQMswBuZcV24XlAZGdljJBOqgiOaqeRMAyb0GK2w3DV2g0SlTmYux4SrWdJKU48nsIEojrfHMYXsLFjb+dIIRzaEZdk8n/SPfjtgboaR0u0jk0PA9qjX/320fx8xk0AxE/TlEimHxQkyUKmYYv7q6JGQXw5Ae8I+FxfAPCRczVGR76seyJJgCBTqlLb42Wjspnw+p1jql9S1hcNlBdHK26j0p1bAI7CZ+ERenrsFDnqRivWRybR41W3rs1sRCkAxxLMLceUuocyy+l4TYTONJokJV3s0cl1EjPyuxDk3HAx9z8eoc+Ldf/gP/9ay3tyQZmFh3W7Mrwn3UKK/sGbAfrTV+/v/4e9//fVj/xDl4/tfP3x8/9sffmuj14AkZ9jbVF0usSBiogOvnmNfeNvRNYv6vCJG9nzvegI3IV6k44RxJPIlVo36RSMFwXLmO6hgk5T0nqDEk28XR10TG5kHwcojT9YWXteW+8TAFTwEapM/uvbV1f13LJVRrCevVNhLh03JN49T1xcGvycMbpGfyTqnQSuRyjOWEnrUZdKpbEYlpdMXY5Cnp3C4k5Yw10mdYD8bvlzqmN61ZogooutpyaTiqL5AVqsJ4tzcEE5ogmc4wtQ7gF3g5jPjEyGs2zfw/HksrmXsxVLODphkYpomuGhqujqUENZHBLefxxRyymIALuGfoINIobk9C8yvhHaW795WC4Z8ZsLgAJm90a8FI33XzV3cXe7YXFCh3AuQM5R05XNe9JEY+wcqqXWuq06zW3rt6y8QDyUNGfXad+dmqkeIvWq6h4neZPYaJxMhJAL2mQ/H9zggsTCGVwmlCmLk5wJh0OrEmDNCut3G2tY+OS/kpi84lVpVFNZmnJq8BNK6/Yi93pOEC1GdgivwizBjCUev7oUOuViBcIrj6B4xpk+FUmKaJ+SEJgL6KmlYVcdYrWVKvD3PF49saDhFJqUDS1CVnwFSJzbRgnv9W77o+BKK83iCS7Ti07AJ8QIL1GHYh87xac+axNdXV8eJzupP68diAhI1LexTmgLZaWXbbm5GRu1nh8b7rQWSsiSAkJgzJy7TB5qAduXxv5TaGAW8NJFGtjJ1ncr4NcIt7M9E6x40hEEhfHZBa+eKzHg8vABs9R0ztAwlUVN4I7fBGWgtw1s+HDLUBJ4RsqnAH8XL6sovlWmXhgazL4LDw6pKvGp+CNo2hEGylpJ7KoVyqaKdhHAxHuk+gr99XE3nRGpi4Ad4RqwBY4YsH6vtIHQignATBqm+15DQBJ6NAV105mkCt7bdkNQsutPu7MXP1uOMxX1MAh1jlRvIB6rA91kRtFhAJCDcH0O1eeZKOSjrgc6tybN3AWlhEjIymy7nGjhe18Hq7vKHfI3BUKhny5H9zgHPxKnZFNAeA9ywoFXRVl5HDZl6uSXmx4Uo/KSmYL9rXtTwQoJMuP5rq7j1SXvl3UYzZd4TgsNQfYkduhhLTqEoZWYcooBWqzhqhpi6lVwUgVkqEwjviagNLEt0QiBHcMIj9KKxnhNzZukEEdBgAglncG0Q/93WSkq1xyN7RbZTf4a3l9I9kihoja73l//wxzaI/VMTDxn9p5O2eh8GNjM9z3/3vj1lb0/XP0MGYIPS64xNIa7JlRQ9eLtVouFKvlCOgTg2j7LR4hKh/bqZFS29ljU3O7MMbcsM3/rXtH1OH/RWsZyw7W74FtSExWDdSdwY5bAoiHLF5qqxrh6mdt+WDBYvuor1EkreZclWIfyfWQBcYAdxwhvXNNNf7GVa8in2fcSeGtB05A7OYICRdHpqXMAjVYlwRQJ8XN11Ikudc1lTbUu8CQ+zVl8TPoDiAMqPyYJJxdU7VyY8hf8/zaXPC2ahoZM46b6504g8ONeG/xKu9lN9+vNMqdPPl2h/0TzA08Os+iJey+FUS3kKmYVwcPPiWVeMNxI5MumnXGNk765R4Q6CQALbMFevQTBrM/YH/5KfvYdKsWOcOu2tBdRmc6pMwOo17iTY18TaitmsJ+dGsW7piEJj2UusbQv9Vplnhv0vyn4//2ufDum/AXkMtoztKqU3nibMOGVzDkAV53MkofkTuKH3wkjf+MSeO1GJGbJ3qbqZgaTmZOpITYUxckhT58zr1dYkCExtkCglw+MJg8CEBLO+7bNRSlTvRDy5MW3jXNsde+fBFPYEf+2ZOoDIWNCi10+tG53rE9bzJ6S1s2zTmuS4QZ/UQnT0sj5CcegJ5wTgJu954KNwjmjez2N0Ixm61h0VbBm3B6rVmiH8M/AM/AjIwClbQilXqT/zhyRnLZUhDB3GJBLi/qbLzA5Vb3QrH980hZzOTqlGqezp1jADIq/ricvZnY0sy7J1ZyWkmu/cdL/HG7sjNo6nz3UyzwgOU9QxtYzvGmfwKsCzay2rBkQHudF3nXVC3BGrvX2sWAvYUNJbVimyXz4sI8D2M/c0TNKyMLMRg5rI5Oq+KPTgI9k+8Ts+NUoJUZCoLGV1mMHd9wORLyPDC6Ye2MDEI6INZMN1ozGBYzt+QogNn7GvCjzMnxxn3AxAY5R4XSngqnrO19fioBXqgNEIfr9yOuNz76i6x8PYVqiBsMUpEVCK9SgA2dw8nC0pde82FElgOIQiZziMUfr46mgdqyqQ0W1LQFZQ1+u17HxvQOklpWmHzKl339QTrDNpx0YzkFla0lAWwSd6LCTLMynA4t1JghVcXi1O+ftQicOIIS1JWkeSIWfaKOHe9RyqeKTagQi4UADe4WoNvAq1aY3Hatzpe3yXGlOf+EYvqInUsh1EwVCPmlFf79mLp8Y5UTeEO53Mu//wv/xbhp6VJc7yyOOIHg32aaY+3kflW/1/+OMf//Zv/7bfTv71tz9+/PVjH0tsse8XkwVuW1crUS+MPNkb5e5LdoVfa+2xY8LdurYwxWArlAHwXq/3jufuE48jszhEbA48MViAyh15kl9ui54sZ//GIOCFpzV2JtTCGW7RyanNtzTO/XpErEoL+UEJUm8rywLxlFruaYtpbTQ3+hfRqssCbPxanG2u0Tz8u5x1BulgypvXONUrfXgm1LJKNKoJwFgYU5brjcYQ2MCl67SZr0oN2AkTh3CadRDHqdOjr7NZUPuU9dQyjUX+ijCfRl1DyhnXoc8xVk6qNhoP1PAKPNEXkPIZobJ5sAVlc/80dR+6MX2V9TGCz3wu+o+/SS2G+XzQnWfyQiRWz0wuY5Kh/wjMjRvI8Takjuws4l7jrgqSFSPI+a36s7Yepw1WAmM4tHlGJTijBHP9E47DRZFCXy93MCxXkJQtleoxmFnwejNAmVRHz859DPHO+9ywx//7l+gJtNtINMuTBrJJUAy0D4bZ1+DcnWB1AjZYXc0Gs7tjGUrNh7ur91Jw7U4SQr9HFLrulr4c1D1xHQznGXccOTjXbkGkBt5S1HFQy4HmV03peuAdsWatbyWNdc3mKjDWs2FNYPcbQ3Hg+uhkaPeiWYKRVfl2q8L0kplUXcdYbSOQHIXDmTtER+cCwUaGxPwKsMYkvcoeS1RAXH8tBHGRKQOCmEo9jFXW7fPcAuhrjpzS9QrbStJEKaHVI1L9LMCbCYayvc2XRuEpppcvNJfQMJVJ8ieVaY+S6uIxF4ofI0u7pQThox7X284xWRvFbRVIDAU/y1+ReQzouYxIwhfN0UFcJVs0sFM38GoJ2cDE2/1JXwpu8tfbeWMwEsj48m2XfHcJoVj3QRNg+InvBbKIoi4Pk2YjU9U1uQ7zfNHG6ECth4kfQ4qTZnFHnYtdjOsyOgevUYbWxl1c+s7cNKcFSp8UWh+EGg5iGTCvFgxdkJdEMyH9RQtWpvRUfFjlnmbItbPZXa8IzN3azcYHEonB1JlpGLeKGrzB7Y6wUjwRvjJFxKnUxM8kj0ZtRGt5mOBJsFUwbZMeW2NhkdcjNiDr2XavNi8lcRL9uZM3G4gttAk7KAAIws+CssoTvNIzkSO2pZi3fW8HEEuES7U0Jd8Tgapg47Zlq+oePwl5jydndSshYF4X7ieH9e29BpDgOr2SQYQZry21rbrquKsLo+ViWsO0Jd2QmWqoke1OES8p1Sl1Ft/0mb96agjG9r9fJsoZfnWjmdV+peOLfPjQ7aDl+E1PDZ37beY3b7+++/Ll7S9/09+4efvuX//1v2Xk0++/B9770A1WTxJD9l7XL1/e9UvNb/pF5bc93+hzCd9+/5L13370jrU/NPjp7adc+NDfTuw5Ym9qs9Y07Zeg+wziB/wQvDGSXuE06P15wz4W6UlhWD9+9DDzX//1X3//9jtRb195asKdkFqsij73c9fq1/vxPlvo00ax9tOp+10+l0/J97nE2grClzdf0unDj5otet/2EtGU7wOfa2Up/LffUv/ao1BggitB5EavJzYMysag+FUa61hl/CrORtqU6ydInsCZysY46McPYwinkys0P4ikncriVWHvZMhj5XWTG4ef8NnMRZpOfe39+ppqWKr5ZaACYFR2jNw8zBsKHYja0Egw6cfGnfQq31WpowoAbebQPJtU7OsNgADGYr0K0Vl2E6lTeKOeVmUTY2SHGXccemEjiJzKFqc3U0L/OTFnqNPuuQyL1Bl/8dt+xB00nOLgDjazPDkHNBgPijPFXD+jPhEUyIyu/9PJg5/aL4/JTNy571sdePdwgjBDNWCTuFg0cd72QkymVuxlWy/G3Auf8HiryQNFqRfQsBvLNpHjA1RgGQ/MCD4dc6iWDXG+F+Qg5bBou+7r/Ea8ukDBgIQQg63Fu8kxBASD/ZCYafHR6Exhw7KFTJtgEaioaxuCCoS7VcTfspBW3OZCF5OyOpXlfjT6t9Nbw0SJKqbZMZ6JXQH84rFVAvlE6p6RyUWlZPO7OEFbNZot0+2t0sZ1oeQ21bSSZWY2iJlEuhY9v1tV5+lYXqqlMS+Bz8NFBIccEXucl+0MYIdeehnVGdVQLFUi1EGhoSOmf9QZYYtMjSdcNg2gsNfOlY4ENtZLn0VZ0qW1xSCZPuCFgCd0UXZ0ll2Zm2AyBPzZXLNuk5rROG5kkkt2r/np4n30wxHH88jNv7HesDLki0fnugxRXI+SRfRmwJnnzc2mWyVyr2GwV2gaLJGP6wjivWBpEwwYEltk52MaLD72EonZQx0hRZ2UafsM33zRFYGyNH59cj07cwX2vtawiPIRVobh3C/QzNsh4pxyUj1kuRER8eOdGHOmBbHUEzcyWFk28NAjFSvU6wOFCWvuSGjR1TWSTajGKIszFSJ2RY9YRQMrxH2TBJ2ju/3ehNRkIjBX7BvHk0891XJjn7XI7olUiC4f6cyLTgY/+2uWheH0PJvIti8jFxr/iL4O7uKbJRloh+hL2jWKXc2PiMQ8IwOkXXDMmw0S1pkrW4xajdX7QlIAlq9Py3wXhI0zA/vnICd3Y0E12FgWrVhkdbFKFdMYQbz8tQ8ZeU72xSm3S58LpZT5wLTSom9Ad7giOPIP3bGroyoGngRSCtk3UX23JOLynkntgmvktjEyK1sVfFRwUCNQW38VMW7v/W7yx2S2GeLae+8sY9rvrNhHFsZ8eusff/WRee98ffrcunRp2mPF7H/69NU71G/ftxHtPenvn/xB7m+fP/dXttvN++QKx6IkQGMh/xT9nmShaVP6/dePf7h93gLt3wP6DeX2fhseHuXvfbS1rJhrhUXrYmfMvc9dEOJgYBb+9DxNbF+8D0u2D2wbvHT58c3/km4fCK39oFsDJuEZTyEXh+wXTmncXdGsbW3K7NypzJCh07vYH8vEa9EvoSl1ny5j5ell0dRIZS9GpPjhEpB076e+NGYFq8SlRlj1mA2PrgSB8Mj/xFqT/ICI8XpyDh+zhX0d9eRmsA+rbbYxGResFop5IiYFJ4hXAdcagM8KHgOKJE/Y4dDjJumzxm5QliYKIs0RUOet3Av2vsHXfZNgcVwcyC9GQyGR8gaKYp0OHqdPuxRXgotklztOMA0+d3kUKj9S07iuEdE8UXdV6SKZeGsETfxO9Wd6ksHsOtOVHOOnLFJN0n7AtFGxS3z31fNuH+2VJf0CCmz+JVES+pwybq1Jl2YQb6luMaxny1LupJEet1+uKNGtaWvGkgyNcQY/Fel26wvoszZv9BqNnYREsDqywlRHjvOui16G7qd+9K0qdNZJk+1RXBMB6If7Uk71Bj+t/phr81MaBTTRdgxt6cZjbpxlAoZgfBCS/OCX3BV48dOzQkIWPkoUs6F146rGLXPPUCSCwmPz4incS7ENfdI47tLfVPNsI2lhu2ZW1Bndz6YJI/44LXePyTxsyi4UwzPpiuRECsUQQ6qZZyYEN+NdT/nZOir0HVpymUO5yf1qfAwqb+izRlajfoEYpSk9wdFDRBVG5YMJKKKHSbHpnczdIV/ZFBDTm82s+J4Yq30xbZ/ShukKFXFC+wzPoDCN6XRbE3IzhMUlgcIHvCNDTKjFtp+JJaBUfS5MLJGE04v6ZhH1aaQyB1+IdKgEuw3q9gaL4CxK1YHNvFTKH6YuyLMy00PgyAR3xmfDhfBjJkVECsTG/JGuQeBEkvoRWp9w9e2VdkolruFBFmfDs3LNPr9lUmhpMm2MJ+PUkWwF+Wo1Zu1GYcnWjnwiJ7qoVR94fgpQqdjFFotMIagzOlxfertPXiuqixCrLPqdgu2lA0otyQuCqT+dLSLbPnIuWh751TMcKOFsDldYpEb+We0iHp6tQppIeRRIBeu+17aXSlqLpPNoyXC0se3AQqnvOIKb/wEUsVCqzfmzG4821PxL1Wsk+5P5u3F1J7BPupYBT7oS+0vKmWJZKgTg4d2ya9ZHksiIUDPeRN79L/+vf99dpkPF4qHV21Vf2tT1wb5vvWwwaL98//u//7u/+ePftCn06ymeUzT6tBaU3pnyl7QJtsLs7a7+UlF/b8No43SvcvoV5o/9/ovoRLONZYZb1KI2Oq2Sh6u+xbwwodt2LCC3QnJJiSo31LfNz+mmnLWgLWJ/vlH4h5l6xia3evqJqqepEBQQjCR65zoXn7rEjKwISbVseLECSV/HeiwsmnK+EGumh+laq9V4CoZcOfJ2fxrXQPBsUXcs7ESWGnM1Ee5MQU9dBgCmO4yIsJvEaU0wkXXBByvDavJ6ugNFSVLxpbVKCIYoHJfkDRMmHauPxSOaaiVfRvt1rFgQBXaCnWfjp8jcEWZxNFKTqyqI2Z5WzQRUbwWcHHfXP4wEiYX+EDikMZm4Un2AHKOW/BO2WQvjBm8K4Gvue/KblxRZioroy3wkdhT/J06orP3odw5I03QrVs4RXl4jheBGble5fTFbayeSAaTzjBW0ALwA8TGLQrwPdFRu1nV40WVJJbW/dl+ZaXPRuW9gih0L2kxLpD3YqWYVW5a1X5ItuSr5cR9utUVU6q2pQh391FHR7LZEVElnj4iWb4Rs1pJzjgMHK8ZpWFFbf01MiD1Y32tKKT7x3y0cCZ11r1T7mNY4YnJrsEmMCcdp5N4iO2SNxLVxDN6+DiwPRKwvUskuMm4Xblk3grTEdeBdFtgHvMvmKZk7TipVOYj4WOG0AC9FblySWSFbUFkY+qIB5nJQIF8ZdYCm3aSf6GYlxdGns9Xe0OSTE98PvK6qRUKv1md8GK8VxP3CoN7CvSS6wNSi6RAAb3mv6onzyW29SsQrzrDyXpIcSvb7ciCQ/Ogm6pGBPX6n8gH7jd0EcSJZ6h4Z4cS8xtCxHyVKs1XLrfMzxc709TN9UQtDImyaN9kbvzq6x2zohZpOrLlWPEYJgUC8gTj6iWztO0/mZgJ0zoOkbNA7mpaGZzFP2weKQ5L8D/XtwxDIlw2LZAvfTpNYZvMTpUqXCbWV8I9+7UQuvAcTQEeDsC6R8SubCy13ko9O9rNj4sClLpoBHBLMW7rZcWi/iEuVGuSA657QkNfUNZcP2wbAzwAAIABJREFUkd+SLK0tWmSzMSWpu+HTP5QHoGgVMfdiu6Ujo6uvvrF7Rj1bsPBGfCIPgyoXn+ydxoY+IR6WJAwumEmuOgb1GasZ6sLxgJbMVdqcnCnBmhdDMc03YIWcv5vnFOEf1a55NDQeaK47a3hvsKpvLtetZd23CBIqZZ5IM3w06CcMhIjHd6lJzxe39YwEwjskLa/aE/6v/9v/3DZNPAFa73aj6T80fPn05VN2+hxiTR8/fvz7v/27X3/77eOH3tf9bQ/SypkUe2qxp9OyBGbVBr6Pye8xTyLvCnMbxHur+v37XwvBfpfZW7Y53WMPOcoLGT/MqJ9fdxuIW9H1YLKSCMw5jySzZL+f6vsmsLfMcsNTRIDyMkbD+sv4T170tzw+a9biOf5j0ssCsfKVSW5V0oLdE8L16l7kNl4RVEuguJi3iE9gwgMAl1RdR4/MxBohI4DxVLhsXGs2lDQeya4rklZYV+VNdJIZHudwdkzsZIk/9iIyhDHIkuMQaycUzSdFWYj4MqrTRXR6mgJ65ANAn9qL1FCN2/Rnu+Gme8a09HWGjVKlYQxLn9faQKfA3DR0C03VvYbb8LyMxsK4TePA73whrgfh7Ez+EIeVmtUoLGPFxCA66+FYwsvSo2ndTKJ2cH5elzGD9LTdNbkJhm9wu+PUXsudFY1baju2Mb8G7WwQrHvONUCtprU3V0t9n0P0+2Gyfxd/XuD1Wj2o1t7eNxYzHOMxrFXHSZPsnivx5Nhlt9WhTnl1DO389L5mQ59GrsfSJukTbmomcJaUl5Lob1JA6X5/cBmNSuLJZNrE0dEGsSZfm1k3YKDZXWP3PbCLMXp79xhNxNQrnWxSscn6aKy4bm8C1IQ7k1zasQRXroC608KPHlBWVsjEnNS+HcxxckueTev1VJK/q/QxCo/LfHYgNx+NE5AR5EvmvA/UxVeK9U2nwnKBZx3gjShVELzRPoAH78IwW9OdnQIwSY6wcUd2+sqRu/VubR8pBPZT3FJRREP02eWECIvZMvYx3aQR48Rnp/I0E2/QtYOS5XqyysWuUTI+XZyUeolO9b5mu7IO9haGIn+Ygdfhi91YdSc9gw9ejya2vSe3Q+BmajEuhofbuaOY1lw8Fl6mBTnxuFqCZmbqfFx/kl25lW4ynEJE/zwXIiNfA3xJI3AD8/IO39W19KWJwPGd2CjkctekEzj9QWHKMWqMogNda8qdkF+I77639gNaTIcKAGvhoI0xDMaGwoAlvfVgCZAI6E7nmDCsahdcT3oarsT7So9G7fsQRgMTyibRMjALrDH/hEgLGqN4zlwa2DLCFjyWJnIjlQfrcMlr8hVt/LtCquHWpQ1SCN88LQphDEeaxoUfyAAXRRm2CDEFCLhjpsTv8vSswOPSJVX4QW7O5J8BNsSh5cFoPcvp5hYAmJbQJIWcB+fMUL/3WvznxMoGY/jksX61SS/I/FZbeC0GEyWtrQ3if/wPzC6aGw9+NJD9QknbrJ77+dBgcu/e/eEPv/UP9Hp8+OHjx95T7reYR7NZlkduVZ5i9BbWFhyPDL+1yvsTBvV6pnE8BCDTcif1bmDGyaJAsb+QuGcVe79sv/+SYG5cZiSfM1nB/KKItn/eIgSVPPl2iBlGOZ2EDwwJk4qxztnSpmeiSXU534VF0GHXFCmUHHPhL1Em56CQuQWU5DhYGOed6GZpcAnWj7CICxa0BjZDaGlNmn0LjayBG4Gnn/5JIavbzndDdjzSt5zQ03DsalQo2nkyX2pgaZ/azNVrTSgwqARnoArXa6RQ4c6rcqUqQh1jUXdfa6gOJfKnssZOD4EFayGArDbPXPvaqQtqmjp2fXqvMfN66mfjlFSvXTNMPZLlyKosd2by9PS/cKYEHiyjdawvgIY4yXpIj9mGhUoalsq+NuRXrHZBqV02TjCIrlhgl9bqTlc63FmyhC4CJ80xhjq67W2EXpgbU68avfoy8/xtm0pNtVp6Tr8/lz37GS0/Ugjqte00Q7MlSAYNl37Q45H83EiYzhQ1y0pToxnvBn8K5u9m43ln5qTgHp1Gt8XLBdFb1/ASnbHmQsgQ+B7Klrz5XyWzQ5kLNzczzTCKaViRqTrUGRakLbWPQxwx4RDQm3o9LFYeZe5nrF440CEpa1JlY27OA3c5MuNQQJKJSjKMDLe2YQ0lo2RGK75Ygx0wcHyO5GRsyoKCXscZOlmEqDntK2TYZF1WLIIWFrULVIUT4k3IV0E0mQH3QrmceAGEH3gctzSSuchXClYksKvofA7X+tQOsL4KMzQ5JS2OLje82g4rSfb76hgtb5UnzlAJkaRpaFiXho/U0UzIW4Tiig6MnvCx1tciyf+1a1syP5GigNLw3CBmKKkNtzPDzWJENp7J7l5FxWHwzfG2NAnOpBbC4j+tZUJY/iLHoYnagyDQHVzjeqa3oDDsqGF2DsOUqtpP1vaVhruhUPK/ozTc1cSrsHjpXuudDsIDUVCkO/EkpFWF4mI3H3BvEBJdtBLf9WB2E53xIxfO5IxjYAtRDRwIZ6NUYcPxsEtmBzdobJlbZNcwRkw++Acbg5F8el04LmU7blhN6Eoyqa7ob0EZmeFpDbS7IdX6O4N5gturspoM9yWXTnJG6YLFDBvHfwWjNxrJnd29JMa2b0vwbNa3cReHZivTUJfqRlkT0d3Ua56AK62TrHsDltR2hyBonZtt1+g/jumb2kISiHrqsDYaW7bmePj1WeA2JRNrg/g/356Z7BIOgx8/Pn3+9Oc//znJ3Xy+tzX8+7/7u986fv1DzxEtl1vXsYuZ12I/+kyhIcn88i03s/xs2hK3d+pG9c1HpfpD2ZV8WMTH4dvAeX+6Z7M2c/4FEyqLS4SR9WQxmvkmDJ5JXPyf+BqkDHOs8C64PUT59vXzYmDURizr+xwAGbx3GS0zZKb2R7madbiHJpUIPt0aHJL9rk8aPMo3Etz36IZqupt+9IzJ2rTX0ZfWvrbRTONlbv3GYYWYnB7zWriJvCBQX2YY4EJ+TAlt31JTcpUfsEfcLBraYJymkfb8foja+NiKN/MmjW6Stg5jGiaQDfRJisuRPHszS4CGAFhodgBSRA3DCwYBxBeXeXnStRUlGKb5taVekfsjsdVn64gO8C+5kme2gZ5FEoE1ypoyqja4LdG1jdoCS6W+QpGhGRzunTZmwPR1Osl5iXJV7X3x29CodhQljcm7ndtRS/m6jhHzFqodedhV6O9eQIrd2vpJfW8mm02m6m0Q7RDtFLd99NBDVFNrT3glVlMGcuigBrdJxtxjlbK+rXg16qnhLs4L7j0RzMem8dwj8dr5pWrB5F9+r73z3kSGNUbDnAJBW7wF88ykB8JIKzhjDor+88fYgi+utdUjn3pbHDy3RLeC6rA0VWDpsFEDpS72k5y0jgkfxHMXrZ87z0GzkXAeSfvcof0UkL2GeWIo7vVhdfOlAyyGc7r6olRL1hHI9mUPqTMMKSkiLY673qkGv06wy8EJJ71r21lUWrsNi/Z4i+0JzObyg1KtHNWr+/jayKx9DtflrclFTdomubR33UDVCAnwFG+lrnvzJxEwYbesT/01GthVHmIlmzF8Yl6WuqVw0u1hwNaH2RjcqBOeunlSYV/1AE76ib5yXR1B/ISdD8y5xzlGUXbNTEz36rHod4cKiYWQXsi1sl0V4QvAYkxxaTZK67Yr6CBPa5VIHimv3DsWqi1PapMDQP/01nwY2uXHhatRkD5qyBWDzLkVkpngDJVDWgTCuahi8sTsWXGYYwck3UkbUv1qTJV8D8YkJqfUcru4X0gAN4qRSXj2tO/rZ7Jehncei2I5jiZAn/MTVEzOixUB1eir/oIvOR6xelBHpGxbYVKdThLWxmbaoT6zhrm0pIMxxrmMyM/JqYKsuhm+kVyoRzqT9/0k5/IgFXCdyxwoo8NL3tyUQosI9THo+njGtN/vqgMQERNn5SN1U2V87QiS8XUAWRbzMwnBISpwxn4saPjuzaGekAnM/hJ6f4Ym6T6ebAPZjqxfIPn6ubeYe+v210wVQejtfno3qUq/3NqHFHuxYqfeP1N50//W246wMPZB+d/+9N//2+fPv2eoB4Nfk/U7K61EPhj+/sPHr5/+1JtiP/o94c89O/zQ34/K2pvf//Tbm98ikZUPv/72sV+GiZDbRQ3+HFS8eDSfPTr8+KEPOn5505/y/vDrjz8Uy1I7Q/sg4pcvX9w02wePaqMb2GaaQu6/ffstPpabQvCld8V/8Y+nE09NOvQUtOHzwdf7KEp/tKffAvCXvr/7Byv9nsri5ZHrRojSHp16PyFTAZ6lObC25UNpYLSjUvcmm8kT9XlaZz2F06pj/Zl4A3ijiuGGU37dcKunYnh8IuEy63ZU1Tgam1pjuRSUYVJTJq8/0wyWqka4xlBuAdYq3JgM4xbMWvtd3PP6nGHW61LylAzRnJOjD6MRRzZtctVNKwWu4uojixO4qoDUSB73R3oaIz6QJKLdwXrqGxQGxOJopAvQoSErnl5nHXlybAh7i/UGyyuX2dVcksM8SqmQlDjU+r02nhNOU6CM6CKLdRJzjoNnSEnTrVMwxmlXNurFZ45fQFfP7K6iPHczBjGjrbs7ezvXce9m1dgH8I0vDuIqO1LGzQdlGsHR5SiLwhCxMR6BSrKq/cZrzc+OKcjTUmV9+/VDDwoBhJcI13Dtx5emrs9jRcFPNVbPlVt8A8D/KSK9thdQXfpTHgAiIs1sHdFZ3M6opREeSBIFfMGPhQW+MztcSO5GeW0MVpih2W9tvGxMSLqcRXqPgy41boqdGvfnOWH4nVDFQl9HSRfC2QrXeJfcnoQJSX331ySyZ4BrPkAKia7hoV1ZwyIgxESN2ESzz+Fevr9cQj8RwdLcOfLLkQFbWlu+sjKZg8u2/HdrpzuHsjJiNQLiEsusikeExKBIn3e6atvJ0Ossoajip1d8giHEhCJ7hJaBXnETRoFgneCmQV1y005CaONl3Gpz6Ua2l+BWj834J44J+4WCDKQT2z7vJJEOdVzY56OByEp3MJizbX+Vmq/uFV1ae1IdrbmVJK9vT5TZhn0tyfKC4DhfLIdPfnYLzHwfmgWpG9r6YCzqYoiXBORo8u7ZQmoM1reRiFcoWWo0EociKvDndJJuc0OZl51KAriDxjw9kaCSTV5XwE3ULCv7hEEi/csMrbsZEa2TbIHqwCqE5KOEe61GNfEyzwfGGM3bi3MaPI2Jv5dMERNoToM7VSlVJ4+ClC795PaUtZoFqIiSlzYdGc+FhUS6PcCGHsExrbNy4MKKYoBsJ7NBJRjhcTGl9XUaeKelLeBtkOqZqCDWRpjVrYnxSysai6SyzwIlp30kLBiLk8UCAb1BhFQVRaRg4r7uBEIk02i2cdp8u2A/mkXNarQtWUJDns81TmRev/uP//Af98bmHKgdk+IEtXeqfv/8aQ71XO/tH//wxz592P/b6zFifyNbTAR4t6ONZXuOjtY5mytr4pc+5ZPhHmb4bysd8mAfFvz2rTeQe2qIP+H+eqLE2FLm//FFon1WSVNYuOqtau4Po7QRn430CK/1CZ3oeWPCTIpPthM0STceN8TL/ohFKKhqz5AI5+xcYPFFcEfT8tIpkdfwGJ3F3IumkIKzmvgav5GHAaUz1nQ0oJnO8Scoy40MzFf7RHcfmzYCk4B+MHPrhZ4QT4NpbCI5wsxqJLS+G/6RkZrYsLnCgrSKHlZOp+4wrIOHVE8T0mKwnnKywqZE1zofqe0h8nQRWdtjKesc2OzK8Aq6ztyuc3bMqrp5ynwmxA5W1rvUTrIse5prTOsIDPLxxGx5TZmtHnBqItn5cEaUM9N0zuciOUOGnWS5VZxP7axXplD3C2saMzckWlunniWlKv4PzYi0jrDtOGM5y/kYPoMnjR+NJMyE/KTIj54M9sC8KXMfDPH00J/L9tnE8Er1TMH36oGFAkl3cyArQpkdnZ3R6hR0OT+Olsl1e3Z/knct7anCRFQlkSpqJCfPhVUrPP9TqyrF6bSCkCOKl+I6Bd6zMFm0Xom1t6FvhWCFxAI0C1PNHyrr4m1Cxw6bwnBsj8964BhlO4k7zoOpwmUuDhsN4NAvRqcHICvu2ZLDraom7I+6ZsfcgrofIiNmFeTz1hVydQi+cXkoh7xjvfVtnMZqRqY/OB/LLmkbvWSyv1hSjXVNQSN1HqG8HGOs4oLT9XxLdaGisyPMuhjnCmujv1YqDjJ5uYViPtQw0evlW90BJHcMG/OA5OfsThhWeSu/kzU0WYK7L/qzdGa0dxAtDOmfg1k/xHpXZLKD2P3M8gnXti74I9bN5NlWJAxTcBhoykBxrzI6MFICKxgvlIoXoukkudtzDu7IguyD2JdxX6Cv4FVUrWtJKIUoOQtBThqe6gzuIQSMfQ8sDSrJklnfxWHhQXHOVOhNOzGrtJCDIHnBTPHoDSaZO1x5oDuBvKCracnDEbWW4g5oUDsudgtXO5g2TNkFuhHp1YsGouAht5HQgEtXseqiu+3fFrQBkqXWlxvDAzEV7TYxTFMPyvZglOA83+tjeONBXIjP7qAFW7+j8kZM+JtfMGhW4PSUiTZyFxdmLRVsYTck89EQqDcxVk4VwgTpgBIy8J3H4QowtAVSpNH2OqsxneSNef2tGZsxL/G560WM5eAhGzEIx+pMimFA59p6vKbxv5jLFXu7bb+y3G+TfPv+ZQ8W23p+6WOB/U/intDF+CQ357kilDaFGZJb9xZzm9Usvfv+y9evH3/redvfcrm06I/3diOo0NazCfPdO9L9pcN+CaaekqYHeGL5pn+w8vWLN5zfvPv86U/B96lHfxhxfzWCT+/8DcMCOJfdTvL73feeQf7SZvjXjx/d9n58/ZveB18I3vz59y/+I4xYWzoltuAUq2K24XTDby/bUPSvYNqV9t8ovJb86Vv7zMLWHndOx7FPZ9rBXkCF4V3PEvNTiEeII63V3tEuPXr96r09Q/us0kuo7Pu37BuynuXs2VsWNnISK3wWL/tllOltDm6Yk+NLtYKICXe2N9/m4Qa6DkGAJBciCEYlpJSUxRTfwJ+PgKNae96EWKscXdNSXe6uqjN2yfoJQMfspTPF02LC2w4F45GjohXjsMJecqaNUw2AwiCEo+UYNMm+62jIvKTgit3R4pz0Ogk8BxzxdZghUB7s2Zlh816fJGni7LVKQmkVUsPJMEuoGgV3wKumNYf13s1JVvVakNDjLetyL8F6xJ0ShLSQ22WOjh/DtdXB+2oLCPZGz3PNYksTYt0TTxJRsew7CRurnvvJ/AIVbb8y30ia54uYZa4WnMiHuc1FzWqgAtmBZC35IJm72i8eN2e+7VaBykiLRXTUnLsUMOsmSN+htBaAHOfzl2NPqjEYfdZzsVCNABctqUFcDEWiPNjfr+H6hqrrXneuU5SaV95rfly6ATPjjRRyeMiycVngF8nIsGXEMsKBzrOcINo3HppF8bqIhtzERr22fb+odCX4uAOCOGo1Rqlorli7PKwvxzNQ+psplPs+g0++mDfm+5NQC6BHnYuQUQ8huOPrlqSlwVsG7bHLPAPuK+zHhqVC8dkf4eVIM15N5ht4+bB7zXypmy+ptkIv5kW1pd6GYffgoSfSkMQjo2515gmJS6oKlZgQxSTTMXdKngM/VlXFx0gxOTaSxzQRRFfW6swFz56uy7CMe736fA/BkFGAlZYy2Q3PRd5LuJTqESyiQT0K5gzWvhVQz/AQmB4dyoZjmElUvhs9OB/S8jZUERkVzyyMY2BGIVdBG1jLijVqAcDgImNckzYySdpHcSwTyauIMlZdzd5AEnZ2K+z2t9UgZG2+Fw6l2c40j/de4jlNMzq8iACOmJRxC0MnhiI0P1nNRDpwEmzgxkoL9+rq2zof0qN4lNL35qabBwPcYYdd0gwvYMqYwwZHWg2vJJ4O73ZWFswQiuPELRiZqEp5ejXUmAwLOpMspTfPaovBuVOXWqxYM9BSepar05zwy0DjPEbgM1B/35WERjKnLwix4F+NTuDq6aigK+N11dy1cRODs5mtqC5EmhBIQT/GaT7Rq92NJMD9nbVin9RQ07nBohr8u//0D//bLOigUG9x2q8B+xTft2/9sZvc/vXXX//27/6231PpT2T3FNHvLabGDSkYq9NfHvcnsr8G004rQO297dovNTfOHW2/gitVe3O5jdX+YJsP1Pu/zO5p/Ou/s8DmDJaMuVlUNYEERw+B3TGS9ULbu1wr3uKXzGAy5zHiAipEFBvIxjthBVE/tNharqSj3LkQs7ZRmi909lUje0uo9LGajZWMvS8h3mS8Cglt1PSudVlS63VMYEVGD9Gln/REpANNR/q0x1+3NLi+ehIZAnmGxlCuPJL11q8BnyHVVbdUoaOzU91U9j2kk53MQlIvSWdAu3R2LD2AA3bSOdef/slPl/RLP7nNELCNcELRQO7iOt1HtuGy0ODJBM7LkK7NnFwBPl3GE8ZG6aguRyg51nTdyl5fmItd0oNB7JYengHsGDWdIU8Ol0NhC6vJJZDUUGCsEWGKzLgydTCPysH/jJ3WnLrbDStnyarloxT7tWVP/kv5krdpaF5968Md1e5ocrcynHFg47q43nJcn6gtUAt9awdp3lVAM+4X2M26Jp6+qRHcM0Zyj5IQUDht+kbISpCaWosHdU9ZRKNmMQ9H5w4rzOJGs1YJ1HV7Dlb6NtB1ni1Bq99iSD9d4YXQFZMWngcD3IspNRqbsMueZSp66wHgCMbqUfO+NmoHnyC3it7R/amRxb2qTwETwZryiGGF0+O6AB+ly7nhZ9o34yCMzOSOhNwMsMYJTNut5oylyOeqi15F8TXEHSMOvIOjz52Vxtm8rildzuPD4MDD3DRh4wnxglYAzkrqyRIH6Jhu8MTnuMajvtJt8taZndB4NXuJzX/yzHVkRBNvzoyuBXA0i9EluNd5xESP3qBw6TDgB7KYEFFNzlARfcXqELK0YG+HIU8yMbFnAIZ9jI/2UcSPWMfWqSw8WpxYNNapne0xwOPGAo2fTApKKIAIDycSiTbRU9QRRU2TcP5pmxH8uyQBf8ysPLq0IrPBWSyRm7UBjlZhbQYsnRKmMyHmHumJWac0dGCse03QLUmMx2Cb0itW5YHAdMC+4F8QTjqZUGSFlOPCfD0+aZ32bgrQX14dx4MMmiIzuDlAVbwwaTzu4oAIxx65DU9l8gtz7vBIVfzFcbLwLzx6iewgyc1ycv1nSqXSnKqZgAuCtJpnXQ0rMU17bZG5kJP+OfRUehZgVhJsUa3hDl393EyAO2sENpI8xJJmY0Knrnf/6T/9r3uLp/99Ur/1od6Odoefv/TV5s22+r3/WvL+42+//aGt4sdf+9d5udIwgwzGwzse+kXkVnwG68Stt5f7r8vR6e/m9BfamPVSpudtCafUm9Ufu731acEG2qO4PghSe59IMADOgW16u/Im5M4VUZUbM0aoypzaWJSQXrpqS7A9Yi8Qtg2/KNUs2DBetxJBCWAeRe8JluFAFhH2rbwX5BFmF4jKIpAiYMj2mtEbLUSTAiE5QlALb4bGZs4ZeLm+yI7P+TvIiTPHWkTDGApKV6rKAus6WTh5RW2Z0xwd/adHsLTaNBD2BebEyRTgv5rQtTQNDl2sBjy/qu05S50pZBeEydB3WgNajcqT2TrPDVqjFOTB6pt+6jzUyr1wURRF/QalYICUKM/gn6enMjFaDiqmQaAGquugX7d81UcsCdjTOS4ny5uaLU8I9bMgNHC1xgp0euKmRKirjoqw6V8rsaUt4RmrHb9nZJTIkx6o0ipOMpJSD1E72rV4udP+8Gunpq3f0/IP1a2VBcdLoegVSeGcEfz6Nt5oDepKOaerFl+ldv8z6KpZlP911to1AhMT+V4TNnORrqcdH4T6iXXqR4dCPfUZkntdDqvKnOk8v/Z6PWc1vnhEdZGsrpnO89LxojFk4HIKeiK8O9NDaexPUX7KGx6SjM5o11ZDWrWBuUPLMSSr/VBqIxOP/KLSIbbcnIJQE7hzfYLxHLHbMxhTLqVO8mCmngyxbZTR7OW5b9lAKNB69/pWzfdjX2IUllecJz8MlNzbB7fzi8pywBjEvuGTKPmQkhyDveL0jj+ZeWqVN8KclpSeRNU1rwsCND5ZCcvA0LgJbj9EY6UhAa6VNnT7yhChSqknF+++IyafxGFmZ0CN5FQCk4LHax9YH1mmiEEVUPYCbnkcWm5mpCYjhx2x1fILHKNjGGGWRxtkapWH6323Jtj4a2KOeopnfsm/+yb8CbKp/4SeVuaM00aeYF5nt8Ze+wG+Q+mhZ7TQPYsoXzh4TSyQkhS8SjhbFqpwp0NM+l5h/l+pkOtvHOPI/4QYuuvgzJrzfhECKDzuO7hpPGBSx2OxRpXIXFF+hZTzrHda9q0vMbcXcSqPRmHDwp+mQRT24kaioIq0+1TbicOv+hgHbwgGuzJIFg0r0Bvm+kekp+6Piw1ViOdfvcuB1VvqXmOeETK9zTImQW5TFVSjx+WLAA8knMAmvnYqC5qwZkpqUmF9246pXjiJXAIrrKxpgc2RvjfPL8CBgQZurPolk5mkMD4FaxQgBkZYQ+c37/5zn0E0jXFpX9atpYcO7YL6L8xfv3h2+Kn/jvL1a7/F/Hd/+3d/0yPE337br2iIZTcDfsTYdsbSF4xV4L2/0Kapo39BB7B/V2KkeqjRYHQbiXIP/TzZhmJQeW+I3tf1VDXtgcmkcy2qyPebzkahVsFlY75wj+ca8zWCjJiynqlEqa9hMCQiS06VV2RSifJiiIMQdSrqfeXqJBXqGucYEHlw2FuEcxXTZHLFlUtV0Dw/j2Wtz5dL39lJfNxUxza9o9j5ytxVyc/tIxeHwC2f1NblTGz2DhETjZeyBBe+EzuQJRGZcxBelArFPJ7GLERSrEhuHq7xpBZ9dirM/oHNw41yrwceokNPlKTY3adXRGzExkFfCYP7AAAgAElEQVS3tQyNiYbZ944F2zjVL25rNHCAb051MTx41qb0iBW5i8q5OnBmGn3L6LZQpYxZOq2ZoZx8v9m0RuOOO2vPoFh3stMwL/e2DMEm+mL4MAixNIErPVA8OITn0s6QFdwbolPX9c0Knjysy8Rdlntm2JTz9FDd2iccHeZATEzXrtL2wHPgEnz3jGjEA+f4MOyTwMs4t06NcXkmouZ9WQ3MTY4HloKTywILr2JCQ2/Crpncfi/ACrCR2baSdCBZT2E8dIMCyQNQk6olueH6+MqSIFPtj042fRRnd1EepxqsGWfSaPGIDSP9E5AlJDrTZ1EUXdLtENaDJrrNwalcVojBT/EivxQ4PozQvm4Zm/BG3eJT64AFctUI8qLGc9xOqbbTnzSiBDoQ5SqS8oUkb2eZlO+JdrmrLkP9kGKzAG/aTT71wV98ahKLdFPhIsMZuhhWoK67PiwbjHic4cKpZy8kC52hWnYvb8aL+o30K0I1XGi6BKcChCHAtgFJhL8TLgYFLVmSEK15V4vONaZVOwFmnQmJGRNl2GIHxGyRigyIS20pD5CPB9Bl9w5zlI1AOtY312copTG/vpE5qU2/0aLzWBCfh1j++KpzabQIHFWGnrHjXUVB6caxyDtFsQWtvp1umMQImZpGIJv72IBKRxiM9RNWhapztwJ6+z4+JIUrQXr9XDArjchGSninT9uoEcu1F1VKxnC5lGBXJuZvwi1jSXZEuPzfaDPD6rAqLIOrHr2we3kZrb3mAt9oene34rzWOTt4nrURjhinw7n4ACw1WaoL0PxVgE6KF1WruX1VfET3wmmck/bqcabkdgvFdLLY4hx1SIvJGXaOxuVaXTOLdmUJYcr4Qlyv4aZyHlTgI8QHc3pQBvR8hIHatDa+E73uBA1N+ky+6T8qz9VszIc50KkFNh7v2hf22yR9aLCjG0/3nZyxE3dLcu8UMobCkyg9y6jcaH34+GGvjT0pRLxnlf1KSh+s+fH982e/Wtykq9zHHWPTnz/89eNvbmr9JbfP7R5/+ZKRB/zdF0z6XRmG3vnvx/0Hun6RRRYdlZg3iLKrf+di0/m+EfjQO9ofsvfLt4/9Z4n9WvSbPxUUr78KbpvUKsLdpyCnnFfNI6nYyW9FtGZ36V+yWI2NIacF72Zpv9Dch5/2G0Kslw/zFcabvEo4+O7N79seF7z7BZyiFq6PlkIvlCxZ4qBmos/uPK4YDYMcrUr5asCyvLmC5277jZJh7CL4fiJqQMObktRtUbEfSGkXw1ZhQjUuj4rpkQiLnUI0dX+6ogK4JmfNzVqRqLGvQ5n4gkTPGEsQ9xcfa80dUUALNv/YpJvleWWPExsr6wAszRoy0YDb55EzKufn2U8fq10YPDLZa7bUGkaNMo8D0yX7gCFT52EQqW5Gn6N+YXCNNzdw27CPVB27E5yy8yyYFh2Tm5HHACu84QLJOSnWhG8C8bycmFhEDxJYR2KsRi93uFT5tuSBIRboMqF8ulclTZae4n/xVwS6tCjeB38XDzpPYmVRji40IjVm+Zs98ZOlhbRcWWSLWyORvWjk4ryUDnnXyoAb7zp3iX/9M9VJCPV6GUi8waSdFydEnOyCQJnhrcIcBXNX8GLZjz+9wIi4BHIhDcLHhnf/xtPNddfNM7pno/CASqnxRkJuoPgkNuMzNVtJv4wyAxd3aDoWJc0beyeUkZxzNdfp3nUdU3ViEtCTMrH2tJXWwGtWhbOwjF06maQViwo+4jw3TVUpsK68Wa5CYOSJgqzhIEKLS/ixHxJJpfm9eJ/t3YuPxdYPo8TMrP8MuyEQl60phviGNcAKkamnzyMmI9/6ww9bt9TwwDJlzA6w0Pqa50DPlkvsCmQajoeD4OhYc6dKPx2xmusfBBXcCE5YJDJ0IcgFKUy2AyGD5tf8Z+fu9JjIGG1aMmZtfKmJayiaUUraHaQ6uMzk7grmG9OjofWiN9mAjXFxkxjcYmccWW45rdZgmxBWjgpJnQF6fNjay2rAMxzDxiECRwt/Ti7FTr2cMAQbqcxGaNbFNh5GaUqZfyhtxOMaIkt3kBaZs2tmWj8WkgSyL/XAb+dNWLVQcIbFqrVmCjJtEgvJOdlNTOfdv5c71ZIwvR4eFC7oNIGJAyTtTqh7OpEvl017HtTtOHYl6EVeEANNGu9owNkim3MdE24d00UoZJGADiEJE9Pf3lp/BMS8MyMKwXdMNwPJp4YwlDC2nJBz8Hn+jf68A5W60470J2z/cg3s8jvoNUyXioJx1No5Nv3zZEUEiQM2aR0i9Mu7//xP/7tHJnEsdkc0Cf+v68vnT597DPGlDd3Xbz1c7JdF3n9sx/jhfX8ou7gXDVlrjLE9KkyI4k8rC1r/OGj5scFULCP7yOH7dnAdNH0Y8f27PV9skyRMgXfyvRFKJRdaSWPCpXqdsiu+laVV9YjN5MJ/A2JTS7z9V0JgJEPV11CVkoFgRfAiU/AmkuQGbPlSt6NhNupLH9HtO2KaPIXF3GAQ0FcRs7FKRaDEuiNHb63JZIapSLtq1z0T+K5DV9+GPtHaVB0rEgmj5KxZO19ehqqicg56ay2p0SuiPN9BMRGyExeK0Z+ZebCAKYEjOfkQVh77y7WKFpzNhEQnOyWZOKI9qx7/S0YBmemAxX3lIikqPELJuLi9cd5GucvaR+/IXAx0ZOwlgAkOD2HzdAG6IMHtSD+Jua62KrNwxYuMwJOM0mxP2so3dtaNbCRhTBcTKP3EvxXJqF2oNS/WwHwNdCFQfawBZY5AI3QX5zndWd+IQo5Sjwv91rL/olK7jxGvxZvNJwjExzumRdO34FpkJQLaVTdGNcWoMC7i7e9SlU61WHOfLKczwdb9dUW+v2M6IcOY8k0LmsDktowLHqC3ZmpJ4zpdHosSYujGva/JC0myHYvHg1pb/h9C4ZM2kztbzG3Q1yiWqZ95Bcji4jB9BWD4Z5BE0KhYCuoTrCqKmioFOZ3TuDCDoNv1ArEALjEnwMZIDFn5cfgZ4tlLgNjkgE9KrQI91lXXFbmlw4aP4afB5JRUcmSBOYJDrW1bg4XgKI1WznGqWCw0uelFeDfJgPZK4bmHCBZTAeP5xG6kjJDACehxlKJDJ3rbKUursTwJ1uKzoZ4S7Nosk+IwXwVe9hFYP7vr2ULticzFhkT4E/2LBSRNAIRZen2NOzGZtBEbLxZkzLZbs0l/KUqUltguWCnvwFBAqvh5nY7VWh5VNEBNxDISDp82QTFbDFllRwD0vvBqXhT0NZF2LFIzfQGiUYm7jx4rVqjz0cIE5dV9VvJmQ0fXQPNzQ0/wKOR0rbBXr1vUrdgUtJkaoz38x0kdNz4sQt1FCWAxgOrM9eJh9G69rmSJmSQIm1pahGVxPc/txh7AwQfd4tEPr9Ck4+d8qeVuRAc+zXr40qUj6LFMBcKNDWXUFhVM4MUqYAjAB0LJa7/V6tw4/Fz99lquxqWbsLEXrnhX26jVPe3qowqB+wT7SZRZx7YSW5jJahuNAalFCIG6FhYR1Ho9deWPm6o4nAi2bRD/8X+3uGtLVgRT3JPCntP1NxC/9NMt5/37d3/84x/79GH7uv7tXmEwXn317c92uwcFgsTiFJIHhv2dwaLAad54xvG++8e96VyLMe7wXM2nl/p9abT7+75zIUH7Ll69/LA6oWtEkj2H+cEEJzsWnidqVNcM0OvZTO12GdEnM/L4YMqI2i7XbrtpCIRru88FJyeN3qm4yq7JbMjyJfn1e5I424hyctIDe+qil/hFPEWmEzrXNpzo6NiZVsHBUFLsyOcE9moVUJ23lDJoYb7GRXP8Mr+IMzr5a0XBD/mZYYi1+1lziBO+xhuSuNLKzwweJrF9NRCjhojHni+qIJmeX8ppHDKQpJdZFbA2AV+AmhLxAvzaJlDLKCy/6BOvn+gyp4yXfWb7iyE71hIJkPhsuNbSJFseq1TkSh16UsflnEJgfVtc1NgTDPqCl5IrTeWuxWAdVaX9FrPMd5ggE8H5yFODNTbwNXesqAqwesBkfJuz5qGH/O0M9zzeI/l2jZudJ5vkLON5jA/N+MwlG4D6TDJ16V7BvFpBRdW6V1v55BVb0V+lLigm7kpEJ60WO8sX3DsMS6g0at1cWNFrLYpscdX7AwpFhMqhr/c16qTHtwEas0kvXEpABsB+IVbNtPEZAhovTrGchni3+izGyeMJJGVjMKmqlbelxA3boLlI4pKXqdMACKLw+kIhdbym0xg9t8KTb982zGkxaaCNM/lxbBwXU7autCREA9maGngzNEMaLiuBENkKwnhl1ERQkq4Cjhnt5RKZogGldnnduZDRToKY6uKpfgJzOALFcKJWUa+TSNZAaNNnoRrnLNy9Mnw6xRADY5qlhmCQbsQ6bG4GrFIJf4rrJcmXVVc+gXHZqR6BsHihs2OXQc1cz00s43XlW81i0ApAikn4rr6rcOHnK4za9sZ6EtrJjRfch+84A01mQCgM291ncNNkuGpnwq/aRM/lU1o44ZALgVYV5vKR7nY8WwgNfljtvMh2ML08Ybralsbat9zV7ZsSKfwDtB9Zihp27RB1rPwUxpvJE0EEqx2Jn2OHDn79kEZ1+1gvKazhArcbJLJz7vaNfHxRWmoe23RqBSVvOm6pmeGdRCciG4vt4fLlWRvx6phDz4ZpKgHhch3Qs3F2AgfFz1P+mVJaBIjgQ3WsZn1B0bcVIKoeXQ7Bi7GLc72GqaQXA051FsQEapx8rY+7XfcRVSzOvYFXq0UuuENoykyyjWG+XwzMvMPWLQOn1QbxP7Fo7W5UzPNI3l9T+/zpU7870lE10I+/ftg/2Wsj90HQTecuXLfrUoj2Y4U3NfAoy17GVeuu1XXTvqxt/+lXm+soLp4gWmw/tAHtScht5B4rQIyQIVymeZ1/6WxgUGhwamhtFvPably7rHvRc9dcvT+7EL6s5jLSNCBRZslbsoyuSpTM1ZNxk3lSMRHy24FggkEtY3Hq3WPu9kb0Vmsaauz95F9T1s0Ge+ANjtPMwrw0OhYbW4OZcBh6QSKlBTrPr/0518rTehfuReZweI07gHQuwiI9epDRYB9CQwX84veYIZHiicpCVh6cYgWJSJ/ffkpV/Lo6uN2WBnkoZ9iAJaS97BkxuSDqDY1C32JSoVLJJpFovL6Pj8XcME+jFMUANPyUGjf6rKRplHl3x3VormMuATlbUp9UbHxxOV7SSCgnnjrb/aSM9C4ajzXVDB9QZHhWy0/zK2nKrcoo+8bgIbgm5ahobEh6u6DXY/t9laaaR4jV7BXn1yxsqiLdYd6iETx3tgRc0agtRslFUVYv7zE2zTYYV5DVRyGhZElo09g8rYxfDQAXqol54Tchpy1/qnU1WK7V9lAkjNGjjIKhvAlYg+QZMQR1MLBozBYYtsXoVdo6W9Vg6+9Yr0INo7lRGf+xqX9cWyus2g5NF4PEjC8uBtRxxgT4KBobbZzDpdYC04vqFC4dFJPQp3NDcpca5DVzNRyOMSGb8sTTWGwfhFnKFiQ+HdD+hFHIsGtfvACT0rBIyhDLf2IsuP/UYnbQPAdCIMWVJ3NeHo8NPZMxobOBTk20d+EqDgkoaF7nQxiba5/l6Yxl9r3OzGqlFHVLFQoVwhYFlwCOG57GznWGQDv6XE/Nj8oif1GZapLDlUgDyyKeDMD3pb3ioV3f2T2FySCxe0cKS1Qa9AYmowY2jPmE3CHzcLkiSAL96gkYmSJ7JOZz0s8AzfEZgU0koM425fJByJnfiZFwvBN+HBbZKucmk8meKYKOA4GTZxrhb04CnQWWmimMrX8ASNwwrLFeHNDAPFwM8ownVdtOLHs2rI+/dvIjGs78oH1NeXTrJyT6wrLNkw7Vc4nJmaLPLqtL5CEuPpk21zLPH2hzJRJ8iAFOiT8nKHm8sT5Mql4IlZNn+vYY3BsgadqRgt15XYcgwPq35RCisThpblDYNx2MOq15NHm/v2QE/wnm2Nee5Cuj6tM/vJEAsZ+1CU63wVq2GL77x3/+h61uIe3b3/fr3tLvqPT08Euj8qm/c/P5k4hNooR93/Jmfe/oveMA/U6MpwgkHu/dL6tl5TEvsEuBrPX+snVvDzt0C8pu8B4jvmvr0D6kP9lxf+O6XtNZttpMB1L0/ZoL8zU1IhvOe6axwPCujyPqi49hTW8fIthSUqk86NZZ193xF7w5SGVr8oZzI8BK84EpUefgXm3EHIWqtQpHcmHk8QagFTKK9Zouxq4+wVhvfFYNcL2JEcqRDqmE9XUNM7NVn/lEOK1+Ou1nERsAAweA6SKQRIE3m7CVV5WmnGydz6aHUV2zrtt4pmCt166LdBxdfZ16pQ3Z9BnQLi0OAhvSHXXcXc01ARAF7nrlT7/blGQIC0oAp0T7r2gx8HJuGygGtf1sR90bFoNZ2fBN4sHWNXgWuEpF2Z24cpVzRON2BgRg3LEt1wZ/Zgknl8zupgaRqEgJlrTN0VUmmTvPVYznqJNZT54hc2INkDUND+wido119J2KR/V7iLjfMGuP2Ozpuyz3lnNhhdXCZUto/dongPGRDwNfgoa0ppGYe/pmq1y/9CSYQc1L68SkVi/ahG7TcliPppgZ5No6DUQIKXdhHlgdBCjG7wmfgLzpE5W1nbFRxS2fmVsdkTRoYlIhTx80eqdeV0JsMDiEqbCYldIFQEcNuK1CBSbYjV51ymRIge9oMXQB74r2BbD6BGsiD0aRWrEqK0zJZvUY1NXzqlkaVRHNfYZfyk956kInYoE4POysZcyyEEIUODe2LUIPkVp+8pxrYh2b4XhuYUMO76E6PXaF6EV/hNQQK2E2jGVWdRuOGtwOJsCDSjYUgsfnMboIzdYcqTkJTyhmJKGx6kzSoZuFW382TFvYb4EN2UrFyzMdk475cicxUd8XmawtixoD1lbewEzLGFr3WUcriSpY2dzX3Cam1zBsGEROo5guDe0e0LxGxHvA2OuaaIWhCTzORejG+sjc0AyawiRAngln9DRsL4J2wohrNgwSAL2tkCxPwc2UIC4CtcKdV8UYG8dNx+GdveReVksYRB8OJgQR2uHLZ3zq12z1u/TjBooJErAanJT4tfSXPMmyvik2e+MDRt8iKjcX47+kd9VVRppPHrDNVi1kQ58jewpW9Uwj48gtn3lTLAom5BV5wK9qefs0siGycxe76xAZxVmjxze8a+87FeObxEaiwExvvQmlWl1I665w1w0JGJ0O8d9JU5jgF/XzYVPU4zN4E+A1XSbIGge1y8shb4zG+gKm8wxSfPfP//yfp8OV5Dt3E7F76m9k7w/T9Ldu6gm0/6Cc7e67/YHrs5bRwjpsfvcdhFlTkFsQGv769qQ9j/0zln6DZtCGZ77uiUd7doTcuyD26yyYucXxpx2jvMmNUiBBn6ss+h1+l5kt/J2Y1zI3sFHMsE0OAw1U4yagnPSWnOHpq6FcSRrJZt46lWTu0oO6lc0fcBzxoH/Kud9aF7FmKEajc0YPCkhIQny2Rih6aDFHec4MdhVwel+nR7KYkKaVxMks3zIay3MHvzkrTys2+6TojKtPWzgYfYB0DnJNo3o2Eob7iClKlkc6kOOwe1UmNtUfgQf6iHK8khyTHqwMmF0/Z4ShAU5sVPXu61FRXfyCWpMB1DZ32pDPUFr5fGDnI6K7USW58Rz3ZSmjheoYQXvFoPLTOPTRr6koc6Urj/Fg3QVQ/lw0zinj5QvuThOY1+rk5+fsM9M3fhUusyeVflWjT/ocbzYS2jY+lGaXx/RtDX3u0Aza0eeJ+W1/OM+CAzaYtEaq+vYivG3qNuli3U3gVtIcqzyja6zUbXJTcollQcPebNvh4g+a7EUSGK3sLlKBXm2prC9dQYsKVhNv7F5yBfgxP+qAMptWKhBtFCpp9tJwxgYaWd5ttZ5GrZcsI7BYppCm0wgOBQlM+JV+xtfZoN72BKTuOudQ0R4g7hu1Q1tjghMjeoP109RrLL1P3b3PEcHl4fx6zBNrkB2LrzxI8vjN3NhpMwJHa6nDhwd32Dg83MecAxeJiSH2QG8MyGYUiLE5ign0PV+0/0VBUc8TYUBGg/qKa5C/tZxazZd+wZuG12o1COhn0qxGOfwHS6c3njo2IGmg/kx3tWyU7A+gHO1ge8Ol0jGFcb76sWFOLlY7EbUENowDHL/j4gWtNCzqjosAgL5mjekoGiXciekyWQ6RWsWnca1zcpOB8Lo7cemJABZ9a+vSABZFJu7HtNtkSFUQIYx8Vp5MnkOA0/E9Lw5ymZZ8c4oFImMR5dt1gdp0ZDsdr0z6pcy6hYIOg/W03rwakgxR4/1Mbj5EvaWJmxNhd07RwC339ur28TcQE31rTf2PRbFV3jrA9owZwbB2r0krtYXCiCiM/DhsDiS2+2d+HO6GKP2NLFfTGcuuF/I4KTDomAiJ08mggT+Pw55fao6E9nrjeqNWLlvtrre4JZ5IVPIN5qloq2/Vi1ctMzH0BOu6TBsSbhJpeiwkfF+zyEDR9QQUjrDNXdwO9s27f/rnfwjyXq0KfTuzHkLswUP/Rrlnh58+/e4PqvUuc+Py9pd+q9m9wewrpNESIudQ9r8sDYXlbkPmUZ/xznxHzx2PzEIdpyD6ezpuZraeANy424l2gwqhfwOxJDO4EHpxwtf+70sAfPKnc/YyjkmR6ksALR9EGdYRQNK3/5vjnfqkY9YFpcN/W7ZPBdoxxVRTjNTSibe6qnQ1HHvCQ35ZMA9Pcx5H2SsSgLruxMWV5g52Y5NYDyFwn2OdNhCMcILVuQWoEIWQxuiAqK8vsioC0K5gNNdG+exEKcmCxxFYZ/1ipXHtyRiPRG6qQGYkgeUR72jXsKvIz+wQ6IWARRO7YoFPXt9gEM1OZcqOcJi+eE6P2nGZjjbqG8IKeTBVQkzlFQN6Rink9eBY6SpEFJndngGJe4ijdT1wYNRjs5Q2bkykulekVdhYUlX2EuPRptTX7US2F6vneXpSHE4uiVGfIWNLez+CfGUXqwW+tepFYOAadiwrJ6KTCBN2hKX0fvyTy3uG6PfMeitgQZPEJo9n6Gk0lKuG1FF6mDUNBBssVvZqT+w1tUjUuP4rNrhlOT3nupTumJ7uG8Im7fJkGN5DqucwM0yjCgaXLeisEWTkFpu7WlzGaKsM2iRqYTtr+5m+oBm79l5EjpjVANDLfDaN7rH0B2ZncdaPwhUZEGgcnfxc3NE89Y23HnjXeBD+rsRlhyUuyxSWRZCMf9eBPp2iAX5jtAqzHTcvT3qGpZVA3hyc3cnAFInD7lzXxZ8alznUT1eW61eKmoQnfByA48xOhEo7rk3g3tU5XecdqUMFOoc6wUVD2zoSXPfWz0bGF7mEuso7lxvl0DLZYTKCmOh4nsLcR5edcRwM0Y6wTh8BcfeM6jk0dYBhOuhuWl21Gq9KwwyE5+49ONWhRyx8SKCODiFKirW+BVCzRFj1GSNvs9TX+Uid/EJKroA2IQXCGCjBsKWrs5KfvSKrjkU24ttRV1qJMcfNDdn1iGZQmgmSGHzQ8iEyHoLUD9G2pAoZtvZzMDXPR+D9BFH7Bofc/Bnsw4Ud6XcQXSuTTjmcsfR3jmcIjpZiNls3xFanqjXJQN4jBXPhC4o3EY5NytPUc5JdGq+U7fkWrtk/1lkSlTmbeAsgsGkOdrYqlXLzs4umPbsUKX4JXCd6TDsgHJl82S9jSShO7KxvyBo2qFTmYYUx4NqiMC13oKWBQHFcRJDouIJMMfUTeLme1GGRjyKG9SW55pQnK6q1Y3RfiXQ8wufceddbAf/4L//wBHkjAs97U/6M2v4OYv+Ooc1hn0G0aRSUHi14EPi1X1spXvHAcw5k0K8Yu23y8QmIz5l1X/jQjrLncyFY4tuQef3H9Xo3IQ8pRGi+/dvWH/1ec3pzBfiR750QI5xdf8sDHwIzyG2hUdPcd2kmgBrtCEV1AekG3/OW3suO69HtLEuf6SF24tmtdrMIiDDCXnQHfpo19n2TDdrSnHQquRLS0l8GV4BUp9XiCd0cqMnvGaA6C5OqgTdbu8KrrBsGv7ZEgFoGIKxPXWm9B5DM0z4HomqBWCvqY8IShPziAO7MXRDWQZTpYzBFtqKx7TWzk6blSOmKqTjW/KJKBE/IJw/7FAVqCE7LJrrjd5BEH8BJzoXYTWwj+lO/NuGZWfzEj+7wMHh8WqLAZbO/aMWsUePuvHgopSGLHGzk+8PgxM/urPFKbkfLAsunaiXEy+t5pCmR6bHlAdJjSvsz9tfNYlyyaXBj8EROUozR9oc1//BfVWwZTWZbxeabTwCnMMnpWvsez7rS19/cm0v13HunsbEOTbRT+Wz7J2Urebq/xm0UN2/vRWAaoSVVm791mCIMfthPdobCHxIbhRyf/W7GWNCJCSXKTK6KgDvNlIc5evI5j4zZvdiDnYOnv+hzPj8HZnAu1Q9Y/cXnTM8xGDPljLv6gvYXAnUsruZNpfCOG4JXr7SvBaQon6GnMDFkEjkuTSiZpyVnx3k3CwwYXxvAeplGkjR70TOsQvrahxPoEL8JpTlvkkeo2jQTOauybNnQDMgduZuiwI2e8lmi33IKVsvTnGV3LjZYTa+FcaS10HxGddGUJgycX6M4CVJ6HGlX2B+e2cp0tqIzJAIoD3r5cLWdOayX8AX3bIW3fh4Xx3sPfpZqAVbvGRRknvmqNSZu3QnVfH6Rtvi/rIADa9azPjRPZYbQmr/rgR7SubmBqy81d7gQsiA2bDLY90JYicnC42a2nqpLlcmw5C+UkfODjSDHS5U1apANzyOk7D7DXTKPFg3RwJdN+9IUCSU6mHZblQnuIVxncs8soBNWAPe+t6TK5mCZgVF1LTaDc5ky6ChNcELMy1UtodzUf8Vm4qRLKIJ0A84j8lQ6RzpPVsWvthbJdYHGZtJx6QsrP53Mvg3q06NlAzu1xBYNomcnHE7O2sIw+7WYC2T62d2ZoKoZI+A6+3nV4MYAACAASURBVMoJPJ9dLKLe28QVmYnx+2bm0nDx0uOAl6Mki9JgZ64SkRQ0EiH/mKzj5rLJa1TmwN5iTiLxDVoOlJ3dUPrkYY8eurX0x26+fenxYb/bcQ8oomnPl+ndc9ri7GMHRs7T5svB1vAwO2Kz9FkI7UsSft8NziPJ7kBtN/0VIgcGG/W64t2DyozWkmgdy+3dkCDxnKluNb0hTTCXO+2es+XzkahtMbNYRnlJUSBYEmn54+FKPQurGTIZVd39LDoJ+GaK5nTjYe84cjUsquklWDlBHFUxaHykVPqr1nADUFOujewe8iT0aEoGmQHmmlJF2zjCGo0Xb9g8+tHf8EuGqOHXzaKCjZZ0n0PVtDbWlMAm9uTPENY5vbNV8XXwfo6I3mPOlaUBAbNaCZ7UdkXPVCGDBtN6qXkTYY38PcDrqrNAVsYBXzArkb8Ga8WkZzyRRpC59a4DVwacfItHMLCe+fMiWq82+nm2cdlzghuTbVTRozh1WKRYi6dfgvJsfgJ3tigvrolMK8WilqCjJt6tb4+EDfpxG+ZRYIyovqK2TA7dn/Js0pkNAeqa+dIokfaG3mhud+gFXseexiefzK0cDZ6n5kfDnWxsGLI/G1vza2xua1dly+SSW1M/FhoiW1OuZIHWtUx2WunczKE2ndNLCv1HObltGmHPeAXI6Q7nWZ0RS6CzcciZJ1xVNGfkZ8tGBpwIy/N5AnBCzsuHFCrPWIWuRMJ2noFHvgVtMa7q+zmSgh/UNWxEgBkNqcvDmSQEmoOZGQachC/pKvsuBeR2R+oLD5onac3QpDrxDfxsQYJ5lMEarTNPnsLC9bov7TaAqZ7teM7dETif0N0xa/MCsWrlTgbFQ1cYtXNkaOM7/zr9DKHIJDVpqqlk0CJBv9NiosDdtWmmAbne2iwULRvnyTqt+MO6xspTDSJ8ATeOI1ahzjoWJ3jq9QpT4mNh0Mk3eKwbCNbXuWAOPgW06OVDvf2i9xk81FpOA2YorJDtupiOQT0vobTHGqzd4cidUFq3yJ6MNXy0Y5WSA7LRmDMwQ/12mcy4jo5Aap9BAM9xSoM5uS1fOslwjf4jpaU7eAYuHgvwvcp7+OubQXZ4SsUpxZ9BQFWYNY/eUdu8YDeQ8UxPOKj3U6xzEkrB6YzDY+qiPdRO6XS3DZMVZ0ls0Dvh0veOxQ325CazPupP33WRrps+53FbrYZXETJeRcZNbS7PVhPrcYB6LmxQkzST47Tkp1meLu++yao77v+dxNuIQnusMVtxUWCzngtIprWXQY2iGxGhuEJM8AmTQCx6RIcz5xafGh4M5pZDbRD/ke+PkFZ9vfP7rV9h7h/t+XOIX778fvurfPIJpz116+EB7pm2te3vXbdV83dqqGNWCGz7tn2cuQlHIMa915xEpjzwOBXE+qo2n8fD9rHAvemXZqoTtL/MFVAztLkntXbPyUyBXlgmjAWxKQxArFh5TnWHvvfkFq5ZfQUt8oKasj7H4Vx/g1AShjcdAaw/8U63l31pPHcEQ4lM9LbMD3VRmC7NsxBChbB3Hexf0Rh1RkaG0uvniKod385HZzPrCBLe3Ir02EwEo/r13bJ/6RvSobvYSZh0h01wg8UWKganxiCEFhYHVOqqfmUBU2Hq6az7qdQOEtA6OxnLfD/umXnQzX7H2mn4OzGhVGJu+rC0kFKsMfGUrnvOrh+6RXcsHuGHdj38oOXt8rVylBVox24m0PlZeFVQ00rzzHstcEXNO7YsbDSTG8U8PqMpJ30JfTAnEqtw0j5czylSTTLxJtQ+OtG+0NvKPYC3X/Qrzf2NRPKWMDtDhI5AbXzyMKKZ5K9NV81AbiJUownm2tB4drfapXUgpmM/W+H0OYYkRI7B1dQ14YKW6WoQV644O09HCMKxJJnunANUM6xOXF8FVJLagQ715HLgkhndBJbiB2pQgMzOaYnAqXf2gmN2MFXaTo3NymwVxAnzYT+kn5apcAWBmifSYp0gR9juuGa64qJJwebASEy21g3A7JLUyvhSKKQl/cbxSMGlf0KrhDRzq2Ri+Jr+IsUZmBl/Av/gzJ8xYVHiYIjoHAMx3oNDj3q2h66ntmcCzJVXi/vicuwlnP8i1f475d2CZ8dE4W3HSt0IgjvvdiaQKrUTq2J0ZntN1wxBifha5u8RrdkfHB+EvIe4+J47U3kAtbP20Fm0DtXaiMMr+C0aio+xOB/BzPrY7vjeqKeyjACL1ChuJqv40TTgqx+Byc5TIbiezjEaizDrLGfXqbGZcBtx0XHIHcJ2EnxUWzpdJr3CXLMZHRqGIsMYO+lSfGBw0JfAcAJEeo1CwWIqm6ldHdVveizc6+TAwaQqd8ClNGLWYagdehkj3I82Lx9mT8sjJk+Je/wU//YhBR3oJF5ywIa5nrpS08BYAOxUc0fvEwIm22MpYhc67yMnZpVJdBZdIeHkeeGqZ3d8xlpAOizet/CmQ3vy3Wvt7/paPJUGbRTGbsOp6I7itlt3A8O79IoYpkK3rnHmF319joSH2+mxzNscvfFdbFN590//8o9rIUzAbs8NxR/J8FH3PsD0tV9obrfU36DxKn+3F/FxFDL3jJnld0Tt6d76V3jN+aIGT7muTn1tAO6vJC7JsobA4rh3xPAe5Qa1f/RiLrmnmcYhd+ICfGKCU0tbyVIZ+IWEr/VXT7bGOn1yMSbpAUlYMKnvjumeiaMQeBRUeZTXxJrU72s6PnoG6GSKmSkHtdYszsYMz1dpprD4drLXhsYUg/mKTkeO7PKzrJrNwkzYiLozzTljXTWgDYK25CiUZ3vQXxOGMM2QxavuSWjjP9xHp/K+T4TU5qjCKp1OACzf61gRq584+ohZc6cQTILyxJ0B5YrxNJprpFBhw9R1/Z2mNrB16zFYx+akdcBzke6pPIzWcZi6+8IUEdGklfBzrQ8Rqk4PEvmO2b5RrIFg3y8wAh1zZM8hQEPpYCcoO4NKNKZYHISr7wGxMRPYw764nSenVXkZMLaQ5+JyWVahq5UNIjaDfuwSzSaVe4DoV7vGhGDfNolCk9VwstGpcyXXUdjp51vH5n7d2Zrw5jm5hGnta8vwpKT0pqRY89pT75ZZwr7uOWWWODGrv/SxY+7BjNMusJ9+3BK+waobyU2cSgtERgKeNMHNqMhmtPbRTNesq2WEKz3SNI1JocGHgyHFBeJDseJR3TX5izvXSLO8bwPhxsBKut5U0XBCQWTGN2uGga+Z3oKHdFpuN51qDyOQpL0af1w3SHpBPcfrJeki/GpM3fo7J06hllc8MV1YwmYCd2nAKtyFaM0bBqURXfRzh/X08gDL5+e4Z2sYVo+fygkVxpcxeknVMtsLg0qts5y5Y7RCkg7vRJUgCteZbiuCWiYZc9U32LP+NPGfx7wzvvmJuHhrOxegPJWaDEJWZ8ryNRJU1jcHJpyFOXFxi45ZX2Ol6QsVFHyQYDk7u3+uWvcCRYdBN5JKpqe5EJGHIjv83bhLgLqdNQdI29jVrGb+BR0WwwwS4UeNbDxaMJIWOEGiyFfcx/eMEndfq78ZnOoshyIetdcxI5rdbfrCs/Y7LwiLLmsrMLCUQFIh4cEG1cEc9A5oDLgc7poxnlO4srvewVcTRNKvOtdm2KZFr2zs4stRE5z1gtO2cXnihMG1jMv68csG4UhqQpe2bPGjyVxeJ7I8mQRv4I1qKXOWk61Jpkw5AKW0lSgc9r3SA+8uTtQ41Guv2bVjn8HUWEtjLnTpS80Td60+6YdfIvWN1tDW9+6f/+UfNSHyCHRP8exwn0L8+unr759+70PuocuqJVYX26kWv/1TE48PDYdwgxJqQ94X9vL/tRvgS2bbXLrZP74EjXa+ytJ+QcYWtPJGLyPuUEZO84VehoNaQqEuox18DqlK6zKJubZIoHVBMnSJpeT+CVh1RjUPLEVfq8naODcYTF0qGLEN6WT0T3QLe/L3nbmJzRO5PrkuLUzPzXkhq4ULDCPPA3aqdVhsqi2GetYLN96M7+dcfTzZrBnBuicIfMf4XFP1BoGTw7xLtXbleI+YJcoLgYk4KbqM8Y3fQRxjNvSn99A8cc0rbfRjnPfn3YDGbvU+VCoMT+iZ61uecu3mANqh32FEYEKIcWYIPzG86wJk0BwLWqCM7YJ32As+K3AanaTLpc4bq0TSNWIrDJfaGjXdUF1+MoNPMDtYWD8bcniZf634JJmhRmL4YYNTP3W2Xw6f/QsZzDwn3nwhrG6D2GF3mJLdYc8QbRP9/oqP845tsqdSYW56T/k1IBGPVT0e1Vdpk2HXEvRKNnbNH+8UV99EnOXNPWhBruPKKNYVvc4NoIl5w9NsVVUDMyMGwhrnEJg3vSNRzxAilXBipQcjiQS60a8JgFVFGMqhjsF3rkN0cEDu6I1ODbEaOeHrBxq5vypOxchR79BFrB9Kt8UQ1Rq0dEQthoIAyUgP8SrXnydIsQbIfOmLx1oF6hqK9lpKoeYlNAokoBeu9U577QTuUMhyskkhXBzmBfWjxMzkcTjAWIWpOuWxyMRM5hVNuI8N/1lluTFAVO7Y4AzwhGtdMOLvuUh4ebxXCvOIEMgnTiO4liQHNXsmAsuvabWexIyvbFaHUNMszLS2vjoqcbzeObMIWOXWfDopPzTMSrVQ0xLkDRjswGZtlpKbyFEuhpOt6yKYtLuY+ON0r5LNnWC503W0FS5Lz954Wfdfhyyri9QIz2hJMz5ns55kYN4IrRP6RhKBfacOgtyMpkGCk+nVZOtxwKtbiBg2YptcUptbhHaSL3d/V5WngjU7DfeGSw6fv5Y66LqPbUqiuzTFA/4JgO8A9YjqCtuvBzk4irzAcijHAqJwGEMDVpts7O/3+V/JCW5UjuY5Xu8gOreGiOy4DCzlkfe+f8r0h7kYWnkmdZ1ewPRlCRtGMhOOWCB13EYo+KAWxMU7MSYurOCsll3uTjgH2N0LPorLjdQXgTO1J5EhzMjZxi2UC854PzE3nMkxesfKo1R95oaTQL+k8s//xz/VSANcB8PdXnwEsd9S+fTpT7//ef+1K/qeDrZf+/Dh16JreTJX/AY0h3NeOu6d5nc+ZYhArhrDRFl7VsALoJZeGRvvAfW5QxwSdV/zbJD/MLpRuK/4vZYZ1STkdbsNPOBFpa1kfhTXbhJzFEF1U/d2Ggs8y75yU0qFgWK5UXJssfYEboWNgvAAfbS6aECunNPO7TDNoIt5BjVh6xbbvHDXWkSSX5g3ulyeaiyecrwEaqFdqwaFvwiwt9wBGOrIpF41xSDzK/FpobAOjh/xmkwDtTvlKouUO41PcROeaoRHBpzhHCzDc3gqLy2bH7NpouG8XLvrmGDDP0TtqJ5onAvamOvo5MZ511VoNOpSYGyHdFFkMRtZb0kqIl3THpbsm18bqOBO9Gk6wZPWR43PpI7ITUZ9VMgTuEgSelUVrSSGRttLdmxusH4qP+EIJrIJryNd/kXX+OXIIY8vmaBrLZWBz87ajNEjOaSGvqj2oYno7xHiNoZ9UsQnEf2H8wW1LGf1RmjjHLqhyIVIrDAmKptTaNWMH5aX1eQ0EqLVYXMW7uV/jEjbLfVtqhHp7CaSxrZ8A+TapmEfSd5TN9yeOTS1owtiiDOiXBDGgLg6nTKh99TwB6lu+LrMMiXeFsq1Md0XOaxbkIR+LXEMg2hClwE6hqChYirqlYCJxQFlUx5eEq1NUJB0k0BsX7jwIC63QASG67ARztzogFCdLz9h+RtnM2K95OfK8or80aUsMXE/EePI+ASmTMbq5zqCh2gFHd1zMaLLVL4TOBCluZF68YhxLbdY39LLEBE3yEIkSv2pfBi8Q2wR0VPbgHFNzKVCLvY/dLOGTc1kFl+l2gz867WsKXESLCZXV01iYllzbXBC2eTOgHGKwI6ZncGfNI4yrCGTr8/kpVvopbNBnCNBKYq2b4LnVAZq4RQ+ri61JFKV8PrRoDW8yamD1UNwgND3/zbqu5BasRnsAFn/C9LCpPl1bGh0pxhTIyosKidC07cZoN04yLE8DaqxKN71QjABtHWSixCCqlOs1VPbOm8MdgACnxwL01ibgR0UmzO/vDj0+opbEEv3tL/bKwQFyB9LWS8TPOkctmOxdr26PiCYLWBl64nQ2SNqGEn0w1wFXFnay8JRYHRHZCYyN8sn+cw+asOo3HcBGAix8ayf3bpSN2obiVCFC7MiAVp1QpVnOTYF9nmUnqWWjbk6PSqbSNOpZKRe8ahgDdhMYTSNTff5Mc4mxV/UUWuD+C//xz9GYPAu3V1kz/c2iJ97i/nL1/7TXgUPbfKhv3Hzvv+j0n9S2QvkdlFjMF8sfRua4DjeTaEvkzZKSOxzAAzdT11mSG8j/xqVbl9FcPwk3CjsTbGLcuOPeg9CvmzrKcxVxXqj2x0xJU81/M7K4i6cvBXko5HwBiBwdCRjEdp6Zm/YZs8n+4U7zrU/m1SOrbFwcXAOGJXlNzmTJMgt/ZRVdikgKCBksjBfz7HKzZCSo7j2uun5qr31h/Ck+HKAvMlyBxUaSdGbsomYU6c3D+2z48dI39dxDtKpXkXprghdA3Hd9o5dDFn+QgHYCNOKqBRTbJxta2pBLPHJzsG0H7qguKevw32EeK1jbyiXfQCpJud7DB9aaa4HmZmYxeQB4dz1WbinDApHZp9J+nDTfdK6HcxPrq5hpyGiCbLedfw5MGncBnbWgR2Rzi+lCnJjPdc64RVh/iUg2kN4nBqE092GxuDCNyX+JMkMyhWlaIB7EdUjxOfdZb+lclvGPpLYE8VibnM4P3M4GIOAZNnJnwiUnnyupbY6blKaRGTMag8X5TzBZ6uoSMUGMTol7MS/93ry3gEIOXkIhxE0IgwZyubyni7qZX3nVCwQxFjMtgL2idVqJHYgVRRq0yOuEyU+ZVqFkJaho2W1X/DWHt8BET+oGvpynCJh5bVMPIAcVhd4Q8z2yo9ql/GtZ4Lq5Cfrw57LYk/N1xYhk6LaeGr8aVHrhqoCAT2VMhrG5Ze2ERmTvJAXZ58LdHg+zSlWPdK1Ml18jP1gWlqXz+ImMl0s77kRBoiWlAzPgapFrXF6uV91RPwxI/JT0DiYC38Q7h3jPgMRgENqSbSVZQjXiMSZFmNQCGOX3nJDL4xau7AM8hmRFKqdI4SIESecs5qe5iR1jiwf62NZr8SmpuRAwJ/U0Hl2BGI9MzbZRAtNEw9Xi8FDTeNi/tgV0g1AUkjNYAilRJVMEOZUius7knpQ2cQ+dsgd6cisQDmxh3xtmyGpbsvuiqQkZUJtYw04tjVf+FIMbl5J/aV/wvpf8Gy7Ac3atPVDozvtWZsbuftXB8tkRJ7HR3IxjyHgWV6nyAe2LccYbpdLHWH3IrJ43Kbop/YmnfBuGTxilCY/etOqgeQ2fHCMHala+TrvOu15KaPzru67zhPGT8X9dxphHMoAahsSHPbrzS35wzDJ53Uu49Bq3iMtFe5Pb+P/4LzwAzou0yP38Kc5s84He9AnHqykdNM/k23j/vm//OOMScqOWW1n2C8u+/tp7Q8//f65v5gdu/6Ncqt9cn0gpr+V3Xeo0ndGuw+cl51rs4MUzI40Nq+87Yvccc3W8qtrTUbGKr/IGNNtVMn0yaTitFIKgbvlNU5+0aX/HtF95WIqfEklY7FgI7OiWg3Ha1uAai4/zI3W+Cl5+LwhYna/NJ1+Rozrqaw7f7JQsYMjlQF5m5qvPzdmAlGq2MBuHtSBJs9dT39X8EYq3wN8dphHNanhk4O2HGD0Eqg2JDIwuFBEZZR6mY5BP9akVHDZ7Xiz7l54LQKnlXU2zsLggnlY8iybQpiQaM0gzzKf8FkRgwSmdAj66uyr4errfDtHTpcrpcQ4JH1SUCo+ZvDIGbqJ9S0XsOCzlnlnWFigN6NCBGcXPDK7mFgC4QRYWDYekdxqsnHZrdpDSBqHUaEuicIAC5XrGuwaIzH0OTALj3pi2tJaQ0IJQrnqRhy35xvikYVHVsN8usXsqgWByjpILD6NIJXknw8h9mdu2hD68nsqCn2geA8WxQqvfOpR40zOd6D9x8sm+MCWsf1B0lpNJHlrp9cfn5Ks6BUsk8zX0V0a15y82Tk+f+nahtHETWmrA+o1bkZkZs8OIxG1MgMsPplyk7NRYO55TfgYzV/dJM9OVSEMfymgsWFDMNHgVtzAE9MbKCWAt8WusY5NnLp8J1NvjHAjK4KEwBow0KuwR2OtyQteM4XsyQ2wOiHR2kGByDUzVSWMjORb5qu4XuJIxeT7ycplkrezVVJ4jmzakYjbA4z8KdZVvPwvnUqLdNZLhY3DYR4O4rqi/oxIwaxJPQnBfKhyoAaySRSk5zMLreOaG2JARO6gHnpAIomsUCwcYl3jnDXjhJ6xjSOo92aiJ8SHZxIBHktWOioX+7h1XJYCWI1/LASEblteFjC5WOpii8nnqNeWjOZftZ3d+XG6o08PwmIbUAEwBNGY6jycbzM6W4sli31hYreqQwMqTq83xAaSDLGxS0gQSYh0x6gPoLZQAHXUMvbwhZSB1NaxAUhxTBeZdVwEgULQzlTXFkDI4ylWbjf34k53q1Onu91U19QZ4oYzY97cQ/yoxcvd+REiv/FBOjmeIrwxtisANEz58mAH6flEHQudKIvGkmpwNex4QkEq1KZHK0vLGr9EZJ/7mnm6ELie3xa8bqbyQP3AGH/inbK/dUpBa4V8FAkN5at9TbI17eLuUw8cLQyZNYHsu86OSYozDgMSQPA7QCQSdPYGFCCWYJeGBW0mOxWaR1OfblxachVCearTdspCxgS4+fNP/+U/MxI2HT/dTvwRtR4ifvr9909/7n/uff3yJbW2h637zf13Hz/++vFjDxOLVXHp1pPNHkaWeD0IDCnAyvnD4wLs372PL3LChoBziI1KGD/edy9qu+ABSI+L60t9ySEq7mQB9ge026FyeHuOQDKZI25cyUexZS6H7xFH8DXn48zNZCFb0M7Rkq16EnGyIQWwT2/tjxFWWTiW8RcYsR3zqoTDHsDGbQ0bc1OoLtNwEQgewTQtHHM8II+mOjDaBdEn99aV30dAYTJ8YS/BukRR5CBUTaI0hEtKmynTyUBE90QeyuuFcE44dxyoRsop3QJ6YthqOp1kD50hhKZ9fVVtQaMXCFfMXiGue9jz98Ga6kKv82Z5juByaKB3MAPnUl1xfzKAVNSI3JjQS3JVwdnuD98pEoYOP4wz5Jb7INSyPah+oXsJFsoZoeKoxjDQmLAzqJJzq8LoYTuphM48hVr6PtPOM211K161u5kK2+AEZiYeMWOwYQDA8qzeEI/V5NOSz2bSDi952iX2J6t8rBgVrxKP05Y88VK3tfPNM0erQ4mr7S7uqh7ulKc2YHVK8snWtEm4mX/z8Zl+vDJPywP6iyPwodIF0HeLlSU+mRJWg3WkqyWwgha90+xU+Uak0k+6ugU0MyvMVbKCGJgefBSTMBp91Qvdz8kI+9mEPePEyJ2FY2hYNdN1KBbIFQYml0ZhFpK9jGBp+ZTGEE5TcSvHIZwOA70xYl05M1VrWp2y4ZFVug3AAONijGdb23pJ7Ah4PALVJ+jzNxVuayxGfCUYp7k9Kcn3gIuP2XHop4EZu9jJJRYQkVzCjjujHeO20gGQpppY94tm7QaMdOvZyNTHQ3BA2ZiTiGDBpxozs6+5LTii2ZUzM3ARyzTuc+dMqZHPJOTQKswB3AY3kcFMnSeTW4ZQP1+IMTyGIeyTFHjo3jkBxX1PNuE69DH/V1SJcDg8pQT62XBNYct7UPFzAO2Pxp1bNG5dmaX1Kg3HuW9RVBILlJe9A9pphsJeF0EvH9N45EY0Oslm6JGy4ieSyizQEksMGXPkn/Ikbu29ruXA1Pi4ERD5ErAVrac5lTWH9AIL8wl0fTTZqiRR1pFl2rgZZrsDhYBmv8q+nfBLWdLmY7Vy8BUgYzkMQv0sFStKzqeLU3oKuq3IlsYoWNgsxaklOPGcOQTmaOhb/C9Jz/W1L3IhnmCXMRt5sYgGyJk5eETdQnKl7rNHwlYwMssMNxnjsT3mwmNPz5ENrnB1YNzpl3f/8i//NBtCR8qGz42ku8rnr5/6P3sV+yWVPsTU5vDeXPZGc08T/Y3cxtRHA3vEyJcwF+MKWwFNdS3Rkfjs7nSeVny2UEaGXxFyW+MGD+LSH9TpxaIXGcmUnf5qotf6fkFT0sRg4eiTjyIQlYXheaO5gI4hbvJElATCq2VEEXY3tUEsoPtBoGIGkBKtzgrZSgYAXflQK16H44oxU3JkL3cqFmV+WkyvLyk1eU87YxDvUBhXYEtyLcSC3JMtVjHe5S9aiY3TTiSqkn+geRaR7dSIjPI8qBw23mQOcCFRruA0hbkfbN9PSAaTUmSWp8kJ//QK8dQ3zcQ4viGslxF7foIL//PY3EKgb75VTIXGWB1DTDWnVXjEIcwDqhFDWbPjfHlim3y2wG2qHjSxn8IzXOeEwqnjbMBfZ7Kk60IaLyKTP7dYXhTd03SNTSVqy2BOKLvUH40OqeD755RMgsArYi+HzKVNDbMflfC7zusV4a3HQPYir3m8l3nNE5/f6E/b96KvgjeaSZR5Igaf9abEJiB6UuWO4dfx7BQn1yrViuPNBAe5HNgW8KlzBTmjwUEngsYURfbSGl0calgtnaaFAKWxtbmGSdOwD649N9dtwRhCbQfahTw6J2bdWZn1bKhQdj5u8FRrWL5OgU2jcmt28rps6UYz+lM5ajxN3c+WFKvYKIf0SAZTuEWJYGfWLwoUicn806Jza8ow+aHDhexsjK7a4eEj2rwfsuzcuHpJzb8dM/zYztyIyCmBfSIDIhs8tzalKebMTy/ZeXH8e6WOyM+uG9ETTV1cnhARu6FSMBIzeqGATHw4lTJSNpPoRwzPOTrFYAe84PUMK52a5ufFeGw5jUCroICEtwdfCNwjCXvPyXDxAqa++Ee97AJQbIBmvNNyMlHirNahuoFaGQAAIABJREFUVT9bk0k6VrX0wz6hzd29SXWfwaj50eDjxA9pSWq0GTmTLdpNtPNxM8gUGaeEVgJVv2NYo7MgidBiCG/N7ojY7ljMq1nhak2is7Fy3OjNa75UwOKhNtlHbI5HAWwi/cSu818ZilyOv7AS8315N+EnHmyIWG4+kRvDsK2oexh0RsSTawzOMO8KpHk0H2rNJoNVleJWzwyMthyT9kS6gN3Go5TolmXtBU37uDRHRnn4SMYJifsSFcRxipTKMK3Dsz8bSnYsHScL28iNXcZW1NsYLHo1hEfYcBCYqPMzFBe+uni1W/PFBa5tH/lbT7bIzNHM9qsXtl71nacpATj0s1N53vUW8z9vt1tdNBLz8LBPH37/1l+38RHEL18+/f4p7T58+PH9hw+dHB/6MCLQSLSnLBK7Jb08MGAsNrQeNbSZ9H+Ti2njeL4VAjd4gSisey4Y3YITZZ7uL0ZWD9hjjydAIr3geSLSsmsFu3T8YcFC3/EIQXdIA63ye/VoXpNA1oGpeLiXpkS0fYc2g/WgqoqqYY7p2g11QmJ7SAjXn6U1e/XoYOf5JZ7HclCmIv1LkTJ0NDRB1Cdpuxw2PqtRwcO8iav7/bUPYhwHELNh82UxHejDDD+Hto4HIgWOX4MCM6+jVv6TFb3pVn0e6J7k1ig6GGnCIZaGXsNCzUQxqlfnIbE8WDoLxYt+plLcKK1UeZO51g1HmnpvaBRn/bRpHe5xJsrgJo00k6hYzJkBdRq1tW6vV4uxilSqcLuM4bl5qrcmgIePk3aaSd0cPY81Pbznjvys6ZmxK6feFUy6ClRqI9r4jAcas3AmWOtrG/Ket28neC/0zExHMfPRkX1AA6QDVbYrsWkqWTjdFPcusJbN0CTu7WYcNqu2P2xqyMHUkntuplMwTV+imHYY/00bk33+ZCstv/o2AbaFz4x57F47VXi6E8io6Lhh5DUzsybOxGLShWbNi+LiBXpfrBijHXjMqPjpcXNayy3MVBq8TeIcfDKU5PDQqbRRSjQJ1AbuovDMf2UDt7DMUifqKdzIBTQHw9v3uA+wuPEy2QlQe9EVAoJ9r398bucDT/PBRw4DmtSDeoror4IJb2rQ/5wgPBLPzU/QycxuVzGb8RGQr74eHOp1r01o07RcUHvo6aPUodOQ7TIaDD1v9w90ang62NvqFz/T4mzS0N4ZrJr++b2x4A3y2newSfK04JLAeiKGrOmewCjMtkx2I0s4X3iQlgAz635xHq3/HIRu7Gcm8QhYEhmbFS2H9iBWAwrRKSnmgFVGJ4ZZESHMthsYF5JTEPnpkkKRUugGzpo44otGzSZTiV5n7fNgZYbBC895OBAm4p/WBhf3bAkvOjNAMXtjWOagitUTpRVBT+oCjR1n+urIHk6P4JI3QHOR8/HpUalri/ik/f2Tleb2rC04D8FzHv5ZmakD19ILwPWNMxdGYr4al4fampNriDHJ/JF1oV7rkROyjvPrXNLfN6H1dL6Q1CE4A6DCXtfTIm1w3R0M8faLx409JYOLyFC5NbAKhkMj3Z4u1bIhVjdavkT4WDB3No/I7cyKdr+k8k/G7wGrEMXuJP4QYn/spv/F/Pn339smlg6Bvnv/7rcPH/ow4od9+LzHiNnKQrOTTu81+y8sBclt5gmJF8972FA2rXEfZFxEeZVUwGNlyqToacXaDbU4usNtPPznkr3eBfiuux2XCmHBeC8wYNLtejh7r2vBuGBN9KA7mweGOt5PnCBcIDYpjHd27xBg0SaQa/u+6I48tKKwllgZAKFkxrUSMRB5ByVXu2QR22R2EOsLxY5tD69DKDrozInxVJpFQz4XCv/k97xj8qte2+ykL8o/PV2scvPCmOlNuNJpnMQXl6uhmh2imx82eXhWXdv8emRJVPdjRESuBM/0QjK/a6rHTsugsbRjRvgXbCPAIiF6xjUZP3iQWFEnUmovspW9WfzgGMeKNF4Cw2ugTm2IAHjkpsTWZCPOjnZN/dcEvIA5rmBh0LqByNCA6oVFOKkbEvVtOWZmuGRFbuTLmydwD3aK61adsRDA+1rTOTxbWdJjgL1aq3KT0dxsOveaqq9LaTYB4Q3nPiBSkxeLHd4hLMnLVc88KncyeT059JGfjjl3180zKV+Wak9wkZgCuL0nvQwerpbX15gvmulQKBce+GidmRpvOxhu5fgS62ejp5EP1FeSVCgI0YYN1adThHowtm6m+9E7xaxMZ9i8Geo1PRPQc0wM5N58p89Gg8w/I60B/oYIjfm1AZ6dWgQ9/PtmB27G62gvuECtIm+CYoBd5JMsxlfQzUDt4glyw6lU4ZlVA5xoksY7uARyokIks1c8BoCzqTZ1bILn7vJd8ezFTQyP5ywy98JkudWwJXpOggG4STDgoWCVrWmL1gtZw4AXSi/eIGPiZrBqlrWKSeHZRqFCSTgBC9gsPqCxnhHs516qyAjoYLAjMksM+U6ks2htN2bN/umCXHiUK8LBEYqR2NAAMwcuRDF9EvkFQvw1Vx5Wg2GFTT/pQq4d7YZgmDTPop1ojljjHmcezaS9IZtcDVXQNdg1LJ4Dj1uzX9v9JLiv2VUaB519LW3CqlgXen1dEHQnvD5djxRbVuAT1V4dhQ1u2i3Il9K3AiUxInjeMjvcsQGb5tyZPuxa2K2vcwwTwKIOsdp4DTKRPaS5cRorEpgY2cZbHqqPwPzYhmVAZxlq1SylweCSw2jPxLwb4CKoce9nJnXjT2WS8pb1VbojMAmwQjzWuxa+aRIKpmU6wb7zrCaZ//pae/dWOB3C9CJmlF7BmpopEgxffk54JFLbJl7O9dU5iVHxv0+CudbB38vk3cXEe7GpY/9/r0te9+ywh4mtZUG8+/DLr7/8WkR///3Np89/6nmj54rx//Ofeuf5x5u/UROub+9//Nrjx61vC1Bto9YDwhW699T95s3nr798LIbzMnO/ZcfnGj9/8Xsktfo30G5X73758CFzPdtEo+XoY8pfK/V87/PXz798vun5o1+l2e2tdKjUnnLJk9c9unjX34rLm26T39//eP/mx8c9bHH6/mvvxsWsW+trn0G/QYzC9ghFgoV39peiHfC73tZrr9ob4/jXEuEehX7v6XoT4vtXeuaMDfmH994p7xloj2b7e2+l3jbbb769805wmpkxQr15Z1BvZc/EetzXN3z7cOdelJuN4p7B6bZeLg8kyxqM+eW0dW8lXQisQuiZADKmrnZJEiZjL4yuj2rtedhi3L/WsfnpbxV1lLyLcukUJpZWiY108qlC0pOxflRf7OYvdA48E6MKf0xHhh9h1Jh8XjtOqBZKuUOOxcqBbXU3/bO6oLmqDmOMKPiKc426rKi6xoLgjtyxbUw005ax2SsAdE1b4tyxUHVtZg42xDBrLE4KOgdNtJZ7lBq4SV8qHZdk/el+Vs46kCi8kGYRN+ZJINVFWqtS7CgLvhrD8rM54/dA2oH0HgErBqGNl6tnbgyNEqFGvlTnQoh7yXZLRxQrjHeyFp9HrGvO6y5FG18YQAPxpIGKPQMde6Dci7hW0RrgCGgQpnld6enbKrQFtC7xrkuoT9MlG7FJ3BAYv8JRQEyIYXbpa+MaJQp0mnr+xhYYmSovB02WdX87rSWWgQ6czwRz65858xWhfkquQ4NurXgoXXxhh7Pp52N6hb56VorcUqf1xR71sc7iimJ5DB7fwhHYOTGAJeHiP7mRFf8nvQR/bhLeuB2ecRIiqVB0Wgbx8U1sh1jV108tIZaCBKwuRMx3HdUEMOp2Jm7JF4j5GFz5kBWjUo/v3nQKAJTaY84IikR8AnpHY55rB03MGpW5rBBS1Woy9p0H+NSwIz0Vq+u4kezYSKWrD9OJkBBW4PAUJGxh2YTZ+AawxMZyqZxqZTUxTB2JB7FA6+McHPBdTVSH+XLBbWWaTJY86cGjupDSBruIvfYA4PTV/vpKY7QXFO1Vu9cws3F3BqIjDzbnqx2xWgv0VWhYKJ8afEzc90DJ7jIpV/d6ZuTywl8siu7CIARzwTjNRvCLwuZ+XTwSitqjGTLvvC4StzlMJCulESETMPnQFnwjdqyM6sqMLyEW1XzRUZkjICJkJDoGQykX5puycD4dcMK/V9EwG6Ul41HaIuNGAH4u7BQ/QpmZV/znlNSqzPx+8gIPsJO0KdgYhdXBPyKnOxZVrT78d1ooFHpfVqJqYXFaOVotP8wxFrIkIQ3DoMufRJuHtZMMZgohtMoBXfgb/wQSHZX+DuJ/+eeZeLYT6TXJvvsl5v6BSn8Lsb2W54iZKCd6h7lfUOk5Yr+gcs8QrbY+vCoYWdgnnTy7yJZN22JxniQZwnmMez9zfrJzRkK8UpwTgkZpQfToY39tp/fI6nRjynBOe9NMAFQA3h9NLE5WO0bxgHQiyKw+u+TrQ/y2FaLC/+AWRC+z5Ag1JDuATedVKdgmDTFaChNI/rzois/zPb/0GWKf+o/QCBi0EFJmwmZgw6ht6psPUxORlGUEZGNW8nStISoFmVJt5a3eOmwbBcox/4kl4ClsYysGc9WFd2S4DsQJJ4w6sEuntqcvEies3YGp7lD2IyBKU6z/ICNfVodjQBhfXsN84fAC9oXnjA6XEdUhUq6OdocOMkj50dBVflckUpPy+jK2HRoejAEl0JfIWF7WcqYAnEnNJ186TnDIA1AixeLMzXDg4/JiQcbKlHLG9CoEioh8OnlgQBzJob3FbrKbLevTJY7nQmJNl2VQ7zPfO8w52vsCHiYeENbzbjYXevOlW7nPFje9BK2XVp1XiY7pad5vUnVe13qxtgX1KJ/KtMa4tjqdu0h2hf3e0tqqQglaSVkcYjidF79VGU8AC9fJJfbYp3Sb1PqHRHZSBjFpq33wTFSf9+teOEhIgMhZQvW+mBzeDRHkgrthGIihCTLX4lXqzsCgTMEsGZ26Z+4ZZVb5O6j1SoRFIQUb26Stb/1sG823uQsYWrVkQM94Hvx0+bwD2A+Zu/cnwkSYdN0EA6gBbmKddD52H2MwanoZZbVvJ8fFYaVO/IEiq5WXwHJ4hP02ehaa4kS55qC7bB8nLYS7WMlGdC3gOphex0QUxb5jJwKV9vx1IQBfpynosnKaBfhAtpaJ25nsItxPVFOZ1MwCRsFaXeugFrNRSk+Yi9UlIjwHyclWuBX1Mqp4hg5z3nYW4YkakI4hrJfYBFsZm3UCGzGy/cztkCK9o466hs2rjYMOfKAccNI1lKhbL+O8cSSWzmJOeHxOoapBY/TWF3jPAXaRYJaXp6t3NfPduCeDWyJGY0w2I2o5Ag9zN5gt/hc+BAyIec/CRjKR44xHPdseHKXMPxQvczPMkQwyejeA4OdAkob7L4TFM+OYYG9Q7IWfBKlpbLJYu4EKBlIEBO64aV1NT3hV5d9PM2f86aSTIa8Th4mYww5p0VasBxnjtUYNcu2puWdWm116vdxr0+PrjslRT88x3oXt2ienkfwGJm+T4iMTNgX+DuI/CbPxSxGbfY7dLzL3d7L7L8y90fzp0+9tEvocYWIfPrQ7fPfR5aPfacalWF96iaj92rYjI5KlMXsoBpCR2cF5VjtfkMe0xryOY+7mfLc1gVwUQvZVTLYWLyB+R71neFrDQ9GHYUPMuYvM7DEhQMYNGtcFehdFwnmyu70Csxc3KPcX2IUxmFESrWeaQZzo7GoGf8Mosy8aYwi4rmKUQWqqlZquG7tVJlJrj5w2/BbWtI80aVLicEs/PttNXJecGYNOyUxNfY11kl0V+kk6E61uFVBZTw2VIwkyhg8GuZoIiR8nGqcAJrHiyxuNAzH1wwIzwUr0fLM8tBq83EleGjk6/2wEfkfNulch/4zd8BrbE7rr0HeLBHkLWDtwxOMMggFHkuUM3sHN3xQgr1NQZWfJmegC1LnRMYwnJQAoaK3IBJ7UakwX0jrWUqMXdJkaALNbrbWHMRrTJb2jqzRjMQF6YF+lmhjtwQzfmg9NigbFqyc/6u0O7RabLKXfMRpUWq0AebYpwsd9a7XX84zJNYkY3mzSZk4moyNSbSsBVDKn+ZRAfYG7bDgmOR9IWTqGYW5H2tpEd26C58gua4E63QHPQkZYy9h0fUo0+UEkuuWtmERheTfsZCkF3YXkiV8ZCuLrRWoRNSD9JFx8lShVzV09iq4mY0MwVyXJwKncoSoqxkwr4aP1YKLASMcROIzROLRoHd7Reqr4gusEX3lZP7Tq+k/CFMD1QTu3ki9Qe44jekRZ2V0KvyEWmME7xfvwCHbQEYPO3A9d0SKjJdGiRG7S6wNCMSsQ5O2LpDwc+rSTqusRI3yUGWuJmFG6CAyzJurHYY1bF18NbAaxyIfKzthm5OEwwvAy5H+91O8f/EVXxmCrdsKPR0uk+YYgWLN8DQi3seNERxktSQZ2Ug8vVhKxLBERG/16lTgldd0ObrG41lislQpGJvCpRJ26nxTX3UrTKIOcN/U7qp4v0xgpTryOWlmoKsjsAV0WzbQl8/jWjDeqT0TXXn1aWTp6h9TySF645nvFs7MqLCOwWCa4MoEd4n9LjqqHKWD6ZriKYnhj7o3HYpLj/i7KWckVSxeyJO+8m35wfJ/gzG6JrbWczFKyuc+fkWedVeLp9TOZlcmJBOfMLBEjRiXX7VQLB/Z3HeZkkHX3eHKN04RcRCBQYsJVbQNxIuEaVyQ7wuAK4yE9QRW42te4pDRg2aPSPd5R52rk6gQR1HtIostZmVXVpz2ZcwtztCuNteT2ZcdQo/eQrPL8743a3vb98ObXxofg5y9+/Tn9utoie7j1azBfePjLm4+MfTDlvCFbIPeuyqimEuLHNx+/jltTorvZm185+qHI9Zd3fu99X3vXNqpV26Z+ePvr90+/f/3Sm3NferjxJTfevv384/PHDx/T7iOUuV10Uu/3ZHrIYYw2z/ncV3HIDX/k8WOuvXv7rV/P/v7xgx1PDMu1Dh+r7C9Bmp+G50d70P0LFt5F30cje92fR5t+jIhTbd++0tioRGLbjPaPDDeMLH9/V2P31u6474K1uWwC9C59rf2l+B6Se3u6akPl5YHUL8a7P+Py7Su8jUwXY2HONHTGcT9fLTwq9+6VIfaTgCFvPKLTMeGNLA994ncZ1TCkPpmco6u3cYQpRjQlpp/YSY6ABaB/wyh9BpSV0v6yMdNJLfoNECLTKZtsdmwUgI5TCj1MZz36aRgAhmbjmCdYqNa59kgMDxtiV8Gz4RgvzZwrohX7HplKDXNBNr9ojUKSG8tpspwxKh2FuvSM8O6Ga5yT1ROzRzQIXsmMQ5d6wq4ziPQUOiWegEWzWVTFtHpkfJDovAzq3DGDYNwqQNOCcpwgWQ1hGp1+wr8ahwpm4M2vcCNTRx+iIIoZOgmdSrWyZSKjkpoJzyFdxNLBdDvGedJucrxwWc9UPIC3woo8FamUNhxWky2t65OjdUaspc7agkxvAIdFjNnz23CobUM59zNoziSUh3EbbGYeQ90kuJ1VgukVO6k9BzD20A+3RZqpDZxkDS6VpT3SG2gLWEMQyg3sqJgaDRr/jPDilIwou4dtgBQfckUqlAxrG09c4+adOsMxeiZEKTa7dDtECXEsWdGbdA0SKrWLgxYUGeExxrVRvbM41LNbn+AJQOYeT+8JJslJd5oah1kKxqScwUTCX8pJVSriIFvlR4qX6RkjqcflKilUPcSbkAJIAj2BbFS9G5Xl+TgHBF9ETflEAuubQOEO0Qo51HRNMgFNgFaVcwT4VrNjoqtYn+mt0SNQMw5Bdi46jy5pTlUn1iB692xre5HI9G0a6jtPRgdAVis3/4yWkfMlZBuA3uBZA4tQks4wELS3E8J2KdarPbxywp0omQTE7Z5EEKrchXY+dDWf0AGWpm++JXiibAKMvHvM8qquOuf8o242HAQqOyog52yxqu25J9TgwxvzpdbQp+ts5OybtCZiGqRv3BpDI/EozZYlBuYRQTxh9A983s/9AmVIYApShe7LCbnZdCTI7SWlcRKE3F3XPDAJctC6XTCx3NZ+K3Ojm2LcHvdpiSviTCxUlRPqjsaQ1+mkO3aONl+P2gW2KIcxchMDV2bXaQl035Xnl5X8TZ8DG1FoRgYSrh1l+4xlhbHZIlbNYs63QpFMGt8t+8iky+xIkFSSdV0EiPS7//L//hfV2dcfTPsvn2b/0pvLHh/+7j1mcejTh22jfv3YTqW/dNMfJfROc66kRS+IPAPc1/5SzjJcrLnX2eiznIaKLO30OIZoR7WNRX8E26+8gCbecDfq5r8bOcc8YHTev+FLrVGcrDtZBxe38pnNd9SyjhmFMK8xCLAD+BXrg7CwLIhytE584xDOUms0SJ3h+HBdNocmJAMBT59vNe+EXbY4sMl/8hwYEZwOJGmuULQuTF2TcfWoFSvxeCwuNsC0fkteBz9Dvg0qw9hMZv3r2impUWAQk10neOJga/wZmWd0ooGjrhHs8miO7rXTk5CJtbF69Q93SrmU1kJ0Dg9FIDbo1g/4mJkbM1jTRbCCWLChAGvVxb/W3NV01jYqqISUvR1d+l6gKDYqT8dI0ayPu1A6/dTSNU7Wu43wgZqvxAaDJc3Vj9raOTEsZFaaUjjDP+i6VB/CgTzszLTDpyxy5CqImcnQq4evTZZevHhNtcNfv5fJ4Ec7YfKUml/WGZPGXOvavcwrFz1dbsvY5CIn7P42QY1mm0YcrQWDoSXOuNZQX4IXulpmTuvUKDNCHpOmv7tHK+GaNaa+zgr6ndtlQVLqtIEsBBoq17Nm1zTFfy0KTwQPsHHN1vo6iW0Cqjsv5tXC+Kvm1uyL+MMQuShHmNS6goj8MiMuI1zTkYV+eJrYyQFdYKevPKjqF9cNluCuffKGe1ZO+wJYm0SpDx21vpk/p5l9jo1+vQOtf9Dz5EiFt6C6r9C+0Zkr+WWHmAb8SziXNaU2y3CxdUw3FtO4WTS/7AeOkswoUNiljaIQzXTFMZCbz+gc0rpHAdEK/Uw3UBIoISeqmxw1rdW+uMLpZ+rkstfSwbDJfvaP8RPBcasDSaiRXxk7yNi7ut/VgENEJncpUF9tG42fCjhP8yJbcQEPaRmtKwEjeQHnS9UaxINbF6fUceoddraOSlIYOfXFUlM23Zo1rvV6QU6H+NN0MZJhmsR0YZHzp4mUrrsprjw6Awe3pp8DjPOjwvZfBYKgETSGem54mHnFyv0i90hsG5DM+MetazN4JB9ex09L35sLwlRlWXEa9rQ0185ixUQ7Hr5CR/QR8IisqtqDU3GhZOcWhHyoe9Zn5HG2Xg8dQCVQ95FJpIIkggqMRQOR2FbeOq+n1noM+vqrja7OR1nybIpC9HlCDQ/UvD5ua525zQnK40xyNrLyEBy2/n49QrmfToDjISnCWgjLufYlndqEGAY8C1ZCQfnq801devu53cq79xmehpddP9pbtsO82ZZMm80cagyygf+bHgJ2bVLWvIb6RLt/ndKTxR/tP/v72e8/GDYsfvz47Q8fv++Zx6dPn+Mj7N++xKE94psfH/xFnj5f9Ukwf7XIvH375eub9/3ey7ff+wwlH38Lfn9w52WR5/ZNXfjsL3H3iybvf0Thx4dMvv/+9eO3/YL09oc9vawxwXQE6c27ghP9ew5mCGv0eM80ysHXls4NO/Pfeo0Fp98s6Zljn+RMHa1YlOMFuPp3H5nMtzec6rVE4fpWW4vat9sQ++8x9pTGyxC7XiFXesG92/9eXzVW1sIxMXSGO+5FxuiwuWmJc6JeaOlq6ELUD/8G6rZoSLI3UpaF1voEDKm9vK6OGAtmy6xfLtG0rtukFeykoF8rQh4ToWZ5ttqUeEEgVWPvk/Lv8RZeYizBMRZ7gT+whJLl2nNnrs7QGHEf0XFk7qQNfrXd3W8XKRIGMTLQzIIoMTQtfODoALnl/Bww6rwoGfAh7yAcvm3uA4dJHRw8L0hp9BJ2Q2MMw+i7zOdCXRsyIakoQiXGg3PmhZTHuSFCOVEMrXeW1AiIne3cWhubvdKdCe3ZQJroPjeikBHD2wjVfyJaS4oyhzN4LagVhSLrA5pALS0U1ffalvCNO56cL0V7RF5xY+SktYZzw/IyG/xeZEcxC56s1Ki56Bz5+ZF4W1oIdYS7ZEVKnHwVkZRmfjKkJJIZUoSNapIPiZqAUNsxYtl7vbrhboCkMDcjO59OzbLuxtzUMx1AJVRENkyqO2YgXV6aPCP49DaC8tPMmJFm6UFZYIbDm1i7vObtATTQKMSEgLbHnUUi3XXE8eI9fEVh68wu98xImTsGm0qyItsGlm3WM22JZmQQhQF+ZUnIloFKxzO+iZyfYl4ftSxNvRB42Xxh1TvuSYRzn84cAqXkg0YDgmOoGGiCAdXIbk4r54vfKZw8TUKEU96UgyK9uQxQeriOyC7mcvJmQoCnaqhvPLakcnidR15NBJ1SGGII3I3bLiqZ7OsazviyVWSHoDsUq+8MBCR8hV5ssX+NMuCZfhDLIlQfxsM2zOKCkFHwRK97B7E1XmTO7cokeLGhoUNoASqhZ81URKyOM/AIxW95UkffYsZmKhqO54gNWSexXeu+QVxMyh4rRgKnSD40DVtKFIdX3vvw+FdrV022Z0tg8ecHKfiLYU50yIqZerhfwJna/WFTiF4yuEDY0s0JZoDxeyEdPz405ZFsZKiI7RjPWC3J62hsJXBdj+dgRnNjyuIkWVJmfE6Mt1bYoRwQWOFlq8RgZh6jzEwOoSpbk0F6l/WOKS8TG+Fk+kx50twYq7EgjOUpuTGITEe6sfDxuW4it7vofaU2Uz3e63YTko8IJ9+zXb9bnJq/q/H1S60+vRiZ9j/9mrKukIxsv4rMI3sm1ws//v3Wsw84/iqI7RFtUHsW8ua33/7Qc8z/k6o7W5AbWZI0zSVInpp3nK7qnve/rZNJBsn5P1E4sxoRAQfMVEVFFzOYw5dIoK9m7A1VYfz8+MNHqSvwt7e9bfJ7UJ8+ZFTkK5RAqZxKAAAgAElEQVSfvfY9o3c56nhrRDdyOdm2OihuLi959rkPEr/1qeb2X372I7XtWyTLTJneoksUo5tuj120/LeY4sT9eJYda8Td8qNlUiqPvYjZNFpWA+/kZy8gt3UJ//Tlw6du91hpM1BRWRb674U+2SaszVWg1aN3oopXexPuambDw1vQ2optzWZaMXXnR6yptDVpKhEdUNJWZFdGrR9cDg4zk5pBKbWEza0p5G8mWaqPrIYNkUTKbK136R8ojUpGwQigmaj9YyN087WrXQjk9xvdWxlyMApjiWhy7TNIyXrASl3bAo6PJw6HRcwoFZ58tuQb10jsxdDZIrMJZAOYvFMzywwZYb1Wga6jF0EmdGy8OepUYQh8xcCroJ6ZXN7riIOrDdjOzNnO6KXCG7YsLgt10kYrR06BCZFh0ZQk7sEUfP6BN0TR7kDZo9vBLZh+SmtRstOp94lakLWsNkaAWuxuHHvsb7rZuTf3rpAGRAiY5IGInNN+FusrLp1JsSh7a8RyLqTV43Gfcl60hOUVIpoWnI6zb+Lh75KS1x2eO48oyKFQU5h8FUTsllUERHwchWApyFwBJNaWG34G1CP6Y8uW/umifcyKX6JDR46rhLhXqy7+o7rOGaFzUYQxw7oNHCcitWpMpvYQjeOJXf1koI66YPbrY7Yzp53ohFdEEwg1++uafN0vQHbqqr9fJeRiCxkJcBT9IPDYPPycE0dQXria/WeENY2Z/pKbHyN0Evbq5CKzNtZEX1FTAJQaJZV5sjtzLBgvJriNI0I1bkdz88vOZgfsDafzUNIzRMU+vcUsWS7r06KrUmx6qWHxRY4OApQXkI1B8vTSH7vEJos8f8XJcb31N2g8OZvEXLeovAocmp70lOyGAln67bYxvDKTUfMVyfXmgqwPnIIFJgzlR+7Cu5I2bw60rs2RK1FzyigH1Bh2DCdDsxDG3NHWobPcmiczu4iU+l3/6oql9vx5ebS67mz6p339kd0wGVXRvPJNWxH0a2scdLekK4i4Dpry/LvV/VGRB7VDr0OQTk6ho44TLxrZGFRqA+LU4sDfZURZthmZF77G4tJ85xf/igSm5Ncsw+ixLjuMD6u4e+7eef3TuGRtfzGOrbgOqvy4hs+HMY3KTsO/S3vCkyWohphj3R2oszJWBc48HqMlV2AixeVz1mE/l9kAO0jitgzdl11T76/KOzdXycbC1UZQE7WaxGQwo+ca4lqW2dY5w/74FsP+Y+by8/eHXtTqpa6/f/wVZrcbxzk3ek+gOu8LbXqd+i3n6Qpo76Uvgt6ct3txfW66G4pffn/tatRqs0VBxgpUy8Xvv/s2GcHvxeh9OqWV45cWXX2F9o+PSVqL9F7Hvs+xHOTg7iKGzdf+C0y6nmpYVC2zHRHrn7D0vszuifUe1xapb1+/fOj/DH59Yt3i1st0T3jzHG3FNneep7jeOjjcujrastD7yxp1iS8ZGepbdXIg8798087HL8Wwr7TJs5aoueQu5a/uMtbcQtPc28UzjSrW8pwXtfwsAeirstafy3x2+lxCK6wE+t0CMcykc6JVZ4oL975NpoJqG6tSj6CSTGDB+d0XFd1wZD63gQghc8rDYBCEHmu6K1VdLeCSMqRVvoCrBle6T73YGcE1lea0VtNKf28GEzgjaQMjzaLlZ2lzZN6Si4TddK3H+sjMgNoBP3Mfqxtm0Z2SAZK57smSHVBQ7En8ip/gM3w3NSyvmYtdclCyiHy2tiGwBmGookJPit+7CtS02TyA3ow5pWw31MtOegbu4dRaS3msUZdKcT84fuMTmxqyboBXU92zdQEYk3bYJCgT7XpGMO+stny+qvS4edjTtM/vZYrQrhYn37kKGBnFwEI9o9dk7OkQ5JabJezxX1zYG7TeuuOdsqZJ50QH+dJ+j5K40qlDURVRi/UZJyG605kCirWJElP10olCvRdHKbfUF/XoKYdFLw5BQ5Lbw9gMWogL2SpMMNe1g0Wy0xl0xyG1EPfEIEhA6Eo1v50NCjbJBORC4jTFcWPC0F3TC7rHEuwCJ35Kv5Lg5uPxuYaae1jiMfD1AxKIs4l9emHMJFQNgRUDPdf3YhfWOMjORtcL7bRMPTNiwLyOeIXlmQiX82yw+iQyeaPvzEVJbCeE5kZG7+1T7eyMPdFBimWHWnssXouD8xoUCtvuRpg0GhiezycjpJt41lhDclHA9QyP8EBvOltE7hz1/oIuXCW3QWIORCBHVmCmu0RQfEQXhGRGVbxreILERTHxA0dCPcWzSTEcKPFte0S1KZTju/izhv300lfkTWvvQQR2VsbnYATAeLv5IclOZut8MSg8cUayzkVUmNoMENeqJ1jI2VamZPEOZHySkoXCHs7SMTVn6Rlrc29vlJcjHNRfAvcSWAJbtiQ98h64DY5h/Iyp2eQ9wJAlVh3XpKrLfMfNhOKXXte7U+w6iKwrJvm6rISU0jnLe75wD6t742bHIaM5Q4UyibYwn7CMG1Nqb12Z9FnY2BgnoT9fvKbzarG2zdq8Yp3ZLFjSQd1EIA7Dq2exiN3B8Se5mtEZfyTQp3wJyovuioxjFgrLoSzqbLFqGrramLJwjk73pTzZoSZPxgt+Yn0lcaeBx3umF1QWWlMtX7Bmgamaw0l5MzjqTQJR78H7+Me6kWVZl4FljjWB4EH/V/nTzyaG3q/Y6YePfWDl/fff362U4oZeKeegDPSFg0H2YnMMdlVsol900ywdvSr7sc9LS0lvd3SDiPq339+Affj14+/WiPwu/V4b+/T2oxXp+08vQX/4+snrzR96lbpFZ19pyJHvXrzuUzLpdsHLderCsr/ILmpdTbuT58Xtnx/cnORx2ZW7JOOQWPUicnfkyqi7FaL1KrcLxa5bXjHvqxTFz6A1IgKxXNjVrhXfT8uw6nivqe82Zmx4X7zfu6VYZJsc3U+NK9OCsALPc6XFg1uFMt3huw+sItG2r4iUEpel0tq/pWlfkmW5kLpDyQ8OqWlC3Xgtl0ZbeKUgCXBDKM3JQ67P9VlB/PqQC33ABxcARW5D/IksQFDzfTcYQq7gJcFlRPzFs+AlBbDfDDkYh9KlP2cjiahmH8/lxIbZtNjlBWpJPLuDj1ey8Fsi7LV4KHwdVkojMu8WDVakC72Vfq0idvKOjYsS8zB0lomN0JJ9yAjOjIKvzSkTbN6f4D+nGEsolsK3jWKo0nxZY2URsE9Uzs8KSFu14Ihe4IsPw8zQMZkuRMuW+XN6daiKlpGbDZPdmTt6W3HW4zZwFVNDBCuPmyoCdNATG/rFS+kSic/zJLXaVdCzJIa2uOdjMakGOtBScZu6Kx7yc7Iy5GZhrmVKz6UiO6yky6Ok//HW87ZbCE7XG/lBgNxDXAW4IPW8qeNQ7pLvWccSM+cvKv6Vaqcz9QQ4oHkTWMqjPxrqZNTZO5U4isJQ+eSIp7Vtscp1QZgLdPi4NgiIx0I0jLGdOCXH2KrR1DcDA07Mp4JSCWX2SsEJsjRNAAtckSbDZvvCPxFgm+EmLeNhee7r3PKZx0ny4xAEZ8Kwglq1Rk4hkW030Y7iwsrp5vbD0mBP7GBUgfP7My3UMTVxLXXN4eGVrQWBp8zPPWQ1BFYTeCqrqIyaP+pdFsY0/g+7QAfO6A2fGclXtrQGGoIrIISFDkYmNtrNETlU5G+kV5TTwhTGvHugCsGT8oV8KBOfWPCduHjLSJ7PJID9jf+B54zPMdTTTp6neeF9MfbokjrHse082EHJS4cAWHyCfEKGQu3rS10MXZobKfLDkuCFtPdU1WScvOI0Rk3nliWThjlenVaiONRSEMCg/sSq846a89A1hy1BZMZ0uaeY13EhQryfW5l33sabbVH1yAIgZ/5Syaxn7G2Nnwosj17eJmj4SPEVXiIxHdQMGm6so65sEpbhQ8VXQXDEkOmpiPeBozw2WRHoCCXATl1Ueu/cVrwVkBke6/7KAa3i5ZpfH635HYenwqxslB4cUxrdhJ9hgGA3m4QnKHh50sCcMFEMvPXIVQPKojNJvb9b5dV4CWciXwPYptZV3kIqzSU8M5pNQW053yiqjpsLDNg+XJwHdfTpYheW94qsLb3eJv/777+3ulNPrjQ3ejGBY7ck8TAzfav0Yge5hr5g+0dLzl9fu/FWNLL44f9ZQPsWnv4pYBZ+Wcn1JWxeoy0j7z98fpnH377+7gu63/sO7Y8fWib+/Xff6SiFn7/4fu+gkppnPbZlHEgSXuPtXZWtTX+/fbXk+vzWurcPOEfuR80NlSJPRwxdYhY2paRu3OxsaajSKrVePzYqZL4o1iAkS0cvePZib4ZvgKXYUES8D11nQPQYiLFZVHyrlxZ8hNS9Momcz3ZXJnz5+eO++W4l3G2jzPRWTZf3JbqQdqjWuvCnbRYS/v44v5wVqwykmMkmqk47UHR7uh45Q1t8dzNOlRE9sJ0ZIzIpvNSUVSKM5pGxtfZuhtecdiK3J9ZZXy8+49KvVxEUuE032VogahX8nYXavcmiAYil19juUGJqyLWQ2tgmsgNIHUE0959RlK67vU7yDE1QW6+MS+uzAkJt8bt0zAwXX+AalEXqcMc59QU0OVHivYF+dgTn6iE1cyGWdaIFJYdUw8QMoScMZApAzcEV2h1nLfzqUZsh27hEfhkpizO5iq2WgloJxKo1mVroaDV8kllVO5m/+xy6cTMn1Kqasqesan0muKzVJS+oT/7iMSUtAdCa0A60DDTfHaV3ZQAGRbLcP/rDneehKZIyWfc6V9UDEzx1nvRNcx1lTe5GIIdF12gmAWpFP+Bi0csayLCcGpv7ZUukimd2IzaHjt+RlyGE0zLyIbfrt7hcxl/WWATfjOodIEnCYUxtRmHKp36m6jyf0J6yqKvDyDA/7VjLpXnOyK+NXZhnYh6xcA3yJzQAMu8VAdYWuuFGezKSGhi7B+kwSBY08VZtrEJ3rGvhWOdGQLJO/qjc8cpdF7gw2G9MdLRLjmBOZ/g1Jj+SZsrBujSNRBfekcz3pAIySHTFZLFwyEgAheVk9dTEXo80TKfPIBBr5uJVWbotsNCFl3q8glIJmMdT0SV7HMe/4xCNikQICK3kXFRT154SacKtYKLlYpQ0YsJC3IaeJ/DCMUSXEgaVS9K1YeSiGcSUJWQYWtY2+HVeBNJn4KXtyIJVw+JQAxXuo8GNRYu1VJ/Il+qkMy6ofsa4c63x4zYro1gMT9l5rpziBKsY15pwyipv8BrBgMRGMp4meosnudkcPkTEsMuHoTkUZxgZ2Nnt5tJURrDS0V+oltXZC+2BX89cO0uayUGsZts7YiXiHXqjnekCnqNxl5yEOk+O0HPSoWt8CS6bwWq/OIkqRpdDx2FyptrathIybE0GyWWoi3n4m6SFr+VFIe1G3KyeRxeAZ+8bVWimNRfULYpL+3KUXXSxoJP5TowUx9pck3NSAM1B3Y399KF7hz/frRlridW3j399/+vn+/du7qX01v848TSiw399//03bz7++vL2rf/O0ui9Z51CYMXsxVZP89sMwmT7dyvdmPzUncIemrli6pXnIHLVQjkWEX5rjfT9762L3OpsZWe67DXy379+uAP37VdfvPP5M6gSoMal7rzvKHLuWH7ppfKWg91NfPvqZdsFQm+irFolJAqgAC1Ce4tkn9nYjR3xiLYAsVIeyEbZjcFWaS3mLNtUkTFdJPrfLr0MjEvOtU4qNr1TsVcKN+E304SlSgIx1wWLVw8BtFYOZx9Y7d8k9sI6mBh6dbmLvfGYtS7s3XJQSDUEVkPq9kPuKphHabrr00/ZLv45EMvl15EOI7NIKIS2jSCzVNt1bFobyZOoo1C/Zz43+UApXjnrIy4riWK16ncrR9UJ3WJgxZj4xpIh4ZroPtkqvwBacq6KVXqwHO83DkzVhGqhwo2AyCDKEJso4eN3V4LGYeqcW8vcc8X2hF2dhCrqdbp24ul1kAzuGrZcRzEwVIzBaRFNZduyllnF0TYC13n8j2byeztm4Z7gTMJSHumM5w6VX9iL2wpVcgNGw2LPBwAL12pgV7R1JpMJRZBcCc4DsW8T23rvRGNopG8L8/lhok0D/2suWIL2R/zg5qHSNyEvNFSe8sG7IuVASDm2a6awhOOaEBod1Z/nwAt0OqLpL+1nCo/wWrARXYGVHcc69pu4cLrgZYlJzAGFVFubhiRMsg5qSY53aqBeowYnsy45pwrGPNXx1BNqsLEEgu7LEGEGPWoPMBOU7nHSSyNDtUYLBe0JjjAwKnMc0tA6VZkGxANLl9KRwqEf3V7MzMarJ8eRYaOp1Jk6HqUacTutma0T8SFNCbrTeudLhxLVORz7jQJDR8M87mASBpQYJoFljSnM6fTuMQfM8DR1HQAGFJr8WB1ohcwAufFqH7qLUQZWMWauMbJPcCDNemnU0faqIDZ5ZW4uzN16yLJCXb4D7NHNp9NriEQASH+3D6BjYcC0h0PuiCXtk6eRiYl4EOD16b5nHiKU4WvnkNSnt4bEEndaVGvuZyesCCn+/aCnvV+VVUsU5FcI/NTGyDo7HCnRE9s6FZWDBG6mv8JLMhnBYPYluhBtgJg7W5ekz8yFNClWsXhtNehEUV6UtQjNRdqW0adUE9ml2VF9y4H0jGaKPLZhnS1eXqxfwgtNHrHHj00FVx+pnGJ7YZcjg5hoeAEv6glBTSiZfp6lIFvRKCAs4xM7UoyMi8eV+tXV1GGSaHe4V7GMaWSzaGx4sF4DfAdNjzhuAPCUpbM7znOFPFluEowQljlnqha9MzsXsnVKofkexCZAU2AnpV8Be5qy4FsQdeYOKexupHWaYNAku+YYb44LdGudXUw8p5jom/d3/P7U/+RrZP7r47c+t9JnVvoveL3uG76cl3JMwWhqufDlS5f9wrAMIMX90tPWTcmP/Ss8l4XetFhjFvu/LvHqGxC7HZczP3/1NYitJxvs8enbPX78/mvLmj4L8/b5x97y5y2GPxR6el/fWoz1IWVjiBn7Bb6WPn/TJ3iKdh8txrQlrNNC684l6//uvYkLdysDUaijMAs++Bin1xJQcITMhastl3JxwwmU9Geg1kXYAl/25oAlpLxK46MrnyqgAPVOyDefHe/ecBC9iN7KULLef3iXZBFJcInrKyqLSvcco+WT0oIqe7WKv3fkGcHKYNwlIJrKDN+laubdFY7emlFIoM6xjRMvwktNRjh6rCEZrnWozcok3WCHMLGQkuhDOqz1kh6wviIzFB1qoSC16+nGFVdg5RIBstbi/mfayE9yhQVa6JRCKc7loJJ27Ws36F4y606wmHbKBsBgs7/g1JJLMepn/tYbnxwaoTGkOe2wawZgMdeP8d8TIVU+AzHBZ7ksFbjQXHVMIF1FAyQhnReljKlQdeeC8fJLpCDXOfWxSAyHUityeZQ7hUYMRAGwfCu3eZRSQ6bAWp/V64lRp4Vrm74p1qCV3xuuAmjk6FUEE5NXHm1v9THfojfJxu6e7KWUeXLqpcP5HaWk8oZPtc6DpMTJL0P9xpoyMsFQ1csVjwEXbx3dDk6UtzTz/sGYC7zIOq454ERkEz1h5g8Q0WSgFtjEtzWMUIGIV+IxiFBnCsbtkdNLKjZN5tHkiW5RKSxJqMjGZI14tKFy8SXrD40JMMFK5xtOxKOkn9lkaNRXCETMGK5JtPCDMTGSDfVO8V705kBwBFKohuFtuV4A80X8alWL68J1zLJ3A+MqsZv9e9mOupbky9Qm15rEoe2PWSdtkJoVVsTmMTU6O1cKinTcc5/+3CpSC3kG9I2OSmwm2F0u9OIGOGhjtVlnOJKY3KPTA/m4llDNgpTgEzU0Yr8A0LkMdJCSnsqeeyl4w3yMcGmH5yhEtnGH6lxSE2MRoehaaJFmmI1k1kudaWodS0SdszlJLaaIi4IqIGRjndfTD0DV5dit5iYwD2cmqQlLizRu8uqqIOAwH3dq71oh8+LZMptaTrVFagyVCCfVHU2A/dS3fCJnRHaWHxxCnkf6RTGs+h4lfIhGTgz2QytPDI/BbIBhr2nCjLDYhN6/sPXWo7V7QHOgSLIn6Vcb9ZgZ+um3+o5mi4paaygj1TZxZ5BrwzvnD2TvI8+jJObNvFg2a/zpxkF9AaoMxey6ulJYng+Tj13yCsg2k1pzvlEgCq90Qqr/z/kAxNnB4oxcEjfWOvQDuz/51M10jrPWEXwH0khw4jes2AHLn93uGjXZHYc6cQxBWpNqTu+wlYeJr9g+Q3/muzB/7p8RKy/BXeK8gJnUm/8ruTs2PIjOgD/0z5Pfv+Pcq8YblMH+K1sZ7Ur/5cP+NbJzvvIKc4FqQYPW16+//u6rc7qR2IeTuzX4rYVcn1v+8Hd39PpO6PL9q9eZWxD12ecff1su/fVX6fvw6V9f+9LGlroshd17IqP97dfb27c5OP/tUC2ShXLlHNKXKqV9zx+3NCzlsey7tAP4+2cv3va/llcHKzU5ELsivqTnSPjaiqX1IqyN+MV7EeauTLkWS4tYFc7VSBVfZxFUIyt6tPy2k1fV/6m3DOZitHslv6/i8WV3LZYLiOtRPrnT2vW6GTQjWcvSW+NhVdLpXWzrLptjgs0mgdh4itx57civwkRQUz4WT44l4X7o1nidbSibW1d7HGBqdSgDneB0uV27kPPJlGGfO7N1ejNwWVme6k6gbdnaoQtV589A21smb1jWGHBjTm1sS2rVnxc6S2GfdOffjQxhdRw4rmQ31XZuwIBinjU6IGzgNbSEiosWbg6GJ+kISjszhSFIlRm7+Vt7jdD4px+5+s0/WrtXnLrJb0IJZBKFBED0IwAroFJFZamTzRNc6NXEKrROTzIDaNfWR6JcA/Qlk9RTGFvVjWfjPZlDdlOSx/TVFKBwXbp3HZEpSAeOXp/FipLm8ceZotvI3Na4IR8cjwcYAIr9uZ6uDqeFwywM/oQW8URd6wyfhfWUSY/LIiTxf86dWLD1sABaB80jZw/RA5E7enN1wo+DI0k4OXdqke3Ivd/kwcv74Q9BiJNPytGzTSA94jPydO49UhqKLasgt4M5nAdAeDKG1E0OXg1wNT8W2e+AjBgFl3JN97CSXTHVnljNgqJST6/w1yhwgwGpqsHgi/FG39xZL3R/W4iHM+sk+9FlPqEe3ljMmj6nmwZJLTu1CNSV+SaiKear2cm7bag1UKJk5aRe4Fy41sAE5+1xz69QmXu477iuF83VA1G8tCfKL032WBojGTtD4qVLttE37FeS2VpBNj+ydfq15X2i6jRM2/GlOZomWVG+aQB6qloEzzNJGo9H2o6dLFxl4BhWPKjBoR8MQbxRtc315hVhucmrq8RmP20jYWQTNXfRHvLBIrTObCwGY7ooSFp2cz/VZhQWQNTIdBw24JfvMyR8TGRkf3HbWS1jvlM9SweXFpBzh5VsrVSTN1xGul12/pwOeQzCmcDsHSuGXZ+i2WU90aVjVhYmL5OKZ8g4ZTKkwBdF5TAHbyE67LN2a82xnTA12GWNE3mzq8XKsqu1F1iFy9NZVvS7AZZKQ4GTc3uhIjAZWEjlAQm+GQgXrHu8NUozqbk06whtWgXSYcsDoxK7+my7SXZZaFElLq4lBTkBIp20kxunu1WvqTLq2vXFFwESUOU9XI21OPzkBg++u4/hn6yw4yMmVi9d6P7+Xnec4+/l4lZOv39/i2k/X399CdjgGE+2l/KWL4XM0uz37+997KNPn3Szo08c/+3OStn/qy9lHPXuiVkh9jU1v91N6z9JZ/vTx29uI37sTtvb18LuNeJGXt+s2G3LXRUzpzDmN/f5tetl5BP/3Vct9lEZt1S7V/em4cOvvkG8NySqigi3RhCBrFteVTWyYytTJUBb2qsPBZVUv66+aq0ZsNrbKo7tRae5L+mkEp58Z2NZvzk0s5NTNWKZoaDMHZaIFrm/fnTTJrO9UNti3TXddN13EyFTPKsUI9/CEPb98xOBZyitcTSItzHaU4V6DYA2EetYbn3mZCkLbp4utyk04pMTGEKYbkJ32dJbKS3k+WlyN9qSvKdQm9tQyUKSl5uU9o1HaQsPDJeP1SxC3S7DSoi6oWD1kR6rWmoIvwZnYm7W2JwosK3HfGRHLA0YWgHZjel49eZI/bUbwzNjqq8pqLbttncTKxDHm82ntlVkbaDzwAXQ8d1LG3PTzQNTT95FirQpVayXzZTCHSvqPUEguyA53/TwtGUnkLaemFRg3mD783MzwcgLbk2KjNTenLqC87xQeNMun/mJUxLDEg8asRKpVV0C1q4rmGvf3kBMDhAsCLWHpBShxqt2AkVhAoMc9llTv4/ySS6mHE5ogwP+uNGCg8eO2wWCCaM7IsBtZ8XalDx2wpnIeo/kY5T6AOrLJkOspH8CK6Vru5sEbArLRHUY30o1s9d+qlyogxvPNiFnGx0e2YFT40yIkzyozuGa31FnYnnPiau60JtTOgNu5wjOwHjCn4R1nJChKou6CE+7wjvr0+0YyzBYJYQMUVq6Vq0mmeaWGtuwc7TMJFscKBg9AOoBl5BSqKW/tQ/ykXkMUPbTlp2ZPirz5yFjwjDU245ABNVQD5LFwnpG5ZJuuXq4HLGpTk6+LCJgQny5Cq5+zdnaSlZFHanzp44O2nOnXCLQxoGaRbE/9pgSNo4hyBLJ+S6rndYwjxzq9ELURCY2XiKyGnBjJqkXvwMbfrsxboJVHDsdctLTubU2L4zc0DJrOTJyHFyWnhgiuqpjODmlzgmzbC0S7PRGdhAdzPHaAwLP2WKXCJwnBk/EFoVgFvIC5EXCqQ934WBrBOo4L9WvuBo6zWDnb1pTZBZg5v6IP4VEoF6aLTCtXETkCOWNAckRAmEQSHJPSWrKCf1hDMHzll1h6Cwz9ZHuoa0wuSja0h2nenlgyNTagcPFRc4fmamQGxgHuXIkhWx/NTHUaYbvkEvrdWURp/5iYJwDcfLQIMU9Jhwm4ZtrnKRZfkvUaV+eC5KUJj/oOPoYLTYAACAASURBVCflWXG/eYK7ACBSafQ2OUQcW+ok4ZldC7X6mi1ayv3qZecP/08fE+m5VB8i4SAT/fe91MYsayPwZjXICpakWj3gXlmH6u5hH4FxKe1jK9Xc+7ff/yolfTmi1G1t5GLYLcNfn773cuvfvdK8KPhve/3DPl/40cWw5eOH33954bwXrbvk8Se5e2hffdwz1IRZlLTuofReSTHpr4OMtS7tjUYFJQDXpqWnWBpgfb63AHU97rVVl8pbAc4Mx7K1Ww5djusplm7t1bwhIDIJ7GKc33mUD0kpQiKu5PUXmJRjt9vjoaqCGpeNCI7ZAFUloZYu1oq+XSeXShI/B9XNzeII2ssKwbdQCCgrXnLHtk2ej+F8TAyPyYdVr0/fdOr7JlO2ZlsVT11M7vXj+VZmxTUhs1ASFdUuHd29o1xbWXctWbVpWVhqL/4+eKTBe2Kei6H1VIp4qmkCntZklIvpH2hPYCLVfXECrO7jMtk0t74mxE6JS7bKhtqBmAGPsv8V6WAiBgY2texIszG1SSr8ZrINsVNIZpMlAhnonac9LrSK7KgOGUxAQc7nwhBg5zgsaHLxBGd2j+1GN82RNiEFn62eCfTZMfkF0/jfqnHlp8SaU1dn5TTxQrTkRpljYczdx4NQhj9m86akiBjxcItqANUlZYV1HViMKKxtSZh5cgfydS8UejngzbtGTwALb2bLjfkl1EIz6D/DhRRiw3LcXylGfpYX0Fo3Rl6SM1XP3SE4ggfE/oOoIMCi0l94eKTkl/R41fDIdc59MwuW6wgstQCWjn80YzM76UgWAQHvdLmIfgh2evrhzA4EbJzqtjASIRPUmodQpuXg4WnZRijKp8qlSSeWmXWcIxNanBnup5FxFBaQEQDL+dQebjtJGqtau1J0tEljcyNrj7OpSgtuZIfHKUydzOMlUP9znm8DL1rjVNeUGUwJVFRSbSfSPRdp3Dm66OheSR7KUtMhvbrwmR/G7eVxVT4BsLfFdQqMFJSpmGwWv93qEaHDlJYMnIl4oG3AJkEgv0YVcDIblvl4+Z1TKSxyHgldlv7RzSifVldrXb0d/ac+a774yfSSN1eud00L2l5LSTFD0DzsaLOv2Dhv257nV7Nr4H4akZRdNGdi8/tGigsNl8HPu9IS0pWr0Xh5XaB22A5OmClNVtSfINTIkjSzeVTXSHax8PahDkR3GGEV/ZIk+pram+bOhAnZiEt9NZB7PFgeKdTjGJZAgDCoOfAaNwpOtc/kRJBEOEfG1rJ8GWZnlk6AFLBVSkd/tnmZTZ7HcwHscKYTSvvpoREZPWKBqtHqRM8/f8OpxWio9SyDTEUocuC8Zu737uwFMyvDiWQic7O9AFec8chyv9sMNTefugM3Sb18MxEm2hpSsXRfohtuXRe7fuGHQ5efvsnv09/f/+ptcn2M5IeXh3OiC3w5aFEwd2rriwH7hpn9V2OqAuGaKAGWHSUyW72A/L3L2de3r30fduAZ7t+3FMMovHdrsMte3x3TZ5fff/3dB1bi8y9XxJwFZtnqS60t9359tVqyPGqpIGZd/M7uBSKgAtETo3y2oOw+U2te/2zF2yJrcLPKVK7Oc8Wc7q5okS0PF7sod8tu3e2EuYVTGnzpZ3P2so1oCG7skJveshpW8d16S93bRtKSTnHbzFHwFtAqoFCI1YbEbEid1VJfJr4bHjGuRZ5VR8ErjQVVIrSCQCb4jbd8CDunUtvzqoLhfZwF1ee+W3yufvAtG4js7mUg/aDLUv6xVxLcytxcuIWr/jm92J3p/t+MD4Mrnkzutv8/ZXLjRSVafxm90XC6qGeiiuWIoRDPmPMI9Yipp/GuMxXuVumqPZXYm5RB8cFRwiUpDCcx+uhOsjfoaPEriQZVx3l5re4jHjHGM7Jr7PIxrUUi9m4t172hFoBCm88a2c1/dNWUtORNzqIfgHu3yWwLxTGdtnQ7IxOMffHrqcGPa1iLYnHnUGepX+1Jsmr1WvE1pdCx7VnpCZJSEc8M6CcQTKYFp57FbZpk+2seGCBPNA0DirMyh8Q1C1mNQpTsIXG3ANJVxAX7+vn2oE0CAkqD2tzS0bNOn+RU61dHDBxAx7O06GFW5ESRynZDvPJZZ70vgJPi/Hh7oDxW2M1U5+O++tPYMACsxlYvLvw4IO4XnOpRpAZgxWFyqqeQFwPsFvtEUfW7RgCRqYgqSSjDzA4CsIq1Jhs3M1JfBsoEIVOoK8XValVHrCTY19WYytJmxj5C9uA3dkzj1J/ZYYQ2Vp/5RyGyWEcywYUTUa0Nm2ZX1TSZk9seoAMDm/adoxHvSJp11c9iVC8hYXlgMZ5eAI/2ifBXWhYz8PULSg+iS2sTUwL4xiwNGYNmGGKwv0POpdDUvfIfz2NOXki8KW3aYSVUs1F+NEkGPdtJhVi7axTLmGIzi+fNzojdgdw8PMcgcSrCi3i2RHyk2EmP/cVToFgXTF06LyXzcvPtCqfmAeWjKWDOA09DMPxR5tboFit1xco4y9+0zhHSk3OAA6AeEufoRbe2q3MyHPGYJHHH3A+zsr0JkyvmXx0dGk4vG5s656cuRhMz32RS+e8WQ+znxiqekLgwldhZh1298Yzv5dTlRPF6bj1pLZfW+YEgKU3N3RVHpMYq3K4w/WwszEhE5pgb8FM6BokjvARdkuZ9lPDQ166mZSO/XcJG+EDR07ufJZH9QcDvgsBJntutfPUC7hO+sZ5N/bUlWiKXJH6Dvm35NMd7A3ivE/fPRpbx8qE6u+4Ia/XmMrx0uMTQ9sY2RBjoAyK/+2xIq7LvvcbbCRPvX7vKqoz+GjPIfUmk7+D5UvQiFmLK5+OtPAuM72vrC/5a/3CgNyDuf+n97mXf1oIu2yFHoA8ge03yx8+/fvcFN7++fftXC8+eVv7u08wViGmtC/3P31/+o2iaATZ1RgNpA0l8LB3dW9l9l+5Bfu1tyV/67p1uQX3pNW9e8gXJ1HvK2uDo7uTWPl63hJRQwSOTJ1WLXxeGiz5zrs4uBA7UUK525U6Vjr4FER9ZO6JSqjvQJOhLoXMrV49udImR8t3T+W6bYSNosemlb8vWJemC3eehZ0vcWyTEwi12RZ/J3h6RRV/QHUZi7ftencKElDlm73OO0Qaq5wabvhMtRgYkTj67zYGiLDalqUJJZ8Epds8L8YGI8FP2XOnDzPPJGHuwFYz462g6CzHB7QQwe8Keea/JcLwtW7saraIWDKLDiPVeGQ4tdyC5JTn3nqjiWGfSbPZ+iewKFwQY6STQ85MLzjUWBIM5VPk6oSRBUVlyGBxvUodSaCKvXwubrDQmUxwN+o2cfJjVP4i1DoSun4XLur83oTIm3vckYMS9ba45qfCRUXytGRepXRNpBFIMc9XCNLM1PBT+Z69cK4WsCwkda/30LvGbJTN98UrW0N5oKNirCCfENeMEr8cwS3RdncFFhp3ld6bEVTFVw2IxgFEFR22IeRXAaOAZkVcPHSHBvEPl6I+NHa2KQM2T6iRfRfZkE8OzsK6GqQYBgAjSYzXsy8wGRC7WdBJJ7jfhaQ5xbUdoRc1tyI2VhG1zq0NT7UnD3/EQRhfvEp6w90NvshX51AoRFzoA2O9CsGTrmIyVqaPlqsfaxyMrSxCvw0SmmGJopA+tm/erfNgw7HtkcoyKgrNVtKZOhG6Pd5Ykewt47WI1ZeGNF+YQJHMlNO2u1y5V/BoYQIKdEXWyixekwbwwXDXMcppd02n3EFoSbeXYNCWUMWKQiYDbj4bItwmsBlOIx9YfTPVzOOmrILjmogHUJI2JJHM0T57vrJyqg5nDcJjrUgAXxvg/gOPkuhBuyuU4jGirU2Bpa5gxTuaqNUxtBXcJfaKFx0y1rzu7GyoJ5ug+CpkFocqSsAMXbYFI4aaAG8esvoaoGfZiVwu7ScejA4qbasJAOHRtV1hC32EibTWP6jiPu9zUPH2BuMLlFH7TO2JcgZWnoSj88BaWi3A9AsXzeTotd3/ycbnHUARa9ASAX2SaAWSxYyzm1AZsfVXxvpOEd4j5SSpK5tnE16QgMcM3fZzmBfwOXUiUpEvDykXeH+ZIjFCXrf4nwvMthFqSuaLI2SFnbZwtznjReOkJahRQ67xQ4thabTEJVyBOZ0TkuwMXCxRdlYzSDn78+tX6rcO5YTXNhnf0L469Ue/zW2OMJ5aLpGxddHq3n3L6/eFLb17s/luvNAfWzN+q4jXhjQV/WO9ytQByQO2OO+ZIWUXGoW8n63tojsyvb//6VzS+e+24rct0EL3KLUAtEv/67+6C1d7XKfZ+xFpbb7i87i4g7C+19068JYdXWVXts9Ntzeqg25cbQsPp1WavnOdPV232jL26KRTx3t2VARHGtozm0+aXHg/2YpzARBKS8iC8ZJyI88Jq0KRYLOg5HbwTAiq7qKmSVRLQAlOn22Db6muJG4GqoG7BLebtOWi0tQwqFD7D0pS+8DrsfgWA3bawdmD7qreHOnotufLoYCUS7wxwN+NkR6d4cJxEBjVnW/XBRjuFvrwylUcq71S+G7O8ICh+ejdc13Szah99frJT5/7Vde9TCS9xs0Rm4svMELmda6rUijl8w4yJmGKVox3MLJ4jOdZdMPZl+mRNgNNJY0HvkQ8Udx9ZLjtZW1FaYSsSRHJMwgaQQ7HAP0K5SLJQoQKMpGhezWtdu3GoaHcej1yYg6BiwJkO6ZdrhwAHRqBSaeedyH01ff3uPVoLNs6sDtvv3xoFWiN7yff+ioErXXiLF2HW73rGpuYiriVzpqYVnLmM/ezEY8GHiwyquSdFgNewGtL/cJ4jD/JEVJDLmB9kMgOGl0DkzZKeee2aPB54TfHMkVegpkqoFppILyPSYbvypoVfj23k6z/zuVxAF+rFpyAQYvDqYEryZRAvErVoBLjksi6rfoWpE5V5dgR1hpmoPgYqZtWhGk7l2bIagNEzhQVwBqVMo0Tw4C5xQnaMoRF8hQz7fhFZ9DKhf7TnWlFmbHzn6TIfnVpEL2HSlwHaGBSkdO5HZVDs58QnPc/nDCfVOCH1BOIAma35Ua33JIng36a/3aK1EnmFB0D09BeJtnpzZFevIMu1wngZTLpSFrV+8oTGHMOKa52oxQHpvjZxCZUtmJN4uTh3a873UhDzjhNEUhgAPuzR0haIMTrEMGvDehRlYOJMddwZqwtoHIKfpDDUzqjZgI4BxJeAFCTL/1hb7WgfGmR1JwLTGM0RvZ1wLgdMpLM8EE6pcyzMqeqL2XFEwz2T8zhEushYc25D2B89dS5CD2LmTnGJCsQV7iZq1u9pObPm25MF0jiejcoPy0WJ/YSgz7/zJWqo3ngMAOtkxn70Lq/Q+V5glw4kZEfv4dX/52fuZNpnbQvXQQQ9vyKd6a7PiRsWoz3UrbnE4jR6yOToHDJ9rnbdGJlOOI2UjDIoJB4uF0HtQsOSPtAJIE+tjaSMOmCrO4g9+sVCOzf78SuqvCkNw8JtS6mKdl+k4p/SZQtYe2kJ6Ex0hYlmK69Ktaues9ZqrQq/fE0K6qrGuxG7B/M9O921+ku4+6zKr2/4BNWbA32ddW+UjATg/JB5MewSFq2v3QrsgyJvd7dxw0FQvPxcs0KNW3NTN8Gi0ydU/v5LYD79RxTQwEokez/i95m0krpSzUy049lvyl0wu/q1aurVZf+cIa849sWbKxfiQq6pm2sRtXTxrDE/Ot2i+GDywWc4eqdh9vkhwP0KcoUa44JeFnhYRGvLzZ3A6jRnbDtp321Qo0FkTDmgSiHYdi3p4phovvS5lRC24q6hqtoLOtHZHbOyVBQOKc0OLXaDS6zm4IJwG76WOZXE0rDlaaSz5kXS8MfFgvMhTFn2VQJqWMZpDAPV1MqadGQmGvuGkmKoKy5NEkVmOqhjmbzp+9Tq2UlGWN2XJsYyq32M0y2Tcc1BR71hlCGXWsDBlv2S63HgM9m6hXpNi+YmiHNI5HiEdtow23oqlHwntdJLFrs9bUK9DlAn7zboTudcrdACHQXkgPIYY1Vcy9yBmCyc4/rIspjk6jno+neBjSVdCeynIk4pmUaOt1ZUgt0A6osMqhLvxpDtloW3JLoiky3cqDE59V1IIQY9FpPJ4pbOOh67Z/Yx2tQxeplHasD5Cay/BeIxTT1vwi/ALnWMeMXlgb0aKUAnVEkuXiLGwzkcXeqjfHA1X0nUbvKETBY4sRVlB1M5+/wi3cRByk+P7V55cha1zncRq+NWBCGuRJoq2vCVkHql4o8jvByYuuikHa8RYMJuhsgIbg/ScF18ucrAAdBM6FUAgnH+bilWZ3FnDQZofLi26h7kHCMR3o7D8ai2Icb+ipzlUTtds9mcOts5/gcjjXnFegMO1FIC9MytkdcpJayDX5OaU3nMj7qEq43iQ6+uPxHir00sgjlxFb94aB0+NFHcOEpseJPKV4rXNB9SzXLPIDO/+VmdnXNoCtoRWBzOv3nCqTDbERs6o7RjMf7rnoMZJFViN9m8ApK3i2r6EQPrnghZlCMEqUbDaS3BLlAKjxztEgf87PDiGCnFRrKJjGRCkPRFcGwOfC1MBYw1NVsGqiWhqNHtwxDaMc/YLb8H2dWpEUGMMPRDCMj0u3DApVdnUdqeBZiZnXzXHNb8qaBARtsMIBBtbHQkRD3umujgBtz6Vkizj8N5PFfowQtZjv5Yng0K8YzHsnOuajPamExhXWdDvJGsTTBGuGi7BmfgUrwg0LuDSU+pIzZleYPI4XLqPs+t93grlPO8GWsENG1qNZrV7DN8RLc+E9s6muv76GqZW8qg2OLB8YC7krsum+4WVTF6fYo5wWVEobZ50sRW/bsrkp2tJ7pZ2NaCLo+FoO/b8zGErji9dtUnBiyiwgERglf8lE1VOBea45NorusmxRx1fypef//bcpOipSTDvSY8/otrX47YReI0YsQXDqFmIdfHR3yyuK887CuQ9kkSPvYKdq989nbHerLVqu9t83j/0+X9118fW5DW+q9uIgbRN8N0fexl5pz8+M2a4UP/gFn+7lXavLNObCsyXa564dv/dcnYwiAlsfbSZOHvZczWSa56uds/XMkPSiHHtavyir6AiHMlZnNd3ylBWS8S7j4Gssv02WZ9W81Ro1I0ZCp3ZQo/pwq3+ElDxVCpXb2IAmM9WIPuJfjFf01BAtNrug9gtw8fW5HydYk+hdQ9WSyetV60ixElsI3ParHHlfY4pRfcxpL/YxNwLnnCk8rjXBUSsa3FWS6OoN7mxkM9iv2D7qxboYo3T3yKpYhrrx4sZ4supwu2RbZ3qZkrEnPb1NwRHN82Zh7fuVzxbkRqSobTCeuZZylHqIA1dGa5VusVFdghJZlY2DoVHkHP2GyJA6Q6tEyjTEXI2Cpl6xWCSJzAEMjrSgF8u9Q3Q0jx+cKs9C/W5RV6XRHudy4Y8z79NxBWjcreir6VYKZ3bnnoPbjhjn2jQs0HwbIAKmFDXnjzx7PdHvbLSz/xVcW1xeKYtO7EiBf91JVyeVv2lY4cLSzp99heDhe3BoVaYqxmuwQWwMRs9YYTqkK5IF7wyGIhFGgZKyDoJzx4Y2eEMqNBXdTAlEvfMaYfMPCO5AHS1Owh1VH5NXPUkUPKtcRgiBWhdqSeXIbg7FqHqK8GNkok70H1STreEaxN6Qq3P6rXCDLZhJ75nNUam/Da0ogVFtdLmmqbmI4V3eBHwEFb7cLUUd9RtpgEtAktiuO+4TfDyHawLwIPXhDRoSyeKC+AZ0vD5ofoHfMEz8eH5OBfhNeTxLJs1C8ChvUaOyWB6ohnr+gvUHT4cv683KOG5AVx0Xw5O34BycKlcqhkR5U31lo954Up00crPFr9Vo2sbqKoLbG0xdkUhWRV0tky3EMbIg1c84xjPQvYxS/falelN+9ADqo/8h7sHZIz2LfV0qmCMXZq7jlZYibIJWMRuIiuqpakJLAwYg3GKnEPHBgl7rOogvrh3qTh5rbmI31FvKJB8fkTWJehIjsOcGhx5lw/7pBrqVv8mrHZ1FX7mTFXvjzUJX68hyY4dYLISuuU+lEdINYLvQwXFQRsM5WPHZiN+FvrGqRY1DaXClC9jHFemSGXdKo1u/6uKp5Zj+X9iF9bev2a0F6HsYCFgi5zBg21UtuLeCr83bSAo7DXn8IMk608XH/naWe1B0Ng0E5vmHTuZZUAGeisHnJi5ZQbrqAIdiGb9/XX9fn//c//VdyFji9pWuj0JXq9ac8njdv6RMn3/37vRdvR6jWotuZFB75KGmZarDAVh42W5zSXXFqSEPNdy5jpT9tcw9W6c0urCucJPVRUcQrxcUt+bTs/7+uBKBuzPybOAk7Xi91eIuRhP9nMwQxOzPz+tLrPF9MIu+aGWE9HSufhD55p1e3KOnwPbR1bEyyDz7oxChzez2tXcAQo8B6LYddhL+H57PKrvSYnNRbMhq77PSedVqqT04CJUm23Gip+YtifvQduZjnBC6pHrLiBNghVEPDG/PxcTa8xccJuip4bYlYDGEsznUIWgBj0V8uikODM7KEj3cv+Doh0liYAv8/faQ2BCdhPH6IoHvCa0yE/D5f6gfyheOSlWa5L2fUQqklqx0WRtCnMldD6GDt4gWJlDKu9nVyDwJzUa3wiuC1x4/0Ga6YHX5TIy5moz+7gdxyBKLEuvApvSliOJ80IkmnoKPwMxGc1zx7MbQKiFxYty9CyJZa1zN/yXlVVf8rIs6S+BN7Hufq7paKqJLTRrPqqR1w3WFZ47epfT1L3IvRKkwU99OMxiafJDW2INHXG2iPQVJRh7g3EiYMetq9/vl25HxNd1HMxc/l2Oq6GpGPxqKY5PBBn6aaVQSJ7/QyAiCxAh6+WDjfcFUJG9ZwLi/9oEpjmwQ2ba0d8SA9iqmTG8g6vhVlHPSLAQuvwmmrQxted374IazyZJfpYzfMkh2VvGjFU8+jY7+wMhdmv2BHLZAoeKENvt+lgUZYnCG2EFcWkGR/M2nXXOwAudVI0n4adHbVMpLay7lERUFSkzFLpdPha6OxsVVzzQcPbhgvt25OM0RmtaQNTm5ZbPHmxz9OcU9chWWeb049wynD9oOPvZbuz5+JRK40lyo7cyiRhisp8F0FuJuhqljEu4EN9259Dduro90mNCPOu/YBTfRgNf0AgdLrii1cbaQepM7klZi0ddKp9LyjtwHT7KJzqcnae4MW0MDpYoBJetGut6ajXiSnyge5v1ZX5GCGhV79tLA4XZUag+2Fi12Di+0ucHt4bvYvIA1TXetXGlsQzPQLn6RFNZmGsI2MhJT+fmVRz4LVc6yzOGyDpokembpN7x3ZsM+V015j8SATe8pXkwifp5IIZ/kvx5QPb4DIANP2JjzITyP+zBf2H6wipq/GYTE0In6fa3TE5iZN+1UAVllWusi7nxkc7bHYh2cLkjI/hw2JLsmzxLWxq3pNUDFp5dOPw448fn9/+cqfh95d6WsVU+n6S38rGwtbTriz6apfuOraVl65TIlitWgN1Ufr59qWvnO7zzFY1/XO8XEtmlz4h6fRbmm99OeLXoBoBkX/qP2w/2c7wp76Htw+91N3CNcnspN3Tvl/f+9uCZm+nqu76t71t3aly2fQfUry6lkxTXu+KdDH92jcxduVsZPfn2t2izVtBMPeRDtdPT/Lfku0rqDOQL33d4+9/id8vH1hJLdSNxXu1NbtFRyJFU0p67KcL9RaAC7SrNp+2WVGQ4+NNx2Su4HZQT/3df7VkLaxGLmHAHXLfslf1m11eLdYeTnsqAN2M2R22de+7YDY0C3PWi0BjqdVVucuvVYereBFzK6gMBVTKM1X4Ag61rupkddCDQWNa3PXMkcisRo5DwnM4860peKTeWsRb0wtR2d0aHz+4EZpZ0+Ba0K3UWDXPcK6h6i2x0FjZ8tCzhFFrmisw/XiqpASEbk3BpdE9TCaMHI4wAiZXNRRcBrKloSKr4bkAjRHjibtB+pi+lrv/kNkFURu5GIy4Izc763f9Ppu48WhkBjsmz+3OBD3Fj9m1ZrLo5s1t3Ebb2+0rMqi7w9/nxot0efEeVP88XfW1RkzCbcXO94OVJ2My0G45hq+i5955p8f4ZyzLC+NTfiGVhnAiWdMOiryDQSyagNNipoBGsVM1ogVeXIU6Cc66lVX/U79qTC4mFOuLRHUnBCGAUxIdPdOjXM/6cp58J7U0Kwk0VglfQl9hHI2aVid4RDNvesQPw3HA8p4/YLsY6b2NkUZFuQEgSaY3AyaO81RH57vdrpRntVccLlxkJkDrPIj4IAwIvVmsSzVkHTa4EtgD7BpSMP93fic7FJu6XffDfbIoagpJW9vCEqiq1vBIaYdsfPdYs/eEFD0s1oOpIyEjWfuRXYavcegRaAxyLQ6lSpbCmzFtg8PJj/z0mC9qXZ8fNiYvkxkboSRFfkI1jdidh8KTiTkay50Wsydoc3+04S0ohTkrY85Ex7zTxCjQzSV7rBngBPLb3LmzjvDSYSJ6WVEXCIXqcSsxQz7QBSIVsy0ikDcb1BWhRcACtKmRtlmtHzgPH9HPYr8tEo6wM/MKift9FSNZSSyQdZn0p8osto9BDhT/JGry2B/BcdCXLWR6XDw7hMtJN8rUQRqatN4FKp/ZVcCshg29iRS08mMk/tw89JpYaRPNftomfKwXTjj6iIkgnCfIWHayiQNIArvejRZbnXVMer4kMOWajtw4Tron4Sr3us8vpbAM16j9DEQFIVzBuR3Hwolw4DDPlNiTzPPC5V6Vi2vXp82o8eP9SxViZ0Ondd57ebom9wZVE38ej8GmHlkdtqu6YbgltCH28fN//p//ZXINcbyju7tPPqjcl9B87ybi33/9+69/W1GVVEksQ+423BFzZ8oj820jXdL2iGnkN1gZETSmopW8GCWAglteJpy1g1l8RDFSA8nrDdGKbq4piNoCzXHHelfF86c1zJlbBBaHgESYKUvBlWNXxlpTVOTZ9b5UEwAAIABJREFUfDbxAMqEJjSPxXwW7xq2X/dqWqjvYhLW+ZYIYEAa+iqYOvjfYrCLq/9eUXS6SO+mi7uF/Y8/CzCX7bV3KH43rRhipY7SXK5PCNuKV5ZatvXvVLzjsKV8PjO2X048f1zjivGrtaUDsKBHLZp171gIatvZHjeGdC0RaorLwpDUjXxxaqRRXEaxygqh62KTdH86vCmQCTAUrdouHzVe+2rm4ng4yyjxQQ98EDsS56HN37PDUBUlEx2WOrZJOXIqlU0gGl9wnYDXlHtChZ/NDb4a9KSyVgImSKdw/dHgDnt8HzAOUOhCZkFDFE7ZjKpXGD0MUEtBp7ec1U6qv4ZLD/JHgth5t5NHBt2q4xFLvt9bDFZiPbNRaG4eqjfbKtJ6fYfgt1WCKlHJWVcidO3XvbV7u2hdgWqmGgp6/a162++aMEngeUX0pbgT8xPdTGjnSK6Hk3htyweg/upeCOwcSQM5x/3tXWSX85qmAyqM4YW5OGbhedSy+oVHpnZkXoY0kcAOUkKbs9bq1DyJ4qO/NA4wMmtLZAcBSPoBO3bCwYG2g/2oOGSuvrOrs9PV3fo0677RO+XDV2Nl6gF1GQbT9jwAchi9LnMenfWnlhb1s5mcrtXRJNpFmftq7vgM62FS44rxDBT782+95zhSMPkE7cKyxqSuZx1BXSgu7pWzhpxvG1Q8xI/HqS38CyyBgIZ9yZJ7MuzNhEMttQ2gE+7vnkvtuiaZYtY3wA5pka5hSO3CbaRxQlTwdrRDDFbCa2QxqGvrMQgU6psb2rvlMVYvKb7qry9DqncGhjML9V4MgCwMWxZQse7GXARnTZvzJ36h8ev0HtwYEZkgW+FEwEQ40YUwBjfeF6JZQjAk4tydk4Pmo8b5c93GeOI0Hp3pPW6qWH3XSYiVB9UjF/SjMou0X83Hm9vDqCfTr86ReCYWug/uie7UjHkDLx3gs3AAosiZADytQUFFVeqLV/KbPmpdyDwSab+DJyipoxMpBjcdDfW8vKqZ/MxTReMcpCJn1HWQA7ZDJx2eGydY+1X2GttNentJ0Y17+53dKCTW8vw///d/CQ+p+VD5b/nUAuNHry33AvP3v9o6MS8UB1eSbtJ147CPKvvYxhLvaW8Ou7JnhD2T9D8mpfLli7d5CSb7PZQJlwEfZHXjR11i3AUNDIGobZ5hP9niMZuN4Hpc9wTVfay5xO8Qqj3F0fX5birdFXJPz/HbMxsX1+ORioWjBcfomwXqc0VUBMsBo3FLl5fWAmQUCrakbK0H2loc9ekb36uCqz6S/RzVwtj12AV537/YeC+suPQ+ylaH52YvNe+S3f0fcd9Gpt5NENmTkFnomuTzPhHxFtGsbyuT3JsMUo8bHcoO2A4BbN+xx3mooxDe3ZqpFZllohxfMrhTvhskc27dPE31IBcTu7YnNquIzrbywUvExfGE7PuTegRmr6RsvJ0VgX3ML67J25QTNolO9cwh+I9nj9UE5qJiY25u7PEmBIdcnG4CHXUaccyeUfSPT7P+MB1gYjO+XcGkFpqQVBmyD8d4vcdaXLC5S7Kgd0ZA8SJ6Jz0w5a0ke5z8OtOZpCBg23ZgSZs/6uxpwz4TnnqdVz6qyf1qq8O9vFw5em+Dpy1JqbBqy5bTKxXV0qE53f7MGCHHkiiNOh9CYlbbqsyFU69nPlhsC7BbkrtIoLbKeVA8SUB/ziVWcxvXobexKx6bZiV9ZpFaFZyRtZkIUtjibBdvmKIYQluBhZwAfPvpsu703NRMEhCfdiQ5CuWJhtP6UgFfBBMe31e7oNUwN+E42aPDftqY7uDoaFB+T2OZM9Nkwz31iwlhvwwTm+mHQoqbupyK9AyQIUV6RDu7Dmcjt+cl6fYEQej+LykRGh/CeNpJYHBcAKCArgxdGtay7sE/cGA3Bz1+e2Ni7tU2/MeZcZ5bujNW7+gv/iqnAjmLVwYjcYHgZRaPpoBeNWN4dDvCdMQP9RXs45x2WkiD4u2iqeKc/XF4oXRe+7zp+A+Fmv2k3ChzwLreYey0zmjsr0lZN/EpOSqek7ZztE5CiIlihwz3igUt0RATrOvY2OKd84KFzKQS2KWBQX4THnsxYV+L3YNbr3OoDA7wBCc8VfLrmibnZrQzdKfYwzG780FJamRk/yShn4KWCKJ0FdUB60fmoTGt8zrwFW1SNspIpFWuoaSawLHVPYZIi4b1KmusmhuEngIDB7MGHcd1imFeBllDycY6t7zoIa4SpIFNfySC1Lo2TY40tM9bF2imJ+PgRSytddAjAnt4zQkrwZ21M98eOC85RHqAnXaW06w20esW5ST4loWpYNUC8X/VvASM+i6zXoL96Wuo+6rCH3/93T3E9x+upj484A2IWWo1FuKzOGgWQyvkSyQarVPmA8eQK8i53d0iCSJLfD7wtF7845HI7iSKnzdc73TRXLdRPb+5Ue98BmAzTeznEtoZI51YZPh7TTEsI+BzPV1QerXZWT+WLNiz7VZOtkL1bpW8PaLt43nmGRXL5HeI0c6H4ozVfheNwHa/sHb3a7zly3LboUtw12dLwsLQ3Le1IV/r1tChf7Ki3RjAQeO5W9JaWkfcKrGfVqbOLy1XQViJCoccP58n4lNx1BNL80lDZQVRS5qLdWZq5+ETP1hg6pVl4cAoDUev3oXCud7HbMyfTJywPlpE5otdEs1Z+TJ45233QOzkepA6ivUe/Ay1tvDugaT+ubjSb7t7ch1eKaQFV08gTlRoUnTtXl3sP+c9sDaDaSkKws5xmWSPKxbzmIbI1K3iRvily2rtgjrws5bICz5N/RHqgYkjx2RFwJpmf6Maezlot7r4n32eNTTsjH/TiMrZ1nGF510ZajC9qssaUU4zYwWZpagfoqMRUiLb+sh/bZtZCWdTzQSLGF2lalvh1bpycTYijOzXqZ/JM576ZHKHigpcdwdS+yCsbfiZQq1QdHBoIqQhlRqNbfaFiqS/a2IC/iw2ouTRNfMaRobshKkFlWjAi3XkDgy9gSKHfz/i0I+YH0QPxqPKFKx+sGoTZtA1bRhqlayM6BC+8dNMaM7cAbWLG+F5jcvsNvM4vrPBp86UP07PaB1eHFy81oJZLBMi2s8qfKg7py2VT3ZnALGRhHDIMzPU5v1O5lChSLv47g5dSitydvojBfsFhfmaz8GndzWGDewej2t7J9RPp/0daTLkD3/71eEh03n5/gRwDp3JpVA0Fp9kL044jmwYpBOGNrrxAb+mJY3F2RrDnSz7/DCFy/6jOV9INKqmNCt2os25F1AHzkJwcOqurfkyM9qfbeD1aKlzFTXNuXVAzvGoG6M14rAGM8vCyhASq78VbfbV7gI9Oy+Rk3r8pxU5ar1el9ubLIaqJ3umtAhOe6Gdb8yuvx2vOm1KWlMZkVK9u8RNc7Qnm7TqfJQ5lQD/yHfmNpWcgTypHtWkKJnFnG5AdSQgE0p6HHs/FcAajQLuL+PPFDhdQVr8RnwQlh31PUyxzwlmYF8ruTM4msdG3NZM+TZCgDcKQ+0YC0Qna7fcBSucT+2w5Co0IVinOoFTHlS4k2z58V//578GpBzzPaHU2/oHdd/fe4X5r7/6/fe/v//oY8Ic6opy15LWN11L2Eun22/7KEMY2YosohSuJK2SJhlXvm6V13HkhRnhRUvyLBAtT3f1dzOzitq3BCXi7pALUuGY/J9QjFuq/Bbp2cZEg/hosOTYNMGcOZqb/bLVCAjeJ/IGLYCi+DKQR6wqcaCb+ROEvzuJd8jSeLkKiaV/6NIEHZIJUXgXnGC3NAxyK0Qrxf72Up+3NxbXrRs39Aw/afT8ZnuJguW6XBNC80VIeNgnte/24W7HjlM0uXLcd2KRXosgc3UnHGRBwSs4STMriQxtEDVsr/HEKftj3mGir+xQXy0MKEvI7TiQDjLuoB/wtRQlb5kYGtSgDnddDDICg/Rlu7G8pq5xKE/jwEZr+vJBHvLS9nJ/1OuZfbETAGxso7HKpLrmo3+F+0ByUKSnabivKha9EcVu8yt3w5/EojhWXl7XP2qscMuEd/ALz85criOn4Qops4Wz4/EXlc1qT8CTqmWs9xDqhvgedxnh6QfvZmhVaEzfAo+664LUreCIKUEhxEHR9kQRk4Vqce3YpkQYUEQbMUS4uXrlGZsnkjShh+P57ZlYEhwKIvGMzUMqtRLul5W4bTCCS6Y2lx8HN2yllDUqQHRFhf21hN8hU0Znd8rvtKYMVcNG3BAYlRBAZJIu3VyF2BDcex4hUUglCeHodAhaFprSsYwEgkHP0QZ4lGKN6kCy53bQgoB5wouDSFJdU58MYs1VjhljxRbPmVV0jorebM2FCWxEO22iNWSoZHjrlPES+aXMqlMdNwQGPj+gFZ4k8e0APQPHFJGjmz1oiVQSTV8eJkaXXmJqvrbLwvYJXRc+oAthTSohjQ2dR1v3git1GZxmyguEoUSDTOpUNBHdieKcdz0VOpN1xGUvxx7LsOFPKtVl/ViMytDqhN4UfKNMZUwB7UW1lLWVhfaPyuWiU/g4YdQZCJ7EeUF5YlifUsKE1IEcMa2axIifjNZv0yAUuWcAd47ADCa2qI/atJEe8vYdTx0xpJc76AOOFUVuPj51thZq/WxymHAK0Zi6BCE7prgd2LVcxzGAvF7R6IRc4wAncDoz1vGNn6T4uCkq2A7r48z5PALBqH4V2M8BIdYRD9JI2JEXyrS5nhJLZmM1CY2j/HhKe+fsN1G4fYMVuA7An6mhkyW92UV3Mv/0e+V/UzEvCF4XX9RTdq/56E8Cwioa6rZltrMFTQDxreo2uQJ4LJ7aENM76B08wcl22iYVPKjh4CXm/3xiezpmFlu3Dt1B7F/XtUT891+9HVEhNy35+dKLzO4t+AyHcOyG1ULjhdpeA3QxU1hpZE7EXR2XJo5k6mLRLbwLaV2iVHtfpdKC7YcPixznFOe+1cwzo2XSlrBpacR5Y8ybskWJLo/RI9dZW5fyfV7GnaK6a7dZUXWMaSr8dNnut4encdG6qYJbMYK8UALN0N7qNFeVCGh76NnudOZZsXVS4blnuCv0c42uY28I65pdaKvWPEreM50k6lWk7RVQnc7xYCUjz0r3p9X11r29bZThZGY/qxPVEGfsxXtckBNGj8T9mmFeuqMNpXy3n9D2kmIKXZhoDfIlIl1yf5YoY53xRT9xygI1L5Yivc/peNRJbJuUPNRnocaZX7+e82AGl2BYE8EaUH/JdWGcYzO1RvUAoN1JisTZ6MBRlSSP158MXiWXu3vaUtdSzsWOG/eAHe7BWafHZiAU8/RI6+xnl4pCOD0mZYfQ3BQagq+I1i5roNcOKuFOGdbpcHOfatlsGqiv/1E4ik6hNQl4NC3NtGwqu4OoXTp2ctNZVsgtj45YIoPjk73aoM2pupJIMHc03cmmV/RXYzs4znX7hNyNro1aV7Xs1c5Wx4MVE7DHzMPGulPHPAeF+Z6mqrhjjdYTVaD7i+SKYZzXS9azFcaQjzA8ciZfMpLzGDDV79j7fqnYL0ybeWCg+hBeP4lR0txGZQ/zXdfq6dX+R6D2cZsYheU+az1ehEWVeJsVHjv2CnUE1jvTQu1g7kyD5OV+76ooxvo46vfqdXiBXPCHek9eKraD6uH8vXjOlnicz2K2aFzKBi6XAobqiNx4JKesLpZTwma3IxM72THcUkxSLjGK5P/e7rlHpjNh+LfN10K0y7eGaSF3DG90L896Zu8mnETIjNx5BRdEUimc9AJ11jiwkZjcvh2VG8SglKeNliEOB7R2dvaQ/kKzhrQSNU/a2B3O+HUCpnCUrZuxQMF57Hdagw1CI935PTztICkUp+n0/Ml89ijqNEJJzS4Ks5kTZLSLKoykuKb7aVmWO1auDwf8luYtkTvp0pNprchNedDcLmizi0OKQB7wLDUKiz4ebdsDSIHcDVs9hfvGC+dRrnNso4rm6fKw4wNL5mDZu9a4yNtOix+gEzZn0qqzn+XKQYKzIiJmENSfzvqWTfZpTL2jP4XKtcxCTYTVkzvrzmxsHc1RSbvH56+n47bJaezocZxiqqN0SYFKvo7P//W//3Napsj0I9Grk/3+aJ3RHcT3H90+7CXmlotT6YLSmubLfj3NZXLlUoKLyl1ou3DeJ3cX/8asidaXZmN3zFJ0Mo/HQ277XTFMAQlVYzO7VyerCbNQZzRjW1hfIZUWy9e5fdDpn50k+1Qs4RaeWz09a4SdxNpj/XMnQOPl3Wy3WlglQOJG8AlwNM9vztTjx1TdajFmDlC07+1fXOFA+Ley67u2e3bko897x+G929CzkbdPXywcXbHr7natbxTq2B3GyCWR20uda7ugtWVEhAo7U33xnTuIOxuNY7O421G4wEuC+MwpgxO4wAZneALWkN0Op8qFU26ZrP90JIo4GUr1+XAA9Y5s9SxGHRE+cc2jgDw1YkpghTipTnRxedY61w/MuTNU247MzWhrR+QSRpc4TyTpjLGo7aBQP5KbWB2ejqq8k1TFPP2ppM5yy6bwpCC5nOukX47dEkYH2xPu4NQLHKVhozFjPWw0SeeMKykilJeS+AfvjRpmgkeoWEvQfAFZFzsd7S4TD5m4XCkZ844Cw76fxaXzOdCJK8OLGJfSIE/MEdObrthJXQC1tx9C/ibcCcYz1GG/siBZ80bPndWoieoOOeKAO3ysUzhm3YNj0ePOmjtjGcyfIES04wwcf+DXTU5eIqktfHDtETv1WxXdCNCl0P2svBMrCtDKclNOe8f9AXHYfsamstNS9khgvEHiiTSxhA28tgel7jaItYFeDNadsiE3Wx124KSf+XjtWk57fGZ5MlgPbcj7jkPtKfdAN3S1l0/snlOmQVYZ4/jMbS7AkVaqHqiP89O6hlnUL32AmD7BxdRVdHV7CIMBBVbYF4eOTwuGOafMQbKzrTSOZoLBKdOkJj6WWbkEHvAAX4oPiFMFYVNXxvidLdWdMLn8joPzSjzbRsAkpQ1VaX3Nyi+PehTl5E74f4A/0X8CpNpDSXB179jlTPB38ctG83peghKOeYYcfnImErXDeayOIe7G9Lw4B0c2eRc+FmGAdEL38Edmjk5EX139JDKtPBJdBjdORVL8SIlNX5Bcf8dI+Xt4wAcGTm9O7hUFxh/qOvS3zdf73oxZ1aqGSPe3SHBj/GOmYfzO4lN9vc1m9kYm9JEsj+Q5v7E8v6C2PR/KPiu4H9V6Ulr5Jljb8N2DrplLWgc7FC7noGnFU5ETgOXodDEZf6dTKubLZyKM8gakLbCZEPfKYmTq0osgSFpE12iOX2NnmK3/MrI4BbizCdN5GWC0l5j/l2F6gxVCCe6V0V4afd+XIP71/d///u/7FPOMGhmtYPqUijcjvl5iDtbYuIvjfXMjIEU7RjlfZwF0znGO9NtKiO+LcauhZNvmxo4sElOlEDQv0yfsKWRDsZbOsxRI6yiu3QUpS+JVYO7iEsKlV5Atn/qk7z7skHoDZMtD+3SOsJjMXIu08FV5jxf+Xome1fozGB+3H5eY11GilhHIGoHzXfg7SyXEbtrs0wG7H/t6gbn/i723GYqv/2/Rg35uuYwH6tfBYeyA4Z4u5gQ75vK9QM/DWG+T1LbNgKI0Hmmdp3cxD1mIFkmIji+cJ62hny1EgIlKdp9ay88nApp3rPvsLkqrf5Ak1dDE2jOEpQa++M2L2lO/C1UHcYW2uQwCHKbahteODiAwewQ1CldBRasG4nofc53VNKPTntFNYX/4TEuBgUtzhHd2q49d/sDUhlLW2vPXAkLtLpSs4sO+xyTM9by/rtMeFQThDWrHc44SzVpCHhTxjvZzh+nES7Tg9hAnbU1QLNwV1Bg2NvS28wykjdiRkyL53plh5+gMbjIJqZaKDpcNgRFLwpsn5vTYO2f9qL0ewnK4dgdOPZDqqIcHsjMRz5Au+ydcrzAQ1jW9F1ANA9l+tD09m7mlRv/p3AAl7jx3CkaqQiyT1yyWL6ojbgKL04wmdZPRfFhrgTzFRNyFCyp1yFM7wg9BNursAQFSdPerRcfzGL2n+muLt8gGcgNkkkNYp970DBehdBZUPxZOnfBm0PoBBdWjn/PgTp1p0AFoOVcXySruiQ8QRwD+qjMqHdo8Dh2LSWTMuLbVmyiibaPpSgrjpOkD3MNJ6CiM0y5c/2Cvydt9TG9LZVaoT3uEdJx++7vF3yS/cBwQWyeEAvL9Ue2EU1Y9IEYRtMOw6qt9XpvXtiE3xemIvB5N/XJof50xo0dlawS+2dGFw22W+sNPjcD/YHhwqxn1ecRaPOPRL4Uw05fuu+bWNGuXygAmtAfwhCdxxtDKPyFSfZKyZKJZpQ6JiNNk6p7L1tZaJiCd0ThVodzhGojohfPaI4TJquLmHaRATPxkUZ0kk4t7tgqxPczZGXiqiT7hJDrg5ZbQxBueHRelNPsNcV0OtzmbLzNLSQPDPZiHWW2D2oHjO+/UAUFYK42B7o71RcVNtfq2naDiyPPnKUptMJu3yZsf2M9iep0zdfoPXRgSsKSpz9J3hP+wPFvHBpq/PyQYco77Gfv8X//f/76wJNiBnuLodcpeZPYS8/c+o+IO4o/6U7Zi6bbXFjVbLO4pyEI8Qy57/Q7piXyUsPDFdgfPw1fSOwhXFSOmNCz+1lZV9r2E7oXt3TJ4xRCUW4w94LMQJt7mFpuhoP46LEp7+pV4I80217KwCvzxI+BGdp2BRZr5uvrNhBMBqZVRAy8SrcHM8m14WJNt0pctCPMiBOXm75+pLFBolncpdj12l9Bu9xAtk73crMmHUnT2nrBdtnmpg3J9e9zSEcld47lQaLLfjOIrzkXMi+aGw2OXM3i1V8ew5mWN4SR3UVVO2jfNMuU0hYQLorPNFKI0hXYrKc9jXhC0ctFpxB6jBa0UzOZyJYiK+bJnaKcWKoJ70ky0Vg0IY45BWnI88ONT/8I8ikkS9VMjBg/GToRjmdE/rwm4fu9CTvefuxMPN1bT28K54zQXh2EbhjzQ34+nBCcximFH4jZMiCSYAuvxaoywXqP2NR8tnaIxz++wE+eywLVJ3wWriKR+MGd+JcbWEngK6rHzGRyNCo0xBI6WEza2Xy42dxXWeZiQxQgSiZlGOq+rs23wqbaLXsL2CD+YEXDpahsIr4JKmpbdGD4WjpqWe9JzOZokpUVgWOzDkKMOOlTANXhLXGLStOZ2Ce1wTdPa8AeHWjf+505yox1iTHdlht+cW8TY0utgwEEMdEU42sIZt7n/x2Q8WElniukvDB53QR9a/Snu7/WMs/bRQJ/BRS1abTwfWqwTIvBEQRB1akaun0QEW+DC2/VDnwSOwnqua06O6rk5X7g8c4C0HHARG5X6aoHn1KX2HI7QzFFFeKw0Jnemc+o5GOKSK0rObEUHl7a4d6BJmO9wOiTn4eQcUsy1AevZ5wkuXMI7IrxIsln70MIfuJgEIOqMLk2Opr7GoWspXfMaopAvyu4lIKSkOvCHe9sztRwmjo+pw9OwBajm6e3ZxdmZtx1iDwsoDxm9Js6Ky9zyMDfqF/9bNW84p5ukcRXAfh/eWITdL1g90ci/XdryDPyZbmQLhn6VxkWH04KwzsRTX+8InL+HoKPoRtcNDIzyt/NDzbDJxSqnDTxK8lC++EdhuV1/UOuivwG6lMwHFhDnxrJ5uqntUp+5WP1JUFfWC8jjO+39KBPbzq2rngK85OO038o6ijDZwhI/UXuO51+ihiCXB8MZegexmlkqR7VOUnw/rMWIMyAXLkvJo6eUgWJT3xIwsZEfCXPYAWEQfyfruXXhHc+Y1jAC6j2I/3uU+HILg60zmpn72up9DeLff/33v/+770Tc8xnfgdhipjXirW9a8rD0hLKxX/D3AWCZrbx6cJDB/SbK4xPLFdmz6iLDsWW27rEXwv6DX1tCAxkKp5bY2RKSBM+HxoNEW29pTJK7LwKnx1Ic+rbslsG+nvu6l1+Gra9EZnwg1EOzjeS4FZxQE9vpsd8xrXxuS1SEg2sXR9Nb8kueALpr0wvN2ywUtdTkaOvFrSA7fzbl37aLP185LXw9CHHmRtKa1YL67iKKG5tZ58RKKrE0HfIHSDzFA+2h9YWctSQS6BlhaComG8cq2s90n2doN5UIwPKucwLqajxPkVasSOEAd030NrTGayiYjoBUEnf913PMcjyFVVSSi2xCDYH8J7bEk+5nDXtcA8N3ttXlnerpTzhPnKnhDKPQFik5z76ehF6GJlXLIozK+bfM5x2URDXrS7CN109LOOtiuYPivymU3qS5kn4KnoNQopvTe4KSGPA/286SkvElUJROPfb9RKiwDhzIwHgEeN36bESUtQyKK0BCM1fHhBJbUGT7QTjtTrKVIUOLkVXP+uYnuHobf+fN/6y2LEe5do2NaoSGf+6PRcq80NV5o36PzotjXTqzXAwm/vhzAFPcDLHpNUm/d01jNIynvocOiz6PI9Nvxp94DCozglATY4/0Ig2YbhsaEqxfCOffecnmgU9uBS84pIlTXTRg1WASrdPZlXtNGtB8qCU2iWDX3slxOyYjtx5Sgd9IAKC1vxzy3LjtAgg8BxZAAnrOIdS0t13WOpjiaJt8oKHDRyuAtkCpaz2D565+9tunYp1ft4ANvwNaFxG0nmNShLbKX3yIMVPEYXUsfn5uJeeQym6RIXhUZhmnVROtK79BFXMB4W2uLN6I5tRLOph+cBxQ09UyXSMLNNee0uEYGwE8Y0DbP3MdGdqcQD7dVwywaTuHdJw5DdUtE7OGTIfITdNJf/fwe2+a3wn1y/Q0VPIDXmuqw30h1FnrS/zQksIzkXrA52+m6D3GcmYZquEyboD5hP1ElpLk1apweoQGAAKVy/baan/hbq2XxMI41p3Y/rgg9CK5EG4qYkT1XWmQnTi7JLmmZSDX25nGx8OLyBDHbjmc8+f7M/mokYEkyaJQZqMMc0db3ab83pOqNRmtnGXdrld4H+b2gFVMAAAgAElEQVSdbdRM4DWlJd6UxZXpxPVMneG5yBTw9s/P43seGV9naSmmzioM+znTS8z/33+2nKrBOQ2F3+eIuwf148fff7dG/N5nVP7dnUTLE8sVn6O4hYuVjM3diCjc9c1jxttb+a1QLFCK/nNbSxiejVQQnfF/HErQ8TtKsdqarbt3a+4aeauvmTOj8zHaC7DR7vCyLOHCc3hlJ3MytFpzce0uqVdia1wmb7FoLTpELuGaWg/cidLkUbgXv1sL6+k/QZO53wStsZV7QWY2ljwVl1kviIWulWCR9Nt7Or3H0L3D9ruPWGT7N9PPorCLnyjf3cWtFC9Vy9fugMHOrtVtX4aYZ5aJZXvrw0KgOmxCXMAEy0kTW/v6ZXBxM6VtxaeVVkIktr4diY0082abHgpEJgv7jua7LlI1wnoYHOaUd3gJOqzl7HAl8aLfHHdNKHG1x1q4MKs1ccv8skZ8UlBXno32czVGQcdru1cIajsUZGATf3I/s2pG1/4SnYLTYiyhDodcaDxbV2DERme6HLeRT3ghWb/nm7zZLp25QaJjAxGTzLqCnKJTfnWmjMVorAdyHNunJf3Q9G4maIwnS+kuZ0p+uax9EAwwjeICsPv0HTN1eRlcIny8tslyPhAPc3OnQTQKiO1NEuHcOOA3M4ynYVDwYQ7slCnk9M4V7PaDx54puuTpFIjmh+bIc6HTDsQn1wt/Q5PHWucFmNtOfsfTuUs/RT0Tu5o5cuI5TpumVxBnZTwmHnJNT8iP2iqg5rZpj2/4o36VUlNoMeSymISwMXiNOppLT2dLwCTIMYZn/f0h5LxD8VjrDW6CCwj2HW638K4nDS9mOb55j/7D567ewzoLSRG3kmy7ZUfCkWER8tUAGuM1NR2d3u2xeqRjw5lZYhQhEisaSaCpbw03RIrCnr7OdXMbhx+ZSc9ogRrm6RoC47VLjJ7OGFoBHvrktY79DE9nu4lMRXcH/REBf/maoUV+Yje0gsfjSRAkBunUdGla1h92yx7gIOsfvJAyk7SKrH7MALch8gdSyMtd60Ld+1vVLS9DO3e9Rll/Bg6mRBY/01dq2V3vYlD/CwqiZDwFRZS557erTWedznqHu7AipFD7PZNAWCV51u8Iwxow4OWcnxybclvzQ1nvFvIITNtioN8BWrwoHEuBhYO0TeW8GAsRE0Nc7wgFUFyZx2MXuU58iihZr4udFfAI7SwGtkwFj8frVqhDMZp9M9Wy9EQtfYp1zgHkd768XfIQOcQs5YpWGog76A9LXMzozobWUZwX9gsAEZE4NZdAI2EtStFKIvfgIcXmToHUP8V5ot+HVNZkzN4GbwsNn2O+TzH/9e8WitCaHqxstphxKxE360uzsO4QLI1M2sJU4807nEKjfaNbM9LbIohkPV7QfdQ2uyWWUvTNzhZkRolR3+qV6i6hioJd04eDB26g6DT99cDi4j2TPXVxm3DLtkCf24iDjOHinQfwzbaCF1mm82bnnNppdzcdEGE6Jwpd8IthjUhriRjYXVqL172M7H2cX/pAuA+rWBt65V6AC7GPpvifaAt4ui0p98dDmaq9DxiVgExmT9Qitth6dwBKPmdUVER5UeQeTS7d4S0UomWIjaKHZ/LedMyOBOhvGxuRPHeK7EbQCnWBT6IuGJYQ0VDQi/5wFUn94tC+XyGJHB1dYujwYGq57iQIQTwOICd3qpTPJ0T97fVARzRoi/46cv8OCGLQQ2mqH/5qJZ+Gxj4zxDiS/EEwtr+xAJAUweDCmqlbstS8tdTMEHiZTIYGPPYLwKaDWasvjosUZKLpvfLSYIAzJpa/cZpHKTzzG7SaF97ZQDucule3ufcHgfXqpt5hlombVRk8ijvAnwSzdfRjdpxA7xsm+eI7UwkuziQtJKKSKkfR7QHDrRhWzFroD/4xlUxtJ/1K2SiNyOUlqKc6p+oUR2I2g3aW8IaVgIYmR5R3tp10L7xPP6ptSCW/YhCjCMXHz3lfl58T0rOzBl5KQprgHwEE/HH8IQvozDwHB8Xw4jbxSeiXmccvapRDBOeQTzcGgCTg+eUMRBwfcT8K1w+NrkIXZI9wOtvydIcptKUrPvtJJImdBptNKFd+gr/eI/U0BihytOGzmDZqTZHnpjTNtWOC6oSGXBtp+3aJDUSo594ekQ54UlWvwaNbkbPbmSBIS0cjOfGxaUcuLggmfIFw0Hl9Iws/nNRZxUFAzkSCnSagYeLTpL2V9Non4SrGVA72uAE0RzosEoumpVX0Pash8qJY59qBsnLb0rBwOg9kMqVEJSR1rtS17PE5AZe0NeAxHLLx28bmYB+M9SSwDP0jM3jKgbj+83u8FoCnd00XEp03TQnUFIu3Nqo9rMnDfO9R+x8r2tF3L3QWtufvaabFl+lTKgJNl2IN4wwsdeE2Ug6tKOisPVWRPiwHIO7sofcYjTKiRstpjzr1MaF6P+Mz3ZNvPyv1Ft1+VBseHTWD+bnELCpX5xoUht97AkysJvTaOTr0WT8GdYS8rcccnNv1uTTcyayeB5DFNCS2sFhEQPS3AH7s3xZHTt+fz5sECrx+OntVqyqoDFaARjsXrGtM0Ao9USUOlAl3+5pw022t0oTTsq8XpFsDhVfyfHq37r5id/9AuJYWQxR7sdrKKvuR/pXCp7S7o9Yy6teX+ruL2Xqr/5rcuw1bdf369i1GGU3n16++mG2j3LeSff7g39n5ipieO2qNxKe3X5/7N8r93+R3d0E/92nhz7/e3t4/f3n/3Jqq/57M2UUej/e8+PHprdC+dfrx/cOPFj1x8Tnp/avBTz86s1L+2X2+Xiv+lHQcdh84k+Ban0VvarF/+/K10PSkq5i5S2BZGMLdTbw9mm3WgIWkvEkeJwp0fUJTC5ptWdI7r0/H/7eunc8LikJfapM0bALs19/qBlIQNUeWZlHUD3OhpHV6QpPgVvcHDYOVtpgAju32ysG/jQRRpzJSHDuqcVz8X8mnwvLB/9UBNXdmvmoAmGZ+m5+y0S4fPv/+5AkIw4Gl5l8et/n0DJDVYRq73Zvz4xXVPaPacvflVfHsXbG7iZ8132aHbyC7g7yzME2NrHGAgULFqmhqWGNafC3HtXb3Vrn1+TdY06HBOyHJ63SgfjQ0lsYafnaPNBHrnWR4NmSjtB+6tTKQxp/3VO2STIBW7YGvWDaMnBubZ9ztFxzahGgw0+FyW6CNmuKWy1mpYaYeIj1kRJorE7nZMzn4m0Zq2tMJWdQmWKYPhiKtl0usANTRYd5UJd6GD7LGTJjSNks8gZtNfYue0OfiRWYY0nqJmILJP5C5gAYuQj3LaXO0mIfimQbcabPO8gl2VDSEbmpnE+4l3MwW8ChTGsqKe9UCMlk/xi22nQ6T49Ccy+RUayQulTP3Uq7xJCpHc+9uV6cNAwwEsvzTqLAyXQTmyMRE3ryRUBqJj0v7e9YXKa6qkfWeV33KP4llbzbSytim2QnvcPPXfKeagfbmp/kdapJZ3MTALYoiXBNJTcY/1Rr6ofFHbtPJhsM5yfn4CG86eUmAItD5/anPty4cgTDAQjKsNWHKlcJV154lQXM4lKPD9RRrSW/cC8Eg+b4IP12zGhYIPo1Dz4R9V+8pXwdzDCyopGwjVU3X8diCdIyB5QOrYjeRmWjN5HEbEwREb4RjN7XuVz0+VAGjl8MgXWL5lNoSzXHoAAaT+ljax9cVwOtOz/8nbzh+nsSCwTQwWVBSB/UQWTBoz21Tm4gkr7/G/qjcXNH5czBmyS5HCRSdNPq/vjK2rPQgp8mz7SyXqoHC1dnal+aESJCJ2V5p6DC7aseam0qPQ5EYcsylobK4qJGJc470oqbZuoYGMRNaSXWOFZOXu4t6GfvZUoF0MvUqokmv6bmYjaz0tSbIwIMSms9ObNO4vrNvqt8HOcbOZSo49b3yJiwai0qHDEp9RCdoPZI3zV6w0zQ1BzxmNbT8epQsUA6gGnnb/wROkwutPhbFTFmiTD7heHBVouO+9UoeBd4SLjG0XZFZax6DdKmSk9XHj98/W2b1tkVAKQbfdb1bZK2XzH59DyGfYwAVi6CCbgnVC8CtobrV1m2x94/d0fzx4f2Hm2uuOn1dYh/J8E67j9++zalfv758+4Lq7y9BtMaMt3iX0Ex+/tWCrFXZh99vn3/++Pjuxl3LPSvJ8Ppccw5u5HQNXoD3RsWPv61OcYqSVH782Ce402zfPb8c+PL29a3vhuQDgSpbvFtzbMgnYE1bPP0D6/LWHLd3H2a4dbNvlOzjNWIrvDtx2gU78oNzpgJrXmbXLR8MltjWrwmoCORIOZUoSubIHmWTzjzpMJJVCIbrym9FYGBOeccqqj8tIlMoQxmJFVblCLvorFmBbfouNSbxfutM3mvjjXl8FRWTyIe3i4HK6afVAmH009jjBnVAD34cNixQRoObVhgGiaI7pvN2HrOfCbZ8Xr6DPn/O1rlfd8ezuWH+Hvn940h+JCL8fIr1hlVG7k0h9YU882qWFQM5LG0qiDNQxgn7QEDW79KSBnjvmDIx8b8swQSrWhEgMyLibuAnW4UsJYfZkH+cYZEuzjM3Y2hfdqhOZ7gJSQSNfp8mZTndsWNdsMwiNXT4K5eKn2BTlaYHEQeVwtvaB7KDO7pcO64/X2kpzg4gBZjitgSs3QLT21hgApPprJbYqjdSjL3a2Q14HozXQU40tUVpYcfgRS3kRW32RIoHMK+B8tqGUtvGSXEb6VknONhYxnUu2TcJ5t/VzmQw44lnRiXTcsqpgopbp3dQKCDqm71NXPjc31KV9GVKo0lbaosqIaW0+ALmDKipO603IaEWgjE45KkgT0USJQkgGWsBqhVg5TQ7tVphp8BFbe0XVk5dD26sD3AcBtkpZEM+ZbcRrxCM+DoIAhDj24Yi2SYH9IY5aCKhUVGpO6KahKus4GQkJS4lcNXkZOnIBBKMkm4PH9yZ6HGLmMOlwkWPqF9suC9iT2YeCjGoqR4x4N9gTTRjNN2b9MJLLkYk0l6hbtWxBuRfPh6ZzhPLPBXiSEvPkWbhyo7zJanbKcbvZGZlYWnixsQUJTILA9MDPsvI+FaYJcJkwcC0hFRvG256knNmdpcvZ80bdcxuj8i6TF+oGteHB3MoBEZcmcFq13ro0roerIwV2e05EzMWrwD8v98ytYlxzMwOJil22z+sMp7S8bM4gpCEVPrwRnSPTEwbpC1qCBjGD0wuycYJ3QEHuTb/FsARwtMLiSV/C5VFuLPaF5a6zQ7VvFwFOCs98rG0GEtkdHKjp9FugCxSnfeYWxiIKo3F2mN/+MqHw0mKWMLGUGyX+eJjMPTQ1q5u1jbCj1Ioi9Tvt1jObXz2E1kNVBwVvC9d4INrStGS3ZZCaSVYp1svygHVOcwPxtyJQbSu4HqB+ucPX+XXfcRPDfYfHXZB7iZahtJniAObtzhtynO6hVUpfnv79W6Z+N5/ePnwY+/J+P3hy+febVfhzTycDMPr7mZ3H7cmjnLZDyioqu54d96dwLff339oz6mYu9+XDtd6KS46zUjd+2zuFfFVLT/F5OP7zy+tEH++/fzy5WcR6I2IX7/8/vI7rn1VTRZzP68z0jq4J2q+FYiP1XFfr6OUe2aWzb7LptXh1ompFgDrmCLgD8psjd2NqA55B/lxq8uDO1ExnnaKNLOVXPibxqV9dJaI1mni3K6rD3cKTpiFEO0syHRzC60d8UWhs1yaRiy4wRRhadvUtxJOyHMUz9RUadi79dcdXzlVske/L15VwmbJGhLrvrJnMJ1GPXfaFYSN8pHHqz/709gAo2tttgtZ7ODcqoKvw5YJxzUIC589C/PMgN1gNuyNIovJXbJESz3vuvGgr4zR27gRivxk4YjR2OUEaiLnH/mAOaOd8y5zGvqLj0xfB99JTlqB7Im8yuSIvq2NF5iaEgtrfZssEctUpXUJSkP4diOVm2zHUUko6MxCyN7T2cNlSHNiBsKygFFt5hIhyMZcKYa75wqNL7BMLSFXv49UpT785Q2HjR82zU/u43W/cMo9wyxiSu6shsTHqkZYVl+ZNTzzC6FVeCPLpc4qOxJLMnkDFuesCMPNSrW4yYJhHVkSwOH4rE/1wGlQmWwTjQTFUB1cWDmz/C0UuKIWH5CqRfsY1LWt68ESOM67wKxILSBTILLXwoKvqSeUKC+K3C59RnENhgkyMrMoOyVnvT6BTsAZNGasIieauC3oGVD/gjPCcy5/GbGbufpSnCmYqSgJlaxKvbhDrm22aGfv5YYJhJU6bwPBzIlk2rJgNAd9p6undA5R+sUg1bSaJ3vqvlvM81FlqJCgRg+XIiQ3bLKlGGqOVIE8agvpOVbTLLA/KgW3R3mH9fylfiG+Estk4HxtWz074RQiM6Z4RE7JhKWymNh4SJBwbvlEML9ST22RQUOJ7fEC9aeyVOhdgEaPqQ5smQ7CySYcBTOjZxWvzbyDVs8fvEp43sVqiidjcIb6BArv+Qnf+GJg9oSn3Bliqjc3C2ONhuPz88DPcywFmtfSOdDYZDnkwrl1afw3BEbCYb27QTOuAp18D3NjNTi4mrkbZo9qTiCLbY+NIAcleZNBbu2Wn3p6xkw2TZkL1Jy9PJ0+hgaUkFz2hGeT264KnaQYWsSy3+uKI5mjhtpAMWRqAAmNUDaM0rrWR1BtUzENBKaa0zpaFlSddLorJ06GpKkA4ivQp1HdnezE6jOcAxwJXUXJq7I9yojH1QycVZqDNffutA5CHQTFqXeP7RIfEKoRk7BiD/lqCbBfvY3GvPWpii9fP33u14uqvZ6rfHoFt4xlhn8JCy2rxcckWGsvC/9+64szW5lBR+zTT4M2lyob4eql349dKkrx41m13k2/hN8+//7y9ruXmn0Bz68fv79/z0PrtFaMvRGw4z5Z48MhXWsy+iUfur+3O0fO+8tIxkJ7t3DqXYzsiopQyGwLRKs1xP3wuO29nyq3lZCCvhKsof/K5/PVP9++fvkG6mN8epEZwl6FbrbPSpeWT289mEBKWyxauwpupq0JdwNzB60s46J+w8rrNkJRpl3zmhozN6Pjp0vaPEc8wvOGo/Uox4CWxqTMJsTvKU2QOkJvtC5dcWtkxOCZX4IM04BeHMqV7BaDIgEdKddltMS2/h5kXNMGjFbYmdIqBOuDnDXzTN22dJ0n62dUe6hvCYKASZSk0TbYrUUjEmVAi+omNpUrIMdyKMtcDZak+padgPMu6LEI4fILSqwEGwe8q6yrVLZxmTDVEBb+jRyFdhZ86RLaUGPdSaHn4xoxvkt7bNaaXpF/4olgJPQZUR1Ve6kKCgNOsvtZpO7O1dMpVI8GF2plj2I0emBrMVz8a5DdCWEkSZmuOZmyLEtaJtQRrKqowvzYC/23eqEwWEXb0cWlw5rnKpgGMyl1CSOoDaBOtPcwW9aaHV2cknkv8Mku7ygMLwbJnytgaZt/A2oeF+Z1TuDQQ1COMbLxzLV3/ObyQn1JMNnPPVEwINzzaOOkvIb6TyJE5iFYhylQSxb2wTsBviKEX1ccxrVhNKGdXFPgDnJhL/PwcyxwoY2NCnLqsTMN7RVD8SkMa223Z/4ndT7Vxf1Eg6ODY116laCmoWsQawITfDQJO5xgqcwISIVwYLcYRQYLAjYudzrOPNaPQlBjgYbMCNuxuiO2p1erIAb6pG7xTO0pgRXhFtrxq/nPQMAvngohCxC0tFsRdjxO7eK4ilQOiVfbutLINU8Y2NrDWo54TRi0EyWLq04tnjk1x7r2L1aL5mIrFAkbeMgITfvEa3C6SHY+ax7q3JRJcAfKyyqNEx0tyRmBMqdC4kHn50uCEpZojU3x9Ys6+Uvx0ng85oHxJYzJmeiJKq1i2JXVkNFShOUQa/pDQylOmpKd0Rj1k0jCCQV2jnXl29Jl7b/v1bT63arIIoqRbuEVGN/2zFOkByMmHbNjRhatrtebmspB47T81cvUIiJslEcvHSre4AWYPpgejyvRuTfPpEMEut4V/uQGIwO4HsNWAEmEsDuFgYkKUgmv2EbWaa0RTVetnCBjm0nKY/1WRy6FJFd+LG35uLidmyXoebofn1nLpV7QeezdzIF51l7TaMYDymOJzQj7gmngc1y/iBzLiyofa1mO6vjYS8yCldRIKSvLoRqqiRp9IqSLvqvOzloMbwXk/XNfel3VZJtUht2Cw7flW+ibQbiJVeTKeLR///r+673baOLZs8NYcimbUFqbeSam7531hzYW6u7ThxZ8v3598w1/f//q/0RbEf54f/vSDbwIWhq/94LzvzoJ9D/YnlufN+qFZY5ajXm9cbfqnuhFtphUD6n+6oXgfFtZtNZ8sXDPeGEofG7BtFR6f2/RGqYl//zsFeRwF/fPe9YW0oL2o/mmi3m19KsxkimzV5Hz0eXc7Vuxi4+j7s1GRcY66VCylsL8KwRZsU7tca5dXHGU6JjswLQ3lLxPWS1FwjpQDAYtKY46NRA6zCZDHbgAdrAhaBw19jo3KogusTpjw3AUXB4MqOQAxTQn2EUPrVpQCfR+GWeKrCZloH61OIwWk0jitYc7Z2srhRBV2AwMhiQLd50GsXJjmYqGn15BhqeUUuVKWc3oDhMxi3vAas44rNrg1hY1970chgMg3zqqu9+BOJKxum+rQW5YVEBmPvL4cDU7VRWt2aNpHrp4EOQ9ofYTS43RhdMn6NOovNsefU9Ks9CZgJ5tXSYeJMcq+gbMDbGZS6Sxq+Agxay+P1OEyYR/l3vWzMVoXLQ6EgneZNScx9jsX2660sxtEBKFnBCpoTy8OKRT++aJfGAyiVyfDXJJLjZ0wxXhpLgVwkTRlCZRmwZvnTGGnsDoVMrHoaZRq0zATcayG4+TFcWhzEzqA49oreCY59TCdeOCJKk2lp3ddjI3lOf7Ne8yhVuyc/zcDWK6k8zScDKFeYrGSo0cYSw/yB/thNZGbBFg+RYQtbvoJZzBNK/mYYjQEKmq9D2XbGbnY71YVSH9yvBrtcAgG7PMFk5BI3DEElityFJbkmbkzdLIHMN5EjjZUPA7s5CeOYbPc2dMDUDG0GuAwQYyAp13qv3ZnAY8aNSUev39ag1Im6ikE2CPjZihtbdCEgK89uf6hQwtv9K+K2/dulZgsa418gH62fbws/KYaUYcOXU4EhunXS4USnwCkZ22LB3ATSh0Ou9pTH9dTY6yuT+eTzzSQKI0e7xlMBXcH5NAr2GhvDtO9BTAY3B2jsNiGxkJFIOjb4YhTYahMe6MwILUowXO07Iwc0n5iX9SODVLgyibloy7cThAnQMyZcuHhvFfq7x4XQgI4sysPk6QqAlNPTYXCUVHR/ai3Iio4pN+VVUpNTEsccZCwigkY7Nm23sMMxhcW9mWA640rK4yB6h/cVFRzNePZVjyArK2Hp/ttQokHGxWn14GpjDXBmMUqc14Wv5IshGUGKWs5vBOM1m6kqx35a35lbgM95ZPp1V9mjPK9pr6Tyr/pQ5dEdBsl6XWMn2CuReC+5bsfv/9/a++E5FLrQq//uvrt//4+vU/3r58e/v6r27ItcKR+CKoKjvKuOoRpVdYr2YA9yNR9fTY7cD+8bKVV6WRXdr5ebnhZoCHmTjKOZNoryt327D3I552YtkaSI+k5tDBmF2ma5TOqEh53+J+WlLy1OoPH0Syk+VWkEHl8vPiE8utlduQsAm90F34xN7WZ1+2hmsGqgFUf9dnVWrrhfWOLFJbIALwtkgGrRm7LSQx7bwGSnEPLSglqZ7tgO5cHawiCurc48rzs1ffBSQOQpvggnkXlmDrqTEbatBJEBEpZDpUDI/smmB3lJJac2zbIqMzReXh0dD7eA93x1OpUTJWtivVVI7HgB9+ArtJgomzB7i/kaqlIy069yf4K58DEzMQ686pEwurnxThoKcMEywmZJ85FTnFdoQSqa/faTl6ULjQX8o9MM3iCjuo05rwLNQ0ELAzh8m2RRp4m0aUMBmutpIs3I/38vJyziVuZ0/QUUus5g7k0QT+TAyiOTfNDquBp2v+z0cNKmiw1O+S2yBIYbQuSiObJcZYnPUeLkDC0d8s92A8Xc/lYBDj/Wh3XM9ylWZHsnB+1bomZ8y09WgTAayeplfPyROsxljFOjkeTcsDY6jqn7/tN633mMeU0kpz/R4sGChOarYVMe3wkhVCD4zt0VKBoXVMirX6Jqu5g6NyMsflEOpyDWEXhD+Tm0dKWLEHrp/hatJe1js64PHNI4qH0zif1rR5eZc9lduW+hAa0T12/gq+VghPe8c7Jd226UlvGrt+8Svl0TzQ9i6AGbxtfQepgfG6j+OoblnQUYqJLRI7zNYjNZUL4/8FugC/yuKg/7CZqXa7PPY0ilU+Hskxhj4TnFj4xUaYrImG+4Cf0gBm84GpmS/kHwgi/TjnSsKM7DKMAPlEXmbr/B8Grj/NjdkkU72ARAuzGsqetgEZrx3MON2djpmquZrtAIryvTr5H6Y1kROyfzI7xFE5FX3GtUd/Z7NH9Da3c3PVoneBnSjgSKuOo5y24uMBMW7W8aoo9Zlw8+NjfE9lSGixBt7YXBQHHTpsxwyjs6GPg2vsnNb0MGa300XqHEGPWq2Uz79xP8zB0c5OF+GOoCVg09xvW7xlPYBBwM4IXjM2lrRSn4nxMTx20KNDC2c/f7RLWo7Xeq8xTLVZKiAiwFaoUR8MIp7AzxXW5ucyD9lUEdjyCCLhkbu4AUR5yu5dOZtYjpe0NdRb4/abS5pqlvaWMG2ta3qV+VtrxBY5Vn3JWmH93WTWq5DdKOutcXv+Ed2s63Un2Ql6rQpZF8ss99ERb9WxIOpd9+5DB6FrROWl893Vi0UvZX95//rj8/uXFoh9SeOPz5960vG15z3u43aDrVfAfWPM194e6CMJm7lyode1s+VJXR73wnZ7KzSLNmuy5sUJL95Zrw5zat7eHaYEYLWOS8RKbncZBfdGi7zwsy2wbirupqEgF69dYOiEHnkAACAASURBVHNITFPvIYy9jCH8CaQbps47TYCgG4qDjeDS9UoIUa4E2Z/3byUGuCRZWnY7MnxwPbj/NKtxpONNDgAgd97Z3ZPYHZoaXR7hTS9PE4td7Xw0QH1yGGB6l1e3nLINdk8Okutuasij50BIRz5SKXlaLQShXdyu1z8xTKoJrOJuHw0N9O2AZ1Ddu/NWh1uxmtUTf0x9o76zjpPtc89VUMeHyDSeDHEhd+lwhjJr9Q6+g5qvVxCMjfxMrsOOxl64aq5q+WjLkPHXybLXiQgEGjgr+ZUo7Fgf0YzKRlv1s3HRCdsTT0FKMpCZ2tr60BfpEQkp3ZVPwa0zs9HzZh8qD4luMzBgGJ7xMarM08UiPFwyX3+VV6iLVIMAbeE7jizUaHCw7t26PcbuVYMYbDZHDzXAopM+Rx4f2DVKCgmHYHSG63y9aI7L6OExhGEMR0s/Z90hY4qrh5VIjvasfeGv88z0DhL3urO+3nmObzirtNAAAB7viWkgMY5SW7/8kvGezllmUijOd+RWWWlNcfsZmaNiwnvhRMJBOg+kZLq3TWmBS6RYHElCz99ubXGbM5PnS2r9yqz66hD5+OKTnc5rLbtDiYKSqefJKAGjbL6IGz+xSyCAM06IEb7ckdIWZFXiaGw7G+1l5iQPRCvvCSZ0pVGXYHi5sI5EkPVnpsMhSrWKSCnI5TjTxDAn1mQeKCpTDDepIMtpkuTaOF6ueB02+TlQU4WNjKH0zNjkaozYfE0eBN1rU66Mo1r57Fjoxgu6UNdeh/HYhZK2timu5xIxHA5teKQ/uk/IphBfzGlCzptoNrGgF373BYRJlve7yylDMPiZGIqdY1dTv+Nu4qg3nNr5MAtr6pwQufX96T8pgnNodREhfDTSU7A0xfkFWxTG52zXmljHFWPNuyir5EuU0EOaQpLiJv9MxiY349Y2qX88E5is6lr3KWKUHh6v1hlanWvSe0bidM+SA9Lj2sEcV0Ro7lSotTYPuOGpGA5BlmvQ6zshzl3pWP/m5A6Vqjg3PhPJq1XucU5wsk/Ult+w3TXa0nCDQTKkWUBSxnK2MrmRi3A1W9v41pzGxvNjyZm2hRj1jmAU0jXBvK03sM477E4h0ayT3yjlpb5x6mLTF7N8/dzLul/sWyR++fy12kNFCGdlMZNzC6Pmz1oZM/7mVKegvW+gjZ16upnmyjWHu5e4rkmVtcJZQwu5LinedNjnob98/dIdxC/9K8C+oPGHL7z2KRhvFkzYeyR/9FL0pzf3oiWDDccYLjA1jrWFT69cl9fCydUcSWz3y8tKttNCoJB1M7qVV9fOxoHVYUq+t/BLxxRP3+LLdq8vsKJ2ByAK1rqkq5XQUQsMk9VMxmvqhNMxGxfiS25xfoRrmcHVBbpTNH3KvFvZY3OR85Eiy2fm5mKd25iBHO4MUHoW9ZqSCbq20PNeZGpd3JxU2a00tZPbrDwhItSoj2aLrYVcc3GpD9xkGp4tQw81ZTgVkaVPZ+3t7oYtXaT6e0DTnJv1DwDuUbmR8xAtnJVuoiEmmYmNG2ufUuGHfv2QB5WlMk3dWm3TcNTWYNDtycvZvtHLr+70p13uaHHkmb9Q7nfZZcMTFGs8sbGrB/LgpaM2PtdY1ixtKC+gNT78eV0x9n6FU9uzA6pEwJGL0rSVk4pqLlLT2epYkaQQucYMbuRfvtfGphvRom0MLCBZC6VyEUScG5Sb+aLcqQW1oyTGWUATbNM+EKmffxyoCMpToqEKmC7swsxepMCkCiP9ehYPQBqImeT8DKSdosIt8bTrYCyp0QJLcMYs6Y5cwnWwIIns5pnRdrjp9mKSTuMkUw1Kk5iU9Rj6o7sHxLcxNedUci39RbjeqmN7VLWiyJI1RR2uLqESawuhWSb1x68BTWAXJ27xNcRIQUt4BtlgPljoAYjfBQAxLHf9zp3OvT61aDwhSX1mkwI5cXEyox+fRXeV7nxFZeTa5kdGV371cGtKTaS7pIeSSg4jEkcj/rjzhyPZet7gRX228q74OSWOfRNafTwZ+j10ymdeky3mormtthCOfxwLrh6fcVJIek8Hdr100MK+Xee42iO+YsC1ngzNZJIHsW+LGvrox+gpsS5AxTsNF7rlkfudUuXg7j7QRGe2ObfOVUOHNlFgFc0kX21C03Q5fWoC3eidFzFfBBF2OJjnGATfN7RrK0ZZW0gUhMq8mKd3XAeWHzRUtsigjApi4Y2caHckDJW17N55wh0uN9NKxLjq0lobwXHc3iSWHty4X+9sBTw3ZpQDLNaEPtC1d5qmKFmZp/Iw5MBpH3oS45QBdoqrCeQmEbDkRyzWk1VIm/6SvvIxvl0AeAakNYzY+zwqEZw4kNDmks5QIAx4hM6hpAQN2XpbNMf/eZYz/5YQXX1x32JYq1NzWnkqkDzlg2FEm0sbbWpBVM2tklrnPuSebuc4jGm6AUVfDbRApHuzX/oTUhCjON6UKpIpd9AaxWdU3D5sjdirzF/54kKzZ37offj1PWrRrIQivSOUkRaNnu7cIBMvmeuOW7FIfv5tumsoWSHN0wg06nptd0mzKPthbRaLT3+//fz53SvNvR/rw4fef9hnQFq9/vj6/v4f3qvQh5CDv2n9UsU12SnykudWW2DeJNjHXVy8s9lx7jaMCXmLYax7a2L2jbjdy2yVmIobkPd94e37npuFdEVWVrIRWPdS97+U5Yll773Up2jaE07Me0FrUJo9ZHuZyCVci77BvySsIaS6JP7GZ6z2zeE0I1yHGT+gxJKVA0kgXjnpyrQjiQAEbnW6NKVjHNS95tLTwMVPPmsabMP55nFX+p9lDz2MOBbWlhcRF7Ez3N50rD619NK9AJSfcUM6tTrNccVBCLAck7OKUH/vWxwU61xj1A59sDC3pVd+86Ourruz0rH1QmURQt+8kwPmPmMqXTj3RIJ4pbiwqEq02lYGVk1teauy/QRRU+ZVcOQ742IYLgT9tLni1VJY3JsgzvUEuZSKe5znAXOYbFW9sTk3WuLXWqVcLh+jk31lzrDyFtVymH3mVJa3vi5AASu0p7d3IbCDBs8XlAskxXKqApDmyU3TIBvXEgp7T/DmXBIFqLAOLYsmGIaEJ6OXTGrLwnRAczgDC+hIpCB8FDy1LIwCqZ66tte+4onOgrYhUttyVyN35ne0K9cyuWJL+ujOHdRjxs7+ouGGU1u0u0A368fpqRuZkT4DcDppYjybC53060njzz4LbaEDpV9YIUVv3smp2FSC07qo4y/o5OJ/PfZA0LgZ9TCBsqfbSBdBFs2lE56t+i+JoxCN+h6BpK+OrCkiMj9YgeoiCK7EaXrashERhjQUaNgOxVOsOxzzo7ATVhacNIuy2K0wmHPYz/U/1ZYvxagST9LPs4zM0n5extOax7TZP4sTcRLD9ujqB8WPkqiEINX/eIWFv1tWdPjwXcEDEjpx0NNF4ipPnPvd4JTTxQ+m+n3ZFIC4VcUPgTO1/pTrTvZGdQA88g589Dee58hizXi6DJpPWFgchT+enL3CwpcxENO080vhaKgryCAjINwWHyDorL3HTlBMZBbP3FoI69EHcmcT87pZThyUfK6vfoLbagvuzKhaEmV42UnMvFVj0vZxKb4pswB6o66Yb1vj1Dt91kTHXgQSRvluuVGtJRYNsCVLKSxZicRgRs2uyV0k7tB08CfFoS5eoObipv3i360iCAVnMTRDBsOJRF0SXyEnwN+aq/DFBRh2OkLfmcF4vYWyAzGjUifQudFZM/xTzeNlyKz4Fi71+cBNbVrG+5lg+5Ie4Ka2CEBbaRV2SWetv26f7bIBr/5CeMOz8b/JlsqiOd9SuDhZnH378vYfX79966hq6OXb+fh580B2I9E9hS4ZjjO1Uu4ho52rozRUdy19q1EE49V6a0446F15PQEq+gtX4PtKQx8MfvvdR6h//fXea8u9kvzl4/e+6ubv3mX5/e++Afvzv4JcgGTJxewWKOfu7Htannd9v7XvmOlTx5XQvSXQ0krBqqBmAz2LaZIdiKCisXjsNfZ9Q40vZ2m9mGL0BMf3GtZvlVZ2W4M0LdUv1m3hxSoLzTaKZyrr0VseE2xbs3g61JTxqAmxYlwedbUVvkCfZd4aLOWyXxT40lUvoTA6fTQK+eiZh8p3EHuGa4C7mD6Xha3l9iU9Rm5b0i0UBxuTAXaWUtdyB/m722Od7NqTiGtKLxiNUDFIl7GjX5IQ2vypCfD4R6LApVx13AemLeaam/M4TLFbkSifeVRp8TQ0selPxNia4T3l2HCAL6TmoRS8OAqoFuEbanE+XR18ZcFVu8+sb9w+3Evq401GptJDQBHhw3NHJvqKoDYyPeosW9pq6myz0x6Le8xBpWTsZFiEVC8ClDsvXBCkbcEN2IrTJFRSpz26KqYAgH6i0eG9GJpXlDk+xR00UHHMSqec82QvUHdzkXLBdIq1KNfUlsqI3RVUv5Rtz7OgXrqmhZ0kYEqSms47SgJ4yE09+0w9uQYap/uoc+NEcuDOKcxvgC94KNVxjJpwKscR42KB6tjzUjTWEU4tzqT6Cmg0c+qVjiNF5HFGYZ/KLmKAyklEbpo9X2iFuC94TTX6UsDUE7ajmOauRbpZ8LtDYRvRGBb5VZK1G8LDebm5cZPsyK+W8DkXoW3rXGYebdLozuAkyMukN6f/wRfZTk+PM/h4PovsRUUthnJvWklWPeBQBl18WX0ILGd8airN5VrFY6523JFdRw+2tp0paxkzoIPezLbOzs0sItaPiqhEhzOedeCCkco1mCJGnvjKoE6xTyc9frv0xLv4ceHyFYvkYu8l2mTodhpMbVcwjhcPjBeB+eNMA5vaReDATPV43d3ofRJzpDIt/fWNqdrdVC0Eq9eG+25hKKMmUl+5hgO3UQmy/vk7k2sb/TqxN1miwD+nwa0Mjs6oCvZEFqSk2xJGGf/+FBw4G4QHiByEGuULGayzwhj+3Vjx+mFeLXyUCTaR0vwH02W3jlpYXu7MEWD4CrPenXVe/kJcTjvSe50SKVEZIHqDAifnpZkstomsWiMqev1yj2UtsCgl3X7ydB6pBUu9AFtl7DmdXpGZln0SMAE8yHg5XojWBrRt8dGagna3CZINhJX+6qsdnO05ybonwEaJYLKeYnIbNvx84XppFMaDxwQ70LLTfrq8mcRN9OuoS/NbZa8yjROe17jpEOTixRSYEmBt02PLNq/JtjjrG17e3r51py6WnkMm2W6hj+P7h7/y/9o5FpK8Zr3f+kvzLjcHb4rxy8Ad9dSgvFqhb/zMfMfdQOwbrvuYx/d7rffT5/dnMAvThljriS2CtGdFnoONXR65bKRo6d9vN/56P2UWG7bsClAvI0e3k/sMMkZFpodlvjiR9L/wMErTzSgLRXQfyYTrWLh2i7KgiEo7YRXlZDvbUmLzx3zPSlQl4iTPCfG3iFFh9c4RAsHt9U6p5bG2BR8y/n1sNyv7LLxKRaIOWZenWszDWwKUY/2rmWQcJWtwubZk9ZQ69yqYbYU8CLc2CAdY/zOoYM/TbAEvhRN5QRUvtMn0JzOsdL7LJ3NOp1YQVJWzyim93FuZZpV+A6DnJZ5H0qmptm3YZXyXA27XmQWT7mJQH7HgEdRl4yCQZxrIUgEQsLK7qOGQQI4aeX1XvJMQ2hkfqxRWMwduNpHfz6a9ZtyWrVk185LqIhqC5y2daZ783FuaJpOVsd2rFl3vw5P9/N8cMacSiEi2zz6efR0oWY26vGXQl0xRP1v6uE9ounsC2eFwGRgdDs3xBW/HndNNqd+eB7iiFhVjUDO1JblG522iU0HtWreR6epDVF8/eRt3EVWZLUM2Z6Tf+6u8qScuBcoqeWydprHZ4cCB1dd6tzI1DG6K5l/adYUlUm10U42iZk0pql5kbhfGyhb96ObbrthJJ5lY2qe7QTLQXM/nJywXZ6czHzkKrN4hy0NZ7Svz2amJFIaLIxspZnRej73Yb8hQOhrX2/Gh0U1FZRIQee7VOI+dLVp1niRcbu0ZtUa0c/oxaiyiG2YgnPU8zkln0Mqa2wurTGkajUDQyOUIF5nOYmH5e0uhcdA2hlJ2ejPA2FxnYybaBZMlAbR+zohRF++tAAYf5dr2GjQXQuhHbtnxNWRYg6Y/tToLS5AI7gqmBBMTZCWdbA0XAO3Jz5WaUb8eh+yNnF3EUp9oSsMjn0zKxIoVy4+ead9kAy+CK70oynQwCHiNYDNMkhw3nHMvjXPIAbSueyK+ykARER6fXeiVw9Q6NA8asww/IjBDsX/Y4yzwE0FwnZ0mxVOVEuLR1IS3eE4lZ0ZrnnlpBqnN6WPU7kojedGRCrMs400nnT34jTPhTXUI4yhB+C9tURxnBmt3OUaLK94Ds/DYGzShCq1HRyqprcNa+GGYGEvatHYi2lFJTeRrzb8ikeTmHBNgCtBOY+iPa3ygG1DgXJqrZ3Q2BWkaWOlWxxQIU1rEErLqWIloLCaexhezmuZLtld4NfaD/x5NUopp4QTZ0/FeXKrFfIkHToNkluH0+qLsOX9NI3KENqGUnEIc5m6hCZJXSy2GLK3svnz99qXXdU0HvjFQ5L+OVSiuoJ97idXEyl5OlmAgAphnBgTDhoqgmjjRrDNqWarP3aPmEh95GF5vMv/ZpbQlolWqmt1qdRy1CUZLu5ZrjRKtxSqxRkxgbnFxJ4vsJBJGEi2mJvaYntsX8ekLUSRcok6fodRCve+5zubgoATvpeeICG+/1SgqBmUTaHv+Qdyjrz9EMIHC1ePkREdxqtQY7yeDeSB0EdcZwiKYC2F0OuMKC1u6Dvith7nNPogtD0bqUqOF2K6pFYvRbnzdoMK12gzCVdcCzqDyrUbaZtp15EXojPHO4Jwyzj7IJLvK0z0vU3N+KRxbHeMpZG2u2ySPEj+EDVweec20spz5GmsrbrWe1hOv5Caf6aaGMTWqQPQjSAF4CpbUNu15EUwqIqo0xW3a+duMUHM+KO1HqTiQF2Sumd/pJHFRSrlygBibDXC63gvV9whimuSZh18rQXAqh2+JmyJ7FGnCvfYqckqBlTTuYH7goTjqimo5Msk4Euvywemg/zjwOkjHz1l/vxUYYsp1wWO6BlGfkNZX6gHKPhkfgHK3sLMjktisLvVAOkvh3vwhxGeYcgQNcQLaF3yP3QtcV5L5kfJI4cPgQWywJItDnngQhcWseaR7ka4YJ0tpAokvdybWCmpBGqryWxZloG95fdLNtVgOdEOG+lDHdxFmNYy5ZVQS5lQSPYzAvEOeen95RMn1YXp08cu2ehjXQBwDbispU8zQLsTJ17JCDUOErgGgEh8wqplYQdeOBW5KXMga24z2bL/OJkT2y+oj7kjoFdAVBKQ54S7coM4VKINMPmS0xLfWRdEwOfqlWTntpO7MtU8l9nVcYDRpOH8yCRGHIrYd2+OfvAwmL4zhCN68TX/3IdMtIUwOIblJD2y7uWxC2HMcE9r4z91Vw/lTQgTjOsd2BKM0RlHPKZq4tyUP2eHU5tHTkM9JcRuvqsACUe2VGeZRprmIykBTZwbidppj9MheWoCppxFb+IZhVKCU7h2OYIgJso1UgqO6s6THOZsYjrqngeEkitNz6OSKhBtkO+No+w0VZV+T1QkPUtcHAYSyyOHUjO2BzgLrzmtEWVqrx7r40fbSmwM7NU2k/zgYZvPQmQmFyrk8WCGUrjxnY32odHCiYuoHYg9+x0GssiFWNRAm2KXKk6MnMckI0KaJ6cFp2wWAYjn2sHcM5DiEFS0tgmdQDYVhShQG5lLqUUM/NxE1VpqeBND1cmxixaD9NdBU1Lu5sz5FMG+Ds224A22mFe0iPYjsvc1uZ+TGoHEVH2RHkQ0nc1rT7iBaJ37tX81ZpLUW+/rrG0LjVJS7WqeTa9/PPevDvsKwL0o8G2VvfqbwsY+nVPfNz0uvJEfAumzju3e6dZfm96d3S5T+U57LqluI731SOSJFM6xkk9/RyG2B1tKtj4+0mYjW30xVFsW/Ym1xV9/PRN73UrN1b/clf/ev/J5gCAk24tGBFWFeZGaLytaI4UKuY4vmnnmjwxRXCll75uhJ5yK8sdSxkIISNr62jVzcih8o56uJxX4yrmOL8bAVTSb2PIOOAbagoaEz1DxNpvpjyNECIPoSCt58Q1iSl2iTz3PSAw7EIpTchlxTr1JTOC0H2iiPQGuxvK8l84mY7ThWL4wFspNqo9h1IRJono9cF/DFe3i7Y5povBRKR+ac/BvPXb9ZvCsPRyvoGgSzvckowkbBrrFLxj9UH0l5MU3kvahOaLEy3G6K85oUkyICuQ+GuI5GZI5NaaS2s6Q3jQUiF1Qkog2Te30rtPq1EV2sYo9RTb2TU63oCGn1RjiWcRWLEEHlNtfC2igSQghmjslDAy/LiTXcjQE+jEZiJgf4vH5BKQ7F1xZi1B0tBdhyRuq4fvcAalE5syImApTTqc3qnJSptKmj1/IDaCI1baFcdxT2LQje1i12eJxIj3J8kURaPK3Tn1iQK1ZDD7O5YXe/3jmxZ2PTCCPu9up35pEepR6rRo2GCOajiYLAiKLOjRKhxGv0eNWBTAjHQsnKXnIqCGH2VwObs3tAk5lBmuolQOoLUye/euFl7yeeofxNm9We5u/pzCqq0xxHYAyrFlxlAEfZ0xkmlUQyk6GmyDkeMnYnkljS+b2w0yrIyrv+WAWnfEw8u6KkZHZjd/pjMqpka2PCWpwGjFSzFSQkccmwSUkq2V36khMTmU2hQ/HEBJ8GjsLQza4Oo+MCMCA4dUlejyrIfn+xgh2AOaK2Ad5D94MGmGYZTFV/T2TP2cQJ54rbCjD6w0auGDqPNNLj4vXHzFWvM/s1s+xAybMxw2FTi1sHotJRbfUd51rkYQWZnCl38RvNTLG2uKHTZTxZTHTYh9qR+CiqiS5AYzm5x87NLAvfc3Ght8sCB6SRq/gn5IlKZ4ywGz50rnUMdjEtYCYt8+vROQXEJoAi/+g0/I/oqMK+MQiswzhxIrFqRVNBKXPeAp+u6O0AYgd7oY2N/vIBALS799fZsmmmsMWSfsJ+Y5ENqVmqY8ZEWzqjemzvmfyQI1Xw8jwnw2kYPlBKTcxS79dBfwlJF5HzpoNMaldfHTE5AYZZpYlC8veWqBfeaLGyuG9AVrWkuZCthV3qTJ8biONAHzRb4yyytEwTHheSER3x+LiDZbDxQ/zHflYeb7iYLsjtw6hoWhT5LpWtjdJpZfXxd/9QJCH2bPcI78OPHxHeDZj+b0v3DnDMWNqj1UFCuVEcXgSyErZ39LBuABTDnz88je6OTHcwP7auQ6LVYvcypabTJqW+qPFTH1PpE9Z91LrfIws4A2mv0PpX2t6/2Ncp9knn1odf3EMcgXHpsCVfLbGKR9iQa6nqyelsM3i05oa/MDASO1GnrZ+jgrLYJOXjqeo9HNlkoe76k5Wz3JOqOkg5FPuO1qaSLCjLc3aK37LDQtDdwZ0ZxViuMl1casGo3XoHfogKSh+Yu3KLdBsbco1247xs8cD5+ZFV/fVUn7u41WdWT/LuJ1g4IEiJaL50Jbi7fJ3viiYEeifwCOJ7vi5PRbDxJ0ybHoXBOHCx3JLXkqJTpsRrIGG3ZWT2s/nivK+kduVpAq/+iuFmtkgwQZ2efmlI7a5Sc7p4TpNA8neFq2Vminz1LZ9puW8h3qvyKLSkRJuNUxa2uVMzMK1CdNGN9RO6XUZzBlMemi88oH9m45FWFdYGVOSGNXfWVDeVbLgIjro8JFDc5nZqWIcqcKbLQpEBEzMcZItrrtrGtit2YqyaWFY5+SduArsVW2s0TtviVA5GmlYYI3CV0yt+MSaSNIPEJXB1hVrHqY8xYolY7Ghuw4tSvFaixHBuW25fLpLBDz4zRSISFgjDBIooCY/yAbNmyDXLz+NOrTMBERxbTQs7alKnp6OHsfb45LfDDY9FdaaPeh4LHdhR0HrGsuXb3TsfzKIBe5LjzCyWgt1e0dhldFjjkO44RfwMUpqbj9vXO2DQyBd/nk+S/s0DjsTorCXWJtCKu9kmZYWeiDx78hWZnD8pYI0TvtSfUxhueQ6RiVnGkS96NUkLuLlSxxqs69cnxjDpa9lgYMPQCIQ/DlZJePm25ppUZ6rbhb0MyuHqIKBzJ4nKu9FdQ5sBftMAC9BXdR0r+z0DFYyFA+GZjt6OZVlTbLc5qgMl/f5qpzVHUOylkhveyAqdmOylDL1CbwpKUzimuJc/VADZdrotB7bllrIXjMWn5vphM272NoApkfCDm+eE0BAobR3UbZYrKHndcRXqKvkAL3iMDjVxroEPcGVU02w0A/FUGrO9WlExo4qau0zM4BQR7RJRhke5B4j6ELrZGucrx3WN3PwifR7NIKXi4z4W77waVnpF45yCnQtbWcE0J+Q/cNbq8hgf+9HY+bksxcpAF4jjO81Hy3xYejdV1t7vAo/zze71QhU5Ee6xMJgTxS5xL0pJDnBihLSrMQGKWhDlDuSFeFfQTkOGzW8XqwLfiVLkU/AUo22mctICccJwGEoNJ3s5VRBlf35pC3srIv8yxNmWRMm3VOyu0NvHr1TzJrnzkMyQe2LGQS869x/xvE4GuD6+eu7v9d43nx+2ynJWUz9jFaR/CegGwV5vCj3nFGbK4wHJ+6nd1qPp9mD/5cUSNoc7F73NYrEtgb2FslR8+tjHofvcc/cOM2VlFqTwJL6DBYsZDuV7lFEdcA09dtxDhj2wXZgcUKFRa0dKYBXYo6qP/HjLkk3ooyf+MxRIDJYPPESe/as1p2P0XKelWMJBpkfwDu94q5mwKoKsKvLy09udU4sWOw+LxqOSMCoUrDLvZ6YD3ARlfWxacNFaZXFtZCc3PKyTb0AtCjrCWz/tDn3YNjNr47atergvzelY26vfICwdg+jBEY0bIz0MxKh2dJ8MYs+mKx654m0Ks2Me4l4d0fBsuK3TCnLpek6bDYqVGSKxnuLXZgAAIABJREFUxFOeYcNvQUwYKfPDqBF7gMkvzrOxaBLZ1WVYSJkJXUfCF26nqkJXPx5zFWmEspEr3UehxOp8Pe+2j95UA5yEfZ5hV3rq0t1LB462utujMjc1ZLGtbN41O901lVftyJpEahWF20AXI1SNJQphk+oseeZwmeVmmgicmTGnEa+671bgCq0zaimfXdZG0yhrnQ2rn+eaiFjdR8pJhvuJqEZUaxkejqeqq78ZVp2yfwRqMtZiny4ROJxtILPiWkKjw7JV8xpFZQZZJL9LjgCd7bNfJ625l+Ppi08Axtoo3YBioHlUv9ZZQMV8L6DgbQ79JGAwCmuOhMHQoykVanC0NF5m1o8opfFabq0pT/VaE0Bsvia7pKclMQQjs4gGsr4YVwhod34zEpHw72P9CUvbws6wHmVzbxShOQsccrTeFwFAmazrSZshAJmwnqkbxUZShvY34eiv4okSs3WI+sjA0WWbU9qvLdy7mz0NsV3E8HDdN/1hurJ/Zh6udkih6d3Bwh9MZ50IX071fnrR6Cf2PQwnqxcgl/B0RbMWgeATepsgaq7wCt0mxBt9F4rLICMpcUv+xJpyNpbOp/jABbjeB3yEDEhWmY3rdDokec54rou359Xb6ivCNa752rjlkl0po/IPhaX/qGkf6tw/OoQTMVcfqY71HKmL2dypV5RcjNxqyerGZnPihWL9WgUhkIbGRMWVgcfQUsTUGnIoE1vS7Q1DkbFaacq8XCZX57IjANzT5P7LHj3VjIp50mTIcN2r0g46nwMTfRJ6ersVmstLB1evuf1CjC6cHkqISTOBYPmWNIvLNuCBJ+gNfauqhNc5cMD7gZAoabpizj6q7PRwNK6ixPRDN98W8iXjRhlWHRXarKFiay8K+LVT/pl5uppHveJKvBtzvZbsdetJcMV6QMnV0lfS9L7IPjxcwwAGUaZbYmXRstOkLBSFvwcGdo9hX0jZObku3rYEEr2FGYWtK7fAtNrrvZUQa+TZ1iMYbLM+G4RlKHOdtEiE2VvKDlkUR6OwWfc56W+LzeW0Jaio4BkP1sIuwCwuDfiH5RiBBHbQBOICk4K5f4ld//N+6csfvqFb2CrHwWhIMh357EgGNCa8wTB6KVbeuHJgFYCjcjD6FFdcbq24wY1DUEpiBa++wc9EPc0VOMl71cCR5Hzw5bLDPcaEB1WtOKYepnGrZXkuHrU6i4gY9JcA5TMZTlsgKnLDymq63ubenoCgHdKzstQ+mu1nDzVt83KKE4eYQBZPv5Nslmmhw1hB73DijgHmLyadRZugRl2R1uWcMeK5ZTPS7jjynO3XeswgWCLrrSIeOiW1AbbxjBgaz3JlKLC5kqHCfT6znH2o7CVS71b6TrQ9PWlFpoaEB17/Xcqmo3a4UKBZrQ3vzstXowBIhHsmB1EGBj2KyZ6RSLhWvQpcud62KPw57tsUBWJcS6BSWp4eiwVk6cJWzVd7EbaxWnQ6MXdwXNrmOvYUawcnvOtJI7HiZQAKjS34vRrFKSzAC3oC9fYUO7NuhjCs6yx3pgRD74cV5QozgrHcOsX52UXhRf20RPfsP/oDwVUw2jpqB1XiKMUd8nKjLzZ6F9hYJQcj3yldMHrSnZB4RhDhukv0nGO+v+e346T2v9haypyUmM+CPNbWXDjcLMbubOXV63ooBOQxLDARlIegqk2nRSA3dhjVIxXtumzVPReDiElHtcgbx9Q2fwLbTbiFvFl1QiLCR0DU24ayWbQmBELZ1f3qx3BlSfYQpmvnIfbJ9oNBqvoSX5kpHXfDT134pxbQNE/4OORmNtyeaQ6v1zmsK0l+Cge9F96wuqOzO3ynY7/ZA62FcgEqv1j3hz86f1zYYfEyLxEpUWOe8UVgBpsfpq5yoiE489ZFTMcLX0CM9wmMAkm2DQ5pdDW/vMQm1OrGgPC0BC8yIwGnK0kzgaI3wdUd1tIAOZ3KqGY6afWL73iyyWL1gt2rT3wXQCEU2fY9GK1JJcmG0evEaQsjIor16M/9gtAYgW+eggBXnqgbSp52u3ha145Q+O+/3l2bMdy1kPXO4y7OLJj3mlrdtuUQ2vdIdOe8Ey2c689NE42J5yqLFhmdj6O5FGkGNivNw/muBqwBYD0qO1RytOeXKnaMNi3mISpMtuLsYRqXwLoFrTZjLSWE2yOo1Abda7eC82is7U6SZVfW6zZ3g46/KkGpzdRaS34mVP21KPvCautDq5AI/t47ExdVF6KP379n+K96id90OIdUlbeSH5fuJGU48TuwbvH62KW5FWCF685db330kKziT3znVoj9YdPL0t0mxLFKuLJeyuQeSJ8K6A7jvGdZSBJdCg18ajjxjZukM7YWC8qtC8HGwU8ihC5UK2TRSlsHrUQ4LpxMSeLkVXUCimPCdp1H0s4stKoG42xTZzIX9zpJkQU21TnrsEBWBBlKqD86tdhV632WtJY991UaxPPKc161hN30lvCcZK7opBnARryqYiJSigJ8Wi6VCJDuz+awH9eDBA2zfOJ1M8XilZeqjejGq2sR5DLry7jT3bmHgOvqju1hY8J9LKayUMYl+KQPlWiHYjk/j5mVzxGTjKiIU8vQ5YH2rFYpIglAm3/EMb9cZMpmJzkWLS6MxnoHRUX/+Lefh9GAxtT6T1J8J4mjGa7erTnWPshZQmGKKriWB2kZ7XiVle64Ztijk5M7HieWkJTVRQhmR7J2vFzqxsJ5QAEQnUV6nWpVwx22mYKX7mFKRpzcaxklNsdhOEt8+RnONbMglU+tQ5y9i4ugSEtbxdnuVAuRAqmrmZeP2UJb/TK8g6UWYQKR21VPhFmsDQ/E9V5ODYt+Ob4nQlYtrC4L57FrZ0cpuWQlVgV0tcgiagsKiCRCrU+UyM7GJYv9oeKkI8JwpkP+mumGxPr2yVoyLRoQG63WvyfvvMP50/zLeoDLSwieqa8XpYNfeiZemCY/rHG4oi6gYquFH0fsQsFN0TZkiTQr5H+PSUdTMJlZCjXEP6yXM0TDfkpowJ1DW/3vtWeOLpML2dkgc0RGtZ2U1LfT4n9Ws8eh6EkuGujXNwK5/BgzIaPBDwPftifmuKbHq1gAKTt1Pnmvqxl3hjdj4ZQiCLFq/6TZsdkS5zZ27jH4hZVBUM289QgPnxZPXtX7kvSIqv9SllxQclSbH5pH0jGnbOPCXlcwjjEwN45NEgwdlBsHc/hsi96CleLdKFScjsPyRKDDFmOesM6lXhv02lDHypgV0mw/XnXSabvJy5phWsPdBciXioe0lHtsHAfU1ilNYHzKNm1t+7PvRyEMPFDX45Ulra41AnzaiWx5t1Npii6ZBvECGKhrk/IMVEhv6zhNnDSzdHwif2doola7nkckLmTBrcwWbOmaNqE2tWggXIVNw9QQ6dS5NpFpGN8zc4oPi04YnfRsKcS9KjY6inwkwmv1EPRgFfasu1/OX4YuUCq59DDSAnHiPHnUJracBPiM78JS85bsQCZsb3VUeA9sLxJ/+P0VUEJ9OSKUjE/hfXzqe//0/ff7e109p5n7HMuU3OeAbyf84nlKJ8JWCqpDCzKfsEPJq9J0OskpgkltTbelYatFNzQdt6jrHiHnE8kDUeiwHi9xbx1pPWkd6cw6sxqXsHRHvO5HSZQLrqUsZCsJZsMBXoRtuEweoTbjWb/G45GSdFzC6HIbVNg9Lik5qd1xve1WhKww1BbG3Si4EJyBRWGxYC+Z6jV2rnNdR/rYbOl7IHexmI3VYZc7w8kMADmjRvpRmiMuXmVzdV1n+I9IX5OUms/aJE2dASR73Axdbx/ivhWfiOif06Lb1rBZPEzEha8K3oUGGFeKoPuakjw/wvZstapCdTLr6mSBGj7Twd6W3IJGniibEUng7D10m3nB6fXLQT27auiqjX8maCCmcOLgTuV6j1cCEg6h/QCFvmRoneR0y1Iir6XeBtGslu5JPdpZHEqGLoOp9NmwBQEvVSfadBw91XWWFu1zu0CX4nONYdR5bcKC054JjbmHP7htHWZaMdU5tKl33EmhrjyWkTQDkMjwTnKM/qC8DgSBNlgJVecpO03zj+F/Ik9xayPPbRLduMcqurh2frPQ+TTg4utSpqUHDpF6xiHpqqAOl1v26zV2RyGf+LzGdIDvAjmssw8zTuR6THPnZ6zyM5iFr46M4Adybjpw9dO0wdND5T0/0EzouhkS25AbwnwN/nUrfa4LV23zzg2wI+LRxmh+pv9wa4oywMdFQfKLVsRQ3sFmIszuFKtne4CW62gFw2tmONRRZPykyohgrkdzU7ei0iQyFJALi7ttxnkqT3brH8nJoAV0eCAXqtlFdg5oxeUVOtB1EPWClallENoWMw81Tb/GImFffAR8MsUsiQA7z/Z+tpDQ0vwb2Rw9hobWUjjYQbnBFBrdkB+rSwWztVRjsQ5DEDjXsW90Sl5T6enC2nTXlllkHXjjHEULystqXZ51j/4SfebwlSVbb6dZDWbjRWlOHcSskY6OHzmBKVBSNnsGaRFewSAowUU18Ov2jsm6EZ5Nlm86D+TqmQsjf+8EFT7nzJuujbktx7vtN5b2hcG/ZgM9QxG7vseIWRzKcgyCz3wIO2BO1R1ZkQmdTy5e3X56vgYUC7lSeaqSrc1Iu9Lp6nxfgTEaC/qCVHMGfZvHXK4eXEYDWmWtljN2176aSkHzalQwGShqCWdwf3YHNoEZ1tsZC/fXoDqN9uukXNekenQHQ9ZvJl596s0UP+tcOKAKI4+fTl2wluUHua4+XZLG+sgX7KvIAZK3rNgsO6njkuA2cB00487rjjL6JZmvrBaL7H/8RrTl1Pf6ylKv5f7dCvF7/xBDbGosawkXXdatvbgSlK0bv6ApGi7Vyutd/6kQnJf1WcdZeBCzzgtoBw6lI7lSJXtFJvTsdAfRFJlB76EkPpVZj1FMwWMPFi98Cfl2HMo7bJe07n6Hk86WTDUUnl1rAT0/Yk37nnsEeRlIly1cO6ptr1RLY23xFk+q/O4wex20sPMvZIBovUkidQfGgumM/H6U71bY0TJdc+epVdpQk83yHv4ZZoud3pVQnWPo3EINi9UugsWHH7WpvB24GLQdtYK6qtBD8ap9/rI7PjUiUH/noa3dmSDUzK1RktTCC36J7aCcpPNEY9UcCAGahu3CphZGMGrNQfW5+LZjkTgr/TFPWdIN8OwuVy4EdXHRNoXCaWiOe1KMrZOJy/fZXOtd37h42nw8QeSnC348XpzC3xrlkT1+jxtiggVKWPbYccPlMVSCLtG1uOVkRNuMvRQFvlXHPA5AyUWjZVOcCtiKKB8uWXysR9cTLNkogEbRQegW44Bln+l9tEw5ck/0iMzQBDvXQgPQfh7GChXVM0a6SWaFkRinq6yq3O39fMOrNo8C1hdtC4YY5qTB4AxchjpKwXGb2J5ld0LKZGd1TQpVI446IW+JKW580cJkHJWj4HUU16JVnF2QWNjrXqztqwNTWSBY2cigBY09sEIdzPFInZFqzhh6UUJk/Cg4YEfctoVW625z7g3itbeuKGP1ez5h3N5bYVLqjFE2+osZmCdxWBn3MTz3+UCQofEnrhLS4avdgKa1G6xg3V9i+6aBuccjtPtRCcPtuGtN9w0yoERR8VzvhYloIY3jTd2cLbZBGx19qVu9Irnli5fMy8J4YonHJlI0Z1mJ8DCAngG/95gxNcGFx70wWCl4jwMXRfNYVEkWTB/B7EYAUA0SgvlCF6qIu6HD1MCrSu8PuJDWPIMpCdoAkjRa7tTqio8AZmAHgoCaUuK4a1sy/UbonsMTjiKmsizcuZjM5NOn6nSs2LyEbX/vDDM9thUNIQyh4zIgBUtgdWJ1kNAWJRgvXkSOT71+wKiNheiyMax2q+t86ZENtfqzK2gKesKZn5yD2e5Sg022ZsWDbo+q6wnGrVYz8UgpVJUCh8j8x3R2xUgy17OQLMEYp3LM56dSuJ9WPsUM6kaMicB520YFD6ryZ5uWGBcNT1owdcaAUlBAQmCd0kdZfTyoBm1LH2q6bdKx/JXoSjH/BHhIy/h7S+xFcI6TTdpY4qiwZc84kqNaHB7GkMWLXVs3zzobNa0WwJoxt6fvetERcjpr7zMmzTcnWyN/F3A3psxuffth/+FYJfG6Pv3S1wv8Zd4U1ZsD+g9533tbRvK7a9iNuZZ5M6il4GW3v2YmT5bGZ74g0yKwD5e076ga3TsN5Jc6qz0Q8tDxvSupuORnbTyzQspMXHPPQX/QEz614m7Q15xKtKw0d1fSJWdE8/Tsz7v5CDC4nAYkkG1xX6KBO/M4WtrF+KQERmlCUCs05ahCot5uY7uWjtou67Kz1/fu6/F0+SXRX/pSO+F2hbfPbTe+41mtOLq89uDHE6CXLgTjT+VsQ2OwCDiiKlzR3kQWlVyNzwmwK9onZsJ4ipZ5AAl4Zs9uFRVSd4jL5+MrPkn9SXtHDxzVLPs0eFtvm+ugFiMHrW0dvJwTgjwJCF6a6rd9xZ5lE3+6zqEwiBGoJMZB7dUl50CIk9PXrrpIoMJXWMltMvOC46BcNhTS0LB2PeOztMAi1SP7VDseGQGCj14LPVKOo5BIRz1ry0RI6USkFnyCKKaBOgDgkIK7NVYHMpp1ryZZwlRvycAhzRLadU0yPZHLpfGHpn8iwY0o3gK/rUMwIAIg6b2vBIFqmsOzJszcYnZKwDE9Ebi2Ga1UR+74peZ6jBkjm1qFHqVxOobItxxmGhZKreA5XJNwPW4hlyGFyJH6XvEQndtiNkti+QQh7fKyOfvFBBIf9WQEzPCiaAIaXzzMwctaANBGhOEolVZTSEJqgTFedCBZGQh0koRnqqd66DecSdfWo8PVPNltEAfI3GrPQDP+WCfbr1E81PFnJiOPRQfBixuZO+SEASiFErD6rQ1RhM0wYfYmkVN/qFw0AblWzCOkW5kVz0XGlaxe/IgwKzisRVExjJ14NLianIN0qYsaLyZ1hCcurjDOl8U7621L3wWmTpimWJwCZPnP5DfqyZtLOgYunpkVc4nE4Zhlre697iUWxuNUFtyOkvNJam6xyCHHEIJcovXutl+WOM4jivY1CEQm23UkSveCGz4RWlBBJb+ggGClpoRbUlRmj/EhIbGxyIAohLL4G8qdDOYZSZpe8yfx4jUj7Tde4OI+m8XXe5AZHmeouOB2VZI5U1M4V33c55p9pvOe5t0dDLmmXQ6RUfMJVmxlXOmiYzmWPdZiUjpRmSIBVkfYmqJWKAaGtHZWHImMag/V4mjU0zH5NnwGBI7VfmJVfK2AIMxHbdJiLHcg/lNu4bR4qvPxBTAmxyU2F2/2U8mWAR7wSMxWQC7TwrbHMyUWIOGdsrjEKUucqkiZOKOCsEUVnvvMaP2PulDssL7A+jxJDSuqOVLYsZKbBXd+xUVYNl8YsA1l3J9fgAKBPUJ9mvjNiOytiB+/JLOtY/pNIhxpufX53avbPz9+j4yFVlt3AT+nkEpSLLaxsUJwY/Myk/H1b2bbUtKT/jjYNk09ulHebz17wlc3kqYfV/v3PjT9Xh+77f02j/tQwTl2BM5YWm2Jth+pkLv2HyK+/eEgzi4G5jqmHJMPm/dAxLujVb8WjVcjYWxIJHKxVoKbqCY/tauf/wuGWoJNSdEAd8kuTFnMGn82bzIkcxtjekS32+sDSKbiUb6ILvuP1cQmm3qH4U2mAColG1DeP4LYr0TBdDx3+NG5k4IRXls62UKwH2VQzxxYJZqAaTSkuZU1wYFs7TfPZnJOQFWTZIwm0XB2zhSfWcCxTTeETTNzcnCEWEwiTTdceMje9u3Qbkx2PrHtalsqN0kBLxP1s/6KD9j9BWukbSrl6qCBw6sZycbu425gnautjDoRAVza91CJ9XAR5c7oT36IBz7U4T82kEMtt2AeEoWwkovyTOnBsCbibcEndJJZU3IXn2XmUbogLIubAJOLvL9hXeFd3PnC48ed0VrAxkvHPJ99oyCB5tuHRhacI9y8POeLUccbP2CObJaFhakUGMbIRWWezOuE48Gl9LQoqMfv4dUjOkEe6KLQeW2vhjBnBk2mai8+06a5NAWQHwIynOaP9TCvCbeq4+qjI2zPMrguNxgMHR7KfKhhZ88VLyhOqIWM97N4EC5BmRaZWcOqovLwuLqH1DwFwR6DTqkQGuaiFizlOSHQJjltNQ5vpeB/Ho792K0sOHHmlqYX/7TaCtyCfE6pHS7UHnKo9miRvBh0eZvv/Lq7NCNgDhz/OhMPZEF38aYtN0DuaPUDMUeVvjljNbB6I1vgOEAvH0JbBU+67CymhcLMJUBXNQIbDVrjMIPH35jKXnG/Wpvtrhcyses1t49kgE9MUVsdh9dxgb9nnPWXdeyjWU9+mybOGbHR0k4MoIkGWczmFNquG9SpLW5LLJjh8lrd1Ll1iubQSNZEG6q5Tn32U6sFX+Zmke5EakzxLGMrVpSZBxHwejWqBadaebgWQ2cSmWJv72EY8QIylT9xTXe8hpiB+fL7vYk7gC36l5zEhCP4h8IYXYYy0SLeeEFCKbM/IhRqnY0ZDvVwEuV0AuXLFJPL/bpghPNwmmszKj01+oadLqUtkBXguVj/YptyCA+8z4Wqeffm+HFZOCjnSOFGdxM81XRxGq0CmEdsRjl/emxZdKyvKhbjZW5z5Cql+3yJ3w+CRsGKjskjMZuqIjT7bYtKRGrMKs8er7ntrCHgo8QE5tiXsU228m4Uf+5mUZ0fi48nzVYYC0XBhdfx5spSIzEG7qd9T7G1Z+9ffMCSW2EqKVGxxOxNh24thuLR2Eqqvj47zSdB6Bmfe/Czw5qUimUQ8wh61D3gsZ5ZoJMCxFvT1sqChiQ1bzRjvFaiB7RAdZxANmiZj7YKv1FSX7FtbwO3yGp7Wi/ESeh7Wp+4L8+jXnttaxa4TSge+3vGmGmx/lp6inMmDXvdXR7AV9zYkYprz3kUhnpPmubYgdlFbi2Kdw3hrPKy532jKQCfO/leV3G7yV3phlW9GAVW8AvlWJsXRCUSvD2HnAHaX5p8mszYOVZ4y0LG1+2FrRqbGrayj4x0GjmuL4xvAIO5kXNaK+CNmZngfMKydoxIiU8gj4c4zlH4D29qzHe+4TC7yc30XjdZAFYKAULKyDIwGhwvOvvpTiU+gjVKo3O7zCaugKcvcCIzrqPZiSU5uHn8ACjdRoIATF4zoZpsoaEHZj11kuuVC42c3VXxOr2cGo1E67kaMZDHSPoFul7vOV5jJ3wBLfIMI3euGBTVHeR+u9UPVxg7F4RFGicNdHURMbeoMFjrTzrOTb5Oc1e5U1qwwjd3EwwkJdu4upIkKKK4BR78c4tj9hTQYddBJ+mJAxmleXapcIt5KdlcxIgkF2V2G2HMtHm+2VaTjuAgd1o0H3/mYnY75YZbC6nNZAdXAJWHllWlzjHr4HJNr0hWQvIhQeJ6rbuMpTfnGTEq5+aVv1kAoygZrfsKkM0pJfVFxMoopWzs3eW4HL0tmGALs4km7HCWzNipBW539DIhqmfvhpnhmXbdbQk/LxtIb2h1iGXkcsnqQG0CqJWrQmF3l+2O5gbzOd8GOQLbP0D1AWrzMtFeGxMysxv4diZL+bHDtQjxI7Dd7nDIi5mCk8halqoMd5Ks1e3QIKVZM9IFK/4RuuVvOCbcuuQ5Cmcr9Hpqqi/DAAnRPOkxvOgELKtJ/BFmKn0hTGux3WQ89wTyApvBSw98SXMTRWxTvimQ2WWua1pTwU72rj32n/TkSqqrsNST6dDQkCjWQSQAai2YLqRJPvVRk9mkkJXU2ddQNCjPat0pG1ziJSs3CEV7gYrgyW8WpoVuidOcgn0IcY3b2Bgk080U8bp5REbMKC18C5bBPsDaucJWTmm7EtO41up5Elf8hspCwCb3N0YJ1FCHcmBsL4lkeJTq4jjIYrmziXuqzKTEcg2z17VeCKeGP8gWUOAXuEWMX23NGCnef1J5WqbajgQyCaT5MMBBzL00Odt5CTQYo/6+Vq8JFzJ7vz5/aknYx02K2I/5HmzAXSQaBb0f8e1n/wX58/t3r1b3MRGzZw5Z2vXd15Z3wst8ZGbgOCXlH6099/xEf3z5IlAwlhK2U9z9POOHcZDnudhpwLU2vOYnS7YLQgd5Owdr3nxqMI5qDJsfpvixl+kPSyQOS0+H4ROn1BRzM4cAzsh8m6PiuhVMPQgl7AklIi0MsN9f4BxRMcudSpIqhIRoQahJhGtKSi1QRt8QYHmS48c/IogqKAiTZfskjP/pPxwCuk03uwgp9RHTyDxAkmwr3UkhnoAkXF8ChlMiGsKQp/nwD8dHXo47NJlyucQiKnuLWOUw/hqyEUyoHc5Uot4qMOQjejTW2VSeWZPF4aeTpDGTc2GHuClVpGtbWDdUl6aaKNxdF2bPR48jkjaGEYazF4JuYXjkF3x0ZzXZ0+tUxHi4Da6h0KkECZ8c6nXxWtCSHxP7teAqoUl5JratYxZiQrcTSFaeU8ojAzqJna6zdTX+kxUZtpGQLGBN7x3CF5mMfepLrlzwOOBuztw3EpMPqSLMrS4h3uEBLy+6kLhKOFvVZNNY6IxtxcSA37vuUlKgEei3VRLF+gXkyCwYtXG+fTQ8JeEVJnJNAyfgYtnbfXqoEciG3yO+gJzQqDcefYdrNZExr2CrZ3mcfIzitkMezMNwqyefg1mVSnY6KIyIgT6WEchbw72eQlJjBL0nhLEngNoA1NIcuDxQvsmiAx08mbuuMbUpgpiksKcC4m4xuipm68+KmnoORWtqC9UVQz72VCvDksrGUQ85SZRo4nhbFh6YLPVRAPyFG73kbihuMZ+XCwd3S2q1KjTWgpP2ftlahdDWg1xm/AGrwqgXuSfVh3JPLx9rDJDvoRn7bjP3Do2N6jFC4UEPBUM/rsi0op7fW4vnVATmi6TrKK35w/PC2eMG3UqNFh9WYYreIGPVQVzOZlKzIYkGlRPh6SwKnU0MnSaP3Yua5EVSWh6kAAAgAElEQVQRgRW8kk6nndEXw+q696AkpX8k4L0cXVPiWKWDV1D3ZGnnfNYs7eJbUPa0QWOvrBjXq/OEE30SpHx33QhexZb4hYi1MHpp+6Dc5ZSaoFIeBHMYzFyqIdUXsnTGWxiIxjjzo83vcZ2kKBX+yRiAZF/eisLir54NrNmiMaEmk+4VieRcFYuG3QBP5viM9IgII9M2JJO6UwBhpk3uvOBIyRCiQy6OEXXifKENp+tagmurwoELXi3nYmHVWijYpKiGOljpF9AlJsRmmI0iXQLMxBO6xSTYEMY3DqvInc6ldvLHgkqPASu/+7KYc9BZPwEOBt3BdSBhp3l2OwlKCB7duCdyAVJXpdbOGqrLQZ8oFq82lvvd6u7Xz7f3H3tTVTVdEPn9+0v/BGWfKQ4lOU+0ZxrhDBZai+MlhAVDIVgx7x/yaRHJ4G+JOfuTOfZ8y/1g0ptmIfVS6VIGSbcAdZztHncYs7WvOfi9Js1KOKm379r1BxFBCs3gEusS3s+wZUXnVu01ekN0fsFYSFdby5LS6cwkkZkFO2KXovbG0kDMP40aLs0kt7rI2PQATNRsAc8SUXJSUc4uvjKnQM9zaZ0WUzdlb5ZQaAYeT/ohFeAzqtTBLkE15jiPJU2/LS+WmaWtcwDrzUL0Nq5uTJNoGAs35nyAFyo3qPmaWlIdqsoeLdPvMNdzq55xh6B40k5+21BCUgUSI/ZBNLPVuJ9qTjHMPguKlS1Lkx4FsR8JOV4DDj8UXdmbMU9qw0kvgT3DZSmL9d8qAUe9vq4elxMbDHMh1ToCUc1F72Z5+M6U7gQ5t4gu3uKeXf6ZXGnCTsJkI9aZ4UNEOiWXSN4k64wgxE7Ww7G0g4LIM7byAG4HfMJ/ZMhAmJzJp3hcWIpdgKu8HsG4/bTGrGvv+LQd5wVDoa2NLqj+sD/TQtmpou0VEAKx6IrUuGgg3pNY1S1w8cwjZgfgEfUcdsXSGB+z4AyasDDcb70FYIclTv//T9Wf9VqTbeedXzZvk3kOKVENKcnVFwwDVb4ow+Xvf2+jDN8ZsI1CWRRFUjzk4WmyedtM/3/PiJ2UY+8dK2LOMZ7xjGbOmCtWsxv7xL0asSvxzpLKds3jJ6Dx6V4aKMMxn+pWpBedjCOWfH2+3T8JQWCrR15xve1FAwmRRojShavXnFb8wdcceL2sTaijrhY4zzrEKvBSt5QtEQmbni6LdK91tvlphaFsoarAacY9joAvOMj+5HXPsnoCOKJs4Idw2/KaUnFYLCEwuN6OVna7UFI7h1mfEQwEMKUIN7z6ebaax1tfYolX0fk6l2sJTWHMDdWRojdjGxRivyeDmwVRqdpnbwayeJZcddloId5Uv9WgVBqZIvNwOePmMzkEk7GlvDB2RdwaLIV6YmWNteGEtjlffAVSAW1yJ3D4OQyu79nm4XHhPw6sF6zaEfFMOPTVUu1rbXyrKc4Jv3idxalnqxWMmxeyEqMkBBAtAycDcGnQFS4dRTKBOeDREK5DrlnBKxaFXtBcszthSN+i4qCyi6FYuArUfgmeOkSECNsABjVCwj7W7euQI9ZRPfRdVFZ8OCS8OGAUi+W0o5qTT0BFOvR8r68QopJQeAI7TJ2DP1nMXCmfV90fb2scTgZHdyZyIGwwBuld/kE+Q5hGVm6a4cKEAyDyQhAfUbJvx9205gCh0UzP6JQjQS5bXbMquIAWh1X1CpgnNyTnEeusDgiweLMusrZeBWZ361UBdIbzOheXEMNcxwzn2+HhxohKqafgJ1RgnS115S6eLfNWV+5Lbz361V5d9kGlfHj9ihv3KjO8UtBDBp9fz/kaS2C3mYXqWzULrxH7xZf9QypBpsuHE662sMusRd3jdI87dx0y+SQQYJ0eQg1J9HW4AtWIidH7yFkKrnviuaQzsMklObDsVQwabYKegZW1sCc6Ns1ZIiqFHYgbq2slUx5jMknluCPmSld1otw6pEPrKob5PUUdcMm41GREWbFMcmr1FCDWiMFZ+Zr7gXukUnLaL6dXMkHEbbiA6uIOEvVk9gY7Fd1aay+cZru5Ey5RTTXWO/cX5QEWNmxYtTMg5NARLF7PGtX5l7S5RLoQqlvGUj2A8dh1gGL97RpIQtdZHBjsB9XhzH5dD1sktiGDDXZFjc7gcAJb/MRqx506njUAdWI7m52GspG+Epw3OCHQ1LyYUH2WSrt83KlhanhGmrFLLzXmOMDk9p0kWljMHMmtWOIbzsyoTqLD4mthUbTbOqizbQvyBXBWCdBY2c1/agBrGoN5CGUtNW4gKSbzZ62SaABlsofGNZZZ65biyQ5dpNLsb07t+pxywdkEPrbyI6YsWQ5jrEH7BYFRhuZKO780MmFj8MnCTZ0ym0iuNqB7VLJ8C4LurgA1zArVAxMZGahDCmtkBf6LsdJwERWAq1IBfvRn4r60bOALhqSpxgyPZo6HER/AtdlzDd6W9a7h8SgULvaRqycW9t2/JCiezvUAwpGr/WjUx+Gd1kKmpjkxHE1a+mueTNMXUN28HFkVrY/KhJIOLtb14VPPlYixoMuorTn/7jbhsps0jJNf+YlzTRFtZvEERgVggofVx+IztnMqxNVOzQaOUZK5JxYe+AjCDQU55NbFZmRmH9uZ2R3qZOYcSIfuIjOz1pHjxaDDk7BSg19bddExEqr5iW7EVj+hAaHBoknFEna6j/6OEVuWFgqpVD25qUA22uBvu2DNRX2avb2mhv2ccCwX4Wm4vd5Bklx4cbFvuC897HjNY/MeAHb6OwC2IblkTPuqqIXs8lraKW4v6aikItZY5ulTNNyTh+iKQ1xD1dixmWNJHPMyhsJ5DznDJjnVn17W0nQ0x1kcVwqnecQnMjeMHVNSWwuJtMOR3KRVB8L9id22yLuhX2NGy2EF7KIzi2vGzjavEd1FH0YtsohlxY9424sRtgIT7WJzMzHKeVMsxyE9ZvAExMOuXiZQZ2vFVKvRuDrsbDnch9rrEdaiCWfWxWTHzvOkZ0y7hC0/gXK0f2HH/YgDjvUYYF9d3APEbdHjVwpJJ9/PMrsx29UshF5/SRMtkk20vmOzNwYG9fWXbz6ORpPv11+8qQD7BPPnT4sbT5VZWnJcW0yfywISTMp9E8JGf176XhvyQrOpjYPzA5HkzT6Lh37YynfkYAXTNPdxgb3owpqkK0EAAx+65vvVbmuSekXIx1vGYA7Xp1uLaSv3uXJl/JBYJQxD0GQDAMa3Dk7ZvIdgXTJt9AI+JSPo4i8r/NnXJ2SEUJ273CZdevpQeALVXKcsAGpfnB0Z9j6JXiSKjARJQAVHZZkWb4Az0zG9ulWsISUO87JzdjiuZbZ7pEnAnhPRnk5qfNiLjHSsvIdAG5vE2h9OAXQ1KpQM0Kfb3hwQ5YRxSID2i5cA+GDdHql9X8Cs19gPaUtDfbITsuZG/KZKiRncJOvbanAjeKoi0gFvn0049noTI1DbsLPrh/MbsjGXEt7YkbPkeTRIKf7aD7/9vIKguPdy6pGtJWzAe1Qrjllb23js5mUCzVK6dT3eEjJbWGhylfgeT+zOGoBb7Y8s3TpHxEGnFJRC4EWk+Ohe6ITpF0AXiQaugC18hDZLuEpCHYasqneo0IydmsiSYaXj3bdYgx4N9Ge4XccrYp5p7DwMU+ImDqc1Dtc4lNYg8FshsTuMUbiJdJMSTvE/RMlPrrqZcDu29sdDqaXULZf2LPIaVyU94URqm6c1Qcu5uvyBruSN2cuZ89HMhCuS1lVp7WEPXLQwKDmQDmd56azlGdiw68dkzKM4CzXXfhpazk3YlWFzg1n9ycNKjlNjudadzJ50nX/iO6mlMMDmFi8MRiRxkUo/HZbbcJKrMzMb49mOeMwGK6wFxt7BOIS1N2wYSWa1l4A9YjkxpSh4nmBGrcGMKoy5kWsdeyogLqjtmXIHPJhyimBxviA+TnbZT8CYvNhvpD9NF7HsJWOOSegn8nGoCYsM8MrdvpI6u8zjyTY2+ttHKfl4SaRTYa97fTnTT6BB0ON3Zwk7I7SoCzs4ZT4rncuGtIpjj217DtF5VT3zPFd3dS1oUbunZ5IVQN2J3kW7Y4XDW7bE5GREW8UGFPOcg5dPXb2JdAu8LjzUZM0dBcO+sCig7i45NNY0k3Qw43xc23UNvZxoGrA1GULIXGSXgGB3dV1j4NAhcTaaW8c8FZW+cOyWC9wOm002uHs0PoSuZvvMBMEy5ElyTTTgCJCzyS5EU6ltrB51/qXeE2brAabr8IaB2Zlz5J2BIxMM8KJ37hoMHdXsmaLV/8p5Ovf0Y4KhjF3dg6oePbbVkY2j3tft1prIxDDteManJvOkz7IKGGggmNEZuHBKb70tNHbvqYJZ5o3NGrpIu0n5+tVr30wUF++t6Q0TX/Z91cEKiB8DoffcYBgOHsrYjd+fPjJ2gyi8EW3Jj0lS3LIXLC0ZRVlzi6SO5sB8rHUfA+sL0n7+KJ8nT5+zXjKWBqOiG4MC3bbrQbDDHLwSPDv22h8uI9QunFB65WWmF6lBoSmpXLDvDRLs0oZSBJDFkvP4uZZYv9nUiSzxHwBqSRCkZYYJrYMQUuls7yfWW8rVKMVpp2lEDiCEErYpXBSWj2C8NBFQkSCVnndzOEcmiu2NVI9liUDHRRn9To4VG/FwCwRSPWkkF99KqGWi0ulY30GvL515aM0G0PNgyqte+Okbn+wRfGE1bsFPJwctyBhMimgQfMDzuHqrTE60Iah51c6nyWMV1qqWkdRK2EVttEyNDqpGiAZrFmpCcD1CWtcsDhdgXWdQcAa06r1oCRmSnl3prV+YFzb3UQ5lA7OhoYJYSupGsFMVNSL18OVSopDZ7jGhcHi7N3JQyZQ7xwsxD+rGHSfqi84v+WYLt/0WNecVjgp8AWhIp2q2gnMGCpSVR9C8KOReJ43tZsOMPwNhjsBnNfF5GFBNT93e7QeZxRKmeDXwFgYmq2lGI8T/Wiroz0bYnMlSRr7u+8ZjInzJMiO/dMGObPtVxpI+CtO/NlhTJS5OD/rCMfbyxlvqjk1NiEXLK4ZzlHmOtOULjIeC6NYzW6bFfFCeZP2jr4pEuB/5oJYxZuew18G5NuZBV+eo1J2TrJxRxGoCf61TJ5TqWnoJEqLT/sY5daH1QL2DCpNiOCZtPWwrs85cmR6D/JD2EaGWhAzVT0QfVCsG+csbvNxCgD2QdhSgMFTqewxjz7ZSFoHUN5I3vHO02p7SAhg4f0d8fmYVGN6D5GTbL1fNIOPtXQzTSkaEiaZ5o5NK9RSJxcy7DupLq347yaPTsbPMOl4czCjaepwPc4+J2XGrLbAVM8/9BEvHDGoIzgAJ4dhJypngMrecgMPC8dMpTpsJ7k7XBpOSyhofqFnhwRj0Wuv5/NOnRc1Cz8W9S7U51oU1ZhyPSHIZ3UVH+PFATo5CC9HnRFMWCsABbDnZPJo6jIBOYEJXQQ/5tM4jRhZwsYrwtQeGf2Wnbnx1sktX3Q0X64vH4sIbUGYW+bRoLERIjB+1i7H8+Zt7hWa0+AUb5xiMev/rt8XM9LuBYzgwkVWkBf1iS5iytYPjJZVbxaPbIpkv62ZoZqPwk/+0nFVTSEfiBs1TzVExECgnMRduNgvaW0vGIcSfPq3MimYAta+s8h4GxAZbdV7FbabsfzHLBU4oDDZHOu8vSLEUzV/2HU78KDM6t+PZt9hhl4a6rTlivq5McM0ZmxlxdWu/4Pb16P0HZ95XKb0h6KePPaEwqvtXK3P+ucLFqqCEQaswdsmU54VHKrOvmM23rei6SM9ZLESvM16NLtnYB3gOdUBTXLDraD1rOi0jQ/uWiphSseSzoMgcUy0Nt1h2kdJLvWtuIjnde5sW3rNT/8InbGlhxZXxw5cTHrQ6D7GKuswkqrpqxXcIieVtV4GEG58+8/NT/6EmEp0DT6GJPenJE991KotN5fXG9QbDnj8W3J61fPF531vPABoYIBEvuyaA1Ylxt6gJadYKQS2eWtEqAppfYue4HJ2jQli25slEpWZXgGqC+zEPaLXNWFYW+DBQ2jMQQZiNVVvMhPwhrOcowDBl3uWKRazaG3KZbMtWG2LGpxXDhNKPzPLJDA1q046MeHReDD0JMNUhWZPHpydZY8fEtIdRVqWmHycpmYzmubwESBd3hGR7MnYRxrEftor22gJpYD0VsxiNYgBLVzjwhmtYCSs2VW1a7plxYe+EinsHiV59zNIOmfQzu2VQRZmy2Oj0MUGiFiFo78jhtZBc+dV2N9ViEa2oUM+tBUWNhqKKZEycHjERifGqbREZPoiZSz7AC1YmYF7ggiOwkNw1qaFpLaWiDyOBJbZm0212El9+b8bPbuoTJsjhwWWbE/3xLBuRA5w5XuSV8klWDBMkh8oKXQuJkCRhZxh3msIivbZHY4AMigLsMB3HuSpgkaKj+LGIz04bRCvhjVTcCKS/3QKFlyQ+wR96J1EvTsYgrUZ1IpVKlTNJ4IVyTAiM1UVJo4XCGBynnGxyEEXlvvCFIq4IJ8O8ON8CKIpdAOqI5oZgRApeYUqmS8CSwbMaIRS4QOZdJg5RZ817av7iWud56szgn26Gj5Ar5AaFCHWM0UKqxgOtYXilT/uyBn/PwUhPJuQa4zJSUxHamhtouI2nFLjopy1x2Ts35ZeEyhr7xNRG80dFsj7T6ySc3WBKQlB7dpVMmIr4iYVxtRuX0PiEDM8N+7391tXrKM+XuCSWcwW6ChPDBbLk5UFdAefE9uYQSel8QgPvbG6tTSXKaIiGDWYdLwr1z5GypTucOUnSbRAysegq33SR4RYxm5eXvSfIV9oQIbFkj08H7M+jkG/8IZsI90RHNbpAP5e+xOuPJi/9wCC2r+/c1MGIzA7YMPCq3ZIzH15ylhKh+MgGcVutnc0vuGs5M2KohQdP7S4knC4bx4d+sMXAE4/Wbg4AUZSlpXXmdjvdKmz9GCu3FZIwLz1puSe7gAyEtNyqu8CU73LVcTHKgk/g8jZDFJ6t49HOMLL77eV3zYSqoBbIeDD/1b5L0duVJHezy6W2E1wW9rWU6/4fj2eTMuWfuFTcX/709eefP+V4o6N/C9LbFLvt5flifPYlK+ZRvabtloB9oZH7c9n2/salrUPMdh3dkfTs10Vhpc+kzXDtV+wKBpBlNT7jHmFhAHLyoJNd7WjPpe0LCZMn545oJ5qadfbxFlkKVNPU6t/TkwtznTc7qc4qTs4zkSRDdBSanU7klHUPZpdVZ32dGckhuZvymOETw7f3b4DCWBXUFLOC+YwMeC3OZzlcNDofOHtu6gb09T7LdNMW6KKc2XYMJXcbIrfJNqkifAacNgCaU8Z+CFcWdRTj1JL2aJqz1o4MjTXtLgtD9Y/ciK5bpi5HW5BTQ8JcXzhXeCOzzC+Yg8EqJ5HpsB1sBDaLcWLGorvLUZgbkImRPdFjXGaKe7GOBiWABgW6JDy+aGySYjPScBJ7iR+3aLnaBdBOeGsIRJ1rSSA+BkLK/OOpvDNolukxYNjhvpA5TvM2CCylVWw8bwBxLrFghlhYQ8NsVoPrUZBzVOFtCGZFuzcwzH6Fsit1oVcZm4rmAiZtHGEskAKfqufUuXMUEimMII9NlBKNQi6huquRxUpnE7MbJJWL8Myvm72TCy2YOTA9yZIQvhWJG0V1uxGHoGK/pEQwoV7baIaUsSHyhMF4mPmkQ1Q4pytB4UHTbV+B4u/sQSdxOOcltCxTv044BQ10GY8meV3MZJdaLRNfhh3N/sRKE3lh6+FY49tx0teLo+2gEo/wnvGdw7CZq8zq6lgAH8v8NkCPSv0256PIptgQ99DYMZiGdxHAKJmQbxqI7YoDndoD2s3mX0Dh9ZFjD1k5aIwOkolzZu6iDb9kH/U8XDg2TGT3ivvGCR51IyBkjsc7I1dGc0bdxCqhHPeZ58Wy1hpbeuYdVn6IJ5j8y3GPgA9aHVRhl4Rs72Zso9pNUyLn0sobpEsY4F11PTb9evp+LziyN0M9+jC9cGhKfJsGftUU7VRddcdQCNVQf8VInSZiGKaZyW6yiVJeYdjfonOqDxZDchrlrqHCAZh1ViultOKvYbRXQwZvWeh/WpgYxr0SQrtA+nHzpxOUzxlhacOv4VcSsNsaG29GXDrTIFFc5lL1gPt159BdLd0GY6YZPKq/dK+g7nI6EonnyMY8BDgYAaNTJDKnWLhQC4HaZC4RyAtHbauRlmmaD8Gk0BZXgbkCQzoVfmVa2XoxYJaEJDmXnIyYJ2djGCdgFmb28REsfra7EGQ4Sba4seZaOr71xog8krwp3O4KFVOlOE3WZ1ai9zU3YsiJg775o54M87XxuamuEshifzMXrdIksjziJxIQxK7KFCxebl+e6Nb4uWc7Sey3G6YJLTX+XTQlK5gnbFgXGez7ym1VQpi1FQ2UFOactgRlKM7VVcFJUOI5PVbJLpZTY18UeT0uHeCygsyeI1r9eZ7eeSwywA7FPYbtpsQYKYcdTGCzCmiAlsBplILNdJ4lvWyDAh80516e1GjapJK2dK8vYR4gpLc97PLbXX7jaI5miUcGHdWU6QTQf6ECU2MNS8yiYZyZEMbQTNQg6HiurxAT9xLhpk56bb9EgFY2htvsEmAWEOl3ckjyFZxUUk1ekx3Gsjtn5l5Q5y0VHs3AxoflUedynk1WhrS+WUPsJDysdjK5qGyWdITKxHb0yHfsaNEhsqNK0/KgQVqNIahudPKjh50p63m/KExXro+jg4VzXnCs0zJldlsQQznXWQym8SiGNau0bUHKwiZR0xPBGQz6BbxAaW+ua0thNEcVPGPSMVoQkhgXAFYxM1yWFYimCJTRnbB85UJlbmyOHAq9DMbUJM00/lc8UAZB5zHaw7Fhw8mMDCqlITzMgN3EmsyYuz4/auOR/FnnIbi7DIbTMe3n4BYMRXu8Jjjfb2TeYkcDncotLP72W9OynmKyRSmMXW1PdEGbcEGf99EJ6Abx0rHzXBzVQtTbgYp16hCwbpOXO9qloAK/FJxPei6102laY0L9uVKJbw0U+stD+KmMUDaynKBt8SdpaWDdkUdGDTQQ7cj3I0rNtDI542scyl63MZa0U6UDcBgXwQyVf5U7yI1Qotnzals4dkM+kOCBjxk8mhzhdGHN+V6U6itvqcEBkMqmuh5FD4AfhpOpezEsEpj1QyDNvEt8k1g5Wmxoyp0RwB/5ng1Rm70QaFYSYFgWdQY2HmegVh3M+HsGQ0Q6XSDn8C/9zZJDtZyaarZPi/vsjr+UdMLfNCDxzs/jEz7c3pM0HUU7ns9qv5CHNAQYpmaeZCr+U5n5Ai3IQ5a2zpe9cDqbY9s/hrUJ1t4xcnhZCTPkwu+iw2otCilJ9zXoRtTvBfcSk8zG7NGUGakYnK6ICHuHNan4UARK7a85BcUc317urseZNtItTNJl+zpFkWC3nGBE8IZ6kch54FCD6ByAGDAjvslC6tApAwZBTw+CSllQ08Jyu4lZdq+YY623O3D55mdbna0EzjttzmOXSnYWd2DaLQ+XBTGNuZFLSG8N6MIsIAHYj8kt5grzKecAzpMbbk/SE4TEeL+WHnAEhiUmWOloaehrIlyW9BULEdT/ojLzdEKMcWmbs7BqwZ9o5O49T0m2qet6Cy/5E0Klntjmp3D8/JXI+c9vXTJbwHj7hgyyI2J702yCY5QJr1YLWvuOEFIB6qqDvVrgXjUHFhpHC3oNN/Zy0TE/UyGYgCTvhEM3rNLEVBzuYo5yGKaXDtoqt77ootfHZ26KdZCa7QljdTynIA96B2snTizfQ48xk4DNBXoq9N2PUScFTGAmnq7nAk8FbObonbxfffbfCr/4WFiTy0AGH0p9HI25aprrONq3M6hWCQVhH6Ksr4SkJ89G/oJkya6mEFjL6i1KKMtSBzp5Jx2dSNKcXKTFX7/dJTgTCWibIq47Lx0L2sknIWYqflT51Q3FFRs+9RexdL3K7lP9XFT/kUhxl2tSjdgIaaEQr01pndZpd7wcyDeRorV51AQBIRXe1TFOD8oYmGIPtll13my87VrEaCqy18p7UCsSPBYhAZnHeIjcbqN3WMjGVIS0G5gFZYnMSh41HOp6iZbHpLIanjEignzZA8ubkRJT+In2tzRyTrfWzRRX5YwDQAhJUk5PyThIsaSYQov/2KkuVoShJs6vjBynF151IVwo2LtDl7yS8RONhKRqVcRY3UmOQbfbCKQkDnyIVvVAJQ5znOAw4qYfVLZIjQJHNKXz1P4LQvLk5gJAQvtt3ulRz36SG2IsFJvkRIcyw0OB7rwdEqdQatbOgo7rOTZikY/I5lu20uompFhDBOZovR0LC0pyTL4TboXAdXMu9DmxJBLW43FEL45QaY5JnrDESiMIxymcEkW/Tb4vGHwthMm6szXZKPTcRyXMtPd9yVV+iZ70uBDUGYr2Ls2b2LiBmGuQwGCn9mtZYeh98f+8jgfHELJfGaKOtDisq+AFhOOcbJ/OcesBZnQFNnzESJcjdjWJw5pANJ56CI1mWh0wl9ziOSZBsrzKJDRZUk3eHYN8sEVreshaO/B3LTo666GOBkLf7DHWZzaOXpmKST9G3SpGJHiTmneOofdS2sK30p/bY9RtQmulJLjn0jwwF40YEvdoqHGhTgRlRkU2eE2P8Xu6Dau4CYZV2p5hulaiU4rUxuTHP/iLAC2mFpk4LkVV1uJS15JLQjxvZXBDw8WJtfrEIc3ikNFOJaMgIu/yFXh9m2ywfRLEJ+TWHf6iXJWmPkq+5CYykygeqmKdYqTG5WZ5FBs/NfZurC7Go84T6eECUtfcWR1MeFeGnE55Djx54YaojVKCxn4nlWZ+9JhCV72IATIbjRbrfcJ4nwlmg0KLqRyXQ8anXxh4V/84D6NTMjU+RpMt6kMOdDRH27EPqfBcwG9DZQ4OQHkH4yaYITfvhOLWt8vcQzgrWVWd6mt8o5Zk/f3WVhLHzXizsdsqqxedP7W6MYJOC8gAACAASURBVB+c142Dz2UeTAInu4wp+YiqDoO2N/iVnV5lFvrRZraNIX+XOxgEWOuh6IxFvoix75TuoMlhL1bX8kC4OPJ+JiMmgCfp4aLVK90lXoRmUtybJJURWw6UlqOLnH1dhmN573hs1AFyDQDWZuoC1Ok4KHwexM2DhbArway40VXKctdXWX359b7jQgBsIipZCU/n4reVVL0mYjABmYrYVo7B3ehIX+FAwXAGRUQegINIWU1Sfznn1YIPOClFK/PmpaUEH+/brFvIwpCJMUnMySalJ8hA9ibbDgJZeMleSEt3h/OXXsx6YBEyhf7K7Q4KBTYIgzEf1JnlHfOAiUSWtot1/K9lki8iAsCEscJDf3lR8e/zp6kEe9FhkEsbugkvUAUUMSM1sWc3LUTNU7umjJDUlNhVSH04ssc5Z/g78IKF8Vh3gYPZmb4hSlUnx3puMy6V9UzKg0w6Y8Rf6A7WioDGfvd4xVNmi2m2w1/t5JcLLYATjufwpZ/Qwgvz7LhxU4cKCxgz0m0Jqt0S9VRp7VK56hsvTIhT4LFiLHAhX0wIwdQRtyfiiy4mcMX6glX8unD2lQp14CIHcPV2Hsgk5zVaWxh5PqK98osBLVz21M5EOGYbIrCCuqbHIJbabn8Ik5GR7NXuiRknNn0zEDcW5nPnymrde2qT8moyCYkk1yMFZ4ZGqXkUCJS5S0fwORR6RWeR8VhIgfFpLIeLVykMloXaIhDVxrVsJSzKPB8Fc1Tz893/niPLbn39zoeEz9gAcpjTeAa6FM/BGjufLD+UURz3P8o6v5Bk87I9cqjhfW/CFz03kJIIJDA9riDYr3RZMKHWwSGk+k2l+EtFdOebUAx5zzkTbPhQ0hux+7iIXC/Y3Hkhwqm2eyU3o87S9beAwUVu8sAE03JgXoW4YYS3pMxCqgoTY6rgw110vGLZJbSiH0z7cq0UsugzE8gocsXhO+LnhAAsDIO65Tlrbubp6nC3A7gM4abPdfKOMz0S7DEbSZH3LXVF6mzoI3i+p6PsACbNSGl25C2CuwbNbCnAvt8r/uUvNnJ4AovSnGdgE80lkeiQH84yY0whYaFynmABKJICUgyjryXmG+BItv2SnREZqX1eIrDSwxsVcTFzMk+Frt7pU2n9XcnGqt+xUEYdVcHp+ryy+Lj1Uv9GgVQlocKEcXixhdWlnd0U2WMGZDZizkIQrrOp3N8d6Pc385o66GHY5+ZUKaXffTwDx1BAcrhmnghBLxZCtQDOjLaxGqTAqDP+F8ZZgu6IxRYExy8ji9nO5vdC2WnPsfKU6w7a9fU3q/NIiPYFnfOr9glGaJbN11nCMvXmg5wOg+n6O84PPWA5JCadqrdqsK41kNWdap3TsloMsEJZCDruHbTZgTzAE5ulDhegHidMKqCBznCnyME4+9KD6NWcgKr0ewLeMPDsOoBE5AG73FSujiyCMtfCmICt41dffkqjMCTBqflVOhuhrrBTyQAPpzD0wmuEHeIZ1bu8nE89m+klHsALC+yyAaiRnJVYFTJ3U9zlJDQT5/mlhsk8SEExxKWD5RGbkGjtOWtR0LChtnefeAJaF8+lbjyuDkdDnOq6QVKL0cNZYy8zz1R5sRqrXW4zvrlnLQON2ZKDBunOSvTIBGV+qEQ1X1djJVrbLMiMG98DUDmN4YbqjY/w6og/VgmEJn0MLA71ChrgM9z4M1PUu3lSMcpOg51APyKZgxr9wmsfZlAnsFiv9BJWV7r2LHPyZz2VuaPKdoyE5cF5+/LMO+Wa4U7KerrkU8HMCO2nVOturwauh2PziVwIl3JxTP5Bq3nTXTW0Jziu3rO0L38e6kt/FATqzPAgvE5rvYiGu9lrEVg8c8RlCUrG5+KuATx6OHYoeE/kSHVmfONnT21+Zk0TEW1tHWX5lI/0sk5qLHcBH90UktxVoQEi2TdJQv4F9QnS0vXcIEiwO+VFeCSXaxoPeoDzCx1cJ3yUXSReUjI+cyyoUU+v9d+UdO4JDX5i0c8L5UV7gWZZe/6xEn1nQUjBublqRK2CWFgUuqGYYMKShXfGmrgWwrTN9kbZSg1Op2KI7XJh4kt4KiPA6G3GUda6daSW6iTq0nC8tBUT4tctWYUEOpujkMpPBXjGkur0PBUSypjW6NDBffySebFda7u8bNekndAq0KRB/plwO9y8m1TGT3Hk6IZ9I+khBERjYgKxCONslE0yXiI8RukQHEFH8+lUjEMqljgnkBSDCzr9/hLwnqPxqlc0rtgW8MmbiKoDCi9+8C6jx5PHprXOqHop4AhNHqfVStbYqstat+g9WS5EOtKe0+MlSbXb0ERDHvDjIjqwHko7Mhluco5sj1EQc+FjMnmL9h2z0wdYnV64klI3J5ipjqfpxV/6K/ooLU/gO+zk2C0qo6R4ki9QaM8W3dX/ZGdBMupls4fqFpSfenE45dyz4eWJxMuxiXJCCrhwyxesHFYQk6910C16F5Pkn/qsWzFk9OotZYNlmgJS1BZCVC6YIV5iYRcU/4uZRziT8ucQfyc8ypOLTSfNvXriKQCrA54nO/HsRWENgaPtZ0MFcDK8O+HQxKqA4ev5ToXW12c/5TM2KyoKY+Oyn0pnZoexaESojeTUgkiOjBAZ3InyTBbnBW5pD4/I2IhSv3R78O7f2rFwO7JJNU1jZRF6lDrulc2qDp+mzi0qYhU+ydIUj02jWWh75huH4oMqdPYBM2ZTaeL7zPMjNrZnP9mWWfc1rY8L5ZCF6LaBsuNj1h1rArozxRbpGlYuHEZl5ZKOJyT4n4LzfNSa01VYEIPzOq9ohtyntJsF51wX+rMmQiBJOOTlwqw4E6FX8fAcDGfr19NjG3BQOq+plk47Y8rdwB1f1teRfCBZyoAfZtu88atD716olamdYTOsC1Q+q2VJUyZHPP5KbIbxWefON9KSWhwv/3VrGCuWUtjlK23JOzZGae2DNNefG+NZ8/XOuFl0PAoi9ckmL6hBWzdH+cq8wZiLtlSwFz68I1PYvfi+xHNYVHsoX+0Dnm8T7ciHgQ4koUF4QJLljsJn0/MqRrROkpYKpLxh2L6fCngKA00fRM3ujIimZgHOggLTA00PScL6GDL79DOje7NAPbmtwdVA3uGR6IeVHj15mE3PpSFuwhhtVFnhDvHtm1iWvuSMEIhAtxXLyQGWi9p7WGFRP7Sh6lpskMBkv9qkfnjmb51CS7VWRFZrua9thOr2c5HwwLVRPkW9Gq86lMagQE4pqLldB1hsimSudLA4Q1/lVCVpOMTjqQ8c23rIyLYOa0uKZbIZdA44JivSOSA1bSGhbBXRw+UAp2kuqVKb36b0Oggn2q8CLUJDh8QCayTqx2aLE23BXfc02a9lc9zGWhLD0ith0w/xKmL1A8KMm9FdXOauQKCaetJP0TpcAwuTr2XVEuy5O8kFYFTYG2HR5Yg5I/JX6z5+0sbt4C62LMCylNJ3XQNbVz3BR01YbamzN0t51XQgcDWZFrBcJOf5fNmqbppRU4bTDbFZJbAUl4GnNq6znnt342zSUkbkQveYGkPJqZY5DdhRnbUupVSi/fj3iHqgLAejjHNOTTntgXuA7foEf67VNK/N3QvBvSvjpU9gk8hasKZU57OxVziX7Czhj1h/NMewx0Q7dVBHU6MbIPNZSgQA780sS4RKSiMbhOZSj+d84Jo7iXuZX80oMKZniWC92HosWrieI5o6WYzWeZyG1/2mJxH3XItt2nHpVdVs3g2pBkt1N3OCGAnpCLeHoOfQwrrDwsCJdSXTR4mZrRW3WLcgwE4iQuvvJU4LFZlatG+y3EGltXcTz2GWM7mcdQicsUxOQxOflVxEWVSTIyTgPpil7ET/hpNbrkVr96sz3Y//3Xylpj0cFN3hw3k2Y4IMol0gsjf3epgT2AXfaRMUwadkp+04RqLmhpdf+p2uth0FNhUmOoxARxRAUnDQLwaJJz+4jmpVrhtQhgPBbR1soFOd+8VM14loXb+sZGjWjE6AE/IOvL0uO+ur5QE8vJVMP2EMKYzmg77LCs0+V16vKI9nAhtO0HkfWQwhLLHio37AFdoxUv6SkEh7nC7EVygBo1w3uQ4UxKjA3IzEi1rYgZETh4AUxg/0HvFhVZYGzCQ1hm0d02bFOwD6uH3QCEZnkUuruF68k+Tk/DhuLz1zk/VkTehnZQ4I1SwaL8c6KU+ciEcgatgwOw88nCeuiA1q87GnB0l4Ko8eDqTWNnGt2jtBsx/LCHwwOibI00+khpHZueRUEYs4tyfFtTB3+sCuGq+UmNl20EyFbAEqSSwYPkPAhz0e7zieC0iN5utk1c+iejCdWQ1kO8UCZM0+j+LE73515I7ZEcLSQpnFJWtzKguin0SrqqRdbgktizpQeWQWwPEIYibwrZjdsCxVni9hlI+FLsHri1uEBJ9dRXMcM2EjNztsduXQFnzS6Che/WvtMFefHGUrIe22zeSrClxmOUv9qDmnuxz2mIaLZ4gyP8u17TYdOe6m+FSklknNBsc6SCDQucfAqbgi18bvJYBzKzb3UBasJSgWE8EoYm2ekUNvn917d9Rg1XNtK7ziMm4DVYdJT+j4rcoJh1daY9Juycj07lROWCBZTElUfKVFNJIWh/nZUf6fR3NZIJ6c5FuDkVMlkUdls30MU/LOqt4exNVEiubdvO04EwyQZPO5I9Lpy4uzeksF/6ELLTEvWF7umMvYEwAeh+RlFq62EceBiFiGvclA4OvDdVcqen4Ne7F1kmALnI7AevN598qzt4gIuRoJ+0bsZaS+8lwo9mHZUw4hOdUdF26wQT2VRiB2darYXOpY58ZQBAyfJWxOFu9o+auxdyKS2/HFfMguwim13UDj5xbAzQnZGL7QCcAshYECrxYlEv32RnvDZkw6jX2IushutTSyIiiuPXQ+ce6PQQZyNS/k20lSMg6Dl5ujrmAoe9cFQZ+zOp61Jmn1slJjZX9amfJYqGv0Z6vVsbPMbNzlnWHS97FsZoNZ3S3PAlJv/fXGfmEIM/Yw5bc48z3DSlkgcZioXiU8i4pr/uPA+GarKwAnnvlYHT3bpBFh94X8/tXeLJPSmoQRS0jQmEZzDjb0ktmnpcAuFiSEERPUBYCKIZQMR64HSn9lRCe/4i3duuVSfLS5TWrM9eUCDyHRyx19M0MurPtZJQVoZlFXikjAYanuh5WKS33NYFZa4dfQTkJKmW/sUsTSl3SuBBYAG1dZw4bJh/2HGJCCtpdQO2SzXgis9xfczBUSG3OCAJk8JHeccCpoSjSpCXXAMT1TXfw2zeVmgdVbmhf+OPucBGINSFizIiGavRTSVwwFRIZrnhk1asw3Qyq5aoT1o7cSZHtl1IHjpIMbw5WyeqOAptrgEBJzf/dX5V/yttUOhWg7cQYwVjxNqxT4EYIMHocgGWcBdRsD26yVAkJmjiLjz26OScDqbnIgVNKMXt3WzsBMkamXh3dxFcyiuUqFJLJJGlrC5Q1nNCJkhjI0LX2iqi1bQdFvB0IcQuEMGd56W4TGArJt80PntdJOs75lRn1KKlf9JDAccogFx1qF8UnlW1TwdJEKqIEVS6+9piZTya7W7MTe28WWWlzmVWVpgJKEv2qRglri4XnqsgEqJiOjl0DbLZg4rkeDh2VBnJSdCFGdRE1m7AZ7Nyx0FU/IRIks2lmRWojMAup35zXFupOBO1my6r+wJ7XwM1r8UF9q9Y8a44WV3acLsujUtkdHi1z7JYDxDM5+sOlDakOu4/XO4DWXgMBH4Ma871Rb6ugEHqvZ2+mFdODzzAVBNLzAuhFUbJPOiF/R24ncTRBenDpdJB2igbwj/NgeyM5IqKt1CARpkhfZGS+hcWbhVql1X6q9fldj5dkj9+FQyamDRWYtl8AOE0hy1yQmisXY8qe/hPU/B9o6fV7DciWrJtgqf2kRLm/LO35WUkPX9hSWQz7Xbm4att1QOuXBE5z1ddxj2EqRo47yTGs4V2DH60ZIH2rSt7E5qIEyiuBIdk2RZEw6H4nO0urEuXiLqIao9dhRrtntdMno0HQC5plAnmj3QM/gxrCDrCk68xh/4KXsQVH5CX0upYKIZpaqjW4ddH3pcTGjM9psnXLmI2s+GjvdA68+g5gHdIoUBjHh+dprjY7pSA2ztyCcjXXO23zp52EzI0MbOIewTwLUlo8ziq2PBgLVlUHzoFHACPYdLjqpz9mIpXVRnkmot83IMjL6iS9ZYik0YhlLvnjGMbWrooKy4c4HMU2+KbwiTaozabpM6+nEc/EaI1FmsdPooa4NePL91Q4AATnyc61Ee8eZVX7ARHiJjJOEPYYMtkpeeKITeQRfDtZ/Y78vygZvBt3EwAmyNB2iisZ0p4e3lrpAnOVV2WTyUDnWo25gJXLrAFna4jTdn7/oq9iHi9vlah+vSM2bfekinEgIGW6xq0nid0cjyD7MUixDDKi5IOdTYDtFE0VOnDvJ9VWNusGN0dARCtZHTc7B+TrnhLGeMWC09ACnYPg4Sc8eu4pcT0rru36QyJ5axofgkqax36HEasXcY+oxjIvHhFo8NKAyUYzXKS08fjSHLMwlKZBRRNOXMpqE6jdqF8KaZSpsiNK9HjtLlz0pjZQnpJ4J51zhLJQTWLB6whSRtIMdcwbcb16xCGAdiNZwnjrFnqk10XTylHoPdCayh3zAE9KhKcM0UUE8Vasp+OSg4e9kkZcyg8swGEBKZqWOWb2ZCKd0xSzJNHuTtiVduhAfLNdNnBJ8mWWx9WQ9YZdnWVuMckMUxLWHW9pME78Lh8wyO84WZXIcNxQWxBTjJXiLzpChsc455GMrlJeBBpBlXjiPpjpYpMVKmSwVjjqezEkUkieqzp/YHnLQ1p+zN7aCcvMC7mY6G+yN4K0uz2bWioXOOSqQzu4vhYfmtUAYRcTSlDbhkw3cce6MEktJKMTaSEPdNF+MnNjkO7FflLRJ1pod67kYwOynLO2JUY0gsbA/eA+Z07ReKYmUWIvCke6QkH2CiuFIJNRFohnMtrqdDdj+aunhZQQXJXAzHpNrnvzweFxM5mYBQqYwZc+YzRDywnLmexwSlmT1eOjETQZinWaP2Pp4Uu+Owc8CAXYn+9RYMndlFSVKqsRPW+fSM7WdRzJdmYxjClKa6LyYpwadWyemgbpEYKsudtOYjLclm163jp8lN4Ayu3sG7CQ4+nVeEhkVClox3OTV2ZoN1xnTVdOLoYotc1W2WV0Y0zrswC17nEo5BXUwbO86yql7ciG24h6ZSdPouEYaO5QAfZQWljqvFzCDF4czUlPisTE/UjNeaSPxzMDOsNpjF9WmhyI66pu43X3h2kali3iysnETl5VTw4N4Hazo59uNcSPQ2+Cunz8Ob1stJS+e6UwXE8xwNVZGX34dXQQ6ikRQKZTUFlIt0DaVFYqHOT6bWJnbIOdkaRfMfBnFnn6/GsyMkNOuMBI2OkZzIRPkDli03qqCg+nUoHo8qG+hYnGVw1p3BxOrKVlMRLajVp/5RGqO6NF/HjLMe9XeMdO82lOmjaWNhVpW96mF0fxvYtHU5pCdOQR2Vwcc/LTFKFyTLj/18ms8TRKpXqKQyNfFW8wTFsCaB05sw0KstV30PNnqFIcH6wCX0AEUYqwJBeH12lv47EKUBTjSYI4iIdAgC1kLGTGvL3geJNFRsdLCtTPGgKGawmlbESQrc5mGufivgb16XRjbJ+UV3zN9oaHngoZpazUv9QYAOKVpnWbn47B2TXB6oCh22GmFbWHVgQScqYiy3Rgc8ko5E2sb7MTmstOhQI1IwI2idIGzVT+9kSPYHweFKzF8GrM95h6N8yW9CW06Oq1xTX2yUDvoXuY053dNO1lPRxCh+cFnMB099FaKIyFNUfQX0H7tSmJai1Jrz42uVevLSyabalJladhqMlc4fwY3+Obo46GemZyOSW1Wrzw76eCIStYOBzR4hSovTxYqJlYEPKtJuKpxkrB4JPwMmM5OpA72srL8sj62hM+NXHAkCo5EJhOSesYQ1HYxPHt1oT0EKOkl3Jb7njclVacnVptGdBpOUyFaN1MJu36C4ck6OkC2beJJmhCx0gInJ/uZwM6T2zUMKOh25xMbrFLehfrFjrENQfYmREL00t3T3qN09mrranc8ZSOpvLwnNDm5ltm98GF43rDGysDISZizF8NsU4I6Ip30WwsPxW4h3kQU5TSbLA8QxOhPIxrTE9ckaPUjSnNzMszDbs/MbAIF41v7M/pQdQVe2mDQuAIIciVggqinIPtXobOC/+KOos5pRKpGOkrJ8ePcogiWeVuUh5nADB7RSrrJOZkRE6kgBKMjZ/NCNbPY2ewJ6QIGMjLXvf5qYBkOZZsTMvQHSGVNuo1Gl1TbXOpUvDZ3mTrOngOH/Sbs59w6d5kaIjJR9ZQUZGH7BTnE2c/zpc54x5rGRBPvfDFK5qV9s5fSEY9hEpsAIYVc8CH3s6oZHNOLzwFRtn7ZRdPMO+nI8zXUf4pV6ItlS645o+9aksQD3WvqsSb2awVzLo/ruBFfpq2saxFfCGo6i4rzF8PrnRYyBmIPqQG3nxHKcKLPg+25ubt98lzLYQBpywSuHfe4a2hXdu4Ui6Ew09mu8dQ77opvwg0KkcNsP2PSc01jnunJFMdugVu9zijemWHJpo3DW1SEWHtwMYgUMyPNRXOgPfMmhWH3SGw0+fHQqk0/z9OyhWAUXvtDROSmg/7Is+eCV9ooGdx6GgbiUHsKDK7R0HDQz4jpYkgj2A4Wq92C2SnMiK17SMBmK7dSN230wKdb3y6wCdxFDiiGrfhfbJDuj2+jAeB+RQVYAmpzyIY+srQ2LgbTIYBWVbnXrbVnVBqSG4ajSwSk/PBBKPq3HGCh5gY/HoYyPYkeuFLqi711LN9AtcH64ue+OSiePWPzr1g0Yo2bdbtJmdJFfHp082iNNS8FC4EauPjTn+E82O8TneHyPz0qQxoltyjHfs7lk8zVU+PciFgSE+rcBCFr58FsgW7MbAl71iYOYG2RWxEN8la2YscxqNmCcOWl4SrdsxQxLTGGsRISPwGslVo604yKISEcUeu5zafFcn2x3ZATDONBMUzN6NjTwnOvy/L+WXpKGu6KsER87V9t4ruuPHFjkYFb22b8eo2cWGSly2NM94fW42em3fjVQgeZx9gO2q2lh5Dn+bU4bFjOj82PdS6eiEa1njX0PsrGa0+fq50nTBkjchQ71i6kaY6j4b0NRdabLcsv+bJhXoJAAfFHVDcfcJgvCk83pyaTER0zO24dJhBSgqv4jZasb/Uqkxr42Wj1alcmh9DeFhYb4lCeCG6UcmhW0mdTjlcK1PTBsXIegiKauCdXhlsq4fooGLmEvB62Ms7CBf0S7e0Sx79BLDzjR2PB9DgL3NzVq5ebd01GW6kQZK8/vFpf5jtIBsdbtNZbLAaDkKak5rJrUqLO19ooMQ8MY44kty5Ac3nh5lADk1ZHFnWPg2hRuGudLMEX3I0/XS7P2TqTmMQNyeIoeu4tzP4NWO3DzxYcjpASyQTND66BALOWew3WKxeC2V3PBmtai5KAiWw/qacztKcqF7EiUMaLkGsiCCCpCFlq7bZIF8zOFvQh1uEHRmJ7chWD9JaaF7usnzgPpp/WRZM4kzUzuXC1X4zmztM7Onqzju28qJFd5l8Yj69xfx/WkAd3Xg0QJBMTiXF2mM2cxmHd7ap+wtXf1jILJz4FelZTHwyuqLvemlVj1YB4kFn0RvambWk+kpvYSKb/uLoYmJMW+F5xwQcITsLGQElYro7oJEaBKDYvgi3oAk4lkbbnainhKCudsVvviM/MGTG9p6i538RnX9/YLETIiLPs5p+XiSEkf9lY1CjOTG0Li5O1xFMtI7PLcboLxACC4WYtXEtqyNw4ZQ60qKijwYFlFckROQQ5pmYDhDZGkg+xkFYtMEPd7R7ZigJS0wrE1zBl2gqHXMzlzodxxZ25RkU/Ui2UHYoDcupiB6sZvEch6YBW4j12n+VTmlVEJxk5MawVjcG7wtnAv+lnRuGOp0xKPt/dZcsvdpaNRaPQ4henwPZuhHuH9+guOXP4JVR93+30jyQ6opSBkaZkFKRCIVPF5sXkGa4jEZgpCkfePwygGX14aUpqdQvISQEw6fmam1AquwfRQ6r310n5TVzcbfuuTlPQE/Zh3VzGibbIjlUBje+sIY4njqgiNOHzqp7PlsBnuex81TIRIZSr0UCrc8/oqptink8muLBiuawdtysGwxyPCEsoghvcQpjEGNQVAr+C3u3HCW9SXxy9jLiYtUOkNZhlRNmwFqFliqkYxDF4f9s4nDiTL/oBYMFaGz6jtjP8+t0ahaGQGAoi6NKV7K3KFjXupDyV+ud9HQbH7MXwGrPld4SZ64nPGcKODLZXpAV5T2jiYAw0Ku7LPI8yU1vIp8CplWC648yaH4la56CPYCIGa/p1PbyHcQ3mgq/NBy8YPO0YtOmxR/OAOtE82qeeTqdr2YoPxrSWba/umY6mRb/Y8gS/5Dgvjz3ORg8VlPbJ0gL2Euyi4VWAOXtc7L2+FHWiZ2hKkaYrbbPeAXOJd5BP9e8geGEkagi5UkyFMJ57gDDdODf3dWqpAaetjjtcBXaChV5mFrCOOjOHb1t7Ldk54Vo5fVaImNX2JCz0pE9/pIVrpaKZTgYEpNOdm28a1pxd2uY2juKWsM6H08W/UZfLIAEJghg4XKAj0mu/jLWKrfFmszPX/UnjzTY/Qmcihk6zRE++J8PwjBCqadJXchBIyWaWr9LILCibBY5MUqaam1D4LY1Yd2zA0OHC5inBSUFnT/DcfsqasfVEooPZyySckYf2snG6LqCYTE1GWbgwvFhGiwPIH8BpCDVjKaS/hKQJYBHWwRwbe+y03mB0zCz1LHLiQsTLNEJLbJHUUWMEjIJcEhKEV97RqmO9NdXdlgaqJ4x4eNdX3dFOwKAYXIcKBmuRvFlOvgAAIABJREFUneYQQJULTKugoSok5nDeGyc6TgMdjGuP9UAm3u4iE+mM4QyS+RGlcp7/wrieZA0W4hzvit0Y3ZAc78tQalsSFP9kT5QjiN7qA+9jNddGOftmg6wqQZlrcy15psBUZ/elg28wuPXCae/Ur00jA4WCcwuUUbkAFPrHgaSY6MdLZf+0rlo39+c6B8cl3BBq62/HYVMOZBPGw1SQkExoj6N5XyqSgsylj03mBT56tXPDyqK7iT2OLEWOTJSSa+OoaHIzIAF+zljShc4SP1HYgePqXyYQH9q0Nae+oEWxoOS720TNevxBLn2pYHNmnT314LzZdi1RvY8roS9gUAAesycC7I1SO/U8p+FmryXEzF29T/2ghxElQVgVLdCI8XQrIYoJO13B7HBxfBpnw5pkMuYoY3/+gli7BLBwdiYpgEkK96b0YKKX2Ff9Q+RBd5JLqtXK9jhwH5Nti14txVJ3P/1S8ibWPWsVpbGJBdDO5WhZyWkDrV1gDZnS5zERCJrrMzvtsYNPCqjWhuQM5Q/CZxYK3CLt/XZjtUJKOICJ9djmTEN/czPGSO8Z4BoyJf4PhZfFxTLzsE2bCbG7q/RIW7hBdRtWbSNaONu14AytltolCINx9VhDWkMIU1ennYOiUgaY3W6wdbVNUtopL6SiozBOmelZZ1IbCG7dHMUOI03IFnziIU5VbkIsNLuZoZyMtyvYAy5wDimIlHAM/iFfr4mzzl+YR4XxzKXLIWsCb85jK/lI5LdxgH+/jtBRGBo2/43lIqaH6CTbc3HzsSZssqX01HZOUHyGLIdbBN5Aexl50ZCza+TWamNKoDaeuVwPT4Kz6fKXodqGsEBMgmuTq4D4RmI/HfUbJMdABbCePOq86nEKNcG4SmIWTFuyk0N6+k0fSPraNYnxJkTGc2bxj/YC/ox2SnQIDCupR7AewrSuadQvZ3sqKXWTSGSWt+JherYpLQDosIoB4+dMs02ieK42yEw1+zVu2cOwY/X8kJgXK5/NJOtc4AeWFRcUpMZ76Rgyt4iAweYFbsQWarKJisNmmYtXA2Q8hSClZLZjpaeC0azFoCuOkBWKDO4KXB+zAlyfvzoSYUAs8UnXaLNeXOqzmk4mOX0BSTBlOaKsR/JPvLZa0nwWlMVJT0bBTK/4IhGNk41OHSlglA2Wp0UIt5krle6GQpnxF7SUq2511W62jpsP8Co+a54ZICO1rZ5rm9uwjItUO9fbAxijKLBB1pLfTgiPckEm357c4RdTXte2UEx4FYY+8dsnkBUJjRXM1RVVxZ2g4Mx9SsJYX1aqIdEIHJkgzzxRtNngCLHk80V0J7bBv3ieC+XxdKRQ3sfuasI8IXEvNiY6T48sjnXyWhXSXFCjIaeLS7oXuIKZczgLd7ueQVFZMIiMs8sLHuFcofKzo6UCbeHwdxNjCFEZYKHAUzenM9tBHhQNd2hXyLPlw44OumXCZuyxDcl/c2ZHRBGDpneIVFaJ61n8k/ilQugkLWesDw0Lh5LsMfl+Un0ikgnwrCl2+iKZPZ/viJWcdWdkNOt8ER67LCfST54NEExb+4zhobOfuXbn156taYIjv7IMLcR+LSyo+ZidYhQ3xZ+Zig9ifSvidClUesqgJnW8UTVXE+IXYa70Cmu29PSrCwd1WT9gWyiRatGfx8j18/iilJbe5CHA7GBV4gjNo6AVs3AjR8i/CtwBZ9dBP+rzJa2wcoFSvw2wHarb1W6PvBcDb/vemEgO8CzLFjqBL7UsnKfgRCfZudHz7v4fGb9dybybyUNrOQJ0Ol7iq6s+3j+f9CiHsC8qQlKQ6FPAyhk+sGqqQc6ykaCUML9k45zr2HfQrtoqK+cwUXLS2HDZKbjkCmSwnKR+TRB3xKoDghJd/PVoytBds09Qj4KpRz3otjG5w/FiCcjZWlM6DQqHcraj1syb5apKFdModlGqM6hUZTD5BfhpS2SdotItHl+uX+bSFA7pXVjOjXSRJK/h/KuNbo3jO/8q72hQHevHaUwJ0ZzK2GyC35DG+d4PPKhHXBhiLNgBmhB+CQyXJZDhTSY9y2dTWyqXiWQg1cRcdnFa1EjN+7puqkPNOy+a8Tg0F1Y+B8DQZp0LgymJDYCMZCava9TUvpmBuZpZ2l+QMGzXwS3Edjah+ste4sebj+CSGSQAaPOpy3YjYPEnf8boT37pX7OaOLtAdzRMPMq1547hoaFZf3C7wtUazMJxfHb9UYkXfMgdeWiIJk3/SQLEmqsw/rDVieDUVPuFuA6utKsQBINnW414vAlEkJ5JgSqI+mqMGz7AF5aO9FOMfwCoM4ZXB+u3o0BIukL3+eIBu6w/S1CMGE0OfzYeqLRh6qiFPs6roJ8+fxzeF58+ur3RvYqi8iqq3QTIfCp+8Ng6ju8msIXz2oPBhJPQs41sLPlijzTHo88Jv8l2l0PhvciIGD0K2oTDxXOj5QCvN/UMyZJwcVIL5VuuMrdTRoiRiq7w1h5eXLNc+9nWfTWThjZ3XWrc2TWleAk2ejM0C0QS6qVmYUL+oqwV8kK8kwRmWJswRDhaS0LaGgVpZHXKXTkVYkDd1Ohgc6OOic7bGaU4X4CvttgFimg4pKSszAS4a9HkBoWMHo+LGycWA/5eY+fCx7nwgGyurJaKg/DmnauAg5muP7F2etouMT2anCNWp1mgUJDJyGb0TibtsY2c9IvVEVrpJhzOgHW09QByMOyu0p6O2GHusnLC7TdzNP6L+nwRJEeBgULoTqhi4bwoloRN/MIg6KD049lu7IU4m9OJpE+yYoLh1kzOTBpkRh5O3RV6ew6yCWuARkjmRypzS5QLZ8pFphfaDPPxBsLFfTuQYQgnVfuRA4ltjTYVwTFpqiIlVqEEXTjAPLJjF3SQN7p2bxLkqdMojtluSpoh2nzjupckDiENLTxjvkGYM8SWzDvCQ2AXHhQUIP61u0AkVWcqbhuFDmznRMgBHuaOi0Eyc5Lfs5V1Y5fwPUxtjEM3n4QJjJQLpSn7ghkFU9uUD/eJfmgEJx6DNnbZeBgU0DOe9WWG/AJBbgGgUqNpIAu7+EQKxmKV4i8a8NVA4rPEMXGZFW0xJqMTffuaj7mQcuOhx9sRJ/ZMtRr2SmWw3g/3ZGkWJwXuXqR2NFucqCJ9EJtjQhHE8eus3kVnfuFV3xqoZWZhN9QV0cObQLXGRPs9thO1ce44wUzssbZZWPZREu8L9ZVGvRESGdpoDvUEM+VF+KIo5gjMBPFfSmycvYIbp3EAtOkA0JHmMTky3MtMeIFsRFVRTGswDFJX0y8yF0a0rCedxSYYFITC0Ko9pL0wydBDk19w1S9p4+SKYfHRAWxlMfNFkXFuhPiUQnid4sO04EFlposw/sjPzoLTWePXeFkXqLAJ5b1FMcobVr63kUOqQH6zPppprE3fMZ+PCV4JsPVkjAIqy8oOsjXbNSN53aKvnNpSjP54yFfCooDFfh0lnfYjPwDPB1kEfjOBqyYVuuprYvpHJz6Lo5ePaxSugrcYReEu4vUwndPcUiYGg399DuYJLMZRFAlHoGZzp7/EJ/FHonZUCognnlHdlSEzAtufrWe33C0LqCWhB4tq4xLDZM/Pk1eZsvy8NzxgWhp4Ps4NrBIpwDBq/vT508ePnwB8/tQ3uXo2zeCEBSgR2snm9JGqsDtt01VV7JjotqI3rZdTJMRyjszwRAOVTA17nacqWwOiF+QApKIHFWjj0PPneCWPg1Bf58olg6BqNc6EoJ+Myse8JixYiWhXyxNQOB3NqrJz1Z5uh530IzEEOlstaMpW2vWyx4CRBybcC1xSZyMB3x81xo4LNRHqNAxVd4iv+rLRawxX2LjO5MSWECOzs/aBH5kB1cgjJDhnt3p4OE5lbC/eh1BG96/LiM9U0mevc1cEyRdN+1wU9APvwfyKCrkXknNpd3BkI2mDZXKCHt3R0UhF+b0UvI6bp2gxQ11kk5zHblJ2ekl21N9SgBSZiY0trZXV1fQJhyZNg+9xNvg1dXNNh+bnyUU8DAFV9lwYI8qd9gdHtXXLaKXDIVASlmspVN+EpqhTNHv8p8PsobGnWwFOlBMp1eotzqNbKTzQnk7tynxcF99FCR+0mVfMXUWK7Vq2JqnJJzzqVfYdSYoE9IatTSv1URtOx/yVHAlRivlRlyBsN95WgJ0bB08M43AT2oAW4Vq6AGHWZaW4zfsMpMhPFhanFpqdtpV1oSO5aj7PkhaqyFevG/9TV5jzarp8WDwXQWibAAWooEjiqu7iWx3MqRvqqd6YjAAzyYgA7BTbSZWHjGvrA4Ni8suG64JAl5Q0FAsinRkKUByJ84XSeks4YbMkNdyZREHP3GbrFID0hGvWKQSxGvRgpghVdH3TgpXd5tiFO8FsNt24jCbX3MLE8xsR6Q9+3JSw35XyNd8UMJOIifcNXlFN/TwB3enmAebulABLYZfOmw2wGGWubvhoiVYCE3lJi9Y27BKt0w2efpPssURueK8nujVVSTmvcEW9fEAvGFRqwKnObm9rnpeDy4PH/gyNSTZGJ70MBQe1qqtE8mXq3nNKkwD9lWd1nm8ceWJoekMVII5MiIUh98QPacbsCHnMbQHhBBO3Z+LYSQIoOGXW/EQsA1CSFpyoJt2ZytREP1hMNC62kxdcJPHLrfrnf2d1d3xWE+qUe5shFzscR46tpf0xT+h+igTbLwOo6xoeqSHHIpdY0aR++jXpjKfW4dTMTlYkbylxllACnOLRo1V74d2XL4Hsllia8keuIlmIbgq5gLZHJAMHOCzLG4vHpgGEL5aZE3Noc6GzpUszwrzpOLRqZo1agoZOB2keNBiri4hGXug63Y9ryYGnseAoYlSmDonOjGZxOp0kVL5FqEB1HC2uWJ/QeCTPtMxr2KsnM0x1lTtHu3P26aePkdrn/79WRm5PcvCj9p9effm6JAXP1wtEo26j0e7FYmnUTRQXRSO3Hd0mSq1CRbBr1Qar0HAhEYcyRrVZtFdldki7pt7+Yd3cRMQ9uUmpR44zVYSXhblH4zHaA7laRit5T49rjRsRoQfR+cXOJBP0E0ZTcsoR7i8pHUd05kOYdj1tscJuEQHub1TXNVNcSSUL5gyulwjMvSZSS10MZXO6Ifh6GCq6VuUBqEjVU/dDNf6coj7LtxRAISxtlPcYPMtMt3msAmXDSQB6Qwd2+5d/y1tHLXIgIMpN8DmRzinX2yYfw621Y2b38c4LHKsz8siJH+3La4DCbNAORZZsXF/Sk83kCLKCU1sSaa36JE/LuhwLyVM0IayTVkdK0LsQ6XO4+6wJN43sXz8HDPvCqoRANi4CzHXBqclr6LXrmvNSZZRL1kz3NonqdvRJxqRFHtyOX9S2/BGmKoCnObO+hBghG+7zHegJJDlPClUn5vFEtDPw4gvwDT+dS+mlwknf4rzuJBKhV1i4xPR52Jm+dC4f0Df6Zof32hOKjI18JW0mN/3iwS5Y6J5vd2V095NQOpm1/pqY8AFa6SuBzqnvyt5jc6eMF5Zu3P/0kJerBivmP70KdjNNPNyb33AQduZRy9CIFthoJ1EeRPko4uNXAGkoMIwy0Q93xgfrusOyLOusDnXKe2FZ4ge67w7qq3JXH9a5A5wNhe7VGgD9Pne45nSGl6nEH7pILSw9LsQe9fJ9jhDU1Enty/OaWPQFwSYWQTc4uEyM/JlAqyeDQPMoJ+K1Q16ITcoLE/1SxsK4bdoFFxHXS/GwCccSkWRIbcHxX+hsgGOps58yrAR4fXFemzpw/WkkDkNaApGYQc5jAKt9qdoipvMkvJrfppXdgE8PxaHt4Bhvvsb4pz1TOoYbfnRdKvJlhje1cAZnO0btb3bmZXFYN3ZMjmwt/K2Nm07oPzxILlqNMhUaQYMPdOIuEIIYqgki4VN8LoyknqqHY4kvQYyPhsurKmFT31o9ZPwagyy7TorDvTtkTAtdH7SThPmOjYMBbVkACjcuXR9AgS5gKCeOHeyZqgJpp8MXNbnDOsNQLoc0jydIa82naMZsem20yVidm6cGLdABPtbm78u1A481nPHEpS6aoJ1tKcYHBARj1pwXSJ8nO4IZWCjWLebpKkmxXDk3Djifd1Nc52hmTRa4FB4ayEtjJ6w+ncOKzS/2F0HSHQSBSlZFIZbz9bgmMSa66lvEkd5pg7e5MorudfZjquwal2SPDpuv+hIc+Soue/pQDX/9tWcwW5Sw3nTn7FNfs9ok3haQAdC/p9xTqz1Hi5q3dFi0LSAZ+qp/fzpXEesiwl82nfriASekasp0weMKGRNBzRzHXcICwATn9rXdNUZf2jgSKH5x3dM2gR3i8sZkBZKnzRfPlwCD2pBASBoPxR2LGrbUVCmurTgw4+Hynbv7YRt1rTiEeb8wL81m3fyS2Qt0k39BimWUrRgOfB4mej7SERSoNbG1DPGNY9BqYLHgHAn+FtV7U51qS9EP9kkrwzzD0bZFBtUcV18Trp1dvSPvOdeudjT2JCrBJ1l4zDTQLDsbdlzn8UysiRcQVsg9Yh7vVWOHW1Flb19QgNCQb76FeK4/xPkOKkdHksNnWgWwPTNp7Yc/mAbPUCfuhewSkcddl2vXprNqC2ogKgPnxUtL9hLyIBD33GiZT2pWLzCjwPFaL0spBFLxTT1Syykt2PlSUFY948u6L2rAanHYh3eKVDABjMnNRWl7g0EP47+ahUloPvF6Ob9BmiHVJopU3T+QMluNOa5cnw3Zzie63cwkKCd1Npbr7ZxBcmMBilOJ1Fos9yg5JzhU1leZiqBjAUNg44AEvLXsCCFoGdwTwjMeglV3zZ6LsNA8RrAdimwvFgybaPhtMuo8qTr3QJKsJ5T9dMSTfxI5xBsBrihtjwTc2Se+YKjmx3fVzR+oDU9UHsuTXWGhmr3kDL3J5kgp0DZQKPuqHGc9Ly+L8UxkP5T8g5B8L4wP/h4T6TTL2/eYVnq1uO1oyvarOw+ex3M9M+56ay/aIlGk2m8XJEwxr4H6ejR3vhwVaCo2V/d2++uIiOZSf5U8F4kmeEMF7rOJDZW1YFFUeihI6aMuFD0IVZ2P6AupWrXF36as0i1Glz/7OuVAHWzvmHnpi1/DIixnxYl0myG3yLBCKNaCRqWflMhJSqea2zxVmnMd6y/uFcmF5BJ9kjMWA9or1I1DBMLshyxU0G2aDWuhEIg4z00AdW3mqKyEZ/pr7ugFIflh1J2HEElyg/bxj6RjRZClW/owNI6ZTXjVmp2IDwIlOGdGSCU3G9Mpx5QQ3HVizWNMYsmhK/BijngPrmwBqqNL6vCPMKiHbGbQmI1Zm5ZOiW0b5E7bQY4a/yJ0U2Q+rgiCvKsSaOFkvf3jB2UqUOqqPFIjc5FnapJMaQ6A28qDoXQ5MunQuyYMZnGjO49mU+kxG+5kBlau3QyvJbgnEs7niBJ4KdfMKntiTSE94V7XbqSPn55Niq67FXuB21sGZ3/eiEpC++vt75+H7EKVuVf77oUkvn7ViHDf8HPLmZ++eP3mtSvKhWrr756mt9IxAyoEL+DENYlPrAnRp/4HZivBXKLXuqv7ci1UE8O/vzWLor9sK9exOp83t4rkNZuB+ZxM+w2l9WhI/WzqlJkYJuXF6BheJtwH0iWWzICTpllX3/V6aB5NkouXpDoOv0jOcgBk2xTGVcc0Na0eUsDCP/+krOxGdeWRagEH+YIyPXMeahpnr1bwtYZFNowkzubwNtKPQPAJNwW1tkh6olM1OuQ1FOuaSWUhmDGrxS0pQ0jKXsBFZulY63wpcS5maQ6GLISszQ3aHfXD02GdW7qT7N6WzvNb/TleApaOs5yeGojPAEZqaJtZzw5mIJcFEX7lRfZFeAKMZyUDPOexwFwQ2MSN6bamuk74jGG7cDpYoNIPx2yWsMg9ETnzMtJGZqFr7CCVqhdzNxecW0ZVHBL1/6kMIDnG0F97jfN25us2uoNCKDau/0kmWwk9WXJel07yciKeWVFXTv1omZuYewN5jbTap95vDQW7J8HGLXWq9DaK596iMihXhezdICe2UpoZwLTawljEhq/ma6GmV740jLHAz+QSNymE6CW5I3uGTE6lv1PTGlO/xMFqIfmEeqiDwBxlD1aIB8Zcn2JOIt4D5ov+neAewSyBuWCiN1wHwZFPSDINg05K9HIpY+PerG6BMatZBJqUZyHQxWMg0lGsO178w0OFCRY4qQJm3T/ZRU3fmsKwWpqJJASeZookXFZg7NyOOE+PSu1+Fz/TXpoEOqLNepAgYgakfkd+o4DItMcgyA0f+7bx6jBAMd6NvZtAFo95akIVnEAC2kniycuwlprVCk9qDHPjzilxfIngWsPoTEvV+3U9KQEhAIHhplcXo30WhZ4tBh01KAtD/8nLBXyiTYQdZGXPODeNMjOjtVO9gBzyAuLQdJjdM5dQqIuclg07ICSyXN/qbxngSQ2AO0BYwz9xF4fFq0kO+sS1dSIaRA0p57GpX2TGoFA4awPRToDOhNAM7EY5qaX5SVNXkFrUc0QvXeqtut9/wcZ33obBMuZ7ZEXwprfxgRFjvDskDMYq5j2uf/HgWp17GBpGHSTf0QEF01DIOK+WjSE4N8POBjozITj1ALlLdbwpW4vcyuEyje16JEEysKWF+DZuLWR3Flq2iW3dMNEZ4v90ND1eBoVop/ao0bvg64kJmHp+yfpEktzlyl20wc2LzBxBZoJZHhRSmDOC6k0dOmdrU0t5YSTJAtXc1nD5vJdoG7Z8s2Ao4T5lgmQNAhrWmdtR09BXX3786PVjIJ8/d5uwivr06fOHD7X+/O3bbxtrDdcPH95niwcZ3GNuKlNqHyLasrLXTHqtXEIqKkFocbBbi74b9qch3z8QzotEIreJHp0INhqaY/kTw311SBYMBz6LWzHJq7rzxNXg3hvDNUEZu8SfTaW3yRAtJVpDe050VLsBAdn5zQPZaOs0XhpFtv0MUrjY1VFnP+QK8kjNmrH1QF4aGeXjHFSTGmaixj0rSBwbYHq5GRdj2BVJbw8NlanOE1W10SWBmdmLZqmvDIhdpbLCOijj/Uh4AQvqVTDoWZ6viIxNTThgpReQpFCzXmO/eDYBW2H0s9huxhJbWNeGgnJ4XqDoZFfgwHnluVJU51/Ix3fpxuPqeZGJxVwqX5bwN/TK2DOj7UXa4oDe3KmsxBzzOe0Rf/fUE2Dq0Ju0Pym5tliQNRP5LNJYmRN0FcQo9J0yXtSaMEvzIdCrlBQX2GzUV7Qp6+NBhHaQHxwwPLiUXMdJep5ZYy547GEx6TDbwM6qF2K9CisvFIKs28DgXc1zArVxJLBBwH5clusa75qJPkNEh1QDQ2LFgbZugnwiXwubF0OhTPEkTuMhEphcWx5VGnVJ5fB99WOBPGzdHTsv1JRGoGY5iailVp6ga0sik663FZuCwXh+dUhrcgd6PCskAan7SsCnmJ95gR8gRmLQ+ZturtYceXMNRh5WPAnvW2ZGMg8iKZf86ZVguTcrMJkEsFOXOXHXf1Dt9WViN5eay7or0PTxRe+pEVDZNu550jOKvhUaIVz1jOXECoW3Daou4WhoCeXosdC2PSqwFgLH1Vfkn20NyuXnX74ByAy4d1GElV2XEFkSRfgvP2FajklJnVSkUkIWci0uO16DJBpZLgU2J9oVqJU4mLlV0rLAASJTJHONqCTvcum1U0CphdihCITAz7KiTTXIfXE11DHvqta4RLPeeEqemWpTYvI0Vi4oiA65ZPqdbZqjoxNKukkYPR23bdBxVhiEhWYediEMerS0zG0VlmibwKh1SgJAZNusH5iM7V0toSDf8LfNJi6bNUbkGC8ZySWclJjQ2pZ0Moy1be1akK5BPHE5x71uVEOFKJKUDqUU8K1iZ76OX8AV4maEuos5GwV/17yVx0xOPDQ8kN0EjN6QUFt0OxBJFo74L8aGIrT993dzc+mLnhIQ4gd2LVv9lvu76LG0XM8uYLfFgl1gwZ+1oFca3DLMFsMVwC07YiieK+PzAqNlUSr2ziP+LarnFJxDr7WxEtoCFzQpps0PiXG/eCdcz/ypV5VsERnBgFhfUOYr4/X2F3CAk90FGJdmJPz77Q4fvD6wXnJ6GbVlna9GK1XdtCsEX35yQdxINK15txMfq4IugmYLV8fgvHGnK8FO8/rd+3cf33989errN6+/6T7N54/vi2oryFdfvSL8ua+g//LVa7cFu8eY269evUIprHzJ0YTwVEstGhPuOK0PHz98/dXnr796zbv6hMw4oSeyxm6trg0dLR7zXZ4el5XcY6rSSDVzQpSEmDkPeTHKyydDma839AlFrTO6j8qyXizq17YhkJXRJ3bAPegM06VkssyBOhGJQ3S9DtVEsKvqspTkpgNKZBeiF1XGKeyCKS2u51J7USVcmd8IH6FQH8bGM7lHNniyMnBOOn/oekycakE0n6SZKa3SJiGrxiGUPr0XGfzgISxpwvBCiAT30p06XHeS53v7TqcHwlENu/Ucuj5LVlEKQwy4NSz5G6upjaj0JrdBMazQw+DKVurjiGrbkOtbpZUXhdE2T7nA9+yIxs6aIdI8H1Pu18J79BtPSVs8dIqIUOE+Ij0+1iA6o7yvzbv2rf+eFQ8L/cyspDHQhyi6Uil6pR3N8CGr5cl/3Yog4wZoNTTfdNbHAKzm/CbwWi5Ctepsj1CAxbFzBfRTWMlHx3Dj7twRhf7gqwtzjUtFW1IeWfU4SglFta4nublgggv56k6lWwN7mpWWQhG4LROUHp7bCyIQD/V2wO2aXF7dAGLEWkPqIioBAHfIhUvNQGCJSKHrXDitP6PdBAU7u9CIBBOWo7Vs3xFolTwTO8l+qNNMeTScXzMFgeVk83DM563UORfDjnvAnrLH0XiBqmmfK4JZ//auzgvc6MTZAmf/ZxnIgrVYQHPOm2u/o4V85mptI5Sjc9sJ5Wu/5Ung2+oZoomndFLiskdG3cTRqHqA1NJDzi33T/69AAAgAElEQVTedhk+bIjzRkWG4vpzeBStcg75SdVl5WyFsYgnc3HNQfVStn5yPQMDZPnv5IWgI+lta/BkreJeZPw/zF36UVl3HV//8vqOF73SHLtSA2Vu1pgtCx0RdswUN7jGlvMldC1PXw8ciHO3IT2vSP7BM0ZftBsOie1yu6lkNtJ7cejAeZnOeKc59tlty7NOi4HnNU5Cgz2ZYCCt9rQsDMUGFSs8EFNY3arfteBs2Na11VPY4AzAucRKrpRuAb5gj/Hj8dEcg8Uw4Yxl3SqA0QHNjY3wJBHGpw2LTQ+Yx2kBNk0ZewLXr5ozI2BC3BDOo71NjpE1elWEqxmOrZfV9hQgKEtCweM2I9lr0t0MhcbYHNM5KixLvktHWpsD8h2R6KIFiIdbfvD/8YPMnBoRtIFNk4jxRRiXHmIpOJzmG14C6D0J/C3eSV0aJj+wR/mBOXvNePuYTaZVTu+WsxJOEs+ei2aie3+mJpuv22Kyddnnzy3gvI0ic6Y2n0FVnDn9+aePH01gbW4kdvrppw/vvu9J1+tXr9+++ebj548Bf/z06fXrV5VjYNl99fXrGHz69LHox3a3/b5sNVnkM1dbiUgsYpmLXGEqV1+/elMfZp8+fPkmtD51q10QuNufHNv2gF6e1hxrAdVdIzhR9W5CylNZMuuCEuak291hp9V1fTHb7KFf1B/LslmkkoKeGSClf18s0LFNFyMBsd7fWmXBVRwSeobrHaNSIzhVJeyUNgqSpaEMekwtVqJGZibUMM1+kyAru4QbEJv8Ouxn9emQCU5OpbRY7nNWHffgJOmDQSoHh30Kiif1iBYmnVnqicVjeiyCuo7OfJ4gOAFD+VQWz9SUxKgbf9LL6Pm1Sgfruo4PFuKw23Z4DlEkfVBjSyYclrw94wtMEmQPMNx+N3/cDAFwi4I6HhYVnDm/kJOjl0kJMB9ttunwKSPzBT/JESgL+bBsEdJez4ODyVxLCGge2e+qqyGI2jranFaDeDhrHq5sXu6HhTghtBjNUY+rJCGpPYORAr+5pcaIt2o4H2fX9bDmrEQxfcmU/BFKztPfpYi5m7iT7AV6LiTNMuWCm/bCXLzU2pZSm+xxPxPuHdddA124TKEDJe2ciFHlVBcZ3GN/Rd65VmgLZaoRSHSzIPICYO6XngHCTWIMAdo02NjrZ3T2rGqXAERnfmOvL3yrQKSyVuEEC6Q2ZKr8zf25Uk8/WoFLwCNZs7gylremz0R7OD5OB7p9Ygyg0A6YKMxDzu8cmnV9Dx1erJG8a0UhbGpdfKrTUKhZr+C2kC67j/U8W6kU0CQZnXOpJM7JHtDoIgCMfZuiGC8p5La62xKQ4Xp6SD4CTYZa5iFoXVnKfeWaEP4zitvYbujkvEKoCWkzALfV4oYxHti1pRYzRvbHxkWvB4jyWOfgcYFKNC3+qlvgLvqgCh7pOQU3vQ2f9bV646kGLtZHMjBMx2XulN0xXue6ElHDo5N0wncahxVvj1pys4PU8IGdypG4IJeilK/0YrEIzDyxzlMWXyeDBTHnSwQ/6IyEwdsWvtUPHwDjJTIiMkdZ8CJO11/U7XRf8VZxj2xGmpWCGky66whRhrKMRE0bleyzw18S5tJsnrsdTZWETDuhv9XYYigi6b7QjeW87WH8WNLvzkHKyobAuvk+cdPYpq+cDDyfZD460BZiq8NwAJxPF8cYlaTFp76BXqRHh2c6uSO7qKZnKbNgMhK8tXlSfmcyhS2qGr9zK70xnff4XrsIopo/Z9vR7LbjxchXhhHLnrMC+yLDi+WLT8u3OdQW7BYBBS3mPZlrbddqzNBN9KteES75zSfdiii/P39qEdaC7atuAb7qu2k+ffzw5ss386xlpTS/9nGNr/vGmk+f/PPRN2/e5Ob7dx9+ePfj27dv3vamw9ffWALi+PNXb960xEysW4dfd7djc4aiKWjeBOZV46ararQVai8Clhcxa9LqOmEyFeOoJlDManR78nW0e3oHZAnJ91w5RQkQw2U3DzFfJiXjQi1qVXiBWmV68BYwGhduKV/kLrpa5VR38D1FL825J6tBMiXvcsVSB7S1ZWdBp8icMfBixi2KE6jjDI+11rZQxr2UwVNu1c9RqOXYMmEIJX26jMYtjjgVn54TQcA3n+FO0HVK/SoVKqvkc6aieeyEa/OABCf2lOjiiQPdcfFcu8PSUXC3SU+FV6Mkuhy6bI3DQkGVbLwEBzqoFKb0gBBtyyE4cpBoh4W7GVjPf8YB1QPDZX4nLMc+j/LiZKflLl9f7D6I/K5i1UXhq5ga1fN0UQKd+9N6BpbZKwY1ibmf+cASL4rwLhE1TrF+knjhLPoOZdmp4RJeTVDUOxrE0zklYi1iPbUrskriRnoYm9jUCxbSn4+yMQxlmkRv9khvQ4adoZLfH7up8lheHqv01712wOOAeeiZcCQKLo6QMOyRIzebxKFuvOc8WQHir2TOw3VSntwCoEnRB/u8so+V1v7MCeU/IFeNecLdtY7HCm7cDnEm08yoaNOgtwe8/CilOb5k1YUk9V5HLdjGTk7JVdIA58lCTlSkjsnzAJy9/lZHi2Soiq8914Jj93GLEWGPi7wK8efm4c8VUsVozS6PYaWdYtEb4Z4x9EFATMuOKWX8ZWAeJD0/0idTTXKh4+VM0zzSwDg1vDrzuN/1wQE+x4cIJtD8igcg26R4AJcsmGtkyjTUTwonT6/utkUKecLQFnLIhtkAJxlwMl04HidmM4UzlHiijXaXDgYvbOFfHuDPAs9mF2hiMV2Lr2Eafam4skgzLj4jX0GKUYHfTd9Wka1AVGm2GEMzxlP1HO4GZQF6yX1HZplZ2g05vlxioqOu5voclegE78LEm3Qvd0LKUPJmvxAbZHlKXVl0ckTmtkYzkcn3hYc6oOBmT0d+GFtzqmk44+thEbpoCbcf/3ulvgRlf9L2tvQqn0Vh+mvSkKQIZWbtqXYQ9ArI8aLnKj57yqSPNCSyEqi1HlER4sdkj4QZXqbXnJfCShQb39/gIOO5Zdj0e1OruF1KCAplDSJ7UtTwvsREe/xLHEqbcs+fsLN51q5Y8as2jlsdQj0ogB3p2gF+eNUYbCEYNm2rG84dqZNQbwRMHkInfdCcdjBQe4Wa/eFm2mzBvK4cz86Zarh3L8dnNm8+atAE1F3VhLuTV+unT+8/9G/HN1n98PEdk912/dgXXb9//frNN7/69U8//di/boyol5VTevUKvyj91PuvPhXK16++bpn4+ePnH398//bbt9+8ffv+/bsvP//w7be/SurDjx9S+fGHH5PoZeuPP/z06tXrdL/55rUXuH9+//XXr3tzYdCf33943evOIbbya7m6z1BzifsjjloNX7/96qtebv785efuUq5JOg1gvXnQr0EiI4vQQnjxrLtAKWgZyw+hSWHvOCCyCC9lGS41wHqUvFXF+MT7MAQ6HY3SRnDQO4uTLD399BtTJSqLbqGBlBdH/ZgOn9s6SqAGmsvxECKcGIdMB0x97qVD+iy28Se9epPpSFCaEwQ0eznDMHqkVmBhdLRFSY2D8dLf+TuEUDY1euMBUcTWxIYaZz1HNnvVp7s2CM4Oo9pZllSomOTYiaJ6vmW9poNb03gC0p9dtPE3LINY88tu03MJaUC5vM2K/IAnCXBU6hU6i7YnbQQWIfNkd0KVOYL4z04EmB6KlTGiUhVV+C4lOKUjvzNz9FieZqdkb6yiXDAuDqUqB2s6Wz3ycMZ42XG12i+ywlPLEtBwPpKKSXaJLqp5KY8/dYsxZrFVEcd2GqKQ4MrfzLJM3ZQYgtsEiiY17+6LwsoP55Vh2uar6zCMuG6+Zt6ienMqKo2U0PMmCl5aVAEzENXcMTg7bTsvj4amwAsQ9R4F2SMiZDfKd2JmjrZRlEDuXPUm4a5B1+U6vUQiXbZmwcJY2MMpELCo6IHfUwGOPHGsaRVDGG6O7T+pQPeMRMviqHuhJ/IC/LQwklQaXZueDd5OPIJhAfvIKYVCGeG6xNOfYGG14TXz08sDhVj/+CeKMS/ptHXavr9+45udgEWpAyfr+MXhOaGjA7emlUeB7T/5CX7Zq67pxORBBQLKVj8vztCQO4+eSp09snvumIsHN/U0knbIVigd8BUcXASWvqEsxyvmdMBSLWekxWwTDEtjELZg6p5s9x7M8FhWLbnH1XDl2czY4+K+Bu7Xfg3htyKzvFDMsjy9iw84eUgYnTDmREJo4f3Y2VXrae1BYLyCDGuSte26r4yEe7eryXO7XUaMc0LZsBXLjanmPD4mxFTTwU2CCaxZ0SN4KgnmBZwZfKk5YRUcjzw3fC98POBGWCWUKamlvrICVpqjlCJojLNxbj1U5ZbLQW3HobaOJzAlLYtEcUlU3q7YCNUXbG2rjrHEIxk4Bxc9LiZt6G/6gDGpBSLd4tUP790thTwVF0LzrLYneEV7NmugfO5NuOOjn/T8WWhhO7f+PsIhaqEdCzHttABR64RPUrN2EcAMnXqLCisafhnPhO9t+CkKBTcXmOQoHLmR4BdfwzIBMxe88ZgGzxg1VW++E95q2OSdaDcNdwX0bqPmjU/qrs2LFMt0q79Ko+n1i1dvXtXx7t0P3Tt8/eZNt9tbQmbr8+eP5amrXWvFTx/f973Xb968LYqt/zL4619/m5U//vGPb169efPtmw4+fWhsffqq232i/LmvO2xV2TqylWIr0FaGFVirya5n9xLzux/f9zzHvcKoiMEKUqA5WkDN5Htl+vXrtx8/vv/04cOr1y1zXX+7LC5Wwn+pubwr445qDc48LBGXBrE6cbW0YC9ZmWu5IOprnpgSw+GyupmhzloU8ybE4efmMOV3M+IjIylRlLbHfOBkNwLoTH0uyLhsciNhLrPDh2Y61waKSCbVQdIljoeyL2gzxMAaAQ29/ZlLYiVaq21EmGpbZGo2HtOrHgQMix61k9pjDJlg48ZXkPqID6D25EGaR11ZreAQn+rDRT+pWTZ++zVCi/WWALrazueUlXLnqvr6tYzW3mzF02mmUQnF7CLZ/XLEZOvxLK05QDkGwaBlTjCMSDq0UCKZkY2umg2/jBhWEYEYucJUk1MepJi0lagb87wiqluwW7iXRm9uSRMHHg1rQlPvvG5E6hChPT1eqNjHLeF9qix/VAgZi43El/bD6gwZ6tAK2SbJHCsP6fhZRBbVeDyXocR5ROPyKuQ8ulC4/satvDrvzBsH5qdkAqV4L0y5jnjK15YpICH34xzprPBwAVwghPei+sQGDeZvHIhvsTfAzgcA1rVcM0TYKXFpoeK0qX9GOqttTR4Ww7rlUJz4UqtQX16Sqa1PYhTVmKPTzndPNpPpHB4zdYg61Plm57gNIZTSBIuSvvQdM+9UPNprjEypkma9Rtfan4663ciS7Dmc3PQ24wtI5+3yIol+TNhr3ewzI+3m6eKplrjPu+Tsq8mMCxmJwkHkOvX/E1f4JhvTD8w+qxiZRFKQ38km8niS5m0SrPURqfF4ZzLdILa+PBgVkwsK/sYKklwumuP3gjlmqXZ+tTBzM7IIIWNTDkGjeLBjHOT5gFlCwVRCedXZ6I9hprsy9cwjHUnV2VEPaRlftaVYHKAsQ94L1XEbcxkpXIQd1EL+Zkf53X3R4m3htQgCoTmQmkqGhmVHRSqjNt4kMr5ZEar9WVyuEECYNpJA4IlgbZEOpgQi7DW7eZD3q7+ga2ZRd12IddbOa6Z3Ai7mIFZpFPqZfxlU6OI1tWx10HVutxxuUTU+hZRE5ik76TTZeagGQNjmgM75W0NaC0odbRunk5yXFSaR4nbPeesR2dtVupzZpqmDTNebgpPg2KnFU+c43LFelkjcKE3ApZurIFKa09kuRMSN2RFIKHfbFuecDsd0llzxnH7m1sruTZVzlbUXC2d7g24z27maPD51HoIDDl1k50oueJPlTOgdXTdGFGTPrXPkdYu/kD277t91Wl+1TNPXFatnNUx/fv36dfX79asPnz62Bvvw8ePnb3rh+Fe/+uLLj1zov6H07tzPn7qd+ObV6x9++K7GP/nTb/qS6vc/fvz1r/+0twj+8bvv03z96k1rl4+fPn/95u3Xr992j7Abhx8/fvXtt7/uFmAW3ZB804egP2aul6W/ftPHVnwA+udPfXKlW5PPt6zy49K1kgwz9m96j+OnFqm9wfENv59P44pOsSiUcmvhLE2ua1qDUYkiz1+hUguX2Q2fZDY11q5rpX1BXjgTlYFT3MCUBMPqTMyMis/g6tBA64qy6UdeoJA3SnYPpDG34nIhCIOnDMur3fa10DW7EGDxajAzCK8wlLD41FI9niQOKVQAozfVhEyuI4Im/cHwCoY4IIAFW+knobE2p20i1t9GGABbzxomPUCB2rsDi0UFGKM0Q/YCzhz1ETtXusAaHlv3qs9sZAQPBEQmg+3nVYcyZm5fvMdzLzIuZ5ls6GGerUq+R3/9Xk4XNmfQhwpgC/xS4QJKsfC54SfPDNUygGD7XUVwcBnugIVNleMsyjt4rPQgUoFuZ96tSa2WqYWtsLicJTfaKpPLiRUnMROwRC8QqWh+ZCUq3NqIlIu6lJZzqk7XUX105v0cBIlWlaKNJsudL5Wij9cMxIqXRApGYd8nPzqBq1VOpcfQ6/lzen5D68+IcKIUGeVOp1YTcZPuTKnSrStryvAiMu3OovKsgkYmXSEE5E0TQ75kKDSWcenxPKwFmb3Fua5tnMOmvS5sxOqOn6EV4YmlMBdIfvFKJOYP85hvPz6zgmzXCEGX1zPA5qx4BPtQY33xdMC+wXovgqG3iGakIJ+tMDo50MSTWOaav9aRj7lQrDunBdTVF1UUOIDegkDlHHZhmawAnNToZOdENzLromBrnDxY05PflzBkiNf6d3C4zbqteApJNnVdzYyGKKqtbesmkvJMK7qUk2RCE/Sn6tU1U/Us3kHk+C+Gj63YlT+Q+5PTHcnQotoZZhcL6usfC1fhYGxQdNgWumpP/DxxvJg/eom53gRqxPXep+o6xQbYYjS/OrwbgTpYvx+By5STXRCSNZ3bi/kVdxLc3sQ0QvPo4Z+q/sGSM8OO8LHeSnpRZLeRrhqEVLcxEEznXI7Kwr4uRJLQXK/1gYwliVsOjPgaorkutRuUi9DNHRwbijClw0ul6C7UPJak2k1dsIGfvfmd6NhyCt11naMzboAwZNAhT6bJdCWCSqebADnRsU1azEuxMu3y2pS0qcDD0d2+XFM4tU0yXFcBtB8PZouY2SIPjgmfeVIwlUUdG9fBCn0NC3qMd1Jpx9WUnIpxIWid6Ow4UNFoPHJawLml40RkbFFczKZEUTTtRGhuMVfTE5iOEC4Ike0kKfH4+afWYr3aW7pLah8YidaPH3+o68x3EWm9+P7HD4W3ldrbt9+0hvz6yw99VuX9+27Xdafv1ftP7173ieSv3r7/8F4cvvzy7VvfdPi7335XkFrWfffDjx8+fX71ppXb677t5kNvTvzxR5I/ff72V7/qu2x+9w//2Eqg2eO7P/7w5hvzCG4/vvNmxddvetE5N/p3fB9+6ktzevtiX6stm/PDCCwZafTTq+QfW8N+6ou4W1jcT3UrxKJiXdjTwOVskVlMxUwKpKxZP79XIPqkT+ilY7kAs6AWuZog9cDSHtuVUYfCvfpaN8TnigsmrVIZzqTq9FOhLckU6j2xaZsJX+a8jS90XX9mjZIKr2WwqVSyXZzGNCsp58Z0KghVvrl2dY3B3E+OCEc40X7hPZocGlfeH5gW1WT077WRhWW8tZ3BpKkuIlH0JDp7LyNyzUajgNahchd8V8u4zGU+vZhnUdhGMLv10dpssqG3zsQvXYUErD0E6TDt8PTGLu7K4skup+k8OVY39UFvNNeYHrziZjJIaTnY0H58TB6AbkQZn/35UCHlIQKEkkpmhdWB+VT0Fwn2LaVbCU4UuPmEq+MR9N5SxdSiwdguoJHaMoLK/UuV0U6vm/2PP6ynsFsTvH/CuaP4IGaqNwZH8CYrJ4Eu4h2IZbk6fa+IZtZMWcOivOfDCceadHdQ5r7TK0eam0tnfuDnyoUN7agpYmmRqDAU/DJirMqEILprBiRHjnuFM8HwJUI5BODeKvMQ00mkJw/CyKkhLHh1E0ijbXnsmqRHiKdtJfBqpYKfvn3v1y0GJUpE6+8iCaf+C+rYSeiQZ6IAZGIjIB2OtmcEQzRuZ2C0RSAK6K5n/idEM6r11MLIP13GJj7VzOyGeWIZLV4iO3d4Jp1hrLj4k3kLfFw3YhDpj0r+iEOn7QOBRWz9HY2NfJ0UVsoguYUzafGgmY6dIrj8GWneAWPTVbMx6IjMOXfGCHC1xzwbYyjQEVs6M8JKIZHGw9tB0eRQMSXrMDkyE1L7xVDI0+mXgAhxrjDNm0AxqNmWud39J25hH0JNNXd0vjk6UuIDyPO2aY98X55TI0hzgOUVzRuCNd/GX3jb77EZkjNhxjaVQPKj/rQ7HnWACRh+O4iIJAoNYZW1ijoRZ+mfSW8xCWci2u6pdthjuYlGHKKwrxaZKvCAV4gXPb4uuscMH2FMejh8O3NlWCzFR43OnfWmAOBWRchSJUK1ubC9tMxdU8ZKDjhfOl/APLHutZtnHtXM/QUMYqdLGrW1h71m1h5wkTmTtR3sVBXYnNGYvC2Vqw9teFxLHQoM6ArN4ciTiqi7y8OoUdxzbwFtf8cemBCGrQC6QK0rVMLE+xmTY0O+09AYMn4TamTZHIW2BdEtdPcpkL4q69PPLea6h9iLv978YIYvj2Eh2NfR9L1P3eLrTl4fVmlJ1vsSxebLr9//+C6GfQa5FeH33//Q8vHbX/86Alf+2SsLvXGwteQffvjw/uOnV6+/+vHDj30hzQ/vfnj/u97c+NOnlop9t+KXX715++2f/PrXH959CPjH9+8+f/z0q1//acvMvrC7e5Pi+9l3JbYqze9ubPpWnF6f7pPPHz+9efu2pSwPb1S4wROHivmrFqHd50yl1e7CH6liKNqF1bPszvKUr5oc2TXQjMpF9onbYl4bCRcRvcDCrtUYKFzLjmdTw1mhTILZKewa1HxggpARca7jSU8yG1PjUPVq35jP1DMG4Az/CNfq/hswdEg7ALCGHnbhPGkiOvrhVZarBnI3SMv7gDZR8G3GDRHP6Rg+B3dckF1k2zYKL7r8VKR8gxV4tdQJK/KSrxecrYI6bUOGvADtzAFfzJNMCHrrybRbWHvPA4vLATxVyqfE+KOvRpe2VM4o+LTYGjIDXeppS8ENv9RImKy5zoGgFIjL45LhaQv42+1GQRrk6p9k+jzuuuw9r/10gT4mjG+lY3DS8kJT4LvpE2RRKp7BxHomHjM7a9XBg3UEM48TWlMGqn79dVvCMrtIDxRM3GJuMWu26Iwb095YyO1UqcwJLMNrS0xt5IttkyUzHdS9sFnSFyCzBbx+XvU6g0kp5Sx28bl0EcjAth3pTh7xY7732KLW1kDeQ1oH3GvjS3oqKn55mFFahgi5c+C8EeW1w5kzfJlM9224V+TPynrrkXcUn87L1hgaF95ZDADnRBRI5wLta26sItztxMQwAcW+0hIKeiPAgY5H2rE1pZ6iCNZleIVfWzNzLaSzO73AsSCfsDgjxJGaGM/Q3mW5y1tKN7nFBzFSUZmfHWE6bYDLuZY56Ul5eIb24zKTiw4yT6l06GKio1+9vPXYqOv5Pe31LFRGRRJCtQglWPH19qFHqEXorLH4ApvwAKwqnkpJrcaVXIdhtRVwG+n8iEWPLw1VSoRGut3uNjipUQSTzqiCzsJLrKvs8Za1WVtcckIIxQccCvZ7XsJw45i/CbBdNg1TtH+6FyCLiBJZ3ZhuTRMZYH1WEh2tmrISEqy6EkKs3pWzzK5kXKWxW1zUyWm0N+FiO/eyKZdKtA3nDbAdJjEKPTKRjWiFd1Eaq1MbmyQw2JtP0AblZr3SSXMQBENLTjA41kOKq4v58kgU4+VQtvAkJGU8wlKE5lLYN6FcNKmbI66IGZhUj4J9rilijtSYmeSzADlf5q52tjZ8TNc7DZInHfeiTDedSFFhYwwfzKxknLvTm/3sMrLXSihaJLpWPvwQ22wSD9yWUKR2gjXC4Dw8qaoxE2LIOsKMjA8/Fj2iG+NPQK6GVOAgVWLa7cI5zsOC11+N4FXIyLdDJfdPIM3u/H1sifXhUyXhVlw3A7vt1z2616+z3XsEf3z3o3dwf/Xldx+/S6R7in/44x+/+NzHhN8m9vHjh6Lawq9Apt+C7/d//MOf/upX73zV4Q99IuXN29ff/eHdd9//2DXm0xdeHP79P777h9/+w/d//K5XpktIH3bBvhh9ldFXfY9N9wj9b5VeF/673/z617/6kz/5k64x3377toXrN69/XdB6Wfvdux/TifDb1296/v7+/fuf+qKclaQLVvdLfIy6ipKrct1dRP+upVAIc3IXEBlUXkvYk0MawlrlP0W9lIgnCVmt5JdQA68cDkJCyAdXlLdCnWw0E15tl7ZlfOqlIDE97Mux+jawJKcmswFMOVzTSnUlJ1w76HoUy6SXa8LbglYAU1/b1nnazgEE5oEKqfkpOiobIh20Uc+m/oEMkiLdzIvuJhIhIR5sR9lKfsdJZumpPZCmpt60dzEnyFNSkzT5OBLV4A4kkX5ldrGy5DI9ZtOCMVV/nBlh+jvcmnnYnUdaWvCcNCEOpLPLYpgZ0PLYXC54CUu0zeqmvPizldXN857cz3YBelLykEnGGrFwLjZhh++4iHoifi5y5cXM5pariQR5NxOO2UC433g69aO9RxHYIQecI1pTw4AtPynX14+s1FiveLZdbbUwbZpfExBFtc5ZWo0naa65MGajOJwHQ1fIKjfW7RIqjlYpqRL1b5ywbtvM1bGwrKjS70D5D5Kd2YaPrUz03uiiexkKT/o7J/FI37jjDeOs9JPgVfPGSF1pCETwgWRz1M/ujSYRub8UsQ2Jrf08vG7E4Y4AACAASURBVJaJMCa3bkq9p7o3ZVtAquHCj2OHLeofi73rxRuqo5b1qHH/PFXubRCLCmgddv3VjrZfLufocFeISfzky1aa6byxNFn+J5GZve1giBLenThX/gpqDrJoJWvL065jj7cjgch+rwg6voKJiIyxk57hUoVyZOf3WE/RToQL0o927qo5Yu1UZU2BFiVo8BYQbj7hmgGiHWhetqWOfixymbM6lAgQV+TFiQoLhNNgGnB7Zu8c5MI9YcMltBC6QrwkiiB6lBt1iO1PK1NbF16fuJo3tQcjFzbZeMpt1AOQojGHLA2J9cf4jpFa/DDt735GP9xnvqy2ciVNpDDZZKFh8X4BVYkCFzLHL/Xj1PEmh/kWb17vuWn01OiQYBVps7eneM83NxT/3dayJry6tXaTlXOExyIeefQdjeq80RjfCN/YG98UK4TJL2X1X9BEJArqSUMTuiLOKeHwBxjixVUNK3IhAbTHnKlfbrY1KLOVtW01CR+RFz22iq4QslBo3JCoRU4350y3ndp+MSj15JlaTaNm4rBRXOW8HDvR6HwMFqCmSwY6LoDAykgQj/DJMzNX0qtPzZHXXAv7oOc4L+vay0IO9NR1I/KOl540I02ivxVuZeM616r5U3ffPrpj0db3zrz+5pu+Zubjh/e9HFzzD999//HDh27XMR7Zniq0mPv8w4c+etJtxE+f3v3Yrb4+oaxMeivh619/8/r1t93Yy+/63/Ymxfe1f/Puh3e/+c1vvfL85ss//MPv/vC73/d6cuu5bj0W9u4vZsLXK375VXcnc7lv4r5Xjb/55u3rt6/7wv9uAf71f/yP3S785tt+fv2rb3uDYm94/Dbl2H738YdffWMZ+vFDa9bWgD1rnUuKwRpRWfWvnaWZIakVWulbVhe84uNuY6ksSOq1hou0CG4IWXE86VoKFvIslRYJyO3tlrYFbOg0DBkioFftqxgW4tQIrDo3Qb/gq6cVyOypI/hHSfpYHiCIODsfs3adTPBWNLiNAQDwmwk3BZB9xkoiIXhHASwji42oot7ksKKty2n996a3kDdrL0xHTqB2NMqhGWpn18GcPf5oqXRkPeh1VHN/z+GhGQL1z/aujbgSQS9hW889ciXfkMxHb/YFE/lDpfMydoe2OFBenI6I/NFpSCxfjHRQ6/xe73jUCH60F6Wqqa9aMDcI167RrLA9pnWI8SnhslwUk/FbHhb6mzdTy1/VwjOOp18UKktzoO7qZeRHp0SKgPnlzAn5lEV9v2uX8U5HvoYSIFAB94NhVFMU1XpSVJkz5mz2hGCZpL4rCjGK+T14opDbXGkgOz679Uw6a93vNPOcOe2JkBNBBw7Va6OW0tUASsfSE/jouWJiTXaGRngkMZS6aQpnUmTFvBO5mkU8v+pVkWRFL8BFD8MFf7gCmxasDizGlpBlJqrpvGoC7X9ElYX+P6mchRv1K2eWRBu2tdIFpuNwOM7jnHQ4x7kdwHnrdZFmrkWmxjraE/T0YSIrTzsuZTGcGRKUT+Uz5+IokqcKiqHcSaL7lWlFqZqZqVjWDZweE6NyIdBVhcQdexSzmmIQ1Nu3gx6dBtI+ttllKcxm4VpVeF8JVOIsM5KjJ47sVODohxEeI514iW2EZ9HOeTbSQwnbe/V71oW9sb3h0VwvU4nA3QADjh/OrG9VOQ47qVUX/Fmi1Hl7UY0qJDuRKQGJRlP6Eqhck8+R/sAsYLV6J4c2NttyEncyTyAnPe9dlcy28yx4PZ3ekJAnNDAQtfaVSXrQYlJLZDNDrWO0ve5BwX7R6KCmGOucl57SpbCIdYRnzOfx9C5cWfplTsGK4zNVcYFaE/ujOH4dHhp8dZ+7LnNEdYxUOM+8lWvEInXu9zhD7YWuHwJM8ZlB3q8N0ik1FF1Np4oN3emwmAzf7nWo2aHU+NoxqJFKzdVhag0aK7Gd8Dm4neWHMjO0MG730Lv0MRbKkxeG6S1MHbnwKan0WdRTK2pPJEd5fOfufE8GF88NUk9HECkG20kPN7xrgbk4GgjOAaCdXtDKaTHH3xmYq7Pkulm4yTG8FmbdNVQNjdXu8r//sY8kf+o9fs1xH9+/awmXbp8U6SrSBzy74ffD9z90q/CHH/ua6y8+f/rp/Ucfeu7mXKu2XqF++6tvf/0n/7wXi//Fv/6X//Jf/Mvy9K57j6++DdYE8dXn//Q3v/n9P/4hLt2hbDGnCr0nvhtKn1oa+r/PP3+xl427qdmtxU8/fPddL3b//MVv/uav3377q29aYf6zf/Ev/+TXfxrjP/vn/6wbin1O+dtfve2rcHoDY8vWFqkf37376u23WxEWzU9ff9G3MX7tnQYtEF+96mZnrl4BCciTArETYFFsfC7ua1IutV8edkJqf1LiQLxTLM69lG5Yu1gsdXZVj+i6jMnOrBjONlk0A5yNS9wStqGquWvYhFUb6WPSAaAHJXsukUMfWW65FpCoPjaSOHGlB8Lqh/3xP/P1F48858eLsXlSQ/yNI8NBpSQbwkqvUg+2L0zn97ofWHy432kRYJIxY2cjijCLae3nelMQx4jvFTZQC3aPSZEhrLRf3Gdgy0KcMM8xcmYhkpLZYy2YB+OkUdu7JQSBtJ5k0mq37xJhBV4tVfkCmFRyq5eaA0jEFZyZ1Bx2VXIZyhS73pTm8EQSjwf6yM3UesUVf9nCvh/3g7XWDlobvp0tNt3gSN3liTuTI8NcIp1XaSFA3d9SkNl6XOyPubgcvQjMe6kdGhfiIE8zrGBrqTfJxXNVMOEraUahL47Bise60bkAW4rtUlfPxAdYOLY4RC6Fsc9RUeLLHAjPPdjRB9L5ZFfyLpe31TUfT667dDI3oLWwwAsRO3dWks9IrS/fojLsog2V5JlCxhVklbCmZSNxbkqGwigqvTPaew/6otifPtZTtAXXDNfNLkmdLFq/MMGrMDc5XMA7mXWEjcUkexs4oBVp2Uti0RjGYV21SKiw+nkxxIPg29cjf8O/01UMPHMEVWOKiF0PaV3yktDKx8mifzGasdBiCoYe5eFwvJm9M9CHfKek18SFfrnWrakvXmWl3625VN/sZspRICnF0NbpE1jH/uDZ71bZPFgWh5EX09vJMU2ls5CKE8qLbRkskMYYK6GdjLJVvtTJL/g672DOzUdeNbXNjNvmxRdgaIZJCN2OuXf8YlRHqLulO2QtEjA+VW9upzR1Tycyv0YN/Y3a4u1oz9FTr33AvMuLsseRwXSs/3Fs4SIe8Y7P3+B2senKoQ3wxNl7oBcwUFpERD2ur8BkKkdDQbdeS8FA8nsZSDJMz2A5A4lDBLS0YKtJ9NYIjf3jNzH2plqzulx4JlMDKuokhMLeYE39aKKAFlY9WTkW4ty2BJQVYUDfHCBXOAQpvml3iCSeCLQ/6ag2z3gfNfmsY8QuaTO4jv0ABFVMqr/E3IZZ78k4VjeEXuoqxU4J4WzkdeiWR1Hjjeqqz3rj+BfYZUYYp8tURZZDpTXF5G1SVsuO0HUcps8j52nSrQhJ8kIZ9xquuTI/mwA//dy7+8roD9//+P0P33/wMeSffvz++x/fvf/9737/4YcfWh32nTEt4HpZ+fOH7jwWcZHpwycfPn344qtX333f9mPB+fD+w49//GPfcfjtn/zpDz/2zYk/ZPO3/9i9w+/6sHO3CL/7/odm0Nj6vyqtNJVlDkpk9Fo0FgH18urnrPT+xO9//PHVH/o/zF/95u/+4U//+T/7i7/48ybjYvbu/cd8+7M/+2fffPm29zEW+e5G/vCuD7L09YzfdNqlV3Q5aRGTSQFsMpIodbGsiL+4sa1ttyWK+NWE2PbrFZu1iOfyp47q8Aen7lTKWjsmd6UX2WB6yKau7OQsgy+646R/tQjJM7weBQVRTWpK+QbhR4uG4YTZ6QsctSNKq+Y5ttUBjwH9Ih+M7h40enC1MntpmXGLhSOds6HMeN1GOEc0dAyoexzJPpjhwrCpMFJM1N2pmk8giXKU6gk2wEMjI0YL2dDNd2eLqXoDm/4jA+oFYQdo8ZFxCBHvq9ozlgsj4GGdZ+TB2dJv5uGHsATMQ1jja3gepgKNfWbYSZg7Md3z5EQCWjBxGxcT27xeuIcmVnpNU9ks5ZnEwATfrp79cLryS8SLq/HSW7fXBh1Bbh9mpxeCjqVyE3ajQCNbZMZGjBkmX3O2w+uhNn+BqZZ9Nf0jL0rJWCYn35G57iFZFrsNAXDoaVwA8fH9NXT5Ni8VAEm3HoIMNGk0jLDJXAUmhkXePQWZVSu/m3ZqbJYoJtO5UceRQJaKYJHD2Z/wcin8zao7TNXipN4am3R8I+FRSsmP0OQvUijyfGFEAmYC98Sgd2m/7q03bthx7suPX3zcqr9pSu339Nsq0ejDOZiBdu7i6JwnYXa2Z5MXK+2MMle0+b6WrM5KJnoMUmB6SPYwMBtwApXICadDZJAP5qEtVwEUkzFJsw6b/f/fX8qykVieBEIO97FYtW3CyOKuvTX3UztaVDuNK/rL/bQFPwrju8unw3p6+GX1Mx8qfFrrjMHcIjQxI2dWYM7hQtlhRabgmMxw1aGA8XjYB4BQD3XFLd1EKWi8BwcCF9FqWZmnBCXkJLF0pRmyWcMo6XkzUI6I6wbqAjfte3aTnn9INWaEw30YYIeDYcPwSALjfu1cMncW5U5xyqEIDSKl00AjMmalZMnMI8Di14b+IWZZ+udpj75tG0q/WapvGmQGMRLmgpqn8kTBcNW3B1UpQGzUoTIeY/Exksd9FImoYvDNcVADqqFXGVY9u8TUcmjimdljMZa8vESYszil8E5mSUpagjLC57mvfVEQtVSyFOKVB2kBQaOW+bVIvqDm2hOJAx0m6VTmqCAI3i9RH1ou9fOEzXEmSuaeQGc9GjUwixqEYlRDzmmKpt3lbRmzviE6cIQACm67jutgb1dW55QxEuFUujB6I5DXcWuvun25IG8bNYZKeesf3fVPRz5/9j01/VOUPpe8td9PvRD8D7/5jQViLwR3s7GXmntVuY829503rWDTbuW/r7ToiwmTeePbr9++a+X31Rc/9s2FP3zfBeCf/8t/9W/+7V9k/je/+ftWnRnrbt/7d+/6jME+U2yBWNJ79TlK7z90D7FpVZq7BVhLnztp2fpzX2T49dtuKX7sBeKfv/iHv/vt737z23/2z/7kz//tn//rf/PnP7774Q9/+O7P/+JfpfP166/efPO2NWevO6feh6l7qbpFsXe4FuP8/+q1jzP3H1sWv4W28D6BWyiL3j06UBf1SogKV3L+l4xJvc6l4xcgmVxm603McITMsNOy81R3oW+9ovh3c8QVKqlxIW1YlE+jORw53lwLDJWZ2IFrWRvhVf3sEZL8ETyWU6vYXUM7vmpKBqBGFbaZt7Y02z18HKwgQ659teoyVPMNHsXOqs6EG7xWLJtEb3asuZhd8Xd8M/ah44Jl+/jf2USC3xvOEqune30KNzFqaOQJ7nNdY5nIACpiNZ71Gb2R84yLvCQIyq5EU74WtNm2qBADSVHbmXOcpCD3ptgQUicuvlvv1rSPAvQSWOAIYXMjM6E00wpTjFCfKaEMoh1f+jGeMyWGIWwu1H7yyDnWLeQBJlpTEYJyb91OPriTPWkuJGWGo5QLnc9w7mxJpEWMBsOeslvRtWTpmbhwCYZ3aHAmYtnu2blF2UhR2P9cUX3niFTsBLdFUAxxy+uUxNVx0i5tnW3iClF7xvKxPEw23hwQF1AOuUlqPMMzr16OkOVg/fDDyNpaaJ3rtcpQJbEN/ToWd5dC32UpWTrlnf7CN8xdWjauAsQqEvelM9wRvj6W47sdKv5GQFH++ufeme2O9EZCk48vb32FlO0eEkuTD0xtg7Vo8rWWC42mItMDp8cssoJzd4+xXhGKgEitK1hUMeQP93jvzRiuYKlissu2zgxwHwGmhV0VI1Eycr7JF3G9jNv0TZCaLiNhDswbt3OaFZhJY9Dksr6WM0Jhygm6qTamTCGfSLG8piLYwQhwjA6/l7JE18etsUKR3wX3KGU4YRHHR8xn+PB4dPTOw1qFCNm55VCtMN6osqozciqpFEEyU2/nRQDwaLC2yCTcY73t1PJkSgXcU0epTgKQRqgYsDvaYzBk9OnHALZuNKc+JvXDJNOM3IA3iS2XCtNy2fBo62BDq9QTfwEZpUBTqvFuBBSNWgxNsKUmITMSg7jSwfYlHFGr2lyKEtGZWUokfpFZh/onCjpO/IiZp56TTbcjSuuYPVY6neU1tBuD7Y+T/BxSSe+tBntma0phidKcExWvbl4iFoe5BjxHk2RrLmCwRoVhLGKYUC5Cw70GOZkvwrWwropJJjSVqVU5RVT4Oy0yVxvEeO/BxN1xKRtjlxwR9nzh8gInoXMz+KV1SDW72eE5YzQQQQ0vp5Wv+b1uE2UYzQB95sPItirsjtsnXx7Yvzb56acfvnvXf0ruXTO9PPL129e98vvdH/74+3/4x9/99h+//2PvFHxf8vrwSm/+a60VwdfffNuSs0+fRLO1V5fAvnDmzTdven23lf77D33nzBcfPr7r5eI+Uhyd5tB86h7gd3/s0y1WacW2r8VpkZk7mYt5r/z2psPURau3MxbWz24c5tHH7z9UhN1D7KrQebcaq9b86EXy3/7jH//4/bu//uu//Yt/+2/+3f/u3/2Hv3z3J3/yp3n6r//Vv/K1jd7O2ATdJa1/DGgKzG9hKgpfvSo85UXMQpOMVYzEGIrFXKeZdwUibpFq7y1TYQAqH9TtARUmgZbTzoMtC+udpsCHneYmFMMzN4dbl7SlTB3O84raWnTK45iN/2YFfeoCREM2pZ7thelQeS/OAnV8lWa/KGZJ4TlvqKSzhvWRyJ9xIVkkdrcKxpyaK6uwoFs3QC9QL/2hrQFYWKYQ88O0hCQFoH5IbKpZpAKX9Do5usMNJHF1XwrsyOF+0OaTUBYDcQtTZwPtpqy7saZpE5TuDU1GOjYMUJeuHqMjHV4qH4jasNR1QuGCNQuVPaqap5HtCRwxjFNiIk6bRMQzrhk6tEIOlQWvGIh3svMvNsGjN4Rk9ubI850kQt7ssYRH4VyuI2NHYDUkMVcdo5aWaAmcc1eVSJ4INfQWSt2dBR87pM5DDF3kMRdI9DuppWVVM1DtyVJc2JqUsBS0Qxh6nFYPyxSMqnzxVbQpJzpyW79YuIJcEK1MsoY+oZR4UNb25Sem4/k6f5iyYVntSG5ndynn+pxg0MkcCVEo5h41JmrI4OZtWG3I7xKiLEY1wQASzHiH6G6BqPCCrrN/Yu+91c1cMTCr5H8Bch9R7LZxvM5M0a99oVxKBHSBuUwR59QTJhxenFXyS9zzAiZMxFLUjo4dgCR7/Yi1Lz7hf1nF99B7N0+ihS1Sa+JHXX6avAGhSXiEnrXDCRyEi00qwnil1nq5bLpc1N4A3/iO2J49NVEhd7sV7wPNhZ58NXeve4hUyfKE/0SXYBnwThdcxWXkShqOiZP0YMTzmnSNygZJ2lNzeptIJeeng37UxCJCx+BiPzrqQsg6AjleQAz32duAhk8F1KahzlOqVNY2+0wEDRPFts4gETFI0jeS5yRbpPqt26LP42077CwJDXmAYKOI+44ixyMK/rjKxFr4erD4H7FfoJPkugzXKRupTSgTsz9WfI/vjLZrFqtvYTSIX0AZre+i2rEYJR1w0sAvNuGIs5GMfjqJTUCkSEe8i3y6OquCKIpWZ3y9v3oWSyEGBWEFcGgQxAbCY3g0xjFNrIe2uaajjZDIFyouh7ZhX8ELmqblUbCQnPc9LMYzs2IpTqOnGcixmhC/1oLmCmOyOdgI4t8uzbzQPuooLiBpSg1yYeivJ2LF2pXDBcQ3VO8zH+Ys/vU0tpVn9+7q6qTF1k9ffHzX8qx/UPKhr7FutdgbB3//j7//7d/9/d/+9d/22ZHu1gXfOq/PIafcvb3+VwpLbuhVpm6itYbrfYRv9Lzpf9o1WvpC6v4vc8+l//C7799886oZ8letFT986qXmVnc50wvTEWsWTdGXXftXeH37TQu2rs3lpg/e9W0RGTQKc+aO3vTt2T/93AeYW4T24ZjyW1cfggmi7+X54x+/a0X77/6Lf1fGelH7t//w932CpcVr35eTF+9++LGl8Nff/srEtdpVbn1JU8vEu6QV2SVH0pYVSVkVSdFadg0it1S0k4TEnpTIBjm0QJX5QWqT6tVyudJOa6VAHuD+hlXnsjmhp/q0tdFkYokei9NQfdVfXFLt10yRFOB+mBuHWV3B1Ki6VnYnBZ/UTDD3NPCylIq1+TQJRubhC0vu9aPr+Qmr08Kra9NwjzGqdfNqR1CJGYnD3JmdyYRax+ZFWo7mT5AGcSD0wZxh8GdB0oZHfuSnDwFMgpmcM1uriGmmBn6CZ3aZVCCsTBX8YsHUy/aYQHOhy/KE6I1bovr0Lu3zCm+SZ/iS9aTOZMIzXtP1JMK0x+j2QtLWcZEblYuf21gcr2cUFg4wAbfNQdRsyWBbo4DwL24sOl5nNiRhiCb2mZ/CpOZL0g01HwnaAQCFQafnKYp9igi1rZdEjU4fRuA0bWyoKjoNEe5EwTmn9GCP5xpZw5WNZ4mpRF3n5jE3IBFutFg3IFZDuycsgtBfEMaCyu9M4yJU0Yf9+JDc9OK9FuavyW04RECrzL4nYbOt/z3Vv5IP4e3PrzfnfvzKt0O0fdkXLniRowgf51ll+2DsHyfFrrMx56zo+KvbNjoT0JptTxDnXlePhcxdbUbUFaBpTTZ6/O9CoQ24YdGv8mle8zb49dSh2PxOrrObFtGM4PEjK/iL08N3HhUURNt11S7Mw6G17FKbUg2l98uf+5qb1hlzEFp4u1v4APNx7Je2rLM5CiIi/F0q1jfcmi4nixce1gBaheKXJyv8lXWOroMyEkQ1FNVbF0tZuovmVQ5RNBIrlBSep9MyF4bpr9baF9kJm6oXemWNir+ExyNRg55Obcn77fHuqi4wKAgfDeuGCSWd0lzooMa9YVYBEShKke7JVCeVYKuADXkjOH7SjUWHg55ZT5NDdJGPB/ahmDXYSxG/dh0njiAa1yLO6RLsB9PlTcTS8c3gA0pDz54aiRRH0eHJdIPt5yK3WMT8fEzN1sNLPvHQigNu9Q0QS2AoM9tYQK6TEKEkFSwec8ro1yoSkuJKA6EGT1Yen72GQnUQadAZ2OL0KNx1euandmKtwty5uR+4oC9EmmcLgdEwB41I59luTkpc/eU2ot4yON25LDtUX5JIOG8ry5vEvSTUlgKfv9oU1HG1zRUXzr4psNVewfHM+4sve5H3U+8a/LIPl7zpxapu7/2nv/6Pf/c3f/Pp/af3rao+9N+TvYjlZsUC2zfVtCDrzYTZ7Xun+7zwT63wTNBf9bJwq83mvT6k0ku7wb979yEPXn/x+n3Lv68/9sWJrz688gLxT1+86RsQ3/UxmLA/5ucy5ym3YrD1BNf/nM9Xdfxzr2a/yfE+JZNXNexz0H1S8GNfuNjasq1Xj/sQym9/+7vv/viHv/jHv/gv/5v/8p//83/20zdvGmrf/eG7X//6m+4gfvr4uX+4Jy6v33T7tP27vpG7TDeivYtsFbM4KzSkmpp+mTYUQOWR9DKymCclSUVbrWxzRa8lLBlsKlkFJ3VZzm6Sq/LTWZG67kmhdDZxXJkEB0EZw07ieXAom0YGAsZTBwm3aT6kxCZIHR8UDLXjfLBnnQ8JGAFu03SqaJnTYyjPj8tPGEnqTnQEPRTAAaBEu1BlqVgLULKjWQnBI69pasLUltMN0rbio6pFmTu1rejTmzv11dIfmX6LZ+6HoW2mWBCTtQYitHUID61dODlAv1mxbouHC2FFzgtdifatXkqx4+4sdb0MQXiMro1PXV2NphuKZkZjjTIU1rXOQEqU146h4wJ+34+YI2qwoJwIvdAbRSnPnWK3NqHZITRdOS+Z+yER0f2ruvLzcOuy3BQQra0T+DZH6k43FX6MnDuqWeYqUDpPWpsDeJ1lH5bohRqTei0NT+/zEZPcCYq7QchIsPXozYXNrI7vT5jDNFOSSunZs1oLUvzvQjZMYl5jmZ1O3OsbtdSKjJuEU5IQVOKITs3svXyIpRAn39SuEjmXLRJh18PZJw6UauFhjb5XoZOEMWMptdoEj4REb9iD7w6isveFsb5/vFdIKpa+jeGnn950M7E38GS/uHsV2sfuwjLVME/3flVZ5npINhOxLZmTnXd4Izb1Em6ZV2/KHSkPPIdRA9HAXrCpzhfBRB2BWrgzBzf2vMavl01yHTNgO7gYcRsxRUR/ddlJzWMWp2yoAzYo7vL+sFmBFIiVUXlyzQQxp2EGWZkx315EjF3i8+SyRscW16eEOV6bAp0hjya+xRGPeQttkVp7yoSMxnnYSQJ5MXG6vEKoYz31VUoTGx8XrdqSaYgVq2RqDyw9U4b4DIGdHKDue7+Bqpkq2yQk5gS76+Ll/4KRHxfX8ByyLsxA7BBca2H+Oq26J3Nu+GiAUwSC2a32FCK0qUtPY3VcaQ7suQWG1vzGFk0xHZQg1VTINvd1GLihmUpC7KHW4ya/+TQNfUvUgpDEbOLA43m+POiOYfbMUoxiMBnQgVzkl5/DBKt5sSBsICw6pm4q3HNrimRslJ1f2AA9MLM66zyMS6MLhLPpZ9d0HzswNEWpH8n2hcz5kYi8yY3T2rjmqP2duepkTFGKIgHCemer1jpXPQzUIS5nCf2YF5Vx3nJxwO3SABHq8FIQkENXh27ExbnviO6rZlzYFgzRiMS+MqbH2vzr4q+/7rZhLxCn7TXl119//4fv/+5v//Y//Ye/+vG7H/rQcp/z+OHdj/6Hnjf+ffYevtev+tQzLl++6s2KPfahk1cf9pZrr7l2pe5LrLtaf+5LHvqC7f6bSsI1//juXfPkAvvzH/74fW9P7C3clW6fi+7WY8aL7afuF/pHefUYTl2lvBGyVV+aTR1f+dqaqJtR0AHnvAAAIABJREFUl7r+n18+FLxe4Ozf8n34IMSFrhuQH376+q//6u/+8be/+y/+y3/7X/13/03/i6WPN/dOyTevv+n16sRC9dbJxH/uX6q86s2Qr3oRPJtiXswMwIK2eJdKTfP6MlzGuLVXPGHU2qZE5qzlpjdrCb7icbnqLO5bTlFVCsOnoU4UlbzoeYrxOU2LDEY9ikwnqyo9HdVi2JKyPac9GFlE1FWdkwyl4lpdadNBRO9jffDncb0xXsEkU0LWzLhBYjYwgEPxji1YTOCzqjzOeT7XOalrVCSwhnbUKwsB7dRwzWAn/VnOTArcknA9xnUCM8JcP53u/2ik0MIoz7OKYX1Mwi5GphpGGsgmhyDYMaSQIoOqoQ38ZoGg0aqpqHGvcxJN5pLajaMa0dd+1gbF5p3OJvAZS/yaz0kRFQKJ7YY4W2fdWrkznuMWz7h5u2BW/W4J1Olc84UhM6gGT5pf89+5vuvQebm+x52qtww/pZUj/dqZWTrUWe5NQ+fhCnuVxSypS6BFtpcP5QdYmRQcr/mI3iJSA3Td4hB+LxpIRyfHjC81hsl2VXCe1ckLQp6x0YwQhihEvwAteHFgYm2HCvE0SSqPLhPsz0KRbMpYXp7zBJg2nXKAZAAANXeooGdL51n3JKjGSxZzvb+wxFLtLT1VVV/l0jPan9+Yopsdf/ywj6lUSizny+pwliHXogAHWh9/uNnbaXjSb8cMs68vFBFbB8Lr0Qte6Ww2gjN7OcEdCnxqg/4Mqwj3bvKIPZU32Wy+YALv1wii2OGIDIqMUTyJ2Sq8KmCMUkgU4VUD37P6IpsWPkYX59oKf6t6occ2J+/jBozgOn+fk85So8HeisETGNaeVXxZd6r/cbZTZIJKiC9nargXKuLrC7LecrSzrOw5LHX261Fz53ddXV/IRXudLJfZqjxiZw28eU//gOkmrrn93K1TKBfljjFff3WubASz381yc0y5GKSpt/jYak1R3GhgZmq6mTRHPmqd/FI8F70RN0YvFnWfjJbagkDeFlbpZVEB71KBAo3rm4+ZTHYlY1+aRGSrHOowkzdfQKqL44NxdDZGgTVQ8nH4F67NktcVkVlv/kNiP6qFzzI9U2A6+s/8iszOW+YvkeN54HUcwIsWb+TxCWLJ2E+lpJqs6o+z5uU98552736SbyDtUrTQjVTjTUSHNxfK2Cphcca6H8aKeZ7NFc74VVr3vFg7PsI251JYmNhYFTTzdBsv66/23t7SC0wsw/Db5eWz90Xvopxat/E+/Piupz19uWCCv/mrv/kP//4vv//DH/qHJt1Uy1zrsua0FmlVVpPGu1aMP/f2xFc//Pi+rz7sAy4f3VXMMa8F94EVsc8Flj+9bobsP/L9+L7VXThveh/vV73K/Om7777r229aEXbLr5e1W27W0XDq5W4O7EZlu75MsS82fNu3ZHum38vJvTey9z72b5flrzej/OzLan5696HbD1/3ldiv9n5vb17sHzS/yZCPpnz846d3/5+//O3v/vBf/7f/9Z/9y3/V57A/fdu7JPuk9teF6gsvlPc8vwwa9m0GUOSXDdHOiug2kjhmdBfLasB8u9pTxOvcWbJSYuQsRUUmrY3P9TjXu9FBaLYcsASXuTbVpADdN73u5ZpRZXCas32lwGwmVRjQTkarziPSfsgPvFY4tbpuX2fHZ/t5nE6AibrixtFTjLk9mps3Md+dC4WWhHPs25V0vu4s1yiOHteENvdyX/cL25EV2lHjDZwF3+Ulre3WneZhtycB75aQFWrI4lerJA4lG5ltfGo0uVl8gqDcwZiOX4qJyJHT/nRT0/6I6uR3IjBQ1bflJ2K0Rs9IH/ZJ1h6bzQbJDy1Uy+u2nBWJfjXtgy954vIKTaYSkohARpd5zs2gMeeFBjM0lcZ4TZmqPSnIjoQ2iEWYM6zq6PHCWG/y+fKo6NuEScBt2iRbs7nVAbjtETzTac6FmdhhprY+YULwlTR7RtPImFtWCmMyng9t8mZADMyNSSJX64WQ8cCifFPkJbHz4GdsAxVKZ9oA9Wxy8zEbqExQjdsSzZ/rsI8toyVkzwaIVFdjS6zAeLs7MVRrH2qwMbvv6LeypoPma29j+dxs+6aP93374Zsfe5uOFY/cSVAc2keoPSZNm/JtpIl+h8a2noucctBVj2J3rGJlN0/XkuE2YYLjYPIgxDJI3VxoEd97jmA5YzYZozHcAhuRZHfdi+424S93xNcf6GM1GyyAzntsBUR3r6sjNANXnQRnKaCMTjOr8pHpRPtLwnjlrScHda0Zcx7UtahghSqFLoO1B0Sa+Q6KHwuZW3UDWnMte8Ms+zURTCU+nl+jitXDeUeOxbwZYMlx2chCjRVHW/Cmo/Rty5wYRUOAL+SiABWdjp7nVWvqbEWRyOKRSMJ8RLfZmBYrPD3X0ksHUkJAVhGnyEqNa+LVokWsE8JoRjdQ9mQs/r8oOeRZ+46u2S0Zjs9jWVidjiRYqITlIewB13DOMLisXIEuJVSyA1/RtIE+r4UPT75MYl7XP+NMIVXvOo/q1LWiInJUz1nSt02nlUf/W69BmAoEaNQ67cSZxyE8YUOS4CayroheX0yQEkq39n3Y1DDTx26zdmDVxRXsFEMr9Btnks2kXYpqYBW0Y+21hS87ksi7o6K2Kka1UUkSy7IaF8T8Nga9wFpHd+AEsv45tzrb5LEvwca2Upx0ny8OoC/rqrp/+MN3f/cf/vK3f//333/f/zL53ELwVV9u3cu47z7NKwx7v0wLqa6BLQ37VElfQyi2n173j1CMlb7+8NXX73sP4qs+1PzlO+8p/Pzmq1deeVa7PvD2Td+8/fp1dzhbCP7u979vSnrbu3D6fwNfv7auU7ttn794+0WvP/d+7h/e9SWFYbs92f9wiXs3R9Po08s/fP7w+lXLRt+BXQ2mahpvvHij5Oe+nacboqrmqy+6hfmbv/2HH/7443/z3//X/+1//7abpa1Q/+zP/iwufa13xZb9i3ZzN4VQFMSS13CXg2JQo7AvdcuKRi3qxLTZsdNmVLJaIdVERbo3LnfeCRO1XwI5WaJma5gFMIg4ZDep5dIUBCdbpf6ZiB5b8IYZDjUW2T1rhlYVMkglGGamMsSikQ33nnjQ0gWMWviJb0WLcJlkpx8DAyBOtjQej7B1olaB9ffEkvyEtx5XyG0E4UB44sEwOytb0JjyhQSeFFLpWlOThZQOSP0ZfF53DKPWrrADPR93MkMdTfxWdNn6p+Azp3NRTK7z+XF7Nq5tEHGQY+L1LMKr9gVhp/WGXS+BaSYs/rfxJHIigLHk1pW7W2oUaRcUwkFEpF4hryFcOZ824Os3hPo5i+wYGckRpA7IOPOsDiCJwV2wE0BlLhdDVA6jUdkpZycO0eEwSYmRoOekSjMMODy+HJVSo5S5ucFEPKyb+ERHDFRNpx2mLJXNTVmcF5i85Kmlqow9fJ6VQxbV1Hhnysoljbai2rAcs4c2KeT0Tl4W29TZyDxLi1xef5K9vnzovM3UYfrYXUXGl/ZjG6jR5H8xp22JkQ8ck4lXMfncWxF7lvqh74p9/20TohfGF6HEYW9kHZ90WJU4NnHj9iiL0zwukvoWkOwGNdb3rSr1zM9AA0oRUvvhP3haRrWANme9SCSUWJvLZyh5F53Oc2RmZowywDGk4izxHM9v6va/qIhNWOwNhSwZdgddpxD8kjx4nfGqI3+h0X4QWGD0/u6Ye5dRY0Q8i5ncpq+uL1FpGF2HqRmvLe1mKA/4nRTL2F1w0AQ/N6n0W9uOJr5gaFq83O1jvFhnvmeCzxiPxQZhBCUUwFwKWARYCBf0KHRa5Ygp2TnEtyAfXYI2fmjuEMW1dQivtu5tdcOlwaHrJoSTtbwYFeGSZPqwnLjlLqVq4KUDXAIWK7gXBHC5mUBNnWq3QSPp23FrO6uZ6QJdJ8G057IBqG2YNdMGIybANTTvx2XQmKYoJvVseCKdvCsETdGicZnO9NbsnqO40yoKKYSOM6WdzzB3GB+ZGZpnncvgJrJMZH3SCKb7RFWMSF/NnSnBD7Ii9GjHQkHU0J9q83UHpVlnIhwIMp0pMSR0s4jpjhdvJzYgHee0uWDJUned5HYf7PUuul7X3CUEtFi3uHJLDVwqoQtV32Lz/t0P3Qj0EvPHj3/4+9/9zb//99/97h+i1gu6raj673qZefeuV3RdzJsme6tM99revHrb50L++POP3Hnt7T3FuvbWcxn89s2bT6++al3IkInw0/efPiZSpErp67dvf91/2/uhzynH4WNfgdN36FictuzrPuInlpLVgGkJ8wJB1vuWnU9B9MpQfJt2e1f31y0eW8f2RsvWiL2xR8r6AsT+Z0oxeP1FH3B+1b2DbiIW/patkenz1P/b//rvWxP/d//7/7av2mmR+tWv3v7qq29//OFH9tTIz1H45psWi6po+ZWg4hYpgSvKknyrqzIq2ZOQua6gZTsUTbH3wI+gNietwwXSQFMaK/q9VABjdZ76wCknsitQbXqTT4ua/K4z9GhTRE/EcRw2lTy6YlztRFbpSb96OWZq1jcVem7u8mmodBMukxxA4lYnseQOTmypP3e8AiJry2wEVHcn66trtS20GkOqHjNQBPix4RLCjHlwnFwW1idQymA22yURiSTEDfb5PrOY2TahJ7dGc+lMjSQ6Np5flJx1MteODZFsdBfFhOLYKRarDkZkb/PEJsboiDwD7RlWElXtdMcdSH/HQeQHuQAvP3KYeuPLt+bCEt+MmPeTN1mspeMOcEg6Pjyen+KyVkrrfely0l9G4XpxTpiTUgCENQNDu0OZ19IDvcdG5lLrXNN6VP6T8dpYw4SCkdOROW3ex7Phy5a+i2J3zHKNX54K0luwH88S1BuLeqqIrky3Zflxg4ZxdAE5eXjjVkfmB34hYjmo9W6uCYawdCExbgzaziy24sBrtLEt705Wx+muk0g6A+poC5jRKgLG2s+9ycd91vQ7U1Sd9eqO9+s0133qxZFv+m7Wt9/2lHcRfHFiI0uhJx3CBTXWKhGDEWkf6WYd783EbnSSeuijPtKk6m7jVk2Fr8mRGNndZiDT0EiDcxKotE8kq20FsUDc+MnSmSE1G0AfE0pshfpcbs+wKk6ygKwOxinViUqLw35UpmqbfQEAtcxbm9UzZqtg8PUXjWpkzNObsVpfHKEMormEqTQyonPuxWIuClBd/TxOjItKxnlYBR4EqexFclCdxLHmCxD7/vjQXuOjNT0rEpPtiq2bI1gcYpbchdJgJPZoV1zSg7VZxiQpTGqXW/2tndHJZLHjzgpSD4njPtLOKyNfYtRBFbOwDhvMCqPx4H0eye9VfOl2cUhlWUkPoxwcmEjBqmnqqS3DuiOcqxcHJFcJVSZ/jhtQRttN+8B6UrmVKL+CXhyykXMFxew0kwsKhQuGWIW8jCwyzJ/3LxlAu1bDK5I8GnynOmZsXHD1JjmPrGayTjIhDYJV7jt7XHF4UwpC/WGbVGI3f7F125zgdLDP7DXckzfVeQ5g4YwUumEkCOsqjm5n6ImwQnCIUD8v14iqbObX7EWBoGrpZW344hek+2qDVnH+5giqH/vgSd9u3X84fvvmw48//uY//sf/9Fd//flT/2r5q+/678g/fkg6LJ/kaPnVV1G/QqUbes1q37552+eAez3av7P7ri8j7Kfw92m8N33SxAecWzG+ft17EHtjnw+r5MYc7ar5plcwPn7sA8519rXVv/71t7H2fcW977B14tdv9kp0ryNnuE9Gm2ot8XrTbSvrDlrAff7U2xDff26J2Y3PL/tP0XkW2+bRhlv3OFrsthws0C19g62xT65ErIVjkWmp9ld/+VfdPvwf/o//47/7r75pafg2Ht2Y/PmL/lVMbwvqsy+tORfdQphNE/2qCBdhFdF2DbV7KnVxTcgmxHUSqVJdVqgYaGK/HLt5IyA2KTnFfDzVGz0d6zqoDhFifQMQFpAAAq/Ly1AFshZlo2YmV/iadQQYrVSQjBhTNZp5NagZYIz0SLhmg0JkAXIBW7LzRLvFHgF1FubNDaSYix6vV69UB4FcUTEF3SJYxe9CM+p5mwS/SdEPIb8F2PjReUT2qA1s8l4a0imqQqZRAzfGra4g16QNRyfr7G0K7PXr1MVSeOptl4+LxoEkYYm1VzLDrziCXPjxoEO46Z+jPJsNj/yrZZHhcJStGjy/m8qpOjzhucYRKKjIV9Bg2ot8h1BprJ8DDhYqlvsdYfG7qMwiVkfoDkIctRxLp+cG3mXYeF7qEhRfpgRF9pkIQV7YqsdTBYjpbN7zIr++zclivByCugwanG2QJ+kk5y6yK+MwM5Sm8l3Q2Glb5ejNfaXpssO/LBB+2HWYfX0J+nK6BeNigCY5cAQ8EPCwgq+WHAt3Lf1sEkpwYjc4tiBI7KkyRVIvzki3XXlHz32KpiD+IW3N2ITSajD6/csqb3zu2/vfftNXfL3Jgqrk0V5rgVaiEzQ5FF3LQCU5MgE8iZQEf9ecFg+yVndmOeViE6sBJrVLReeiWHvuXgI6rGJErS21LUwjk8CUCMeIKWr7yZay3MzjYTmeIJnk006yZGzLE+ZdHM1GAriiyMs0Ie73YcKSSQkQqMBm93yY/mnw/bYA0iK482veUp1uIMUESJu9GArQA+Cg35Hl1YuEeHBuDQyw14kJQIz9oKdnk6IwqdAszlTS1vkv35KJJFH02CDjTMkzBXvL4UHUpX0WDaJBnvfTq+NUC5YoGw2E03HQXtKe7Tg9gyCQ0NRBLw7MdKoiviuGXjUMRwKH1/kyGaex3+liWMtxS+4Xt7RxLYbyDr6DDDa1c3RWnV7PZsWO6XBLeUy1+RtnWnXsS/YXpzzMaFf+oBb99AR2SnItTquuiYRi7TWfuNFR+NMlmFlXiiPQKVtrBdp22MHH62EP7GSgGeN7uzTpcYC+ECjChZWYzy2kOAt5f1gPDp/1MDxOhQ2zcRhF/ZpyqWVIPiZqzm4z6olmvUi5feYK7ZMmMZPWTbmCLaO+hzVdxJLfXJv+x/cfWiG1Omzq+sMf/vjX/9//7fd/95v+yV3P5v/43Y+9IzDEJi7etOiqrr/uvzNbdvbO6F717UXsmrr72KdI/E9kt2m+/uZXr7/7rvtwpeSr3tLX8+af3jf79VU5r1pV9jzk7auvfvWrb1pxfv7449tvvn3bP8R7+7pXc92f/PTRwjbGvVgc5y0TMtG6o2T1SnEfY+a3D6UU7D5z04dLquhPrUzfvrYILQn739Be7FsYKnjf2h2NkL96083GDHWpEN4WtP/4j7//v/9f/5f//re//e/+h//D51/9uhfEP/vn0j/96ttvfL75w8fm7LwW/Kd+BLzjKPa8vzsiLQ5aKbSJbsHtL4aqbbmVoJJVs+loSW1XBicByBLBNWhKlY5BvLH0ZJzoaiBISmRXARp/Ge9Nd52f6osV5aGRepqxiJRq+aUMSSYzgmG625dPQ6dihpnE6bO+yWFi6iqf5onxgx4Da2FzHqOah8HcWqMDZbqHSR80Y8hfL0aQekhf+SW1FgN2axdDicc9eL69zknzcsWuRmQENLj49mC3UaA1kenABCWGYY0yk4ZQwQZC/+QRW4veYqV5DiUkzOOCUfb9SL1YwZjeJNQnkdG5Y+GrocB5AXfhreXKZiYezHDy8Viy6bkOIOrZpctQIlNQMUh00mNCmfbQyf2NBF2hnieJCuLeWBTIEJ+iu/pUaFPWteR2FnOXevIv8cjHansFlWQGeSoxfPetVTsGpovISG41c/MdrwKRhRjR6rc5KO3zeOxq2/yWrLgtPj0gEzTUIrb41N/8nAEhsSV/IY7aGvklfde+6Z+pflB2aG2zcsoARyTpqYEAU3xis2gHR2jvkx5sXMwWFWGku0aZG3t+3tPWpsi3zZi+ppVS4ZgmQpymzT37hYrMnqNMcOIJnrg4qxNKYy9xVEe3pLn2WW4uvkSkrr9lE0yOqO3E9va9mb4AhMTMwQ09WPDCeefL8w5rWNSCLsD/pIin1FwqtL/EDsvJ7THIkJf5/OX4EJOYUTLCk4CBT7btJBlwlhelUwxFssdOD2bTSW3pnizQswfCCc+MtbMjRErtHDmaScbJbLewqWkNcEyovVpTpGcYyjbvV8YGfmIS1V4hZu0myuUr8uQxJMrCDh1wwwRteuLiLFhBrEujOEhJyAJjhEx/oIqvoDxyu+7EAxlG12zv7JfzKJx8B6INPpBrRSwyBloN59BxPh+bJ6yM8jLAYEYwR1YXBGeNCJeCGE2525XtAoBeR8/sOW80GMH3k8Akz1Esmn0KNk+Pe22zrSUrwKY6+xzm1EoovX5aN9A8GaJO2rWC3fC5kMUz35aXFcsgzmRWREr8J6D1scDrIx+NKfcIV1hst96eVHayHgwG46B6QzaK3elMOhYx33Wxo8UgWt0N6/32uyq28svizB+XVHtVos1iRp/PzYDsc8TffZfqr3/9q1a6f/+ffvM3f/Xv//iPv//h+++i90OfPunVYHfiGgthq59I9y5AHyMeVpifvv78629+9e3bb951++5VV52+2rqbdl/1qY99cvprH4jus8u9r6aXzHrR2JXsyz5r0hPmXkT+Ve+6+db7xrpV6c7jF/2L575V0Zt4JNYwjsKXvrtVMcXn1X2DWC/+urfn0z9dw1qB9w3eH1rtNc1+/tD7CL9OYB90+eLtm6bfrwpQxvsvMPnTDdBuhGbep1v8n+iv3r//+P/6f/6/v//hh//T//x//urX2e0F9S/71y/WhUXKNCrzcrnrJy7FUJLEtNkzlviM7tJScynhQEdXFpfvMBRsOezWQE2rqWGvzGogd+BZPAzGlUEOry4SEZpYdBqCylpFsXphm6R2krlJmDlqDtpA7EAj4M1ORXzAZrkkfMzhP3uRNAXN+TBVkpTxeKDmXuBaFoKzoYqEQwUXEqZOSe3eBLNhKlxkpr/Ada+ESW7RNCZOfRAmf0uQA0cuw4tTD2PGagdLGrNkR7vHaS0SYS5EoSHMPSnqpMmBx2ti+ma38aMpxss1Xqxo7IfCshHnC5aOGda/TairoBpPq0k86UdMrQ1w+2n2roq75AijxB/LB34Wj3lOrnEuMJUFpqO4YEcluy4t2BfDVcjkst6YyssOMiAEFZ6fZY1Fx3Vk4xJHxjYtRnjfwgfx6e6yQNFMazBRtG6spebxCjXfZ8aMHfOZ0SZA8rKI3OAwiQYz/woiewhnerZHN/1gdPgNpPEW659++toXicAlhm0nkVgqO5k32q6zR9fcNaCdG37OTx3hoJBQnasZvdnLXBgpsputvhOhs1AFvNav+9ReL4N80ReDfdXXvzaX9Y0NrRE7LDB8E6ww4BTcUxWmURN8YM3m+zeRZ5WBpI9AGS6Rhco6RcRsi3J6e6mh0zWSmaVzWvqZub+YMMpZD3wT6jQlUR9UXUZnPZja6XDPdCpnqL05XY49zZffJXchphWzqS434Er12kXAV1SYPjM3yQIwt1h9xGqvN40T7DE4sWngCtn6INbu5BrA9UN0wX14VPsCKOEpuDteITZqRnFMaw41jq35BWMpaVILsDZftdDhoauPueMWXe2rIliiELQ/DNpS2A4n74gymOqtu1lB6PDj1IAkxEykZVWiF0tslSS4HTuI7osZeE+8C2MK+zH2ZoDcVD2Aqn8By8ixMSxJAVX62p2nX1cNG/C+gmT5Na10YLiQI3qsS4K8FMyu6fBs12B0gdpV02tgIxfbecdJY7wUlYFwBR5AYPhsIanN/F5I3GMjux/C3MphnNZoGG8TyqvnbKOb5rzgTHwyIIeJp2A6WjqSwjYw8eDRXCVjI/pP7GioX52J+t4WR9On6nCmNgGxNJ4uGcAaffHvKmEQqYoNBR0twT0DyXb1t7t5Ba4XMFZpnOFrl3bvMehw8zIXQ3Jr5YuvPr7ru2ze1efe4Rc/9+XXf/m//m+//93v+mJsX5jYvPS5ZVzfSO3LrvtS7N7fV8mH6UPR3m3dp0RG5Ks+qtway7dK9y+ZdTKBQKuvOLXC9JmUvrO6L8jxCejeZ7jbPV/4SPK337zuzeXhuz71hYR92Pprz7kC6AXe3lpoHbtR2a3BXsarMfnwW7LEMVZv3kRH6fQGyohXWxajfRLlQ68vh9rYev/t2zdu9fYfXD51bfiifwxdLPvGn1H66aveOtkd0i+/+Ou//I+f3v/4P/1f/ud/8ed/3jrSi9efPpbNd+9+9BU85UhWAgq20vEaT6FuMpfy+O/yU5BkqYxL7ApgRwsW/eVdSVziX4pDlaSkfjpanZepTN6cY4oSVADEki2qvs8noMzXJs3p5fEJrJghNuSwUUthFJuZoZIe2BpDufEEBn5PjhS2yJIkN4DAzJYbjmnVdaMm1O4Xe6LVUbXq3ue6Te+2tEWuSsFoJjV3xI7DjJ6p1kBw+ysr3OHRPYm7MaAtFSg3Xw2g05lZyWfF+CgZSxv/NkNGwXsGdB37qfJ0T5xE4d6h21U3KR3R4uNgm8lrGXKSeCXUn6NCT35j2XitCZ9L3ETW31G05urUTgrGMqn7YRak0Uo18Rp1hOcx6WtI3SSHxsHpjFJoqtww5DiQFEqr+M97FucOsuKjoxbv023DPJXad40UjOmtqbpc7LPzCInCNWVs9zMTlARgDqXnF+kLplNCSmUEOhfnDDnHqD/RXhD1dijOjkwBwkHqGT66c3ffIrj5p2zwncwC0OHWG7kKu8ZwGJ95VvvzkJm61FC9Jqy5Mq5edt9Q8xnfJoozyoYYof1iS2CtmRSGrXcW8iWGc+5WFN4k3hPRTnqG3ZZ8z3TTdLmzysbHscf4eO2kjVX7tDszA53k9oWnUwVsnV5FdzB/yFE7f5XhnoTg2f0Ft6KTI10Dlh1kuQ53hhmbbiUFj6m6b3TcHpeME52vl61hUa3Xjibdbcg478HBMiO3QejPrDCe0mGS6Q+f1NlrAAAgAElEQVStF2Xitvk18QlkU3ark5AsAUhx5KTJ3/ngnRQlywgLXxOX0/mTSq2lZUucA2IvnUx37sgBv10CrfmebVJ1jrZ8xaAslOlado16kB7+ciLTY6rKpfyl3mcL1Izv8hCv1Vj55sIUV/XOYp8jEqcQXFtP6pgHzMtZgtyst2L5z8YEEHMBSTmZN6K0E0qjvboqzuphkoNr+C+c6uASwDcTFqmwtBe06O0c37o19ff448D7LLgMr7KVhSq2/2mLT3vVXZPopj63suK7kbv/AMBaKuWOluJBMTod7QU827iEB46CVamfUoLEbedj/UplebQ2SZRZUj3keFqKd+fhSvXCNxAem5uY50Mwo66lYTiZTC4yKN/FKMmHVgLg+vFkg8XJ1hAJXUe51ibjvVGoZvcIgbbVXaKTNXF4g0sVK3C9/NpS79NPH95/6LusC2BfXvO7v/37v/2rv+4f6OVBqhWDNxI2R3UX7f377/tXJN1LNBwtFuXOakxvLzC7z/j5u2j2VsJe6X3/sXdav2kl2JKylVOfRXaZ/fnLXrE2EHwdUM8Peun2674TsQ8Lx9g7E0tF/235rQ/5tdIsuB/e++yzRPX6rdmxl2D66EoD4ad3aXgt3Xu786lXeHtrZGOgxWV3Ll08PKH+3AehY9jdzhLVtzfG91ZyRaA3NLb09ST9Te9l5IXl408/9/L1b/7uH/4f/7f/5X/8n/6nf/1v/uJN36NYBbR+9AreTx9DbvXju8v6T4QfI9XaWq1uPt1tWncSOxV/qwR5Uxcl/BKtMsuMYtEjux1MqAMnqn9LrJWaEqu5jmzWA1P6h6ighLTgnHLBqld3ZAaf4KGTKJi4OZJiorvQwR/oaqzu45a1kNoRXT+ETmoxryE+3ztamW+6U+iqbOPpDmM5pc5CKEEuZLUcfI6p4S23gbYNbSTIiQ7SIgAcCBq1dDjhIlMMFJgZYeEMn4yr5Gl3XI7nyHlhZtHvSvOSrEBFtHahTv9oZkSw2BZAIeUTplBSMH/qpuc48XGP65YDuuZArcqlXjNwndMSUWVzTkJswrmwPLk5j1mmMDRhnNv2goFjqKnnVY8164iK85YynYndcQlqHrGt0R0KjoBdnWRqxuR6Ux+wRJqoeTDX4+8Msk7Gr0p3qjfrOnskArIfZLOju0bjZXGIXTnqp9Z7Rf6JqofFNd8OJPYXyBKQRp0ZSNGDWDL2SwDrJ8+y9Lgdfskljd/+rnHRm8J83CWcaZSrLfVE3Es2Hnf22OtYpbNUBVxw8aDMeKw8he8QgTpCUrDEsWpG2je+Not0PKlkpk0aijiNC+/MrJ21MymvfvgtAFrYUInL6WZ/4dFac900mycQdqnNXvNcMatOGtf1mh4i238CnFcUY5tUzoltbqi4ecxrHZ1EAcc1jM75WpezKREKp0TtYgMycRJgJ0iUbD4kNZ/VdoYFdoIdnDsNQ2EdwadvLKihMecfXPhBS4aHnXJ1JMPosbb67bLOlPXV+i9y05mrXNbfvmFQRewSYWqAUvPmBXinHx2GDRn7XCPJ4BzlzUWx1EagwVBTRHeBF4j4bUuBsvOcfEY6rv0WC9qAEhj8rBhB8wUzyAMPVODzMIPBNRgDeAKaNkPCUNM4ktB0w9zlFnk/Fn4VCEq02oYsr1okyfXGCOycfdFh1K9JakczOW6sClyS8xx8gjzuEOt+pHGmNOjduZF62FuOnp1xIx1iGC2PeMFHxFBoIF93zHSOixWYMRHyrLO27HX6vIERgJgubGOsuEfG3mg6ti/uZn+3k8hi6Kpizq+fB3yg4eMEbPJWGXNrYMtFUrLFH9TFpJ+CNGd2tPbIRuc6c+r/x9WfNVmSpOmdX+zhHpGZVehGAyPTGHBIoYxwOCRnKMLvf8sL8obEbJgNaFR17ZmVmbF7bPz9HzXPhtD8uB0z1Xd53kXV9KhtAjE8KfPrNuXnvt2Nud2N4ro/o6Nntz3p+tPHD3/+/e//8JvfvnntOYbvYfBuZWZLTnf1ujvFC5Q/fPps2s/HKdnm2lyiZ7T02TMFPVTQJsi6NidYXYfn/mWPIuzY5nKaSkzNffVsRSsGbsjL3n4wP769ffbmtVemOMvsidVPDP16k/PDx2/evmv4l38wlYnmBV00yEYniN1Hw18gNca9U1hKPn3WO1o+dJljjdkB6+kzFzjemaq062nePNENzl9NN/bbAx5TkN7AvKsc+ZZpX10ZbqzoRPmf//LX//f/8//1X/3f/69//6//c1OWty96QOPikF8dOwXA2PTEsunNk37E2SoWQrGY/hJm5WgWvJN26sX1OkRiKhVq0S0F+WwmqToFy87q7NZdjq6dvHl25GGNZQk18aRAvfrB4dOE2VZuk0zfLed6KMXTtJlRMhPmwFF+qlgD0riR7CC57+GsLUabvnwxPAdGSMeI+kg4ziGyRE/weGzJUvz9SszHatbnB1cyCd2x5dIdX/JyRd9DiyWx7RlzrqicC1m6zN4jtRG0tGb7WE/neEmatOot9WSDMtKgK9Gmju0I1kuiSA7+DkRnb/oXUoCGMOtiDHTNtljNVTVPJZKWiEZp5gL8YqmM4OAu/DHNNHrqK2Y9EkSnsWBtJ8eO7RKbf4hWFwGJxbz+KNL2+iur690Cmd/xnMyxVzgW1DpTesNKdl1TQxsfDGH1ITDLIskn+oFmxxQWQ1JSMgzhQZebuitojNiCZ93vnjBEWsTbJE4Z/43n1OEnJ+quZp+ZlEWaqPslJksz4hHVTiopoSyX0PktnSMuQEfGTMklZVdBa+COq142CiVDVURQBSc882KB0TEioOysvGM0X9U3p4gDhYJTuFlfSUSDRP+qU3MQw0nZYohXcQDWgIrLZd6xQ8UgXE4YdfEg6ggb4sD0l582zX8aGZuuZB15ssqDUE1QWid/c+zbnskTduI1v2Hgn8PC+saq6bpnaBOMditfp5U7cqeSY8+426unGntGzJD5XWnZh+xE8eTS4B367EWpFlE7FVNy758TIZVJutr3IEQc+DJY3WJ3NrIjz1WqelXDpCAeUiqMOdKRcEgLybWjGDP10N9/JxbfCWYdGPYTsZzWaUfJkCFnQCD0UowYogpcJ/JCtbycOXGvGTLtsnMxLNm0wRAsPnyR2F1uEeKpjffK2cCDk42p6j9VWRjgWbqycEaFD1kG7xfOmktSaYm/mLULOpIEriLjcl3t5aBoVj7/p62/EUJFTG1QetUejseyYcjXt+QIZKrqudJhBBDHETavVW+Rptmjrp3Q+bdTcWui+i/3O+cd8rMa1TyHC90U2qJ1PQvu0nsWE3EFqtIEo1JH6mirFcs0q3avxnWQsq90UljMhjyTQWmJ9OhdePNqQfWX8EDPlBmjRCwkTPaqqe8W1R3XQTdGq6tJr6PO3fsPtp+ZHXz85O3bt3d377//wx///Lvf//zjz6YGXb3nlmWDLR3Vu7u7t+8NDcXDDSVdPO2hMLQ6P2iO8P2n7u6FovSRX4aaTbG52s+jrE1cmr/LB2C/e//h9ubm5tkTs5DONpvscxLFgG9zf+B9dg2id+t1CvtDj6QxyjJ16V3NukyA+YE5JjDJRG020HQj3z5/+vTjI6ebDS87HeapNfnA1KBTzF/cg9KJbp2dg7lpRSPCzhl+fWJUiSJznnR7TT5zeXiTgA/v7j69eXvnakXzlIaeb968/R//zX//5dOXv//f/e/evX398dGTZzdOUj9upEpy6D1asl+MxVvQlO6gW/ZudyEDXnVuW+7XgovyEq2qsqI9q/2kLJ9VJwtthSchFGkGp8U44uI8SbKUsJrIoBzl2PEvoQipq5um02fH7rMDf2DKuJwcSd4ekIBuGWIVw11l7SIOX6WaKpEZHKVg54mEEUX21G9L7pe/KZqsWU159lpSANIsXlstmked0hI4I+eryTyQlZxWkdbaUV3b0UAmOVMWkaXfZ+EyPdIqldud4MmeTYd6a3qbdCTlAh336cbmNiJiUVkHYgwbZrRix9JzVg/0KSKHupnEDajaVaDaVlriWagWivYG0Eq1vVDAOsKxz7y4czfJdZvgtDvekR8licjYejAghyksxeuSVUJA7odT008jx5VxExG2sooE35EOzGrrjAGIlNfJ1QEtZF0cswDnA7JnXwZkvY/cqVOcB8Bbkw2iDvl0lbMOfY7NLEsusK3B48NT+l1xkAGd5sEUoFOVlkYSffuvOkMSctYBC16XD7ccMBuy5ax6OTVFx1+KLkwNnDKiv6vwEG4ESWShomvd5IIW40m7VB6ZurkDoALYQr53GujPgGZb1mIPmT+oSW1th5SD7h70oSFoQI+fIhx7cSdFI7jcM5lHVEYcjGVJ3JN+1LaWF1I9kCyorsHstRzxo5rksnBIIo9pYDuiF5r2+y8bfF9aA3ng4ZjjKDnMHR0TBOllbgL6caI8NHNIfppYpdEXXwKqH/kFpRqypq7aQ7D9SKuOPgzwWS7lmRDcWTBd7SNfGsTVJ59kZ3zbSU8+mdS+F75siTztBWn+8eO4lI5xdVMso7U3R9fRxzIRx+4Cssgrn4hjjJ3GjDkoFbWxzEGRtPrUCVkTSDmFs/RYqAQkhPHSAxLhtZikpJ0xBOX1eSCjiA1D7qnaZgerRK29RZvOCnJgnU67SDHhmdQgL6nszT8Hfz81Zql6KHJItUoTGO0KqVpGVRTGzLtvPxFOTYqSgNjWUXagI5m6OsCRJ0ZR0aC3whUkISHMqCERjG12Zdh8gLh5RVzWmdhfm0OlgstzJAsqLx5J3Fcg+gh+hWmeoH4hJIrCdNgAbbCyMqSVp2MdSmToK5+zmocsBqc4v5Ovf8yXHTaMixrReeCL++Ru3DR86/JD460f//yXP/3j73/+yTnku5uXz42ivKXEY1686OTN+88fXPbsJSM3nrrw1KV+ofPelI+f3xghemXy2qdr+1689KBAV+gZWD51Xlg3dOMNdje9H1kn4iSsUV8XNX5yneLDl89vgL65ffrMjONnjxh87qDw/u6Dqbybl56Z2CunnCbmH/N9TDDgA97I0q0sL17cGu/x3VrLV4M02m9vnms9vcJZqzDaM6zMC48U8hmbOZMW8JSpMtIks/e79JR6c5DRdfbZW2O84u/DRy7TKJw3f/Xzm//5f/yffvMP/44XHz1xo/SX92/ds0I201FB4auYUApq0dgXQSs4Iaq8z8mAgoS4cBXnxTamaPtSse+ysgwa/do7agTSpLwj8WxcOpz2K5XuFzqRpHN9VhIrSdgq1iMNABKmbBmsJWF6r+w7WR7bYNWEdZyxZL4yf4DWstd1liRpWUVrM6/bzlO5be0aEBFe8h/fHOs5MP484L9VzQSbkCQyk1oGMstpIm8nJceKdCRVnf8V17sBSOnxQXUNp6ZjKjNY4bUdxtONVrbSBf0oHoSGLI2DeGJO72hVzFodHrICGBXpSc7//u8x1vPaPlWzKtbIDmXC04VsViWelqTl0xlqWJP4wxgxgdUvfnWYC2VuzCML+zr80RS0yQaOkNInEZdgo8T8VhneQ3p8MaIQqFgYUxrsltmXYZgMmtcmSO6H6kytI4tqQk9if+q1xGk1wT/Oak8oorRHe4kIor8+qSkJi0D1afW/zQjUhpUqnpgoVcmiNvX9FcH+fNWcF/BZ1T5hHVdjSPlJQrRtJGO+WqQuaOjpPKxhbkesMmuuPT/vetVeIkIekPwTQliOFUSP6ZhWxJckK0xBHPeGDTkkM6Ok6aC1I/lSIg3lcX7JIeIh/3WBRwwG+ZCP6s/WkOrTszgfNW5YH3oFdqj4fTazr5SKDo9Pm+nzG0wTP/f/KNfak3QJBSG/xrX/iaRevFK/3Ea6hf1JJIlYHbVbBhvZnhP0B2aOI6qdsAx6ku2V6JKitklqAu1bCkiqzxfuw5SYhKUzvnbVAEbEbDt7GRfFsjC5S41cOPi/xDSaFM7RGkE+LwLLqCzD0tT6w/0mgXhSszdXnvygNl+t42suYlipYQKT1qsOZUohsZ3r2EAAki4cOCjaULPI5ezgz371iJHXE5I8Ijx959vVV5P0nZ3Q6W8aqkrLpBASegcg2KmvooRWUotAWI5NHCfOikB2Qk4+WI0MH0pX8vcrNFY/9Dr8T9OxI2ABHjoEap9oVFETOxrRkv6ZN0rSc2erFOcnVsY6USMK0GiOnMsoPmmqYz0YM1lwJmxYOtgpLwuSOiTcakuHugaY0P5hWR6nMFLfx5sF6TQW8ticjEr6L8Aly6DYT7XSM0d4DMnPBCXlNKdZeHROxnzgyFD/nzxVHZk4K7z5iC71dX71pi6O6Ml/TwzKFpdXr37++adXr//61z+ZO/zplWcM3rx4ZsjoWkLnN0ykvXrnQdRfkHdHsFs83nuwrQR4+PrNWzfcMZqg7rNzMkQz3CNmzGLSYm5Onrx7+94ljMZzvbjZ8sVNzF1u6BJBHMaLL26MAR/2HmYIOyx8efHsxtDQy1rY5i4Zzm2Ws6x59NHknrFkd8vQbM7R9X9dXNntLPuZbWzHAQuIW5gbyVnEj68I8O4+Z1FMbT66efzA/dROnZs7dI2NVzA/6TLFDUB7SiLpTkO/effBiNcdKe/evSPn3/3b/8WM49//63/lrhzH1oagDUia3KwDcQksXVxcYPQn7lMpIu1we911dYWlAwDGEzBbtacyI0Lla0S21C/wi+pVS5LAnYSLJE3YCIGgLFTQv1KCTjWetZZgEJjzAoaqZKa8bkvlUrWEyYW+Eldytkra1JSG/k7J/JqgMG88nvNzQrrqlKMlPoojsGNHWRru6UFEhf0Vjn7gwBy4o4oYMDZRG+2RkYTk5NHJSvgk7ZDfZvtHn44I/0R3pAwX6swa8X5M2K/5p6FrB1BE75st6gbpxORySsS5dK1z5AeafKjDVc0fvQOoHSrOfz6sR0S7IctMV6LV5uX1Npwmf7oUYgAgybakIDofRXlWudYR5uAmWfX+ybr4lOZBdVXNmXEDUdqMaIDq4OmQJsnz4s0cQjiY6S2N7cSP19cil7IhokBJCRXP0KTY/FfLOe2t72R0DT3FAQzQPKCRm+23o52cU12cN2uiOX+kVz/DArSYzvgaywoCVWbniSV8QsLkO4EXxBQFS1XNVoSMZmZ44VGa1BzbT+4UXv8ZpnA5netqxUxORXafkdC8upyJK91GAbqE/Gup+fupiycDZmJU9KYa8yV9CVf3pQHXh4chlZma5VvY0bFamt0XREU+HsE7cZhJIZyUqtucC3DR05p7dlC216/qLErREuU4IIRhltB1qAMzqiXOTjiEImLrHX4QK5kqkKbVzswF2iggp3TkI7qHfi9zjo1l2fAS4DBT+88ZqbdFpuNwRTWvsE8e0WhyAYHBT1n/15igxI1jwtjs+wA8LhqwhWkEh+qYQ2ZYszrp0PGAR2rkkkOREcWs31uKjxIbxc6HP7Bv00YiyNEtpS7rMdW4IiztysMYjm+Ch3Xrka9lKsvG6DCV9SEcphWqXKBq3UcS6TXppLZ0PGj4PmizqrZQf3fxZyjnZdAOEwdGlMmruz+EZx8t+syFp9kzS6dP8OecmZARdTE7LB3KtIcw8JSXzhmWktqb71AswCjQ5HO7Kdk/9pyX94ieHmR1+ccDUYUzxoRFQU8bCZt7bPmOokVGFYVL1oXP3sCQk7DEl+QW9sS+8MaefQk5ZhThyCs6+qazffriPdE4js4nQzH4qfKvELb5Ixm2ffEhm0uKPJfypKflNJaprPvOFt4KT5Uj1qYYiBgT1z1194Y3fJow6xlbHjT46fP7N15l8un921d/+P0/eoyL5x2asesGYXgfP/65Il58eOvBNM8fGS2teTx69+Gd07yFy2voHptk7GSrZu4OjwYiSmVGTy1sisgFeo5xblq267nT9T8PXJvYfcQ4epXyo8f0fH3w1FWM7la5eXJj6rG7ScwaGkLOcg87dD7ZQNNn9tfymjp33neeMcwzxWl200lhT9L+eFfCGyx2i8vHL+/fe+1eHbSbaYzpCOfKm+eevL2ZSbOqn758eHDnzS2YnC73LsDdWv0U6Hcf7m5Z+dRli5+cc/9f/6f/1Znvv/kXf0OcoaqBr8FrJ7bFJ6+zzlqr2d+V6fm/3FHjLzrUtSy9YaWw9i3mpTPW85EQ5cMyR9GSEOtkoCkAa1TxrDTv1/aqWsmIKJzS9YRBsXHh6VhOtT/rNSstCrgy1rxteEFRROK0EQxBZx63lHCDYy++GTUVEZaTCFTVjZAAZkooa4/ooxjRqZ4y2mXQOpN0p3C9Sd/jgT1P1ZAHK97KgKmRtFn/hrP+Mv3xkTVRKWNaR0ASwuOThYGkO9JD29HGTp5Nd8CT3sbk2Qc0mi63Ze0VzomDJJ0R1wgywy45qcqlW6W2is2vZFEmnFTJJyXAOPJYullVcUj61DXZmexwTGOolLEirjCUJtwR34jQY2uzLzV1wTE0fcAvOC7BcRzzJ2qbM2DHC4ShndZU5MrcVexiS7fBoO/5VVkOT3phuZB3E/mspB9zkYdLNDpsHvgZeLQOZkMIKmpyx6NRxZbo2Vht1lrAAWJ4pn+JohPqhqqsP+ApO9SJzcc0FICOEXbGTvzwTxnycW+dw2Y+Dv5LNzU55xw7Fo7cRGN11cym3hdPXc3+OlQRUNVMOQp0cyV7wcSda8ebzBJ34tI0yfNEMmRKEhO93VaceLgXB5sH47yD8agrhDYvkzBtGXFsl2VpiA8P7DmY/1U3Hkjr+Yr1CLKhKAhDrLDBYxawbDoSpsShIhkdtw7cIm0LrXj3aPHEJKSCX9rH2UuthAunAFrrSE40wiGspR2NwWh/QKen4jAmva3ER9NWcsibtxM7vQ2xYkgXJiLzTDwEb1PFtGRpge+PmspwjRIdcXVB9q0sibCfrKTUBKoUT/ZURppLWLIqTWrITUCcEaq1GbSS7AoExcOZ/WS1k9n7CRwqwtcFHH8OS3ZOKIb6NUrCZ6mVzw1ZNIFB2uZIwB6WVYccGopRzuwZ0+4BCXXCjl0ZM3z1CBk+fYfyHOfDnvTE7Yt8/JW1NLRsJzmTlC+ju7d7QNRdzAcD+sydRN8d0yxjnBTpnbsQxJZJtd9LxRxLXumcbiSHaqSj05kcYMCpXbz67jCFINmLzJEQS/lEVD5PWrQFCGE4aanVnEwZrjy8XzpKhxLLGIOU2JYEZrgeqqxzn7INV73QMh0GQ+4kcWbZlX0eRnP36fXPb+7evX776tXv/tE9y6/NxEk8PJ7bb+j2/c+vX737KFDO9dL+7q135Rk+PXT7itfeUeqhM8ZzJguNk2h0V4fRFm27QNBty75l1nrFjRe52WWCRMHqd7kB1t0Xj0i8dW+ziURSPfALh1PMnCxDnjoBDb8bRmpCGWbm05glsTsNRWl+OdP2XmL5+cu7N++NGg0CTTh7aPeXjw/dmA1jKHjXHc7v37tg0furugbz0+ceH/GoEaHmTmoPH+tRvZ+/3H1R1ViSOR+/vnn7wWv/2PLTzz/j+zf/n//2v/5//Nd/+8//xjtjPnx4dPv0tlgJMTH9YoGVPKGqJyrQqovAaq5tWE641dTrSxQsZdf9sjZbFhRw5Tsxt2Z7UqD8yqzVHq1USZxaa1nRhR/ruMqlNdMSITDpjCxVA9Z3gEvvBNIW2jpBlo2nalWWkjE2B8/toh76LMJ7WnvYUopuCqNvHFLKXwiSuCUpNkitkfkEL/lrBIcm0vSW7y0jWf3a85RimAvVjXwY0jLkhQFEddElynfGXD84UxvialZpPyyT1VZtOFwR1q5DUYHvM9YkrLq8XAcejcqyN6opazc1cz+6oMXecByzQyQZ8VrXac1dlxuO9unY5swswOqv0umd+FYI0jtQx2E5ZkqLVfDUr3edCOGJDW6AbJ7AJ6IGiNJz4K/wxTmc2Qv5LJgtR3F21VfrGNOUZzIczpC2aP/W+ftMMqSAdxStPDGdVlobCvOs+adgzEWzO8syQneTlhNeki49RT9FFrooLRDhye7kErKVHgCFopX3ja56q2DUwrdxubKaZVGllJw/ZPU0liSU8efwuvYuLyK7sFHb4SoVM2TujyKpv/ipDfLCiK5kx6YgwStdcftZNcpDfyC0briZLVvDNM+XzVGTnsj5Pu8ceEnLACSILL9815VzHYwNGbLxHiu7tCUyEvcLWwAm4XwhOuIyM+KxJ6QNMBRNxOCd7D5KqlcYN/FoEjV/4FW86KgJ9dmRyLFeHoyFDNYPfD1uSy7bOk/Y8MmsyvzbILKjEUkX6SjOTnTH1hBtbwLVTi/8Ng7+5dyOftWGguC8HCOi2CseApZ9lg+czaNinil5J7FkHIkNeDtyhPCAH+/cGmJCf6mShaVgOuaCom5nI59RJiEhmkFVruTKHMsc1u+T43vEF0bKpjeuzCkkCpJLr1WGhzQJ8zkjImo/x6yw2oRPGuGXVqT+7tdlfUJiTby/zTHmLKfwMi3qdnfp2IBtH/2OUsucAAYkt+tcSlaO5cDpGYpIBs83mSkeinDhar0gBYYEI5F17860rCTfERhpI7pldPzrCpN8fkIhseVXUDlsISvHlLcNJYco/QnKJvVXJMNgTFLFiUQSQjSHZt+koeYrZUQt7I0Id51d5aWN4Ze1cZRq2glrQNQb4M0dGvs8efv6jTff3b17+6c//PHVjz95BGDONtrS1X7upSmvvRP5q+e/dLtHz/9r8Pjo9RvjN6+ze2T6zVWGnf7qUXY993/DTzeEuIHYTKUbU7iOjbM3X7vzw6vqdltHY51P/OHBh041f/Py1lWBBn+m957fGM49dHOLlzJzSpccPvCau2ffvXj53YtvdtdLN0Q/vzF6g6uBIldIEDeaeJohY6n1pB27L256oKMBK2D8t2MYQK5E7M7t3PfIG6J7oKxJR/V+RtkzeVnP11jW6vENKM8eC76rLZnJPd7M9/PPP//bf/M/vPrp9fObZ6bPe++rh9YAACAASURBVDHhp0/4+3lbBhXQMmTRKpQwLNGkZAEu8OZXOyKdeGaDsoh8bMYaFeaQlSLnsKAkrOV2Y/m0IFnER05zvJjz+EGDmtAxnI7zFCcmuSnqLOZBNnSrqjpdESQhqZOjSIj5vAo767xoS5r9JKwqIGOrB0jAmmIcydqxcwQbFSrGdKEHNs4RdtjMmrrWLpyoIo+2tFXtEXMuWSM6FU3pBTucF8R5RsuIQuvAWueMaquZwkm5dfIIyQEK8u/EjTOSLG0Q5ZOTCQliHExoM28kuk0xqicoNBMZnXJSC254zioJurOj617CCtMeaCvy2O7bntl1IuR0hSM8ClSNJnGdZOG3k40EBFb9jMrSqpy2r9ecBr/3uE41iNxHsm3KjmGoC2YOyzDFILQOzqgTkwOTdxRF6lOXeHwVU9yVHijzR84IH726AM+v2i217YfiWIzCIiUyA0OQa6auVwqILOmYCc3JmqMgZbMuI0/i3KePYlGgdR3ZZNkJ1JGu00tRALKH69NRdWYqsZQdZZidfWZ/uYqvtJ9Fh9rmZQ6RCfOkAwu2XAmHBG8Yeq4Zw32u7o9tXVh9TBY4JmWgequc2qetcn2e1fmbI4+koT0NWXVivZKMUh7Bvu2HYrQCquemsctndrgDriyrKdRpFbYCYJcAls9BV/yIGFl1g8QTIWk7FX0QlEK21PRXT8hbUUVYfc5IbkGO/f7LBlPQn98V6tXWr3PJFFeSZ6YuA2C2Q2BfE7XNhW1WDwzFtaEcuPj6Jg57AkDFjDcBbVbRV1TUtlUGlBerOFVq55pqrwSBLCWtkxZ9OgRl9icdMbCO5rauPxrUo5AGl93lHX6NBH9Ih29FU4pSKQUSRihVNONgnZwZpZLWiPKYGKiMwl8kyQ6hT4b7CsXZby/5e+o3ypJ9iUY17hyBJE1jzSUY8M/8aUilj2mMRr9Zg4eM6c9vdtsjIetkg76HG9mlPHiYfDX2aomlI0li/R1FJCZ86NM/RGj97Wqwkne7KgYuWnnXoSimYTuTPomZm9tA1TAurbGFJrgddPo1VvoG/DSecZUfEc/Tw28MvsPkANdnJWpgan8ZnCWx4PF3OdFuxdky/6HIC30xPxFtpx/7jI8jAoiMiucExLjTgtplPT3TxaDos4EhfS4KdOHdu7dvH36+++n7v/z844/OKTuzbAKPHEO31+8+/PT2PeHfvrj96B4U1+c9f+aKwJ/f2ulRNc977KFbN+66FcV8pFfedWWgm5wF0eJam09O7mYFcU82zuvne881ZILJxRfPvXD5y8sXz13h9/Tx0/cf33/33Qs3zbwykdkZ7g0vGbExK+Qf7lhj0Olwj4+dHnDjQsFHznTXW3z66qHcN86au4jQM3eaPLzzAlPnrw0Gy5Eg9ZvB+NTb9N6998bnx90u0y07BpePH3rejUsgye5Q4U3QTZoC8tSZ8B161PKAEaoXSruV5Y9/+svj/+9/91/+1//Vi5e3LPO8HRniMLO7Pqn6RCFBDSYEdjFjTHvA2A1ScexI5i9Da9Glg20fPGfiP5/Wd1lOplVelHGtXXDotureavJRll5rbCtb2hC5Wjz1TpEpCJnlNP1Kq16N0qbWys2SKgZS67RVDyYFNer4cQUYxchOYXujH4nKgp8cmbsG6AtXOMMUjHRUncjJspFER7tOhyznD2uS0oh64DtsBQctebX3KFa/dTb4U1pvmdigT1U9UE+ePU5OdSoaGszqGls9+r1AstOa3tQsG48D0njvn6P5wFceRztXv5eOq2zlarRuruBr8E+op8PhgKj+qeXA60BCwFRtfDg/HA1jrhE6wBwdmDmo/Dma2H2Az3pdRubUPZ3ejK1chTqL28hcpMdpZ9da0SwcTRL856Iq1ofL7QGc22Io+Av1oS3388Eum6MawQAmVYbnUIeyelDQ5vqKmi2Y3tWFtdL0Z+0GTcQXl0pabGXosSgfELpYtoUnSNuAIaLBmoqYKa4FlLo0Vz1aG4mKvmplSzx7LobOu4dM8k/3gjb+yqMdDqvzoOyhjDYDSCQlTQyKsCJ/UEQygtXbnrh4gp1n6nDwS9eoc8keadFWbkpFUhC2vwgxzFaVMfk6G8WvJS3pH9mQJLmlpzZMsF3uQXgiumBNPUI+TQv9SY/ItpJrVAM51vgQqIyir4BeAo8TwlAtQKPI8rYOXdaMr5Lx1xXgmOT8zSNyfD4dwT11lmWa/fvj6+E88lJQFWXoEpSzLuZZZJs705khh57QKwblmirLUOVO/zlkisFzwClwtkRunVia8C9Qo17eFd+kBxeLrniwtP96s2C2Pt9tVNRfmra9geUkT8Y5FF18ZNWSsoTsJKleQal7JCsseDliJSmsAdZtUJJT4onqWinKMxN7scTKDlzsSVZWxEJo33k4ZNXMRxEN72BEeYwM8aJ29jM4KJYRqp6DAowpBbWJfvOED1AVBeMSB0ei2ZPqyPtEWliTcMpjHEmRjDcBHHDPHUPk2K8j33TUbTFrka6qWBfl4akt5cAiG/gTgHRnlVKEllaSpI+R3cqR5IP8DwhgMqXwNIY2MZDUsKEpFBsd3iNVdazzbmKTW1i9Qc7zajyZxY25jZi489P3f/jDD9//uHPBHz3er/O3XhPiOdfv3Qb8wHWHZgrdJ2Kez1jQY248W9e9IJ5DYyhpHs7wka0eXG3UqJ/f0w+z0bv3moRouL/rFPs1lBXcVD64YEsSeAdy72R+8OLW0Arro+9uX5i2dD6Zabsj5bGxmYlAfjGG6+LJL56/+JSXvTOPM7p7nDQP6+nKxYeGaOwCgwtp//zpwYevnoPoxprHPXDEmLNyN8Y4Zd3coBereI1fv5G5BzbP3GkA3fMRXRRFWykvld8LonexPPZ8bYoI9uybu093jz48/s1vfvfo6ZP/y3/zf+txN++/vnxxwwdfvWuwJyCSu9RSYmtpxCWLcTFbHMXoHJVySpEuq0xV76i3/Lh4l6PlTnkoMotuu/5PTiuajBpYi9ZFVskRfRlG+jIvMVGXYUC2lIaJLhcPx8CACw7u9IUkOVzPDqKq4Oq6KuUDj7fGsz+mbUgXmFWib+RNkDaqZD9fqj3VcDa2zqIRRZfZp74jEGUBr7mMJl+VZAyEU01g10TwuaaGHEMhlbGlMGjHzhVtk6z5Aop9168TRHIC67HLv/TZC4w9jenyC8nY7CQwCDTMK+0dwWnRouOae5WPdt9tHQRHeTpSdzprzWexW/+AK4ui4/45Y3vafh3PJZWiYhFshPOKoqVlHqAr1wdtwiauorBGN5fvUSzrwPLJXJc0MkPHp6iTvx83YZppl+IpyD14+b6A9Cud4JI/1um/HNbeSZ5ijUBBS0llnYpGE3ZPQZtYFu9gR9UShH6AxiJPPEkx6NmvwsZ2Eh/KpVVi4ixX5oEcM7vUBODU6wBs5rPVpxPZkTq2LBxH2ZEpWVhup4vJRauKJLIlqaMpsjT7bX1YGqGXJmPfejVH7wRMMqY52lcoVWBJFBM77dTfMN6jqUorjW//h6feOML8PMVYsQXVVmIXqXgcbCrvyLCuxncu3JJoDszO+Xl5eGXjYJUzh3Ls8wM5yWzJ5GJjbwGOR+tyBiuha+hLo6E5ci53Fbg8GtDokue7qF//Jd7ykJdTFM6LdL/Ejy4lPJ/tCbAXFP/LsPx5Ls470kd06m0W2mZ6xnyicJgTk6zQNBLghDAxLS5l04at9h3gA3lmFA45F/XSd5yHPsUlVT3UPUzUh6KxwWJR3nWUTezCuS9KT07FoKoeeJqHq+gtN2OYz8Zfwh7XwDpZ9f5z57hTMWjIwjvLUn9fkfnBm5LRqCOLtDXr6LApOJXXzgSt377CMROTXw1L1iTrUmpiQTl/E5UXEov/tEuRLFNGHsopOxCTlfIitKxfcMr8FM+m497aSdHMUZXkGRubyp1wLMvquSvhBRdRyJDWNCV2yv3DeYZwtA5lsuap7MgfAbDRXjIm6vg1984JNYlRnkxFXgKEWj3GplNoyvjE0Fi1+hMRAzaldj0q0PRb9yN76rTnArr5o1cne63eu7/+8Q/f/+kvHz8aF33y1BjMTuy8fvf+RzctP/jy7a3bNR5+MLP41NuT3/3Y7SkNtgwaNQrzezddk+dkrksZk898mM/9XAYCLht046LGb87SYMn4ry6zuQmAG8Sb0HTjcbVe09Iv6Qfv37z7+OHOkNQzbxYMq4+esIOFmTp/SYXRmO+Jx9+YN+wxh59unj8yWUd/Z3+RmiH83Ov7unawx9Z03twd00as584bj9n5+uCuQ3AThF9vPeD6sZezdOGkvspI1CNuvKnaY3wefflkHpG7DRabIXwqxB6gLRKc6fE65envfvv7v/u7v/tX//rv+RXCly9uz0WYfMn9cooHiudCXWYU7n7lV3B6IX6/D7qSdWbxFL58NbrlVFK2Z+P0EaVK3bGCxI7eZpp7ApzsILmkKL3jsVQmLpXDz2FHC01UhQV1T0WolaWtslpb0S3J4iiQKe0qfmxRrN+Iur9gZtW4N6CwuSaGcpqIO3BGm9Uorl9YiYtImXV0Td2fDqrt4xTy16hYEXEQjrNibKhQiH9pz2rrcepPausd7sRvpDyTdyyJkahR+suAHRUzLfVyJMdxSCyqj4Wzf04h4t4hJ74I6nknPK8NEyRp5JbOIWWf8nmt3fs9rIoz+ph72Va/Gm6FBa5uKJzTkBw+0ffPE74usdFHMavSHd2+KiUjVds6cuaOEmSaEpsqhth45NcW8jRnxxZevVxBamhG2HUyJ4n6PatcwoU2pq0z5OCavNjORt0viAWMxzpE9xpRtNleR58lM24mocBaxs6MAiwzRUIvgj4VZO+kTbrPgpSyRCVazOf49GFvzGIB7yBtZwx2T1WsWCzHtiporNL/ygb43rUJU44iNI0MaPdXv2fJT4k4Fo8U2bHyIMuoINRwk5THE9G2GoaqsMyABKmovtiHqL1wVVXK3fOiL9y5M5alNnfU6pDU2pU2Fx2YWoF+9/p5mA8OmiBkbgXIylp74d+WuuQfIZGqmv5aS/LriWzwQgorYctyX4VZgInPshVO9pAe2EqpjZMhInq0JWaMGbytEJRkdijud8ShCAT/lVczM0MvShvU12GU68cGGzazwFdM93mw8kGKJKU0xXTUZ+Ppj4751hNFOChqLQr6zJKjg/JkZARCVu6Sh6PKOgs5iogyrHDnuF84CpAloQOWj7a15oR5+BBk+yHOkYFOHmFZuDDRT7zupegHJ7AKC1ria6/psDcrV6Uk3+aMY2MFxIq4YylKIod9TaA+sXvYt5xzOh088pqqy5spizCdojbTVxaGuoDwt0ntsWEuqWjuJ4dIHNMS/gYlMzWG46tBLBk2HTLHI1rnMz9ClFROmL5wBGRuA4AOsaQDU8zqFPUV2xWCrD8BT0+jCfQjDZ3/SoJKbOPLOI+gtOHJwJlx2M6BBqLCpWY/bemPq4jF65dBNwYvJRwoHu3MsuHNZ9cdNkP25ev7d2+9N8U47Kc/f//jn/9qLs0JWE8pdEr0vWHho0ev3np7sge+uPbu2av3HwwuiXtt/vCTpwO6+cMrijn0681zry02zPz0oZfaeZa1mZolzo6wzvNCsaRQ2l3TfGFcJzTcOv+xwh8m72T+9LAbQp6+fetxNr0WmW+8aUXJUzdOG81aMqmIfvnSm5eRmerDYyDKqy5//LT3BZquN4Sd4gavO5pngWsfnQrHbUQYjRm/PNspEtdExvLR1GMvfXGziglEA2VP6nYw5kHEvt3Fcvvci1ueMLkJVwma77+4x/u//Tf/3e2L27/7l//CoyU/Pn3+6Cmmj5sCdT5bnohyc70CdGxYOHdoHAApIG41bRUni9qQAAU2HbO8Gju1zty2FGrNSiSrs1d/UCa0ubZ38khZJUHQVrklQWWgKPUL+SBY8rZpVFvm5uYx1XfsQpcJ3sAAlLJuja153JriyFMyGSVABD3fd5prMWM7R0ddVIRE+tgIj72aYVrrpaoY0ioIqT1B0pbtjnIlWaz+iZ9AKvL0YU74CNLcNScd+WLW6AIVH4nWOwyLaRl5tDUCMECMUfVBP8efNliXpapB5JagceR+lvTa8tQo66fAwNQJFRzoZkNIUrbjEleFJ80oFBUoP8jiztFEs5QuooIfYMm7rlBJrItHXsgrxy1zD/IsJI+KCEMTz1wayums14RF5UmJkDJPEnX8m4IMyk/x6H9ahzdIttqRMRkSb8eStvrLh6sGZSzBVaJmf1rc2BUyIJ1Eosy9fMT8fu51AcgO1BNGRFxLiAMp/+Scvob+2GlIk7QOKWVOJEf9uKJdQlE7tsJBwWIzjMnyHxRS8m3HiTRnXkLaTEzoFWQ+KTN4w9O0nvNL6hEEUnXkfj8HJlQxtz13VdCnb+UhC0Y8PrGf3VgL+DBEMunRCZTyHTFl6vhVjze6GKs9W9aVpYfl4au+oyPWCbXNgTXNEQai42Ewymc8LcraIiD+49B2ojpfgGwXLdkqMnISDneE5WuPSKi60tmiM18TyPaWin1tpJCUmYizKa5gADsbiBl1cjEhK7PiHpTk4LWapScVVhYRCfvLI8RaJ4KQs3cUnEJCSbCm5t4B05DGKUhDQgrlEROQXWO6ikv8xuvTMk2o8emkKWXT4FAws0IyDKUjk7dvlVGle+3I0GpqUFYdOLVDaG89Sy01jnpUPU4GpCDUgPXjYIYfnWqiXgOQd0iOeFRtYEijTR+VNdEk5u8INCFNa1YklyKSMoLQ0yMOPM4AlcEgV53lo0qYSnUrj2gmJW7QuCanTQ4UdZ2WygYlWE4ABfY+DhMFx30/osu7x5wd+v6oB+B8W+NO6txs2FXHcBTAPKc0ihldmscd6owsuzmlUkVEpzcsdZ8jycQJmcUnPpmfP0KeBy7hccy64xcEm7hUnS4jSyNuDIS3Nn3WxNoZlngz3uklnj9/RprbUTzOxtNfEL3/+acf/vDnt2/fe6jL8yfPAHvnTcfPnv715zfuTzZt9t3tjaGScaQzym/dp2se8eGDb2/dbvzIkPL25okB43tPFJxJ/G5MOdTua2Y+KlOCZuMkVz27LOgl2rJRenz6+Ny9yS7ae/TImWu/Exhghu99M3APXzx/Lqnfu8rvw4fPTx66HYYtnz2xxoiw6yPzin+KWeoGE5r8GQH2pJyGcUajaflosObSx56J03WEm0X1hJ3HzkM7sJodFD5Hcdt35AFryOicMiQe7t35cnOQT724r3fFTLX3uQg8u7wDxnN/PI4HkJubptBev377P//b//nbb7/zuO+7D2+/efYtrC6DdDGSuHhQeF8SKeTFkofKjBZbSk6XXCHTBLGIOhR1ACwbUFS4RBBaG3EuKS4Zy/ZkaRdaSznXkSpxEpA80IuUT4lfSZzpChIOqbSjbb5Qvr+kVlgCYlcxuKWr7id5y9VkpGpdBmmhmOrhPNmfFOQ+WRiK4QkL0Ze6oVW0Mllwz2RIX5cyJQQDcoRMhuyQXR06yFxDJ4BDB7YWMr0s+YWf2PkzmIWCIl1D/RQl5+K5dir3VW29TeBz3xFkdrhxNTlFL8tnLNBtYRn4X/AcpgvTKOeJ/Jdjh5IcQY8R6pQ2yMiO02mvRGTJrG5COoJP3SnkuCnWz2xQZTcBpM+TJLeJJ310ZNSVFYnBW1C8gug4e9JQ7kIOGjiVR2aruc9FLS5wBuZ4piFUYvyfsK5uwjMN+TkghKs0uCJ0BAUhig4abaIZ1Ebtx+yT/OxW1UGoNJ7xxZ61Vw7zk/A01ZkYFgBFH+pjp28VTBk/GaeyAf68yz21PZ3X7GsuIwCBAfn01xQSlpPIqk/2XNiTPWKq/7jPITYjyOHT2Q8tBXktxEuByY6mz2pPm4o1Xotg0dygJ6w56TC1FawjjtdrFEke/MTklIjWXjP/Sq6pixDLsKVmSnyNrNM8hXmUAaFoVaOPpj1ZVBgH7KADsI1ADf+kR2yfz3ksN2cB9msaNsJaQL6zTMKEYEOZI/pXNGPngwmcbasuNcVGv5nae+V5gENIR5n8M7Nk/1BMbKsNdw+kaqZndknmPLg0Ws0qr3hUyv4CUxyqKncDdNbU26m/q1GscrEZ5DkCedg4EeVSWxYXlJpqA5lSpzwJciRcpoVHmwpFZcY8hjG61K+Sw9Iexuh8gng20nlS49Dn5HOaZjVybccgpSe2/+Sa9ief2FAEyXpdQ9JnZK0TVTCs+kqtPxvXuhoUSRvNfXhzZogBGODjmcshhTJPLihxJjfiqZiLppRp6fJ1hU8Mo7ln9D2LKirpus7sMNaA0lun03dhnR9b5/mdfuJ0dY4AFYgu5izOVPSBWUS3NYRDMycUyeXKrGilJPPWsUxwphf4LLiAIskl97KGMEXakm2jqIu2BGyXnF1tiaHrBLsrpLnSEwvzfKNPolPC1mb7ANko6uvPf/3r93/8c09neeQO5SfuCDGUNER7875nGzoe3JprfNAzYtziYYLQ3KHu75uXLxodfvr47MlD02Zdj+h1LNcB1Zzco5c3z769fe4dym45ib17VtyzbCjV4691RM0jfvlKZtcJYnYWusnNz8agRmOGht9+c3t7Y2Ly0917Y7vOMjPSaPVFxc86Te3mmOdPPOlQkhjqwu0JhW/fvec8A0Zh7vE9Ra0myXndnfK1+3IkCrgmC8109jTEdSONYnvV3xntPTQAbUBrPhLB7qVhL37vUOmaRBpMJ3V75VcvgO5Szs8PPpBI8adP3//5r//Df//fv37zxol7t/4YrJrdXHcl2+sD10ELHI22xbxAb/FdByNGFVPPlijqlOz6R/rLR3WZGfPa09IhpihTcwxf81BY/zDKVBC1RjH1qYhv+TwtYVB/lh2CMxfNJSQRaY6Hq6tpO6STdSoq1FeoPVbNpqMqch+JelAhZOlCpaKqPlBpcRKu8NhF4UysqvqS0Q03YTUOxQVxyOO2kJmmwZRvqAnZZ0PbdOcKFPN6AuxCi61BzWVlpmGNtK8jMrZhqv3R3+x6lWGjY51J7XU2HkXncEf2OoxsGnnrsyxsMFuKpqXJ+JaYtkFVm/q8yJKQieto1AftrCIHZJHq0NJfS8zChIwEEJJSp24j1JVvsZuwcjbFHadx2ZuC0c1QYsaDuBorfL4bHSbovnQRhJOc0qR2QOqOKwN2VF/xUpLQHRJJCF18E48rsHl9xSinsPrTn6eSoJLxtBy89ugmt+7MJ7OWA5TMpsyE5gAccLwe363bIM+5tKMeawqHiPz8kRfDMrXr3HMML6Q8VSqOkvYc6HEzfyOfCKFEnP30T3NkQzmnTXjlU5L6GRDpNs8GoTlFWdgiT/PEjk4hjcFLU4zTHUOEx4lnB+cBtLG0HCqiM6/2AMVMGNVpvslVv52pHpKjZ5jIS1ZiCsxxi92RlAMVsn/ytzuN0xm8OMWOiDqYwMwSLS4vHorLhGGNJC1Fpxy4XxJ0BYu+w4HwcknkxwNjsZ2E8aY0dIOxH51V5ctJTJ9FSQWOwDPHHsOU0zS3/WLPnJK2C3sZEMXRK+0vaKFNTTImP4X95lOMx7IGRGV+Ods78qdx6I75mMnvFiUCYMwtM1p5/lEPQE4toQ3oRpdataV5vSHVfonJ3GirsyTUakVJIDrKOroeKEIgq4ZBK8JV8ghi+v3Uu5AkMYuSd2meczNVUZ7JEW0lMboU1oZ8SazqQ2cv8+bFGGKJVFmJAmlF2ziBDQfy8UZOQL97oxzp0Yqmqhaij/RccP9Xbf73ncD6i5k0GhbjbTBZWYu1opaG8qzDjWjWZTIR7WZM6tAgVZv4feLPy8pak0fEdvLUcEx1NqQir+TJBCXOydOeE20oUyIZs5hgMxzrukPczp42Sf31w4d3b3786S9/+MPrV294z0uPzZZ1qvbJQ/OLXsXMJrOD3pRsQGmE5rHYxoEO1S890uZxrxl5cevJ0o30ZkEgzai9eOHte90s7HpENzmb/DNlZ9rM9Yoep+Mle55djde7SwAGkEAf04e3L7wu77lBG5ONUFW//vm9Oe1eiVIKeAGrbrrXsHoWTi/H8xIXL7/72GTny5c98eY818ZDtjlv40wzW0Zyzjt3GaJ1fnDJ4JqvIZ1JQSFOusUV4kYhbtX5/NU42BDbsQEBv5fTnsJokvNxJ6jMvfIsn9Ntw5O3yeZ5Z64rfqz83W///W9/99vfmTx9//7tm1ev40y/s2NNfBoeFyuRPcfpbS4haCqO+bON2pnyZYVgB2RpwG/l+8IeadTlYbn3S0ahRdZvnzSXh+VLNMk/fdDKA5KMpWX5k/gjdl+nWcnIkJ+SfBLq2lH4kp2QYSrhwzETUq4TOTW+MVDkWE3RIRPixCFvJWQzYpU1lVWV4mKTlLWnrMgDYVifpnzysl6q038AZVVqajU2hvSClzYQ76uiirjeYhtE1hnWBSmI9uhuJLvd+WmGrfkNXQLV7rPNAyOGo1/VfpDUvlMkoe6th3r4WgN37OvpLvVXQbKBqxkppAiyYP/ZEFHVxDciPVXr5wbhXh+SLOR/AoOVxEnZdhEN6um6GbqA62Twr+eMPueC2FC9d0xLDLsxsT4BgJwDZAoystQdxKNTcQKskIV0+2XqGALgoy2dqsG0Od92or9ec1eMsGNIRqe+Hxw5KlI76xsnjLQyVBm1v0g6gBM3R4R7eM6wdP6NI8+G/vgr8T5XxqYxdlgPAcJccUwuJ+V8evkmFyRj/Ps6JnIEacN27mKeABLygg+WQQ6K/6RhsFZRLEvHAyLHFLt2lzP0pmhLZbEMKxNV5Mq8fChaRxSJP+5IMqeMaU6QBjW0YV3PMgsClBytBSMR9hNyVCc2qZeidnsSTDISvgTDojqGHH1hRjnJwQkPXXN3jFNSDKqKj+qenmEsW3JPP7Lx4SrPkl+wDpMx7zGlTA3Tmi+ai0uLy41wJusisG2flxOWGdtiQ9/baR0iq9jG0VX0PQAAIABJREFUmeqU+TLZfl86J+m2LzxHgoNfPzP54nBjSVEl+6FnNmW/LfPf2tvssY2hCSE/n7sqtPTIs1Obgj5c1EV9Nkr0ygKUHNLXhqeUjO5GvChGZ5UvQkJHdvSxT0P4U+zTknnJhECLOwVL7m3XamoI614AnE8QHXFnQyBqbisc2hQ2ITPixNhY+0vrXFXAt5ADSHqPXdev6ximohiHsOjlowU55PlMWW6kOxtXmlDllMyjB5UaR99yLOpNQI0s7gYvuJHUh0zXCo6iST+04QxNHpy7zxXoyiZ1LjjG7YfVFM4B4clva7hB/SfdthJIcL9B80GZOZuIUpdxKhsFoTVcMhLKFn34w+YLO9v7wPMO3zZ8/Pzh9U8//+X3f3z7+h0Rrkp0PZ4r6gzRnJl97yzuw8fPnzx86Z5iB7Hu9H3Y8w6fPP7mm550k6Cnj169etfAU3r1HMHGbZzy0fV6AGiMm/ipE57bjCS5tNFkQxaIlpkfP3Up33NjxEZgBo4McKPL24+fTMDxgysCvcWk25cfP2EKubQ3Z2pi5tGTp5+f8ACDedVPKFcpPv5o4PvJqeL3D+4g9PAa5uTGh5438ag7tr0k0Kzg8ydGd9wg8i6vfPvpHWCGnus2e9INEzysG433PS+UhtedthZQJ5/9DjOvKpP5xXWY7uIWmyYxKfrs3urH5lZ/95vf/d2/+Of/8j/5uzsOeXdn+Olsv2GsjDDTCIYjhxyFvIVX/HFlacU/0suFN8lDZbfM4dOIWk4WlXs4+6vWKpoRnMSITIJx3DXQQjRhiYg04o4U7SFdSo6fmjSdhmJTfUmn8SermCc7CYNgKwkTEv4xinsd2n0XorUzrmXiZlA7QUpKvyevl7VMFFdv4D3Z5XCYwuFeq65P6L4f6g3hVjgfKPKLNmnHOvG1Mad26WeWakMHwoiIsMgnSb4e1n6/bOPPwHViKBiBTRFuh9UugUpQMvDe96/1I1IskclV64vZpHeDS/P6YUXjVHiORLQfDqGc39RTSnf88yI19d71eBX1Gx4nusm3Jj0EHa2iIOoAm4O5Z7T4+7UwT2t5Gx8ctyepiqJv60jOqLN4V0UbAt5XhL70inJqW4M1BPNVUKJbbdODUBBs6XvAUJAeuiVpVXFl5w4uvmuWOg2BJqdsyjlrnCmP/ZeOmd1zXtgoW2wnHiWx4mGZOWoTlIlLov1ameitBhsFEGssmWrXyeISPll9MuMyXeKlu9JWY7Vepsw+pGycyilEUZ9dgBIcX1DKqxBGaIxTB5BmZXWSi29uqGgMASzmW1AFr/pVHiyURO6jnJz2k1pmJbLq8s/GLo8NiZ2zqMrlySvpKAAp+eiLe0aUuqmI6giezH5hbwJJNYLqJjayqK37zKysC+IEJKyMGOFI04z3ImgUl768VVOYLyLvx9Z21QHVyDOzrZZAbTuSTe80BcfhU0k/kbpaII8nydbpnqYK2/bngO1MS5BsZEWrGBPLonyWK3yy3H/NbFBPoy9Kp37cPLNciTUjO7SIyDxfJ5KA+/Qq6Y7gHQxIl1WLQ6qzOxwZEa5LT31Rtethjh8bjU5Ql1xQgBRBQaaMgv1UR5ORarcY0Xb43gVVA5fEhAQ6Y8sWUhFjO3KKUfJIRjp4anJDlGdC4DSjNIUAZy6rtgLY1zkQWVDrF8qAaGxj0GEXChJhqzxWFIPc/nFgshQuZ9ogtTCVw3rRcU17+icht2as/cLve9jULXapyGcK28jAowHZ6RPJX37GhiBEx7o0TMeRjV+/kh1ZGLacQ2VGbL+vPAZuTo5IfWvf0yoJ8mk9u6kMyKcw/YocMLte1N+6q+MCsWL70nJnTo2AZsgXDyp0cDLu8WYRL0B21tf54J//9BcPxKbDVYlvfn5HnpcMayMeCmj86Bzr7TPPN3zUHN0X50/dkfy1Z01//eLVIwZeXqDSkM/A7JNbmM0KOm6ZvXnw5PnTG4PDZjEannbm2PDxOsC4QDCI/M41XkbCgJB97ax0DdZ1hy/cQP317TsjNHdMu+ElH3G7yyVd6chXRrkf3nmqYtlqXOlc88eu8DPzx1Znjb3pz1AyA3suo6nK7WIVS3OEfmK52RmfbuPTx4dMde+J8fHXPVhR4hBrXpBxt7fdVk0yeJ+43xBFQjQecauMk+8usAwMHAaI5hZdBmneVF/OIGfef/zhp//l3/4vJlNfvPzm3fv33/7qV7xzd/fhGa8+cmLdBY1QijRc4g5yjqk5livNdJat3aVW3GsyZcgvWbPU2QrgEnlrG1daLXfUN16Bm4ijr0Rdwz1dWg3tNOSGHZBffVSMxSmNUjYuG+VyRdO1srNNmYpo7ANrc5kccUz6Y3l8er/aa8dW7Ya3yZy8wPFCrlA/JTHUWk7jr5Oahgq6ESZn1HZWOIzhzHdxE4cix0ZxWXBt3xOlLjm1rPEAFElICkp0iUmVpjkd6AitY8gXU1D7rWmvh8iZOJJTNxP4ANWBrDh5DMk2DpVK03ggK40356aYntlPi42gqhLNHHf57Bp+YBi6o6owDfLsO2VLG6paiNvu4Ns5Q+/mqukccrrAiHKetJUp+xuygJ4pqEN1usDCcxHN+AAXJIYcMpWXtZfconMtfDIT59T0ztsz7HAlLR8c35TutqlsPDI5MN2nEvact98m4rFq4bpsqjYA5R5IOaMA0xjaVVjBvrmI9BU+q/XMWSj/Elbe+BLEwhXVGdGSUXv2606Y40MaSWLUdXfUPJyof8IyOu9ivki3O9bg5biuaSGNsJNb20qQ9KiYmcT331dmhUrhciMK4iasin50YMyDaTmryZ8fClRWhTCYbLN9HJcdZQu2q6TNBTkSmeHJNAy2FcmBkRTsgSu2uEM5LahE5+xOF+iHMOXEJMhvRSImdFIvXwylimmf7FOb5ydxOmHn+uKkdiua81xJcMb5B04K/M1qMCusnYchM1aLD0E+z0kq033UnA1ZFXndREYfokJ0Cb5sx1nVScyosiXQaYy0OYJ+YYdCd4P2EBSVgZpSFVOPJYN9yBlhApcGJx8bDg/6pEXRbsOHYpaUBizZlJlDoPBgrjiqiC5njGxlUY2laq0t7WFuJz+dPagBqtvwn7p49u/w7rt0XGF1ZdfpEY6wZIU9ktYTloS8305N/+icJdMcy3ItU6NKSr/H06rZtqsClVqOsF/JKa81td9XG2qv+Ns8I4HWI2hd4WVObAXx7Gvt5V5CrHKvVle/H3cVQavfjWCmTV/zFSWxko4TY+CT3DFxKoKcvLTFa4O8U3LhQbrEqw/cr+0uMtAY4lgjpRYjEF1K4xo/epxB9saUP//uH7//4Yf3d3cu4/tyZ1TzwMjMIOjd2w/uXDa+Nl5rRu3rg/fvOpNqduz21sOiH3y+87rhZ+/evbv7kEtJe/m8e1GMO80jutpuWAIhFpxjTPa8CbYMZknzdp4azQxngRvG9yDZm+cvbr0LZRfAIzaENKv34Ju6dkNVp7advcXrx4whm9uavcrOpYQmmDxNhllNXPZOuxwPE63OaD96SqUG5vpEbuRoU4HgPfbiGOaEPAY+7j0xxnceW2PUpz16FLbXPIPpUYfOhrtqsvGfbC0kXYpkDCgtOcQYZ7OkvbCFq1iqQjCdg+Z2g8X/8B9+99133/yn//pfuQNbya/+2a88UTHz60DcHeSBPF1LybRwWJ/8kQdNOHW2v3Qqn6sj3L+d0JdYXJxhcnsJKJ1sXwmCsV+JS5oJFjpcJVJVzbdGO8nTcRCQXKIjmst8r/nEw1ntBOO4IoFLbX7QzQxU4OKelErQclmEoGzEQ7skHf4VJuZazqBRngxsDMPHOt8d7gtjK6atQQyNF77xAL0bbuaCtB6mqCbjuG8Cwtg0oB/t9MxFGdbpgfrhWmRAMvgYcr62RrE2Rzqa4Cy5lAVFJJpusYd79ItGP8JzI4n7UWePweibcNlAZqkVf+J9Z2lG9Kmt+LI/DbnmOA+GfB1VR5m5Pb+KE56OMnnwQnnckpBc2Y+x07cI2+gSail92J322Z5jt9kq/fkzZy2AxYdVMy0cdvJcrKCNjx7gjkeyiPw6zNoyak481ClLzCIPcmwpPBlOVHUlZeL75RQMDYcoiTrgGKZbcNdYyc/YKzBciiuhR1JoEYSh8UxgFvSIUldd/m3cHLi58ejFkZAYZ6NdFevOk5VBMV8HoBQmqSYeQw0l80bUV0H0HYTuYEt2xdcnynXyVGTmSKtD1CegqWjpS1GVhyDyykYwhYlGR1vUKo6vj9RkTMCyNlUIkENdi5l6aZXKqqajtFfRYmSQzDGtrY4qABknLwur6SD7lymkz3VRcE/MCbKL9dggmLUedVWHrtarCOuRXwaktbpBOl6yC3LHv4JXvqstu0t8NY3xF6NAyKQgnIZnP1WLy3I1GWkIBXRElbWVxZucC4rtCNPCjHzQV3/3JHaBPz5pM8ZjimMXwvjZ1kmKSU5FUrdC0Df+o3uFgrM2dAAego5DcK5DDEJ8xeAkM4YVFY2BJe702lxZrqWATLXWp/Gmdr9SjgtzZR4gOMhBmuYCW5tVNa+s8SjMcSvWgJsHuF8qn4E0Zjpx6Tzy8ovyqx7BxkkQKUnh0W8rnENiu1A3gVDxnD7+BEcerOyog83hqGvhm1FOZPtxtX1MhmfbR0Bw1CMLmdV6Gn5mcfCkeBmWiUmajPbDPI/K5gv32ksgowMOsGVLPP0PdyVhGe4cE+3QVW0aDqV92+mrLLWFuQ0rG9bVZ6bvGnIa/BR4/PWxcYbJsA6mRosfPL/6o9tpP999+OnPf/7hT9+7otCr4Zw1fv/m7kXXFT598/6zs8xGi3vlnedTe8+yywgNVpqrc/Wgs7+3L5+bmPT+OQYBOF+VVCbhXAWC2ulU821aoJtYDMKAymdevvLEDStep/z0q7eMZADrpKO5QxOFj2842etLGuplm5ftuVby7Qevb/mi1mmujiVGkKb7DO++fnVDiDPhDLR90gMYIznjYNAMzjiq+4UfPvv4+QMY7NTs3EFi1KXYhOjNM9cOPkD5/uPX5w8MHLuBRwTE8OlTv+R75I3xKHonNHmJXrFAJWbNp84AnnZFmCEr0CTQ1xsDu1XF2eQuN/zNP/zj8+e3noz45c4ln29vbm87mj/gGc9RbDq1MWJJUBCxG+/mWNY2Aq411N1QVgMqa5ZFZaPK+wWviiUWIvFfb77MyTuWmsXSq6MQWScpSx3008OpZdjZG7G9Eqr0WzuojafX/uEnaODSFvZq2pw9CY7e4DGGdFY9KqUGc+03pEolM1cb2bqvnVRL++lssmpV9am0l/mVEcddR7M2EILkjLqatkuPOgS726+MhBxDaabEcC8oIBMR8fx42jTCMhZcLogpIjKl99oAK3KgvmFLnkFWgtMSPdL5aEPzg4Sq2TN5JHFXYAYndBtQ3gdsdSTsewKDwA8BuY4F1c2RvpLUsXNq0RyVvg6U+1DXtYGxjv8Cs+6Mhlx01OWT9XLZMVlzeiLrZIvhgXGs9MTDQA25bwsxS9i0zmhOayuQCaRZyRWRIV1Hm9TsSX1fg34SqR8biuD4JXtOtlwlRAOBIR33dnTqJbWnwxbQ5fOIQqD9JnGqMjxXZbr/E4VGgZlT0XxyCNYoIk7IwQRVvo+TgLH4KiE6w6Yg96oJj+95UvFO509DsCOzAzGKSjcGJnpLBG2muEQIt20cCsI+zqiOmPtKEEIWQeSLq801niIR6A6hl8iJOcihz0LD+yQOf9Pmy6AFOKcQSubU5ro6gUv/jMl1x5ja8H4yjqtyNfujm8Iz0vAugkk7hiZwf9OTxWRfumyVxtlUk+/7MrVGUhGpCShn45kMhcWMlMWu3TRUueWoyKoKY1kqHuGjXU0Ey7LewavySA9bA4z1NYiP+ssfugZzDOVmv5aQrjep46DBAbts4r2kncN6GNZTzsOz5//POSYbQhPX0M4LmbEi3Jk+IxZQu+3x78nr07Wh2q9W7ZHxDkUnV0juXENH9LWaBO339DF2nkmM5u2oZgN8FP1qV6Z51x5OUhUNZemtan1lBck4aINQSW6ltN+RFn453s++pMW8FYJLWvFKD6mtapNq1GepjdP7qLCVuiqtwtlvkf9YsfohRbJMi7mNUoWYVFRCymn3g5JNWZr46A4KhAxKvP1xxU6S+EvabEycdWbFNsaEt916I9ocF4KD5Bxb5lsUA5mKeWc5l764jTT67rBZMzesQd4TqxsdGmrkgQ9375pG/Hj36ocf/vyHP+0ErmA/+vihE6zGbW74eP/e7RkuoXvy7ctbHZltD7WRPK4SNJ5h4fObG5cQvPngydlfup/EiVX7Zhl7yE2TlJkH4AJq3s/77xrlwvDQkOuhO5Jvnz0xFDX/Z34sqeIi/z99cSuMqxt7Z0qPyvv07r0zsJ++e/nCLdJPtKRm0x57ISCLmk70JBtvPL7zGO2m3xaOUieZj53eZTEcrH7sLXh82UWTPW+70xSlrXpvFbzzwsDmUz870ezM+F7cTIIhWnOKLlj0lMUPH91V8+njHZybJuPwx+6g/mLW1aQmV685NJv48OGz583YEe+MvEc19vDsHkz+0d0qf/t3f/vP/vZvP354h//lt99+8tqWegZucr6pmUin0rH2wuqv3XzNgfoEiXBaknyoGz8troy6T4PFvwQ47YBlKCEo2zZni6/8l39LMjHEvXYQEaGroqUfHS0I8efSa7uNBr7LegTE1WBrKCWb2rbGA2LK0q2wltjE6tFuv98wqqY3qetB6pwbBJe9VO93jsrTmSipmsDIszp7FNZl7UcvnHibTJJ957A1+UTNDXbwcVw22cyT1fhbgz1WI9I5EENy3cQ1CzhDZom8CWimXPYFS3xri8wMQnJJztsoc2T0usoYLYyKmLW5IFxWok+pqB10augn+/hf8SUQbMUkz13hTxi6lKQscRb8+4neiejpaTgyT8z6C+XpZulcFIdsvJNSgLtXXL7VlENa+QYCaZ00msOZaYJOTAj8Q6nY5jkcpF3xlRRIclEhXPGlv5J9rsrqL3GFhRIKeK0fUvfM1NZoIqv3m7iyNN5ACa63XK7FEJ4fpxPxOs4yekv0uYqWGsaMy1OWFBf36jOKO/i2PjmLUG7JiTa6VLEh1gGeGv8ZfvguC6d0JHrK4FNQMkalLQLqRVEhWolVvl6NhI+OvLamsxSJkrO4phSaP6InIVAjmI5EDqd1R0zE0YThFKMuemLfbQwRQ8Oeqx0uC4+u8llYM7DjzSQL0loPCDWJ2Ik6ECJcXGJYPgWrwGHNla3EiojZo0I8Tsuqur6aTXNAXPkkBYyNKb6krhhh8g7VvdZ8kYBL1alO6fFTQbpHFFKkRTwDxqWMgMqrmsF4WbUkzYYFORFrjUMUO5IhmdCzYz93+EKegL5LO5IrzbM4lbarU9MdIkcaGN1b5en1xdO+ciJ49qm3n6gjrG6g4gM9ViwHtASo5yAgQ1Ega6dWb1zaYWlltYcSoh1C84KkIGgbNrsSfEGooMePXUeoDKCbyPTXjEalMGfl9/zWD7K0D3ywEWtf1G3+gJ1qyE/GRUPPeKdvDKtN37g3x5gbKNpZqqDnVt9zXgrLlgnKlCHI9tN4J6X6vHHJ3t622TeYwV8Ecni5QrZms0QojqGlL2HotuDIgQnNOfPD0dD5FIR4rjW4qzn727n3GGaER3ztM2H40m5ZbeusCpOikCJrQMTcELh1g7ENNQyrzJt5rcjHT2/fvvMCPJNfHlf4wx//cPfhvb7o0/vPnigj0UyuiYOntBjodEb4m1uPp3bh4YaLJsZ65otpQUMOVxq6OpBGL0w2onJR4BsvYvH4wN6IJz9YKrjUN3/YS5U3hHKHsfGfGFB2bmG229V7XzwjZgNYI4meUlgPd9O40wtLmkXz8EL3Y9tG6TI+o7meOFgsTCuC1XxbgzlQxH1jUfN8nKF/4YfGiU6Jd6b41tyhIUSn17tU0XynAfGd6dJewfy01y7vYkSXaX4izTQoH0JkJNolm49cquhE9pO7bqD55NS4zDaKqzU3ci04+XzTloanPerbe1k+Go2bvOSy9y5G/K/+m5ub2+dvX7955mR68WqW0WgW7OZ5jVE7lx2c9YXuJFu+tNOfRVaVDsvqkzzlUSmCtD9+Wu86lqXGUknyRKfUp+4/niVRaVpCyZ11EIlQUarJWtsnkddGV4G76ipqUqe7TDJ0W+2Q0YAsIeBO1uDXx2m42LSImvla25r7cngS6NPNKjwWbU12mH20HF+JyNrAn/5wgBzzHwttFg9h/dKxIpOBleggdqJaeUcvR/SjPjPW4c7ksW+OhAnJi81W4BMYiAErLFUdTBphOGoCp7M9dYc+3rrSkLeVm2ZTk1a82Z7fRceuNFgagnWQaJe+AjIkHRky8jhQ0TnqINmP+7qHaikGTUpGq1V20nnYFWTUgnHZlrqj5FhkjZ1B9UEpnpGdiRgVxFVPi5zsV2g0cWVkJo/k7E5/sccR0aK2XvVEtpEnzKkaV8DJSCKOpbw9cqtdfJOhCsU8Vx2Gk/xVbdkAJcOCOrYEG/r3VSEp/VzKbfQFrYFmlFdlCDK4k6K2AhOyUVhZaNVM8+RG00OdGZYCFpG077hxXXeY0i3pmLJV9vus1HDdSyKPL36hjWf6ivh0ZATDduhOFfes7S+K5zgwbsRUl/S12DIGcYD4Ktxr94eyyAzCcjBfU5sHyoDazJplWnW6k8p1u8J9+kND4ET6dvojystnoSAAkKy1iSw7fLdQJjsp4d98XO1xw8FwjJ4tR1KIVbGg1nHp9+UvM6tuBJekq7Gss5iiVaaz4IlqKkltdTSEK0qyKrYaaASLQRkRtSDFEO8IRhmqQWwdwRFkm23TF965ti8ktiGYMRcnqdXEnZ8nzl6deLaVAtpVt0jGXNpCMRBLxcV43ClIg1VEo1fWiEb9+Yy56rU+hOunVstqTFOfnrJyejAfoedrVAdnbGsiaaVl6seUoPpPIO5lGlmeznLuQ5oXLDnbrM8003AkW9dXn5YUgLwNKmHBTO+MuGJF1mlFE1glXf2MmApd//aSjTD38+l+pFcCStXDjbOi+SNr2ueHSJI5cUd/zp7H5oDALWBYrowI34DmxOXQVAVgeMSauItmilJ4aGIMRqniG2k9QdW4DwjAqoqoEF47KwGXgOn82lzUgWTI0WQaPlCbWvni0TIf37/5/W/+wWDO8MkDXAxGPAj6g3tTnj971wNjupEck+Gg2Bk8vfHo7B5A41nQH7s59+aZSTtPwDHvR+Cbd59evzXP5316DawpOo1c50CxSUIdrhea9KRB46ivX72y2ZlrdyXziAsBN6v40NwkDMd8yeMRh6LjdpQXTx97cYvLBr/xWhdTgB8Nnp4yg2QnkruGsAnvJ41Ovxhg9QQfUWGvWLsfRfaZ0Xz20IDLIdgzrr9AYdLRmWob799/lGxmMXV1zrp7pQv/ObXrtm/OT9qjx659dKJaS+QK87NiAp43QX+4625lr4A2Y/Dx4UP63WqT2537NvQpFr2d2W3gBeXxk59evV4IP/3D//YP/8V/+X9yvdz3f/nT3/zzv33maT+uQuz54832cOGTJ88aqlPVvdpyqJbMqALcz6rys07G8bjfbYpLBagQnQWBjdpduu3UHE92kRGrNEpy1VGOQM7boy0h91UKuqIiMcCld/TtTtSlIUgddRR3/7EksH1JT5ptnLkwCSfPk2f7/u7JgEUyoLW6k+oZD9gg/gLPSMJcCZCzWJ2jivURERXE80yoo6ohJfDApqfmzVLuTFM7wCEQ8TA0JAtOEvetMG5Vle8LVfcOrbrV2mMuyu0d5IaOboR4F8RE2u4/Bf0ly36YM8FEO7GHTjq16bB5SGbfvIo8+TjqJSauLEjewjf+9E68X3REnWzISfGyxRxBKLJ/vlwiJa4ZBBr9DWq6jEHywJQ3HrmG74kVcV3WKA8CEmcBy4oPy0usNnnsckqMZ8hU6gYhYCV5gi73zLS5mQZoxptAh8fIJnKHTzXsXtT18XOfLgAl0cuMqKcb5Vhn3KpmbGprqemeCyNKju80Zy9wROcsC7h5MaIQRBrxqLNmsNorTH1V1hTZ2Zw3g1Q5YWVIP6xBWMJr/9X9IjjS4yJl0U7uyarLDRMTlLwco7+Eb0K0aftEJrHsjCCy0JclHeUO2isE9tEscUUISRa3SjdS221yVtNLBLozrxwX6pYO0XY3EUb3IccSF/6suRI1QQOV8CsGKV95euaaOC5/TLd4IaBo2Ren4iu91EQaiiXmPKzHCNVRdYxNQiAGF5FqSK8Z6ZOHVyXd8UZ4QjQ59qbpiD1F0xzSeWtlePPT/i4EM7U+YlYNbD8/aJjbyzT8IYqiNiFtouVRy2wfmoU6F9z/pTasYnyxhCG5FgpYLOmjTnrD50n01VJkqgtxMuydnjXO/ud7tCd29alpDimEHYaiilnJ6EmIwKHNGH7EhBY05UqzClspxNQ0oilT019lcOK41wg+l0RQFtdlRjukCawQ+UE7GZUR0nbOSs2oCUi48lXZPFxjHv+pmvSBEfpoc09nMgtS/INQT1NV+m0YkzzuJyjgK4wvGVNReJDktZk7qfYri3peTfAgrrwDcB3DlJzyi6vxZ3LGOTzsre1lUJ4mEAVxTRbWQfK2uay0PTTocRleXnF4fP/eg6bfunXXacs//+53r358ZVTkvhPzZO5KcQLUy4jdWfLq1Y8GRs9vnjgxXSfutmVyHzy4dTXe14dmExF3E+7HT06kMufd3Z2bnfnKq0E6jesUqRmcJaFJNg88NFlI8LNHnlf42KSgOUn3nTil7JYUcl4YH926K6XbiiE1JedqSOdzu5lj75syJHV+2XvsTEWaI3Tbh6sbu/nDKO3pU2ezu7X6Y1OS1BqzGRB7OiGvAG+ASzJPO2fuN6bpQ0fKD3cfHNMMgV3yZ0jnVTEGf94T0TUcdG0bAAAgAElEQVR/Rja86gexoeHjJwbBBDDADTDucOFVMml7+/k9//jt9tmL+D57fKN3M1D7wEj65tZkpjuajTq9z+XzMxiM/pwt9vCfx49+fv1G6vzwl+9/+9t/+Jd///fi/eqnn7/5zol7z7t5b2jirLuWUAJz+TnkLvqVlGNW9RA1lmWer6oKP4svkqug4sM1guhOMpVsR9bytcwjU1ETgSW6YMqjNeHkp0J5mn8BIM2IWDtOdU2FBEVXerdzsYUrdIQeOWW+48B2rOtc4rtQJK7MmMAZaesk+kQG4tgRgGQdK2lcOVGXxtpZmlu0olmFPv50zZMMTvVp+W0PzNXtyMerqTm4HvojblLyqhAN59DPitPlpcCHCyeZRfYV0hzcGbevpvWyYKrnMUqpxZqA0aiOgnXh6zL6DbLjrB5Xsap6Hu5Iv6NKUsELZOw5awgGvNfQXGDIyQjj9GshUxYkfKglfem4WGREwjJBEu5ih4pIPz9lu9/rJF6ESBefQpOaDM8rcRDeXgeS0QTusjsnjnnhqVNTF55d90TtAYZkEHmZhADNkK3KjJkbUYjjOfHKDwkIxlGaGJAkHTlJCeClJabk4qpWVagrSYTPhjTpVIJ0EjcYW+UELy6FEbFVB1Kypp+ogkfS0YJdvLhbD04ZnEdRFqZ3qG23ZVXDi7AMHmEmTlYxiuQk/kWF1jJXMOigGJTmOexiOKiGPWt5nqp816m6RHb4joeaDj45v+nXPMp1KY9orvRdIiVjhWqPgszCG1HgEzNxDSeTEQhfyYsxZCvMuEleTMOQKrR5xmr7/Hkiba9cpD6fNj/dxQn7m5cCM1oSzmGdPgMIKq5UKBnuYdbw6CqPA7SkDAHmihKmGDr6tL8eIbjRij2V15rryoB4zjLT1mIzNHMBrPezccYyyhf8cspy+SN3HSRnkFd5nsnX/RmCLYNxJNGHkuNvm4tjRQnsP54EdclgMV+KVNRSiGu0UYU9CKuSfaXAkabEDDx1xeoyMYxL92Z4wyNPDNMTZn/XkB0wvBk6pZw2K2xaws4RAoJOZWhSnUttnetyhilctNWbMECdz+KBsphuqYyIqSIk54c3v217UdJVZVWaYwoWPgvYZrpotxjNnyPKL7BmSN6YyCO27QyFaYDCMf1k5yZ7yUNV/9op5mlDrHI71V1hC4LkQZTUia7GkkOiKuYTCeWAtH8IE5YhwtvZNfMQDx96qDVy03gGOR97jvT7RjsPH/3xN//hhz/8yRlYd/4ah7m0Lr92LuDRm9cmEE3RefCfUxw9xeb1W/c3f+xcryv/Prht2ZNwHr968+GZMdDjR25gburLwPGTqwLzs1EX1RxpWs6ZZQ/VQenRN9+8ePaCuEfm3pop9ATtW69Y6RaMbsLo2damFzWBL1+eP3/+8JsXBqC58sHzn398xaznX54arhkTioox57PH7rPpQRDdJfzoq/Pjns2D3AD09Zv3Zgv3QHAn1z8a6ZNM5rmjxdN7PLTHfKerKnUY7t+5efbUSXMSzCO458aIkBxjRRM5tiXm8aGRIHXcpBWY13PWGGwDQT0aSGZBG0U7ynqooVkCL55xx/bj3gTNMKNUr6IRCvfgmI/83T/+/vb2+ctvf/Wv/v7vnbZ+89OrL9/ePL+51Sttmsv4vj6K8ZJHT1NmdkwR7TyyxAEEriXK8n35hCmKksLWwF5EJw9r/LH3IRtBzbLUXPHJTtp2jK83iiDlSYEEOvN227NOR2le/ZFJiuXoPUdhcFK9q6zrI8rn9X7olsx900eSP1afPvCCGc3KpjfYKqSINPOXtx58km5kJDOHHWyRpVl3slELglDVPnYkneoMH4W4cm9+y5MSsF/ptjdcDpUAW3eISWiruuyEHrNx5YlJb6Nek/CEITl68dVo4agopz1ucNU1jko6XIXnGpRH0W46TibYgqt87aINUkqHzS7HXs/eeh1kKkJK4FFWceYftLz+i/C2qxpx1Eh9JdHm1Fgf3XVyLhkBIQVjgiFhYeed5Qtu33mSCX47FdtYEknbTkmWyKRmTqIYytIdWjAmObFTMjGEV55LkhoFeViUHLOHoZzIAoUzdbwkqwxlAmtfzICHLf6L9S9xTHq4Zm6xDkN8vjf2TcTKlJLb1P0JaQrKFkt5srHhXO6AGABiz8iq7ZkyuQkbJzm6ru0O2Qx1D1y6A9QSYV+11FOU+TxhBBfvXDSgdI70yrZiPTnDmlE1d1KShishiVFxvNl++qZG9WpyZv1NvU65++BzV/rGO8Ik1FryvCJl51NIJLq9fE+1/4QgjdPeiYwtqHZxwuy8t3aMIa4Vn7SJrGUBTODax5JLaZaSeYzJV41fUpiBGyWsfgaGUxZtOmrWSf1xRptD24myPp+MplgrSsvZyoATjhWVTNGkLHi8dC8kwBNXioUYzZE9ERM3pYlk8NxyP2Qhi6H1cFWlfNImYaj4jueZd+IaXspR3pdQPeY8kJijr0L+KX8isF6MbJVB0ptwG/mpSbs5RyAYcM7nD0kgE2BnCXHJ46W8rxB1LZ9HWcDuyUXO3NhGR3OH0YmZWXOWKiWngaLUd3QTg2W2qEvqjFB2+bNCJxCjIFDWpQaUYCNaIMOd+mqzhgkdAsaSP9rInxMThlhTlqVJaWtfDMob9nk7Z6me5xVtF0fi7Q5I/mgPWZ64doZk2BytGqCHrcL48n86LvsUl2YHR2lxNgv2+A5XP+sWNbtJC9S2MNeMRtu73rwppNtxH9y9t7wzmrl5/vyvf/rjD3/6s0tcPAnRePHbb25I//z1kecavnndG1Lk4osX33olCe8hcK8EHV6UAgrR3m1nNs6YB07nor21+dXbnh/twzQjG68w0ffT++L5s2+8ZO/F81uP+zP+e/jw9okho7FifesTL+7zDMXnjUqDzaavX3tpikSC24v7nHF+/tRA89k///W7t14E3cuO3WxjaCU6phgNyN6aFO3Fyx6R/eCb257aaOoSbjN5ThKbBTSVyHMywcivZ2l3F8hjs4YPHrga0J0nLvn73NMRTQF6c4zrF+ukeko2AE6/A8iX7lPuivGvXjYtjRuMUu2KLrflLHRiVzNwDaUBtAEzedLCqNqM6RxorOzF1tg72f3guTvKP/3m3/329uU3v/p1fx8//vjx/QeGG9dS02lr/DujXXAlvNXJy76lVxadbF3PKvz4Gk+UONssBztTGeuExIW3H7U7NsuK9q+cx1QGRomxPaPSko+9p7tQLLdU77ie9KVsTQ2GIWwjfhHskL+l332gTntWTOCaxsnnuv4aA3EmIeJeu+gkj42dbC3bp/ck+T1RMqly6J0rlvNMQNRHTW2qVjJ8dTMd0deg1jBDriNYE8t0u0T51V8xvorqT+rsjeJSjiKEbSGipSKrrEdcL1BboUmhHOOqtdtS+2wF1Sdx9b9ZQArqfeWHKSbS93ZQpKtg1GyQJMNeo22LopEiaXZtWOZTigYfh8ILXhpC6N+YfSoQEZeuQaesyKyqFo3WTmgVFWfEtgJuBUK2CNaAZ2S+qQ8jbsURpTUw1hNs4ziAo4BNcxb7O2zr+VLbMo9gp50bG+IhO4f1JcaikQHLhNROR5mVtLQmGdyUh3weZL7qhrz9sMyqDENg7IeNvtk3CCzCxDM1qEJ23JH0/JMVygGN4EKQH/Z3HwAVOtqGpqlJw6DhLVD5EOIO0QPsQa3R2SFk/5ed2JdF4ZlV0R/SNdGiCk1qlNaKLArhTtwapr38YZWP8Of7S8k2plVhP0FawrHVfJpfK5DueSLbOWEwRs023ayrzr3eQLe/AWsqwrRIEBeYeW6F2BKWmtarH8fQlJClWVxTQNRMXx8SMFUybsRWw6NMwHm5RRGOBVn9wBOoTivCHoXCOeJkWnUpnZ/KG/tchufK46KQ1nyf8KNuJq4bmJJKUxDJUKY5AGnu6pbG1YzKicfwBDlGUM6ffgkaOB2NyZH05Ve+g0aqdF4qZhriSXa2qy+T5i0FE7DEPCd5c8OsjXqOmX1SBeupCyGZBM2ylBaASkUzC2qIabLW7aBbQiUYy6QPTwPmuU5xDdduKINMYNmehO3DOXV2j+KL0FeR6TVrKg6kwFUa4rMiiBT/HRFbpnjOSVE6B6tewcElKMoyaN/o58fCnsgUTp6ddk9RQjKHM9OOO9tHP8PU1e2PIWNG33dbybfEh/ikTLBmfXqncPrmmg6Bg5iZ6hJ2Qjyx4+jyJjEgk4pw+NQcD0z0VV7xYmDuWjaYz+sRKxuuGbV4qso7QxVTaT99/8MffvtbfWISv3x1wzI9Hpj94uULsgynTAZS2qlUU32PHxmBdbfKtj0N24livVgvKfn69adXb398berNqdVyhW5gJT215uTMF758+sxjEb97cetlza5xNH348gwPl1Ayx90hHeU8qrBBZVf4ueq5NvvoyccHPSDws7dCe4a2G7HdFcI293x8+Wrg5caRLlY0oHr8jBFGIyYX9WUvb546NH16/viDV+QZqRkCv3dy2FTf0/cGvu49YbnLK788MxoWyDfvehqiM+lOVTsdLO5M+3TXgx5F0wGXur49gtG1jDUG968012jkRyGLa4dKHzx43ojuwfMvj81oupbRTKFB5N3dg9tbj8J51IOzs6c7kzFyLFT/2//0v/3qV7/W0N2q4uS128ahf+GFhnpWKVBOnbyguOcTlSFlankAUzsdDBRAsCQoybCMqGyKcEm16qVbyWSjjq5m01LOdlAscy+WpOxz5LWDr52zEa5ATFkYit1chsB3J+ptZYJPmiSHFOGTvqeotLelst/ZaNeysc2K2lRLHYzOkwE2woF3DYDBFQtQvV5UMlb2rjVFNIZycgBqGqCEeMAGMyLYatX1p5RBR1b/cx1hqAPUgYDE+DmraqLzf+LzXT6cXdORj2Uz7Sk9FTM8EWXSxkWpIpCG/LRuA61F2VgzkhgGHgeFOjePZ+BmFOajBqfKDR1CXZeQG5KYijQ0blruqLdcrFL8nCQ8BpJ2BM2YdeMrIq+mPotJSjZZuWQ6O9ONMW0+SQe2AxRITYRnVEjj6A+hOr9/4laVtsG1c/o5FAhV1hLPNgyBO2K6LnJepHQwJzrNFzUITgJE1eh5VoExFw/hYhp5C92lhEieWHH2bJQWO11Y8WRnTpzHnpmb7CNG6ZUYc8IMa5UtOSQYi0AByVdBddC5cjcUw6lDzHvHwxURu6Yi6+5F5bZDlq6xDVmi1VDDlsTjWUZNosQw4ZtHx79I4Z4LL+X5k2xV0UQ2hCTZt11+l/nEsHdj2w67xX8mxpKr9ktBDVU5qzKly2EbZK2BJ5+za+3l0GApgz84rO2LRj/gagwsCoVA+haLtC49fB/SfJKiVSjKuNxwvHRR9ZWqxOwvDpQNAY7XsaS7X0FkBZhDhyXnTNg0JfoSVji2HO3XT8bk4g/1NPo6SVac6hPrwometKmooVWWbQz1lZJUYqnMSgQCX4vehR3J5sQgSM6IppSU5Cy1V5Kgq3oySfGdyIMzPfasoBS2qkvpteO8bpe8wxFr7gP3KomV/P4LYd6M9ETo2lZQ21/Xrr7GpB5pStO+hN2RiuiUFaQUU9e20mw4elHX366JLy0nIx2hhGbTeGttoDBl5texJhPuuXcg8tO0yLbOTSnspBlwVIZPb0Jwxs6g8aZ+OVKGhrCqIT0QA7KS9VEBP9jWJNEtvHkrKoWRpYmaegUN/4pn5f3dMx61OT59+5rkaUtgvkxgdWZTnNlVv6OPM6tsNdN29+71G4Xum/3w5s0ffvsPb1+9JczkX2d2nzx58+7OfcXGSW/caeKaP0Mk68ePMRqx//TqjWHWS+/cM03XDFdTgLR//+Mrdzo3UZe60PWYZ+PIR4+8c8Q9KC+fPPnVi9u/+5vvvvVW5Zvu3TBvd2vs42V5O5lgCEqLoVK/4LNZV1MerJdxN3Dt46HbeI3pvnxyL/VnLxzxTsCuF3TF3tOvzw0Nv5hTNHQz/HrOUi81fgbMQ0/DMXn4/MmN8a6xloGi99u9MARsorSBgLuPXavo3hc327iW0WlkPa+rAN+9+9Q1ks8edYXjF799669MtbijmnMRQSTXvH8GHsmou3aPjkF1k6yevGgK0PWHvQHTK/icnReOh85Ee9XMh+6n9vztMs2zhB48e/rl83tx+82/+/ff/uqlBwOZTPzmmxfv3354++bd7e3tyWBzq4aUPVnmahFwnG6lnkE+lL3lyo4t11wB7wZTSEa7dLEny7sGWmm98I7yp+FYLx3lvl8NCwQjxWOZOTXimibbv/TGNrqmsoNMvjkKI8lltQZ6Jeeabxnar1NN+OoA0FVdb5bU2mSdjsNxNYG0ZMbVktMfjS8K71vmwEryJEeph0jsWSU/KXmuMVYSiFibS3uEuUWnV2+zyhEcojiTQCXGdJ6VPQiYcTaqBCdQCb2AYzgCMzmnzY7kIWgWAGEJU+XhybFiSnfxHbwj+cDAmFn83JROiGvyqR7plKGsO1AQ2cjrCSu0TnV1UflSomygO7YPWRRq1590oc297RmV1PmrzVgzWUV6KkA8iHHZGbJUjul0d1MY6jiSGc55s825d+lN5qk+7uTs1cvzzlIcnWHPqKKbRKWDMShBC1JZldyDMSHnIHpJ75jbsHZeG/+8ICGanEw4uflz0mcTychJtbcUuMd6DuaUni6i0MyTOSbFeios94aHPWR9dTRDgCgoHdyXyQTohOmfmAkZggasQIw8rpIIQls0FtSaWjlryT31E1OsungEuGRtWKe8Bne8lV3BVh/2/SFAWgOLU3l9DTIX12G2d79OfztjK04JWtnQ7MdDV4I3fqx4wiKT/3oAy6Ic3+rI8p2MswSCVbiV/wIwG8XnKGJ4eRJFWFsWvHD1UXhEj5+o6SArCWVKK3V5wV69xrEmh07NJE5SshJG2/KjzeAqzGPkEDCXKU726lU3IOGFIbFTsdUS2WaGEYKRgMohUXAMGbFWhy2v1P6Cm82EiEfEiOocruxqb9X7mjUroQB9Plfhz8u++gE6taQU4ohDIVcECL0eJQQXTa5puRBHa0mX7kkjs9+YatdVjGY4alb173mgtb1+Wwx1q6SnoLCrWzA5uIr10aoWLRwlZFrSajMACnP/6UZP8KoiK6m5py/rcjclyWhYLg9XUV2CuVhcKyvymJifnB2r0nMsVVHvfcSSh3RgAOgg37a6jIr1KK+Eiq2v6qO/HgGYXZFpKFKUKTrRDaZP+zFm8BEyu5WtvnQIziAptNV2pdseCgV1254cuJPCJgzZ+/b9uy6Be/LEJOIff/ubn//6yjNpmvP76u12T3eR0BM3FIP1488/f/vtN55RUz/aWMFEmtOd7sx1n/ETl9A5H2wAZFTndPXbt0ab7wGmkaNMmFHmtjt3bnx322nlX7184c6S7zwY+unTl8926tjlhE/S5aYNwMwJuhmZABaImpOvQLkW0V43nXT38dzhHuSNDHjCmWqp/Fkn6cmOho0l0SNzfZ8ff3Y1o+GgO0ac2nM622SnyarbZ48/3T43IHOO2BWHr968d+vK3ccPVLjZxUWQ3970CpP3jeGM7J58ef7ITKS7Txqfen7hXpGs9Wxctb7HeLixzldzkUwyPWnUxY3eV20YLZ8a9TpP3WliuD4ZKDd3uLez9AiebtguXp/JefSFG92t8o//8Jv/4//5v/A0xIcPXj6/6YmVXhajO/VT2fWW1BXtRhVOCTboX9uRJnXnRC1BIikVNJB6ulNaYdnVeh5EUdqGvwo1a56KE7b+qFj4FNYmGdAdAFjkWvzX8aTMa2ksQo9IYFS93i+lAzeK1Fe7rwknRE0Hu7QdJKURCepTVNnpSm01ijTLqAVpvR1kQi8rHKdKkdpWqhG1aJ4dKafBbqRHv21W6baizo2dY2273tVqWzUk2jMXERdsb4/XEwS/JMp2heuEUwpcY2UoS2XeqHUTRYZCqwkcBwF7wF68tV50O6DUEYQsCUd8Xpy1Rd4oPH9l25FXhHGnGB1OcFM6EdaHMlGLx9GlEEVGJrwUnZURZ2R48gkX1x+P9iCcOOJHFFubiGIjonwAJ4DhX70QFVmoF+jLFaOHOv4wBSbF++9o0klvnlkKQaUb4m0uGsfQRn3xp9NCYf1EUsibX+3m87Emwf+w1WSSvusgA5N9/W8GesAr44WknYCenxbTVUOIfIqmswMc1QdZLKAGvhzIp21dDFe0k09OAP23k893aUDUsOQ0m3m4dzEPSGCwTZOaGSo99uOsm3Yqs/CFn9oiEUWOye9BdHxTxpMd0WgeLLqZo1UVifysprLqk9B2OyqDm4g6n8EbkolHaceaIUzvAiovMnDpdaegOv3VelPTMLGbqKSXmuTSkRpQL6XtU1jhMaQNH5CGqga0szaPuhBRLGM0eriHgSmGGXLvsIqChTTtNNT4J3UjTqUnLG0oDuC+Wq+JnQ5mfk38f1QdaexgjhZN+79gaBRu59S3ebYuI/vCYGKlJMi1sc7hR0S9Xm2dgLwdsb2aKL/m97WzvJejjSht/KJvjq5EXRlJAvrYbKyh7mpORwaiT5vT4U1JMqaR9nQ2lu87lUvfaTmGVlYwmTbSqlAHO0XB1kVQW85njSWOdb2dp0vj8UvdBqBRTm9aiSdXXxanXFeXnuBhs8UXvixHdDu5p4q1Rv1DfUANkjyQLtKpkRkmeSRHmFJXbaJ5YtI5B/o5fI1gDghCP3rOuBEjisQVxJySzW3VL22nMY6i7auYW7KhJeekkYSevdJhLqaFN08kvh4KusJQwX5VBSuJuQFLTAfEMeK+1Q8aWrU1sxzTJFlzcnoLD4V27+9H17rR94d//O3PP/zYDznvDnnbY/bOodTpYG7465u3ecWpzzfvXPnXmzu+Pnz1xmWLj795eeNeFnDcaeEhOB7H8ur1G5cerl33lrkmuL5+9f6Ql8+e/Orl87/97pu/+faFx2u/vDUzaUT47Nb/k4dWrvXrYPfVXJqz1l6J8sVTbIoP5D3U2p0lhomfAHp8+8IIz/yZs93kw+zMr5tdnt3e3Lnm0E0z3iHdyam6VDOCZvEMN92+8ubNB7H71vxiY4gvRod3e6DOpvSevvv44c3bz2/ND359yChTm7/65uuXV+/KS51OljjV663N4Hl+Y6/Ia2KUO3oloBm9HikpYG6j1kR5w2zi84dfAfvgRmpvcH7sqYqP3Vmt6/WwxQ9fDa+dvP7oAkyDw893X92z88D43LSkW3Bun/z048//4d/99tf//G/+7j/5T1+9+vlX/+xb87JG0J+NMD/eiUFzpYK7+2+WTWWBlFim15DOUssRodKlRC0ba+yysESwstXRv/0SWj6UVqX0Wv+hIk1JwVyWoGzoI7v6T0YbBCQvdQQVAPpOYxi06pSW4eoHdBJiiq3/0dTVqHblsfSvEw5dEqtehY2SZV1mjI40n43RsjMhQw5rnNGMa9WXX0YWxDrStd5wjjJxlx0R4I3dyt8vQ6sE1s/IjXoKvQmthCLKQWGrL9oYsU7oIJ8/BGS8KuOpz4p51mW1Q2QjTTUd64KgMH6CgWWFonWYOZFG64kaL1xY819YDoXsiGw+pbHS5KVdb5dRVU8JtubiMvqMMg/wzMzxkxeOy9a0JCYcLYtJ/ri64QbvNo/Gjjdpwp0w/2Gpr5jfEkLpdGNIaBGxyDRA65DxtKAK7fFGGRukFdssb7THYB27rAdhZuEZAmXzh9aYoOPJ/JbsOI58tHIpOaLUYTYhi07ldqya/NlRVnNiDZD1WkdIwmP2T0cX9mzwlsBCODSJh4YNtbgMVjuDFvF2j4uWCkvunkNxRLcxeIlSdBgTI+0m+KrP5wSdI0LVNEAfiX5rSVP3UOrxoZRFLHYIEK7ZVxA/rnEeVUpPR6FsEhEZqs1r64U804N/FKjF6JJtI0WbXG2D2V3h1I8zv70b5gmL+pba4wlseyDnCX1VdgYji+u6DiSQ1XR0iqw/GuW2H+rbzaBBSHA2+BAfteI28kgiq/HV+uKIN5rqruw6IEIS6/wXl2VUrPBHROLDkhtjX6SNaorPL1ypTdforRIyTCsVj6EhsN9GGdrMSL+xpkIq3s8t1QciBtXSoSaJ/u0lE4pARKBZtu3/UhdEtCVIhbWFWDs0COCpTHD8JWZbobhqyqRw5tByOx/XHEiZpqQRG/rj/hAOf9qSUyCLWfXzWYyR2Fkqa3/1V6cToGVVySShZN+8ZD7HRZglcMGdRSiX0MfmtBK7IRVJmKrfcpxjP8jqWoUJPCzJ74qoUFW7ahqWmFlyKpiJWKXdTMCzw9IvLld4+eRYfUhCOK7Exp2rsz652tUw5JVs2fDyAnega1Q5j9K6lwDa7L8Sq+Lry6IzrcEUn05jdcrcI5o/2jU95/5dAyf3mkisH3/84fUPf7374Hk1HtjsuTCfbx/funjwxTfutPUwlw+v37313EGXwWm7xnUP3N3RE23MGnpA4EevVfF8a1cMunHkr69fNxUnqR56/bHkrINwdvXb26e/vn3+629u//m3N7/65va7l4aLRnGPnI3ttufu0vCrshB0bpkaWA0reaOjWl3H095c15tUyg6Dxy8my3tDnXPIne31kJ3Ggl96ePYjp8G9/sQTfBYSN6Y8aURoYu+BO2IaxHnZS/M+bx58eOjOFRLQvHh689nTuR8/f3v36t17Y707Y8TnT91u4iWCyN/fvXMS3eiQRmM+a1C6SwZ6A0b3Zevo0mIi/ZErHDnPpKAnhBvuovCUH2EyU8hqgx6j9B4Z/vCjGViXTXph4MNnrko0sjQkYorT4FA9/uv33/+7f/u/6ka/+eY7zww3hvYY8JcvX3gOo0GiUabx6ZpMiWTMXO8qFUoS+XDSrPbBUVaFI4fSWw5d1dBLbdlTFWZu1rjWEod5B/KlVkp86pDZ0i/ORuDOJpOouEQsAwW/dFzR1dIcs5essY9k34qqr1vAWruolXJioH4AACAASURBVPVrtx+30aYBzkTbQzC52FK1lkJc5vgoY8U0rInhSsixMg0oDpFM60BfC4/EOgPUrW1GCgzGcYcBzLqbJRRPRLkmGy9fOzkO+GjyE/rAZp11gqbF2h9xG8DUfpX4nVJh/8jUkZ61iioVksxTWcW2HB2VpceS9MRH218bAxppsKeuys2sd7wf1bjB3E+fIxfRSouGjembGelpTKPQ5xiT5FHvqyNIzOo21MTd726GYluHtowoKgtCGorn0sb3SrNvUdfN8n9eTzNrDp7MYfp4sU9fEDCNYuTg+OFnUz12cuKqSzwIk2jJ8nxRgKgCeiFtj0ezKcnlAAl1+xiUHXyrI78D0oSBUpTSWWx8+wpfO2eunSh/9Yc0o8i/4S5FfQ0v+mtnBEfCkMSRuMChXew3QMw9hMWeI0JjSdW2U99S9QyYkOVdKg5VsGoAQKefkbW3mI42AkOoIMkIKkB2yE/t+o77KkUEduRSgrBjQZfVUIi5ltIPfidTHFz8pvZ02TaljFLxEvmCvxQQyulLpCX2vvwffNNQcdD6HsjC5H9gK17pSDih5tPoE8VhPFzzxeSP47TlulHuaBbvF+/m5SkksB4G1MAkHm2970StgOKkXU03VPGmOfhpa7UyVSWk1Q54B3wiUZ7PRI09BfEWJ+yERgWI32LqGMiBzbgfFvKvdLw34xfQwSBI8OekvFYBSEWJtAW5tjw1Sb/aNNISBTESg/u0Zfpxz/mJdnHNJUgnUDI0XxthWbGuf3Tl52QmF645I/OzZZaEaPiGJddVnEJLnt0IZ9vHnDyfpP3iEUMIUW34i2tJfYwlZaIzZ8jUTXbS6zj7pseG/2K2vyQc7QWgURZ9qdhftKXvIR8r0yYqITaOd0uGUCZaZp4RT2ShmtNykvhub4Q8erxf+eFN5XTfN15mw3TgBSgD6/QmNK4d6x3Da5fqa3JGhGo0S6Oq169/Mtbxwt9XP/7085/+/NYJUdcRPn38wcjLxKAR02NPq35GrHOa9ZA9hvCLK+FYrSW7HI4yFxSahXSy02QbYq/nQ2yEZCjWiWwDucd9nFP+9ctnf/Py9u9+/e2vX74wgffNCxccGj5553Kzlp17Df85rpjc66XFhkfum2GikSS7pAla967MKQZnPfWQU3o2TK5riNaNTBSaAAHSc7kbC3b0dhKZQYaTHrdoArLLDQ3QbL3oWYmGkuYjnWW+8/Rv3jEp+cgdOR6IeGey9LuXt+7jYSzADQ0Nqe+MDQ0CPQCbzj3RxiMPTWe6laZJ0OZfhIJAt2TzZxONyj/mEONywGhpAvRh74nGwlbETtB7PGXPxyHHANRzdnqnzIPf/+Mfn94+/8/+D//7b795efvimVurzWK+eHlbH9AN3Z4+u761iebzV8qdo9vpccrFJUBpUYPuTnAuW8stMU8iyphaIo+X7RUaSsqgSsv6Q1mGUd0+aaiQdXg9SViWEtz48vBMdLAIXktXLXWnpyxPKlZkaawh+q7TXYX+NuFnlzIDu6gKd/UH674EaBJCMhKraBxtJpVJ3WhR0elvaj05gOoLHtjncB6OtBw0l5mxTqCMuhjw1kegywBfVFGYyH63AzkpVz8ywiHOeBy+0JM7MbaSxtUTk7jC4I+YBQTaa2i+IhQdn/DxK0kzJAk5x34eaVON3dpWvqy/PT6s7NSnqt41PQkqLrNSRRrIwFVN+XikYQjd6XPFS23LeuQoWqyLHQkL4vmRMPnxpe0CkGsz9BwvDijSLRpTCUhQ3toYY7+AjgdnUrHqsNUgMIz48jLy9mLloAmznoEqsjGqU5E0i1XJdhwf//Jj/o1wDq4nnGx7MR+NAlNurdPFp3AxnnLC5cPmxPi1otRNYd8bfua/X46XqxSjAJKU72qGNnfQPEY4wZLqY8CEqU4tiXY5ZBxrFojyUSPlEc3S2NPR95VEa5aIB6BGWKJkZhmf2o7ANjPIUqxBVP1LfzDJcdho1NDxJzc6gNBhxqLBn6OLu+70s11mTpaHm/UuK2NGfWobDbPqycU7SS1pCQNhivwvK+fFENjXekNS0dkPCxlW68OOVVAvGaJKQV6qxTRkBKWygacDXYljyQSptzys+v6vOMaAdL48ChcABYr6X0K1F/uYc3qkvgpq8QqOv+zNsvUhOX1LX9nlr9GZY1Xbk4GcmOSd+jYc7+xgKQ82oWKAa39LTtwSsHy5HEtCLHTXpwQrpN1jFPnC39gFyX6681fW+atNQjWp9vNYcvaxN5CnrbenPHekO/fXedjlBnX+k3m0Z2HbWbK/KauwPXBHWwIeDww7jrlCnYXHwJqIwoqu3srmGcWf2sUkncPUabWjCKPcKF0TmpANLCfHJrLgIi4udW+lwqEdcQBCW23umYlxJCaXZ8ag59wdGc0uBY669SUSclw5rCAxaPAg+6XXy10pGiltC5A9H7njk8JryR35u8L+sjx/FfMqepWWkVs35DLtjYfaaJ1Pn7x/8/rnP//5gzPCnz46q+y8M4lum3jqadU3z/jn51evm9968VKm3d6+NFfnDSlGyk7OatHNh3Xq9ovTxDz65t17Txn0yBmjw8Y9kufLQ0PAb2+ffPP0yXceavPcPN3jb1/euIvZAxBNiJl10334XisrUJzUhbHe6ExiLz6puwDLI2d0IJnGKK+249fd428g60w04lzaYyn0B73d7umTmw/esMLwjy7d+9w7Ah+7cNA9JY3SPxuucYEfr4/cqtL7V54/ePLKC5A/fnrx9NmXG5ceNlVvAPfiyYOXL2484Mdo72OvPWGy158A0wN5vtzNuQBucvOBk965pedj9yAbJj5/eueyxpKleSahhsfjsj0myGPD9U0exeNd1QaowLo+8umzRx/enjfQGOB+acT59dMff/uHX3/3z7578fK7X/+L558e3nktjGnS59267VFFUsEZ5yeNnzurXtiNimtDRdN26sVSRZnJh1pKTi2nODSapWHZNDbfZZC01xL4s2KbdRmtEddB2EowjRgnl65pnJija2JGmyJkvmp4wKwvslFbO6dNjka6kynAkfpapyPsB23FmMPTMniHpWO30mnIDzWcQzzkaLNTG623ULHjSUInONomFYNTpa86y6oDizvB/jI1STloc4dtHtk7UszRQWsj+x0q1zUVhbQon4b8cEBuXFL7rjJLqbc+2gAB6uhWVocBS+v1IjZmFlSll9WwtUmPaDc/FupsSIVYZh6ycOixAjGw8ay7SF0KQMr+/qOZGKljM4itEn0mm7M4wIOfbw4jpktBUoCb6vVW5ShAITwL9fxfxm6Yi3asJcPBXFAsyisZBOKULWwjv0Qpbsib9uOdISZuiwNfHejSJcpck5BsTiCeU8B3YK84V0Vo3SNS+Qr2fgyOm5C4inPJlvG5ooIctdAmqF37KVi8drjKWfN7WsMY5EixdQAOywQmKt50HP9HGoC5MKhnq6J4EoMT084ii5bfpQNQHZw+srMjCgnsVBfTMCQAAaipXQ89YeTVMk4x2ZpDlNbzRhoHunGejf7rJhr/NXHYWNCP8D6OHvp+xxuLKYb6yx6C4RqjOsjubAwPqcuINKYmNJl9NnMGRO1WkKqDZIXzwzrDyLRERCX0ENcVEsQrdqHHjgqFinvrKpyK+LYRprNEZDvm0iFzqwjwCfDVVlLdcmRHGNsK0rqFrOCnIW6pNcHVxdhRb4FvdwSXV061tQ+5Mx9P0cyckmfWTXyFsz01/1RRgCah4rkcD5fjUZIU5SUIz0S5/qRCWOyvh6GxXr2i6OylK69M9jDn09OIoqu279yBukNHu8rtnQ35giQY9K8wf0UxsuJZyjK6ptbRR7kcmKi5NurJUnwpyK5ceakpGBOR9nVoydH2qJ6IZVcNgZzk55AEBDiRxJ1EX9xbtUTNspmVgmhTbKu/Q9MO3QQU+Pul0kyZXx43322rRlZSacfVCYFWO+48MFwF/XzKoYHz5QMu4t0apBhbVJFgDJOzyE4YG0r4cfb1wfu378B5+Z25wM9vX7368O69k8tu8NBYP7x3AlpQOOeB8RDjXE+o3TYQbPDipuY3WvebN6YPjRfNc8kmdwx3R51HOv/82slYYzCTlDV/g4jbp49+/fLm17c3f/PNi7/99uW3t51fdsuww77nSbPcALFhog7BKWQjL77odLNH3HgQrJMPkDoLAZWpvi5rprGMc0O0c8GI/BLtpX+NHHeiwm3W9TfgWdir1lDUPTHkG8/VA7nV+ukTT//2aj0/yPw7K+1sMGPcUu3Z3AbGKpXDpZW6odsAjm6HG88ecwJeqOD62Cunmx/V5xoQ7lfakiMTapWuZHRX9U2P/Y6diW5J6ZD+oFeqsMVTHZkiMVyzKExsNNMJsftgGmA2z9ft5M1Tfvz0h3/83fd/+cFTwT0Ake3dcdOUZIMn2DnPDwCnnJuXlITLwNZt1lZPniyPStZ1AtC2HNravEVFidP2RXxoCKrBlM0+sfiKuNxUIWXSUrm/ZApSQqTiCq9cLHPXpiNL2GpXImuxDNnUJ/rAs5slfJVg3wCkN95ApPgsR7FtWV/e+wRmQElwhJj85NbZS/CmZ6pPxAEU6jJsWhOr88kOtKpa2p+P+lEdVjvzBprjxniRVLGtuQ5MEGxO1emAjkkRFo10Tff8MlOzoJ5grohs3l2XcCQ5tg/9obggZlvEOgbja4jnjoVkgEJxnNKcZD4IKab8ll8xhYW6amZURLxRmCd56VMokDXAvberA4udGJOYjHb1NiSdzWoslEwvKPZ9UnAYUxpVh3Z50XaS8B8H39NiqLta2kxVqyOsNYFpOJFj29DnGzQ6IJZn3FHr2g6l5XbicMWNvQaV+tBgiiB+rjU6THudddXa4gyHOd8SEzmZKnbIshkZqSrbxJigxCn1r+CELvecVEUbxQE5NVPunr+zlL/3m9GNXkkfDl5CMaM20kGhDiOjKaesXmb78YXjVObxYzmyjiZbYmuYMEI7EZddoG8knFntpLqlyzGnsMsPTUYZGXbvdRvO43S80TWiaq6gVyP0ONx1ljrMnv5FqGu1qadWqCb1YJiXKphbU+lYU64HJAxhXraHhh/9yp2bYpzt+3FQFIJcUPNWPzBbymfRI8P+YqoKYf8Jb0nBnIfgFK2NRZ3QIZzYuPgs1uCSTP5hWRK32zIhdZdMtD5UZW6Zgj6v91UVcXl0sQj2NEwCzkSURYV68a8PSGrpr/qYFttacsJadvFsFoUwSq7EkiTaUM1HpA9cUEot5gavZOgMVr6ANxYKMqmfYjWFltQMfz5q5tyCBlNKor/qfe9qclqSfiBERrwjOrpm2RI6fasJoI2rJ1rVyU+ZAyerDi4NNjknnQ6C4EuxZcgQ3INM/gnYaZkJCqU/4I9DsqBArB1Uo3hE5W82h9FqWKti+4zNjMsdURCZR4pZP9gaqc3M9W1JygJyinwG4L2cfyChmP2prMTXyW5s9helfdkzu0ZRQI5/lyEmDD8avn384Go+Z49djPj+zdvXP/zsvLN+jBXvPAX77s4lhsZKhhwsfffuTpdoZONxhwrfeeGy/GmapfO5zx49efXxzu8+b08B2HlYdwq759dJoYY+HWO+vnz+7Dv3ptw8+/WLW6PDb1+8uG1+cgstvXbPx0zYiaCHLPpjv7lD1/nVvc67OhQQC+wiVmbNRaqLXONIZRkh0Xn33Ete7+EEb2O7zqpjbt7R33Xeqlmr7nXRUaW/acgvPXvxk5dBG4F1naN3PDtBrNsyWKTx8cdHRmbSQQ/2cabKhk+dsO1QEMSN6gxae/Xe569v3mvfvW+mFyvtohAYjQqdPnblY2dWnjx0Oadu2hltN7U4Le3BjOZc2dcVoRsOu3P5p7c/exrQH373BwPk/+w//88MOAvlp683T26F0SNqBIkHPO5bdPY7mWPKj7KIV8rLfFf2MYPLduwoiZbyEu8+abe1NrgMy71lMUJ5Rhj5/jQII+gEq+qb3xX6lL4xWMq/DkyjQhQahFQFon6qZfulf93AgI57KxJWT+FFfrJ6jAlRq4rMezCn60hTZ0y9TGQqEl3Xgqr2bgEz5P7BbSPMPDR9bWabslTUR/tuPqr9g6imRQYbdJmdOyO0buLYdwnMIgzx+G9ZmpJDNs08drZIyud8GK7hiBqKcKUyurYOUsxzGDgjmRHRp3CVtZF0iHglevLaY/XJwYYl9XbuQYclFamNN3us54RfILEkU/Yrtli3XWxq8B1jeNnQxSYFVR4UBGkk0ZKWP4M5yYhspTnyGaOHTHE0IGwMk3tHFV/gRDDFiaqmm++sF6fpnA1H/7pcwmNKUWL7n5YjdnoHiEI5Uqxz2cjTgOwIC388RJB7JuPqcypVfqI3aog6Ym0b/ZFiz7Z51CrIOg2tQ5jtKqz7TJoNQR42JVVcxXEZaq3hJfCXpfrLUM4+mVHlCYZaDk3kDkEdIQQtqWsmYy7jFCFqdyohML5yjpyqPL7ipC8DociMPGI5AUixgnKPklzP1F3+47SQK3s+f3rsNIxzK8+8kPbTFz/djQ71em5afOZjuqBf9r1K6OGnh142lUOuBDyw+mE9J4Q+VSs+TuS1WuYKf6meBxJywNduS+5KIi2blBHj+MvCtRk1JVu1/beRrmE5jqGJDzgxD3BAxkaFRipshKkmrTX1pOapEn5SawkxYpgBCjNrXsuVtaZJjGlwE60sCEm5DNpIayWYOq3GhtwVjqvNZ9eYhy0crCWnE8Zd8T481KgJ8Gn47dTC8cjv0iLX2r06DOXrXfruP97TAIDJkgqOyNHZDaXgHeDz8gQqzcZApZrKNQnfUmBK+eqYbG+Tjb5rHpl1tR7ALhSpiW7SEu1/WAjJaSSlb+2nEV+xo3tEbc7xaTw4Z0I8Y05JcrIsxns+e3xUDi3jj4xMzkJ+9n0SwK7C5DndyRsYQpJjcqM6HDszMfdVWSLUw/ouFFcvg6fW2K/WAqAur+eXOpJ9x1DNUR7+jPzlzBVpBnM1bcfGT06XmorTDF88904UI7A3P7568+qNEQ4Wj45x6thAyjOxm8578tT54h9/fvXixQszYe6b2K29nn0T77t37zz70LSisZ4NgyfPpjat6E0hhig6V53Bl09fnUb+9vbZdzfP/5kn2nggtmcker3es+cuWDyvS2FKY8MsasjFXt6S3gxJxO5fZVzXplR4rreTEkZkdWkyLcNzH+L80KOW2euyYhe3mHp0D+gjr3jRaNzEYlqRuz67/1i77iTHoyf6O9c/GjUS/+jRzbuPd8++7K16zg8/Z8Gd2U1P1TYaxk6lSVf3I39wcaGnLTrR7EmKPST8iTfz6dFqTe6MNuDeXXkd7x889OBrfR0bjbBBbCxZpnQLlBtsOIJ4FhgmevANfxrCM51LgTIbK8wGkYz6/q8/ODH/lz/+xeOE/v7v/6VnmLud6Ovzh07UG+IbUAuxoXZgP3sfoLnOso6u0ni94bK5vK61K5SypVJ+s1Ut92wzf2qosS7lbJ5K36Wk+qV0zQRhTXbl9Q/jm3yia6eTarW+I4XTPQzhmOS+i2YNbyCQrwVSlnJCr07FfkPtUz7T5AcmRJUjcyiSBGQNdSSES5gdDZdtbCkyNVfqh2FQQ+igBNUK2w0MmtPlthUuXxltc0p44HSj1nW468xRzlMkpSgwWGrGRFK5zdXs2BFFFTX5AYuhPyWpSkRX4yXlKpoEe+TjmuQFEUWapjT4WUr4epD1t2oqyYeJW5+ShLhTW1CriDWShXbOmFuO6/LmCGZRPlGe3hAddfloZM0VkJ5SRFUezamzdXJp5bOPyoSvteJz1UQgI55Hw0lJnkpd+uesKLYg8C0RAOnQF7+lQVzdyJhXUhjGn8u1MTwkKRxjkDnp9NoNpmuzuA3hcR2Z+7mM3J7/eWAKq45qaooE9x5v8Y3yk7+LXISF8qCf8pkbsIiJGcgjbAYq4BCWpGUq7lcok9TuJBYJf9Hl1DS1M/cQf5jXYpfy2C99PDG6xISp76y4FKE6HsgEco+OWualCcCO3arTKQvO+Z2ubTd3oHfz+IZdT9Ol68+7gN1P8K7+9tlpIUPER64Xd65EWX1DKTB/DMrxzTGs1NRfCXUHj5rKifLBykjtJm9UHvB7Afm2Q2umKGVe3umHYDJQVXesbyNyFlV19paUNtcqIkxGPcG6hXx7/ItO2UVQafpWeb+u8ngqB1dLl60ThUEnu6BX6j8d4Qa1nzIrnQkDs+vEtOd4olTY1olSNiSIjkqPwGhPpEafkavgdpSZiL//MJx4czaPS/ngDnSUCa+kloSiJrH6bF6Z3VrIAbZQjC2pseIMR4YmaCna9i87M4cof4tXqKbykngAE0F280AdbcOS6FZtH+GHjewVK4f1VJ2CcFWJv2WAqkHzy3IkT0c1o8IFnGN4HfvmW+PK58srSvhiizKO9j9888rQRFAF2xYOKoMxWLba5q+TMWtlV1950aCQgbomDFDUbvInDLZ8J963VOvGoo0OHz31OBuXqT0zSXXz3M3IfPfB+5LfuDjO5XpP3hsZffhIsLnAnefVW3758/ff02CA+P6D0Y+HE/YkZ9NpZgo7o/nscTc73964b8KoTKHTpqYgaRdiuFxC4jbe7549/dXts1+9dNuygeQzHcEtDEagJOoldpKhU9qddujOjJMnDFJoyjo6w0Q2zdbQgks9PDPbrB0WAo7AHM74EBggdu2XEtL6m0+UPHe/NUtcPugdMOdKmJ7g7fq/xyYOX9y+oNxAbeHplSf4DBC9Nto5Y7dc946WTip/clKe7zv2OfXsphZDvA5L9ZdN7tluxNPjEruvORMeGg7q/fxmdos8YG7/dbOzp3kfhOZe3aHMs8bZSG71mKIsxb4+9POagL/86S/OOBsjvvrptWGgIamw5YeuenT70QOdqVEvVzmXPT80YC6jTurYcqwO5EmYvAqY/5J3eUdY+VPbdpNRxLItKkUnN9elVoiea3yOmElQvsKKz7LKE6II14v3HYKx2IAgiHbjLgnwCt1J72rhCyIyyM5RagDGgaBB3aTNinOgLy5kWSM4R8c0zhLSM+te61E85Pd90hTmkpk0BDFDEVld/sBkEP+rmdMyJm00I7oXWx0x/ht+4p+76123JDabrQzyHVjDMIuXTWFtiJXu+dxmTqAofJfbEkJyh8ayDmk4Qc73R1r4ByU0bfU5/4d4qiccQXZkKUG1oGwGzyGpFoX+CFsVBcZXrJs5fpOmIIr5JOqEJqD/fu3NRxnQKCfS2dzW5Gau/6VfXJ2zuMDHmVhfcMQXQDCmIk/y/Al51TP9uCaPzjGThF5BwpDM/WV+spM1SO1siDlxObcF+OTGHL9n1uSrGTRXBSv3IZ14e/sdqxXHUfkCAmduQ9OkZHZIjZnEe/VoQ5HGI/sSVwE5/tWnoOXaKO8TmPuXBccnFWUJW2IN7P7t91u5oosJApX1GBZfXf/rVEhiZmHST85dYZMQAcd/TDFabMByUBxY4t0JnIZ9rT0twpZ5Qt3/I2eWvdj02Yvnzx0cHB5c+tML6iP04Ik6s6cGlrYGsgCm7oDIxqtZhlkgjj/nyuDBxNUBnnWBmhnHgYNYxm7KXtXo+BXHfDJHTQhS5elYVZt5f4Hh8jgaC8SWa6tKyDBsmGw/A3hXADogHxFtHG1l1YrnzTWjduupo0hB9ix8ETonrlyOpKZUK5NmbT8U2zkOqM9JbZWZ0sdKdXFOarlosZWsE+o2KkxRXElfspX6pytaDZk1j+OWyyTY40x4buOOlFbZ5j3Qard/fHdpD8ZqVCVgElZiO95OLubjhTECldfRgjNQHEdjVFeAjifKX7IKdoWRpan9UPRR6y+4x+ejWl3wSbN92DgUazgUF5ig+mBO63js6bqQ9bvktEn0SYhpus9BeEV4qoVvtl1ktjMwtGj7ahdVndU0lu8+GTELhwgBJCoqto0SJGhq1M0Wdh6nO01MN7QlskZCJg6NFZ95S/HtC49fbnTz7kNP/PvsdPND1w5qweRqiW5qBkOb7PV7dx+/+/WverTNg8duOjYU4g8vUKHRkxDNR0qn3vyG+MMnj552u+67D/U4zhpr+Js+dPOyiw4bdhrumDh86U0kDf4MH/2ANNoyCGo0dvvilq3K9RouYTYIPMd2RokpFZzCD5sYy/tszKflTA7Tl8yHLs5Du2GS6CDgFSOlJkd229zTpg1RNjBNU0njPpUTZ3N/KvVeDZG+OM/rF6y5eg+Xza1OcT9v0NgDbjr74SzzY/cWPzc36WrAXVvtHDTrA8PvXuQsqGQ5zPHwEqZWZmja4BaoPRnb3TNC1ktVnBYf9ft3HzjHyX0HHpdJSooz9NwI9dP3f/qTgf8ff/+Hv/z5e32xt9WIOpHogDSQ5caOLnv6o8RZBpVbV19qI8edEkp9qkNfLkK82quZL3HVAh//3HmOBiNEGre4lYU4LwHyk0dblvod69RXjQggcizV78iZhEo5bxtRkRBJbPecfHrPe497KOb02A068dNTn68gDLOqviKBpVBCh7MOVnEaD9B2sSsJ4TlqD8BkHvPW4JIa8fBXmS2MPEanJQzHn6NC2LIuyFR+0lk6t9AYUqDyna0qc4+02qRVcPOewqrVzzsGajlw3HEEzy+iiGsP0dXdZRLF4icVmApiBadkBTHvY2M91ERlyggjBrbVarcOqYxI2pQFPLYMaSWquoaTUSCdYclBjnCBn9R8n0frxw627jC7CBRyldr744+2aud4YMri3PH3mJvpGOI56zAFCibjllmRT/objHIB5TEuD/MbH8aljHLrCUtQ8E+mqVGPFTsvdCCwxzGFkHADRqxlQWKUpKzf+aUIeaKpkITCCgP/XP07+Pml5b7FJfryTrzp8W8JUqtru6/2LyJ7uHLHZc7wFJW6hKSEyfdmGY4h464qyJl6OWZ+z39pt3B5nA2LwxnAasIZqKMxaHmhkNSvq7fRJgAAIABJREFU16t3gsOn0V8bTx7pg+WKc0nOhriwyQPI6r4j7qkWenR9cYeHjSm7Ot2RLzNn14FDWw482mtStMI4zIHNtwN4wjyHFacDT0jsFKHLdceQTEtZ1Fl2sob3Z3HWr+aSM5ozhzTdGC+BAfFPXEfnNvu3iDevDEXUdOTMEh0rzTaypE9klfu2a/g38sxWGv09mvFivyhRXyGLIUTp44UMi2uYbAWv1ExdAo8LLz1Jv4CPfbwD1G70yOes2BOatKkTexSjitB/TaBNZGb2cFaffWkf89ZJLvmqavhTA1NSc7FAkKj+7xHHvDNEFa+vy6yDu/wrTvbXLCPtU0CUXb3J8Qtw6CpO+PFRzGu3USZmxQIRXTJm1MRHeYIZTTFXe36stnvkZsvBXSzrltfRGwLqIYghbhl96AHns7w2bSG4OkXKc4Z1AS9LAtOycjs8V9mRNgFUSTFDnN5WR5DWpb096sYIT2Dpeo/nzz7evXcw//Tu/btXr758utNAvaIDrGg+f9FO/ZwDQ0x++vm18RuFzhsD5UZmpwEoN4PIV3Ztv3hxs1brlgv39n5xfwqDDHK0cU598ezpd7femHL77c3TF16v9/TJS+enzwWIDeJaOs6dlMxtkkLv4cK8IlpgjTRPC+kYU0xyWK7v4duUNMewI5UqrmYmfxi/oSsO3SQXFKAqcAWhYHcMOCmDUu8UBT+NHBkpdztsNYTt7plOVUs/Fyh+NPVo8Konc+iGxQRqqh51p7MpQ2/VK96d4HbnTUca4BbvZhC5kYvdfEyRO76JPgTuqTFBm+3Z4mrIJqPMxcLsYeO6SnOI5gbfvnd5YddP3rnD6M1rxvzuN7/tHu2I3wsfnJKCN0yL8oBf4TACU8qUNCyfV2tyyiotHbc9r+aw6GpHa/cgXam81D09ydx6+E/Lm9BGhNj7bCPh5WiLujJ1smoBBXQqbG/gXutqEeGl/NruEYiOn8nqf/LWpBPzT7pYMUVKElLGiAqKDoUikvXH2uVSZFH5n/HVxa+gzqh503ROJME1zgY7rTusx5h167Xay4WrTR0nqz8t9gI1hntpvvNqGeW/UlbNaps8tX4nQBs5qyJufXqrY8YsIqOuayYkpeACE66WwcexJecDmC/aqK5VglsU3ks+RqtI5yZFpW+ZrvVZGtAMWyy/LOVYw9mkZEJLNh8tywGd3xCkJ9zDaHPidFmHlkQFJ+DFfSBRwUIWriXkhYHFicpedKcXCFIlnDifJm4E2YCq3CmedCzXanTTF+DJCd6VP77FqOMd3oJVXQvSuXIDw3xIWFV9paU/hW0vRPbKnuQENXPSQoi0akxQulxLXNs7JRyeif1BEJBJ8R0/SYrueX0rt99QtOWqOIhREpKAFBzXjWLVUceccX4YzeYq7FpHfUlLwlT4OtSSIjsrH8CjpQ7Uca2kFKh+8Dcq9O/Y1AThBoqlWb/anc2pO6y7NTzcOWZdsr47DoeDWBsp9suddY4XJ5ylgCWj5o4F1db2CeegsIV9pSqyckC1VYR5X/1csxQnIo8fc/P7iWrfEeWeOogOkIJqHW0i9n/aChW5QlkCkvELgrFbDceGg0k8GU7Q4okxpamrQ5mwElELS2QGDF/Ct7eE3mREMHxOBrB/4MQ7gcPfKiYsUUUeVGWlF0B57ZgkunkCHZoln63q8uuBl3Wbfkl6UK/ae2CpoiOieavv/e5JMTFhWN0oJuMYnN0BlodhGqWepajvE8Lck5uSEVVgZwmGLI40ur4JOCYH/LSaYzw/TJE80hancjxrglgnKQ/BWlPN4ErPv3JFKn0DMxipPqbV0xBfefTRTsDhaaemlgpVidyMRJYfjEdZOYYN3Q4z6LglWcwtu0NyvoPRADBnFN8a10KFBBbDsv42GKKRFPNenWJ2Zll2aZZGe141997ElAcVGpJ8uDMqajzRXbreNfeRzNubWzdeaJVv3nkq4oeXt994IIvu30CucJk+9Pwai2OCi992qrjr8AwxPbrli5stukTHoJONZvyMDr97cfOrW1cfvvzum9tff/vymxfPX956tZ6bTzR203Dm4J48u3HXys31G9OjDU3prVPwWyYL17/kv+ycQ3J9F6Wsq+uBMrWBHs1PpvPgc6kcs+9kcH0SXxlu7emJ9QlM7gmN3NvVME+4qwZAj5K8uje19KJk4zy+qK9qmGcISIEgOEPeaOyhx0N2gt6Q1yjTGJEvdXAShkv7EVxWGMZiKjymcDlKP+e+5k6t5IIn7j4BR9fI/6g89cY8D9iyxZgPKC8w7GS3W16+PnTeWRaA8Zc//cm0Lqh//sMfBQN8ty7zPR+NsqiWUZ3p7vmOS6faKALJVeLmTQ4sR2oFyjUBX6UlyphPd5WcyuR5mduSGEtnn+6rTnaweEJqGKMYXfHYrtX4Ky0iAIhWYPJVgakVlPXp9rcE16ek80ioPxhLWGoe/u3XahKefGVEhPdeX0pn41pWPBGpD+bAJVSB9loKVHkJqSTNR5T1L9qDObJcnR1BoQXq7YUq8rRVb2fwJuNsxz6g27gE5Ab79NxT2jj9a4Lm8Um+v62gKMQDQv5beAI3IBUmL+FjhlMfMp9J9BQX/JHPB3TMsiJShsSbw2fICOcROolMbxP8lVe84T7Z8u/kmDJ1B/+6ylyhINFiLE3VMU5hAqqUFQGc2oW+sswaY2RqW+vb9tNyGJWMYNpiDhF5IWyT1G2uqLQKQmJynh7uJEBKIw9Rh4yjtTK0g5qQ/uM9GsOewrkbzdlb9SzK+Ooribm+BvVR39dxMpKLNwW8P5Yo4x5DcLWbliSry8mH0tfYJ3YMVkuhdrYAkjCfsKyor9KnLD9Hk465+e1UWyd3qIttfpzCojbnRB3CQQr1NKSnrLBfJ1/HvG7UQHEDQrvOMG/py1yi39Y+Roo9gkLJhpHHVF1n7I4JPZxCn5n1O5pmyDTOE/NOcWuKRRsELDDrTDLIP3ouy38VMGKH0wWTNWtICTjdYf4cDz7fqCq5vqY2ISJ+JvVijGMw2lrgB3WMVV/yRrIeaWMS5eFI2ghIqhkcb0936VJt6bIvBP6KQmrWO6jxqaCP1YFSupmwsMzMFOx/X+VQfNtJx/gW44QmivwlXwHWYGuyhTyBg8ijh4CMHFfotxB2yb7aD3JGnupqwDytPyfO9/iOwm1EkyqdSYt1zSKsyGALeoGOxyo8EnzfCa9k5lQ7GqxkJTSuCnew6sCfpJjVqVVjc11YQ6m4M5v1bZ6C9imz039gSMlB0SZmlCc1dJEIru52UZtzfiELZ84qRLNTTdYRHdeBQEKlPoD1bT08qd6u8jLf1NAqYw9j13Khz2j7ZRpnsr3r9swLdtbRtsvabHgxyGeTVb1f7k5b9Sy9t697ZKFRo5/ghinX00ofP/7p1WsngN1JYijYe06wf3JK+dPr1+/MhXomzjff9h6UFzemGx+8ee2RN93CLJjddjyPe7qNCxBdUuICOxcffvfixTdOcDcn9/TmuXtVLLc3T2+ePH3eKQbtf8+cmS3H3U1gNLz51OtDO4Gaz1iZc/NA3jhbMVU6xQWrI1VniNT7L9L9htXN6Ib8Dq0PKgfkh5dEU934zeNv3LPstcidxTYt2vkNLDS5X8Q486HB1h0nOBPvdL1b7rwFkL+97m6322gcDz0BWzeD2X3TIPCwSBi/FnfGuEhxl4EayRkI8vbN825hdlOPNmxUzXuANApsQM+k2obhn8Hfc8877PmMX3tn9MePr1+9/uGHv7785tuff371419/0K8KH/puYTYH6WE6gs5BgmHg3h0zuYCxS+6wWPoC7Bw1yvEVdCxeq4g2947KSvpvogfVIlFFiZlIfbI1+tZA25ScAKkhg+oWDVw8tpEu+bpGdtYVHwFFeHtSuw4FdEAy4YwbEyRwauqcU6G+5tv29SHqmJzIg/DU2OUFZCtsRfIRPkFpS32yLAscA0irIiihK3HaOL8cCv2qYo15AKnQDOfe7onKhPZtFN9pyX0dCrIg6iaUgldx/iM4N2VUBKrqomzn0HkmwtlMUXXIlOSquPbLIPLVbJyPPEuSutKiJEnEwm4fCEMTd1gzQHkeK3v0k6GdqrgEKHIqw2tJ/dFwb1eF6KuMMLn5dpkQUmggq9+i5qL1rS1rgVQoyvQcEWVQBuySEMTATfFRcQhO0VSlPB5q1S1l2jzuJb+5ifAnOJgNcOFMJiTHvKVhg8wU7jBzftLMTBLGuGOE0xoXyAkcsFXM/HDkA3X8gg1tdqaW4zrIDdv5xpIdE9/GUa9gpZ15OYEManX7bDuklsvwtcJFcvCb8s2P+W6RP1ISd5SEJYCQEpFAghBPDqSHLTv7tEpSMRTq5UQm5RNBPBcLnQ5YH8xIPZROWI+sT5F+/YDvisPOd/Uy+n45j7Aeu05MgWNE55z2HLR+1gtFUdt1AEPYfAP3DQzUQ5ttg1hiXT7bFtsCLNIXwejzIR8IPr525v5EYj4R5oGjpHhF0cL6WtSYjkdzH9I4t1xJVwmFpRHRQKbgAPGduEr0kvecvvsZRH968mgqGzRAWYJWoBLqLFiv1dEPh0DcSx6EHR1Ls1FGsOZ1ruA7KHIb48k9bXTCJz+mmRvC/SybblDWgOec+Vd1C5AxB3yZfb/XYHrSIV1ZVG3gOdbV0447J82HpyantMziVIzsvmOpIBn8zpS1zAHcmCjnkIU2wXnpXkzak7u44J4xoDVgJWYI4A9fioN0eYYEbFe6pXrCUU02XZVUOFQk18jDV+iS1veAVdhyYseADpIxt4kiR6Ur+vgvsQuw7Kiy44biTmYnvfW0JGOOmqautOv2q8ZVM63XdxRtLevJ409mDN+999hlVwC7AJFQbdHcorGOpslUw7Vfffed86PffPONIQVAf/Orf5aohw9ubp83iHnw+O27t1/d72zr0aPvXn5jeGeUZ0zy5v0byjwukbe7+tAVyI8efeuC425hvnl5c2NoaKzZ1YY6AmeUtPNuU3EM6Jehr1qkKUAV7my7vdGD8EYTgipdzwduTxGJXDfA7P0qunzeyQcnVz1VkW8NjOtH6mwIEEAKnbzwq3PvSi79eJ3WxeuRkwWN3wDoJShfnYK3W+S7AaiXsujJekm0E9B1fd6t94DJ4ust0vSUMMbdXxojAmtY5gk4nbOe/MaZBG18Wgg51yBv83yuKTTahtI5d2gFQqWnJcLMUreCew8za8kn2J44Pn8uss5lb3zx5csPf/7Th/fv3P33w19++Oii0s65dzbGkLoAGZvKkWZAPdyn25rzmQq9R51+6RiBgiX5Aj2/ltuq5NqWOKCod8gv8ViqbdeGaKiqq27Ldj0lY2tRq67RbVsjmeqJxuOvDE5UH+JEa73tGizP4SjxkxyM2kdhi01KVBP4hPKz/0CBqjTmJPe1rUE4A9QJiFtGXWOZptsRHmm5TWNLU6p8F8Q5Ls0JVNSHAsrWCaW2ZSzWqxyYeYZtszZcljXYuSV6FhAa+Lkaq53RpUt3Xck6iwlOdUcpn+zrGJuMIyThLevHLkmEUZ4zwmuU30Z4OYyoMeY/Rra3BJmUE+F4Cw62C37bZ5MNRa6ABYbg+jk7409/ORNr/VKJUmV6URaBWnNw4Emb2h0e8kB6lyYFODXt7g/P5Cd+qo5a9MRkRrUdJ9uduzA3lk2EgiQnDE1iD4D2M+QKpOLVJQMkFUWt3isVR4RvbgjCjK+qgUsOSYqak5WUFdp257Y6Md0Bxv5Cm6fSoiy8iVca3olqu80dbnOQgrhTVsX2DtGQgThnptNGLSeUODbUrI9rlzEBNIoLmvvaBhOVVpeZVilI074CQMQaXK5KIKBWeSmaM4eRJh/9sdPEVnX7ecqGz8aL58RxvwFy+WxGWHeP1qeuf2PJhNggbJ1/73I1xdBjcErZksjSCDMTu6BnIaF+/ikuIeuTT6Yti7Irp1fbXzsJ7Oh5vx+RT/aNPgmTRFvfCvu+/2u4Ptp0I1woQ5fyxJ/K3tpXQ0tAcMjCaLvVhLUZPymp12ZWnqOcNSi5Qk/uGhw9iA+377QuqglNeb5dfYRj3WBFOBAkeIHcVtprkGV4BXEiI75me1wxYTN1+M4Kstp9RA3Zj3dwUac8t6tsRAuM3gru1A8nHSYeRiOb6aUvaBnb1FeUs9MqCBYlyI5R50EM7WRb3P3l67NUHjR7FY5zaJCNkq8ouod/YqpqeZl35giOQza394Nm9fH/sqS5+oBPfWDS2Cfzr7+T7GPLnuT7zANR8bM1kElavKc5ivJFImQjKAjavgydIDtx5bdUW9qxEdXWKbtCY9CFyniFYOo8O9kx2+yZVvbx0917b1V+9vzO9Wsf3m3Y0v22BjykRPfVk7Hfv7x5CfY77yM2umjeq8w0iBEcT4c23qPK+IbAn35+A/9br37rgSwu8ss2z5p+cfP0G3en3Tx3f4rFCW7wel2z8Zq5xycu5ntGXb3CU3eMPA+9JurLr8Rn7Wr33WucEkbsACN59BVbOKr5zpN8eDU7GZgT0Pb4fZcB8lhS6rW5tO4bNu+SMajjNW3ByMlTBxmt32K9O35HkpPniYLVzSzduNl5djfouJmk7Hn48MXLmz2HzNOqnXruJ64Rbhcj3n3CYcQmom5q4U9QnVIpgt53IhjLort3huceEPvoheeTP37sBD2NNzf0FwKPI4JAZD1X0ijw7sOnhsrNFH710BzjRwPM3//j7zrX/+XL73/7j08ePun8dW8ufHx31/WgZmXZzFXjOu1UutTaZMny1t7SKs80cPBXs8trpV7GR5cTrUu5LeyanyOJIGesirB2jvRaVMlZ80tgn3K74qO4ojI4Pban0Kph3GFEnwp12mdtJHEqZ0HchSW2NLblg78+zpey5M+I5RWKckFliGugpzGmYDKXJWmyi3/eCau/nTxQiDP4glTHrd2Ilf3+M0p4Ul47HOhtJYG2yjEM/+jzz6bgpDcaaizTnSUQ0ZNQsGBabXZVlIMyLm+SNb44AzrZ187BcdyDDEGHm/6zPsqdIA7IUTik6YgHNUCT0foSH6BZfEDbnrLhx6ZWPYSHJotyx9IrjkWs+ozKfSBlNQ3HGAJylJnWk7R4QnmU5qJNV085NgannsfyLKIsaN0dLjvUBJvI5Ucq1Ije4Da4Bg95cNKLLAG1gSTNFpZYNqSjYwyVIxjbWBVk9aaH+ylbZSQX1ciJy4ilSV8+HHOK2kOUXxwkVpsL+0xPNimoIzuFgMheHCM/nGoyL+5xzbRJSJKMTWTm519fmCtsSdpqY7+cUHFdViqMrkM7jRlD9zyyoftUHuFHeh7kg/Xcmpy79pogrBvfqE+HDgIvneaYEwBYN3F6e4yrrudvPLkzTE0VOMXlqGN4eK5k3zmN0IV9qBgV4sCEOL/YySlWWXyo2izxIqpoOVzQ8t08E70aVBEh70dp/RCCkQiGbU5JFRNyzpIjrxfFqyWmekD0DUms/eELzkQFast0h2uaR1bRRdcWvpr+FccKkt2gn/rptopKWf7AWvOOI2XKggtrIgbCpq2iWQvSHNb7hX98E5Q71I00dZh3L2x4NN/FXa2lujObtbQYOAqKR1jIWI+VpGwYAp7y6zzxmTaFyaBEfpBXWcYgBsRBPmPGOVxKW8x/FINVEM15bdbNHSos+3Qsmi8iHYLQTUv19UQx0lwUx2K1yEXURwVMWd1nRdNd3URn5sU6B2k63BmT/7hjomQRmMkdQ5QXgXhDBDwruGEEQduhJh+ND1ksEbZpZyUNao6DVJGQnslMuEaXAqv6VvNatjUzajAR6wypeavXP/2s0d2+uDHy8BQ9rc5VhreeZPPNS6cvDeP++tNf3394awjouYZNd3kj8NdHd85Of+5CQ+MW9N999w31Nzc3ruVzDZxBSa9fdi5Ys9AvPHzofhRDQROMXabYBXsGUL2576m7PG5uHz/2MERPL/Bsaj2BGbe9wuX5jbO8j548Ew7g3WTstLjBIhOK2CODt+58Eq5l09InZ5kZ7DK+7TcjUcsSdR+WxyDka70ct1zVL+WmNTWuMJVpp1lHJ7sbcvLWVyM/Y+ii+cibYDzS363HTzpikWBK1QMIPSTRpKgz6I+b4GwS8fbGIJGUDwZ3zSp2chl2P4bb6A5xes3/9dxtp2KYntOaknzixm5daLO07vt57uzyA34mppGpFxt++OgOPxcd2tNdQvD2vVHo51c///XVzz99992v37x5/8c//bnHnr9/2x3ZhUlkSi+tD0LJssfu5Jq8WVvLNm5QdDJITziXrAzRybscXPrlCrSt1yNYxdrHt+gYNO9XV+O4uktuQqGudmR1ussKuStBa7kTClQ0h7qacxhMgcCumU8YDJO23ne/LmfO6CINakatBSFOqsrpP+jVTHE9z/ksnngaqkiXZUpw6jyCWLtLnqKujYMnd0iDwz/LbOYvi3yubttzf+zIySmTQprIJK8CA/pNh6Nr2N1eKHvq+kFQwGrs4cimoamIgiiJs92nVSUVr1BLOhQTleqNpgYiC4R8pEXrdIlo7i2r/aw/KzAtFLi0dgprki2ZwtFiHrjUM01WIWq3klERZVL5pF0uJI3oyAJ7mXDG1iucWxSf6iJYs0veojnz0KTPOklVZGwXdfiyWTaKay4OZBQHzSAleYSEKmgQoyiRqBevUaf0iLfBTatHA1opP3yVdcLhOADHpSdQjLU4S7jCg7PS5OoN6qyICq5OT0Ul2QG872tGjBZZl3xVBEWOCfXx4fis4piKXDz+I73yaq8VbrX2A5G71CT4FAVG6I8+jphjrnw9Q8wSJJ/HfvgyZNKsVMSiX6/T97t755M7P9yU4Kavg31cSWnC8iyFuFK362L8snUGaaNDo0QDRvJ6714yOkG0c9RdBGU71c02dZCw1eI7F+ahlrI2KqbC3cdSF8XYQo+wjrHUuffD4Yir2pp0m823FMoljRqbdQiXR4/mXNfWgoHpNJlUH8XYbF1LzIkOZ/82JXItbyLYMPbRy4DlexgUrN3EVmu8B74bvnIFabL6DOgvdQmJs+/1O2eX7UqoYWa/Vw/y+CeU83hqSYIyrf+0lJL9WU4XNVAdobKrYhCqPEaEU2WWTXUm561lq++0DGuAJvn0e5OlQD+zYNksIjU5ElIB4wF5yUhA8uaj+TV5+Y18dT5XsqRfvDJ2VaHWIYcpY6tQcs8V7b1p6OYxJcntU1VZlALIEHQoC+o+tevoUoaotp5LD55YE64Dzb6Wa3x3EQHsQL68KGTTliPryCeDnISkYSbbCJT1KRza+c3cIV0dY2DcbJZOyrnJLx/fuSv2icHguzdvvVKvh/M5u/rg4bcvX0CrymDNe4G/+eZbdxJ7T4cqIzm3sBRpF+G54fnTJzNna6XP+OCV22nz9SMv/4DDcLSnXD0xunriWduef+NWjOeuLnR9nwFfz8h3ZrsCTb871zw2u4dX171Q0LWBvSe6o/UMy1Aluptc6/fndVdNk3OGwKbsztIQ31a/f+qSc0idduwFvjEl8XqARkHySSC0BdHYVTB1PzEFgl4eM6/nEsHOVROFqQGs19vx9aMnZlN1U4hhqkPrZ3L3ndDlrPnS1d0kd7t2Rr/3ldFQGWsTp5B2M5joaxcPHnjgtjGiSzLZThf/oiBGnbPMzvXbBcCZ5adPb1+/+cDzDDD89Eqbd6/f/fX773WVLkb8zb//92S6YMDPACCdifFzgA9PZjYcB4W+EqwTwEum5Y7NnHNydiQR8WY9zCG0pax8w7HxX/Umcqzyyfw5R5W+ymqa20p4BJWlukqBiNt2u/SUWrahKiiITtVJ9lHVWrdEn4xkhnmHzvu2ruKAjIB7TwucsvgGhT+OKTM4wpZj9nFD3c46hZBPe6IOUQbHs/25TfjPIeYymKwkW81ppW1o07BQNJRSwLFay/DaPr1av0wmfpcZkDE91tH7jwpvRJOanBhmYFQbhY0iFrQxpLc03KVMCraoPmw7pt6TXXWJ3LQPIvH4xfdTRtyMnzcxIKZCe8ukYdWE0ke9EDkhs0NoGTLXnF49niP3GJyADGHm2ukEEl6PQlOTgVUmtVYz8WcUhDIbW1QUfjii7ckDKtOToLZnV33itu8tiDWp0c3F9lBGHUmeWOYSkvRIJvDisW9LE40smMGJJn1KAhQeS4jS3v8gpa/mVAqcEpXlzuiiDFIHA6WJIHMlic7YDYLqPcOUy/uyikfclXQMOp/05qTtt1l5wJKzXMFwYpvhC1gMI8W178YuCaAwE3k8CGu24Z51rD294n5t60M7q+yHbUml+2rpwrepH1zW1zXQuJE0IfO5dQK1MH0eIUaGGzI2k9iNz44kJiFurTyLrIeOgQZk9uxf7Br0VTQXLDD5pPB01I4s+GxiSWHLMqX5Bh57M1Kd4kispG1V/7Q+XJfOZExOgnK11YLc/upwy7QeyG7BdRWnmQMSzBjluWKF0aS/z1S3ESILD5F+wUlZ+qa1lFxTKQsavheycqZljhWOIz+Gft9gGYQ8M9RzD0BJvdrrdIg005SulQxNGAieAjTbSF/lBXOYaiWBnxnlXdZGrZbyEvqgREVcKtWsEGVBQk6xdRACndqEMqUWSNKwaaYDQbgFzZaUXQS4ErgKPYKtc94pnO0Mcc3AZs2s/auu5nZt5v018ePtpTEsi3ua4vV/sExA80O7afQa6qlqCV5HhsvLhSEYA5CNNShBa8n4GRHTUZAAhQWFvvUf68+GWp1xSp0zi/mJk21ZNKKu7nvoCYhfPrzvASsay8f3b29ffmN66bUHqLx/++z2qWvvnFw2jOtmlJunbl3W2n/9679xGbN5rxzvvo0uWOzaOHOERjjffPPi090XFyZ6YrNbJkyGmdwyYwWbCxzd/OupVXvq4eNuQukxqGbpTM71yJmHTiW7iuTm5bOX3zzwLB43HRsv9po7BxLWbcTnfKxHwOiyIXDThca0F/EBU+vUYThk+iNnAAAgAElEQVQBbVzrmr/8K90T7WJek5wKjOWkSlHo8mjD35pKnuv8RgPQpalHSc/BQF+/mpq29NaVruQjUk/46c5dH53r6KGPJjn9RkkYm0PcZYufjXPFm/v56aNBnCsFWYDr4ZNPHwzSsZoz/GgO1WDYpGC9XM3AWP2L2Vy/U0zHGqUL+svbpy9u3Fzy0M3OruAkBey7bkD/Yk6xR1GuW31/5y0vQBqsf3ElwI/f//X7P/+R53713a9/99v/wBon0D/evVtWllElgFjyiLPYpnhLIymyycKSsAjzDW9J9TZDrPi0uuWd+8ox+OOxcrAj8JgiDjq3LEcVx5ZjWxiaLMvl/gSMYoy2V72d0rr9q9Pgt1x3SiY23y//Y0p2kmzr6H1PS7m/olaV9H2q7B1xLmynamOBKkexqiRaFE5dJi2qwa9DXdeXAjQjjDYRFi44ZURH1xm0hPeppmtJ7x2Y2Opq/WunZJZtgMYMRrFH0W/YadC7T4eyYfSNrkAk3GbUvmv7oRty3wdsyCcJhew9fog3CfHWnaW5Jf5TbttH+bENpgpGP3i/xBznjCVYUiG4MEYvga9Tw4GK33rdccKPAyDK+gmlz7eO22xa6MKOrsqyI8NiPDupmxjJe6SVlSWDb2a0vXf0tS27FFbk79T5njS9QyVrCEubA4yqLYTAgmDOQDc3M6IwwrBwJikX2lVaOPNX+uprxHfKNaoT48KmMo4sytSoDz5bRxnmtCitYF+NHOwe5lK8FB3eRLVkSxVnM1oYV7jD1ljJ6vCqprTMfR1uW7d7PI1lR78yoyNOMbCUkpNfWbhdQENVtSOAJsh+Chsq5yS/7w0KK+MWjhlVSWC7KfIApxJBVwXlv+RZ5sEMj6tTzZrRLmjcMLFBY7OJXYzkvQsvrDdeOHO181JmzuGTShVBs26GpiMLlhDXIf1gAWUV1Qnxsm1+s9+IxV+FQS8A9mZFxQpoVLWd0/tPQzb5X7b43k7fad8OZXXBESnCnkfqAtOgxqPKl+UqU5kK/0VwULbTPvaOdvfLkQ4S068qAbt+htPSTAwMhedYlovWiythT6JEB7JmaJK7EkporN3O+IhiX+sd/NIaS3HsKysTuKBKgQOllpecbI0UkTqfGHDVGyhPKfnMZ2xUsWR2rli1HWaU6LNm5HNCvIXzviSi+CZSvkzkdtOKShQuxphWsrJu6hp1rCpaRi6pFASn0ole0ACtXfnLCxFk1TESfRWJiIgmv8Mn39aaSAcHxIk+S8j88cv0JqqIVmwzAGephynNKq76GNXmHIRuvXInlwOAjFmfPatvt+i+e/3KUMrHzQ3OkPoJRp5RkXuL8bm+w+jk1c+vTNu//2ByyiDjocuB3XirqeuyX79+41xnJ4wfeRCgCbYnP/30k5+CZss8NsdgDrhug3Y29tHDG1NwxkSmD7tVxYnrxlTGXn79FbJ+WDcSM9Rz3tkQUjvXkfidiYAVQq0/2MDR6+aKMlN0FVoRBRKcF+qEZrqNOqOsb812fYglB6WLp/2UrIPSqSjs9HsP3PYYwhy3W0eWiGVsOdqSlxc1aSpd3Zv80IWVjbg51pWI7koxymOjnsuJYtL1VjxAtHPpZf4eFWniUKzobLxuiNZVoawpPM7aFzhvoOk+8l516MJNDx3fDUKuTXzo+sKPX8wjdke0Gdg3b533f2bXk3BMvrLKYNG7s//w+z/cffqwE/dP/viH3/GJSxo7w+0PeG5++IQaY1Thdi9R1p2hdhnXwupS284+NhWVaznEnpWKpVvfVfSl1eCYvxThPSqJn4RWccesuuYyKTGtVDOQtnSoPS1inOFTgIaffJK7HqRG3B/l8WNNXtRNxftOzUGlvgbUMl2rSSjCtZ0dta+RzdrayHY4zzv+rbX4bXDFSZ+661QQmkbSyQw+ZdSXbuXPNKTtapYzIC3ZFYhjV4e+6RquJITOZzT2g5GYZMqv1KnOzJFM3VgoHNIk+G8vRSFsj2bMDspTH3v+TNw5mpimiy7m1PkvLvEP9EEyetFSnBNO9zqBIY7SQmN9z9LjYKhJqezo3zw+KZSf48IOoApOkqWY1mxjQ5PuOOt+EzCsUqiwtcMb0ZBsx3pfhygXnn/UOzqRmYT5TT8mEVdvNdmDDWKpTGuN5JKb7IsK6LXby8gkTHEU1JQpecRG3caWivLyvWoi0nIcwBM5DQNBuSsjcs/xo+K6wCMnn6QN7iVoALcfoja2kxsOrIV2SUhccpNzwB335seYfFZ3/LCd8EGthC4EMe//qIkpbQe8GJTDZ68ObyM//U2ZVA/c9ToIdJF+Ntfa5osTiaQoGfgcpWoj/kuFgohxt8Vvk7ezNSYQzRj4dP66n/yu0fb0XsrMD4Q9I4p2Akg5/lieVTqryFt8pveQrS4Ux4tkZGwQj6fqBE4TmQuiWntRnY7jrzlHQalAkSC24ddtsTm4smVqw1YaDGQDZGL8X1RHlzBs3HUSH1s9tyPYjk8AZNt0xtfGduhaSlZUDBm1YxuuZf+MOm1tIBQOS+xRD1RbSc+4y232FaZiBQm3wLTczUaar3Tta4k2Dck/xJFYQOu8wC4Tzup2Oxawbom31qKCN7IxBUev/XSiJvFMGwRGKRqrQ3UPmbZIqy16WTRaq5WnNg+TgOW03Ak5IhEjWEwKfWLuVTBB1aCkP4zrHSeZCZYlDFgtXHFcj4ecGH2vykYxT0jqCkY7mQT6MXReA4TfRlxmIdlncttqmUh8i9RRcaX0qvYK2kQj6PHOD93OYNCiQX185zbmTze33/kd5g0ps9x54U/m9gzfCDbmuLv7QI/7SdybYnTiCkJO1cKduTSzSACTvAfFbOI3L18aL2qaLlN8/faN8Y1bKoxLSpWvX51Zdumhp+LfuuDQk6XrzQHud4xtZ7GZSWwnCR57EKNsp6YflVD5dm1fXaVDfcOc7Dbluf7A7cMFQlEstbi5bI6lgrT78Ubu7/aa0yA4/YtHVRut9dScRqnUTJLei/8oGXTi6h76GVoHZ6auecNQu73mmStejHHTbNDMwEA8fmgmFSBvUiFcNwW0d7WwtLTzHjy3J3d7tEdde4S4M9obEy0V2W1+UNcp1h526NYTXC5G1AlCCVjvVnHlqIsRewQ3bpPBTn8/3ulpjupHnVPSP3z/w5//+EdTuX/zN3/70w8//fTjj7pNLtmgkxdNip78a3aUeeeSqDwHV/8zyW7plitkoLI+y8cM9lG6cXkEKnKwYp6yoG2Lm23XKRK12IyzhrJDPekn96ktkLn5LKQQFnclUSkomXzULd6jTx1rFKqr8ziVNay201sW+Zw2qrxiS2KncVJH3YqUVtuqDznb7TPEspVd3MGFasTDNSFafpJV6dMioyudyJhSr2R3Rhyh0aRmlPcwoleWhMN+UE9MguxO+yXb13yU8PPHFyHdD3IemgKrxBacuXKAmu+bKUdoNPVCRauhesAUNfQIPJaAVVVs1aUOlaWkaglq+KrOAwgnQ36PDgkF6dCjXgouO9EpGO/JDe0sBRjah6e+IfFJKgNLX/sQRZgCSo91OwAH4QJWbeoOOumQD4U7UbGmOMdm0LWfuP6I6ju4Zz9WJ1Kgyg2RZKXPBByHJO0qPApkRspiUhcq9YnMAiUJGCpbjd3D0mGwRIt1GKg4BektxQ5UrAlIaJuVJuxepI2rqq+Wqz6i8SV27pknqOhuhlJFRVthsZrjG/RPcmmyjG53wRyF1emoFXJ/iVMXqK9vQNe3DnSIrMNCLMHxhGLKkhC0s0S3vWAcTGCR0mHCaoI3w9BlO64Fet6jdB02jqwjlqgyIyvSwiPE51a7gkLHJCObff+x7oBdQuaBOuyim8TYlmMNEAIaspF3pD7Ix17lFYZY2HnSvp+zk6XolOM6kXWpExGlS1VJo3Ynu2qDI1ZSYVhyzRTOhWnrP9l1tEdnReiU2VpOJaC/Lb6q+mUnhAtsMhaDtCksZxNpqYdtoiVzl00VIhqlsW84sojQDD250QUASla4NnRAhSq68R45AjRGnqDgClO4Kp7GKNZgSqG6BBUFVxfDRwjDuH4gYHEl0DK3rQTAeS6VWIk1R5iBIY5CaekW1zxR8br6Ko+0wDiA3yfu8jQvLAmUrr+DzynWTOGIdRtp2WnEigxQIDkRYNV9ODnnwCbsStXAD3r6xwD5kF47x8qoLPgIVrM4pAEtSe7XMC9lIGLXSUyXGX5xg+1TCA0Qb256FbKL1FjMGk/CNoHXLRo9pcWTVj69fffu+YtbwtxE4dYx7e7Duw803X288+AVtvzq2+/M+Dlj7GKQH3/8yf3Ib994ax9oXTLBpVAZ4bgA8cboz5RaL2Q3kWhEeCYEu0nFEFF8TePB2DjtxNePTLNic3nxqlfpyX/e22JWscB1OvaTqXY9zxm0dek3F3V+Vz50p0iO6zk7DToRKe3Sl4LOUaUsVXXW4bXRe+387JQLhU+OoaGqX7rFMj3FoJhzkWJjOa9Kcf/NBBkIkmraz6yp4PeeFXymFI1ri8sCqidTTjwwRmbkdbZ9YaPSkN1kpERC3SziJ2erH3qiuGs0pRHXkcFK56C7NvHJE8HN9gePnNuX0Kx2Sag7Xb7/05/zzufPf/O3f/vb3/zWndQ5xLu2Cc/SpifZuxZNcAeN08SOK+xAu1LIOozXqOuQcgXjCVHebr7AFOD24rRUpWfILoVz3uGsQ1WTvyNeJAqt2liSwd99j2ldHrrpWzyLi9ruAD8qa80pJXHdnu96gx2CUCqMzj9CewOcBK29UozhyNar1SqFOJNo8N+azFTELYtCFY3k27GdioRFo3xmnI4kVxCRbpUkjNVeP5AuML5ybd2RgKQ8Fx3dwZNKuYNXMgt1qoJ3kAOU61p1JpYUC7hHb1le+OqNM8P+JlUyGYmSNYBt1R3OhuxIf4YMB7q6cCzWtaLiZTdnJIfS1c12PHNH1/y1TPNcxfjkx+ULx5m7U5hfkl1leqvUCJTOoEGniup5cmIvjlF2dUeFydhWSIvQSfAklyTTwdtJ0tW3oWpak9sWtQC0TUACIwruRsSsqXC0x/FFSGEi1zKiFiEjoQVrsSTy4Cko+QN58hNsHlctivbn5W0MfcpszBtxbD/efl8f2INa26y+I1OCCp69dJ2trYvR2b8vXJiUzgKr/2gJd6IOR+LLOl+ZcModbvJjps1DjZTXalKUx6quO93JG71yY7g8k2MKZm4pmQVkKR5LbVnxTK0ppZmwEvi4l1EKLNgnbVvJId1PaZMNPp1q2vN112Pfj6PItTTW15j+f0z915JlzZbmb6XOSPWpvXfVrur6Fw2NNoTBAWeccBFcIneAYRxzgBmYYWBoaDC6qOra4lOpMyIVz+/1FV8xY8Vac7oP8Y7hw32O6VM12zzZl5KUWnwNhtIa9dZjrVnfcBHVrWvjqfzICldi11BH/rZSG/tvkZWrtnvKmZMbhaXOtJKoW+GOnFV5TnBEZGC0B2iJs6phQ3RQjTL0+x+2C1Hrk0WaokvM5ceBU6I0qy/WEZFsbO2QWpYmVIAhriBtUAtC/MZ8dUO2JlPMgildCCWb5T0kZdE3W9N40UTaorkZhEpn1brFAJAcRaILiCMyODZSMl91+c6Fzk9BtkH6sjp7GvaSE2eC4sysVA7gb3jkDSvMEbAvtpHFizYfBnS2bGVetf2b/+lQe4FdrExzbNNRHMcflnVj66mZzbdmQWeC5zeHQZvFkfnFHU/1iWmLzW1k1aWUkY0aKZn+5frmqEy0SSN0F6c4eyazTfODXef24YP+9PybbyH58O6dqwtdMGcv5W7ceCn34mCP5XMu+OGj6w+9atlcl8xDUvhRvlOe7BaWe988fwaUrv/TTz93Q8TNjbetQHVz09Nw+NGsv7ywB9h4CrSZf9mT/M5FgQ4prZRx5SwnejQRueD37Gpvu6fStfkS+Z0ABokhF28j9enJ0V1zAovZzTyg0HHvzhrLjjZIZwwvgMQJJGuE5hG7ZyfXtnK82ukuXQ+f87fdB73ZykQOo6B01th3x5ZlML67AsYbnI1LXULoyxnnufGLpzxW6M17n1zH2XtiwGsf09MHpXTuazEX+oVrNqXpBHGn0o2hfIHFXc8dwNzhRjz1YPdGO43CJaZY4WWR+UVg9dKdrOPAnrnI/N08/unVy9c///ijnOHpi2+/efHtnzz+xqnoDOMAQSlZLBveSfClfRt+Gyg2RMw525PuwGyu1eB1tBN3/dafWqxbGm6IbqM25bbVVUMfzGu7qPGhKMQX8ouANYbtkVejVHtMoM14/MN/W3R0p62LCNszRXRSKenCOo7KhtNVkZa+FMSivmFmxnQmp5Xq/GOo5W7V++2Ag37V2gLNBoht1+OmqhEgyP4DYmvfF5ltWk3SUKRoQzX6BFajxHIQ5KpG0Iwe62mYNqILS8qsWvvty2rjFQSxVYNiqQSWxlSYmJzOi0taJWhKsUx6wgmZB4JzoFOW1OPfQ3Fs31TLLYQYs0ugxMncLMnZ1VyMjLsCXgxuo3fNmjnlNwdOSW28xKylGx+Pd5XGVbjdikkVzkY+KKdZIypM59BkRTntVM/onFfbqb9t1ozubx6p2op+eAZu8gjPtmlGeqKCNZewrKIGRlPrHSuzqb+5JVWU9tOSID9IA9JfBwnK80Yw0vAbzmHPGHQJRGE9gfXOtM2xZ9ehTIOvt65jR7R2IDg3AeFTGOTm3F98WLbVhNbwMAnFuhf+dHXUOJ0QxHoWIvNWqFXWkHAXWT6YDKD2EKWHSw5neaNDlNMzq8arwHgd9KDZOqGaeQVfNh9wwel8ZOezFsa+G9D6K1N086KnZHg0hksTNhLBQgMxQZuauYitWZE5AM2gVoJ9iFRa46TGkUtp9WuiBUswFyRrgHx5BMbZslBZM4xwYqZorXbqWUOidRUpgSpiiietohwSzhHuN5xHg58D/XwrXhU7C8oth2BwgjhpJDYsXJYoNUmtdlzUfZr1o7QcGXSn0Da61tbASZO4Dg69RVi7GoVjbnWtWXDHPEqrTMyi4/sTTkE5DXzSkK67zhWBWgQfKFk1B6XghHxaSQpXAn0u1lfcLGYgWvcf0nXVwPwW0FHQRnHVASWllgCxKAnIZWME9hOhT2KumD9++81TCVll6xdF6xnxZUHskYit5OTjyObc7BtIHKjsr2Gb0E2mJDcLiQJqnEPQoJLieQe5ZcqP3xRb9BR5gHnBsi6dxY0gpqbkB1+8WPlKvTOrN++cDnYTbk/sk2tcO8f89r0zyNIaY7EulpTd6OoVKZQ5lSpn+vDug4fd9ALgXRb37BlprjIs2/jzzz/qmu50uf74QYlnIJqJI8bZZ5jlhb17rlyq3pq3/WWFBnE4UXZYSiR/WrV09Y4zsF1feDvnF1Y5jYSwxxNuUJBhNe43++KTP4kkeDlig+bpH2Tns85PS7y6z6ZRZRG3gOKjsk2zjBLUCFS68RpPJTKqjpF6tjbcZzBiaThde91TWiVu3e5tXyJxJFlezlgrsskPH0wWevah23SaJXVsS697e4yAN9e9Do9PtJQiHuKYvH/vHu861y+bdMPKTa/uK5pc7mhmElQ+JBwu6foC1tOFPJfHA7fFUla/cwXo9c3/5//1/9UK3PvdD7978/b165cvXdhpJmdn52vgAj4jrAgKNyB3gJoX257SoksDnf1WZSf81idztPYranGfbrbVORttXr98X/YqpDeg8F0WVbe1DVLFhGXJ2X7brCyIyfKbf5KajZaKEQxtjmkXB27LZUUX0tlGFh+2wk5BQG9/DR4qK6lR1zuZw8NTFNtQlIeTlfCkMKQQuu3VCW9sGqjzNVGaux3nLXqSktDDn1qmeJiTdQ48dqxICb6qfeX0MGMlqxFs2U+qKw8JiHkxKwLiJzPjrlUPf6LGkntaEtiXwvVKUDt9E81l/B8CJfNh8sYZBAgiVLUieo5qRAr6npx5iUWZp/DS7mek0wUgn3EJmmORJMdWbVyTXhwcXmzzQPUTdrQEq5ph9qsyodashpEIBPnttHt7krPfSQm6tBynBBx+GE553p2H/YJKbgoyueaKVPUotgtSkplRGXsnJwxJ5KdYUOt688PURnMYSFn3i7Ze7BPnmnqMecLncOOaOBQk3sLwe0yPNx9W0bJNPEmtTTClb3KZuk+is3Aw8hdrSEd6gagg5WdTyEWbKaM9UXbZ8hNfnaiOWdY2Tru2kjobgapjIAvlBWeKDhu9eU3bTGSr6iY14qTnrcn3RX7Z4QbG1g2RckSjrbLmVWNfOCQlAbltzqhm0qycj00BIcNZ+56wOmjGlMn1t3kH2X6PwAuwxW76jt+oPF1zPGvvNWJqScd08IQLq/CqIJDV+76IqeUiiVpcFLSB2EpeWn9KK8+iJN7aaDasYlNI2JrCb5s6/PKOWmLtOKvV1K3TlpvaPU5+wtJYM9wG5towNYc/S9ECh2ZO3EgxjsVjPmT1/Ja4dNWxauiEHx3W8C9HPCjQr0MIo5YJjX0MZFyaZjrJPMOprTNqHD3R4/DfXsEv5rw45JcEVzHF05khc+fFHfgUEIilRkpA0vrKd3OkNSQ1YaNNhG0dr+66xkV7cuaiMYaKBbXLqDFMar7YABAmq6uPInM3ouZh6+oqzovhUHpsIABtvPsSKW1S7SYG82f1Ez1HOvXZ7cnygqdPn9gFSjs+3lz3DMKnT83+NxnlQYZ2WR6F+OyZuS4nds3P98hsb9uT3Fw95m+Ds1TNHGCyN70G7g/ffnPlEYYPH7n/+VW54zOPxjYedARaplzf99BCE/6dVnb+FRo/GzZKWwWeBC/HiE9GiS75WY8w1NslgklR7RSyN5c8ahJ00X1PXtW+vPmijC/WGylyh2X7EXlQzloNosjLI6mqvWq5M4loS3a7JDBHtxjq+6x5bRp+Cd7OYdIAtunu47o2eQCW9d3r/XXNKT7ygOsi4rkbtvfQ7m43vvfVDTn8IAzXKPq3c753u3Zwr3vRdmzRXDahZox03rWinq7j4eXv391QDQsnENoUbPdfF2ueO+SucYfJTvNrR4a4++fGY3IIv7n5l3/6l7fvPX376x//7u///Oc/Nen4uZciFldZVeD4A+ZEWo5ZwJ0vaOfy7RyLwZb1hEtcJmPALuLmWr5lgu/TWtbm9ei0d172H1vdqE3OtVZ7VuE//gmoso+vjA1xPPUaZIVPYgqz0aDwa2sNH3OYa8gxt7m9s5UqNk9RUwUExhEfrGn8NypVM6pwqsYPl/g9ygZ4arqzsMiJYkQRxAJB48rMD80xNWwqI5nJR2M2bYDrl/MA1A2PQ9ZwKSYvqfhvZdYHTqpAzAAYefGmQI0lNdXtu60QzaHZtJqoLryL/wbiShByeTSZrZDAyxCZhAltVwVM39HNaG4bnRZbbBQ3GxkOCT6SibR5sK1td0SCcye0UpTcJPkJcput0BuOVvwn5tRGre4gLxam4+zXMiucmR+rr4N1yNpKWvGV3yKqNXyjXSGgGizhR0MUNi7sAiDcE5KKaRDfrTWrYnSq710qMK61j4w5LTcdYDgyz8YsyAvpKWBVocoJE2y1+FLfoWxUtUngW/DEWu1wzZ/Z0180VV8WltkitRSViCgGt3pj4K3SvAhHY2dg0KwRcy1+HpMH8l5xJyg3j22lrQpz7EQdrXmBc3h9pi6uQjtlx9AhzNiWbeTzVvzQlNSzlBqmpS5kyJUgjmGdEtQzzsWW5wgIFEG2ZmjurtYSwlRcTKwwW5l4GpgO9RMRR4Rq/UAe9sT216f+u87cqHV8j7IedRERY8sGI2Iqzl5s63ITZMtvSojs63TBdB2VkGFCFGvCLZEWwG0HsPBZawULY3ik8v8mE4gzlz0Vi5ZL65KRcKER00AMCPo2L0ugi56F0CaJjs0DGV+M0xpD7bzRfIGn4U6c0D0D+m0pvNA2qdGSNUhLqlIFVyZb2agYZQu6xGXo8QghqHJhTux7lKjzRP+Ka0hfsW27GM+L7ccIzNsX+6Y6OgtOAWM5TqqUW4BKR5/CRX8JJur0sqk4PSiUrWePlphgJ3AQE4vLUslK+84JKpKFLFUt2VKdIr+q1voHOqXyos4jO4fr6OmBZ9Z8lWEgdouIHmTz0wfzVXcePXXd2z3vX/ZsvHfv3gInh3v69Krk856bYT960rK7UDzq2WVwXYDoRSD0fb3z4X0nqs2FqXrx4hmLnYv99aVnH2YweWb2XR4HrX3xBok7TjFLfZTvjDK19ehm2KwZPLhCK/rZnRym7E78LZhrlPm5W5iJ6yM9Ylf3bzTXek4usxSAPNIUqMmw7oeqIThdUiQtIjVX8unJesw9dtSJR5vJqzz6J0U7OPFbvCQP0jy/mcTT0l96WvcucenshfyxWVJVTYDW5PmhwzIGyof9N5n7ySRis4o12hcvYilLzkX3H8xXi52vXxUzTmBtL+upk25PvvHYH4+flNuRLQd98tSN4Gcv3DjLP7JBqaFJSmNjs8bK7txzL7OW+eXnn532f2+22K1BT668Z0WeLuDNcULoo2FO3GabpZ7BB21w3ekwx2/q5t9CsWx5h4MI66ajnQSM5HFDjj+Dch1BWy1oWdZooABnjVENXXiUYCsSpn2C0xxdJQU/vQ07fVejqNp2Lmf1RNKRUO2trCYt0p9ybtzJkDQLQaFC8PCc0dX6Bb4aH2TBRWODz6LeV0w1p+9qm8dBGbz8AZLSKjbaZFoChnAmWN34kynHnmSsNSD/N88n5ajfYBiWhGR4X2ko8iwzsaapZDKsRRJNrm5MxVs/GsTToDseAhNkLVdIBd9/DGMV/tiGyeFUwtqq8kgPz7w21dZTtjbR0iKF3Y1SSQb+YEYzn0SdGyfzSLZ6PvHxbl2xAvByWuS+yG0/DU7KJ7fVtJzPKcczlPRhTQZ5M/koRRtTPzG0cbS3PdmYOuAN+Bw/1wwaeXm79RCNN/YNMGuBsRT72XroIqh2hYQAACAASURBVEVpj5xpxegZkZQeM7u/d3ZGeGLtEuHNQqYuGK2G1ShHNvika5t6yNiSdZYDpHpmAI8Nlto6RFzqA3y53WKgG93azsORYVg4rbrQP0muARh/bdFnRgds8QdCLHmkz7FXaDXgVjrkh3L8CUJVAxeFhdiJCYQGKaXHqKgwp/ZYbAuJAKmH9/wcv0saNps4/yDUuuOsEawWNOAVlvGHs2b0nTAUWTw4yoovJOsqozjxOwKSEHPTxVyiM2Fk+O1tWwUfnZUJ6kvpZSxddwoNI6NLbV/zAEKU9FUzgnbO4c+mpjwm84wmISe6nRoBUacVbRJ/8+9YyF2r19sXPVTy+gJi4lNyWPIWMGuDDGeHApXJH5Y6Z6v4p6sAyN1zU5AQ586SLH+7YKCRsrg97qJ4IwTi4A4iFr/HhNN6tk9wXKypOo4D4gIp/xQcQdoQdnE7SRPd5pq034MRQ0NarmZyCNXNknja4tDjx1Ujn9LsDfmOBjLx8Id5R4GnJB1jbmU2xdReJGumtAYKXF/lv60ts0lkpZbMulDVIpmXakWqwxChX2IvLZr0GKNdIxJQwacvbjf5bO6tfYDnKnuw3o2bEjwq5an04aNL26Qqnz56GLW33blk8JP04VPnQF0Y56o5qYdnPhPTydiPn72rg3XSC09UkVS4rJCK9++uYXGu8/vnL7oaEd3nT+8+vH129YS412/emrROSOdbe0iVO5a7us5GNlwCPafbY+hecrNPN6b7NnrkowW+6T278mLKDpwlvPvp47X9uRyoKVAZ66bLuDnHz+n51v/alVvytu2Gl7K8sqGeXlZRIdcv092r0aSS4ydOKEds3pGtGySLGBhqHokePZU3H9oZXoqJkerxZalfN6wwqv7p/h4pKaKePDNxFBHiND1PdpOABP0hwoyEDkgyaXdmmbvk0QVAsJtibLrXFZlL0/VjogjxipYFyaYz73ztBpXe0Wzy+LOk36kVyeXLl28sf/3Ln50Ev/n44Yff/V4W/O7NG2I1m1uGmjpOv/POvNzSLqiGsu2rElvbyNHaZqV8PLfXU9Quq2g6M94GBkHju1sQ8mRxqc+MtgbeUUrBTHNV01cbKljjpyPrxAtJC2xbkwlPXqchHVxb6wxoPSPp2NK1TMivbUb0Fu8EzbpkQapVq01PccIRxYyaGizzW48ikcm0ctmaczCWUSGZ5kxpiO0nw2r3ZOe8U6LYEvF+6p9AnbOo+VMczIeTlLoYFZ3VmOZEmwtOLZ+A0a3ymJGuW535J7tbOMS6ZV0DjINyUAZ7RQaPZtnpxBUruP2PmvOHDdKxoRLtQVwbKz7loUlrTCqjCfq8eWTN4ZGEzT+SiP23iSZvBDEnrjQRKuuRvjPnOKiGuyUIV7qKqSMZLsFJ8OHw3WeS5staNbXzSU2wTaGxioFJDYJyUat1zIaohoITMCjHF2eDD4US8MmpPNCZkfE1R4HEX3pFRylZEcYFOopU4UrK2aXG11+WnQrSAhJlXxdPZien8E6/Ka0mzdYyOoHjBOWE99x8kTMFePOgJQZ0C+DZVDn2LYiCfLtJnQ0l8/yKCbhUn9hZlOTS2/ggv547WPs6GFljKz8V2USsf2WThZrTn6wkn3/oCen5ahDIJY3KCwRj5k6xHFEJaK98WEZ6lPLa5KelytRd3MYXmC/iZ3Ki6cOR2lXue4Udq6z6NE0WjB+Ptck5nrmYE1Oy5ut4rMz7pACRtVFefB31XCG74LtkjiQZmRavCBnCZE4cEYNQ5NWvavNhUDGiVLGydewdExxn565GBZamOGhR9DM3BSrJgRhBXcKWNhrFjkSGE/0EULMD6KiJYkS7htS060m81R3BbJdRorDCjAxDZk/U8ZgSnzrJTGs1P69suCqYv4pWftngPhNq6YQdg6YETf4PIw/UyefbSaO9jjx8ystFAlvd8NAT5z4ba6LM1y255BgZ8fo8QkulYUpxmidwEgN2SckVz5uZchsa5KGdvlrtAiFEl06aqNOeIatDXyImTtrkYu5QlnE5aVjbuSpjZ3X5srxKMkKrY1TEcjupm+fXkNjsXntlnaozqu/evcPgcsP3792eYobswYe31841uwfW9YrOMXv8XjNn3WviRcAfP1x/dPOJB9+4Ks7klNtdFq60l355Cs4SOy+FkwhtFNcAzcr1xBfkPSL60we378pcNJHY6cgMIcd8PU/pszqvx1juJeU8QWQ0zlhG7W0TtWeVGjVjjNYFyuzlzOWfVS12ijrEa8bilQt5noNRElkrqPQ57RGljz8k/t0EI6CKKfvqxx747en9zZsyM6hIuvDSaeU7XqPi5m8ndrsl2RliJ4UZ17WbRaq/Glp5TdRtPT3Nu9Ldn+J88Y037D1kpglEj+ZhBl7vaGmWBr90EK1W6KJPTyySPLPrwb1Pn7/S+uOf//rjX390k5C/Fy++/bG7mz/D40FhAlEOlzUMhKCAtdXSiqZtM1OL+DrZiItVEPJzQ0gR21IwzuyNlOPMXUX3YnNaECzCt7H4vdTVIGeV0tD0TXjaN3NyagsIlY0aqdwoFpbEDu0UTsD5SqYkoyx26ob9yOa+wUbor4C7JDM1dCPomj2SWGcLQZEOq4rqIt3CNywtasDe0YOYzfYY/FwoCQj9GRkyZ+WEcNtMSGsCfHAlwcg9KOmdvMI3tf4T19ogZiz6hKV0I6TtRtYBmO+snnYc6iRq2BHAEh8pc1b1/JagWhkJWf2d5klrYiuYukMUyAD43/c8VqQQUxE5oavkwnxbFjk7DunxzEgrnIZFkqjj3GTHr8I4EK48GTjuuHidklHVTWq9ZPhOmC0/6QrTgeoXtltUB2oIMycVjTxtD0oRkplVX1Ynl9Bo/CMDJ5Wtj+mSw8zLh3ME1UXUd0wMKJbCdrxdPKpN0ShmbTEVy5mSW9jlubkGWeBCkZ6+EzYWNJe4HLzJyns1TAr3QTRU/SqNuZ+J6bst4VkbHpJLFEayFm68yIIzSNTaZAxQoPznQHJrIUKYPD7fJAY0vTScSD2xMtkXGUPa4c9wTk6rSKiirO+NzcboQq2/Gv0yMNs1pjYpxee0hsRGneWyqDy4VUUcxO0lsmRUvsIZ2rHfcl7um5vaNBTNrJx5645prijrY524rZ+jtYos85Lv49Nck5rUN3MV1+BmTKUXMdsFRpfmeXiewXyJYM+6s9+YoXMMRn9pVOYHeYYfW9lsT5Sqqo8ZiZ1RNuPcXizrFCYjt1qPYZa2M1O4bYKzIj0x+EN0kK9kZZfq1SQoCuEwiQSlYnGSdY1/LfFsQm9bVR+VtXm1Up/MuFioNbbjrUqIHJ5MdXxIkv94zn/6WqtUGVEF5qyYH6wPUY2x0raTcGto8idxYg7V8WeiM0u9CQJR22rMFwBba53sPuqWFQVoIpkZT+CW2h4TszKk8dAgMZD3Sc34oGlBdy57A0kv7b3rrXYaWxamuFk8TJK1+97q8ZGdrm7rWYBhdGnbQz5UZx5LpmfTbOO7t9fOI3/48OHh4wc3H26cuJQ4PZYePvCSj0c5/c6dl29emwp78vihy91I9goVe+SG8bLtnhxYxlMiNcjyJzndPU9+4RcOQaeiVEuPbkJsHVxJvaPs6pLQs7hArQ1QlaxozbZIZa3zqd2q7OLXPESBhFjHLcb5OphISsCYaoK0aTzom8STXp5kUFp2rl45rVOPsGaS9XSXQj5la+tAZU76udobAz0PMW94+rTbaKyS/EXSfG7OkbF6eDgezCXLPUhyN1Z7TE4AmrkkrKxXG36WI3aqXKaXiXfve0G2J2A7Hbws/2tXLpq8fJhvu+WmG2zcwhwkGSm0XnIYsPv3f339+vPdz+/evv/111dPnj5+9vzZ1bPnP/3yUtDszdFui3HHkgscNdYCbjZldv8Fp9KWReeJZP493aTgq+6SX1zGBv7QcMVk/gVpgwtRkcY40cUCyxS26VtL+QH6UNK8ikOxOuzN8yneDq6Y1aMyuqiodioCjetAOyrXYq2usWrNqa2npbxqIImKTedsu3BJQ0xk5U6bDZvjhSKiFBVXx9C6d5yr6Te+ChJwhFUXwv3kARUR9R134qfMKBVrjFtROCWx1m8muhL+b+Pi9GPEFKJfh1//QtBQgXrNlOCjqzb0mWFVTacWHUWOjmOgVOlFG0uhnmF1qyj9E9C3LkDeDkIztT46z6lLUqcvk4YY0zHiIqIe2jKHHZmX1ZRVg/MCXovFTlLf6QSnEMqTgS13qZ0jiTYYZOxzfpO3KoUJMbZskECWKEM1ScYm7k7qqNkz1yvxiMDYT8Mnuq3kj2dTMopOu4bVX2LTHU+4/MxtrbTeuHXkndZQFIZ4LANhKx9Wk7iZlN+SkIYI+eayzBMXPZEEP0NuKa0ma2ynxVJv81hrfT2jktrZtiUIM7ZNoAjGsBZw/XjSQ1xKVjfLzvkyvsNR0aWbKDieOvSoE52b1CwwM05hUn0fXZFUmGXJXOMEK5IQk6/10p5GS5iaJou4zWhs+0JDzFo5pyfr/J2046K+cBsb6vLxixCiGkl44VZR/qhkPTkAHKqob8IvIlCkCk9f/azyKEGT9NECU6uPJCd2Fm58F5jzPjY8mZwmRQv1SwBP2EonMNIzkCcHTQWLuZ7Ll1nlzUovHko/yZv5224YdaPJ1MzvR3OwMqYl6+atS2FNqRC8fmycULk0/ArGN6es4RM2CTVGPEGu7Cxr2mmqy5hCuURTqGDiy0a9WM+/yK5nTcBxpqCv7WUHsSI7o8Pcl2Jl0FK7nU24Ca5r0Ia6xlOY82jgjUyzhl8CWmVjSeSHM5FnoB8zUQQGACVAUS5MKrFVO6RxXwTFRNQcaD0mm53PPBASM61xtB4BrtgmPCb5xc6WWk12jyv0XBtLJ9LMEqn9LPfR0ta8L8Q0ltOZbvGSNnqas7Rpj2jpycvc+aFXMn+Uz7mb4bEsMExF+eu3byVWMsWrq6tvvn3mkS7yl48fr9++feeQhGKzgTIVj7nRRD2CRuZmXtJZZtNou+SwzGgNzCdwFTCsFD11NAanqemv0pt2uwoUnubaT04sO+RRB4G7g+Xi6nxuEu6cmoy57FDe2v3FJ8byq5Jiknz5lLpc2ChAoDxNfY+Q+dI7TmjpmY1d5ewZh5d2VMgobeVaQemsL20KNPJQxeqebigs3bNC6uZQy4NT61JOGbDnOLqrRRr3yfxlbQWA5N71AEzAqQ2I2gWb93LF/LHnC3Um2jbs19ef6bl6oinvOQmNyWI+drqDyFGiwiWJP/34q1HtX/7lX6/f3Vw9vXIb+3u3mr9xJalm79JSZGDw/3EXOawtECAusJNWOxVKVWqBHFdMRFLpMieBD5uG2XaUNW4zHC2xWvzi8b+WnYyK1/2S3UYUZUuKETDF2LgY6Uidwyew0ACu/hNfqUzj/ABp9ePwespRGLRQbEQ6EMMSQ1iKwYsk6w0gNisJSiQKuzLBaGQ9jfQXCEOxvcYU7ZCi8ipSF8c68wQmDdBEVNsOptg3AX3KRp9JG7gwhyJZF1+HNea1D+k5ISA4GmNGrDrllSlCnTnZQ1ZRV70l9SHIoSNucx0u5lUIaYWir14UJgrScuSOKDF5xTKayZyjAUt2exQysJ0kPgeEaM1FKIJRMTVZrNhE6jEU0QGznwlsrCfqssc4vkhfmvotUgmq2c8obeX4KU1DfiYI1ouA1mJJiYv1fHS8EIB0169yWn5kyVmJo10ph3YUNiao8g6JWxJY62HXQBo5u63e9bSBCtGtLj1oG9Dy4uCnJH0Lek02scX+ikMaT6ex0+afyIGdqDVG6pPhq5oZM7qKkje9i7qErftZmYZa6wgd7XCObSaslkcYNyW+WlGSmyz9prMeORAN5ZEeQYqOeQd1WHyKMMuwroRDsi1AW4koDxzrAj6OcbVe09JxwaRkUwlr3mqS7T/Mh4amSZycdsORiIXqmZYAaLbnoH8mBS4q3+M+kHOVIErOCC+1oEdae57GQT2QSTnio5wvFBGatRWc+uM8ejfEJEpF+MINW8E9p68qKD4XMyZs/oMssWQkvEBcLA7SYB39eTY50c7u7Q+N9xyAI8p+8j2YiAp8q37DU8ZzQrx2bAdwxJ2oQnLxZgouYlrJmDEm78iputUMgTQY4ZK9ZocVGI4xCBJBYhonqnaLLcnI+uEUXetwJ2FA8tRYNuK0fhvxKcgBzh8S45M5+NOcqvGtsdXZumhvKBirkqgKm8Dn/cPWd8lsUZkNPkWyb4yBSfGZ7pqNCVLM+yI9AGUtSIxH05WVrk6TKU0f0hxkuQjLImVJp05+ZxbQ41+aqeNW5349rqK5p1IokknqTo+7rlS7dnOF3EVqIHMrXfps2szrQB4/e/YUq3twoTJNKENyZR1g33z/wllmCYS0z1v1zJNJpF48ffz86ROPcd67hj2Q5eP3L15IciwQkupuE+4wwLk2rwkzaUjjaDNebIK3VLu266mDcjItWV90WY+TsFxwr2f4W1nSJkVwU0qPLJDoclwNhkQG2nWWSORVnT/FIkO1Ql1jwc445wdp8RKdTjxLhAstEU58UV+DzpHJ5K1SuoJKymVTA9DG+dNJeUkkrqYM7191pSety8IlfuWFpGRCc5zIPGuGtscmF7XFnXtebXL9sedQ8sVT/r3vPcuipL8UeUXKxw5amGAjN3TUmGPocOLYe2tcllmhy/tuPPPcM7phZiJ8l3eigC6zzBNcofbe/bev3/76yy+g/elf/hUYRwd//w9//LmbV2Swn24+fOBefrkkprVL2jV9QYphCzAdqm1cqJyCotJv2NbTkDD+7N6VFflckBfqEIVr5DV7YbutdeMoVgT1WSi9CMdpTW1E/a1C16i/pEQTFeH7SePZ5cVUUGFc2/7Wv4IChlSPu/VeNGEvc8Lw26GdhHhOD+16GfmtytaLnYpTXiHthRFPk3Qxkf9Glvvjq4EjiYGShX7l//8jGlS4ea8BxKL2eNfKjK3R5560pn5AMrlkOIAVJ5umRoALTVWM8XXEJiO3ISz5zoK+KhZa1lz0m84kxFa8hW3tsFEq6mz2e0wfnh14YRiw2JMbKbNO72tIWE9TtWw+2ejyQycOKPdX6K1iatKf86giKcRH78E7pKOb8TMkPxWrVIW5QJiKRCRp0i4uqIx1KiwpCbDN0xjKhEoWja6vVqOdT2NG3DC7qBor3rVvdBAw6uKFHVlAU2gkYuVbmbOO8oP1KExcLqlzGyaa4zmMVTdczoiQkFLDVLA2nNS22FHV5bPqSBIQTX1IuNUP5ijF/LaqUy8cEfV1XFNprqWTNmWTv0ZPW1J9n0a+rS8KgIw0tjEinBq0JwOYkfP6oExBAXyQTfCBDOKgbDjOQ9mRQflzqtPTdjtgxOfwdLrnqgvDqa9f0MXLGjJIu5alfOKomahBTxad5Q395dNsmQNspysdt3hCfpqrFkQaqiqzPwhD6acg7ceShJlwWu003sX3pGims4hY6oLuG0eEdPXFnXN2+68cizTj5rFcTXluwVlKd9E5OaiL4ygts++sxUJoytc01S7IdKWB72sfFPnDV/0tN50xoD53tJ0qW9UDk7ljIZSS8FVXW6hLXQbEfdoo3XWDSBeVdM8+FaoYnLwNgnNVEuBpkBEGHBF944POk3tS0WisMMtvv2u4bS1gkuxTPemJx9XPBFx+WDFR04IIJ+LknHENbRJRKz8gD8N0J/1QVBV75Pk7jVN9G96ze5BGdgimdRjjTssogilsPneLSa847rWTTpVuCF2w0GrgnYtT5PUa5hJlNhxUlNxx+viNWxbQ9oC9B/c/eB7Kp4/v33xwx+zzp08/f/zigSk9dqYk68v7Dx88dZSvXzx/JjvkcfmijMf0oUInUj1yT47qnlyweqFIarw+2KtQQsFcqQ4YiAudHXdzKiRMU8gd7QpylTatFRXTXfOoa+7zi/O4iDuPbiJtCsieH3pUMhoff9BaeMqOMhwXb5sdjIcsgJzzbkhJcJMAJgs7gWudulQnThTJOPPlmtnoAA2JLos0aUeZYjIlF3c919A9yDuxXRbrjczSzIKwd0VIZT3xBp+kTfJNstPQ5u2cgM64bi4ho1hF7xZx/nn44BFl7V4MB51ZrpvKET+4mdlFmV3m6HqArhzw5Eqztq5LzLfu6S5BzOxy79JPp5u//Ou//NV91x6T/vNPrxwM8D2aN69fgmriMv+ASkHKhmgdM9dBULzySq4CovYxvAAWja0iWb3a4zHk+TBXrgzf6Y2pWSMdH0e2YYeQwp9ITqhrCJjGQMVJSHV9HkLeXxMi20b+ORKDZjXmPJn2ITgI0zBpyjRayEXPZeBKdULGdbKTFWBoQb1sKyjiMrZqyElnazarm37UE7Yd0/ZY5HJsTmstPMtg2qywT/4BcLi6TyWxhT0biwguqM/k8ZkRZ/0lxbOiNmjtuGzFEzz5wQlTnr2gjHy4C1xCQ9U2LG3UYEHicOX12f5bzq2iqEi7yBwrDZWt5eu7l1T2oD+88Hc18qwiPZHJDEiokCoNVR4PxkYDNkdRcHLi6oNDuxbcaN/8dEKJOuIG/xJXGZ33FkyRHYSETVsYaFz+iDkH4UYUJuLOGkuT7G9ujnnQF3tobSbvDAPbOR1Zi6tpQAFQJKnN22vJI35ajkNyR6PT8UTYnOM6ps0n+SU0pz0bnWJWsk+AQ3ZcFvPFI6f0WHTWay+V5DSEcdD8uXYesnyBRPyNjpYckPz53nc+mAL6atlQZQ8HIsrK+T49GYCVBXElY2UJqN2wtpZzOzzaoiTOCiehVlnBaqcbV44aiFuhGDTpmrFyMww7lC5EcpvqA/J4MQXJo6KTTaomGO5De2pHEcTOjkyRHHKsAw/WuPJjiKKs72C7yNO06agEo99aben9CFRiXQeLcLjzno02B6XS49KMGEkVmcGlFVnXX1c2pxg9GDRlgZp2akLWTgmYKRv0JBZFG2IWSkVWUI7atQknkTL3nZ664eHWxhRHnmE7UzbevsK2iK+XtTdWssmP+TIcaLLttHzYkl8hyjD5OnKyw6d4PdYPN7Lj7XX50USgrOp8M6dPzxorHzSU1FpRtMs+/iHaXsYGznw3sjZ8FGwO7yC1kf2ZlH2kbM8Q0vgiDb5CFLFffKa6cDnyc9mlm13iXlVgJyJoUYSzcuOCrRVsvEpprWZIPejQtJJZxXKr6uUAAJldg0bCgbqEUF9s30KTCa37cpmgmE77/Ml1htfOZSbTA27cE9JFe9KIJ08edzry86f3Hzzb5v2zJ8+ePH0qF3ny9MnrN28kE92b/Nk9K09I+8P33714+uTV6zfmC99KD9++c655E4o3HOxWDANGi3O7ywJ9mQF0yvm+l4U4qy05fNRlkeu1+pXGrI1nFZflYP85erc2+83J835Sbda8vtyS654b8eZGF2+0yyeq7Z2UCMW81FfNKQPkhEn2/alm6BZpTiwVq663m+TZmuNzQtZ8gIl59iwimtT1cJ2Efr7jus3eVkcCqwRaaVp5bw/y7tHe7kR2yvux6zjd7ehl1lrJTOpD4t6+81hEr0tx0vizSwZl3xi73SeE2ffpxowv95wYlTd5pFCPhNS9ryV0Hr7tZHQ3uLCslvWyRKxzyTJaj9Tu1X/u9u7qAupf/vLy1S+/uivlr3/9q4sNzIN99/0Pb169fv/2nXAItPtmwpmriU3adg802OCXXJVPcrNfU2mnExSzG97OSh1inCFTNHuiSPBCs7hNjp/0WDrWXbzPZF/qo1A4XRmSlRWme8Vbq6Ev7Z6EdVi8fZK/RCJE2wxB4C97izYjOr13Qq0XZivFZkG0jqYH6+12cpl6C2LwEV3KSJ84xqiJyug9rLM+tyhNTEozg4fzAeL1chSRHylWOqMdhlYDG2GUSiY2FesLuraitE5vsnd0BBlsGwlw81RWHEnDol1O805tPqaKjLKRUE5eX+16DC1Dvc6ZAqIa2IoPy3HtRex+Bu/4eLDJCf9GJ6u16iW66J0D8m341E63r9YzWzHsAbBxdllBPH7LJ5HFzKUZWUMF7aTm+s1cO7kji3ICL9D7iWc6kpzAPLohgd9sNqCyutEgaXN5eTxObFGvGSa5rdMcKJNK5vYGQgjLQUOcSvz7zlbaIrioWw2N4/eVmFWleozpWAOk6xSWqgwULxyqqi4LGaiCbJn2Ix3FxdOx2jouXkTUi+aFlbbvq0stNEfK+u21Y1SxppqC027RXhAgqyPBMqJgZPHg2Wirb9Gcj449OaWReMuFKNcSg3w9K9tvZUx48u0IQ5UgKupnvxFN9G88tiRN+XhK1qDhm7MDkeZxH8qjOqiUTMpxaCGmTHXlfc80WufLCekCXDUIfRDPzKjr3zExqg5SXYj6v7Shgtp1uC7mqw564q2OaRImaBJUKNc+iUrx/muQHIPkhOxFx+St+xwAsKqZ/T2go7iclI0PQU1coNHFVlGiszu+i92rrQfOE2HG0JFH1viZ9oPvYuKl1bIj6rwfHfl9Z068F3amJIfffFTXB1c9HiUrxWlSY5SVH6sSMrlh0/68dLoyI7YkanGW8TFfzOyIqE2KwsaLS2IoO0rX5KttX9romTiy4SMnX2BubBqAfTXsRhjegGTlUTD2sVZdqRJnXRfblWdYx2hTQr6C6IwMEhTjVTOCMR1Xocrcts2TQcAKiUnZiNPJhh/ZwD3Zw1c3Hnu/MrCdqr1/7+b9jWva3NEscXn+/ImkywviJDduT77pudhfnr944pE5MscXz66kUB/eXUsHPV3Fc/fI5wnPtHHFWz2Tx3brxNlBqc0E8GQ6jY8bYWrEdYYzWSjjwDI3LqfvkIjDPNVGoSSHT1gk/SEalTlOJjsxWuOsERmW2rLf7sJOVD7ssE3m1wWDRK2zaOu8z0nCFprtTW3B1rRiqJqVLMOmc4GAUqmkj9yd+PerIr/1funefVdUGwmd8K3iTud5JYysQPPpUdoz1QAAIABJREFUpgMOz6axs1ZmjtBknlde7/rCGsWZZe1CkuawKYEzWciTS2sleR6peMeNLzWr89RuE9J8Nzewm08E03GAs9sAkIDAreECgl+FoGaXC4uIP/3nv5ge5kDvywGGS12M+Na96sUtc7J1C+y5peZZ9FhbpzuFGwEumdLpR6HKlRsQch7PMHKf08j5g+hU1DhFcFuLYwy26hwc2zTohNYNFs5n36KLrUvn2TGfr7Y6hkpG9Os5BEOariJta2aX4UPsv8wp9XisWKxZrcufJqUqbH0UjLamJbCCeCZAHHfwlrYzHFw4Vn8RbTi51UFxEitopb9QkMpSv/3NPZFsO9K80EbkEW60gTYKy4JY+UJ2vjkp6fQeK5KmJiVTntRaJrlr34CkeDLzwKUBTjoYewr0BowjyltTPQghGbO6oW2o4pKCAd/RWSMewtmdHP8Nl74uzhhpWM1AcDeKoq8de85Px7H70qhhrmJ9tInNSLYHOnrDskCbrpr/BCt1x1Z6ata8lJ8B7mBjiBc/yI7CarMo+yY1VcU8RGsZ/FNGX75J/FEyYdXVyAdHyle8/c2BOmcoTSRGFsVTEx1quuLJI/lgKpBwMP0tfNjeBslGV7AsSTmMGVhlX1ufwAM/m6yFd9GVP6NS2qjQQnIeiuCAj6I0cVvHE0E/IkYVLP/raiTMehJkfsnDOnT59aycBsj6NNdTN5ycUSdL4xBEaZyqhKYhpWmuorVj4/lJRHzR1djhsJ3FyNZ1z8BXO9YfKl/CmQ8gDazSVObllBwrkwuk2GlPVmWWYE9KQTmeXLlyhUnxyfLftipL0jAnfZgiyQu5OKEx7gjPD01EKBiA4pUGAjb4bg0qMRJOVAmYZYmZ1EhX5bjwKCK/eLLvzPwts7JQ6pM4Wi9xrUdWnNxjbJLXDM3HpBmy3Jg5eNPFlVDlqmh7/DZuYnJGmdNpmWOb+kV3VULg5PU1BEEtvuexHMEQEuv5lpyWqjSsKa1U2EcYQFsbZny1WzKrOxFGhHnYa3clmSBAcnXCEx2gYPSn2NpUriDzKkkB+lC0TFC/1tYu05uw44s2B0jRlGE4A1kZzRlvb+HWEuGZH9Mf8BYJRsyxBteqA4YCWFE3QPSAt6bQDsDkZ8LYazF2bRJOwvnp+tpUWXdWlK98cGtJz4b57FUdblN4ZDYRp4zz3fv3jx9foZHhQffq5SuXNcowJjnLfv/dt17G58YUbQ3G++uejOiEaVdBdjN0cZs5gqBw8jhteVV+dg2hqFAi/yuLYeAXVx+OsojpBFTGQW8fc/8+KYVIBptee2SmzySdWS5KpbgJaIYx90iRC04e2rxfU2aY5q5NV/KaLOqT9R6xA4CpvN7mUmXNSsdasDPX3Y/cLTWS2vUdNA/owNhkbA/EzoO98U5iQqB5Qz8018d8O9JieHf/SNXMIcpYlWDmaX7zHBx5EIbra3g28+iOonUyD6mBmZRzkaRMt/ejIOl2Fm1Vc+zSxMYFZ5YvMeqd1z3K0R0tdsw9lNHFng4FGJKPikELnV9cdPiv//yftYtbZDQWTN9++50nofca7s6Dz9OLuoIx9+XB1glpKfiU1d/WHdTm8xpb0KVRBFlbMFuPIe4+E3g6XBFyym+D9pDWw7Q9HJ+jTiHsybFYSdoo294oVcm6ZkgQR7LONyjbqqMkrYEnof3XLWJo1VedTEWaRJHNitSMIxaC0TfHrzyykYwFfzr3HSor+eIi5pY21KW4E6zWksp6fMSE8mtDRcvkp6nyf+No+yA7PwFqG/CGNj8ELpyVJbu63JxFdS4wqZiOAFeCD6fWFKa2iCg9oRUv5guexA3M7NR26jKAq1ORhKnqV0egMnJUq28QSFzCA5SeoN22wbmqoALwMYXIKi7q85C12ABU4Kt6kY1wjz+kuzYGO0MCMvH9rgnHpHiAcE3HBVDFM3KkPSuHGDQtdEfVmEjFAiM8qe20L4zlweFG449+S7A1AvIT9wQCHln6U7ahBmU8M6RhrK4Xe/ItmdzSaoZsI/oKaqBbpQfiRdbQao4FfNA48UjwfZYwGHWTGGubKU2Vv5RWkxkj6Bu6fWUhyYpWhVXNkrZGlLMPn/TK27v6JWr4jxUVLQqmY8oXUSuD9qgPCMpF8kLxgE3fZGa9tWgmPgu2vq8RK6joNKG1wrOPpoerJoqpGItokR/HocyaKR9PrOlN+a0teZgUOGKmMWGzOnNm0nxUPabZXGkbkmbeH43vutICUpDktfQkuJXDXIntwg9oHgrI8enBf7wzfw9wzPbBNYlC9LaOnqQSSoZy2Gq+SoRDNlz6VwxLL9JkRd2AtWaZ8rFbm4HTlMyUpaOvtKcCZR0gW4YFOrWNV0QtRT3yj+CYZ7xNHgxnRleaIYlNYr4n0UaraRvTspGz16//jPyCKM4NIuQVP5dernZAExjy/od13LfmRnSCZASzJaqL8kZuUvYfPyHJ0e7HqGlEf4rqe+n3hSorWvGVygRtIFYGEvPJQpq8I3bOXOnGuiqKCiSEbEPslrhkuDIbG7nmtsJhJheEG5UWQo1XX+5/+vBeliHZwFiImrmSAHry8pde+AuMPyJfv3pDlhORmB49fvjy1RtqzXu506KzuR8/fvPi+bfPn8ph5BUykZev38hF4HSetMfzyTdNITrtG0Sfbh9+XFLm0kS5VNkU0xsKjjWbF229LHBzhCb57ntoM28BtQk0Bkgsa+D815YMSNIqtcwrqhTmIgDdcZFoeTN25s9YislcL9veoZoRSbJ6KZogzl1bKT2x3o0zn3t2t/SOkE4NzyQJKQeu5WoQcnGRUu+Clqbue/bqmp4YBNOVxz9Kc536f7AH1jjRLDHNN73txuMkmdK7Y4jJCcvYzZXeN/k3p3R6uD2HNl/8SOoyzNyiPFlCblxpP2Wa8IbJJajwX5IByWKZZaGTw2vfe688juj1W4cFpbXKH9xzacHNh/eloj1scmEVh6X4FRIp9k+R0sG03l+NVBAu5qpbd0Yb+yo39qBYHz8ixsHX+DcOTU29AY8PIQdq2mUoqUhwrTSSw1/xtGh1wzwEtrg/CQFap0jHhStewZA9lfgBH0/QFBT5Ec9gLgMivevhA1LYZHs+xORrAtRhwZ9mLEi2l5MrN1ClUFikwEKo1aTecm1FheOluPEPQV8JVTOBc4mqwTkVqoYhjvhulaRSHTQZepRfpNkuVlVNRPCMR2lMT1/WTm2b2VMdOcfeOtpKOSGdF2MVgiL+jwvXedaFCEWPbP9JzOPpTOK05g78R3/Sa4Lj9Hj1GlL54OKw8a3eMNkeNVbM4UnL2CsTNvNZsv3P4RFnLsIYDNEAF6TTeIaLMEaQaVlp/Xz8BKhl1XSe9rI5mSV6VLXZHqC9fePJDDzeJdC8aAU+i8SdoEgi2ompZktSjkqkQe17NYnljRlCXw0VSc7o8GxqGwxDZ5sjJut4bg6bGBSJ2WKFG7I7iIoK+3Zat3BSsWioqDqq/I/8N7IZmU8vCklM1FFzMMSdnsCf6mguZWO8tRJb3o8odzY6h+9Y1diIDV8E9bA8YDWKs6ys6mpGnC228WQZi8mINZIF0BlqbMRlue1Qo5lmiDDOqnXuNurmW443qzxK8tLROWgZcXw6AYdsyvLQGiAD5q0BCFfQ+lyUXg5sTmkxXOPj0hVGm4Z1w9pojqk+9nSO9MgXT4vPjCxUikk17oyE0uTLSZ76HVjfE7JZqYrs7JBNx0jW6lOYqovS0CjrXwMsTuEKiq8CznLx0HwYBisVWT2AKwtZzhvGWLbMM60dil2nm6YzuIC7sKmewOiIgNoSWLUrzCtpO34f2tQdmLGkrlaJusBRYiw64PrOq20fAr2CYZQPsGqdb/um1Ow/cUfeutoO2R1q5vNVXOwj4QKL3job5Zc4I6bDyUFsXCCYilXWSOv44e4jpJdw5W7o59VLhYGVIGOWzFA06A1A9+qUK+I68/u5M86c6NbjNbenpUhRvrqU8MP7dy++efHNN9/C1oTW56/Pnj+5/nDjbLJocnPD777/9urR4zdeDPzRHS8fPVqPh544V/rQlY6fPCvR6Vfx0GRaeyS3U++yPFip2Dgq2VIl7+Hh5gFH6GTq0q0uTKzhlh8lxY0a5V2YpUhSSwmYlQeNvrtdON/XxHPVPEsrm+W/FrI1NLWCtO5so1zOrSLbhXPpwrdesuHHSiE1pDmTaOuawIMEmxkHr+xcSgyiRLUmajp0ma/sex+pl/z665ePpJqINH/qVhF+5wippITQtYZ1vzvd+i2llU48etRDrDV8TnNdqdP+DVwuxfFIS4lvT1yTD+9yU2pRyV3vOHesaVi0IIbQlORXr01kpQs9M/XzF+moEOBtd6i4Bf3nX1/y75//8nPJvjf43bvz4vtvpYzSxhvXGzTsoIetqDo92/p6S90kgPm7Nmrnk/2L17xWVZ0kdk4uLFe6oTWRl2XxfaI6eyfksJKKZpFOVeNYBXPVkb9jfvLCsa62cCG7Ya4Og50b6b70qAqUK9Kq2izhxdHEgZ66ChLWagNAK22vINqIsvMwq7AW4CPlbJGRlIqR7+In2pI8f4i0NpObtBG3SwdoG5XlvJSOIjFpsChd2QpqoPGkXPm0R8G4Obb1/dE7acMJReS7VNFKpkQ0L0W2I9jIA9j/qNPY6n6QD8zBQioECcrKaJrc9lvxQUbNBB4zKkeXEOU1v89ssRldnzCvvjLxH4/mc7WraErHhNzu9BN3OniSgFles7hLl0LcxkkNH2Pq6+Z+QxrvnFIdtWsnOrMHnRIdCJrtMKe3nZ2KSdOeGUAAk2Jvqa1j2fpBM+L8YrGerrBmZNvzx8wswBJzkUV7G/Mysjw6sOM+lCQehgw6O0eWlk/ftkn62BhVULeibK5PILB1juncDjAvrKTSWbJ+OvXJugTsceKRm7xE+WSMf3/gzs8ZG4j9JcCa9jEuV14V0i3xDelwWE9iYiOal07AwHzLZXgYV/xH/xHVKK/Aj6bzn/V4zp52zsd5cqkgIS0MAe4wvVG39rHPMa5XnyGnXXkwS6YudLR3OcW2960k09WoDdTxLme0885P51PlGWZbG+3MbENsNu4l5ZZ+DVeOQLyldqE6DitBbDVwmxlQF2gAT5+PJFSHrA4wwYSOP+Lisea4/TnxM1XTo1yjjSoH7C98RxRUENNXQISdyMYTjotg+kedgoAgmSqhcC45yIakDkGwYatzYQ72qc3mxOyTxpTWxrMzwsizmrgIazXbR+yRPZLKKi4d3nIMGjZc0Y995k2mkTXXhKRISfVkd1ZIeeNLzomCxb6Shb2Ki29mUFrVhyrwt+njvJTn5sHdQoHyN5j1YMZwyG+71GAnKg8suqxbs7kyhIoRHP8DkcVhD2/M9cJNXB0WJ5SRlKQ1A9V5UvN4veLXTc0a0kTTA3eufHXtofPA37349v6Dx05avnnzzs0bspN3bz9Q7yZl04ffffONvOPXX15JMN6+fweI25y/++Y5EU6JSlmkPFTXtbpDZXNqd70Deid0myoB0T8c5YKgGpAL0TmZT46JMUqPJDgm8txCIQtb17tcv8AIL0bpru2Hmqgo8bo4yVctkmVNDAZArhiQUkXP+avhUjWpHBgJMMYKuQW00jJVVta8hUAgGnBrO/lgwdh/z47pHLXnI7Y7yRwsna/2r1yC6GJBt8XcM5/n5hia7nq2jcpuKv78mTdMqtZPtJbJwDW9hweZpDxzgiLX8GbTDCCVHdeRXxJfijm7wO+suQsQ3XHSjFX+6QgC4OXo2dYFjl86XU5c42UXDLw1bSqP/+tff9IkDglMggLiRHO0LjbY/HSIAwfHhraFFscUZ5f/M/blxFon4lMnDGudBMB04rXDoFYt2NSuO6NZ1s7AQrj4niuVW3wnUUlDTQUL+o79xXZXiCKBq9mGZNduK6rb1WH7R1ubJ2MUyat956nq1lOPdFQ9OacYTM4MikL8BMRvnzxRaSSpvV3oSh0zawmeJmRE6Kw16jMwGQFaO2XdKUpIeQwtuU597qjlE6gJV55JB9W5rGKS4EDWOEnx4B+smXyONnN5FtQaR2InSFOV2mSmjowYjlFIA5vZ538TLChnfazHQ9b6y264W0GDgydyPSIM0zoym7pkU96pSsHEj4SVJFwKKx8wv0g70h1aojGFW32OTWHuiniNotbWRPeGoNKbhMUYxFbmq+RmnHEyo5Nfc54YQxz9waAw7gbcWHKBYUItPRdpKYjmoLkwgqU4tv1lXZ106BvtHULCmQ0Qr3T+K7jCP6j59CJXp4r8Ii7VgNjKAquZZ+UWawVVjnzlW0/wyqYFwIyPNt75ByxxaPNCatzL7GmOZMSn8sRTHlMLT1ytnhix77zIney1aH46O8Ww7VPk1OyA1HL54fi9eIrieGCgyZvbFZ/SVabG0s+lYniHYs2ZVn9rjuFPJbsLjbEumZrIKtoX9UC2y1LrED6ZkXNAjqqQTO6/2Dno4biY0L68vUPCKw4fjjaYaaW1VVXQx7Kmnx/GMPJxtBMaEkSJKr0tmAqwogp/UZAgezvCq7JpPZIq/Gu+4KOpvqWRY4IMorkFcWLnBr00pkltzX8WVMCwuSCBilx5JU7qV2CkVuU5Wi28bFJ0dObe/tOtar85jOYqBi/7hiBNbayg/hPSNld4elKGnZCLq43ZiiixtVrEtzyxZntIJ6p2CFAYa+QAtOVf8ZxSR8ujk579rSfV4FHvzty2+/IfeZuWo0N9TgRnZPmvJU8po2UbEcSd94ktepSnCWkI+04rRotMgBztmyl5Jdm+Tn22Y4ntUqsuUUdCtElTpnQIbj6+39NhugNX46qUZ3iAoevVqPEyvd72+94jsa89vcZEwPX1h5evXnmHh6REDuHFvi++eXZ19ejv//ZvdR154UnGnNL16BYinj97Ko/zkj3vCjbvKAFNx52vVx7259o4917obp7ksrxKJVO4oICIbm058Hb8nnYozXLmG4Hr9XrUoDPO8juJKhazcMuTRP3nmx4ro+eUmRGTC2oePzIzE430QKgwd8pR7GcknoCgPonXvDt3FYtoNtu5tbVoEj0TMYFW3EpSozPFitio2Rbj2/dHSwQNaexeF/bxs7xQ7thdJk4XoxCbZhofewNKZ6Jxafp7Hz54Bd/nPXwmqVB2ttwO7p4XQN9OfEq4H3h4kPxP6skNPJwOU4muRXULEUi5T+L8wG3ROm/xRykHZ/V6rjnLP/3rvzq1/S///C9uSD9n/p8/f/rm1atSe7ez5D8WdFd1K+BlmU/WFYB++vZbjNp907QeFG3/Efjyxw1FKULOStYq47VsOw70C9+txZbjKs/CC+nIVnjpOZGFdfWjRH2kdrOJdfzrRFYmPrvqtaNLVCS3XbQ911Eq7GJe67ZLp8O+meX5OtS+jX4bGy4cCRrSdpadFk1/YaC8/etZRjHKNFfbsG893/RXfCPf4eqxIMKGa918LG31yTHbZaThsuTDQPPKUIKZIQ3Ua7ZI97dma+xbzlFbYmBibXRpWe0WQpYMXoEg8GsVH63atj3jkFs/epM+J00geI6XOBXmcjJ1sKXsOKRWUDPQ4SMaXKWFTCKT2yqPZNiUNGwcUDGDUfv4vpTnx5mdITV0zaQ6IfNSvp7QQuISOyDMcZHRgo59+Wwth0jRhtmN4KNh2NCNPAV9ZkvyZ02YEjjF0WvW7OizKivJ+G1pCFOj0OfiqTanlax/Qzux2Tk630m9QDnskCdX2UXHlAVxEEivHE46URFYnsmVvIViOApGIk5bhMNfxPC0EyvSUlFIpLR2VsJ1JV4hSuQA4Aw8xqN3I3SC4hiQMSR0bNMb8giOiCNytMO30gSc6uOkNjIq2FSC2J4TzuYIckgBEaILzfwRC3I0NfvGqx3n72SQmw9dWt/uhZQjdracCK6IxWuZOXZRlrBpCQ2T97Oy0GRTFLffiZgrVCqbA+ZpbZG/ol0TIMv8wmn8EU10XYaetnoYW9bVefvK6BCMpdhCmQprDWGKiToS57CkZOjo5yhNRW0ycWboZC24jnKjQE1u6b0JoNQxSK7jxQlQB7PqVbNpzSKCBAcav0muXQKeSUdTNpYFt38M5nC1U50zZt+QtINp1jeltQzNlhVkYPZn8ITPFYX4IaIohenGzAYCA4i+5OaimPs28qqLIGklJm2mle0ts3Q2FHKW1lHmhMPp1+fgryoD55GBJIJHjoazxyQbJ/rYCq4sqWit4McyMYaNxUcCzyHnyCJG0AxntIWpJT+c1qgwS6QmEoiPHyRLtHG4oSpKrxA2efjhvQBwohHlx/fvX716+fjhoxeeYiOdfPvGs/pkdWR+ePf+6TOXIz743q3Ljx664vDnX1664vDdu7dBCKDkzfuZP7+/+UgBp2szAFTIS7Rh56+FjlOtvRF6Ha5iQWXcdKa7UQY8v9KevuLqhl6FHtICg3lEqJXWuvP/vi+p4Ybvz8uY2seYmzxuJDCD6+DiNqm84iJJkWcskHMKhXDMWeRCeNyzVpYOYlz0S/q6CLHssZ4gaCRkiLLRotrM7KWB2D4TywKDm3VfegVfuxlTep3t9fAgl3VC51k/NpkXrh6sc+/RIzeDC7hexLyLOV2X+QWqc6BD+ONHhi1cEkdomiS/+fz5+jP3e/pkN64IAY1Qt+nSyVxBBRPZXpTcufPLr7/Q6LTy65dvnz19rjs8fnIF1/WHD4smvCcBgkJsFc+FmH+tREQbbTYe9LssapVze04RfKPYV5yJyRXY1c7lSZhM5Wv9gUskruUT6CsbqLpTcZKA/dFL4qGOJPfWAY6mga7fngGhZpwRuAta1fXdCW2tjDw1JxYaJ7I9B6eQKuxJq1R5ULLCxkrOMLHVwgDDFjIvLmqsG9wAD0pDNCw0+JoZMVIXB7SnsVgoCBVXM6oArOs3pITcRhxBHV95VrLLN5nsPx3+DQEk/LZUvH2JkkSeisbFOXllMcYDGYHHOYlc66RRUZpiPmqSEqT5F+lQJ3H7owZOZeFqVjz9jc36NAU1AHfW4chMIH42GKxtMfLSZvSmcJBq5o6L8gHkKubcqKdm8LZ+iYC14TCQPjVDk2ymt0yGwlRO6inNt4G6UGQhlrA0uCQpnak3EjSDbv2ES0yUTbP63HMUtzqHVCp8VVSy4nCoS+kca9t6wItf09HmRs0DU1NhAjDYmj/pynd+flvqB8lUpG9HOVCneXmuZj+Nte+NFAMT7NQe72qMC3cC0pIBEfTVMFPPUQrm4nr7UdpG4VtaEOphreEq3y7ab/JUHGmNlZPs6zCEcMyXocXweTFjQFUPU3Ycr+1eyEVocgOVrik4QwfvL94LqLqCXtKQ72zauVTISPvIvIrB2/iuSWuNiQ9G/8kSnFs76lesgDy1RvJWZtFYl0sfKKd4RDkBwv2UkFgZX1rSsdYhv0adtiNx6VPRkXXFzdyHBn+utaDO4cfRgzsljCkEaz5mjTKdCIiauHk2K6JIZIICdcRHnd48smDDWvDRamX5zBTl2TCsKXPghSKSfB/LQohmrmxK7uyqsiEJmAHMOLiqSn6TR/mUcN9rACvBKbZnedKTTUFiYlrjn2mSSuLghKk02TRRsyY7+7+NP4nCrIJkLi2LmK/AqkYjdz6hkArtBFE2y2c4io1Rw9xXtsAXy0VySLSH77w6/dlCWMpSQXAuwjxXqIihr2zcl++NpTXokRLzIKX1NhgS1N4lrg5aTUx9unn4+An1PfAZr0762blgD675+GEPvnG606SgOx6+/+F7HUKe9+a95113GtTMlsZwQZuzon/44Qcyf/T6DWc/H9177wpEs3pfvjy/ekrsm161l9myFPAMPduzdZZZcmla0Eygi/NUhVp9uYv8X+kjj7wW6DI43a29TxFRy0rg9M36QMndfZOUWLOAx4gpbWoH2hTjwoArpTuBaBj0LYN0ZMMH0fsuxoD3hO0csb7j6kKLab80NuqqGGuDBUngGPiwcqfT1GmViu4W5g0qjLp6/Oip7xLj8l3GPnlw/7HpvB78uNzUGCPh45mQeECPx5B//Ow8c20lErqr+r6z5LqIM88SS+ka1XLSTmDYtz/MHO9fsUtirtuUQUbDAgY1jxq6B1J9ggtZhwa5BVTPP3fJZha53JFqjE52o//u2+9/+ulHZ+ZvPl4/ff7i2TfPX796fW0i0y0ydWWH1DVT4bc1jItVLdTq8VJe50p7/1ZUrRmsWObyDBzNhNgAZEVEFOCNIJcxroLkpLOfaqY9ei3Ut7/TOlkcQyTKUjNYNjlOZR4J29kZBxc1+vhS4OuUVJGQbC4gqu0z6VbKHUcaf4Rp8jviKo5B1fXfTv0sqA6OvmtFxLOdntQXf5FsEQT9MqTgFaYGHx2PQJEXKpXbI5I+IRVmSwiOYt/lhhFXElUNEWuxPgmXBoql4F1NfGin+dJm6y84qB4ZQoCpbgVNUzITAQGSMs2hOvCF7G/mNlKSvw9x4WEWUZVFx06/cR+zsnP1cw35Jqcbhw/xwmXasiTU2GabVthAHpCqFCacJtgmqy1rB0+e9eFeHXIUl2aLe+PF8GRbo+jAXkbsk8iVcneuYPr2leAtpBJ9EB/HXPBXdFkQZi/35EJbGaMd+rUR/1rfVkPbaPO8NSNhjWJ9IZUvhesGqDrgaaWLNUdGoumjOjn9DmHbAEQzCIkL4EEwRKGo3bc7yTHq86mvSYo82YezI5MsuGUlqlG8zWSmho4KfCXU9y1tq5OSaarn8gsgtGfAT87EHxXosiujjsQLPQEF0VSCnI0tcTO48K2Ttww/JIK7EO1IvymMZg2bPXz00EtJzZpY17fomfrTRacjr55NwnKOYKlVGcq6OvolcmPMsEnY9+zNfDTHCSt2aB+wZB133LrFb5Ew4assBJhRtO40N3LSQzROZoZnQiFP2Aadi972abKibtFcidqWxOWjWvpgmIi12UpyZtZNiS8qQgqXAAAgAElEQVQ1OWBR4ocEAtubLrZSPPnTwjtnU5sQHm0l6QQtfwXT31nA4fPj9AEoZLbLwKnyGJ9P8kK2W8mbi4qL4fksGyP7jWiqlV7gTkA2R1QchKOBt80TGpd2VaD0EIwYF9KaQkX8fmdBWFouOtuMwKBuNctlQNlLKUXLeOd0VNxpCE01LLO3IJlniqcjtZ6rbDqDsGXeTuLy3aoPnkhbjo05apzrZV+8jo3/u2NVcSc79Y8P19cmsiA07ydBM0i6V+XZi2+da3bBn6cevnv34cnVY4xeFuL+Ey744bvvdRWnIN28/Ojq4ft37z0ppUOt++Ur0pkPN9cUSBrlhT61iVTsjuywDdMDTcFF3rdeOG/qdo++3vdm0mY4a4zADOeDB52q6wEym7tOqPGnYVk1D0ymIXspI54WuX6nojkt53Pm3ndXu2C6d2/za3NkOaQpyTKwgza+ZhQx1T9rH0HedGY30whfxyMe0Od9NeTI9eoh3UFSbPRAHf1kzW3ntyG31qvtXHz5KEsNMbJFkk1aslJmd17B/PRKagsgPT7yQkze4+zcOvBr0bse9+hqAOf6kwdnbz25623LedmfiOn8clOhxMgCw1vEsGTR1fwmN8dPaRc8kvPLL788e/7c94d3H1z1KF198ex5t5/vmk96ihbGzU4OL7gzqcKF46oDuKU6lT61UR7gQy2gKMMWDmuguWVMw5jUhpZKEG81XXhsqzufCbp8ETgfHyFohscWflWND4NichrhCtY1q/VXdoK2Lh6L/+Z7ChXOW0/3VezExFN9ObxMTsRHNsGRbCyUPeBOVAVsqNe7JocJabLRR9WJQcSFIum6cTpul1q+eAo+emojbJWqSwI+QTNSy6YhTBVi2wEznkJX6Gxyq94yzAEUY3WeqNNEF+MCBsTZd/1WrSS+fVoLFobI+09WHqufYJ+bc+kZp6qCqv/I+2uZdepCZKPiht4kBUSJA3ESWhV+1aUpxA2KQ8RtFoNpyNZIqjlTZYR53mZC2j7emfCgEgJsKtFbNtTWFtNDyUE29O2vyI+8n6M36flQCQGFS1gLsSoiPi0aVa2TD4JSbQgtaQZEFZpZWBt3PDdNSg/ICZrkZCQkmHjT2/ckqBgIm3yQA7rYg53/BvkgHN2UB2iIjg02TsxxWJIPvMI+l2flcTNftdvND0EVYxGHNjpCg5Jn1onibj40IYmgYr6dTjxxZEC15LnwF+mUT1T1/rI17UHrz28eVLqminfWxIrSesuw19YryLoCPcCr9vObsoGuNE6jgH1SOyYXbNuh7dMMYv9uzXQJ/Tn1xRTjmb5NoC/yBn0KK9SPtWnF5FZnJQjlRMHKnszBfcKqLfUh7CeSmRlRG5WpbeAiwAkjK8X2CVjitqlqyQeOQhfKvHL8UIwlqK/WEzm5GY9qgFJsYRzhwUtNUDYwHv1q9/YIEE5Gg2q9r07CyMFK79KghhMo03U+AUpwP/W2i55pycrLhdujFktB3n4opuTTou4YNXN3y8E69LGBC2LpmKo9ckPWzFosYWXSkTL72yKXUED6HceB57sCJX4v7ZQZti+FKoZHYYxLGQq/mZrYQ8gJZ9hdYyY1kR13xi3AMVR0GJI9NLdmqqum8/cXipTZmCfm3Na5MlZ2Dt32SdFrkWTDNH9C3L4uOyBF2uIivMePn3CF1MIWQUo+3nTTSRecff7y9PFD702RVvzu228RvfvgPuYPrnXrlcbeo9dtK3dkhz98+625pdevfrVneH519eqXl/KYjx/ef/vsmSTu/bt3pS4+UpllLZxOyNkDuKjwqm4mSXHXxT3v9Mvm7mUunzAhF9a7D3dHRYc0nSh1+WOWlfOpY7rT2MbdufdTw6UyfcQDb3qydD2CQG2hIG/kq3ZfLFRoIWr3DneK97iRfJcF9gxJCjim54XbIQiqhlpNvb0okG5Vrt16YbKWktvZ/xokHl6Z9+tWYtOoKZJkO03c/R9v3r31tB23o7iM0NTg4tb1l1rli/taFMInVZPMSTUNSKV3JdBeKoinGHtswGrPUbgw2ROzLbJryGB0Y0oxoOlNN3aV5x13FEnyFkMcdTpoD99Rol5qTYpku44jo/3kHqNfaso7d//y5z95HTQMV0+fgndz/UGLwy519gSkBVERNn8DYj29HKh96a2g5jn9fQGHujAvYtVVS7nPWRJmg7xCVHVOh+oUT96eoSBe462A+EmqT8WgsLDXtVS0Rswl2K0gauBRGtfRS3rtWkwoOUP1MK06gYFy1HXsqrGzmAT0MVYxoQHwQZ1HWh/pWSsIj3rbo+BR3G0dHTEeERVZnZ7qBcAyhuh86hVWGnSpnrGw+CSOFrVMD1Y7jinLj7qzL9tziS9LJqe1JXN8qujwRtcqJ6OJvkQmqZRJDx7Avivpi+rTYsRM0ixRXq1l8AgYfhRbw9evJakUW9KjPCFdzND+DIko1tE1+vCimPOjwdFOi6KqOs9AY4KOcwMwqdmQizInY9I6cInHejmuZk39BoFPzsRMVzj5ORl9xVPRJK62sDmUKzuOH3dYo66xfFsaObQek9CeciQh6rREo30ElMN6dOx2sEiSUSnAbWZuK4VCkq2pybpATWRmjvigsEp+Zw0aBBM3umBYjlir8LV5nHCpVJDialOGYvvb6T3GUUxm37FHajNifGlb0eoTNViTUnBUb0wLUft6xMmv61JI5Ibl1g9njkEZjPxV++WylXGGJ/NeJExOuhNndNpqZJPV7+1CDj3J4NdL0wWsMGmUlCN2pkcuWGLYbEbzE3fu2x2F5O69vX/q9LhjQHbMknAlur6CuH4669Yfi7gcdYFsdUjy63w0hKDlikjVLnoSOcFCb3rmNq5PeEL6Ra9fJWurgfB3YnCCkjI5OURkovDH5as9X2BMwCEdwbElTn/BGBfZwioX58BWwjTdycjtGTUsE6ZBqJjTU0pQhzAlSNOYV/o71tdzj7QTTCdQaEghGWweV9gqWfRgWFvmy6RlH4FH0FG1kiHvSy1Ba7p+EeaxNVCRkKK8UnEwplVhGJQXQcqZLyoIyd7+ad5QRsAxNCiqZk+oxFw/q7WS8HksS+KOb+7YWj5NFCUzJU5Lfqsq8pEkM7FBnfcu3wxPdy6JPCokVm3Lm2Q8LLePl4uYlXPJWi/bRdg02RfPVfnkdSnm/DSzg6W3v/783Xffmkb0ODylLmXzkr3379+aX4RIX/mb331vov3dl09v3r69evzADQ2pc8PzvbtPH/d87B6t4p177z0Kx6Sh2zjM911yrW4z2SUdsOmEDsZ63nV7Kf68ZyJtN+pmioyy4b3YJ2znRpdjCchMkyA2LcQPHTx5bNOeI3NPf7HHMBprJb7YdFV+XagZLqREzlxLiq93JWSnp3uIoof4lPvS22sGG8jny+7RMCfnDXpip1CSEbbbdepW7tmc/GZbnSu++fjWVCtv3ny5MV6+v/74+u07oog17sP/7vqjxnjx4mn7Yc/K3nOze5GJh+U43ewhQe8+P7jr9Xv2I+WLOymcW8ExfpmW7SYch9dc4qmHn74+NNna+W5ppesUpccoczUBH92n8vnOg8+ele2NLOC7JMA9186J90hF2Z5M307ffpFnnD2WTf7668t//Me//+mnn/727/+eDtqfPH0m+PgE3jyjCzQRZUq1XbHQ9KPRakdyaqgtheDxlc3itICNu60GkIaRNhbZQtOvgjS0nHgfS5uq1tkQAJzGyEEqiYxg9WvcCZ04fa/GX29P51bGWl9o55pdRUg7NqZwKBeXhcZ3DuOS3n/8LXM8shUEPpNmykaT2zFmAo+OMnr2EuF33fMWcqMDRRGMaNKnzNB/FGtmjc99x4C5h9a8QSv+hqg2ZjZh6cDrP8Sw+aE0MSorzbV5O0Lk/c8uXVTJyi98YUvVsCCzzWvzxAFCVo0+3Y2EcSd7O5y4WkE6tbZXn97oBiBcCQmXgtOgNChU5MhPzMUWjii6p3piSuZCI4y0VJ4LrRUmJ//incQEe81UlNOstfAOll6c6KjCUQw0G6MHTcqllyVu+ifYVthTF2t8R7ffiXLywMoSF9U5lTpAwz4cc0hYkCV6/uGoMAxh7IiL1S1RUZkCgRTiAA2H/cuGP5SL4vxfq/tFEbRY47RtfJvSqd5XpeM7Nh4W/B2X1L/TkwnbBcES/WWxdkQHaHiOH6yfxrgUIqKh1kpSNFvNsCTVzS5VA2q7u8yTPpcMMCvQLMBUDDCm1JMwp2GodewCUmHN/zyVtpGhqI5QrtXPM6nGWXnNGBOTG5o6blZrSJUQuuSw/NDHkyhacUmUjnv/zqOZ5vGzwsjYfwIr5EdT0IpH2jcs2MoBFVI76/tSf8wtdPNd7HiOrw/hgRffeBmWjVkYv7V5PO41f/Yy9MjYnmpHfugLcOLVhcLCBI3D5zm77To4Icb32ZNXDmFtMNBF7rKeg2H4Jzl9Gx9q7MQO/KyxBdJvoEk4ynLDZI0gttmdZa2HifekLV0r3XZGzz0YKlG2LpEPlKvV0ezv06aqAuPDGU8bqGMjGq02nK0j3BdpizOu2wIv8TEzuZE6UGdZl6pksAbNKrRpbVDybS3zWj3ROLgzIgTB9T1sOcrGInkB01ZAebwmbW0ujivDEzrBrEhjqsDhcWu3KBtseOAoi6WOYzl6TyimVVg2hIZb2vTV/a2fzdzR4tRhV1iUDH0q5fHUFTnd9c2zb7558+69Ky++efq0m1bevn/79r2cw1tSdhr6y9Xjx3/zu989e/LEAP3nP//lGPvXn3+G3eTZ9z/84J6Jv7x83Qlat+JeO/vpqMvzmT0juizn6sGDJ48fehSzj0TTLbae6Pf4/iMTX7qmTEZuc/eTSz2eiVoT+zxkJrKAu+ddIC6Qk8PVuBJcbS/16SGIJnua+/QKZi8s/uTsNEWfvt7wV2eM63vta/JNLWfXU5qYQznHE3N2zrq9TaPyPcqimt/M7dmSb3pPnekz9Z+dv3UJ56dP15++XEufhaST6R4B+eWLG70VShCdVX/7/r1HhBs5vIQagQyPdnfzSOJEp+b8eCOru3vlhPIH9n00YBmO5HwkPL5/32loDxiShxZC94ttCZ/ByewmTXqiFkRMsKclck05YrOxVgDx5G3n5VO53PRh5oghN20b+St2wv23QGv6sLP+d+6/ffvGGPjmzfs3L189++PfgP/Nt994qza3u1W6EOyhPBnikstGg7xFe26pdiEuoAu3MvZWqijaQ9C6LbGmKarkh4ZHhLa4ZR1m/fh0bjUbrM7YOvZk2Vw/SNDEEJmANNSrtj9a0Kcy/ap8mXZqG29FEeQWq8Ocl9MN985GnPL4o8QTa3z1pP5qmTRPr5oVbpC0vuOLME19SWQXOdzyFn6Rx2ylXeeCL0SZcgapwqStCGAMQ91A+Nxz8DMAlR5UkR0S1rQy4eROz9JgzJmh6NIQtPcX8fZPXVkXBVlsdKB1apMRzrNM9gE2cKjl2R0/WDDcMh7NE+6LZ/0xWUT/JsjeYSJqkgiHjVuxRjg4oAgvtSL29peTHQxmW15TU4sveFKSmCFRy+RZNMnoqTt8sXYWcSKkhEyokfgwF0yjhknMwOWYuIMbihXaUMqgACRXg8kd5oOAHM+rUZz7RhxnwIOpSFkr5Ee+4sVFurI4EGk+iVGuCcFK7AhbCeWizlpnV8aeDzL9BMEU7nqWQUrNlAUAyRGXqDWNghGcn4lfN7eWssy4sGeQVd6HU7udlmgWRDmltUOuOcvMS0ee9q+Wz+quF4nHmkHCsTboF3ExZ9kAnB6UgfDfWl5pDVkIExfMU6hmtvY199E4KmFb1Kf7pONHZnDG0vyhF191lslE4p6TUZEZEJg+76GyDz0V2EjqPNyNI/DM4oo8kk+SchG534seIBeTqoOPYyEJBrti9RUvlK1donUxM7NjquKQzn3kZUjqk1osRpIPTuOMfnGaIwNWleOjeffIqjSlkCs9PzlqgsjtQsi1J9FZmZhWN0kwcyd3qOM5iMe+zlH3uDTcWNO0juaIYHGa5+rHHBq+NPc9k2ZPYbAq5PW61heriuuxbMpkW1l5mdJQEGoCiqc5KtzrJ2uqXLdWwxRnw8+xi1EoFobdQrGWSlC+hSWYjEw5PGu+0yFDQRJGpImPnvW254nA7q7P8IzTduTlwcOayFBb8ka1syoUYxr+OWr2QoT0AEvGAHIdjVOtbk4mrT3QKKK2EjxTh06XJsK9rb3k7eFjldWrvfvVQ1I+3rz3Dt+TbDnz+/Prtz98+51O7kk3bz+89xBtMj0GxfnRJ71z+envv/9e5/Ek5V9/ff39D89fvXnDPKme63afP31MKmFGd+kSc7RGB2OennjtlKgM5L6pR5/uA5Pzffxy/fnzI3uBkqGPLuyQLDoze/P+3eNnz91Y7dXPbJF2uSWXgmzOPRLdZuOah2sP8tX0m+Qnx5b5dbOLoz4mNfIqnKswuznb8ujO4+YBvZW4fKdLAHV5u4uv7mbmUml0exurzsnSh6l0UHr39tpI0MtOJH8SQFOu1pj58tU7/iVKuezQQCK7wimFc9OPMPtwfVMTd3/M3V9ev31xpQm433DjKYMefF2WJpO123N2mmFPPfXm7n2niSW+5Eik313L45rnFFxSQ9k407ilecQywIwzjLmnhYQS8UeuAS0Una12B4vRwN3f901OOl/fs4qMdfcVGlwEH29+9qrF964leP83f/zDX/701+++/97Up0sRXr9+41lHJdwfPz7whIdesUhV1nCVDGlRzayGD+HI09UV1hEC1ma0/Gpd1EbWUs3Z8cZDQDs3f8vjlEDvaxGEtWG11oiwRsI+qa1qv3TVn9rlKymrSFZ8AQOL+DQGC2EsYajfD2fgxFX1Z98cZ1KKnZQP8FGd7NN109VfkockDYEZmoRNiS/DYSrVox0SwIZlFPNMKBvEGuwTiMBf2nPN8oD5IPbppSnN0U77hNPTxLB16jaMtD5Po8IrvZRiJjAmCgjIzN/EwNDGKch0aw3exhmGVIE3VDVI7cGf/Zz2gXnoCF2LDt7t4DjeUOWY5a3gtkeqTcJ5/sQAZ/mI19pHXctFdVqjnfu2ZjXA+zvebT1Q057Q9ikrFCTJnI8xO27iHTVdWnraCVs48IOh0qZxhbxKKA1TlIhOYTWsScZGHK5RMY58NccirbF8kjUXxmSbfJ6czqyIIqAlh/kVtvobCh9Yc6VBbgyzT8n2TVTGcIxORKrKs8VeD4NV3V+yf1syoBhbUTLTH4gK9IbFMksm7tRQHf5bWq7BEEIfmImfdcXKaCYxAQwlYU4IZaQEZRSnVnJpoLV2W/xsWJ//A64zJ5DqobuYEbKEqzqGaJ4cOFMqP8alQdkJUuu1U8KMohuXx6FoaGlyTse+yqFws4dSRGNvg6YaZ4PgNp2hfY3X2QOS63AG6+LKHAJtZgY95aE838oAO1UVW8vKs9hWsEOXOCM9hyDH6ILgiNx27gnA7C3n66hramumddKqCrf8lKJbDH4bYRVc3D/PVnsZf1Lwm3iSGw/HLboF4eTZh/OgAeDAn70XQzJ2q6lMyzFm6H0tbFZf7xIchSmSDn4bN2jf/+AP5/Fah2NM1Fej3zLxec0fVOm91NRRZEXHct/FW/220RBJFplVKbDanv65SNJKB3kzqz5/aU6Heg4GOKgJkazF7/i4jWQMcvAaIy4AM4qcvFnbCVJ/NdQRefqYEcD9rsVkxROMvi02rV+0slqqBn4uPCMp0klFU1UhMUCHPo+IxxNYhLC56tMideUE9saPG1NxXUsnHTLhJObbj3KV7EQbM929Jq9fvXTq0/0or9+9lR5JL2QFb6Qnnz4/ufI0vfv/7o9/9KDDdx/e/fTLLy7MkNb8+str47mk8He//6Hzzu/fuJGFtV6xJx/hdXcrd1zd9YEPH/vvOg6vlfvy2nMWH3pF8cPXN6/2vuL7j6+8teUbJ52fPH9+/fGaVXedy/34wQFcM527EqpL6/YAGidc3XitiYGsbTWUjMl1e6Lno+nDVMolu+bPadUmqnOsnl77ONMq810udccsqg7f2aHG9a60rLN3RtPw5FTv+w83r99ef/h08/bDjYMJF2X++stbHpEyC+s3b67ff+h9024WYagcUaLWCWIBn8hae6kb4aWj7u1+snk/jxOSNz/iiAfdLKISKYwB+HjHBKv+fveh9FHe2rl7jaXHO6lOERu7MQy1icmPXnvjMs07j7zdUF5+x7WMbgyycEeXb+Z+isX8x6WlhfLafd0inN3k5LT759evX/3hj39z41IDSeEDgfm5G/g0oqhqEUui1yU4surLAFs8bv9aE8zp214091VQczs0hT6a80VQ5VX5Wp8gpdhOzD6s29oZfBQttIv9SWlwywUkXPSse63L61M22jcKgSmVE0zX0CY33zXk1SkvYI4cHWFjA741HsWNRbaEGI+tXLdaEhZY/KOZW+t6k0ddCAPb2DHvcEJmW9LInH7xVp0TG5WSBZtQ9EuAb8oUZjTylZQhpHfE7cirqaCZvGOnSLYc51wa6FBlTENRhAM4+sZbFjUyL3/BW+BafHUEPcc1dGM7OmqsSJKSpvzJpCwgfHZHm4NhH5xL+tT8aZGb1KpLzM5y8VVKG7xxr2SRd+Sgu+jnocimwxqtdTciUz2FWT803BotlcvfGqhDfkSVnK2gZmrwRBvx4qzEJ8njnx3HLW2f1ly3xppDiYl4uFcwGYHJDUVPOikvMM9++BhzuAcaBTFk1+Co0RUaQTv+tUJiiJYXIthWnpyC6awoqkJ87ujpVll8lrEAbC99K+xSQ9GFJOWBiDZHFjJbVVDdDNlX7SmIoXTGFVVvJsgHGboOc6SYqtgE63AcMKM58tZHLv5aZU1KaubRS6z1GiZnji6cubZhqfIqoq8081dQ5zm1owanYViYqiiJm9PEBZnIJgYSXaH2shg8Sw6dYfZ7ipbR6oBf3ZrYtIvJBWOjnG73NB4ZQQ4nl2X8ZUyhYWF1NGVUgNcbFnizESr4VWXEbK27NpBlUCzHRFULlVmIJaH9ZzwQGwBqmPXLBAYknjxCr5ouqlEY/dy03ouMB46ivKkmNp8jOSnZoT1ahjVf1j5tVMZ5SKJfNfocXp0PcwJr4baCmEPbQprsQQpEEOYWa8c8O1QEncerJ5/KSToQs+nMog8+osnjuK5QY8RvEpFNIwWmisyehB1zJ4VCdrydSZkRoj7tEDktE1D5SYgfzRsXjINdYa2gKACrtjmGuW0DAR/V0LcEWinyxGzYh0O1Ha0EPFkpOMStCEyMJ7hOXXjQRBsdF8PSqj2c9dg5aSQRJuSY1V4yb3iLmrKOntNWI1nncBcYSnAcClXuztxPn7959uz9+3cecfKuKw5rDI/H80xsfeT51eMXT64AdzrSmzY8BvHHH3++ublhExSqXHvo4dg6jAyJOu7W0c41BAx1rtnR2s2XO3999e7zy3fynCu3Sb+6Zts333xz/9Ej2dP9X1+/+PbFtx/e71k6D2Wvjx52v7NL89696yRyvmmasPkeuYtO6XJCE5A9QnHdXRYm4WMnM/ORlUbSzMupViVOWr3dkkYRGKF0bpYv/ZspJK5nxJhAffdB8Zt3H355+cbY9/aDknee5vPu3TXb3IzC9J5NCJAT3N1M09tZenZNYeVGko7tBb+jz87Nlt/BtOf+dP7XmQoXudxzNaI0zlBEY9bduXP9wYWYnlloWu8aZCOgpyQG7FOXV5aA3uxgEXZH35/vOozlmeuvH10yI41/d50tJL/vrLbJvy/O+7PJgY50X0vJ8ChSR9e53lL3NUH5/sO1Bv3+2+9cWHD17Omj548lwNxj6tfMq3FS83ErG3MlS/JgwVbf4sr2NovzeX3hKuTbbS8YObxlu5pyszi0Cp6JULP4Xgchsk876LVdGuOtG2/nGfWJ8Vr4VCGBauNEqBo2grqED82BG1+Sb8XWKS9LjaMyApNsNHHL2T6SyyWmDWDCFSY/TRvO2h7M45oqN4pGkMhGSF9l543Mp05xmDM9SSmwTtHxRaiTsxxpKkfAy0h8YzHRw2S7+tuhaCAEhL8NqVMblKy62NDBYQcwBgHKKNAtfFVrTHIVh+6R2iFvV4K48xMXd2AisHEHB1gq1izbreoNQNe3srxlds9EnkNLtR89o70bhSFbJpwrlfQXRd8VZWkSS5YVW++PMqIP7Yoqa/chru3MMZ3mc9kKlMj1PpVnFxTDNPgBVG0ez3xbNFqz2Z4u8OkMR3rbMeXL1CgjUKBM2oCnhQQam50qUiY+tsteamXkaqAjm5wjeXqPGvjzzVyrjS+ub/viirUuACupAagJ1UAhyqSLA0Hoxro4W0Y7MhvFEANO5YzGhCJ8WZ082zW/wE0B0mNSpwfjO4QF8eUsG5rLsNIJkNEn6vzXlJOa36zxYm01z1eF4xbooauHBSJDERvbNnZEeP6s1by/8UYcB30D2uaUjy48bSvJ6jZynaWBQttY2jmETnpoWDzfrs43Ri8gdstidM7qmEaocxIQmDqq+Yo5roJ6CeD2LANY46WBIyNeCN02UtfqZ/oGlJyCv8Cqna0de+hsZejmlVO85uJBtQqyp9hMUsyZFjgl6Y64ZCcwSo8EP+kc/xDWT/JOhZPYSp0B41ytNO5QzroQXxpisW37EptH+cQkr5GKrmIpGdiqSphhcdE84KCs/ghJh7UZkwl4fR/AFwgTdewZssIkXZ0gq5NSkIj6asNE4UqO0y2qajLrG9FmcEdWK7/oISf/LmRVLFrnwNYuOFo9DVbfpyZJvkacbuuzKfurzBvZcr5mX1uAc04kmGpIQ+tAzlBiCqkFb7+ojp+m0UZxbD0Sf8u92yRsGnDgHyYIYu+Li1x9eOWiOurKEYCQyLikDwD329549o2Tjx5t8xy5LMhjsUs+vnxykjmj7rpg7urv/+6PfOmRNy9f/fr0+dPr98VInhwAACAASURBVNdv3r6X9zHn+2+/eXr16E8vX5q+evLsya9//nlpWdNpsiI7DDfGiquPd+7+88+vPEfR2WSzeu7yeHxzoxP++r57Pp49fQr9zx8+fP2XfzU9J82jS6LiAYHff/vcjNiLp0+/+/abr5+vNXSve34s7/nkrhcBIE0ze+goj11zaPswvVUnlpg2R9go4iLFai+eMr1cb6bI/Wjm4FA3NFx3+d/Hl2/fvnz9Tl7468tW3t18euN0sqX8UiR0QWfDoOtUnA6mRtCawXSivaik8ZPBoxgw9ym14sXPvYdGA5r6/OapU+fuKNco959+fXB93b3h0jgno5vwk4K//yBhvnr4gKmeeU02K/RMVjnl8cWZddOXHNu5+Xvui9Go1LHRntG0H5BSwKuH0lA7F+Z0m7MGd3CPoETvoYOBG0q7fOajB3ff8Xrtt+/evH75q0sYnz1/7JLKr1++FU2MlMd+unYj9meuXoQXlA0jJ+a4VfwVhP43iFSbxSsvDBWDXiifsF+4oqkDnYPG8pxt5rOa6IRdgR1Jg5JyK+Kzvpe06W0v01BGtGJ/xf50JW7JB1lEHpKRTeLg8VJdsN4UOhxFyYRfuvE624Yz3aFx7egBtuFssRRb/c4I32zeBYRCFZliPGk8TmukoJ4xI8UryBxrCTvb9pfZtBQnpzKt4XYjGS3QdpyEtlVVebKt9ESct45D0jlz2iVUhTLOPOlvI2NK83fHx5FENfYYMoPGS+NUTFwAUo6yph2NRm9YjSNIaifDpqWRtSFX7bQNyHFfRp3/wPkjtnxoDiNuPq4iwPlhzgQV2cjpt5KRTAjSYi2Qudxf42S/F2fNFipr4LBZiSO0mbLAS3A680RylZfeTWAs+aTqTBiyGYEsHPllU/4wNkmyQOd+0iM2gJd/nz6SjGRN1wRnWT5IikF0Lr3ISKX/S6o+roNPqeXgW0lwqvcj8M3qDescOIVZNZaj+aI9SzIhkssnJwzjHJwl87sdob1Y5NvfXAwr2msUwWFUYkAhRk0tlOGIFwSk3AKA7UDhhQzApBtMGfoiY42COWTc6g+K+aGiRKZiArcS/obgyNE6w5TeYW0QgOXsvSsphCAtSSAl9/qFIjt3LBz0Jg/38oPOQ5F+97MxOjSuRtKQHrrhEm2tos5DaEHuhsYgzaKQTazCUEXFPae+cY0r89CiYMUDA8QEpM8KHsN4gxMTQk7MluRM8ajnxAgOUcyMbY6BE86istjIa7Tn4kTWb/ISwYk/TYd3ctRz1IWeQ5KOop+yrI6+KmHdpa0EPZZKi4Q0hddfBCinviM4G5pK+fmQPJinPcJy0ESynvQbwiN18WEHqJWTLVHPhsaMcvZ2e+Rle9t6jYpGrhOyPdUYkHadfTpluHOsgCsAXS1gM0uYkJwrM36Wzws5YFtVzLSG2UBDfgICXdAqAFK+lthbz25lGMeUby+eQB1LShOwvSm5Of4UnL699QQGdIR29PFaapZw3+LJNWRCcCyxqjm6fc0p1yI+1LWJUUee4xkq8idTQk2a6UQef/PNi6dPrn7+8ddut+gZ1HecPP3w/qMzy1dPHkvRvnvx/P2bN64+rJd/+eLVGyWrMru79755/tRFitc31+xxjlLLBOLjV5e98Z1x0o0n728+vXvl6dn3ru49cG/0XruF6d7Tp4/fv37vao9ffnUj8LUbqK+u7t1cf/rw4fO1R+/8CORdL332/B2N/fTx1YsnD58+uv/4/j13BL948vjau/3kkp1JriVKlYCgVbZ0Tgs8eHDz6b3z0qV2DdgSSvlckx/NPXugTVmS/O1rTxj8ctcJ5fefPrkH2dtj3n369NPPL90Z8sqNJ9e5ggNLK3eby2KtnmvEgE0+J8nTYSrvrSX3y1y/uHP87kdnjD9568xHNVJj46SM2VSl9rh67LrM+11k6FZlt6o4pxzNA/PLBh/XK4pjJ+3d5yMK3I3jlhJe/XCmae4hY0JpnOjzEkCKpaF80QWa0vMu1uxkc+eZuxXJlYgAf91TG6R8mqlOZCKZ9Lev3zgGeP3ylSZ48uDRy19fSQ3nVM/4dg/Np8dPHou99cPC6LbrE4B7IUYJuEXo4nVRx4Boi27CTojXCetJdYM6Fv8X5TWcdaNZnbHIrlK1ZUdDasX8/lfV+LNO0GhDMxAHFaZWlmq0m9DcBwGpVSQPGK5IOiD7KkutMx/rhn7QVr/erCykywvOxVNjn65ZYHM7i/gY01d2zNZjcBRo/CdpooNxTK9U79r0+8bO6cuu0Zzp+I1sSTjS85nVDEpM05N8XntkSIX5rGZYwyjNLdmIU/0g+N1K/SLF466sBtlSk2XRpG7PEuQ12QGwWUdFmDZV2UspL+yNcw21E1tE+4eh/aw9fpvtVI6XIkJJDq7GvdQ2vLeWo7OrIl3a7wBMuKoTTTV2OCLze5xr+0RAxWmD/RA1arekN4iVFp685j9HKtKD4NgUZFIHzQ9FQ8qURhgoB5BRl0G9JJ/koS5rpL0B+nY833ErE2pfVUG4YHfoCWdPMKBmBmffEIcorTbC1rK628IEVTCyTLg8miuoM89vOPNEYqI+Ytq/KRkEXgxY1ZhES+LUx3IUz7GzB+FpR55jL54a7Y6TG34YTepmDFSFLIKhS/LEBzmq/nPYKGz0Z0IG0WoPQZIJ2Pck2kC05kReXQREFjQR0tqK/8ZuWo+9+UGikmG3C6IztO2AgNCW5jk6Am80ahdTaxucnYxpf+ywmb2dlDLw9/aB3dOYOuuNTonMoBq+Zi4KLEoWT9YY3GZ4cChYJd4zOKqftBGubNRx5LP9kZuWJNGT4hOKVsKAcGVa8MIT5vKzfDpJeAM1uCsSBw0a/Orrkgolpq47YIc5uIknSWnimhCOqba7GEpwhXVXsyoLdyTsissATW8WtJkvcM2apG09jTFMfBpTwJVnUEpr9PbFaPi3K8+0SNmheZjYFNtTSt+JswfWUKA0XUZ9Q9HmsnaVDQnEH88jscaMmmq4AApS3TSb157ABSkn6O8ZSR09OSt/+mutwnpKTspIZck/BFaiSEwL4BfGjRmzLkpC8fVF1HCNPOdo6B5IwSmrHJrkT8MUdXYD4joAIRDqakISxYMHj52K5b+OSVXKDT+6/O+ek4m2XDmnD3gyoRsv3jvB6QSo06Uuu/vgxGIveXNJ3N//zR84/edfX3qIjUcYcvu1hx3KTu7c+cPv/yB7eff+bTeLyEbOJYBfvjy61x21EgsThnC9ufnkBhDvHPE4elfOPfv+yrNXSDCT322yskb52Nf7//rnH6VhntsMwsPHj90Q8tp05oOHb9+/uXr0+NdXr91J/fSxOa2bv/3d93/8wzeuJTSh9v03T70DyS0h53CPjZzgqsm5oZO83EGVlpQWsV5guJivQaWWl4c6V+xJNJLbz3/9+ZWXx7x1787nT2+cUHb/TneqcJcRos4duz24DJAH1x0lohrLSeGn8r67bufwMCCnc2sFxC5qlIpd39xwkdtOuFd+Bkn3OLtT5P7X508e3r2+6w5luba2ohBQx6sSdK9HfvLo7ruO9Uz+1Vc9QcijxB89lmQbnqSDd5xENnzJ879e37m6Ckn7p45yO6cc+o5qvanF441ceFmFXzORDrEku5vbbW71s6lJyerDB3/501/+8b/8j58/fXz06KmGk/660Vo4mnTsKTqmMJsCEXeF+gnXoBXfHa6fsUR8F6xRFM+L1NbRN0oUnqxMytpoQ4SNBtpK1lMOV7T+zjiXvsjqglFRXF3LwTCVmqmBMGV1yfpxaXn66g633TfOOksgLhrDVN9PTF8kTEDbME2eDpYI67OFBEdbBscgqNmgGPl6ouYOGcroZkjoh504f441Kwgl31VysSg982JqGoIOIGLo0JUBIx3FhB+oBK316+NhbieZ/O3tG+ySvjEKUjLngCGoUQU2UvICMWyZHDeWYDWAaGSVB/J2Q7UCaHEoLUnaTtqwv2E0u/HlrXxB/ezIiqN90oas/VHS+oW9RqkLJSD3aj2ujL/dfBrVdyBVSntxc42Ur8I7lxc9Gl19BuU3laOepYqqBI8tqbgE8EygIZW5KUTUJTjkyGrVW9erOkXKk3QS9DzAq3mk4Az46kkYgDx5MTRxVkHI24oHv42C9zQ2k1qNN8KWQozIxp+4hqpBv+f1jyi9xpRUJyWXBWFfvtMDX5WJtBnl2eu2GiZ/qHIFXzjxoRTqxcxq26Mg0Q/pYrh9Q3FM6qJDFc4tMoHWtcv5T2LSLg01GrJRHI1hQXlMSVf9aNJObKuKRIljhaS27LuvmRN79dWwvS0NAV42zuUq56oCUEC6Ki2OIeSvGd+IZWkaQHDRlU8F+ob4yXzgpQk9D+RE5ydXihvyL7r7xe2H9gEJ43T21cFgAIuzFEdBe+YoGGBR0FFeGI6VI0I82qwSfkVzchM2/8WaLL/FlJrkLh9ISgNEJGQm2icPxBqXqlM5nQT7C9MgVTYRAagwhglYgNk8UsZGeIKjG1nwYumrHx9FUOZsh5QbfTFsENmRVszRZpkvf0I9W6tVgrZ/HCzxL1Hhfvs9e/q+m6cxTKyLqj05UNe8mRjuZJ9G6zI0ZwV7f4UUxiWlIDc6QVxbT+lv3WJ2TG1VGT4U6Bs5bQGcAVVcaCnPVytuRieaUN/qSESqIifDdy22YGicP3KjiRXZfBFDbZcsJWuj2t+KnpYzRs54JKf24COfLFNpOqlbOTheauMO3GR4qF83brkH1uBVtuJPuZzLPvW9qwAf3Hn7Up5441F6uD2RhrY//P4HKN+9f/fq1Ztvvn1mnu+D2zY4vUckPnnx5JFH5EihSGCKm166qO7OXeeGtYmr4pj10p0uX+6agXrqHo0H956/cEbaMbmbnT/3SJf7d17+8it/aAMJqPepOBAgUXKjnTTkry9/kX5pZxkN1R/M1D18+E9/+svrd6+dgn7yoMdXvSg4mz+U2Lkar3CjXi+W0TgNXWrWZOT1tZ25W2ZmPusbH0uIb+58ffXu+q2P+7qdmr3vcd8fr288zkY22y6xDMPw+PHmyhyebFrq3FO+vT/5gZPdj+7fYVmHJoLNyW6J8NZBdmONJyR6l/Xzpw/c+Oy51m6Rs0cSyG55aW7iwb2rph/MYrp2sBUHPVqMta9ff3nx4urJlZccSmp7NNHHj012ylZl6QYhI51MTwbKm7I9lzZyOEtL4TqXzEwXD7BTl/lMAOFhLQR1B4/1KdTEEQPZ+ebNL3/zx7/96S8/fvn6X3y6/rCnmTut/NWDwPhJohsCoQa93tDxcGHfuK1TEWQWpel5lbcDXbXjoLCwRFuoauq6anobEDR8zhXpt7R+4yz2K0u0XVKs/NaIE/EENmBMMFJl22kvRd5gFSrM1iMeCepG3InfyLkt8shvKCtZGC2iME1CIMauKmdhD9KkNjIMKoqxJiUTk9dsY0gvVTgHfoqyZ/COI0KZxKRxd844quBwmcFYNmDt6BJJHVsdumQ23h+BF0M2WGwf1FDRzstX25mywcnPAFCqsifrX2rnO+N1Q5OmVdtp71k7T2RulfUiq4CS11g18ZOy8Vgxk+ZQhWf4HrnIobDEpktu2nnlpFyWyROQ25QdB8ElncrNbUdQFXp/ma0f+MsZic+ty/COKMwRT1z9DsU5cE4UBgvjWZOwdkxZAezUUVWz0E5uJdO4hmrkJFV940hFBJ+VwOSvicLWaD28M3DkeoCNFU9shSsTMDQGpYDIHGa1WF8wncF/VmC/rc4+6/vD054W7Fh6UHZitlx+LhuDTETVzM8NyRhUGsno+xQpPFQsbSUvptRAIBaOZu5V07G4dGUtSxERtU0q58rBEi3dM9ks8JaMrrod2/QhJr//ZT6BTARhOTPn5suKazdbuK1VHlnEl/UqcUV4yQsZ2QBklGcJ/Cgi8mEHrOJddr8Ts0GoKkzZ6cYGUU/8ABMKRidwFBn5zTo8XBGE9hoTGXFUyjElpu3+k3EQ59lCrgavzF9iqqRsXBW04I/9QrEsbw1XWaVpTeMRWRseP1nhSyRhr5XnkkAcPF1fVX24jvRJqOSi/yAJ4uQEbzUrD2sS43X4MNsGosJJnpjSsUi5t8RlDV6gXOJnVq1TzZgEWGne4Qj2HfwKC5Us029Ox5UInhThxnSHq882NcP+HkLSoVgjQoIs7aTtHHv6+Zkbdn7RtQR8Yt/MN9AQvS6RO/ujNjuIqJFCkA8L5ZD1v4DHWQD34zPOXF38F0fV9J08i6957QwFBaTbRTeGXpwcivWIBELS/nwmFLPWFU9cMOa2i9zIFMijhDKwWa3eIpwlAcjXLl2T7SoKrtOjdtZCrccHGu5NvXVThizMdXRPHl/9/MtPTUTdfHrt9Oq7D1dP3Fb8mBP+8MPvXPnnwsRfX71yHzLz37lE7ub6zfsPz58++cN330rWXr167W4VmYfLF93a4aTt1WNKjG8mER++8VxpU/ucaVKQiZ8/f3N1ZQpT7vTEhXcfPLXbBXNd3yYQTFjqKK9/ff3Mi+e8VuTm87MnD9/34O1eGE2aqxNfvX7lgkUJi9fFfXj85CH2qydCwlN4nMvO2JLPpnXaxxmDnERvHoL8xhWtIUtrxJePfrZWyDO8RxhKfL96xPc7lspQ3YuTFfB1wJFMz49+8eyJ50TKlNy5Zr5NsmpS81EvZeqSf5cYytdqNg09ED0ZvGm7u6Cj+XjfM2hutE7PxPbewq/35KMyS+a+ev3BuCQhlpRyl8zR+eo3725ePKPivjP/qr50sWjSiOTobs7x4EN5/9rb1aTOJHsLouZ3DNWs511XC7Ba/vf13qMcs9aRVDZ+dR7cAb9X2vTu5o+//PLyv/Zf/2+8/NVZ9uurp1di1aWrEsc80OTvI5erQkg7+4rP029s5ELh6yZxFVVV1A/WdYPtdStSGGN9WuST4IOkIavKs9Fw0N8Cu+84x12/jAMe9Q2PQZmOvoZuA8ZqNqxM+NDU4srDmLbk12uSvk941HTScd0prFHWTRUhCvoK61ghaQNJeUFAlCYJuO3V6o+rqLLn5BmlWjvEEw4zgApYxJy8O7usbAjNuPQPNObYbfBfsUzR9OHnlVL28MKfpQoPltW2W2UgsUjtipJYdVLOABZj0jtmmmWAVKt+/4eFcQrL1+atqetLsGdEqwMR1EbSfQcmM1QCk8FnI/FIApGW+QvljOgnAWd/PM780xksUT42LuIzknW9yT/qSS+yLkIpbUyPoPF1KMGdl0N3QRko1ZcBnILyl2APA4dbJ35iSCwn2kYwKQtsxBnCFRRYySvtLAPfgrCBKBvm0g0SawLtOPUThT6liowo2TVR2bFBpcYfsAROIQqtO8Ks8Kcj0IssjHtQdqv79z1239W3dflde9O33lhMCJgR5+1Q8N38SFMHn2LF8aCIcmwxh3rXaebdPq3kuAMLDWAwhTxt8G8OOZjq+6MABHMPmeCjDnIr3/egcEbuD29C5ppVK1aesDTl26nYjvA0S01HOE3Tf8jnZX2GrDmw22zGWtMmr87g5+Drt4Dc7oUxXdtuQh3FiLT6fXdOtp7/PIGiecSasmFK754/1295JHyokFK/DoUxT1kyhtBBMowsBoi5LMcdWSkOaC9yCgjk8VmKuPw9GcRkgiWxcOG7dV1mZmdjwlrW2HfYZsVwB32gJl1tPtxfnJd4yAPB9BOWqmOmFDMlYWgrLcHTH7NdyUjjsKEzZ3U/ySHv9vhzoUPYzLJPq4cltz0IRnv3Jo+aMrTztVtccmFm5pMHEZsb8u4xE4Vj3iDbRaWeM+fiAAlJl5Q6GVher91MpfTejB6ZXlsGsYWb2Dfbs2CW72fRE2j/LD9tBVomXeKQFdvcQDAHqO7o87hecfSlgS4TizSvLlrWToWJBYBGr8vgm7oIMVpAEgp1B/4+Y1wHZ3Hl6NANxCkJWnI4t7somj9L1ODAb+7J98dPbz9fvyPa9WfuEZYlCFLP8nv1WuJnDs9J3mfv3n549uzZH3//vfspXr18ZTby2fOnP/75RzH96u07kj0x2/0Wnz5+uH7/XuDJRjw90VSh0HCDrqdKm6OSvHu/rxFc4udOZ08BfPHUXRCPHr94pmE808Z9LfZHvCDt9JjuL3eeeWhOc5MmIAWuM7aPHv7tD9/+9Ouvmv/xk056vsTy8bMZSrdXy3AFyas3711w9/TKjTg3zv0KFhcV9O20QI6UCd394Bw7aE4/agqp9Rx+hmvH2B9u3pljNMP31gWRblV5dy1Om4Uui3OVoGfNyMSkcY+fu2rSLSQLcXOGnU1+IO+VP5aBetaMjFtzm2dtkPtyx73OHqglHTRrWzg+4s4e7Q3Z404Bf3U9pRlbJ+5d8ifDa/Kz+8cdrjaCSK3fvf/kdLwHIhqR5KI2b66/PHrce1ecpnatdLc586KA9Oq/j18fdCF1t3jvsTtd7Lh+5BLGL+4MFwjdNv3g3rW8e/3dsaPzy1cPr1xy6hk3EuHrD+++/eE7zcLbn758evH0uVzZPKI8k0mYC2QO7OBO+POqPXdjpa2F824L4ON1JrT6er2g7UX2YrugL/zFKiDb6TeORLGQH3cjmC0KVlqfmKSwIU0gpYX3xifFsdsib2PnDuwUxIYjReM7dIakulaCjjo04JSo1b22ywgBAUBGjKyBKlNH0jCSNxoLlazCduBYzTpMwgzL/o6s+WLCKNrsFP3DnegDNdckuWsGwlc5XzkHf0RRjDDTS9VGeZSrbnyYlY0DcaNycKFnHr80mDXi+0PJiXPBPKNNp2hAMVebR6I0bM3AvoN0UcIhxvwKLbmqaoMIV9PZHGGSI2ZRrtBdgtT4nrxbWQ1zKdeVOqKLJ0sSBgfCFqVnP3JMy9DxzxqryNDG3B42+IsmqhuYTmXezCWIVpuIqmwpmQWNtZEM30rn7ygykC9Qa2JCt0StShRuz7jKwjqFSZ7FWBMQtGwqZigeRqxpWeaYOwMjeHTNlWfiGiMv8A/JrWnOeW/aFUw24bf9LZq9ak+FpfrLEqqtqvdrPVGWY8Z8kcVq84gxxBCIjMmZUtdy0Lzobr+Zr7yr6b5TIXvOZrLMEOcOfclGDqHG/wkcxtwmRmk/2AOgQRuda7rTYJeGFX41POKoWjl8/R6RuJIDWyQZjirzClsFxGkbs5szuW9hFfTDmNMSMLmFYivFUCbIHxKiQ2NvrXmYbEaWzvDYBaQnON7L5SdxxmxrGAe71YqL2soTMZZkKIkwkq3krAzdTysZNOoIagMW+M1ZUSaS0LMcylRN5gTJflJuGS36Az0QjW6as6JBmyzraRkhTa21bD+64ABD4xaaiquPIxOU+6vweCjzZi2oRP7/caA5o1KGrvcAFZhCgPQ6kdSMFQIrY7tUbDlkOgVL6eEuHPMl53G5mNN0/qUiPZzYBIcbT2Ul7apmjVxE9iebf/T5geveZIuPAt6fCCPExIqTrNnbXo1iiWPoTlvV2EVvkYGmv8z2tVH0rPt2jFZpUtHMQ2xHbCuv+atp8gYLFY00DkaPLwkINrzGWkwWSDHNx5OtPqYaPEycZK8VpqOyb2D7W88FXmWcHdWd1pEqQeHdJN6JwuHarImx7uz4+tDkl0v6Pnq+4F0v1nMjLdO95MNZy+cvXvzD3//BNOzrt2+uP988ffrk7eu3Tt7+/OoNb3/74vkf//B7x6neGwK5BpS2u2xORig7Wcg503rPe0Y4mZLvnjz9hz/+/ptnj7//5pvnz73AWWYl9fLqEI93bobQ8ZZT2MyRkjiJ7YRml0LKLz/cXN37/PyHb42Uv756I2V78OyJ06Y14sePcrUkOBR4/Mh1fq62efLdd2wRaaVsIkqSyOE9JNGkaYlchyXlclQ2DLshRg5UJO3aBffsYLz/2SnjB08f9XzoK2v52N2+D9zH8+SJk8netlSbM/A0VE3cPPZaStotJ/aM/Q/XtRl9N6YG70ozm/juOZSa3PqX973yTsN4952jno/fPnv869cPGv/J3UfdM91J4UKoG1fuyOPR1oWvnj7ca7G9SU+Qd5ONwHH1RE/oaf96T8d4bFLQ/GuTf3c9fpJpynUknceBk+le7chvtJ7zlLqRByly+V/+9CeXHnp1jl2CB5W7hODN61fWGvwgffRId9Qp2/3XVevQwphXi/EilyeKvwYiUazIANnYUtdeEPfFKW1aTuSuajEb6+WP5RUdgYV+jP5j2oi47oMq4ao0xXpFoZ+q/vneViWnW1RRhyRhRDGM9FbtChIMYULBpDhzkq5imm874GxIoCZIfTq74tPm1lVZtrOfVYNyOvxFffoGdUNBrX1U22zMyAK/xXPD1GqJHvMgHTPT0lHJjCpGGk/Dk3G5hx0KYWofmWnlrA3e0E1eoVWF9myWMYGWjTEZiaGfGpMQ9WxadaWt9HUZqABdES15xsZsz6MRzarDYbudMoGNVAMdyFBdYGdws1T9ToEIv9hTwhqUMw4CxsoMSPkBrnLtUAAW/IxIFJ2p188U6LakEJ2JW3JMrRmuTqNXN/oFcmSnIFcU8G0JjPZjoda324OpCdHsJzhFFYmli0PKOkgHUBmPGTyOKDJqrwzCUmKZKKoWBzbtBVeQ1IO5GK3pY5xtleeO7cLOKeZQhj2zWvU75CNdTYVp7jcpWW6jvqBo4SP5y1brcEgIteWiDRNpTO/ix0xyknkykB/HNO2TzIk+ELKXhHBSMyP9DFa7rYOy4hrc5zTm0AeoD97cijkAfqvFuv3eWc3Kpb4JuigZO5nRFhfyBXYzPj1VXn6wHJFTVksdLNSVPxRMpepedEWhRmR5bzKNawCjboc4tWtRkmvHWitF7Pcr1tB3HnWKFSim4ugenuPEOCyQaoEMmxC/nLBIv0gdIxbFs5koiFSuy4RgjKuuKvUrasXmcbYHq44nL6NiYcNHMUV5PXsyNTug4xIq1tD6bYXQqjK4A7wMHbJ8bU3TBcyC6pzavvNYKAAAIABJREFUUGRHFR7Pg1NeD+n4Ehnf2OE0tAxNSIe7Qa/sr2zBr91oK56ybMU8khODpRe9yaxd8mLowaMvziM//NirOnpph7klUowsj1xx7yzYTOo9ag924b9TCWCDlC+HAxRrujk4wM0ZBxANttXOsMJj/XwNffr52iGDIok0OxbbkrLaVMmclYNDvB8USYzN9+4kaXWl83F+XnPFMx1NONZmk93eo9afUirYuxOiDYuSGBXmX+0so+KKT70L2BTZ+3dvqvny6d27t+b+vFjP+0FicVPLx09//NsXUrlXr3+VonGE5JIgl83Jzkv4XniM4cNr7+OTBoX+y7vex8eXkpVOXD7t/Ga94rtnT373zYvff/vsb37n4YkP//g3f/j2+x8kHLIv+HXeB/e/aebx5uabZ09dsifvkcd41o4c5p2lN9d9eXL11MH0H7+78iRCHvJaE5I/vH//zXcvBIHIk+M7aX7/xeO6ilMe5zJER89ewWKWrXOw7RmcUm5P4ZboZVMiw5wZP3KXYU2h09QE3IiWKxNzPVBfGPiWj7rbxvn0Rw+uFk7NmWmLQtZPL1mRjxkfPZrRDJ+ZNtcINhXaXKaWp+mrx+Z0w0uB4Gy759R4hwlON7V8vv/+/Sdv03NBp3tkevSjSUGXbZK+lnsPkLPSXeZoHPZGHE0qNHtRCp2sK6mVeDaX3uPeIXK/Cjk6jXJkpGl9z8fREbyyho085MHecsR2Ojv20sovX77+/e+eeocK08WjaOE09nZBb1ZKIx+b9PWEbmLrueYNua7lRPDcsdjVuH4V14s2NhxXKSIov6klY2hPGB/6mFLlpwVd/ai+PZaKCv4Fl/W6ZASRG6gb/fSDOPioK8BLZ9Q16ugZDa14w9K42tFDvFQnK7nMQru9QULbF9pOOipDnUy4lTKy0+GMFbeDYnDEfQSCqlMWFGZr5I2IIT3dPZkNt+RyQqMEDkTpycIMH/C0x5hMoRom62n8rV5pFFnVvoPl5MwF8OOyTkhcmRHIVE4Eoa1NZH5rUFHC/GjTSaYV4vXuWKst90/hqR9pVanw276pVlNNB2X02ypkiWpXOHOXS1SUUqSrxdc+KMkwWVXHhLPkSVWzBFfDngL7aCuZ46uG6grJWC8W0sYcaIb+WB1flqxxjlTfoZ6OfCbAsj6Zkx37+gMNCyKa5/W4KikcUm9pEgyCsKwsVVXnjVv8iuIZYYIsOeZguNQoqbDvfKCur0qmh3sn9rj4VvJcuiAvIuQvhyeDk8OqWZ+McK08ca1sUb/IKxEkbHUAmYFol42wY9Wu4uoS6F28ubYiqmboRl+dpNZYVpRBXJEYn7pxItK9IDw2pyNT+g/K+ko0/nWdizvmnbxsOyfMMZEUJNmiIP8oIuNWTdv5ZKVHZL6PIIx553zvZxJISg15Be3ix52F0fvLADuMhsYawlIScw6aj/ZbEydj+9gMCmAaL9oOa5FGQvBuC6Zb4TSnUEVIDsH8cQyc7sRFMnAjVDzaubSNMsrVn45ALji64dDMZ8kgJTWh0YFT3rYSQObc2t8WRKfHtlIXWTc7zqmqznZ4+629LRDUWKkmVZKhCuUZQvXkBLWPKzqnc0zrVc3GBkVKbnqHvJD62NUB2g6vCR5/m+Xxs+v+XYnY3KGPetMonz4sCbfHeWDusH266w2/XJk+/HzXuy46osnViTc/RCXbGslvB58qj/Ghzeht55gNFYEGsZ2DfXR4/S9Cat+aaBYrnGU5ek7KluqTaTm+LBiIgygcmPOb+uxuZ1p5ey/6EP1W9m9tOKENejX9+CObEKmIl4Boyvbo5qvCOMF+7Q7tQp3zNX8lBFz/58yl3f/bd2+dS3SiFuFTd9U+fPD06aMfvnvx/vr9axfGuSP46rE34L19+/bVa0+3ufvi+YvfffutZEd2aHny9PGrl+9fvv3gYOnB44dd/dYduSbSPj17/Oj3T6/+8M2T758/+92LFz/84FHcLx4/diuFhKa765xU1XidvnxY1Dz0/al5wccPHnrKjhtbnj15bH6NHe5iNk0oPRUIO07zFuaPxiHntc0SmiezPPQYU/c1uzCxpw9wNq9vBwOYCbOH3YrB3q/e+ewRO87Dih0XDgL68YMbbNxXbUAwJ/nJIQaZbqgGCRRXJBgJm4q+Qx0Pc3dFPPrgvttmXFaoyq3A3cbyyfzcA1dP8r/QufZ0Q1Uf3QK8VqsHbTcjRh8//FjqV1aqqwhoN0Y/+/rg3U0Hotq14fnhnfemyD0/qNtrPjln//zZE0e8b959lA4anT0A6E233pT/CQZa2OQ85M2dz64E7exyF80UtuYam0bdDER3sCA1k9kRb5o42W3cb9+8/Pf/lf/Kzz+9k3w/fyT5dt3n4xzegdUCueGiWN31R/Up9vgqkBfVqIrfBSeiIlyYYlj8p5KL6wyrWk2M/UWlVA8AekGrbCuyYgQ0aLvflG1Fb4neuKLygMBJ+5YDWhvXSeb/VGdJNakgLy6O3j6aE41SYcgsVOmMXSYR8vpxvzhvu/TyvuD5iy1p28DUb6TJSFFuOSNOgJWHeabFCIz4u3Xj8M78auZULDM2mkmP2dJmOyAs7XMbdleesXxxNhtsSSEp3tXHmkkhyBFTqXCD1dxz27iHRn2mjCIZ1BmhL/aRQbviCcxNYxJaa7TgHSlnTz0MiTi7hH+TPGT8HYx8ZCX79nVE0jQltEeR11kVrouUhUkbmR7zgEXcjklB2Ec9UfHOrMXN7MvRgfOldkYfu6xr3fw8seNElNyAr8H3FeIIZeqqknZKVMYUd1DQOHtbvK3HVJG7VhlM5b5Oh5mxgVKbmIq3k1CGibbij/BEHDNUuH46hrSH78T2AlHQXGQddNFMPAtLnPPaMDJXdzcaKm+46Gyq88vqjIAntXFJntZwGrB4yIp60qTZSHuaM6anEwmNvMA56UC5ggiGsd6LZ13zgJ6uHFQ7XyqOxIktrk7QTsDph9wRiU92H4+s5eDRmZuyU1kTxOyPjbzX1orWekmtqGg8gojKcNs5JTdPSMyRqlPkyiRDVgq+uDNQoT1VKUiJV+xI0rPonMIjHIWKNXYobPhCHkpNW8fhu2FWPhlcXv4cHCQ47EXjOKw057GjZ/JAUDecqcDSYVom2mr8mRqb88siaeuZdlHfCLJVjAVenFow7ZMznMNtOwV9dBANzUusbnyKa3MfNkIoVxlqg5eCiOOiP139WTzJrSd8ULe+eNTJDW7MxHRqedemdX7ZiUxPF7ZTdC+ty7naYfskTBLqMX9fPHDOLFY73S8PnNF7SKg4zDGP7kkYe8xJx/Z2BZcMbO6ExacomZOSZhUcjAy7jSDeRJhPc9lxr3mUuY+rkbUH3LhZf82FJMVBdJYSNXsTeaIg67OckLRWfsKBRxG3KI1+iBYo0ef/hFbp3y+GUpno5QxCk+/10w2LZ8fhvSPz+XkAoMzHVXdyLimO1MucYend/cf/8Hd/S+ybV15B/PG7F0+lQDKqX359pVddPXrosYhPvd3EC3y7+pCOr2/e37gFWArnmdK0u+lYy7DyxaMHHkFjEvFvvncG9VEJu9zEXKYUpvzm/pNHd947u3tjdq0bgW8+NFN888k5Wbecd+XfAuYrpex0L4mSHsbS7NWDhy+eCSZkZvc+enWf+T7ze7tjxDglqysZ/FSyxSU9DkZrzU/uKxaCNLlbxcncd2W53l78yR3KIoXGfmvlryxyQpmjZZZfr991WnY5t0T5rz//6qw99z66euTGHQ8EMsR8eP/WXcdmBx2/yFbdusK084ZBDuYo3wsAuemnrpO9f89tMlrkyhvzbjYJeu/r86cP37xtRtwspwt9JMvvP7QbZo6x5/31Zzm85O/t++5Nf/zo3uPPD02kL0LWBbsRqGMiOR8/wSs5dtu4t63oJxu3sqLY0nadKRIfUski9OPN15Dff+CRl9/98Du9z2UAyFwKaXpLADoeK6fsHj9nwA20FNTZz0hQG2kRYv2aaNhWEb0uU7evAVDVM07wL18S5YUuOQ0LDXhJsmbF17lwUka7aEdzOhaChhb7pWksDlFbJjsJlpTbqy1/SlxqKSkdHOWY6Qpl/xcVfmkxGh8Z3NS4CGTh3nhYORFZm1Gq80XiD77qVEYUh9G3EtpWTM6tvvDEpqQbdY8T8lGiLlKUbjtKRalYZUcRZ7ANG8Dr6WNLza1v4j0MCQhy1ueu4PDPgAuvJFuyBEfTYBmHVgBsAI9C65yGpTJvqa0N5nzfSCrxd+JCGhCuxlAyoZ275pK2A6s+MXYdecxa3qmRs6dlSjRBrcZ1wjuP5NhxIGCKsGhkBGYWTtIIaCFGfbLH1bzbbFzx5Ws7uZwbrMnIVcG5gB2SPKC6fXIruSil1rhCSf/+OK4gWdjVRtVSGndkUYzVL9Dw9Z0/5/nCEeRjTo0zyUd0hiYF/+kzmT7DVogWtqbOeTN9HrOPvMVGpmVQ7PkkWRX7H4WqU9tKhWFGi8fxJBP6t3cVFu3ut9CArGO6Ut1YWN7K2KqLooRpahEYlgvzqU59C4dvGyq687CKWwS3ppySBM20MZKtkS5ioEvAkXzbHrjAgVWFMp98m57EZNRBdjATOpOP8PzAj1hLZrNjxmBI4JzjSbxeXKCyXmFn28RHnWWqlLVksiG6EEhLFg5dNoee9Iabkc42q1VYioUJyMRkDq7AuqxkOu/z+RxRzMwZUVppM2AGl2M+sv7IGmkqq2ZeI9TqJnr6uxS+plFOIw9ajoK+i1VqQkUAwSI+1OjYQ34Y6qiJTclOpOnGrTcBiMWW7K7ZFINMt5FW28bFVxh90tylYZaLm0SbHL/zyyWH9uXe92VuxuIhyrs+7YMHILsQ357QuWeMWdC31EOD3Xjl24yB3NM8ygzYKKr1nF5qNtg8NI27NKVTzxl4LAkU02vOmmKiTx1HYFvnjZuRib5tjMnliRgbSinNuoyueZNuiWcaiLTO6GTGlqgGTMsZ8IegVkng/ttX2eXZ7dHAoZXXBi2zX1ahGqMMDFD6vVWjF4FIyJo5o2inIqnx6xXMKKUFpVampD59/ePf/t5NxK9+ffn+/Y0bUyTfNzcfPDn5zftrVyL+YdOAUqoP7z64ps7dJJ7w9+qNJ7aA4fF+n373/IonDQHPHt93F8u33fb7yPP8pF9uc3B21/2/PK5P7IpSp6M/yfc9H+erx/k5L9sr+1533zAhZr065X3fUwMlec7w8iUX96xAcejp1CYjr0wY33cftBtAHnShnocq0sPWDnPzvFO51t277fZivaDrhTj5vuyQgc4Mdy7Y1Zk6cPvIYrSz8JLch+V8XUVi91gcf/n11U8/vnKLzvXTb35wV/GzR89ct/n0y5WX4rmnR3Ls7PLnXz+wBzck3zx55K7nR9efoHMPEBcVz8I1QHJWJ+vd2uPSQPdOuUjx7rtrY+zdhw/dDSNP5QpXT5Tgqu0tLt1849lA7sv5ZOLQM4OcmHbY5P4Vg0AHSVzqmKgDBImxGVwOkoN2MaLBrLc1e4prV2q0P7LbgBEaQxMWFc5ra+l/+Zd//vt/93evX75E5pjh6vFT8aj78Z5nWNpRcAZvituGhA2b2kSH16TaREzxbuFcQBeRQvB2JZZ1AhHXMFJwL3gvOUd7VAVJ0kkSa2WE3gNT92u/Xifaqq8o60v1/cNVZ6288UxJB4IF5sET3xq/sW0jWCPgpf+G7fSqpK9Dk5uK4IDW7yyxEVMjbAFzsSF0lx6KPdoqfBPaV+5a14YwMWiKEVX1YaZOz8DMfLJR5MnDGG21G3cvWjfsp2OnNZJqSVlAbPU9GDk7AwW0PlEPaAQbjjBuhTV5bBJ8zepG8xmeksQl/SL/ogP8Qb84JY1WRz3sG6AO7fS0C4iWxPap6SSZ0I3iNCxmFDZCDETyJrChi/jDlTDxEGGfcNdc+bGhI7UnFCtMarJa1C+IrHJJWhvqh6nqW/PgVDGFfZOZZRYSKCvsJktny4ZiwXKqKFhTLUcskjN2qkFNQ9wFRKJsVGrNMGNjDlM08SgCZakKxzGjvtHU7KRGkgHJtacLHE8cJPTuFHP1STq4On48TEQiHXM/HFOMUJKeqtzw2UBqvCK356haXLcEHU1okSW1DkfA1G7ucFblXTupweOQGjHIIeknBZbcdlbJCfoxMk0tNuOLbKrOtoI++yGZ8kxRktx9ifJKadoPWkfBxV50QbCqihvPevRKMNdXz+rSgJqvRqmyPyt5yI8dMWlO82hofdA1iLvBUErm+NwA+9UVTjUabtet94yymItsv7Pansp6QgtWK6jPeJECzhj4wRrV9LcWXZzp12AxMmCtwEIUFQ12ZK36x0P4cUJFp9GwjriQiSjJaNrTEgiZnCp5C8FkZwSmuo61XBXMlgKin+IjfOnqN7zW6yjtSWUZhPW3fathLEK7JhRrpDgIaeBsabLpeEIYepAbvJ02aq8so7FH80A/F3Z99sS9rj7sGTefP3j5hSaHZohhBU3D5nvinY/z+DklvQ6tfYy83rky9yl0Edvs7Q6WHQWsTUDYHimPBI8tPRknw30WtRuO1/WzPKG1ae4xtW6oijGDct/gzLy6XNRVoj14OaIkj3jlaxTAp6zGirIGuB3+QqDoNO1apf1retc4OTMow+rgUba1Q8jt+busucYyzWZlMs3f3TGLht7EGzd7prTHQsta+NqLNL594U1679++aTJMe5kmfPmqtIiUZ0+fmFCUSXgx2/t376bxi9PQXlXc82481Np7+R51EaHbO5721hOfK98GP95sgG8Wq8NDj1p014j3l7x96/5lM4c6lIdIP3UO99dfPBvHU1oemaLkVYnr55t37pl45i0rbpS76/rFJhQ9hbr4+nS958zIXT4/kOSXTrnAoIFLGibL/vTx+oEI8nqYHv398O6n6w4qulxPe+7BNG4j6cR1uZtU0Y+5ToEIpHxPK6N+9fbDP/35r246/vt/9w+uznSR4BsPhnzz9pc3b958+PDuzVsR5xk5Dx7dN/fmZp3HXnX35cvL689P3n/k92+fPHr64E7vYjEZ2VWDPaq66yOLFHFX2z256jzu6/c3jorkl8+vvr7e9LhWN+1qb1X+ZyJTMvouBz53Nv/RPWmuvWhXJa6vSjpLrJjPMb2G+4sT0sYzI5Oz1mfk9/QFU6TpXTjqZfYAnRb/9PHpsyc//fKzs8xON3cGgCTXKpovNP258DR9qBMzTd6JUS+z56AxQ4Ro/SUki9dLV9jAibustDCuy9Q/CkoO8OPjf4OycsDanKDsbJCLIvJ1olbnuNRuV5W+jZKJY2QRXzfqp7XmVOJuM7MnP4ET1YgRnGWk6G3YajBpRcHGizTMXwhjG9Hp0PopmdllCTqmbYSjotSeOjX2q+GItR7tezuozAzPxpexkISPyaSnsi+eX2QGIlWXQaChvohPU1WG7hKFWoYz6vcHwYaLPBMAqowfWX8MyjVpn/fC1dCUoVM1/AFKbmpiGmZlidiuPbPXSPN4bZq7RxGouTJDZlrmZ8TQHAzHW1CTH7K0c9n0pYXYDXqTSTJd7fJHeHwXPQcgjXa3UlgrVzgIk+E/xRGeVcAa4xVin04FhUxU3NTOdRK4M13xpRXX0d5PWIotIUn9MERRkZ+caHURHSvhaczUViPa7jO3D4hD7ByVW6uYV+f5WiKODsqO9skuNkIc5LBn3WTvFDOVJISbpvS3OhgJjsu29mgj/gKozlViKCps7xownb11BB3iVggIawuEjCBmvjo2lR0pufggjf7T1JfVVGfi4T0bIVglYuQ1XFpyqp3ejMuZZ5nwIzGnkZWRfi8SVzSijLo0BVnmEVxkNXGRJi6q/Mg0kpRljwqWAbitqArchK/jhRMVZ5OIiOld5fNbWtJgLU2cOYh622wpUPlNenLOsWUioy2CtH+OSy26lnlx20WG7RyisoZJTvBq79WGD8j14sXiJYCSiDqv12JTkjEt0xQU4i8epOdgwNU4QcXwpaOQGC2OidU6MdfrVIfDt7E7IQFW0rZFRufPe9Y8S+WLqQ7TexI88yLV2sE1F7O4HitXJIPiLITyHNAbMKEpl3Rm2dmwM69kfua6WcRPppuuZThI4OIXaBORCbMRPKELkKkZFfJL0yg9GNhTRXrdrdlJtwd8so/z6JGOUQu/BiFnnwdkmBKQv+DORJryUBGbznylfg7G3ubFFxmWu6KpmQPla5/8ZoMUCLFLp2OeCXj46LI5OpRTk/5TEBR0ESmr7wwOeQh9RP4eABgsj6UrR+katAAPLg6WdjygUVzq99A8oAxA9s0drtt0b/Hf/d3fmsN7/fq1ZwN5tOEb9zC/cfVhV7n98MO3v//h+6ePH7uZxfNwjB3eevfmzau//vrGcabpuTdvbjyxz/kHp7E92MVVg17i7OZfeD2be+NhFx6YGZPWiLq3nu/y9Stpzjz/9S8//r//5Z8fXb2AVaby68s3ro/kGImsHvfkygTbe1cHOv3qIjzXGD575iHebsJ4e+We3S4wcGNKT+t5/MCjcNx88Mg56pxsYtjb6TzZxRTlvWsncUVVBzFNHHbtwk2HIKy/02GHYxCXMPYYF/nVTvl1UH/3P/3nv/708tU//uN/6dvn3xoZzaT++U8//fXnH0WLTPbtm/dEPn9x5UUvRgSNYvZRPqXhXYko02X7m4+fv3l0/zsn5nfO15WzoLww72nys3c13XcdhfTxyRPB+dipiC7+e+ytync+veONJg6fPL7vuTQauuRvF7V8uCeR7WhKW4p9neBxFx026W60cj+LO3lwuNLSyXfNV+zUtwsqW8YpfcFA6XBOUBnYOOTF829//PkXF5tS5LrJZ8+/0UzOUzPKLTv1AHdhNziQsGuWl310wGGJzP+J1eJ/3VDL1I1Ug92vRcda7mJwq2hOu/DVt6JC3FpxDzD5rSZ0a+sG1Y41mvgmu86gYKNmtSar/VVbPKT4zBigKKda1wlBh2vIoWlQabzCx1LdZyrx158jyt1H13pixPWs012rmdz1uyQfsXkhkbjnCmQq+s6OEKb7GDhJPO93BY3Gq1z/bSPFmXQssBo41mxMOAYf/qM9N86sGTi/ZcgQ5AUbXSmwcTRC0/nVE7mvjVOt8kQ2pE5LN07nlf0d925QvHgi1mMhS4A9sdG+KTFkpBgR/gna5W12I7kIIn8ZRS4oaasZqg4FPh+yBmnNhJLQjpy1R81Bbo5LvAOzJinWMjH6JISoHv8zxtyX3KmtWsFYWqcekiRFkgHhZsF+VwbjdkSKLWgmb6Eb99RViu83ESEY4TGrrhmmFq2nUMCGQ3IU3VQGgZejGvfiIE+UnGTXauaw6XUXXPJul/GgCcUacRXjybPKyM1T1Up7TJFtxHFWqusOB7HK7lAZVnT8Paf42u9x83TURoAln8rAZV9m1UDiSqy1mi1xpzZnZKSPL1xJyj6dUV3rkyTYVeuMFY3D7jRNc9ElitpOZ7JmCCy/iQ5JEpvES824pyxVLcQW0umzV9nmQAUnhjboXtPXAO1vhRsD2+8mFo5+myyH1KkdB+12E/iK0iGr3WZV8nMC0gBpxJxkI+vQ+kuKtZK2CNsOaut9Yapdt52c4mS96VSL9TwWUSFERqdYbGnLSag+BYlgcap9J7Nfu3lTYeGKbp/oD1QrwfQn7dhPHuKZfvKlzmlvaoKoB1nb63SLsRkZeyA+6Zo8UOyYqKEjk9LcCcemana9a4leU9+u5LTS9CNpnYCzK++Jh6Z5PpO5BLS23XBxwB5kM3JAa+q6Dm5etlPbdRO9ivfzQ1mh1BBCV2fZQbOgY6z2JKfVyxVtA5fl+SK8faer/xXtK8oq25jPRZzzZTQfovbmjBm8XNTuhwT94ri8rqFwCnJwA/+cQ6AIiCHJrYWo/4oaCGv3JCchbcRCkIObOWv1uMjjjt3YXZqNzcTPjWvppBmShtxbCv7qtVedfJb5/d3f/o1x4MefX7mAjzSnSt1E/PrNWyf1PYb6+xcvXH0ot3r162t3F3//3fOb6w+/vvn47sONW1v+/MtbRz/uPmlizkP+uiTwviSzUbMMxvVtH10rqPv06jr63D393jzV5z//9ON//vNP158fvHx788Pv7z99fuUmmnsvnjjEe/nLK1nmmw9v7jx56to7L/h78OvXb90Q/e0LctxH3Wvr3Ia80f/q6ilnOw/tlPM973xuxqyzIx2leDDVh/smGj9+cDNT7tIUgskzvF0UeN1VrUA1j8ilkpFGKJ2h+cVP/98//0jOf++//d91ItaZ7f/8l7/+6cef3nk18+Onz7/54d1Pf/rw5Z0Yct7ZmRc3TRUmkjRR9XmvZD6PVLr34OWHz29v3vzeU7ZlzHbHn76+fvv+yRW83HTv0d3HbuR+cPerc/E33XZtb3nnxdNH7jghWE8wsW6W0IWdHW2tz0uyBUOXBTji4QIP4n5w/9nVlzd8qof1Gj3n4rvwEKSNBY3pux5PF/WGVq+0bpThLMEBtTQULNHCMx5w8+rlSwnih/dvnOLPXw4hSkeF3tfui+ZEPH7XpXcAnWsVKjHkF6n8XHcoZjee5fdCeHMPpxXIWe+QqhbE8TdA7aqPRjdx3ahfrFsax5KdoH0HLOiNlgn0JdjqDI1kCd9wMBXJJu90sc0gtGdIcL0lFcHnIv2zkkTWcdfZRLHtk90UH2cfoLvNxGBtYNWhhrHJK8ztomfEQacgQ1g8qOGZ2lw24xSjqL78O2QXszLG52jzO3u3P7Qry6LjIG1J+q4LrYEac3XKjAg6kxKSrMhLKnK4jy8N1HqzUDjOTsSR1OrQBys224xmVwaTm0BSIpik0E/wytUUi8iSSRMJ4qUdatxjMSDgLQoyfhGWVK4K1cUvfhuVpX/ZV9XalggbNAY//f6Kx+BdTp20D1TD9JawVD3KiOLOE6d9F4w1gXQy1EvDkxeOxBwfFC1Tss0o/YdP4aUI6dlnL2ceAAAgAElEQVQQN7nuOJL+W9saE2uKZC+DSmmmUIqmdjjUCb+oyMu4aFI9APx7sYqcfHthC+lkK7xNEFM2J01gSI+M1OT+3/60ZtzdiNe5GAe1Bhmeamfms6pbbPEqmo0hbjW5BO53Kmwq18WDHqfaaT+72pMRqD2Yj/WoIhxkJevJgzjpp3bV6wDMFZMnLxkCVZpWQa7z5W8uy+0t9eEmEtc8R5HSMB97DjxqFRTtqZ6oRXHyFImtOBhfmx19lYhBSUWnV5ZauLLIcXtKm8pIilmzYlZbuiI/2AaiOSawZ2mTmhy3wGt9XjseKaBSVPhaJnxYZv2aumDKgHzQQlKEZyW5WQFB5a1mp62G29tlaDKolosb7cEVl/IMGLcaFKu3Vuo1yUewDQlXs4Nlb/bHXRnV/MUn0xDyMBcR9hgaOSLEZs4zNBPqmFap0rtFoEi0kNamHaHJSL09mZvo6b0Xya93DmVYl1zOVzVLi8ZqXGtonP1eYHvXI1pcS2oH6C4Dsb6nwNmpIuwhOM4BLghyTFBCVXfPX8epHJQbtsEP8/8IRs/ppw7jWGYX4jy4oQtBwXoZ2E8IThNltVB8jC8AzuBrffIvARhBrjkeK7AyfEG5Zs4Tk5IHecD40qjrNGYZI8qaLMt2EMRseYzc+fr1q7fv31+bq3v06evf/uH3cq+//vlHtc+ef3v9wdtT3r/89aX5tWdPrrxP5fc/fEOMub1ff3399OkVMtcl/vWXl04hO/HvmlAYTPK1I/BQa5fwmaEq6poDc5uJ2uv3H10PaZfh9PTNnS//1//4n/7Tn3/64W//i9/9u/+mnvPxr3/5159f3nv5+qO80S23D+97t8cz90g/vvvLq7eezULmvfsPX737+P79T6+fP/n999+8ePrECfJ21/fvNOF296OHXhvNCjbP23HzretDTOhdfXajBy9oAf4QhGfu0BNb5E/QuUPHfSrd9OE2kB6OJHRkXXf+6T//xSuh/4u//y8eXXWz8P/9n/7551fvvvvd79/8+PN/+3/4P/7+93//v/yf/8/euQH55uO3slWXnLiGwdLJ3B6fVJjWUvpFSbtH9Pz0+sPdb5/IvmV65izv3pjh6zhdTHGWAyztR79zx2YzGfXcQyCbkC8O3KjTuPZVyPKqGJfrdyOB/JIQ8aWfyBGfPPbq53zucd5mGJ2U9oR2OqR97tA2zpvvk8/RZXdrzF/CWefkijdv35r21TpOLP/015/++Pd/b9Nh1afPb/np7sdrj0bsSmIuZKZA2yighLHZ3Q71ROKGzMKeI4u/ojPqzYusn7O0HtKfpQypNbRMPcPedv24c2k0XchBXlJ9Rb0KXg5SzEs8gDtUMK0zXDoXHnJUNQzhzBXWcNVHgasVNLx/zow0jgukg2DIWKEwOVN/MBxIyOGNpf/TlSdnRORnBumABa3OMfrGgtCNwkrrsE05VoT0gTg8t1DSEIV/JGcj+BQ0xtbdT+2aS3k6Zljl3Jng7X1QpwUDP+Yd0NM2tygYklQ16ByypPnwWo1b2GazoiVkZS2iQoPx8sqrasAStZu1KBIIPpoz94QSKR3GZEPj5SRyUZAQ9FdhqgI4r0U4HavK8sTu2jDQVhMMQvJNnj6aySAHjrQUuO0ZyZjhtUQrh0AHbiBrI+vxd8VtzUXTygLVYcVxzzRg74QhphTVsuXG0zohIT17Y+0ySLlHVSyW1J0YILSibI+/ZdZEGn20xvlWJ7/fJMwRros7hsY1z23lQmp9mFKhlsIMSa6ErmfE2VmWI+4iRETHn2nJb2FcuGz1sDKLkEJwxuSgi8ATPtFzHMQTEeq1Q6IGZrZmyJHnh3Qf3sK6cl+WtM//a+NLDP1Wk4IWHck3Ixln5APrpHU0ZHmOOk6cvHpm3lPsCyNmkkeIt+aZqPAkvSUclqStK2RRx/eyw86CFi9dQu1U8yixGm3lRYVXf5nGGbFVt4aEMiQNiyr4NJBrPvQjm6z02urja0Tx5KpTE0uCNkCOirO0HLE8Me0B8Kecd8Vh+WoBd1TSWtiO9TTgYEyX4kDjlERNGkFk5on5wtrZaHpKWlj21vcu/JcvfLj5bDfnwnt5npOA3aNsVzIF4tkKjNkWVPu5Hc+X/lUIlbko+1aUZJp0kmVKGjm83WMjRr4LCQrMEzI4oQQxAxtiI8DrQjTPUHnoBFyzafa63rTS7bQ9OVn3L5pDNqHdPDu3JmdKOMQQQ5a2vNVLNg/lVURmZvgrx9bkGXBGwFucOXOJdYOHapQbjGv8+TjtRYqxRE7uR0DnH19REJy+xOa3cCoxRuYKRaW7ytayxTeuKEjpir/Ad/PO7o2V2fVglDJtDz68uuo5Mt9///wf/v73r37+VeLw7TfPZVCuq3N+ea/d68bcP3z/jRtm3Zsib5CFeNLKqzdv/vrybVe5XV39+NOrM1/ZqNTpyB6Obe5Yo8u1EDe33M7BGd4Skl/evf+//n/+v9d3Hv67f/iv3X149ee//Plff/zxz7+8/PX1GxOAjx88dt/0ixdP3Bz9l9evv3n25PnVoy/XNy+uHvzw/Im5TMcjP716k9N767FblLsjQ+7f3TnyJ4vrDr3vhINceVm3bpzj266ok0iaPpRMCS9PvOklfmK32VR3qUipawKuu3vnp19feqb377//QYf+y8+v/y//6Z+9DOW//z/4Hwm/n/7650dfr3/8l//47t2b7gH6/A4kr1x58rzGdO+3u3y8YqaXL5e3UfbJVCivSRRfvrl+cv+rfHKTKNqvCEAolLoL57PHD133qhZvWDGt+ujuN0/uv7l7x7NutKEbTWSHdz/dl1xyqphytlrqbCD3wCJHYazo6OfhV5cp8rRJRPHGrh7tTcuN+7LdW+3KxUZNRV3f2V0vQqcv9zI9unI15EMvosbqwt/nV09MUDrWcKlAdxDdfPB+QZMJop0b2wGnofatwxStgm+rjRQaoCilqLHkxGdDyKFQE88CVXjiUtCusqFqgW5PvA4C3GgLriMwmRFt8Igvtj7hKdwpm+gaZGpQ1KvCpKAGxh9J1cHTH1pYFq+/enTyT1myRxtMq6c41kOj4BbeEa7GDsPwErAUbj+QiLp0biKEeNgXctOnwyddWUnFVlI2M5W0Hrou06kyQa3NGTRsHVkaSEgWdZ1QwGW7HfzRs4EjBIRVdivi2Bva4ysSM6fN1trMKEiUtF2LE0ZBe0JBkS+tjd5qqg/SJOb+iYtuNJM1mTET1nrRhLXBOeb0pLC1Y8vAzYaArzBLBmgoFc2kuMapci3fVWBUHNoEXoBYDVmq44zpwqc0x6stMtvixqAiOGbUjtEHc6VA2k5I8pXiMEJXWRT6zL4dqSkqcPrDHUt7tKIq8em7CBlRu7OlE2uB5CE7nW8GhnB6Aoj1S9fADdNhzwrlS5ti9af/Tr2vPh3gOrY3pkDtCJK1zej7qq64JT+XlK7V2sXZ6TsgLzAHKtQMASNITHEVh6KMnJaL1bZnSjwBPUsdw+b8wIb80Ff+TmJ2BT4SEHJIG5fl6FBdH6Itdf8mOhG6WZF7GiLC7LAczylQ3RdJR+5lRFnWkkoiNvatOqq6wVR1gGM8dEzuHBSx5TUPZ/EMrTuUL95t5kzAl44pul04rQRBfME40BhKY0g/JrA9PbVybXNMU8DVqDjGeoCCGm3rcWZhdqI8P23GYT+YOB6HLNE0XdokQzFXeJaqMKlXMdL48z5Xa8bDnuQzqCEuixPQ/ncqz5Shpx47Z/e+BNHbIr5eEycnKUMhtvtLC5YMJntDgl14kWT/maYsYYIq97BKEBPt5/bgarYSib0lEy89iUOyMf4s6FOGSHFtcf3pnvd2NLUrrSfQSWt3ltrEsCjCNXK8ychFyYExWQ4F7Pzae/lewbyMpOsWx4AFHUSLK0Z14UF78QaHmvzSRIhR0RDCuWJsa8rqdvYr06a/wFM/pvUaMM/2EVfzJZmwppGszVv1OeY54eXasi7j60HNCzIN1RtPBNh9Dzh8JD1+/+nTf/j3//j+3fXbDx9++P57mH/+a3fr/vrypWdDmyz8d3/3t89fPHFC+acffzF0PH3++KefX/3y2mOyP7mN2B0q7zzO8MsXJ0+9mNhpexcAGnQkY721xoOgPcRFn5Et7pLS19cf/3f/j//P3/zhH/7D3/39/+P//Z/+j/+3//iuqxE8/3yDC/99+fIP/+X/xutf/vr+g2fwuLT3s1lO84KmFj1E4PP9D0+leffv/fz67eOrZ6Y/Xat47piwr5Eh8YY2m/Eu7Lta8+qtHQ3P6faS2hFlqaFMseckye9Y4AUkRkfd7s5XN6A4z/43P/zByab/2z/98z//+PPTZ9/89/87/91//Pf/3quo/1/fPf3P//R/ev/2xmTgT9fvnPx95n17dz55hKRb1WSqv3/+4tPjhy/fuE+6lwHK1UyyGm5Jc6u1A1kjrzuvHYhoo+ZZRaln+rvS8qHrJF27+PnpEy+0/vRWsvjo7rMn9+58kCE36AhIb1WWJuJkiJPjWv7j3S+uzry6c/e9IzLPHofniZfymT3sSuwGKl4wMem41VnqNUqHNBsQa5rCa5cflDh/ffriu7ev33QTTbe5eGX2s48g33El6NX7D+9EmAtBm0SZp8UD9/NZB11Jshsp1qESvz6t+eqvRlmptcb0aurIjTFnc1S5Y92okN64tx5dB1n2kCBwSGoUqt/a2gBdp5tQBCk6OOrfFw2ZjGLLpQfG3HBDSjLGSKrCAiExwqaZ2hrp2KUUlMv4MHmhKLNIgtjb+8ZSmpjkmJ3CQgBNK7sdNDJbqW9fTXsZYyDaaNcQBFh15Cd7HRhN6pIANe4smKsRJu1sN8m88arxJ/WGUWKjmDrCc15/0z6siW1llqbdevV+U34I5286a44aChVNSVYwl2VieqYsOn9KEJfykbWtwmXWTWl6UTVWZu1mo1uhYIvagSihxJ8vYyfWNRI5JHS56igqZ1pb2OOQYQA2JIY5iWuD4Z1NCBsl8ObPYghpWChJ3i2KNA9NdYEosiKYQc1A+ltgV7a6Y6tOe+E7u+/BnCzZVlyZob3WHFZbgKSvcrBsL7SjXAgHNUbWxzxPLx4w5plFzJzhIpuExJUXgoIxOITlg7xWU604E8Vrg6UjzZqhDx26uMV3HWXLPJa4wkhZgIbpBMrFxsqniupOc5AepTg4zeNsy7gCNEQgZdhF1mkTVTMyGpa0Edx+VnBcWWF/E608gjXyVunNjmXDKNStNnKwnOQlqjCa/IuOUY0syPxXsyyyIiuM8n6NU3Pjz0csNriKTb3CSSA8riwP5gC5E3EWpt6lSF5ffdzHS2QFve0anA+CpWRTZTlojT0rEne7zBKqOwaxnOKAbGNigrvN3N9g15KLB2PjNXPEM4sK8oOXOBRDEX0aDssivYqt5IBW0tyPuElzonNZHivlaqKiqT7TDJ+vPULk45d37jXucv/O95VWhV58kbM0WR6QmJKXwpY/V0y4vVEqMKbhojjdQTH6boVHQrTjsqEB6CI3Z9VQVacMZU5x64xr4GQyTUk+LKXxjsXi+9hGV0MJpvyTti15Njxazr6Zv+rRuX9+8b2RJ7QK8mD7g1jmdr9ZnVx/qjeEHsEpqQbvcs8QT7AfhdHPilkSpHl9sKYduaIk1FKWLuDkAiWycPO48rJI7JUfdqbACVU78YypMEb9/deX755+81w68qOzvb/7QcLrtLInYL989caEnMfc/PFvfvfN88cS5L/8618d87jc0GnpX16ZhMwiqdVPr9510tNlnoaVLLt75RnTvby4YYZFNAp4keGSvp9/ff1/+ac/ffeHPz56cvW/+t/+73589/Yvb96YYjQz9t/6r/433ab7p//8z3/4h//y/+h/8j/9P/yv/xf/+td/lXDYu3rgTA/QvrqSiX65e3332dUfnj+VK713NvrGo2Qec+SJAXbJopZ3me9z9UcP/GOvgOhaujXm2k6wdt8yaCIg+sKkLLIcDceXz3/7/Q83N+//b0D8+Osfvvvu3/+H//B3//APZlOff/fDv/sv/v0//8v/5xvTmdcP/3Dz2DV5z72qrishnG3+/L0XvFw9fu9+5aemAtnv7Gy7DedqHFryj3HDXJxkuqnWh01tPnz8zPWCznx/feSNdu6IFveunP2q1pGMicXnM0J2p5nNmkoqTcjX64TlYtwrblyS+fTqkWdWssdErHu+bzxbUXTZJTvn0Ul305lxSE21E21XJZzFqJ+OeE0qv/dOnA9Eai+XkJpCvnf/yuvM6feKnW++efj69VtXbjpywFU0aXois87hl0ljD6Dv/iBBdsarHFBQ2NYMRd2pZUg7eHU1jy9/BTGybEVYdCfG72Ff37OdOlKjrdUqOSo2XIu1bnWt8HSMDQL1v6PsN3mHhxpiWo+jHpzsvtu2N+jQJkWjo28D2RkKBjHcNGacwbG06yAqBS8bCkrdjVUTeZGTOkvNo/OEMZ0NI+0pyFy7tIvZHnXO0HT6dwKiWLsPbDas64Vdo4wgheg4wXCEfJQbUhBkICclr9Ujql1Do7mW8x/TKud9xbUIIelSQ/wRM7wxGcA3FkaCOvfnFYOALoZrLqrJBUui2xUGywCFO8nJLmxqQSU6P5TkKkTu0hEbk5NzIs+0U1SbtffXccurEjb7+FJhO+qkJJ4iyI+X41VYUTWjWPXiD5TZUvmxhi0BOA1UfGOy7X9YjeOtWS4yi/G2Cvl+R0ncwiRkKd41H0mKbSDCv/S8lcA2pg90bZKgBpGoNUHKR92uEHunv2JD5stzEA9Lm1iqin3/R9nEJClnqjVMdXDfJTr9G0+ZrTCRffk5oRFjA1vQcktxk2iLUOgKg4IpfZXyVpw57AiZUYf8EKnPX5FYSxtJfufew4MwTUdUtodh9BfyA+Ak63EvUBKHCqxGfDLEhl/uOuxBWuCn0JInlgiP4BRd+sSQIstdueJYl/ktw0r89q4u0d7jJ9yg6fp/6qbsjoETk/EVil65ZRhmyLpULkqoUurFrMwgBUfdlCDIfkQAl9WorcMUYIWfvfIFS0yLvEo7xLsdIlIAwxx7DJyOZWHlasuVF0MRETyf88hAbov+LYvuoirYgKCGo82MCJyTZ10raCbmumsN3Ujgov+PnvhhKsOTMm54xTIrC09yb8P3yFvchNdFh3o2f3T6foAbl4HWxNwwm2pRSnG2nTd7HUrkK8ltreSXBkxwGzKME0qN1R7NbE7SLtLcYd61NIHjjN1O0um1C70kpDq3Jxs45VK4mq5G9pPfpgdpdMlKR33Qb3MPeFqbTCdXDQnAkTZjghdHxDXBWSo5KjdiH82VtFQxFYX1YVW6lay2gGggZGhnjz3lrlGYl+y5OUL64sZyumx2qt6To71S5e5dKeDf/93fvPn1ly6ie3DnrefZvHn36tVr8J8+e/rv/vhHj7gG+k//+mdnop8/vXLN4s8/vuI+93XI4N+8vXn9/qP5PA0nkqhiYDde5HYPzCsAKeVt2YzoeauVHz17ff35//bP//HHV6/he3zvzt/94ff/jf/wX//H//p/55/+X//nd29+efLw7v/z//S/efnzf/72xbM//fjGg3K+9+Sd66ai//i3f3j79vVPTtNef/rb7154z8frN2+890+u1Zlj01cPXRzckeo2tLypa+iYrM+fGwi6qu80v45MZmFQKBf+JZH3XCv5zqnVn9+++9//x3/isH/84bsezu3J7L/85c6Ht3cfufzxd//yn/6/P/71JS9+8+yq5tiTX64evnj04vH3L779/PG9fuBM9kPt/0hIy3BdRChLv3slOfvsMUDs7oSvF7UQIgsUqqa6neQFN3NMaUrRirIeP+TOlhfP7r95p3C3v0jx7nWRr1aF24dD2ChHdCO5F7t86p4Vz4PcvV16risR7YhFxbpux2b1LE+46bV+XX4p3XRfywNv4n78/MWzNy+5+c3Ll69ce/rmzWvzxK4F1a97g7ZU2Ntn3GHz5FnhZyQxN5lv4VjHasBav+l7//UFKxuSjsOL1oUt+0ajFeo19STgNILizagdVs1jDN9IpWqtRvaYY6/tU0DsuNpR6S/bndd3eV/18glE6nynzUoBC8PZz2IKX6L7jeAMe9UnAXNDrTV7v34RRreafeeGxJeZjzARI2iMqH/EE1Rf5Iu9DVApShyi6rrzJsmWmTZHZ14lNTiPxG59psRtw98ZaC4hHn2m0d1Aw3dN4gZ46BrPLq7BWVumwR9hecUKlrrHJR+ZsBlwphUTHKL0JLeN/q3DuGOTBuJsiAIBDLbQYMxVajx7IWelDsXG0COnb0zIQKiNU5RFx3asEWCo8ECp7U5hurKP2CxolM0Tqb6E1pSSGoqopn50I+wNRsxIXu0SQdzBroTjlBWyU8i71aMKLrJ5Jsbx2c6LJ8RvmyrRaRWBhfIxJ/phJLBDMAiOQX7PWhGU7YWuddQTPayJQ6UwdyXnXIM4aJOzr6y2EuIptpEePsJuzHOx93aK3cZpWDRumVGMqL8h8puStWkit5ZrHBNZgBkCK6P//wN1oZ4Joz1w++a8zk3UI3yH0GqI6hYKLjIPqYKBqMJ/W5cV2YRuapPq8bWWZxD4zXYh0ZMUar+JObWH/5iIl1sj19Cba4nx8OcouLS06vbx2Tv5wcCZzG0LQX8ewOYS/R6PGKIex6b+ZkahNmmVnvwbsrNyUaAgsJk38qQfo1LSstYoFLKXpyZjgxQAx+SEjFq8FIQkhVGZ39FXLdbCOpYExxwhxalZe1+ivGpL6iKYjI56IJ0jk6EyyxoHtUa7KlmHaRkpYjdzukrKjF3PJs7CDiYkuKXWk6zTl0/UiqQE+sABiIZGxhbAbFU9w9E0mG33Y/yKqb8IB9Y8UDbRMh7fqE81rZ3oa9ZQGxFKMeTWnZ+0TBpFbNLlaimocw3BtjYGRJbI/x9V/8FlydKl933tfV/z+uEMCEKkJGjJUlpcWvr+H0CGlERCBMDBzLz+unZVXe30+z9x6s4w69Q5mRHb7x0ROyMzI9GNbA5p1//FQpVW0BmzTbd4XL5+OTk2YTwKF4pH6XpAaqwLi+OywwSIezTj03dFm2s4TOOuE06ZumBrANZhRIerMpUvDtHcoVGdb6wRKFF78vTxzfs3Lvi6Te7p8+ePPZ9794uFl99eWcXv+rsfXrnICUY29ouvn0mN/vD7P7u2aEcS9se/WBPwg9Wcf/z+zc3nT6+9CMUMyH2R8FE7MCH1tOeId9aZ3ndd07y+ek9BNzR6vvandzd/fXfz5z/+1cVQEyyPv3z8X/z2V//1/+W//sW3f3Pv2Ve//s3f/Lv/8P+Tyf74p3/37tV33pjjBc7PWx3mwRdvLL7/6NtffPvk8QNre7/66a0TnefPnz959kIkMLhXnrAEZetTm3dxJt17QYuUecZAlO3FnRbNToVBmRO3L4jDzbVfPrmqTs7/+7/7B49o/Oe/ePnMCwQfPbnz1tTZuw/PHlvmRj71X/z2b0wWeoL6zdt3LCmvsrm34vWPP1y9/t6tjOzw7NFjM+jEabKy1WesRGO2cdlqp3vigf9Mtd6zwmfXuoWF8xVzJRZNtMHpjSzC6c71+08c5f0vb6/41ABknUjqaE7dY9qj0vecivZ2eLOS5cO96NlF6zt8IWx6BzWLlB40w0pxD+iITw4VYEqcWTeN6qKINtpri64YXo741VcvWModjyynwzS5yLcPHz52neD9+ys7a9gn4mrSZR8isijGdkHvzeAdF44d2+zZnVewJ0BBHDRP+gkzr5RY5LnADRyVVjDkeo7B+mXIQw3AOAr30Y+VmpMk2IvC2rMKOCclaU/YAs0Wp+O/yJPUo3xhrJFid4iqYapaPuXHlTjRKsbWgtPgIgiphwu/lh65tdk0Kg2YJs20HZlGY3wIrTILdHY1uAuvWSXrhIvnxaoJkASKQ3NAuvRW2n+C7L9+DkiNIZHotZMl1BIou83WTSfonqKaOhSbuRU21Gwb1QHXDLHB4ZRhR2iiK5wtTz8H6kiZ6G3Us5PDwbFqKlRMLj+hHlkqCyU19jOo7VejPMEbK/mm7rei6X7ojcdwRgFDiU96jN+kEAUZZjQYIo6zBhWSMbtevLs6IjJOnW5/o+8wcyK6IBR++TUL5PZjjMORnmECi2xG1vVf+ByREjO+vksKG96TMpE2hFERkQOhJLOn8qob05hfdoeEYpuf5EoR5d31a2+ebq9a1l/f7Y4evRLr2BToNWtTnE6QIq1ATooaTIU0U80YupFb0cc1ayRiEKnSt93k3P5Fqo5Zu5C83dhkgTKx0Ri+cI7pQZ9BgU9hmibPLNY38PFe3yJlmPzdVlWTnAGP0fPJRDpRG2UF6wYi3OEaij00chdoB4Wp6kVZrYisJ9wgpV9swulRik4Z9NEJlRZz92Rwg2i0uhZk3qpJAl3zlJilwIvH4UXc3sVjIyNnH5M0sDVJOI8kV5ZL52TNAduZBmmtLicWfAmrstI0G+FEijXU9nJxHIqZ6B3jXnZY8nDxDeUYur14rI8rak/i5TESj5Ls+WXatmx4vXrDbsgEqWsSLwnCIpN7DTqwuPQAg9aUnAm4Nf0UK6AKhjWexNGdD2QBNAUjM3dMsbMngmUgdU62DX6edE3wi/HSglz7VLzDDLJuKRWHWRWJ1snZX1NRMQSEgznCx+bIGAPb+o7Rc6AsY4A/HXRDQZq1KS+G7AGpPmWSfG1LEOQS9elv77Au+oM0edNDBhYpucioXIJQ4lPSJs2gEb+Z6uUIrzOWwde5l84z0b1ffvs1wz978kS5+wr/9OfvJB2Pnj79u7/93bdffWWlvr9+94NFbQqPe3fdmvj66v3DJ/f//Jcfe+3HvbvvWlraLYBpUR730PKHeNa1WAulkwC+9oCFpy8+foH8/evrv/74qpmUT+bS7r4wg/b5y9//h//46uuffvOvb7796pkXJf/xTz988+yxn2cAACAASURBVPWLX/zyN+dVwQ/uPojrxw//+d/80praN2/fypyeeb3Km6t/+Pv/9PBvf/d3v/4vdGjup7wskc2MzMum2S1PnQsL5U3uz6S1t5jYMSTWKucTupUadRX4gaunDx9c/3T1b//1v/qdq+vPnj189BQxdzE+slCOZbQfS7e+uLnQDN9n0F/uepanM0zrB33+/NWL3uPSAodP7ptE3OyIxQ05gUnKv7im18RMtqKbv75Ywsbz5tnQiZbpvCdi8O7HR4/cP2qm1vThA8nom9c3nkr2fpp3TQzK+N36JyXXzlyu+OJSEPn5Ti6KV71t+Z+s3ev47pvLRNYVD1KQWtZYmmidRW8gNIDEGfBnF9dbE8jrAe/f++XvfqtUe3ZngoeBmNHCmL57hsadpk+eutBc+Hv25dMNvWiMZ0Hpz3zqXbcwNl6cjrIuSMtSJdTTro5e2Wn5ay+kKPKDaS91ACDoYLGeM9cuFW/4VVUI107oG726meP0C6W6rBrTpRSdQnKbDH1ZRHyKEni1MV1xByl2MNOHYVMk1LVQl5BWO7A0CSFR2usYqWYJ/Civs4wcnS6wdViKj9SJNEgIoGfC6LXVL5jqCD6QowlKkzE71KN2uG5yvVRH/KD7iYVt33U1xdpgdS0IxrWfbDzB06k+0yGwCbMffui0OW8dbY6MlFw5+sOZlunF0Q0+mGGgT4NGpgIhOCIk7xlV51is6lmbSoxWbGYgWImX/AKMbxwnkF3FI7WeNYYV+N61xUO/6EGV8ZqZgDGkSMbetsaYAEkE8vAios+FU4D7HEulSVVTAwax2y4iHreP6zwa3GCGUG3IonVyRngRMYLxVKsvoGjqd9Tt6PsBitTGjtgFspZRWbtotdvVe/sRtC2zcHx5SIX6wZAo6JG9BVdeiRNTS8t6FMCf/qGhOE7+9xtlzBKPJw6FWKOH1X59bW8sEmlkw5sJjgDLO2pkPVeQLbIEgKRXCCj5/OXLmYSPIuQr/ao5x2ENnC/Vl6YdKiO47GbyJPGwoV4+7MNHR4tITz7E+rOV2kyIKKXSxbjIMSDMSobmq8EhnyQdDwZ+a4aAel/VGmMSloLQPSpW2HAzOWi797asCELNmzKDPm3e1vQdjxeSueKIE8olYJ1+3PXwaTJVC348lWRh+2me84cw+8LMkKu4VWQGzAA5VyVocqyzO6CpneDErSewHxk6k29mOSW330tXjbLIdV4zo7pyZtRKhKYSEfc01BwThyjOy4u24BWtdV4Yzb4BxjfnZgp7ojST6qFr6zkh+RKMXDOe6n4jhlN0iWwUWvXkT/uiL/dKncAe7w+jTqmGAKX+TtnppqJ2PtGDm0ATIGKT70gZyqksAo6SK1Ka/v1lylsfgtJ/4qoiHfvbHrkoTuwLte3M/ApgEBBcrvOLMrX4wdTU/YdJkENVBJXACzY4PR5xxyt9H0kMzZG5dODpWkQki4+ePLa0odeiWITvhx9+/P6Hn1jbo7J/85tf/uaXX5vrevPTK9dw2dJr1v7642vvSvE+kx+8WcWk4IOHP7y2BiI5yCbFuevx2Id3PSQrD3GB+545taq0jh41vvPNt18/fvH8F7/98re/uvL0s3WYCSnHIrwn3f/y5z999/13FPjdt9+8e3/j+WVrR//2218/9hyGJ2pffs03Zgjf//C9VbLNjFl558lX954+e/LXP//5Dy8f/u//9/+bbrPcjY8SQebMohq5HkPClIyez3AvAdEEU471X77orjnpaif57rrhodY9cjn6f/Gv/tb7WnSYz1+85CYPptz3dImnSj59fm7R6kcPH1tE0WPKpvOeeGj44YuvX9xcvWH5x4+eO/kxZ4imEyb0edtK5Cart1oEvjymP9ADl9xpMeLN2brblZ1fCR8ziW8/eSKkO1jczfnp+kaG78LxuysNrZemvNCu3t/dskKGvk/XZPLsdmsvEp70YNqXkDpvXUTdeVoe3gMoQjFoWePjcqvCvZCSLGJuNXk3L3YR+acffyCIdPL5s+dvr95xwcf3n+88lGK6QH7v/fW1RSgfe/5dBnzPkzWP0bV1Sobe2ihytajufS1xXJ+7SdMaF6DCF8AlxLuJOY8stteE1goUEXXOXA9XXC/Sc2GNOiUb12JgPhX6UYheB00efATSTmg6fnHSAyQH6nUQ/qJcaXQ6Nz9YihIJ1PrmJEd4MqzpRgj7Or1J7RuoyKsdw4pw0MrQPSx8Y9KYG2MfjJWgkAV8OKaq8IJw5HsHCvSCvhGOYwqoUJDYBHNilNGh2It5MgALlr0UKVCtD4QGEpfJmtjRsCWrE/hyk/aSo962/2SBmU96ud8ROpxLRcJE45KeOgyRb1cfgUIYqfWFjZqHaW5bRERp5HAGelGH9KfDhrr6M0CkiQiu07M1qqYTyAStSydLTrczL6fIBJgVljOqV80QAcxgmdZnSPvhKZqCQyk+vkZ/BcccfU+EYIYchLKFAlU0fhVjgjJqaByxqhjVELKrNamWmyw8LsEZCiUE9eYis6HqMDJ22jXuwGUCPubW5l/akHZHMMCg9t83KTv8WdEOSIwIg2pRGzsR1A7O4VDjFlcc8gMaiE/6ClOk7/yLdPKdamTttR/qZusDrCubGGqmsDIAnTzSM2LoxO78FHPJiOEpxX/ywwmuCn92Vt5PESDOg6/attIhZJiYXOqqzh63n/SKYrKE1kFTQzE4oXCLWNUCesRuCUYoCtHVIFvBrEadOC7VI+ySTVJ5KDKRbWhYg8JgsECDpLhr4D+7Ogi8q7+VTisK+aBUfsw2yNhPCBL0aILAoPLaRji34idwujtup4ZaXYLnC43JfhvkAwL3uGL6KVbBaSCKyea61uZ0Kv7kWnaaQzRGlRQ2ldjUTHV4qBStSZW4OM5q0YytaE6i+vLRL5JAlAomRTf0x30e8lNfsitixxDkbYQgkqrZKDpDCFmFg6kCD72qEjicup6EA9MVZ0wcfLzbGygmyqTNSB36kpyU2W+rIOK3R6jlqKzXTaUTp7AAEtd+bql06EPaoAseB6teCx/2qhu6D0Q2G6XMBCD4Cw85F0ryj+4h7g25knUnMrNfYcdhEh62MHttejEqbj8iq/T9w/uupn748p/99jf6bC8y9L6UN6/f6Q28zu63v/v1r3/5jdtrv//uh+++/4l5Xr54/pe//vjdD2+tiiJz++N3r3lIzvRW0mC6zMMUEkR3zj2Up4p/L0WWHT54/KS3qkgprLr80LuDXzyT9JkJ/Ntf/8rjz8rf3nz4y3fvTEB6eEXru3LJ8t4jirgs/cvf/bKZq/fvJZq2R96q8tH8WTt6a+b2VPWzx/dfPH/x9Mn/8o4HfG+uZMBPH3394MEj7nUODEZYCr58zuFczXy8Zh5xl+PzehEgyfCCYWczzJW/St+a/n4kyZJDW9hFlHa7thS4d7owZY9haOYfnPfdvf/t46+vrx/nsKcvZUUN/Kosq3jjBkTuEseen7/ryXG3GmL16HFLM0odMXex9tw+rK90/593HxtMULAs05t3H188fWRsYrza1RdJnvUmuU4OJyfz+E3dzZMnXgR6x1Ml3E1fsVCcFA0mlYldGurBGRc4vJfZE85yXzHQeuUuRj9ypbjJ3eG4Rm/u865XbLvd0yuLnj177hU6P3333bNvvrbeNnOaQrUikIUhrXNKvyfPnmDNwHshl7seTbI2wtCLx3ie/1w3p1EDeQ9TnlZR47dXq6jtrUlsYFjrd5wFpZENKXMQJykBu5/aUNlJ/ZDqagYwSwMZ2UpRWJMZhPLhaxIVk7OzhmxVZzxOYQ57fUXC+bROJLBDlzi37XqwA3Qfa23ziJto9uKGgJFvfCJUX1Ln0JZw0Y9up3hETRY6b1yvZyvxKWKF1SiFlDk6k0E8mferBKWfBa84WpFfzxGny6RgRWXnEayHrJMaHXszlVKYO5vKY4gwjmCfweJBgMOtfeJzw2dLjdZ4NCa26V6CiwFukcb1n3nBT9/5rd/IKvLtVO7sECb5gyTFZBjYTnxZyH3nMpchYkJMskRgxDT5Q1VZitqCucQZsAtcAgxw9srQG0KpGETyZTkHLBCgv87FGZD4bVUFSJJGMVySe2EbCxSoN1MXDjktDNrkMb3QhDuJQBld8KpiH7zeuaCCk79qs1TsK+2C0YD73X/NF2hSZIcZO+RT3gwiYJVjmRDToK/tVH4aByILUeLgjFWWHuoEi3QBGhZI4vqNIwlT/Y4blZJMYCWzirF0eHETBJKIuc4jI3MEL3bSvcOw7WesICoO69RT7xwpuVCoPaZrrIiE0zBnREJ11hOlGtd+0jDQEDqlQCl3rLLgjtbla7bcYdU+F94XzYtAW3IfcQ/rOfZYGnxcVq1l9CyacBbZW5pSeai29jyx4ldLMmUwC6BbOdEuqvIvsQFVk9xqlWRv52PAHMctE2TCoXGHQroXHBd2frPU2ObkGSTM6M9MgeIU7pTqrMuuedKpc1j7Hm0YwS6ykyDAfsXA0kMjUbe3GblMlrSVKZpWcq3MZab6M53shK8rJqwYm4L1AFGbsADsr5GmT3pKFOwaXlI2aZTWkLrc769YmdTJnOFLGypAafYhZDl4sh5TF15TWQkygU4VIPUlZr0cYjJpWYR8ISK2WxtDUUe6XBAYG8+eScfrl869g21DiElHh+zYRp+IlEG6MFu4Tpk5KIODgJfhbcd3lxAPWFmmYWuQneAuyoPUZd91AVZLTVCGkQ12g3FKAfRYbwZ1KmStPk8neK3Hm1c/uFb6/Q+vu0r94M7f/e5Xv/zl16pM6f34CtT7b7/95U8//fTnH98s77j397//zrBPincuHHeZsuUtZTBo8g5Gno146hEMt8IRUsZg6s7D7NbB+bGprUePnz+6/+D5M/cTPvj6wxdrLnolyfV7N65++PH7H80mWhz70S92l5s0zVyd1OrtO4kpwjI+KadXoLTioPclP3707PmTFy+e3/vy0pIsri83njDMtkJfDEnESsxcNt0NEO+vZVjKWRdsHTMPei5YHupMIStlWZ4swTLrVnLZQ8HoSBzpWDB5H88HbVzuVbsRY0+eWV9TJnTvgyd5rRDf25PlZpaNNPV2zQVKzEZ6gET+5gq2WTUzippMhnzgDZDSP9kV0/GdOMLczYd3vru58gY/j7m4dG92XuBLkZE36eleRt59Y4GiD3eeuiJ+7+PVNQ8jZUbWkyiFlRO2PbqNQ1h0lubedcW6hq0JFWHNrxFFknmvtWoEXGuGf/joWXUUTCX+8N1fv/nVrzTpn3746Ve/+aUAZeYWfq1Tct2ZXz8+fLCX15R/dl8Im7ifQZi6GbUYdoLiJmwZD/r915WAqWEV6L4Ubng+BbWVBX8dRnvcFIL+3CG0tc2aAGylUWjnzMDwZ12mWkSrGmqeHbyjC+LaE4VVBdKGATlOq2vkqb+K4zDHqHrWa4vywTukezpGcFR8QOutBqt3GShx0KNLpiCigZFGxnx0psLRn0RZSEka2OwuMn8Wsz4A8WwjffWdNGl4MJRnuOTrR+n4TuLqqFYtIge3TnKanoEGG/C1pECqI21pcso7quNqpf0jtqLhN3qYqkjV8eSFeuzgEwGD6RLpynyxzalakepYRnadbIBjruwonpWqV51jMunYhXIoMZyTZECRINgQpkMmjH4lFTBC7NNn6OpnqwuhY5tTrzfYWFB0YJ+XJztaeQ6lbArR6fXEOI6ZLhP9YsbkFVEngSBGMT0N+0VsZE++hQErTrgE5w/jRLFZykPegV/sF6z6As3uJNgZNHYjvOfSOOPUpG2GEGELzUNL3VSLAuk7yTSiEhXvszu2SWIneWI6xqHk8Ybp5Vt2YzUEjhIE7RMlcRI1a9qb3NVM6ONIZY4OuG+H+0zpC7ziqPc1Mc5xu5G39X32hF/EaRH8mgTRbJfgSI/yo3EczcEFIkCUn3gZwewQNaRX6pdikabWjDeNJxTkcYzaYQ2ztlA/JnykNszrF/NiIxFtLhNPvD1OurnG8LPqqCJaxhG8EDri+D4eSYlkS+NzpgARzcBGwxfc6CPY0Be5NkfTllZH6PHIAolmm7oh2ufNDAYkunZDyhSR4/1xW1lKahlrZyYlDFnNWfjyba2O5hE7+0PzyIQUCt24g3iCqJmoiTHfpnTCzuZFKRBVSmyZKIBwN12vPOESG+Fp316OGebqECa6SKeK3SIzegEpqsTBRcdstvKBjG4+ndkAJWQuJgAxwKxDsB+1+bmCdOLt6Np31FZhfHAoOOJof6VCDELKQVBF1AmnnuTK/AcRLpgOZqwlpoN0YfdhU6Al002A6fYOhfj2fISx6aP1CnjFSiXmsLxVjr+8ZPnu1Z1//a/+7ub6zfc//OAKM7E8WvKv/83fff3C3X3uNfz+e8sMXl+5juhFfH/5fs9hPHv87//xL6+vrpH67pUHWuWAEoE6UGlNc3ZxtcpeiYUZRIrKVwHnsuSTTt79Yl0ac22t7HfHsyBfffWSxPIHl5x/8+2L91fXv/7KNFXdtwd6JViIfnrxqP68ly26Vn63VUc9jPHegy/KHt9cW7r50eOn3uzCXpL5j5vHaFJfDioJY95M7NZDCe3Dxw+8d9DykEtkuvzZ8xnuizguaTE/2ZrlXaSU5gCfPvUali4J5IdPH69kgR7f/uhS5gwsfzQihd4aMVCoz7yRA25elCKmB7zrRNJ2/8Ezl41bL7BI8qJsE6+WpDHyOv/gQfO7Tti7iO0xt1ZI7EZDD8CYs7RapYQTXxfxMbaIlDxXoubxomtGKSk09eui8+f3TlRll/UBmCxqyk2ZreVy2MQkrzROS5QAe6l5b745E8AeeZZBevHM3bseVXr5tdcyv7DM9/WVo5+++faXLisztcGD6R568NmTSlYjf/CgR2HoW6eRgxmKjptwJ2lNRbE73ru6kLnc8kgyg6xtVm02oRDvi9DsfOkizKJlZdD0qRUPvHYwoKHT6wxANZkI9O1njUpjPRTW/ojHHskDSRxGpi6lZlVUzcl13TXS0Ti/2ycDwvs79IXLqiuCTPloZnFcsagl41A1wBw+8EPynw86fT6Sxz9dHR+Sq2jX53ajjqN6BkxpoPyoPXnZTREiy32qCx65w/7okBzxp3DGOGonJ0tky2P1qCsc/fGcaev05aVTKmxU9POAlMDMwlPfzpiyZOKyStaOaeKRf5QTI5E1z6YREjJbNMyUQ8cczaRN8tGpD99BY9VhGYNUmRDN7W//2Aiv1PcnRNEBmxAJ5SgXqU+K8UgXMHWuRY66BK0Tm6k7lR+xC51LXngU03WzNQqZfPRHewh4XRgZPtBPXCrHtM56pvHriPtZ+OCn0UTDE9H0VdCwRe+JlVWP8YP9lxsRVGSqnTO5uQTmpLpAFTrIVXr5zgypSkCWqY3bVnvgqs1bgRNgEtxSnc+SSnnm90nlU5DE0E4xKgAykUoQ7czF44SqsomWijE75EbQUaC5Hci2ag9M8uzgQjgBgfPg2gSg5PFT50TJztz6LNguqMV/ksIs5EBP9SjHNLZZqeL91FgPH8Zce88y83UVP2/ZdD6Mbv5lWx3wOZvMD94hkhWGtFanFXmhRPwyyMw3UQaT8kXZ3NA3neK1chGRsycZ32fEMBO5tpBZ27cVgGcvJvBCyh6sUDRPV8STPSlut7AmQTpTS2WGWKQdi1z0CNOulqdt+wDejvGOiES5yJVYZBun05sgk3qn+U2wmR8PNFJzP+nTnta5+IZUxCRu37OVkjqXcsbp3yGxdVOHzITI50caJOqyyE2mGUBF1CYtCoOTifjN6mGpZjJixVJwrRDD2YmnZ63TUMOvUR3PjU96I1HQzCPR81fTrvDUNSbRMeabcsArayHmL8ZpEF+YCFG4IzXhEL1+IvUvf+YBDxRFpEs5Tf/b9cj6VKO1AHVv3LdffS30pIEfesTly4uvXv7t3/zq5YvHLkR+Jzv87gf3CLrc7HbAH992rferF8//w+//8sO7D0+fPvrLj1f1cvXpWYYiDro5TbCcGbLuBqyTcY+gHILp5FmyRjq54vngkYSuO+x22bHU77mM49lTl0ev3t39cH0fa2mk7MUsWomaa7xN6XVf4/ublpvOEfcfPOnBmo9f5IYus9baPQ782E0d5rTueS5DwFhKes4rMWEl2UlnxzIUYoqFvslcjmgtKnN4+o1WTvxAZiius5oNTWwK2u7JraSqnsz37LJJyc1KSvekpPUs8Si20XSPl2To42dJoQWr3TQpR+d0M4dsdR770EE8MMN+5+adh37udr+mhz+aIsicJJPgWgHAvJ+lbbCzwCFJrEdzI6uWY125A9ISjx5S3rQpOKHnkvTjhx/fuXnTdWtpYibz4PlHviAYNwg1NnzypCXsVXrW5oGUtXbVE/5Pn8qcPzx/+a3E+spbkJzjNTH70IPtv/qNa+j3GdbVamZ4/PSB0463b989e/7cGYAQZDfxL75mqsa/4nzxSR0H7kVk8kJ4nsBSHLJpcaT6djttXWFDegOSR6xQqzpcFbULFEtmKozxbL5WsqZTb0ThgKPgt45CeohN4QqxFqnCpwDpTrgzKXUCGl4dSuLTSn9wkW/dR02NIDy+xj4yG/IS7VaVlHScBWKTlu3M0va6BpLYuylpE9lZ6JjhEEnJS1bTxEzGRD56xJ1S5E5MulSWLUimBCw5+74UhKoiiY4cHToKxQY5t4FfIpJQl01BQCN1PMBSh9mF9aXjga3VEWws+W7EQwGXbfLRDL+DBEc7AXfFFGtcEZkcYAOek8nEUEfUYOB1jtleusaTAsgfh0YizDommEd2Xlq73NFkSedaeiYqTM5IR4IonVgbgNAa3SMr1RPFac5Emzj7itytGCnM7Prz2UColAckVlfq7SbZIlefXOxmhPEFM+GCyE0pNWLt0JtWs8+c636nurM5dpY41Wm/EImJ8mHWhCqOSCV2Ll/tOAwqev4X9TBJCzozL0rV9Qc4ITJbRxEdWV7I2kovtFN49g+RIVAKX9F8d6qK97Ee41Hvaw4/hKqIlM80XQzeslGS1duYcbO6+F9KRqiqVKhPLwJgcm9A3DCyWWjGn4jcmumzG4gLnzRK3jMKT5AIhXYEWKCNTQWgjwj7Hm0F4zI6ZYdOzXXCaNYJuDb0sbvPOcyjno+O1T+4mtW15oat7tk8zCNzxJr4OEy4ZJkTRU1lF6Y1EjxOkb2uw0579lDDJgM+wp3gil42PsPi8dwlDNKYFBAjm7QJFa/zr3Y0kFCQD2Pe1TDcSkT8mR9o4nCMq06+8rWBn75rgR9jw72Retac68Gb0+i0s7g2lhX9xyzcVk6beNEmAIDLuB+bqTm3d3Eh5HDXLzUg0SzZalZODFNwXUJY2aNQOcGCd9RZZ/1+wqVB3/4zA2CHWUm/gvXCLBOpOMSmcfE1lH0hqiAa1N4AcyiGv1Zd5WxKlfJOEszCaTJKkwd4Oo6Tn8DET5CzlwomjSQT3GuO2kW9qJrJ6Y1s9g8FyUwXTT2r8Xd/+zf/+A9///76PWt99fXLv/3b33794olHK/76l7/80z/9ScIhEeyh4588L3Hv17/+5v/9//tP/+Pvf/jVL156LOXaGnvyzCxtoGS40s4npWRf3CL42G2AzSDe96YQE2KsZu6QZIL+kbUTPABr4q57+s7j1V/cZyc/kROaBUWuJ211HjeM8UlSYe1p2eaV5QHdl2c5QfNmIT98+vIrZCzN8/zlc2BuOnzyxHXrrIbZgszTA81iFpibPBMVXSr+8N6XHLHLyksYqVAy20MejD8LNo9knDHp5q3GbqB8jARSrvBKpF487b0tnx5++LSFaDQDc51sLlXDWkOJ7h1rk993NfmJR38fOS9p7Rjs8/K9XkzuSrT27xZBtrq6usbOUjoeCJZAsyvfkUjiKk0WNq9eS+juPH/y4OmjJ/JSmSIBbm7WSr54zbWXiX+ROnOuyUJvvTZbeFWD8nK8HsHRHRGI6dhCSi1D9na+92utcnF8YbWSTVw1tk/v37979uwr2enTr1r/0SsaX7/+8eVXXjf9+NNPb62mc333rWlBU8NXV2+fPXvGlhLmRa4o7eGGcyq62F7gnR7et3BgmoJ7fnECw979eZhmeY8Qh16DsdXUlZ5DBzq8Nahgtm3HbKgWsW5NYw+85jkuUIrPaNR5LKHw219Bkhi45BRSwVOhubJmrbUtd429Rg2mpo2YQGnfgdocbqcDh3YTWpvAEjn/Q0ueJifN4gJMv01UqcNt9kg1Hi1pieP4J+hpvMrbkutyWprAdXXbLkRIENBgSbQ5dfKpxS+ZhdE0BRRoHYgvZRkhdesuEzn4PErcSR3RGqbyYKqe0YINcjokXpirS/Y5Ik0qdZBl29X5T/RZa+ArJlLSMQRGWR5CjisQ4hvpiWQ3C0cz6wUxKgrn7qBCVB9GXG8tdZB8H150ngIgiDki2ESxMIpEe7hlVPXnLpOpPrhAAj4Yw6xZKto2xccgkAhUPFU6Sq283v7U8BujC0E76Ays0FpjMBsyCgfkkDsajFgF4TSZm0523SUaTXsdbkuAGPtML0eJpkgAz/1JUytwsOMa48RCIlMmsw0OJApH8VI2LgluQ70mGGA2xFBr3Dg9gOiPcoJx/IkfkLfyjH5yRSsqGA0TvyNBkVddtWTpG6vYJr3jkZqeyCuKyaFRJRPtxDH8sdASFoHJWq2vqlZdezjlWBUSSjPbuF9AIrNtoBCBpqS2CHiHfRlhqKv3kL8/qFNwNy9CbhcG/fletyRipvevR+gm4qMMrdCYyTBB2oZqZYX4ESQrpH/uVz3L43l0gXCkDia9Eq791Ox/uib8aHd0wKoIudZoq3YVijtFqCzYRIh12YxZCPMTjN4sStmNcnNVXnax+VGC7UJzXOvCEyKS7aXwob8cM5kdoz/m61+DWm+ZgPOpw9NzHGkScnMuhyj2JcerAzg7CMe8mLEk7rMBslkNhAbLIgAAIABJREFUqjZERz1LvclkWs+fDRJRWA+hPoa8fQW0rrC0vqPi3W8JgYITqmOsKpLptW/BUV+WAQJd6XDs3fqe6uNUUYhTwr5yIPq+BqODHSggwex3UR8b+RFIVxB3whSVuNb1S4kIaZN2vH//+Te/+bUkwOIsUpiXTx/KDr96/vjm6p3VsP/8l+8xfP7yxZtXb1+9ew//+ZPH//1//MO///0PkkJWeXPdjNSjBw2cbjtd42cca9x0udY3Y8i9ZBZSQelOW8dPHjx65tnfXpfc2t1pM/c5p7J8uauxW9zP8yFexOOuQQ3jU3N4LoPWJZqAevzwiYvarcFN6kcey/ZUyktvgJF1esh3L2+hKERLT1ushqGLJSdsZuIEG+OZHezFd8WeiK1XUy+fXkLmRr4Mf4xW+ijBcyTXft9zwVLd+k6jtZwGpNC410MoBeZna8+Ie/OOFOYO+XDZnY2Go1JmKLmUnX788MjUIeW+fKbbGAraVqEhcIvs4JRo3hHetKv3K990P999azB6LsQk3x5VeZ9t3Y3pnIypPnkIyZyptbJJUW9y/xH577+zdPaXbmrUKn1ZlWZJuVTVPQYPPWEu/0W5oCun7oZKmfvbN+9++atffu3Sf0vpyNI/Pv3KA9rXD77+lrk6i/vy6cnDZ++ur5pf5BwzvQ8snV0eg5awKFaLT8oVxTYNM08YKuruKvNJRMmyDsRUqKbBvnKm3e+7lrdYn31zXW2bO9YYHORSLJyP82p75Wz1wY60lOjjM1bbSQpAGkNJYBtJPTeTqKETuoaS2AHWQNfAOPzSiGuTFRe4q0sTUhGJfkNRL1SHMBiZXPltKEoLGRCLRSxTOQs1IZU0CzydUuDVJvYG+cly+kVGvEiT0odutkgDRyloqDkJcWoEdHqSMFNyPWRyJEHs+0VhPW6Gi0hdM7S+UmZE+oqJWIpJcB0nR/sIrXrlabOHbIZzCxK3YdClVlMHUOdfcCASg6l81Olw5wwTI4TxIQ2LlgVmitOENRsxiUYUaqRA7YOKHdBZ13GeS+OKAgmqnYr6dzTnVdzBUPZFzhNw6hVMevQa81hjA+Q6/3I4NGY/E715DWzEMr+muTudo5U6QnF6q3aUexYtC6y6641ByTSBI9JuD0WdAYe2EUhOpoppcqdVGDFkVR2P38r+5baqeazSixFmsMybOMmei3aksImsHE+r5Jox60fTEKS4OIwLmvYmzFFw9i/vGom+60cbrIaSBLbIXPgKDhymULKN3GDsR1KB7xoOYnmjc4BDPRbsktEnUKCDHSFKQetvRGfR8Y5/EJE7nCohkqMES95Dls0jjnWAF6aLgg4i8S/EDSRfp4oAubVz/LOB7ovdLi50c08rv+hCPslViobmn5k4MZIjbmALXnWZfKLNTLhmMcTUTjR7WeHwX/8jVjPFBSs/Vn1I1/015cNYdQXtBHmpvuzFMgil/mNgp7JsvXg55QmzWKYOaZcjNpxv1Gs88mGQtsgcCqke96rIVdfH5GlANpBMVZ38JlZkV5JVoteGFnHam0YbaWaAjif4kMYkoMQ+zSRmNSiABmT02ouUAFK3g4RLc2rV74zA5FgZ1wJAb2CJWcBU2PfIRbRdnStp/O3iiQhItgQ4FLa/DlF0QEEpa1wGiewVxDFg1se0iDDSIBH3lLpARVECMwPnJqiZcibP9LkDvPX0XNQ04SUhNiJ//PDCwtMP7/79f/i9XOSbb3/xzTdfWb/w+t27P/7+T3/563eIkP77797A9izIx+tP/93/+J/++sp9fq2Xd21C7cOdXrcshgm2sSghu2DYiib0dJHatWl52ymRzD15+vT+o6ceCeZFFva2HSupG5MIZ3OttmT9S4swm7PT2GnSRGea3Hv05KXLvy8kgTInKZdZOqdcDPv48VNTcx7ssLyOGcWupHBKYnBXotz3XIugh9Djt1aqkbc6bzOR9unKLZWSp54XLpdrWK/jwFfnS32Rcu/Oo15u3FtXZFafZac9GNLzH578lQ5106fJPzpYS7A8+NlTRtEHCGRpuPxyvi4ubC4fFxg9CdN0l6vrDz8++GB61IM40jKZpfm/grFJU4mThbVZ0s2WW+V817DdlPn53ptr+x/deli212KLBpmmMyW+MlkuQqMzts8fXUB//sQk55frpAXXAj0qrPFootEdn9R1aft9b+sWFl/cW2BykeQoWFHSI+cfnOgZiZxCfPONNc5pIlF9/OTZ1du3llTs4RoTtI/v3ty8pyzrFa860dQWjQUxO5LQD1stNC8BThKXukH687CSc7eiwjVvMjUsDmdUEPNhsTCHXTsQNGt6NY+ZV7hjV+xfjgtJrDusY14btF/2noQN1VGJTgwA5DrlEZ7PiNIhpmJc9Xwru1xpkBvtNwiNbcwOQrLqPEc1gaI0VUNavxG1MUmZbJVmET6A1aquTXgADDrStENE17Tv8a/knzGjFxAYKDNDR1HuN8F1FsjRMNdQt+ZSaf8zVkLFOPnt1JiTKgEPbHbQ6S7rjTXU6IeUuf0m7lF+pJWAiE1wSVOYZPXUxqqOsS7SUXLA5aDBBD8Ueg296sis10epES7eOVJpTqJSDBFGpP/xSbnkBxfnxBhEOk4OgArKJ5ZXVT+DK81MoA7nQROG+er+iJ4xkjfiUZ6KgXV4WxaVVaZnGwAFYv4oDh8BVfPmJFw1qKmQ1Flr0NRvTDn2Gp9pdnQ6eved0fJKeyWIiTO1w8zMk+FfeioJQ9FJ1Peu9aJ/xKFqRCJzeMI/dtjhjvpiLLg+mFxwm/nMSiihhQJKY97htvSq8oBM6oVrxsosvo8BJuCBg7jaCNCyCIkciINqn9FZyrRQUgO+lQAQdU70DFvlPkGllK9CcGKGd+yZDDCVHk6ocn0xMFjlU23ICIxWmMnE8u1U5ydBamWF7L3GEbJQIWcEoeEFPnZ5yqDgJFpxUqIBXa0temx7AFMSdHiH0eykToGRZb++vaqu9r0icsUuZvr500Okb4QlJyjXGnXIidosDVGBjVFGJdPU2k+IRc0xlzPj2pKmYwxZVBCgPfMiSQkK9Py2G36xTJbaCelPZ0c1gaj4MEkFknMpMnLHFsxAxViSDsMjlGDrolldFMFnUozSMYeuHSb/2E+how0N1cWoTS1mfWz0PX/bRYh0pzLDwAgsv6wbCCPi6aCDyAITU2GATFLEHD2P0ItGAtaVpAhS6tHQByFWx8Vl6GRy33kvaiOrpCK0oz9RwYFhgDIhVbkls0QZwfx3aIiVesZTUcrkpRfdt/bO6/Le/PgX82+//PVvnjyRYn3xZrk//OEP1ju0GI1k0pVlLw6xzPW71+//h//wx5+uPj55dO/d2xt3tLWAYu3d5cjmulyXrafcnTa9XU9O88A1056qddedhavtukXw3oNHXVRq4sAfCvcfP37msrCMRMA8uXtPjihtfPbY88jZFkm6MAjSmkaJrhj+9NEknmeXJYNkkPMtnfJuEjfemTKUk/Ugrs3wXxbZcjbdiidt6fQlw+SabnvIyPmEvUqz6NMV+WNLnHtvZNfGy3If4V/+JwfNmgWfp5B3k0NJcWnz58d3veY7bLOE5bBlTnLNUmHXsknbM90euBELZWlSU5LlZSGjKaEp3i0xoycoQijSnBpmH/Jy14o9r+KeAguY33v4/Y/v3j1+8KtvnknVu+D+oNs0ZXjSbBwkf+xMAuSx7zL304fewlIr0lu67/CmqxeOkOt1Cc1a7rkZmaurz24GtfzjrqS7ubBT3B4gsESk+0H1LZ+k+/eu7/f49ecPD1rmhtfvX1nypgvbjabjq78xmYjJuLLEJRBVxlyAVqkNZ3M6S4Y8ps3tXtjSK55rAiDU5Cqey1u6TS48tqv9jHrVcSKinzWrKNcDJUoVYRVLHa2PyPi3KAMSlYf4aY8RXv1CRstd3zJ+p3zEgmCdpCVLXVmN1H7iniY4/FFb263hBi9Ugjui1Ys4rO8iXENGQvQFbLfSACwYaj9oCwKsYGfDYDpMEHXRATUBjtJ1z+AiwXRH+k7B2nYKm8xSgkrG/SLMHJOA8xIeJAAkWkc9ahsfEK8Gs6PG+qCpU+c/OfvKdqm9+cIJpPQifRzzTXQwJGSqrLnS6igVF0DZbsRL9EcGbHQ2LtaoIrENhVzLbLfCxV4VRmQ9DXDsjm6JQIV13UgeWPWzD+hhg1hBoTiZVRxu8UrBlc7aCtArXOMYZzJb7ynK6ZnXtC6zRRretErQw9lPiAxO31O2gMguaCmJVxUBRjq886tkopzBN0W6xLzq0AMyVPPkxZGqDm4+2EaoSsYie5i9iHYCH7PE26742QhcUIjKcAiipjjBa9KF1y7Y0ofGp1zXzNhEX/kskpUC7YDuk+ZQjNvoHBsTRHkevBW5cdABuGpAo7Hou4WqdIYpQ5mcQBjB3UxA51OcMe0ecbDRH8qESkGlI50sOK9yBRvGaRHkJEjUPhcDF86OErdy3/5qSMm7gvLD4xhpWZZyim9uIEv6cr3KehcNGh37ZM2zCZ+gaokVp9gakZ+DzNQZcjZWfxqR8Ww9weSClHJ67ogn9yIMnYmJ38qJN17pEcB0i0dtL26nobpCnlPFbngZ9FA0opYZNgmgDfjvFkPigMsKY1Wc1Kq3JU60+86qg7MPh7jVAoYeTrugjubTllzyA7m3o7ROfzDrfO020l8slFMiGlgalj4YEJuvai+9ShlCODGQrNEKxU4S1ElNifk5gsmckNAiD2imOoVxOgIHVscyOsk/+DD8dTBCflQdsmHEsctMyB5DDPwCmrwRStt1nbONCMitOTV+3dRglkqpKy/c0iO3uiAJltkxjxZ4CuSt52x//dvfPXN1+d6n1z/9+Id/+tNfvnvlNOGdNZGvPkq4TPJ99/b9v/tPf/zx7fsXz9yB5+nnzmyKjC+futIrLyo4Ek93KS1iXEnV04cPnkgcXT80p+ayrxTx8RPGN2HqPAi05CmDFvE3I2AiqrclW076gWeyuyhXvpy17VqjhypeBCI7dN+cdOfBk/nGrNiNyTbec5HSW1SaBNtIrkC2wUrCUKrGH9m7UmbS1wlVV5mtYt0seBe2C8NMJ4daZOy+1az18fr9uyePvpV7euhb4pRW5LpLHBOxUD6WNbZEuQ6yuhLkfGmC8BF8ya7Xq3hBuYYh2MeRV3Ic7xZ8aSsra/5syjajWfhs2R1ToptYC9QEoYCTRjMLmB/ffLj6+PZ335qz7CUrZsWYbsp+IIg1rT19Ik33ILmJRXHwzctHFhK6umFx/Ao8XjCprOMxZYijy/g9MG4VJOYqK2O34lsW6blyS/WYEua2m/fXnonx/mi8rl9fkZPp3HB61eJBN55d6WpWTSZLCI2i9YwuC3BFO2KreoI1PL1jrRQvCq57yDoCqsiCj8I6T8CCO6kCtK2BrO3n67hduoPVOg6EeASKSMd2V3wBDmKzMfxQZ3R6PSD75Mi2S/+hMDfnXQaauI7tjiaJVzhM6qduwmag7S8uzmH9KxUId1gUnqmFcLATNbTaVz9xqDPHFCDTHqYJViyUmgYGkI3oA0/zSQuO9DeqmVudU6b1iZklJ03EwAYdnabadpjY53oLu7SbxSu7VKMubJFJzjRCMoBsRoa4R2JU5kLFCThKOY+9E3Z2Uy5fDbZe4BjihEpFP79MONJjOSaHdBwbKwoBe8lad3fA1jGObFarmkB5MCnwSwySMjDKyd1vh8GRul3KZZXZpUpwdWDxqW9hzwQYFpGTIID27Ov2iByh8Q4wLiGnXwyRWq96kWgnB1GrYQIgYgyQ0M0SIsmTvT1kVNfpF73RExK14GrExoTSjyQ0joJ0oAi2g8JUziRqJzGpAsudlIxZ34MddXBji/6lSrE2Pk8mVyGTuBPNV2Gesn35H35k2znKZBAwkR+/I32YE3BCAqFw5gXSIHSOIj2K2wFzG2AKk6HmzUK0H5MTE1kmpaJUsx3pOv1stL7lCHr0u1DOPPVHk/QiJ4GS8lRlpD5reLfiJPRKSVnFInyV9XT4pUZIc5mrXSRsvIPVzUf8xp/G75469XGN5eiY1FMhrjUuA2bSRy9LghYX88GsPC0rThqIRej0DQ1is4MHF79kcqiKWxdOgUyAKeNrxg0uq8QQlxHyG+FxqWKTIXZ0SfLCRsF1BejNnikesS4R4blAjuCiGH1cMaPf2ertFk/hX/RM02kG3JhRL6BocNMhwxdJwVM2YhaLBtlworBBfdDu3Ch/WGuP86wYseTJyWIr0g4nfsbp6EiX4mFQpdUii08sKkyYpC0vX3HWxDGpHWvUFYPLM7HIIMc6HWzSJZhwFczzWfzIBzNnRS+qh9UxjYbYqihQYzaigZKp0S4e+qWenPBQMwPxpWoEvPT3883X37xsKujzB/ch/tM//Omvf/0JJVnC67cfnrpR8OGDv//Dn/7TH350RUoupB+VRlnAsBfM3fksfYzyBzfAcXokuy7JEJ4v8diyh34tDNNbVZo+lEG5HCy90u81Y4HWnXsfbq5b1e9czXen29u3vOjlJIghyu4ZX9DbIbZsxBs89LN3PL8s9yIPEJfLezK4Z1NMkaH/2ZvPm89qri80FpjOHJhvpTR7uFvu3E19Luw2wSZnDalm0DwZaRtBiYkDjT55iclVb5bO0FlXDoxrMcW6LsU+8ko8Trtz/3ELARqY5iiXTR9+vOsCcmer3I6OrNqsGxRgnu6QXErKMOps5fM9d+3SKlC6gSBTV3DRv//5fS+lzImSfUvkdE22e/9ca/77P7363S+fvTQHfN91Xk+uPELQQycu2lr7psdmegcyfTXNT+ZYaffxoVekf/ZBipmkx5LJpz2l8rjL4o8eENIzdWaXLTxJMUytd67Xcpn62YOH768+PGyJ7dqXs4GMJgg/O2FwefrGekbWOJJFcRwI5qgNFPU5oxZX86w09sqkt7N2CVrnBZ9opr5PTQBuIVBMd1wbgzu85lxWOKpVXjjEBEiNWUzmjpDhhK/S/xjMv5UQp35leFk9iU4CB5crgJR8ACu/qRM4+xFLrzjnPH96u+gkMHX8D2Ql9aN1A1WRbfJCSJzKE0kF0Nmj4smwmKhDSdJAQUyhY9yUs13IRAdpUjcAJsBgj4hKaFaMQ+0m4GiNLZzQDg/VqGQD3Vp/fURjv+MOQEFy1LtNoSlfawhVRR1v4L7qzU7J6CaWemCTOb465ejhQi5fERAch1+3AI9PX/2p1ljHnX2OUcGMXuijBUyJ6g6hJFqu9FVJ3M6uCkXIHj1iohqMuFMIuSjZlxqxEfiEi1DsIip6RjiOOTae/gd9BOh4nfJKC01gYilWt5GHXlIlny2CiTn5++oA/JjWhtoF6/yt/qKjWC9CVzHgkILqEnPbiGdD+5Eel5+ZLByVB1AgZ4RYJMnExIcVEq5ujmlMAh2aFUUTLaggagazeqhhZNrx7fiCpX1OruSIq7iJyBACjtqK1gUcMgkzufYz0CGAG/f42HwdWhVGu78zGNfxdIBSCo13LX6YjU5q1nTi1Dax48uJ5ye5IliTKpUGvqBc6bwWgQQ5mtlhtsoyT+V9R3f71QqjU6Ovb36oa2ByDaJ2TjBvbry3qlwPE2iRi+c6yB46i3KJSHvInu9jdKRPvGBZyYzOhN3UdjFyiBmAhCNVA67N07nkhmmn92XXjyqtFSMREg0wzQqnYlUJ00/SZUGbQ3+AOsDcl/Zk+EiIAZ+zF36h2a4gOsdbE2aco39cJlb2Qy7XxhvUTqWjftqTyCLK6QgN4nviASdFYZSMHZ3EAihlTqiVOGL23bBrRDdOe44h4yuvKqx9Jc7aRobJkYWSYBDBwBIua45F90teMJM3xVdgBM0t6YbWxXGhZI4YdQUQuxpiZXOJ8oS/NUc9CF5TquAKe/IF1g0LNLATQWLGPPIxjKPm620Z3n6hgD6yI5Nen6/fvHr0+eM333yr+s3rV+bSfvzpzR/+/ANGH68+vHr1zqqEaP+7v//9H/76Sn7hKRB3x5HP0iqv3Yh3Hm1+2xIpJtWWEuXF5EqGkkKJhUuUpg9L07aCTLtNL3Yx8yghc5o3RUJONVtFNhcdPLJc9uKLR6jXEixc0QKi/MXWcogPH68ePbAqzjPvLmZgF7TvukyKg9lHgpTKNUlc3JgGyxzEl3Qyl1GPIRek/exMba4sXUGkq9F2u91CSqrlN9n4AbvwJE6eICYWK7uwSx8nRa5ROMOD3CXdZW4xQ0dn5G13JcFkpy5KzgUelJjuXCqTuZLQbF45Pg2BMZRHPnLYZvAI6lr6p8d3PnnQvHmIpn88dkK8Lu5blPHDl3/4y/Vvv77ztce4u8ny3osXz969+XL98eNTdvjSKjZL5mp0N96n7F7HFh4qfTxpokTeVGgjqE1cCQuLgT94+vzlV66Kv/WQizf+vXzu4v2b12+//vYbgrmxgIuuP1zJ/UnqkaGbT+/Rf/L4qVMP9xKsCXRjDdVy40KXeiwRm8JkUa1iCcMZypkol3NqV7RqYwJ6oLogji35WnMYwTM02y3u4hNJh9OCJZWoKr3LzFXHsl6tn6LCJ8zlhrUu6MpNXaOkPAKJMKBgp0+9ob9IXrrjasrnE66JNKCrhQ13h2SwCUp6dc6TBAmhkRawg/Nd6w0wUWmbar6UFnynoRs7VOMdjWrWOuITXu2wZNavIrIgj1T/ycEqQ68qygern7L8SEYmOH4Zm3bD1OpRr8WoDjE1QdXx6K4S14G5cG3nWOhCajarY44evEifTVFd6JROnHxC57o1XJgHEk0VH15+k1PbKfmNe/yTzu8MkmftkfJCjP6jVGnFOcf+FB1uNFinwmOTCOixUjLQWIQcWL1/UbVRJmgQdNiZQ2LkpyChJVB0c0Dhn8eJjsaCsVo86KYg8f3nyhBPOww1jMr6T+vRmACRL94ipnhgwG8FzFDDwxeEmg57pK5fXz7JGrsZpGKlADdE2q0FJN2gR+9ohnC0T0nGu9A6xfFavdLDpsNck+Fswr2ch9xBZBfhiGdQrON3Fjy2yJT7z1j2FkkxVx7RSITjf/tKqqtooeKwo36iGmQ1+3V8gEBcxFmTIeeBO1EA8cAhc8hFYv/J0G6aJUz0Qz3oBFB09AS1VhPMAZrhbsFHGKw6pDLHslZYU2V6mlDM10AfGjWdjLsvyxgRKKohaRAGnDEI84TTRaQwk5CGa4TlImAKr0yLQE2/BjyLU4H7QRZ946EitXXwAfevAk4AmAIPLIWMgooibtDqXqlishJt2oho1CJxoVx+SNqY1nAKkBSOShxC0yWNAwB1RZEa+OmQQ9MbQT/1jFjfvlnSQS2ObvUjmWisUtGlltNDH23TY3/rf1bT2K9MoCpL/LBxpFcsD++4RwGDjLlmTYbME46iusIzI8szw5vxDmLaSw4gk/zggDmtZF6hH7YUoBQRqFGHNzJHc1Wnp7htyaxz+DS+BcnMSTKk6Z+TK8oM/dQ3VSttsaiJY7kwC3z64HUm7024ecDY9cE3r16R5bvvfuwB2Mf3f/zpgxk/7035xz99//e//9H8EONL9K7emyvybMoHq9u8fGEurauszUWQijzFGv49POvAQjcySlmluw/d3iFJ8rvwZA45nqzLFBFZyPRQkmIVwJ7A7ZI6q9bhypBkWBm/JzTEjx5j7aEQXQRaGkYmJTvpunRzk65xlusVtE0TCi62ybNZ4Ytr4Z/dPBmlPqTOP6a5ZKE5Vl5aAupTePgThM5uumprOR5zpeIqh76//vDogbwLaPTJ5jZLE22WuCns6+5kAIVWBvlkde6osroBgFYM1XnRbsZjWkv6NO+X1jCS1VctgEBWP+icRyvTOXjupFlms4ws591/Jvw8v8KOMlQgLPZP37+1kOIvv35qIhJwK5C7JZDfn7hacd/dh00luu0Q09L6Lieb8Hv0qDHGUy+vrojwQNVjOa30zvuWZY1GYvOQjx69f/fuxa+/YUanA2ZeySa+OLVziZdf6bHKZe/LEbuaT0QnuD2EzRw128KjTgL+lFyDcXJRrKiuLdXSS6kFSx3k3GRfVTnEMPs6DmLSzFr7qaDgaDc3YjUgR/EtaOoi4jGEgYU7SydPrhbIZU2Jg2B8FF1AlNaUVCg9X+h1PBCyRrkivwgc3BWdmvE+lWoprKOEGkoC1oKI6lwxOrXygKIdbBas4RO3R+br9Sk2GQ/dvod4RAAbtSGM5xQp4GMX17q1CxJxKqwTXcUhxSDKmTR1Dk5CjXFVZSXxrLLxadJEZpZoKsXJDh9u7FLm/E1Rv+MSqUPtghFlRTU6YtZMUjsDHC4LokM/OyV7Sg2ElGgpTqdZJV0OOdfpNAuVBVRyItRXgvtKMsdko1P5CELEyCJQJuRF4lNztMjx5U5HfXTGOPQCQWnyFPWzB1acNa5KQGeiIrpbkIOpJ4unLe513IJ5huXDS+F0TP4IRPACCzNxGHoOAeDDdDGgqp3qD/eFuwDadsGvPoqnUBhWfkK9CIpQzVYpHcYpCVZVKeyCJKuntsNK0zIyKxwU7xynjH7Vk3KQdCo2+qJ6Dg8oOeoOg93xIrQQdhSLmQKK31uOYOM5aiMQsg1IHcD5TGiMpmtCAR9Zu12lQkIwEPhoceF/RDz0I4laoNihx/Q5OUGyAn5JfBFQSTX/rEmOGonEvf0EPjiFIeLXX4IfA0/sbkF0XzaHeriyZOuRRwydb8YD2WYb+00q/4WgLR0z05yDpF9RPwPO3gMKBnYxv5agMA0ThaFIccyBaq0/lFQqUhbcdklRTUF2fBJU5Ohga0Rj5lwag7JGumRwLTDr1PVNkSR3vCgge0O+kj5ldWo0neabmn6pk6HwuBQgU3uqnea3Tk/p2EY+0nlsgcZpesrT9RflczJyp91ASmDH24Y9Tmj41UHMM1OIVAPzMzOvAwnO/HoRVj0FyAp8OiRLdKuXCoA5R5yHaeCjkanKBubKmRzc+McXEKIh8AteRl3gAAAgAElEQVRXUCvqCWdoDRJoPrN3DLo55iExyWQC4mpv83NZXBJlTeNX399xtdSK0k+fvHv1+oc//xnQaysgv38vQfQulR9+eOWC8D/85Yc/fP+GUqaoLDfz9u21ZMc9QK/fvmd3NH96c+VxCZNq9E6o7FA47lqzZQ4tVH3/qSuWXfu975A/MqsxXwZx36QfAcE8+/DluslcMO7R83TFzdWnT16wUqhn0yxW2PkreyhE60XKMks1jT2fXLuOJAnCkRudRL9WkJnlMuLPyVbmyloC3reryo1EzeoVHZkr88LayciGqay4uDn+7O46ehDeW5B7CobIn+Wd8qkUyxelq7jINTPd3QddB5gcZlIlhzt5OU9tI9lzLZ+k7ull8lRINgvbFJN8cK5Ob5OTugY08fIQiZNEprauqueO78jzewjbHYuKxPqPvfTw5pdfPX57dUWP510zfmSJQvn248fi50FLaiN5//615bVBfOiKM/s9fnTnb55+ZT3FH66sfN4ldwZxYwApuMWkb08oP34ipXvy7OnV9Xu3GxZUbjNwK2s2fuB9NuaSSaiQy29u3t1/8oxedEZqDtxvR4UrkWYC16/LzmrwpkbZvrEzuw/M11pRHmp+OUpV9WWvXaTVsm1REp69gakdhu9KhxjOsAqi9gKtHbYz5A5vm/nBGZVRHgMIBD7tve6kTvwWO4pIFWj+cMB5jbRhHYcirL+VnsMhKA8umLMDqMA78iO/nFLkTk1EDjXlAEcQbKgJIPrKCZACVb0tm6hUrLeZJEFOj3g7OMNDZ+L2iY19CKDEZH1Wu1HdTwi3FEWTrhZIXFLjDEqBjkKmngyH0GRSRe7xrYUxed019IYMhM3cq5z9EzeqCZFcK4w5gHrOSiI2iVQWgeuJQOSZ4SatEVSHrwQAdFA11urBL+s62COWxrcGyNqg11tDHytfUUgGcgdAu279CAuFbDxLzBpB5qpo4reQAe8YkeItOavYXtRuD0IgXuWRTuGIKyRHNQF0tM6vVBFoAqgg1twyCw+0e2tCiorvdgMMGgHHHVWbOATkefL1EyCO+0vUIH2lwEFL5wu1yNpFb13yOew7H57ttD4EsOb7c6OzHLTT7slwyM6/YWRh/VsRYgvkwsRuhxfJVzqxwjkgRyi6HDNVmqRAR8rPFFVQs4qZeDwGvGh/AhrPPHAEOAaYFDM+EQqAfoZ/nBK9LBcr5BOyv2O+QQceWVRZAsiF8QpqA8Xlgzv3PwpVrboE3/EDY6FR5IE7ej70djSPYRyJzzdaTdRhsEa5Bi8fy8ECLGNNErsZtf6OiCrDSJS+U6WIQ2YYlVBak2nUnNhKMojvhIzs2bqhp3JFArZRLa63dCocXGUjBbPnKcsBIrE4IgSp0M/Q9jJR7cbqkO3NohMU8twYtUTHZtx2PDEWyCsccWJKGo6yfUPZHUioTOG8dCgfJk1ZYVn8RX+I6YaduFg4JHMtM/t0yxMWy+87zNIJHMo0aj6gbihJfc/o1A6iI/9VAqWtA8pklJNkrY2u88jYlY96nNsgJfPhuPqoI3eY06F4PObayNXQHRmjywdJvL4fEW/A8I45kz3omRby8l/p4Duv7nh431KDr169Feg/vnr915/eENCbheUEHKzhekzW5r5Fzzubl3KJ05MnJib1iib/JE7TJSdi6eEVaYc80l2I8oySQqLiKpqlHWkq1u71QmU27PVr72VGWqZ74dzBStWE7z62JdD3uvSqGVDfhWa5oWTFrGhR5MooTDN8WkMpbBYxgcik2BXKNYEizLcJb9d2Bawf2ajsTQEMFsQNQi5fL1xMSDtdaTx0W/ZFvkeJlJVApZj8tEU/QVnkGsMnJe6dlRDAqje1DdNhOdpr6Ewlus6eGM2wmfyrmj86FyR2pYW/UvL46C1dUexRfcK5sK4T7XRql5RLCEu13ToqHj258oHbe5EyW//47v276+vffvuC7V69vX7mYe9Hj+n2uAviH9+8vXvVfK0w3F2MBbRnlT789M4q2feeez3244cedLbQtqT92cuX7mh8+uKul1z/8Jfv5fwWYHzy8tnbd689CvP46eM3r39yiyLXJGvv+hZjPZCeKe89YmBPrtfC1xRqLDU2AyUra6SSyczBhpQuNHrKJzchh2TRnH8LkBro6DT4V+7juL85PACU7IfZTk0jZzXZA7hmN6LoI80Vh8SFUmzHb5FSowEcVnwO/gVrCDXfIss/WiM96QYTatjjGqMahINo2RxPzISY9HgpWG8AOAGAd4K6SGj8POexUazvAHyBj1qYUSpwhxe52mC9hZqjafLEGqAigIwVsck5L5RrMX0yzeIdHWEJEHJYUbsAkLdjXz4jk52GBQKZvgDXA11QQB8FLsSiW1UTGkkXXORymP5GbW2ynVzDqaUc2akqX8A6f4x9eCPAZoVHVCpuai3Ii4xqs5WSeCONQR1MWmRCph8y7HoNkgcctSDCHO8UP2NiJfFNluCTFsnLBHGRUYccfkLYYnQC8nI0vydt+OT1b382myxJuqY+Ahe4ZFptrcKpXLqiu98jUtyo2mmrPa1Inb9DG2zcL9/tXViuEKN4hcboYUjgZuZo9pfCZ3JFFLXd5nEAZolka6BWm1SIrQbkvILs0PpSYcNlOgw9YaDpFPrtaGIfUPpUMgkIEaN9qBqpGO34Qu8cccOwDwS0yEYmDlMWIUUdVmw7LNs7oKc4A6bOYTE9FlDjfWvluGyb3lUhuv1+a382X9P5Qj0glBVpL6eO72RevgwXnYP5Np42F2LGxW393dTv2s6D3qvV0G70y11ExGWBvKaHrhEGM4ujdUq/oRCPs6X8NEwr+z/LhkAtUzRfBJ6861WyQR/SzkXpppb6YZTzOQbRYDnrZABSBBdQ0PqnpvczR3qupdRvN5M1IY+hVP+zTDMIFO1VAO3Hzi5aj9+aeq04A/qubfuQYmGRpkSuwDYacRKleednkFyfqY1PJRY7YQYQaFxLuVFq1B5WpFTPWGAK2jREVZZ8hG9wjEUCHJxGsclF0vXDhygG6AAtPKML7KhyEVBJF7qiklccju6OA0nzElBQiNjmi+SZFSMIQV3zNtllEmZkXYWEwPMk11cqHj5x694TAXXda9purq/ee4EHjf/45++//+Gna+/cdWXSTNM0unr3XgbJ2M1j9dK4XrXseqXo630hrmUuCDpBTqpxdX+b68vdoFd22EMwptOEtEuSPbfSjqcfXBSWSZVG7lLxaXxm46ylBzE79UwTihmctLqDo7lGJPdDs5mrrTJYX1Ty5O3PJ+LKL2kKAA4RNStE5CCstxy+jKTVrC3o/di741grdYuHEq+UYjWb2K2o/rAEUz5n6IhYic0Ny4CpdVL+rle/xK8+jNQI9PR0Jwxgm/9sKq6OBzN0Fcqo5leBSBpCis2t4Rj/RQFZJo3skaWqb07XREBn3QIDH33HbJWRXERWenXz5fd/ff36WibbtWf8dset9cUfPX/26OkjMrtC3QPLrkl/9MyyfsCDP+8/v+mE4aZGZQWi+/devnxpYpeTrV6puTx9+pQXCObi9vur9+TH/8mzlxJPKSUzTC3SWDXdY90Ps5bbRtfVE4LsGp8oWY5eODPImWHlxFmmSBbzszvgJM8OBcCCPie376MmdqcphdH/pWGpcgQoTTKOghNH9R4KKzmJWKQqWFtBdMx8Ra/W57ctoFTggGCYJNKnNtQNKKm0/X3nHeKl9XAS4/aTgodwgpE7CRNyWsCzXwiNkHgcIxhHrKr+mddo7awIdCyqVCiGI5O+ZIALLVZLFy60Bwgt3tNmDMaWpSbNavviAL47NsmM1SdRFhR5hM7Sw51uvubTgLLAtDzUgov4nHMZHI4TjtLJHSOqrDvrJ4ZDyvUdpN1RUfXtlq3sN0il6UWduJc/ZKWsUH5ANkIUVSngiwL7PlilHhGIEzeWrcMf6xkxGaZUP41EsaVie404vjVwZUVM0k7nwBxW0HEELnSCGPV5KNnbJvNKoEUTCE1sG3yTJO8eKrcUpmdQCOxyAbXbr4fKyhO13xWeoyNRQlWsYnvZI72PaLjbwp9fMl7qzR8hRW46JXaKdhxwgCvp2KbilBQ1ORozvz9bfKoCWzwRWlWsDj2+W7SNErxKt0Ui02d0lesZLqpUz1SEOwJA0iTSjpsP2cuJR0RYN1dPtjBRTeLhTsiEmcRRtVvtBbyaBFaUHG2KFBy/d5iYNKo/sQHcJx7jWWVk+4irOnehquc3QrQZiZcgnjFzA6CHB80BNBtjmJqYp1/MQ84zoxXpI8eCfhKQJYhqMnWHg9kZ0ylW006y9BXM8WsyF+sKalNxqMjHrI9vbXNF0Beus77yxPMxIGp3Wmljw7n6nNoX4gVdTTgQIuYrzlJ5Ky0+xpEjUJQHuZSo/mlCRc2VwZ9NOdlAhlVSJoZq9FGstw2rWvXYMceaVrZ3bDPIXi7hVwAeKoRoUSjjBDc66U2iKE0WXCIz36xAsTiFn/qRwndCRI6mDopwDat0MTKlHn6VwFJ27Ia940jeJuUpk/FKDydl59nnb64+7COVxTIO9mZ05CWm3B4+/nRz42azp89e7iFaUn220LF1kr3V1x1j3/31h9ev3ln+0L5lUEwMelpD9kgsc0tSH3wliCYfEU/4IsFqf8iUq3n1XGaeJtZYtP5JCaKESXBns7y8ZEcEySTY2wtYmHRG7l6GYp2Q5+GW0kjZpAZhRWtzhhZHNKXuwQ4TfkVksrCF6tpLj0rXSRd1HoDtKiXCrgN/0O7NgPbyt8aMIiAr1zXg23Iz+HeOwJDOZ4rVycNvS+zwkR1u5hRQOV0mKL59S5Xkf4go8ArNTyYbe2Kl+AD2QTHcfFw0zGLckex5Vo7cJegxyoU9EV98kbzIEQIF5aGWQ5ElrYKjKhVRZXakO29M+VBo9v5DdxpYiejV2/ffv3r301tPqsA3Z8mxXzw55P7R50869SzyrECZU+/KGuU8bGRqU1XrgLem+kfGlFa6d5J4lKK1cGFxL2J++/pN8u2yulSXeCnQ+ogPi9i7X0xUa6TZPPnmHdPDLdCTNpkBrnnYNb3FPkUL2gk2cxRSKGWBFS+8EIsRQ/tlX5XK+wnsbEOondkCnFvxBXoi4YRAdRPb95qjgrgRDso6v4JGabTRq22O29iBEAwTKhdVAyB2YRVcirLLNAKdiJEejYt0CrFU/rMKi5lwA5/Q7e4gfHDCs+TocJkEat2RIz06femhtfEsjdSGg0t7GWNSOuJR4TzivpBMZJ9A6vEc2rVTs9v4Y3efJHEiPTEBTWW/BCNy6dfB6vQqCmmNsNLDrGYUceLUe+GIAaT660mh6mR10U6kI1SUtODIj97hqKGP/DAPxwBL7CZ/Fq44dhOG4gmYsKtKEntJAQaZOLZN9pilmMJTHPrPeyJqpoW90nFMkiJ1GPZyWWpoG6Sf7JnTRsQpOK3QTZEqAjszOIrqs5KiLSmqG+alYHGYxWe0YKIZLT8hp+gZ08PYNnK+LtJU1lFqbH9Vx2SZ4WKaCjLK5Gn0A+yoQr/BHULRUH0hlUoqjgyhnOgHjRsR2wkvxRws713+nwMhHm0Gjc6sVHssio56w7ooGPwsMNVCqiAGC8W4dJ84wrqhmtFku8QOgqM6cSAWWuWRizDHaRmB271+R2FiVhGBhK5gwOfraBb0gSFPbep2S+KUnfWzdVRHRMMtQzRQ7bvZBAUuy3WRzkyM2Z7H1u+wcgTCSZux7BaAMI4Yx2skqrUDqNXHIAdhay8jFPlH5v1E5uKd6mo/SX800YAUkW1AEVhB9SZzxkRNO/O2sG9Gwc8u8c7rdQEZKb5aRpIHHQN2QL7OKRpJM76kQSO+/Df7LAogDVBvNmVQmTjDwQUpNGob62scZJYVho999Gr7eLelbJRijZfBsp2JuhiqNxi6ouiPVlpMzHwYlQkxzu0pTRD8busHctQPoyyFGkPG+MSH0gkXmdSMcmNYeyRQFOkV21XW+CorAbH+h2iRCN5WJNtfL6To7vXVa2tfu4fMZI3x3hLZrn6KJQkfi7hpzDLYUii9+Lt371yJfvrkgcSguWhzRRBuvDzNkytesKsdaUs8+LkJKM8nyRq2sCJByuTK/8yEkfnu1fsPj7zkrpMdH/bdmc9GCgXEo0KB05VrypjfAlWhuUMSljmlohlGz7oIPy2jZFM2EeeZhD3Gc8NhhuLNFh107RnJDCUD7Xne7txIny4LW8rP9eVFUvZtyr2TDFdmTZQxSlOJpHRHRDfE1ZCyPclqkslnErVkkhSJrb83GZbdXSQNx3rVln75aK6V7KbvsMjdrgQX0gWa41ZEXKwcr+VGsXrCLQfuPjyupWHYkr9E8A/E/GgXtivZSOZkD2fvMjnnZtkwcVrNhnc8hXLn3nc/vv/z96/f7QZT8rhnkcbWs/z6udcVRsol5qsrKb1bfjnHwyUWS7+SC1rD6Je/+KWnb969e/v9D997DsfjzF9984uHj57K199fvWVfl/dvPNS9S/mIa0i1588eXtlS4vKVvR1HNLolwXwhS5pPbm2eDFhcTLE0ZYdMkSFqhgxRyNtjOFqd3Z2OnmGuxpZ9NLlZKov4H2A7xQQ7rSgPxqiO4FDMBWAWKJWsyzm1CP/s+ORYRB/5CLTu5QwpymCcYKtD2SFSBc5IxaO/9Dj62HGcjNNsUqwVJ4g2VakTD9+J29+BLTq4atUzXRBRSQkcQdb3FNthlohwQ7xQIBDM5CL3WCZYkIkV49nC0S7gcqP6DiYBL8EduJJAt6nLwkHG34fwFR23QeCc8eCj2EY12W5pnf0kSIl4RY+n86tAatyZW/BcHpXv8/c8m3BHhTjZK262HaFOfbKttsI1jkm8xqv8iLJZ3vbjjVIC9bkQTYfKx0/podDPNIBEroM665J+lT/bbQU5I0OobIyarMdAWYZAup3xwTh7jekag4OpkP/mvbm1wrqUo+cgsm8PAzQWVJ4JMf1Z+KhYKDupV+xreGObYA6hHulDzQqpqRzrW5xS7otMpwhUuLkmFtVx/JGymmRpS/6Ixp63wrL1nbFH8xw4xUEjhLw9iFAaMPwU3fDrSovMFLzINuwO2vmX2xjjd1hSKe2Ou3PztjjU1BM06UcjLZKsutRcPHXYUajGJsJcVGn3wvpInWQJyCCnS0v8RVY1ozcTR3/kuiGCnn3HBdK45uczNyhWPt13H5InAU3TNN/y8OG9D7LEnjV88kQPrgGiFn002p0VCwkyJ0pxOQNjMMiLiH5YdvJnhFQ5CjFLJkln8ik7Uv1szeiuNIxIxtLPnEjb9dkzOeJA1rbtcUJNLynmjNnKV8zqDlMC3ZiPf+IoSrZ6GXPjA3VYtzkQdY3n20BHzCMK51p0roxgUo5EdUqC0m9qLOrScnZfd9uUTfaqP91dlWWf9pdvxnMizEURHv06rXoEB7WCw2M+iJa/+Akc4QsDP+IfwXZTULfNQR7+AEuSLrYY22o7nt2OATqOHDIFD0VrGR3wQZ3Eko8L3nFVa6HclzlcSQ3ve1Tg+WZ+A+EuVwNNX928vzIHJd2xBjTTmJ9mx6+eP3tvwO9VwnKRddOf73qaRdbiUqBC00xPzvJ/Nx+zlBVbHroZTzLkPXBd9ugpCzRb3tmFZDN7NtlX9x12B0VpVqdB+wRtjT987315aCUemNxgQnCKeaOxRBWl2sExYc5qt9Rvc+3NUqDsTAqYK8zu+NNYMls2Jo4b+D54iiarcq708OZaomwqTLZ5tbaqLfKAZV9osTOYTkCEmWwy00Ijs8vR1l9cEqENLhQuEc8EZgvLf2VLzHG8m1S0y2laoyvfJumsIlPElE+mzTkF4MhW52aPAtksXTP0W0VJsBL6BEPXGaAV/YVCik2lxcBgOmGLoXgDxgBmWu+8e59gJLv6+OnRjdUrmU9C7AmYGu9Tb2K598j7Et9euT9VYsdtn/i2TsYtnULELYnPnr948eL6+u3N1dWLly8/3ryXsdfB3Lnz/uaaDtJH3yXz8cS+UyC7SU52E8wPHoqnQqNlI8/i22eQT3jRWjdRQ0n0Y3BWt8MqM4vCLAakvYHVxLYPhOEu3GprUSy01CbPae52WS+U04gzX3SOkDPWzwQHhA4jB5RgdiZisdqxAiWJ6rj/gmQDSqyHEwGAwY7TMHI5spTS/dWfoHHIjVH6irO0GW5cfSJfDci6L5/2IxHukaXmAugUzQwDDTtgcLecOq40Peq3c3pogcSrFNWxAoe4xW8sOw07EFqBoiNHqs+2Q0GFtIqGE3wlTSYcAXKVrQ4v+KTYzljXP5uUn1IJd7vTXnghdGqJvR3hmtcvQOgBqRFnmcqxOCaoBpOjSItVRSCucZ/B8MS75KZ4ASxWmfN0qhVmFVtBGm+oHTM5bmnc54RGem0qcbwhpCkYjHR6+Aae7ydTRDJyPPfPrKMc/OyLXSA7YIL0PizJWy+1SkWHAsBJR+JkPSQqynoqS7I9pHZotHuYDgmU46ErnbkJZaNyvRFJ0mOdzIXrfjLb2Wr1iOAxE7Rw2Dk6KYWq6mJSG2jLCGcvZwm8eSA9HRY7Cv0G5T8+S3gi0V6/ozlicDAuM13rHkLyhDauA+hgTSXOKznBQJZbXoHYPx4qhGOUnJFSgfV8M6oG0COgqksz3fE8AscmTILf/xQ5JCZbOh4tdttYTKIfnz715iggNqJNTSgnz8Zti1kYFfYxdF3u5TL3IEFAItIUjHzWQ277kYpoRWD6kZaAr1XwTPwU9uN3UB2FexymWFjPJpXV7A78aSYcEoOaluLwl1220jdghZqaq2Y3DRh2Jb1GTCamxngcWrB0BXVOt+ISUdzuwWdmKStPofRci1lHpnMgTcmim6xK+Fw6bK7ieCBvQ8oYMyjRauNZBxNUImjUJEZPOpjAEAJ1PGdrgK53dvnO4stMRkPg03AUa7KOkaPJsVcsANXuYtblA1ZQBDbRjwj4n77VYYnoUak6u0TUd2CFOEDoTXfF5eiBGm+Q/0gyI5MTMqhR6Fxg4Y0iA3YFTEoAwAviPnz88PixN8Q9bY09T1JIv3ZJCICZW0Lys2vLb968e/b1i6VlXozx0Co2pto8qfD52WNvTHn4sBXziGbC0e12JoYkerII6eMHr9YrVJoF7Ma3L5/NcdeZ3L131UXOrh5KDvsIB1qVWm3wK+Fab+47Tax4ZxLTaxM6/Z1rzHdeS/hYm9CaRpeJs3UtAoA1ZVDosreWcc+TDcjfcQblbc0xi8itjeqxSRkdxhUT0D6KT/jEK06rJ01pUSFrFFmgzJ1yZXo2Hfvp8xMCZgzqMj5jf2IRiY/Mk/U6ZIMvvTywJ6aptnn2/OShb+8+4R0y2Jby1rfm8bhKWaHmSBese07GY9IW5DmBUzAk5IQqI14wi5qKDDbxw9C1fhOfLMgWJ/ow/vLOctYPrFD44Ke3Hzyb8vTR/ZdPH5Pk3dX7994wLW+/f+fbr595dYrzAn0rklJvGnk0+pkJRsd3Pr169erpy2ff/uqFKO3F0Nbi/nDzbStopppzV9ON3TNKVXHV8h3LaM0jPmTqu5/ecyVT1bKyEOnWJE/kDmsCnwG1Yw7hQcyPrgyQcTJRfi1yGcWGgkMhF+Rox6EdJoBiLyagsno/2B+r7yDoCTSIwQNZaYT7G+IGnqhFtP8JNF4D10Sx9NVv9XMCuQ5s7TyfLEpXFGpUsm8GiWg2UVz4C65JPpkDq3Jtvt3A27h+kX3pANKNDImhKoECGq16l/b7LsIP+9paPBPAX5SPQavPTgqi1XbIDqzK+sfBDzPG0wBXzXmUTqtbDcCoQPOjntgR2l8s/BVHRyowabDaQMMcvxxYgj3VhH0Ms0S62CM6XXZ4SZXXtx46WTg4QhHQb5v2FIpP7tUO1z+ug5pJDsyBTtswNToS2GZdWIrjT2D2Qj2yIe43q+A7eGAUqKRPFhgwuGDRLujrxU7BxsNk2yGLFBJV9r9Br6MQG28S7wJgr0HgIuGAdF4nKEJoBnFb6KtOrDRiHW4uUC+qHAgGyduVbpvkF/kJXAJp1CJ4Y2tgIxflPmld168wGymiB1ULgnqw0tbTRKs/AmGTOUauPq6RfpTQiSAZj0SkWpQqY4Fq8ByRQym4WF7q7CuPB+pAAzIoDSJhO/3wc2yRKg5Om41GrA563gvcn+JErQ8f8HqkqEyeqA113I4vf6Y+KTTg+CSY41y8fejbDzvfRCRdavAB4mb4crPTSbSMYgZD4+yur0XKX9q4vkRWQwL8KXTUTvFssNIBO76EWuLEYccLXQC1w7XQ4oCEaeeUUdkIHeBxqIiUkYBXNT/3jga/PbnoaH4vkTMm+ljYlzwgCxLEL1+J0eaQAcTguvxj1komsfqUDCfj2W6TsPFPhiCFoP4hYkmfnI2agacgSj9DzzBxrpB95n6HFUyV4hYSZFUM0EaloiCIcqqY9peioxGj+OJcD9tNDWM8+nGqPAeMyXDt5eSD2FTSjhAMul5bZc08GWoF9gduaO4SXs81kGPdzOifaRvkKF4WY3YHuydPnxuozSMa8j96zLWEA0krGvauW4mg1fHciUZ7L9jA0oyRlQodPrYAztPHHkK4eXv95FlpVE+sUDj+Eq2Wad4EXnmYS7Mm/1hImJL+TJCBn8olCpLEqvS/9QiXOFwGICurjzBXXC7Jfs2zEdyLWaQoMp4i/6Pks544A0AWJ9ZVSWtXzR8/JW0lLllaCeDhkwePnyZk0exS8k0ENTWYTj7YzdXTPCTN1JSw9PjFNQEkvhbnxs7lVXndR+8ywcjaMXI+rza6+/n6xuVRTdlNla7ofjLXZ4qWMTuXMpfR9NuJX2Jpug/MPX784qGNWg6mHgMqPkqas0CXk+qzpapNqprQQ9BFanULkVoYm8kI6M3idRbznNOs09mTefFQeGKNKTLS/u73q6S+Di1IPtfvKfL++eMnN9YTur52Jfzl88fPnmrOY9YAACAASURBVHf4xnXnO3eeP7vrFdnuTRRYmrdzhl6v8vGjldJNEOqLatdf7rmE0cTwo6cIy5u/+s3XosAUtWpnDwTTimXs5HWZXRAWKl3lJmn+14t2Blhz8rdGmldrHX1SkFaiZhuY1azDqCRHi18X3DPSGlszrbUs/7bIoF97aU8h/5T2Ix3x1Y+68v2qPaDtxL0GN8D6ALa7LQ+bHhj5rGMFHN2JcSE+mVagKp6T2e5gl/ImZlKNel9x7Q6KTpKyRHVcmBKplV63PR+G+0S3gFY5gY6mCNVPHPapKmhXg8HOBjMnggX2BmUU6r5H8tCJbXLP8gOrs6sI2LwRg8k/eXeg+igziSOwvjIXr+E5TAeiJH0/iIQ5UKoP/4gyE0Wusv0FFPMLgla2ycgZUVgVrFmiM9R11tGehqORFTBMhcMv3tFLoEalRr1qDo2YLFhUhlBqAnyGCzMfjVQSjsjwKkzHAYcXV2ixpUTfAHKuvWPb4dVjJIjWTanoVVyQrydBhICmHaNTNWLo2JvMOhYSRb3CY16wscIk18fWlo+z4DELTx9J4KyrGHqDDLjEVRj7KXM41ZLjvfCsAYaCtiGpXWi7LJqAR5QKJ0Z18LgHkmpHiTECvv32FUyoqifqACttwwb/KAQS5uW7qorzzox88JEwzFxI+Bl5IGH777sdNlJTB6HvPOwrN1ZklQup5AWxY2zKkcY8sWIflXgFHq0oMt7FRBeQMY3MJQA6djSlE2dIKbsSbGI4DaafLxAxGes4kcMIZxO+vteZbly97AbSR8sgVXPm03K8UE88Jcd3mKnEEPl1m2MUSOLuQMRkhAVro8AEKY6Xoygp1iJhE9D9JrNP5RFFpsF/le1ua5BuYDG7c24mAw4l6+fyYwMGnbjRTNAMnunGRXNsPKhVYrRLM/02INhS0dATzYMcnqNOCpNpisRsSiJe5O+o/i/DrQhuZs1cp7NsrA1ysuLevsZ1kS+u6gxRJUaBjesJ4QQTRf6QjoBPIGTypQqww3zZ7y0A4gTqIdjxDKUk2ExQ1ohDuNFpc5GSUaK/ylRGd60/AHAfPkj8rt3mZRUYxyaCSOqpZAkXg3ae0QyP5wy8MPez7NBrUbKHHPHzxxcvHj9/+sxdhy+fenMv5370eMiLx96cJuv7qEQVj6Z0XbPkj+w43OyyRZ54cN8ljGR20fLGMy6boWu2rlm3bqu1dl+JTEXdaChyOisK7sEd1yLdrefSrAuRAshla2sJmpzr7aviycRazpPsuvyJP9UzUffpen7LDY/PQOVNZmriukQtR7CYnKinW0x4Lkv84DUwN2yX4YsGE5/hWykAcVGd9ZtFpOcgyrmtBPnp3dX1m3c3pt481bMnLepIBQkNpHPeL9dl3VI4nadFe8DEuMaVRMU6v5XPFdfE2cRkJPIirJGqK1GihWcYmp8gplf20ydkxRTnNVbpivv6c4NnffbiKMmxLOpRQo321738xotVvvz09ua7H6+lv6ePYWBPJgkHU4ZwnjxyWdm6OA+ePHny/v3193/9s7nT3/7m1y4sf4F9/fbLBzckmJm2iM+9x0+f0uHt1VvS6DGsrO5ye95m1aPSxidHrjJTK+8IjrmIXO2TkFtP8CYrgdO4vqU+y16koxbMupUO14ILBzSQj2xgfAeyU6wQwx+boOyeg/VRaIVSEhDkhZfQrSmQYRTSQucg1gZ8IIv5YPJSgymyUVhJVBVMnKlUOamCPTgcNB2VK5lWSdDslaNk779+NUrFDdFSU2wUJxUBTeVY2x/kcqgNvpUWYpmlQDkGnwKjnHLRzk7NhGObZc4e1pF2cAqDS+sQEi3ulL4lMCJKC03sDvQoDPjQnIsyPVfXnR4GYzSCDXhaWT7MzhfNEsEQ6Hv9afTQyGT9JLw91ceISUW2SRpIKqZV6kV3GgEODJPjdD0hKOD1EEEAUP0z4g7UDmkcASE2GSNLtik3vrDDHevkHuFTL5SPksMhW/LHD4eFENRZLySfCNW9KWu46SjfVz4VkkW54yCTo/pcPkmES8+8B602wt23k4YRmwxxP+ARHxeVsepHt5Ee0zsMpDestk/ABIrOIUHgUII+1gSS8WOYC1J34nYQ+YHHH98ZnI5+0U2q6Jzk5YCoG4eRDLv/JLhQI9rt8UpXXvVEOjxVXOwIeeLGXGn7CR3VGV7ZGNWu80nnC+3VCvNiSIBDL4PI6HMTifylgtE1iUc+KJ96KV4YYyggw99XoTnut/CDGkf1gV2A4++wI5GHGj7J4y/ibbpdW+SifvqLMNpf2c+c51rksng1LI66+EkHXaDfiwaRWpv8F3Ki2Alb/VGkF2kLstrjRZxayazEJjOlw+xy6b6NDyY7XYR0aauLuYS4pKT5H1hE443NxWxjtWaA66U1ZO864EkRc2IdbVY23QueFE+AY6eNEEWZa5JLnpEh2jgWffPrUYC8ZeNhHiuLB7LOw1HgFTzbSJsvx2jWa+ipG65hTtwUARLaLVayFlm2TN7h7YASSO6wVTqkDgHuZlYlYxZr2Lbwy44DPrbbZFE1yVsHq6YHJrzxrEXvmtEhXJcLd55NOCEVk6aJGqpdEzTTI7Xq3lazhg+tZCIx9JzGo2dPTZX1JoyHD3pI2dXHZtdkf3Fx71pZYrm41MpEt3UAP3oDSsL5LuW64wVsH6UcnSfMuhI+2WASIKG0u+EIXX4jrpV3hbqMTnkTeyau3ANHXOkQyOzCFPdMbT5ekgBNiHkAJb87cD291RM/XL9/+9PHq58+eb+zabk0B+65zpk5AzM1WtLEFrn+7NqxmVEziNFAvvSNoe2C5dnM3kTm3SeEQueLVWCufnorUby5fm9ZaEx7nmCzs7thUYbiVkKpmPXt0aM7nlpOnm5n3fMaFxloJXWTl0krY2rLdmHpmpZ/n4EzE/Jy8bFkNFnLIRQwC8hkpk4ZYsHgsC2QADjBQQ8eWYmmWdo7pkO/94Tz+w/epOPEDwkTvh5Rea+qyeAPT/aywk/XH/7pn/7R1eS8zmSoyLkfuqfwxlrZ77t11WTkc/xa+NDNAm5YuL5iE5fzraxOJFfg3byai8TJGkNqZgrqHGMgSgFHCrPANOWn+oGg2us/w+y/rtlR6leZbAPoKEptIcDteO2jNtLuyscq22QoNLdVU2c/XIgXSDi5I1AIRWGNNVrwKj7/Q87gdlT4oZCdOvYZ7hZ0FcGMxdDzbPYdxUkzwQFFYyOOX9Xx9LP2PuoTCECc7J+ACw/XGVfgCYm6jXAvbNe/j/NMUymAaVAv25hHGC1VU1E17eMbSq2jD7gA7NavrC4S83BCj56CtvrwsUgGfyOkrC1r5kiHuF4AcsocsbP6VQaaDBn2lkTcE0kZEqJrcqsV7pkOiYsYQYQ81lWeXmrEZpq6pZ9VS9rb4IpBhxP2HETJ5ofPCDf+yTbQ5BYwSZZs+T+dCwLbPNFYHsUgwPijrh/0IhY6AvPmYTsO8QsHYPpVA1yZxAXSpE/MhI1lHUMwY38QgjngQCo/ZAKzjSTUC86lxPEpysnpBQ7b+oyqqNURUdQc6YY/nECz7OEJOBw1M0WJQyZJtJFoqt/OIRPWZYO13KXayG07vxf0CIfZoeidcqck3nHMbEH0s7Ka/TF7xwGdYJk3kQCcSlG+bLdMHK60cIt0x+fvHF+scZsFJHUVyVNVKHb2PbzI7HCVx0VAFypqkjiIscgOTFAcJ2FKT/xCbk1maoVVihXW+obcE5sV1RpzytqWFCfpDnU/uWSVxU8s19/VJZQO9lfITn5oHcchAh2FXRElLr/Fd/Vp0UBsgDcitHjHBtw90nDXK2vPnemATGQTPcWINhWPARhkWh+WUUzy2EtDloElcMZIvQNNTe2PIWU7SjZvM+HyTSQCBjNnoxUdqvrqdN1l0+6/qjUWKAxOb5hFaTJNOuR0de1nqejW2RJyskWfDmvdqJp1OubEEeSxUajZDEoFZFlSqaR8KuJgRzCI9c7ZJn4XAtNxFDL1oZJxymhCLg90i6HbDU0hUaQ7vZzwNTtVfuzLJU7xo1CZuTq9vu8mr8iGyKMnHkMgl3XtTKE9fWLof5KDvI/jrlv9vMunGx3kcQTd/W2uRfZocK/MID4L+aKPJK8laLpV0WVqtvjhjau3MMvCpYICxE/m7k5P6uvSpYWtFDN7MW8DklImImGOaNlkAdsjsVJDD02kd1vsagZI3Lj8++7T+3fv3/z04eqd1PDm7Zubd688nuP5Fm/0aLXrZZzY687ymtfOUV8w9MYiE5Almqxnwo9OklM8GiqxLkuTitrS1+2XXPPq9fWrtx/eShC978WlViZ2ldziO3Qqz6JF0UbTVGSIRd75Bp1nFz8FSR5kC6ln1p76RYr53AV3wcVzbL843GQr9xXXReyoJTs+RC2C5hKNvO4XfStf1rZdCnaPwj3PyNCWAN1X+fn+u5tWKHzSYpTl0BbEhiBn9rGollnV5y+eMakw6WWAXHLfKtlmqM1Ffnr54huuZUUt/unTF69fvRKCLCk0C5iaGCsIGJbwQmd3e1oohyQ5oA6K5gEwcgVc3HcqcBnBHeadtcspQuUDC6KGOPBiY/6MwKWoijT3myN8DsVMfXj4ttu4ui1exZKPmoM6zyOSJ5JQu63t4tFhjXoyVN5OHgu6OkBpUEe7ptHZWdl8Oo96RGaFkCZ1bo1JWAm3HQcZCrPwnCkhco7WRgINtmShtOMQUpIC4ChdBLVlxAMQg7rAsWiKfKYOZbTAwrgoFy9iR4DXBjBNkjSRaEW8CZx8AQ5DyMW2OLQpH1MCDSkrRq5tzX6mjRBQ+Al+cALfYNHvdEB/6sU+EqHUhxFk5uU/NqItyxQu4wKwpmHreD0opeuERwxk0tb0NAFwsFPa95oj0rXKKo41ZgkgsBp2wFY3PEehhqxzaUvSIVdR52YD0ZXM9o+q9lCL1M4KJ/bIBJFJN0YdOYAl8Yb7Q3rqHrapBDvK2IOzF/fZlfQnKHpEIO1AtY3TIsFeB6sIpJ1Mi+SATk22m6whDzp3AvZ9WxLqlK0mtNvm0j6JQCZNQLlw6B3aVCXmMVWgKbzYUAOwrXoGvhAPIkRAEeg7UVCJ+orsd97fz9hUHrb/SmeqS0UCkC21KxngJSRgh54BfAHCYE0j/PM/ee1qzygcGsDIClDxBBtDJemZ8pMuMY7YaCVbrRq7BKluTox8ZNvwBxmXo2NAk2nlwCdAOkbMZxZoZOWvTc2PVlWxHs25oyFegZJaN7JZbsQRqvHGZmwvZozCqlBlGp18Y/MorBMHfGlKFDKUWvZEitADB25uc82ttMkDsKhcxkYTWKfNJZV+c14kW5ZRQJFDvoLVpuKsptbf5D78M5jmn7yezG0up+E3+W9tl6KjE5vFUOkKgc0K1Zvsqp3MpbEBQ4nAtLtY7PjhSJipYo8LqRgt0onTfhIk/glDxcrz0Er2U1+GnMJ0WkZbTjBRc8O2WkNb2VxEFPdbKC5MaNe5wS4Z7K6SfOQiZhNxbitc18N6RQXimKV9ZKjVLNeXT48eviBEzwZb18Yc7yPp+6enz198unl3xZ022WQsN2P9wJuLbxCRTR+CBPaR9ZCsx1laYKUb62Qwchyr73FfKs5HP769UgVDftA9yWnpSz2F7IlZneb0oFfNjswltI2XPVHTw9FKP92UraWI7fPHJ4+fOWwJl093vKnNvYYSFkI+evz00Uu3xxVnQvHTPXcTWrbmieYJyHMS5Hj65Onbj28IKirlzcveCJ3MpghLmiU39/asRtfHFw6mNFljf12C/Xzv6uOHHvBgPZndi55uef6MF0zfupmMem4lTFiX9JOzRlVodd5fU/BpgFjfYL8ACrSAobXfYF1x9zJqaw6OQB1+pVr3bYvNmowsR9xY14C0eCwMN1p6U8qhDbMufM+JUdBF9rLdfJZhBEXrCDmSxD+89/bN9bku/+7qyiyxCWX3Y16//enu86/dKeL+ho+W0v7s/SmPbqxl2Oufo+Y9LU8+PpU3PnkCyjnJ4kjuqDG5X8DNmjm9sGSRtW8Mqb74z7MFP9XaAzhFhMiaaxatDPQggmIxVLLyGnwxVkj1WyOMSiQpDkxpRzN5o5EFH0XwHtWtlZU9FFdh2QKzQZq4AUR2ov4LAw8uypO2TuzsjA7RRgsFLiBABH0Hk5zVr7SyDDEZVDoeQuFj/4JxkWlCJl4NMImAXrYME6HJsLhwghWzLJ6ZBNwxZw0TtywaY4Jkg4NP9iw1LRvSMlNyHiljZT+mFRSSxzaXgiQa/jQY20kQvZRtlMTWAh3a3gomvN4sF5GzTs8GOjWChlTc5syNyRNmfdrErs+GHVZ6JGh/0RrphPePVKpgkuyH/OoBr5uakSJzQTu/hSr0lefm1D0CDjJ6Cwq9R4QAnjFE6I9fxs+vofkOXkkkFo528sKk1/aON0+3X7u86HaQb33EEgjim+BRG+F2Il5V1Kf9ZO9MgAYTMLeHSCfzB1Fx1GZHTSUIR7YdfyhMZjHCbvvUUUZt2L5JU+8W7xQbSXZAd6RjXVVmT66KIzkjTOQj7/FzlPFphACYahk4jFOTXHGubVeXfMk5wMORADs85kiy8Yw12Kl5zDCBjlATJrhzGNzMGds2higWj/hx7D9wiAk4ofAdel9hTJwBT+/MOtOGdxnw2htw5lUJ+jCLwOFwfJeVUyiLzJNJnDyIjV64sU9axF2AnHjM3uAaaL7skmH4hkK/RVhQDdSRH6kLyQmSG7IfAhdpFPurP52DbmMluDRJhiKs1ppEShqYiGBrsqC757dMiuV/TVE8MnJ8/mTe4PNDw3jCGnmvJTPYHgdPpWQlxZged0RvquNht2EhQWUJJj/SUZF2p9nntqRJ6myTRojCCyUojAYCK6srZ5yk3w39Rmz9VbliOFKgZrU02sSxBYZyTKIKbwRYAQZ+KyRDbvUVr4mAT0opZK8OkHCEXF3OoEu2VqFyvcjqYxhPRUdazl0PA/TW6anXQyqwTNURdhI3tjv9Bd5DDwZFT5xcWIsLT29EtMCxjp1psi75JZ5uulvrHj58+vLrbx5+MRf25dWrn9xF9tyNZR8/vnrz2ljfa3xc6n0vNXLFNkpWSbQ8igek5WoeifUkrJeuSKUsNZOTP/fyPQ/B3v145/t373bdMs0TtUu0WbjnL1CycWr3MJq4yg18jAJo4SRU3K7YsyotxC11q3eSw61V1gk3RXp9JcChe3czer948vLBoyfyRd2rzFI6SPcv95vsvPfYGcEjs4wEMA/oZSN8y6O8LkQucSO2zUwWV5j3SgVucQE9q5qoYXkf4eEVw60Y2HMnPzZZqJHdf/jBskFmzqzB+IjK0JswBdw0YllhrmwQMMsYOzRtjjNCoWw2p2ZCGgQXAVmBCjXmEi4yEbib9FmKCYuRorNIZz2hLP2nXTONNeyenMES+egdY3c1/K4nlbwYxdSjOT2L77vLkM0nwedn9912qOVKTD15LP+9Y01Hee0Pf/r9k3/z4vGLZy++evHnP//xydPHX331rZnEm3dve9rpzudnz+7T//M7VhVinW2JIs6iuUlLm1lGzc3qiqRlAQBrkTTM3h0V8uuzUsdRm+qUyXY1jDwAvWxWaRRua5gHjbU0haqm7wiMTlXRG48Q61H4IUqiIPsoQOK0t+BUNn3VBNVgGkTFUc0VeqSTabWI5NIVXh4P4PV6y4RX2R5Y/hnlKJ1CBXNkBAGtljxMVaeWlNllrIZwDoqXyg/ZaIWJ0pExQv/MrK7iMhoQEkTGBg6G0VYyDZMgigm8yO23knTbf32Qe3aO4kfWAo1RFnNwZ4LJq7iD2GgF7mhBiE0ciuZLR/2z0iRM/hG75XdRd3Ypmx+jBAGQxwaXvk7TKNL56lAUZa9D++KqjhJITR5Mzrpr9srdgoyGoVStKkkSPII1rkCy2eWva0y5G8OBRykGh/SOVhlMlg97fgxjw1WkE2akO4jFxJotY7q2UBnpjKMoIJxoa/gNB+p0nqgkZS7A64LVPJeCiVwMz2x1VCekuqH7YqCzAy9lUZuIEU0oUTDJZgIwOZTIPvFN99DCWRxlBVDJnj8LtYB9kfkSdEPoJHfEUkj9DJR24We/iVNekPXWJAfGNWgmJQEGnMZ4jMvkOAyToHIwIx8zgDscyzh0tNYdDBLzdGiHV75zEBLLtb8alLYbSgUjNK4XBoiuHWZ9sbagGTPAM2QypaKfejUHhcihmiInuO1MXBXzdeHYTmP/ESCVEmBg1Rx/TeAZqkpUAsfNkU5SbSG/wulUCfbbj64aCI0vHcR1P2OKRiz7L4xXia+6dedQ8YjZONx2dg5VF5mmWBpUXQG889AsoutyUpUyROt73Ddsl0t++nzde7eybubypfvwMz3rodEqDgyUR4vxy+jBDI3jTqdtyK4BHmXrT4Um9VLg2HTBlL6hJm+7vu0ZT+898jSFaa/d01VYyl8aFAs+kAETYoFT24ruPJq8+BbQG1IGpejImADRT5JDINxKYlGhJCCjnqbAQrWlBExov5NR4dhEE3p/s9iYeuIVZfCNwzE+Z5tFOKCA85KkpSurebGCEkfXoCUcVGx2Si/t+v+Evrq5dk/hE6/RuGdpQPUPPz0w3fbB7NHz517L9x5uE8NdKPRAb/fidZ+iF2p41vdez//KCxjDcyKf3I6oN7N4ilVwpJhvvY3vYyIkxeGWQnM5S+jWu0IsTZTflAM1e9hiim5icwtb1ic7tZp7y8IsaXPrX/PSH7wI+sbUKazrD1ePn7944G1+D70YGneTRGzwyM2Yd12WfviUte48Nsf47NOXH+89/OBxXsK7JNpFb7p9+vzoy8Mr06Hy25OMdQH9ofxGyLJiD3YnSTbvAm1PAgnx+y67vn77jhsI4Va8+73sxWRt3MVF/Y/01V83aeYVwdXtn30KwmZ28hvNa2Xt5dEip/lHgV76J1SEugnBoLCqv126SoyTkR+c4/5FAKInkroSk+HHPLlVe6ytnK2le1wPx0uzk4h+vPr05vVbd36uFRZepjVvPNt+9/67N281ZA8GvXv7RhdlgSGJgnWyUXGf6M2763dvRLeAuv/++sbD0YgClza78cGVdzdysKpUslY2cai9NI888FK4VnDajR2DfsquxpcSxm9oH3I6hKPmNCteKjSiMUOO1rBWkGhBjJDcq9+6Ne4JchJl5JpOBUTi0Xk5u2mJ4MZAtTrGrWidzJpxOW6Mw+afdOwgah2oagxAaoSIUmAvp8Ezdzb5XrdTsxYjIYzc8SE6F+3ItfLiAYc1LHXYiptcnArRz16dDNSNrIMZy+x0xqy0dDQxC1TEbGj2R+ys7WfMfE22iKdu0gS1zd7BTqMRmitWbS9RLsjI1F0drOrJgsPCu3JEUy/wo8jMpMn1O5aH7aGh7Bh4ps5CHSa6/e6DgRGMw/ZDmro1ylhXlQRJ7ctsa09xHKILJ64wDDl3OUSPwLFgl4hMq0iIolg3ZswDBObVwqvajXrpVUNj02J4gMgyzUbr7Yy0G2DQykvVComzNRbYfM84dgvOwOaI2V3BCK9sEh1DBpYRkrSBIjHOJeYoHBtlpjPmBdrHPz2HBr6yAhKlCAy20EjAlaJE3ZTJLok6C9R/BTESyarS0VpW5lEe5rYxtDdGfo5Rww5l24TfXoLFzG8NeVB9RytJwmqvnf4TYyarISqP5EbGjgILhsML4AlSyEwC39NckIxOx8O5YMXu8Bi7C8d8VTDQH17shpdoh56CuG6bMFWg7G9fKi4A05Llcl+l60kSYX6l8RqVn4IlmVexHSpLFez6nQxOKY6JWDKxYFCuMwvE4h+TgnViHGkH4yt56hNaKi73+pspDlKRMEZ1JuqQaELowvUANyl0keSODPHRJzdrednXNL9350bE3P2gv7IUzpW3pjWCBT/WJwKJEJvJWXH0h62M2OlDHSXrTHlgMnasvx64E8npHa9JCiQKuycG2pxOTZdbPT2zGyU70F6INcZZveZZtyWm0iDFUU3ZYsduPrdRZjVzaZc1E7JuNRoXG6bQaKZadfBpG4z/jDDo6TWfVa0q1njLflJzQHFEtXFlTKIDJeDiGjyApLTqsivOTShSTFnv1TVnJkn59MH7eMzeeQLXytlPn3718frd+4/X5uKsWmk5ZK9GfvDAyiy7uOwq5L07vT3FxOFENUtVdU+99IS0CSMv8vVKN/CWRzHjyPz8K3UhvAuNbPXq+v27a1OPpFhGk/8lBtNPIpjQvh3rit29mH1Crq/WYaFWCl9y9YmMzb1J3ygpjbP1MMQnV5a1gq6ePnlpplC66SVv1kHsPkir75SEFfLshvF96317kcdn10Y/uUDMCMaAMhVpXzK6NvzB4yUSabOYE7pLsRb5e9hl2dztem5TgqadpW/lkl408+Dh9YcPP70TQ91oRzuzktJIbpEGkSiXpXKPaBDBAIUOkzr0B7RnRkQAvRMucWuEpdEZfqkxYou6nLhGHhTnQkJtbwu0z0oVZkZciw17GReh7KSggLbf1K3Xtnulyo35Pvowl5sHm1qW8d+/bzLSi7ifP30sf9ZE3r158/v/6d//H/6v/zdZudOIZ55zb962/g8t9zaYj2QkuZc3eMssnz73aPN7dtK42Ei7IYnbZDnCEYZid11KkqYJgZKqbnAuo5aNE04/oyq5WXOBwX71DheQ/a4RpHAmn7L2BzDMDmo32WXwoJJJIeaH2zHNIRsYHLWT7SAFv/55hUfkkARw9gUc776m0aBoGQ3aNho39ZFwK4tyvl7jv0hy2Y927Bu12SczJFfi6L6J6y/plAjgWKZbhAPLAEXjrbLKKknAIsqpQ9Qu8tpj9VD7i2i0d1AaPFnDqmoTeUeVQI8th5tgcbZtrJgeF2RlcYaOy0Y68XZsnrQHX82gogssZlWd/0K32qy8HVZJo8rKEEqFD2KFdG9pmLhF4BDcty9NMrvZ7NS4m9JQamH1wgAAIABJREFU0FdsCulGzMPpohvo0xJPcZM4oYzMcNFwNAv4VTQz+rUTmEYd16QqCGK38C83VTztwqkipRKnSFNZpwHEfiqXjbYFc/HgjiNcEQysNModBVfXOpw44lGDPesgBo7T8GH5A3IOwz5763Vwi2F/aqbJjgrzk6HFPuHHtlHzglDpkVztOAGZncYgrH3stH+r09S4eOSgpeyuNMRRAzs0pthIpMzoo5cNcBXlJ2AA1PVB888YE3JqHAwCgQWixSQ4SzBbdc6mMpKvuDLR2Ha0iKhkHVkks4hfW191eQoBRu9UTcBTGUBkUeLfTB+fYRNw/lM5iImS14IG2rfDxpYDgPrkQCSOISkSxPmhvmNcht3X+qYZCV4K0fm2dxnycQWx0znGjTVrE/pu1DvFTK3TkVzUO1zDOXKSIR44jGbgRoO7j+4+9PZZ67+ZtEnAIm4W7GnUaH/0hra+35cj7jZ8HZwxEj6KNbx6qzY/hrCsUUEXAypj9YSuXZGl7zUvhdsHSF9HIWoYpHXYdU17tETKKNY7Zo185tE2fbSBPdKlL1m3ppRi0YBWlB3f2dFsRyn/MJe0J16FU6TX2awEQg6LHJVaxriGiknSrXx4+4qRv77iCnVGnd5TKztGn2Uj7qKD7KoG40sksng4fe3S1NRMvQxkPq3KL9fvr0DQeBFp4lYgyrQ+uiDYajg94uJlek8f3HtPSLftffjy7O07Tyd8fuKJjbt33155U/NNz69O2i7Efv5oou7jnfuvPYnCoJ46fvTo/YdrAsqCWvXGiioeF7l6n40YY/ZVS0o3Td4rABK9C6EWkNbLGzU+eszlZmYCJxeSxshDGLtVEl3SNa3YZS4Zohk8MktwmrO7++zlN3gWJfcsvPKs5a/dXUdtkwO0f/+WuCa0TAt6TqfE23mT51cEreviLsHLnRGT5Mpi3PeXobD7AKNk746XhTTmsF4XaJt9TQ8BRQUopjFNr725vpZEPn/ypLSoi9XMq3v/MNXdedXFc7lSraKkqZnFsjRuQGejdIoWpSLMY0eFwuL6EkjspqKpPjd9ptkCIHAABYgZYf1G623P5f0ScrE73NI0aJFHuJYbuNlbRnWrZskwaejGQNrv+xsPBZnfNc1q6cM//+UPP37315fffMNdb16/efntt1sG6eH19QfrsGukniJ/bJXyu/eu311JqZ2A8c2zJxZacsH6kyRyc6hFtr8aqT9irc8ta04oAqSZ/4xCvjMQqFPkUAeRuuGkxnRJo/VfqRRqLMIV9lnlQEPNnmntO7tILLTLdRBgRqRy/okwxCAzR4zW/STGypCtjJDJNY6Hy5wLbDYHMxmj4pML9FxuAbU7BZXVZFMbe2InNBx0EyT8I62Kk1EpTLyhB8RRwrxzptp4JXbr+LbNGMAREWADQlyviFtmXE2jCMEwuG8pzthO3ApnzxRbBzLaJYWqRj4n9JluM0MqzHTVZ4vlW+C5O9hI1HTCQanjfAd3JLN9hRAOsGaYYvDdtH4osDrSga8fS5cQsnDcOqwal/o3WFrS3BXUOhxHG73xgjq/RyrgaLLEGTdiHNH+kv9yE8N821F8jiS+E3Jy6cfOGHFxMUM7AexUqsglymQNGl38Oi4K/M0qNQJwk80+bYMDP4xOd5O/8J7w9f5ZdDhHJhTVHcqBBRsJ7Kmc+brEHMliLsIx7neM7E2cfc1v2Q3IYH1lln2OYIkBlRoJllRHmFOWMuPssL5od5hdzL0iKMmXDBey8GeJBEhYCcI8SLsa8b5vDTnepJNrRC0BJmC7mQTJ/U+985XhAJd3xyGH0G/M59SFgfIGiQjOKFHr7p9SkqkY/Sg76qe/o1XhzOIFYOjzMPUOfQWVnb8pnbnWqQzm3BY9+QBNk1jkYDikrrsJO7tUGDoJJxPVCTMpKgWRx1s/WH2xF106dNyUD1sqQ666Wnka7Q9qRea8CBFyoq7S4XwCNgNWs2Ycxppx4nZ9M4sWeuNAnJH3xTAPvY5MZ9OdWg8TKrnvls7UOjW+B3c/SAseuCr48cvN5wbxjE7uFAKGRa0CJT5qW2KlLlUEC0GSpmWGJ3Y2qa9eFEGDfdRtB8fMaURfK8q2TWEZ9LsHrvQwnip926pFtC4lGtmsQwe5KyCH6VRJldmrfWNrZ3wOwmaINOgyeQTayLRdxDpIrNx9ArXeyXF0562ozPVDQi43HZbmwbo+sA+eh75OSeJB4tJQZRJSV00ndpNQ+qcPN+8Rl7gE2K2ATXRJvT58vDaP6BKq+/kcmSzy5oyfXr8qa5ImPnz07PHjK3mPZNOc3J0vlnpxXZYm6qny6DGCH16LErOHHv59dP/Jh/uv33kS+G7PG9+7670d379+IzPg+VmvzuLsNHfYfNfR2KXapgX1rqnWbZI+ZuuU7N3G7o7smqZcsRsfP3zweLJ1ZL5YpUVK+uTpV0+evHz88Gk6Rp+4ciVhZ1FnGdB7k42uXHO3k2fThx9voFtdkSo3bky0yre1WWSGN/JNuUxi5CYLhndxeU+iPHJvYq+MK8vzLj8p3gas3MJXhPp4/6NFxSWIbNjk6qdPj7xwpruVCqoyxXwosowfjmR/6+yUlOwVAXXvWoZwN6EIHOW5l5eLLD+dcuVfaepu2sx2mEt1iIvCMWaxY3eSJZ3MdnOOMNFRJXVlI+uKM7GFb548k/P3Jhh4T54+8WyKAcT9m4+fPpHZcdbTZ0/evbtxy8H/97/9f/yb/83/7sXT5x77/nR15W5FeeSXd4mGgHw6UbvDU9Z4bUJaPm2u2traVuUUQMKuaeDJkJeyHPKJtJ0MNC1OqQPAtaHslj5d4M9KlcAv4mucSrTAvjLZpbGkOeKH3gE/kCx2iGqhPBH8eui4IxDCCDpEov3KQSVABXNW3oz94TldEqlgbkPjeDA9Ow5zMvMzdg5i1O88e9vGDyAi2EbBNtDFSiFRZxhQzYnq3HaoEi1BkxBY8RJHBOrPqiL2RCDFBpwqq4pF/Wo9qC5s0k7gKPoEfwE8pBGM0szoG0akbRfUuIfJWxWeSjyS+pBsB/WL0RI75OwRxG3VKaf4tCWhkYKk69HR54V0I8zmlVJw5jI8LERQrXWoz8/+2i+OJuaRKuIZUs2E6EeAHdiV6E82tTQZ1EgnMu/0TYXcPYQLNO+uMIoAs03jx1EtwFybnGQ5+Emrni4NtqmophHRXyGUgAACYdhMpF4JyuMfeKBhjl3jY2VhhzrLZtYLlUjsHkRVK+oXqUN2JRMQPxwjGpEDgOjEzdi3JaraH43KqBex8T2qRfOUKBSaesAVEBf4BvagcT0yJrxtyH7IUJBztrGLSpMoobYlXDu3uFEaxGpjlEjR2leKoNQt7+2edn1AIxn1GEct3+lvddT2J02ajkrUDtXYx/+kJ+3P75dSJCIIAPi4bHe8O86JcRqBCAaLV1TCqSKo/iDV261sJh/F8C/RDThR0ivkQ8T3ripBr9urz1jzjajDoSfJxIC+yB4NMrR1E9RJv8/h4VFw2YrmTBPbBIkmNgkJM+JJdPZxV6KuFMYtbh6V0tYsLvK51zCs1RgnvaGie96RLXaNXa2CbBRv6b5soaIIRL+CqYP8mOsbQtF6ckFjpUMf8JMQ2jASJH2TcISInBo6Dog2rcMIqeG7qmZAb/272t6Fik5gHXjEa3VpeVSMarJFPmV1BQ3ySV2KXfWIDHPJNYCDcHJcFYQ9aecQ1qoPwfC3d9sCqRvJyuAY5NEw9eX+N2U1mCov1J2WMSWxs9RyiPbI46XDQZli0P80BdbJsdFdryk7hCBlrPTug/cf32d5pzBmfrwnQyv+9N40nDnCL3cff7y5kTJiUjbVu3rv3Xt/z4MoJsCePX340FopHyyD8uHNu/svPOLglR2twHz/5bOHr64/fvfGhWBBRmaidBqe9yhRCKeMKT05n1oqnvom1kqkmiscrl0zfKYwe/TaOnvSO5kHIHmdxVMeuX3yibV9zPTJV9V6QbCrKGe2TgNx5VUOJ032OA22dz6+e3Pz9q08U5bp5N59eMhKymod2o/x0pUnMVFS00MqJyBcfy84CiFvjXGjJIOA7+yAU2gI0ZzZ67tXGoB1gsxHPmy4qV3mDFqXBfPSTnG0gNFlmQWGK9btBNng18vu5KpAbO4FzGLDWICwna3BUhSS0mXiq9bAXk+yRi56ZvHbuDoSrOGi6WxgYS9s0pH40lrhaVr9xfNn797Jlc35ffEOPrUeyPHMyse7N9//5S9fffP7l//lv/3Ln//01TcvX9z96lnzz0BKtagsyeQaZycWGrq+evvg8ePO5DQ5dzgY2hnyQ5e2PTNVX3f0L5R1B+WuC+qiYn5gBki+6Urk7FLLFz2VBFt3tl4q+176DGVUL4viag01oNNMOoOrOPOuxQ5G5YCr0EyWQp9+AsXjtUK2sAEy9IWw2qamY8UNF9kyNiH7ycsxareCMSNN1YfU+dHoqj+n38XIWIQX1WxR0w+9j69ojKqKuXtyRgNS9lKpaGxSmA2QXbxEvp0sX28I/pgnjUTqHBLikSNOnYcnDKsrjexFgVGOVX1aW1RnCGWTIebxgdYWmM9sm7lQjdz+4pBZ4o3rAMM+eoy1MFcSKeRB1svbOss/Du4g1ijnL0fBZQpFh2LHpJoDsm/neMXXGE0PEh3Q0R5FtC65LgEpyN+Dz5TzReziAHW6VojHKiuoJq7IjOARaqEWOxQJyEHtBz2LFaJ2g4WEF1mrm5VWmAmAQA4hlkkqfgJMx2orydQjNP5Ad/tLCo5O8m2DlckAbDsuGuFDTsHYB5ZCfqdPwSkKZuf2VBfGt9VJkp0n/jge88TkACd9XA/rAcYp8jYkdYfZr+/pOdixSrdJsZ9B0xexC66fS8gnQozATGA1iuJ5OB2EjpJ8qtoboTgBRPa0rgvLSzXEGOY/aMOv32IBjTGXqMC6PiwqAROaDHHs+DDp224yjth++rJFf1sQPingqy2UAKaLo1GdFGuxqoMpLGyJkYhHqoXNGFouf3SiJNiwS2ijUQPbIVpBxOrTSthps17xAq9mEXERHx/gEDA7Gqa8rRaU+O7Fmqmr1OINc+LH+G2eKLot4OGik6WUte9WODY4SyvqszodBDSFoh+XDQgpRu7oj/QqJweCR+7mF+eKAMmYyAm1Dj2axr/uOzx3H7Z/3unRi16MXpLFHkXAOoJQ8wOkmmrpirK5u3ngRFJ88SamMZq4VO6gFlNIhVKIKiqLJBPxKVg/WO+BVXqNZyRsShpWlTekrcl3zQiPnT6DzkkMnNqWHfFbF5UMJIy2ghKrXncBp6eLCSXDs4Kdad26DAp98CaM518ePsbhw/sr82Pm6x4+8XjB5x9/ujZx+ODRBzBPnj/9/E7Zp6ZapYcs1VyaX29geSwVbDXtzZt97sUin19/uvr66eO/vnZB2q17LRvzw+terUHFbJDeqBVkfmaoGg5zroMBVBCkojvvemLk083793JZGaT0TsZ3c3Nz5ZFps4Ct+3gjY33+4iuP0sxqfb2/fnvXK1G6km6iUSSzwEPL+u2idkzQveNWP8sXNv14/dkTKx7XkHnKklowJskERDn4l7vvb1zDvn7ysDSRhbQKQn336hVJLER+fJVaGxmF8I27K67FG1/LEaVcmaY4pHYzhRnOczxesCcfpP4xwQIgt4mGhrfc2USII5ktWyEiGy4uxD9PC4QGDFlZCWsZv4vgxnIUoxrI6RLsQ6TRIa7UgyJ5YK8zLOoXOhJsjeG6Ra5vXj579OGB+cEPlblP832vn7Fwuhwa2Ksf/+qs43EG7zH2j29fmY3u5KTlAOSB9yxDSbLnL5/99ONPHhx/9vSpyeDal8js8Z0muXkzpRKkj12BS+YixHdtIlOc6oq3v5hJnzqjVFygAw3waKjsoF1oOFI0YtGsQWbDy2B7QBt76/jXXYB3ChNUFMea32vLNURf61OSpDgd9aisz8h5QNrSJMaHEDqUInME/KXaEjK2Z7WpEk5CKOknMUdlSLXpSKrNxbHvwtuaPYFgJgsAVWM82Lj7jAIMRgvqyCi2Bu6o4qgWdtNkogQYcp3nYokD17smHqz1kyO2BpPYR36m3OmoKV2d59SFn3GneHqMGToqqZJuR7QkmjixSAr4ZGI68iUNgJ+/w1EfFcVxcjCAaXaBqxLvMuwj92AawMm5Tpxv6cUL+CStrd8oZZUOE6VKlAjbfTvJrBhb24bKlJmC+WJIQyuV1NoOvdsIiH4g54LYaN068NIp8gqIgLYJNdoWc2Mxjfua7j9DZYD6pLLN4OYQv1l4qXsAEe0GcXTROwbLRpXC6JPGviNfWXLsb7h13wctuIsIWIKN5ayypoL46YKiENEZ0W+HbEbG0WIbJ9pHsMMqakytow4LLquzwLROqkTzd6QKAkzminLgdGjndmtAH9PEO5IEheWJ64zCrofAgbA/U0Ri5ZjhkBshKkJyswMxqgRY4mXBQJIulVT6b+OXo0zSz1QjnLTK/2cCo43Sz18jOtqH0oXqEfi26KLi6sZ+UtU+Eoz1AB4fFBqJMqErtZe85YV21xBRKIyYPS8d+eqllCsUXcHb0pkRO08J3lHto9/kZ7KQ8F07ctWtPubCsWtBHhEuLk0gwBYS0k7DAlpGHZNQyFqv2UyTZZWlNR88COuSYvfYJVSKRTdt0ynLa9LTZcKlDTm6LpYZgMeiRp1Gi6lks1tyYgi4eM5jC0+aF/Owq+dUutZMZeA+Zxc5NE7HFNms0f9EQPgwQ1pVXfQxZPY62meTORXByTV5kHdQKwdVOJ7Oj2WiN3ujZLfUKQ8kQ4frZ+1BJO3K7JNITGxYy1QquycQpiNzVK6tyq1kbmSoFyxLcVdeU0Fu4/N4iQWf3Xgm/XAR+e2bn7wzw2p4b9+8ffLojvsIzd65gmn1kvc3nj9Fw0VGzxw0kSWFypu2Gkmvcv7KizgqaRFGbK7ef/r6xf1vv3r65p2Judz46spz67R0kLMYtB41lbuSTCOTdzxvPjegThNSXeqTaXYbpaxFtmvSy0Tlu3fXS9pMJ34SW9b0tlCLSUS5iSk3PuRuGYxZxp/+8qff/+M/vH779smzr37927/79e9+S8puSd9c4q6oS4ltLiq7VC0PbGLSxXOqeT3xX3969aYndov9508efvtCzvOccN+/fu1yugvowsXGRxwn9k4fo5ekrAe3711d8euzZyrF9Ok3XA8swputM+RrDhRv+pDZ3I7bguHoZyfW7atRTUNilcIsY14CZRGe94MnQMmZlub5IStcg/qfbx2PYnOKSJSWrKBJXU8vhZrlMh35RMo3Xz16f/MDftZEJJZVtCXksu1HLu2/ffdP//Af/3f/5/9GU5O9P37w7P3VtXSXF7wvmzO8Cluu7Tmh5y8+vn179ezpC37xwhUGslaiTuH9+3c9ysN0tYFimcPtCAxR0T9dVasguKpkF+FToypWyZ7KQ/K/DjClGvULstlbkB3NAw84UjXNdg/lfBelClnSjr39DH7V/6Ko44M/+9XYHI44u/JFbDK2fzV+NXh6fNoc1wQgY35VC20C5fGRC0+sKRzFxO1gW0KBH9aoa5VnvjmGAXEgjCwZnUzmF8KYTKrR657LOAcl9CevigFcuJ2jcZt2uSVinWnUbscIr6S8FS6ZM6zjwKN+BMhEMzhwRbes8jlCitbbFsGhHJy+fQwcawwRoNvM1JkIXIPN3DUFwyw6JuNMyAqRV34o2W2omll1rmsyM1RYJiadrM1WjnIAcg6nS96aNpB5OO0qmnJwHCPMLiOeaFNjfUYJfBZCabLMAFlnhqwuTsciMwcFx20yV1t86+ICPamsnYTf6cIRJQKJixRKhrkjW/oqVNagkH2qDTfxVewhlePAKZpeER9ECtuyEOTuemTehKmM0zbsV4nkIFNpoMMBdfiVXihJSwXr8g88pNklGXkSnWQCWHW7kT7NccdR6JOqR9yknbOOJyaIkoMbqUMyOpXCGudTn1IxOd8R9VESaFsmr9B2KqOwhnuYd9jeIHxfrDD87B5zhrz02UGP9qhtb/n+wKva/8Q8XtjMQBY9ZSx0hE8e25iP5Snf7roUUhWI8Ye7r31rHT1PeXw78LzVzkQbUZXhJClnCZ91t/VeXXzLfmV71cLSSG4DBYWaTEKpm9XDrkfWXpoqKF7s7/tEoKOGHCNb98ubOIyka1q+7t/98OHuR5c5yx8/3TWJeO+zW+B7dy+Yz5+8uZeSTeOQA1pekts19ZIuBEiw47t6AQdYYxh48k2eKuwNrOoGCtBGQJf+JDxmvJoaaViUVkhsmjsEjlBgbDfnIhhdPSrl0Ik6vx2jZqcsGf0aYU07AIIuaWCzxKkYudrrMHxFtQu95HJ06K3P1aetWeSk3Q8dRUlDGp+Rb0m+S5m18WaO8EW/BK6z9kRxRyB49nPzHE0l4ltfMARrTQdjKih7JIW07Eb0lRXdvfPTqx+///5HKfPf/fbrJ8+8p69Vmp+ZkOMkXL7cMZ9kbeQfX71++uCxbA0jzx9cvfdYhhmsO2/fu+Vus8afvrx6c/3VCyve3JMOecDku9dyOk92yC7duOdmUNloq0qQ29lBnZJPZ5T2c3NGXbfbDXIx6k5Em5sGr7wZzqzfxw/vumXw0zffuMz51WO5iTzXLCmjtGLibmYsNu8+e/TMvObVm3f/+NN//+pPv//1f/a33/z61+YS67BcW/VohYwXmy4w18sLhDdXH37/lz+/uXpr8cevn7wQK6XId8yWfXn342sauH3i6aNHVGgmNcMkN85wGxLyRPOVHt/PoXe+PPNiQDPnMrHmYOsPyVn6O9c1D6UhEWCNOz+xBIO0Z16jt7kEzXIhiwYc7JWQEovrUULS1Dcjmeb82FqMYgD5+gs7wIqjWlK2TT48nRFY88dTZQ9NNlfQVYO9Y9utAlbBNOppFY8fPf7+9durD++8wwZ71kf2+z/94c+//6evfvGLO1dfXr58rhERzxmJqJPCN0f4+cu7t66zlwVevX374sVz9y2ol5QnsfMcWixqiTEBs5yKxKoq3Qm82hTZVlyzZ+G+Pom/6DND1QhAT01l5y9TZoNboOgVX1nFV115DafWMhNd4CYCUgnho4+JH7h9V16ARnWNOr6TJPgEUG8L7FakQHcQaX7beVPsA+ifOH2PZUaI1A5XGV0U0waQU4slJE2CHcxMpRNaelrJxFiX9M80op+4KTJwpLo0Pj7qTn9fFSCCLTpzUUJVnMbjSLwJ0pUekqgWiCTpFDxIf/uacBOYRkr61vCcyZx6x2V5INC1g1m8RzvKJ1lBXtQimbHOXji8UmPYVjcy06XLccU8sEffwg9qX7PyouciaReLEzEBjurCK5sc10VmsiWj7WSPdtJlbSmJJ3V2gMcE/lTWiHGixezgK0kyzEWZsVtpFhh5mBf9L+JebD/TZ8HANxAkTEKzCzqzGUYxn4ozRDGYbCvhovl79qmwR0YRvPDN/egc6eylQwdzxo6RSqtDbYgVNDjiIvz9pBg6E6iCWmsdYFsg1DikQkyXKmqeDg5UBTGf0Lk3jgliL0lTqLRbCcOesjBscQ8UxL4Gv5qZvsOYpthEAhpFW9Qx1KUWgG1r8rcNNnkSIbrhM/ucFEH/x3MhtY99Dac4HX4Gw05BcqXpuE2MURx1JhjptbmMUxil31gfnrAz33qc0OeIWR7WuJPBqKHV5A24oGfXIyFB1MQeJrhRnVTw8Iz2Ieo7UiAbhFL5SEdd9NCuU/Anl1gWSfT605yt0o35WRFBYNMWFXQYrfIsBhXFGdsF2wd7XMZMkUFBYXM+ri1bZM8jmkaST/fdQuYR07p9yY3aTrZv3Dt3xsiknXPiRY6cUx/HUHrZTTIdtmlulELHHnl1wp35+DPjJYonnUutDywQvAvK5YhGsN4T6/atrpEVIImX/7E4/xkf7/OXfpmLTDOjnf/ZlsPAZNdg6j3bErjuWxk3qW48KVaqx4fIc5nCYqnAS+sixNccRyb+XUaShedZ8ZarQOs01EacCb5IuqlWji7nwLTkNyrYFUCyEaDWlNmxa//3nz58+vHm9asff5IJWA/71U+m5R66kc9Eo6nGe++8NOSxBxRUSRCvrTvdXWX331iz+qEHHZqkfPms++1k+t5jgvX1h0+m2ljWCjo0/+7VW3ld3pLl7UaDOrOdqFGWMdZ7JB+FZ+oZrwS2DFEGB8QkorWpS5RaWMdslidnn74wsflExtuajKaCc14WRsqyzI+++dXvnr/89tr9dN4o536+63cf37364Y/Xz3/xyybcrI9ooW/TO6bulq5ZJ+ftT3/98dWbJ48eWRGydouWTPYiVNPQMjBccGjyEDO7CV4XwAPoSYl7/aCbb6fX2yvPdH/07pZ80X0UPdG8XFRQYJ6ns0vojekNteWviyvfi5SBrVFxdNeUndTV/IBnoqZfef1Oi1g2bDf14pnwxXCnN6LBbCvDkpLwyUX/BxSPinBzvQnrHgb/8NF8YncSPLj34gld8YAIvJUfZZaE+/DhrTtW/+O/+3f/9v/037DiH3//x29+8avHz5+13pBFE2++PH7irX0tr/3h5svTx0+YyELcnRFi6QCJj7g8LLiPdjMv6ciyRu43C9cGCohK2XjNYkqtgPraVZApFshganEabGcYNS0jdJWhnQYIMOPWWLJ+EZdFMmWtBKBvn3b3pVhR1lx1Yp1tJclc2GbAIVDQUQTrNk4n3UHZ2LRKLP6ZnPqrcYvk+R8TgvhDdt45guBSR1B6mcgIjN3/TJakTJCjRuY7W3pezFJTixXh/R3NU0Q9PY8UQ0sxf6wWDUftZqG2C7zqsqnO9UZyVlKdlzGKQl7LGAfrpHL4qsLOKVxinKAAFj+HEas0RMf1jlO2ikrmvVgS52gzazgS/dmYneAhdsRNrUyApN3TvauO7tgHuuEh1ql5BLrQTp+k93OGebIdKcajzY08AAAgAElEQVS7U/ZUVTnAvtGpieHZ/hQiD/BLOKDAEiAjND0jse4kvFScIdKvI1ZMV/SIli6jHowwnuRxamcV0CMQGV3KiMSp6EntantIZebMPYCnIl6RTtvtYhS31Ye0amYb5cGomlKhQznaRlGFf6yKngS5MFhxwm7AuzCO4WgfvJBTOru1O9p+QbdfBznw9AnANjthFqUpvho0qjzk1vYaAFdY5xBSNk3NAPGEwS25pLqDvt2LZCNWS2xn8RrWBBr4ZK26bmnMR3JoDo9ABNzuqU8/LIYT01yN1gwXGPcVSkp+ntMb5/E73ond1JmvIgI8qqnW0TLCS3PJe7Gs65mpAAjGWixGdamlDIEUaxfBEk9tjyyUVvgmUqQlVtoQJE25mRbMGKYcnkBUaZwxD9MOUjMs2gsKtw8UmsYFQ1L3wffYUAFd67O6nQG0a5UJA86A+uCDFY8/3fMGjF6CUdzdNGaWjF8UmV6TVG2lWWEK14GMLdumS4dIb7CcoGlsIsjTqF4JJn9q1tAYZSBX1sZCVKmNRjDtM0octYj1I8ri5+/wOCLgDLsSHZnK7S9Xq7EZqo/wcAZTA46Qg4DWgDc8pc3pshil8LWVLJQJVwWvESyp+scpgKZmUZtHKstx3oTLoCYO9TlWvKY+kG7+NLx3K44ERkR4kre1b9zfJ3q6Fe/tlfTQejQPX764fv/5+fPH0q43b6+9qfrzo093XpgLfCW5I8XXX39t5skcISLYuxHRMtQvnt178/5a8iPXsW5ij0ZfvXfNmUSc/+r6+qe311SQ3Yg/zbSZRnlRJRLWRhGRNkvea8VDMnK9xKePuHFzoJI9XbznSt69v3785Omvfv2r5y+ee9LWRWb3RrqebpkdtmHz+ZOJHja1+PiRCUKj233JyqeXN+9feUfzo2fPie0UBVlPU8huiWbZZw/APHsiA37w3tPMYvR4gqOcb5hwrjH19BX/KTvJo8ii5lFMcsUmJuRu5FW2u3ce3bl3bQ3xux/cFOlZoVwJJM/KF6lF984fJewiCREbrEJukYXyJpzgKa7vEKLlGrp+R0VFq5y83U2UT+aQG7qGVSs4W80FzUOjJt5mlrEyRI0W0rVWPXSC1iu2Ke4Z76++eolNuTOoz59dRvZ4u4fWrYMtUu786Q9/+Pt//1/9b/+PHkX50x9+/6/+y3/D8i4ve3TIjb4CzopHm/z9spMVKbAngT4+f/iYv7Uzdiqcvem7HpluJmkRuAxXycpmSW8nczsCV3wf4wSsbCDVrlMNLrQQYB7Cor8WM5hDv7raJmKjUi+cC/P1KNz+RA0MU55ahoiP/9pUJE/zbz9+R0i79fLrd4CMSFU+UapxBz/m9k9vCYGxAR1Zk2RUR/OCFcqy4nXd07KeKTmINNPF73SE+fZCBIjdgcS2zy19gUceImB2OJoDyB5TorqUOfrJYLLp7F8JfQVWWMmQOqiFmvmAtZMhJmgcLo6cALNqcgQ3DDshhjV681snko6BOGTsATi6ZTAK2KjIuNHasJNGl8MjDoCw1+wSIKZIjlL6zbRVhDWvgp+W6KweaHLMIf8CPTHrsVd0qmubF8qJHWK0aKJt135jkwi0V5oJkwNQzIsuRywZVgLNqH6nYIKqjexGwYH/rHkUEqI4stNwFlwlh+XxJhK6CluME2dbJNs9h2GmeZwqU1Vt0BHve0QTZYez+NL5sA6RJHDl46LRpEEllegJhOdKyQ6PmgDJpl88tzs9Z5K4+8xcEzUpEJp0Fwoh+c/OSXeJnQqTp39fZNxeMEIi4VeRWLYBXwy8ihVOoUSL6a1Cml9t4iLHwV6KqUzs12LcDXCMUVtQqjnUEv3d+r2ji9zRpfXJ5U8kqIvpP8sGNnj/FdpQLDFLyuSz5Zm0BxQMI3drCKgoqU4AuyAC8d1Xrb6v6ui1e1TVjqIonc9RpZdhq5QyCVyebKzBxnC+ZphatZ8IZ5cv3pByYl4FNCYZpuDcUJccLr2R2vioMfTohJucShDtg90D9xBlLy6Trz8hdu/z7ZmJcsQ0TNFSnanULklPM0qGPL7ew3ckAWc6X/ie83aHzZ7krxJF04euNbt4KEOkvG15LtH7MyTrmCDSPWLZ2l+2IzaiVarIoPFjLVX2L53h4TycJdOTI3kCYrpj3dVngO2gmeCAsAAC9pDPEGDCrriKqpJ6WYvkqbGWtPFyv69nUFojplGamxnQFOkEV1+y0SsbPllnyI/c5d3V+9c/fvfj+yujfk/4ypRuPlq/7vOvfv3ChKKHWoz0blN7d3VNOo6TW5sgfPT0zt2rq92eKHf86PGILjO+LzCYaQPufPKplNx9Az++uZqFZgNCkHSXNOkyEwXMspnAl8zVxchNE6bLVig8NyBaj9q6OdJSVzblhQ8fu5DtVtKc6CKmTIfRNs/apeMWqGEZrs7onRF8+vjeCph0tz40GzGWB0A84XzjVc6umn/58PTZ8642M437Nc109+CKHNd8WxKzz4LKmUezQMyu7LQIjcUZhku1JsoFGteYCpeYunni4/3P1y6x379r0WnWINhxee4uu5RLfDKZ7c2EHsueZfLxLEVseUMPMgOdf0MtMBxC31kNMd/vmvKV1H/N7kT+iRXNxKM9OaVjg1c3NWZpw5hr4tasdtrk7lEnFR+EyukK7lna8PnTR9I65xhSRpOLPs+eCa3e+3xzdcMif/zHv3/y4vm/+q/+11/evP2nv//7X/z6tw+edUuDmd57snqnDg8ffrznHOSDU7EXL7/66aefrt+9ffr8uddxEp7aPRNGUwrVti4BQkHKrtmK+lp0YeF77SG7EF+NTy2lbiCQY7Kzu9YinmAEddololncQQgzKaalP8cy9oGP1BpZ1nKceEiMVg3/uNstItBQD+C4a7j1IGuPIUz2n4mMFN3qT30z9NIfbMOc35MmiGkbpTGYFnrHi7QoBzzx0iLZVC1iDg+gJRX4XyaQhGWdJ83rqqaU3TARzRcOyGtDpfN9eztROUY93DLNsXOd3+SMc2Sc9EUJzYsFJ0GMEDw1A7CLVtpHKTuQMnX07VWkhQZhry16EwAZZRX/7LZq/QczG51xGogtUjAiawfQXHUI2G/q5LBXp6quJylm98MloVdQspguk7hhEb0cgcWGo7gXQeGOXyOgyC5FzDdlKm3qg5kXEmTa26H+4jETpmL6TvxLjhB6tEdkijjQhFM0ISdP5BjDmde0SB4IPov+7UUk6pPSngVTh3ToHhDf6TAZbsvh1Sv7JAT8FG8fIHhHG7bUzdYgyEaUWNXGxJYONow0i05WQIas+TyHIhSPUQC73XqryzZG4x8B9fVcqRaMr5GdfrH0P26zyRQdRMUXFvG265Pv0+gSmnwh/1jQpN12DsEjSbSHmdwjeMpn1yld+wqKG6rqq/RTZxbC/KiMo9RfBMRm+0fd2kNy7vQ/c43ORI03c0a1JDP57JIHNFEzW18XthWnQPc3HA75KtjwI3jK85+9/qKbVbNJ9RFl7wicGB1KRWvsTda31XqIy4q80mOXyjNtOpSRNg6aoGquyA1Zuk1eSw4QwsMYTOXaWNVGIgOQsp4DrVXW4Ib38aY9l+dSwrW5lKF7XC0ncvyBWaHWz8XYSRdCJbEsakJc+8lJM0gDkcru5ZIYLDmUtJhE7JmGJhG7D5FoBuqRQSEr1f6jfHH2AvbCvdbMsv7iXBfHGhBongyspqDtmLo2VkHYIQRrL+wDxBZSjZHpu26lEmYAkpVYnqlqukhKTkrDM0R0/bKCXGfRycqyG9N4QF0fdpnPRWJivHfvl6bqTrjEVmDngWUE33uQ5Or1H//p9w8fPjF/9u3L5z+9/un5k/ufr95/8+GZKbrv//qduTtmeubi8vsb+c3XX724+6bXK7fmvDm60qG75Wm5rdUJTTNJsDaZtGunbsj78vmvr14TUwhSQdqRTUoTt3J0Vpi1lda5yByzQFNOJjzL4z65Rol7yxdazvHm5utvv/nq5Uv5R3NRbiI1E2wtngxaxNcrUzMjn1S58OvkxLM08j7PU5hnlZR1z8ONhZ09zyKFbQXH5qst12e1mS8PncXcvaEk2RDdaqOFLPd5aBi9TX3lLmzpKScWAjLKFlASczJIaZkVra2SfePJ4Ycy8y9vP7kgXlwz3OJFTlvMr4fky/zq0NmRTkV/xRzg4tAwxHc1ivjZqYH5clwDiUjb7Yi0o/MF2Q5IQH4yCtsmeYYzx+kZo0vHLhnv1TVSc3ebSmbfeaHhzY0SwdqN258/Xb3fWcn9+84d7n7348f/73/75NnLv/nP/83V6+/f/PCXRw/+Ris3ZyxJbKB82Cu84V29u3ry+MPL5y+vLS3UPZ/EvdEAkyd/udn1DL4K1sZ5ck2KD3GvXZMd0ukxUiYTHZ2ziBlphcqgrzTEoHzSd7bpECnZzEhmalswAnM70cjazOwYqeDXhx4KSA0ne8yeWXFkw9yWgZMkqpEoChPB/9roqsmZp9cS+XkUmj8+r9upJDlirSpOdRmOi49op+UAkFlvNy6VJeCBAqJXUQYwitmZRBHRwYyDJlJAsVQWRnfQR4P1LSeabrll6HTZHZvIJmE8KxtSQrJMQ0Rc4lbve6AiTorbhKKD2J0veCpm9iQLtH+5IoEv7qIBmooxU5fAsxDoSbDjqgKYeZOBzrVhhcfpdmKrOKwLkfzjYMjErbOo054M04+9wJCvUeKE0zFels3ouSZz1HE5TOUjptI4kWfkxyLI45oT5bGYiEBJ4mgkHOTKfKUiJ2XNXZkAnZAiKvXqPBX0nYuOGodgxidZLQTlrBEtxzsz294ErBDnHicWhOqn1KnPZaNKvRprIgZfHzW0W57pPY3CW8zGc5aEUGQgixKB5uppCnKRkFXrYCMx8hem6meSlcaZeOqDik0F08jeHFb5IZgQag+U/Y6jtQJf1Or7UCJo5bWTsPe1gos9CT+QsHnllohfiuKYe1T9THLkx2FdS3BrHL5vcWl8S7zKup3iLO1+3qbJyArmCNjCL6JAs9axRQF9YNMnOtxklth3POpqCuhYnPCNprr6zsaTkiNFiOUZkLlyLJRICUcmEyScAbI2npjG8kbogqI5keyLyCy1tmc01LKJroHAcbVLAfLnckm1yZb6QLrtSWtPToPfXWuhLeo9IGFaQm1jUAHoqpYO33swPskZE6pLmxHIBG0Lilx/CarZbIFLZNtUCzaEhh9jvgBlBBddk9Bkk1mlXWDuknP30stuYaZZ0sHLFBmqsiJglFcE7MAW2plu/Nd/SAuOAFmHQeprooYYAVI8sDqa4gpLio32BM0LZBzb2l4q5DkltEsf25EpOgmTXNEP8jA4IGx9ZqoMxnDNC7pYTGoTWGQuhfn84c2b1+Z3PPbhUvLjp3dbRfDuvZ9ev3v5/OmvfvnN61fvfvvbb37ybK27Ce89ci2X3a6vrhnL5eerDx8tCshjH364umtizOt7H1pM++O7qxvTlWb/TFxKDpwPmN+i8nc/vXFW8GSCLkFsYiw/1rqajqHGDuwUbkt7aICOp67bPMVsQu7122uLNr988dyFZdOHkvyTJnYlW5ZfK6obpWkdaDPBmYWZ637wclXzs9UCFYjqTU66F/PeHbczeuzETKHszgrPH5rm08C8+0QK67yFrQ1TbGynDBD5Pkmv11w4uGpPA+whFMDd1up1fZKvpjYp2az5Xdfxn8qg5Yu7n7IKXudJYG09YwSfT+sr8vUauP2gYrgGzHr2CkvxYfK9lj9KRzJS2DkbQSNvrGxoOZaJsrBidU/ys5Dk+8mzp9qBh5bUQLcKkDyumy4EEhPJ+h56+7YHVq7cqdjl8nv3fuTTTx//x//P/xOzX/7ubz9fv/r+L3/49je/Q9abmtlJdvng6WND0YOPLtnfeKLow4dr3vWWRjOSwqBcktzHBLRGqKFz1t1Rxi0/4E9KEB7ttYoMXdDMcMW+WpX9RjCXn/3t2K3FVrOfVQWe/4YRueFm7/gkS6lOps3ptdWYVrW85Z+pJduhe0GLjfPn7DviEZw6+bJTl4sKca9jiInNJY5pNW6XvUIuMqDADjrkGYk8JzrqgxYLU0J1I3cFjBLfdUQIZEEkKHFIjkeQlaUeOhGvbwpiBj1K1Ged/ouwAkQdpfYDOtnIOLPNWmiM6YqPGGDRb7iJQYZpSKL0SqMEri4qJ06KQFQuHuM/I0XiwIzG0BIZpRroEJOv2qnFWba5EEGlp+stcJxJ9w1roNWOeghZJJEWexDHLWkuFfmi1HWgs4Vuh69SsDK2gJJtE4lqR5qGsjxx6B3siVWjq5jOjruZZapc5MltmfEy2rBu8mjC2CW/wxNDxdL4h44kL9joaGe9V/1KIOcSc2JUv28Ql18/0b8tjSIGPJFFHJwv+pN3kXI8QMifYwHCJYbSp45r1NJRuDDBjjNGOJ91ErPluB6M0LKnX5mHg0MAZpZInQoqd3TsXEnCHmBHo5kHDj7Ffw6E2nNbgXCw0BnJ/GMnqviv6EAk9by7umQf535vDRbBKrZtN9mOHKBBHtmqF+xmDVJl/KNycfPBryCEsG7pBxtczrX58rk4WfH+Tmm+0nsbvTTmCdHAJBcE0+Ab6ihnW54tYhtbZhW/NAlv0JXFd/J0txfAJgg9dfjZCF1q6EmBytrqMDe6FBvtGkRvjKRuIHRe8rB3zTbSYh+L9EsZR2QqNIktfXF3U8t6tLaJiQTThwDZzNzGZy9wpgJuH+/aDaiGsV4ve9RITtPIRFCB+6Rmz3KnY6N5sZFJiNP4IgxMcjVYG/Qa94gCo7sjbV5eFvu4KDwmn3mQSOjaQvYZCAhQcYaQAS+9AQRQstyjbtacvFG024QQSlJRWs+nwz78VAXrbzHZpNQHEiOQf6Wd0ZLpZhdU4h3RsPbpZrmeAJHVPPBkbo5zT54nkXOkmTpjtozlzp3rT9dSftOn129fX736/t2bd3/4019le/cfNYt57Qa9V2/effONJzjeXF398uOXr1989dOrZo3KEB5ZDcLbNV7eWBfx9bueRLh75+bDJ2/s9Ziq13IIstnf1dzH1x8+P/MEMD/z8KcPf/7RU86fn04FVvLZWQvlCnY5F/80pKYnRdzHRm6hq/fovSdWPXSl8tXbd3z49dcvn3qIxrufPVX91KPVbnLjYwTq9Nilfck/3PU9nOXXR3FZ4WYlXTv2EMV7M11WdYbmxOGT18a0Xg87uMpML56tLTj37s17SLu+bpkhex1I5PDK/w27+nfeLxtvsOCNHtno9eMeEi6CPWfjNtsmqx94e+Hnp8+8lyXpzL7fdVn20hHRw5JPJkybA+ZmzJ3ONHdnAajGFuaKtw/hspk4uUwYr8ZXcVz9JfyStzZYx1a0FITEvdMl9nObhSvCphJTQ/Dj+fGDrNvy4TA5QciVK1uI+8FDiwHpXzQY8phwvXn/0etV/vKHP9/58v8E9svf/Pbqzfd//Kf/6V/96/+VOPU4vPi8fvPeLOWjh49dor66fufl3+/c2Aq6a1weWcs3xEq4y09SWnckcxbo/mmQ/+gxzTL5dDpf1U7dTqJqH7V8ZAuDeoQcmsBDDlFRHodXp7CDjONT+8t+fWJL6/AIS8j2opE4/QriONQFhNagNjRVNkGgby7kUmuOtrOa7LqdoSdDVIY8SrGYDDoeBfWxh+U8SrGLPJOk/iIjXbr3WABOKDpeJptiHIk2kON1GefS7LZy9gqChSYO8Ojtf8KDXVXiBFFHVt5QOLWJ4sRTpTqm/Z8+vzIQQ/OltpZ/9hzNwEehBHB61VnlkXqi15EfGXKDPaWEbyp0BQ6jMWOSv4Y16eIS7GScxAlC1RMZ0c7KiVYa4nA6alqoo1gyMwKDuJU3ydQs2ubleI+WgQJCcUXii0xQZ5L6kyhkGnYkbbaqL6xk6MJX8eyYVRwNNglhXnCjVwmMkKKiMhKHzpAGc8npz4ihMj8ROkKXBFFBSGfDUDSlcGXy3Ut/s1q2noq3rCOSqgfYUdLd/ldY4IqMXpSmpnxl8AeIEIVShprskzlt2vy0lwyB2fIRa0QjrquufHvZwe5F7Ij4xO1Uz8YBR/D8X3YGU0k72cU2Wol1IDtMliiu/lKuoOMLdM4WAkc8xYmJXj8o+z5EDolj//adnuTB6gGcnYsvC8+hHqpZXkmqhF7wrfFcWBxhVOgDiyemSBhImRx8zPaVDtXfVrFl9qxUX48lKMDbdLr26z2p1+CMtUHasIyHLKLnBJpjadzr0h4gd51rD+jpv43KuraPfkzjdP+bF7r2bjdTDuaN7tx5VPC0KUFRckLL3f8x0S3pl9s95DxeBVBx3By+K9FSU1oZJz7de4TYpy832ThliJ7GLJQ9OqqbOKHruCKQjFDHWdLjGO3SQDGQ0P56mrK/ypBAN3/IHgqTDFtUGqcQzrLjAUrtjA8gxWZ49owfDMRiGb0Zs44f+iGWWdSgyk6IUHO+iAhOubHWtmDmlFArs001M2GG8BwYi0XjVIhzcpVUtRax/Mmu3GoX0J0o7LUW6em6Yc8RX19ducL64NOnNz/9KEf8819++OnqCqO//vW7f/2vfsPjJozNJ11d37h2bNFEM3WvX18D+NWvfmnGyGVe9vPEsJzNAGQSUWohxyp9++hKcncduGLrmZFrKwF27bLM0nXMnyx008PIpbFUoEZG9Ii5a9+l4B4uyVJEF4F8Ynywca30hczK31zfgPnNL7u6/PylZ1Oemrb0XjhrcSOwZLjcnOlKF1nrhJw8rdj31hCNR4JDBospkUWEmMXuog0BFLoh1XX2Xo/3wTJ+rq1+fCthluc6qXjobcsPiw0PtZiMLd64G4/dYhHPtCll7IyjeaDyMO8IKobuvf94TxpLZbEhFTO79ubt219+87Up21bD0UBc965pNXEvDObxbOSw2ydRt+dTrKovJKr2cTmYTo2Sma/qQq66BW0H4CfeQQluIeQ+wJJoqxDdf/JIm34nbf382Wy6u3O5APOaj9fxPXtWbu859kePXrVa0afnD7sl0atqpIwy6XfXN29ev/rHf/8/PP/qq1/8+u/ev/3pj//4P/1n/+rfMPiTp5ZDqnnjKCP3dMv9lz0ednX9Xn4vkNJ4+iVzQS9gu59NiyVuStQcs8hGEgWUB8oWp5HAaJv+68CqknZKz5CosfrLnqOAGA/VzWVbCm7L+4dEd8gIlpETGo3TNa1Mpgy9TLnaCwLZIhHEYXUrdqXHKymTxeXzmIqcCHT6mljRT8s2fhr1WkVtfCWTbBjBJdJAfWkfwON8rhfDB7KUMJpngw65jVqJGOGu8lA/S06jKYlO4qSIr2yU8UZpSWRnyEilSxbNW5uG6PCQWXXIombEIcTyMKrrisV0JJKTagfLQObJOo6q51mmCzDMRPdTc2s2MQdUYEtJY0UoR+5b7dRFJdCuCQwruyUAtGrsxKJMtK5+FIO2l02XYMYuy6m042/0uAD8SFVkCy8kqEf4I43yIm9BDfzgzQfoVaeG5A1DRUXgCnP7XJRtDp/DncEOt2xylKfIygbqgCDZNRqHcQFIyESbnPtpV3WXH3/eLpST3xb9fvZpB4Fb3lw9qYBMYxwGCiZ4//EselGp5DSzDLZPNgl1klfK5plvUdRPWxQjHCStTsGwbomk6uSo9BA/QoaLTMi3FZFJpnFb+eIDi8SYpJ32zvJTlEfSF0bsqNBREq+w6HC0soRPMYY2cF/YbgxI+zwMbJAdHi1BT5wwIa0RZ7zqR+xnjTo+VpyuuGelTJRcxYzfACYlXBWoIO8rkjX1SpJ74gm3ozXZhJ1aHdEJmerDipyW7Qf1SbA+K93LXAxr2eyLwX6pYGmiscFVwm4IM7HTpF8g5SIW/zUPcO+RbONzN/P1poemmjS6Lku5rbDZkfKxVvz4KDXLKOlf3OwXyMkprXxTciAZPXonXaad3SWK67EyTdgZZpSIOl92nAYkX7ODOGM1vqRvxVuLe07oWrYU4oGrf3YN82FnS9JExv/FnhtNNliRyvJdGnQUgguko6HwheJQ121NxuQJ5lAPPA5+UUi+JRATENbBzvdzCtdOw01AB853hoH1YGrGKErNrsp973vyt5kes005tzStKcqcxaqfPkrY4aIg73Od1tBplsi1X2sX//n7H27o1szrF0uxmCJ68uy5/T9/98Nvf/WVC7u/+/VvLHz9ww8/yZVevHgqd3cOITMwJ/Tl85tsK3/y2hKHX15vGsr1ys/PrXLykTs+WRf5/bs6Kish/vjm3S+/fSmDNS1391FZ4NwnirJoeskVe4iyBHqCf7i6ksS+lZVaVM/7oH/3n/32F99+fUkNt7iNCTkpjTCTdhCG1VL13HAzC4nUfH1PgHkEp2TVe/p43ey+rAeqBW3U84xnWIq3z58ff37y/t27+3euUPzw8JHnP1qW82ETsZ1ofNm74nKUM4oP7lUQdbUbnrhXU8hb51/5ly9e5McnPGTpGJ525baFge7f/+6nH//m229P5uqRLE509iHvaiTJWazCGKSvRk6qFWmAWappiM2LA81Y4gDvwpbmIqsw7Gs7xdaiq+A55zALQ6knozQR6GV4j169Mrf3+CHpip0a5+NH991I4AzBBXfz/U+e3Pciw7++ce4A4ObJ40c9icKDnz5eXX1+8/bB3T/+8eF/9//6t//1f/P11790Mvkf/8O/+9f/5n+Zax7eN0/7+Nmz+llPMb2zSlKPFEFkUzrfypv/C3/uOjpcxL8oVaTVypT2lYntUgBeBavNDOcQCZ3+aZ1hIpxFVOLRTr26znKNiWkiN4gmSBu4iXtQFkXC89J8M25IqxUWiRyxpJkfJvxELBKPiHV35/pJ2FUuX6izqBVHWnFtoJtgRwG1SRm/KRjLNWM9R1AZZOrk8ygRIm7gYPqdpTr5z/HEDGWCd7Sp24xX4xvHuM4GJwPA1J+y9aqjWj0O6ZIgCd53ndRIRybTJXsnP3IAACAASURBVE+ylmGtbiqmR4JcMDtsa97gX/4Sx2E9ABK+HGRGHTiwGNpJjLb4tJvog7rA7ifxZ6BqgghrzCM35aJxGIyPfUco4rtEO7KDxXQGnSKj1GUgRwnkM7hBTuFkP2VRF+JA0U7w3HsqfVP+IlQGtdtRBmjsri/TlfNGdUrYPQV4LG3aS9ZdlUPy6LjITQ2dR36ceeIU7WIgaUWEbQli7umgbaWqtwd1ezhXpDn4T6wsdcgGCEfFFJxMdem3hLJOHq87w3gCXrrJ0Iq8pBm5mSeIuMV55cBuqV2kGss0qWaVkMKYI5TAq2LocOzdipwMF2rQ/dnIHsxIjWkGGoUVjhRZErQtqoeM6lmCghc76YAWmCkwQF5Cad4MbTICsXfIxdR/Sq92RkXs0K1wFWOocKANCBVPEAyaGXB4Kb3ox/m4/txeCr2R4viSqwvV/cRtllj/EeDOKeLtoD5lShnHdSN1WkyGxo0kwshga3LCs53X8sXyt45ioZgmOncjouTEQ6SfPB5q/vBDkzAe2rxnr2HAcwP1eWYKZkYcaVVWQEzeiWHTdrEnmtFPt6wlZMfzTVTlXbbM+sbDWir0LFWTIW02T7W5B8j6SRWYKfZJ00w4OwUZ63oc8rtpEpEaErr6AOzWN81xm4gYBeVACGWnU7TeGR9HNMvbZki8dNy163qECPQ1fvFOZwj1ru1jlS+yw0D7TkO2qf03FZCmwTmYbiGmN/Sex/bbI6i15M/dy1VfwXE3XpZGEisgS+CkFM3PrTNoPHE1FmVXgq0G+Kc/f/f3f/yu1Wpa8e45R6r96e2PLoM6Efj9H3988fTBl1+8cAmWkx8/e+x1d1/9+sXnj695zct3LZtsrgkfrJvpdXqwqUHOFiZJfu++xWMe9RiJhPDLT9fvf3z9TkhZFIey3bCgN8vYNbJMmxPkwSVbQq8pqvc3796+9djyexnq67e//q3Jw5ePLXz41AMzzkfWwSwIhSIp8ignIqaKoWJgxs7MX256lLHveZOMh3ea5yMWRnc+m+WUC3n1XtFw/zGvOBOScVof5/rG/XZfzJpZ5JuY7qLTHZswd3+skC1WimedwL0bN3oUzcvhVO/tPE6xnNnkxo89hvyQAzB1Y9+9jxYY/+Of//T5228fP3vy4b0ngiVqD2/QuAkhg55Lwbqf/M06nzoN2FqGJVXu3vMgiMbi+nsnB8XJCZbbyDuHoRaH0ajBZ2XhD7MZVqHLXffcRMJZbK7Ss1vN5YgtYdBc6Zc3pvs+eLbmPvVPvAk6ge6S+dV7702R7N794bvX1++uX71+K1b/y3/7v/366289UvQP/+k//Of/xX8lqc0uX+62oOa9O+Yp9TGFa/lvp3MMuZ4EzERswLkVe+2F0NOOwWtxZ0sPFbWHhm7B73C2nqqnxazNLijqf44hZp/CrX56/JWjZVtXko0cn7819jlAAanOmLueYCIlw/qiwxkN8ZBYx+Cz+KG9kgnIRLccxqSeLboKj4TYH5HIHO9MVEFGTMga8vYO3PYHkI6h/CwUjHSZfjUx4h01lxZCF+yLsChHW23AkG7FCW0HigGLeQa3q/M9jIh3yOaH6MWFRsSawGpH2TFIfpjBMnWk/c7Z4xjvFK0YjwmxvVCTLVYZjxQ15VkefuyMA+o3yRiRAG2DncwKSkgumgU79k2+Kt5B8RhzlRrgTFcy2thzumI7idd2fh0gmdnnmjiedpVk26qzH9XRyCoTIhtCY01cdUbK0y7Yuv0SPcR2NC6xRXEKzZMjrH7FMVaXYNBWmkTKWDdRqk2gTMC2EV6CGM0VxzD+IwC8UaOoVAl2QLH111ddXRXRLR7//1z9yZNsSZanh7mbu82DT2+KISMysjIru6obBelmNwSDUATCFZbYgDtu+YcROwhWwIYQihAkhWwh0KjuQlZlZeU8REbEG93d5snNHN/3O9dfVsOeP7N7Vc+sR1XP1enKmlQ5Jjnw3Fm5P+KmexUbGrGXPScFp6mlGnKStBz+0YcbxCYj35aicsGpUT1+EHgSQCVHHtEbE9ZvCJRslSC3IpOr8mo5qUJClDItnBrhnvj5Gz+GjVLkn6QlFMaxvSVKWvVIZJFpkTxJ1wjkTyyvOJFPtmUAdYk+MU/yZUYNi6cKJgfx5OxlqD0ZvSFIOUIFFEtNd+ZflTb8LJ9ELQKbZ4OgHCHlPSKoCdgEaoxn0AkRDjJ0lHfdZvzwgS2wrMjaA8aQSRgxLkNVcPyF+Ua2IILNXDOjKYSQDwzqHIkNOWYlK6jYswyw73tAd7jDmtU5CCZPC6NEjz0h5JhIesImctQ6CpknDvLApzNADbxPQ0kIUnmO1U4WMuTFoLRDHWkIDwglkMIqwp+6oI0qG10YpGpsumUKIuaTL2BVcLGjlcAHaK1ssq6KDFa4eC3EjSmVV5EUUU7WyI+laA7aSDeSQIo4r4kyI5klLlRUkY/xFoJbvqzkpeklmKFrpWsnPiOT4EMUDI/hgsiQHu/KYxiXHplll047M6BH8NIhPjk5rhfz199+9/Nf/+GhxcSuZvE9vGcDBL2fTqnmLJMkpDkQT7rcsEXoxDzj7bt7RpL74wn7RjwhkNaYGcZ0/+iCMQkj0E2dPZYZE53N18fn7lMhHDiy6fXt7f3Dw2dMTBqZaxmCLcRGCd0ANB2BsiNuYwJ7x/vbiDqIzkTsjwY3VxesbWSrBLOTTCljd6bRXVcJT1tySIYK1GPClBbFZYHZupx1W2xNBqHTY1L8hBeO9Mab9YrX68F36EJG2kwM9ABXzuikNBnQZvqU8VFiVMTUQWqAMOc45m15erVTqD6o6C8pMCoD5mYRnuORRGMWYpsokUcljOto/IjjvYkId7vnVzfLx1nO09HwrNzNdCwjczZStC5IRXukxeLBiEEV0ME0G8Y7YvY4P7KbipDl4hpUT9PQYtcnYRkUGBxNlZQe8wKQ8l20ecneA7PxuED7lACdfUVEipxgSvDMmlGXlObon+2GZz7d7ZTX50y6xKrAMqr8u1/+cjgY9v9i+OLlZ/f3nJT4h88+/+qsM6Ca0aBcXY149MRPHQRRTFsDok1qgwnpGtABdblOlmm2ew6E8Y0ulrJulu+GgKiWNpgV+gBj3AAZjGhzqGX4Cqa+5y2fsk+cUYoaCf8LgAIA7o1/GjK5hZpgA+LVDkmL6yKRim/pkGADJ5DuZ77KyUBF5MJ/W8Ikq0BNgGsS8imEkrkoU54B9afkCiJE43oQsfxV11oEK8W2jeQXxHwQig9hFK4oXnLscMzljntBaUwUPz26iZE8sNa0iFvfGjlaAxPh6stv/IokpbN2kw1NMUsZoaNfdAmy/EvfMORGacWWg8Kpk9WZKzybn3KTRmRoS0z9yQq1QiTNEIZ0QZRXTrmIfBRBJGvMUTKHBlAaF0Gtc1TGgIBPh+F9ELms4UalRGCR+ITFkySIpJG91Q6ULVVSkRS0cXvzvFE0aAtc96SVTqY81WWuSQeaX3VJVxrXKt7KmDxkQ6YUgerHNSJmdjErs1Tl5iX2ld2TsF5xj4egWGNtqck3rZMGKVyVVuCmADQDf08+xkUyyQclIsoWaWRMrhea00+oR5rSTQlFDGBlywV4afiYLlLdBEN6yiue8vNjsUslMmo4/J+7SE06BYoVoQQigGaFNmQ0VglMxYVeeMkACCWXw0f6kd10TKZtAgPZhqg5/M/HrADAzETu+UGIMMfVqkhNlz0wIRZ8E1K9gsKXPiMNqyefugGBZL4E1Un4MYk6hAdGanhYhwUrHdJg0FfmCYkkWzMsDRwdY9btO6NsPOhhIq4tY+zQt6r5jgVmNOkIMnwIGmEVi5UeiTk8q4RlbQw5sKKp9dB5bB/J4T0pHihCn2KHzXhDBg1K27QZaEHwowyOfSkDwyYWN0EMcYfFT/8kOz1JaFcs+syhzqnzFp7qm215AAMBrBlD0Nfyi7lA0Up6SV0IxeAay9/cjAlXCOUNLlpeq+pgFpv7dCBK/ywjiwnFkQGDGrHFqg7mERpJnoEnbmAlpES4s1i41GXsGCKZyqgpzJoiBVIV5W0O3u1DpSorWxPCorVLFxGBTpvAyDbqjNdkIF2mPKTG9akv03MMmLVvTr2yzJPZ5DUxsuv5lvPZ7e3vv3mz9HS6Fi/LGPAaNIIhjnI+choOsCy327V5bR3DfrPZqDeZ3k55oR0H2XDUzHA4QUeOH/S0xSMxxN4zCOHKoTnsizG4cP6eCyyxYcSNoTtOGaSYT0/e3S+InB7ZvM40tcWGm7pqkAjFwiHJIXMS8Lj9gSHs/R6N5uvN+mH31cvPMQS7XxmIyu4WB69RFc9jRI9gxxsjzLiRN2yotxrg7NieFbGskWi3B6eHMxYg+ja+1p4AiJWH560eRcMxK8Q4m/mUJ6P1ekWMyFth8H82ZRN/MYRe4lpHIERMhiewZQeGOl/Y6uQOgsPTgkYaaGJE6kSKki35J5ylw7uICdnb5xyvg9PzIjvnXM8pLdQCF6GtEiqDlxHE6WhEiWeKoHORntFlDUa1OdkwHIj1tJvOI2c91yRT8Sb7I01gW8pwHXecXnp6yjTx3oWjviCRmLzXHaEdxUe977dbvBDllPcQQg/+J+z75mijDSXePedkAZ8DOQVn7/PkIzE2UqLVbO5k9De//+1gNHrxxfdfffLFt9/+4e3rb5+//AQ1MTIv46Ff5dkRd2TclqdNanQZS2GtAPzhw5Fe4dHMG2vRP/7UM1zgq6kXLQCgaA1rH4LnWg2kgbnM8i8VM794CjeUnxC2KdZHJQkJiVHHyEyZyjBYJGpEUat6p75rd2yszWXs/2ItGoi4SSNeJSQ/SCWg+nKFzXlMRsXcQTFUEEyF7MJNAJC/VCKlMtPSjTSawgKBI6AKmpYo5MBSH1swzSyCng1K+EBHWzTX/NBPcaek8s5/Lr3RJBpKYEirKRJLUiuoBXfCcVkMoJRE8+zeI5DyKJSkBA49GfixQleWLa75Ac9FQSID5VqygJpCcXmjnBUdYSxQ7eonZlMc/mSpoFxEQrPzH8amWcEgwkcaMuFWykEOUeHMUFU+WpoEC05aT+TBCBFJukZF+wccW1EIMYSS2U3xkShfMZECBj1fkVZjAZQiFUNH4M45Jc82MzCydQ0HtU7J5Ef2FjrApLuqxo8c6gfIpviThriiRaVoprcUOXkAIxkMkkRplMYqmzRDZ8AaYiknERGW6kPL2BgNgICoU4mjxcO4kV0R/pQWK6UWkJ5HqlIEnkmNIFrE4vLGT/FQfnmUhNZV9UEOao4sJQSWYJHJyEXZFEzjNKrljkRkcqwqaMBZFmJ6IWVuhKy05pcsSQsdV2puA4Z5dTFx+EqxRqDQDFmhG3qBMnxL0QQLfVQ6DhEdHEXC7FDFH6zJWkWzU8wSBVZJgICII8rKlmIHrLTi3gENxgIMDHm2t1/esTaNMZM9M4QEiHSQZJrsO3sZNMCsdCO+DIXhBzjxbmV6uO6R0cQz35FAUMABu4SLDCQy3IU7MDvGMi+HR2K+cFcURKIOA+9AlPOh7BWFJoMn2klJ/bEWqCD9ZOq6OTQdGsPwsugAWNeAU+K6k+YQ0LESrkVhNIfD7+pDhMhuCP45AUqIwyIhTWTtkpSGi7iiMkgHHbIFUmzJp+kFocHGugy6IQ6RifW+1peYqqL8t6dxuFFsblM2aZ5JocQasjZ4tnBWPMuaqoTcDsildIlMWNlJ4E0Y7ekr2LlN+UEM6gwcOrlKee3Yd3zkJDtbDcqV6WE2kdIw8WaS3e7rb1/zXhNIvri8sASI5NYc/kcQwpgWZ1GySK5HqM9Jdavl9Pg4YT5zs9ix/5aYaXLe2q6JknYE/sRWy7sVM7iMce3WzMay7Tr+y/K+/eOkh91xhpNxr83GacKbbz9MGRd8OPaIThCYCodB0BtnZM8w55fzBMIN3kCMwiZgh7aO+w/z+atXLwZ93sBhVcQn9XRGL9Nc2R4mPkR4mGOmmE37swGGyE678m6e7QZf3p8sOYCb+I6zNUlm08R2tfAZhD2THH6zWS9nU0YU2aBDKeORVAjE9YxrZsTptrGx8hnQakxKmMDKcA1FGHvmi9qhu7Owjx1YvniOIVyOUOo6SMwr9ijQdmeI4ayRDOMxuuqiDHadr/R6H4/0aW3iMI+vwNZPgK6V7LCPowBgjeHVLywIoYapI2D6iOp7GXfFe6wKxp2p+zZy3BOUMbrpFhvOxw4OA5rL1ZJXp5A895jJqyl713dbjiJ/4GAj8E5PfGtiBpuJyvEo3r5DLjP2fHgAR83VYr2YnXK20S///qfuH+q0r69evH79dX84eOxPWISQVb9Ym+eHQ6dHbWbrz553syi0WsoGDVAHafPh1+qcYjVBxfyLdhDQUv4nXRGji1YuPzAPcN2mcMXMua3eapImS+a2J9TV0JKwXQNfQNJsQU+aovAdIfyFJd17mqXwsBpDMkRKKQFEKbpcSTjFkLKUMDqbDG2bHNVLc+QiA8JEWSpbLqQkcEkR1RJHAAEyqcGHvubkH04sfnDANTxADRiFWw1Sh7kOppSai3zpFxup4rdpYJTPnIgYCuaCYrhpUwUAPDCcNmiIhTl2BisiCsKnVCjeZZNgxwmMHyQcToJwYzPuaiRpyNNWlSRJKS5Vz7IDEOgEtdFRwCaR51ZyBIzMRTZMGrmhHNp852Mw5biScmkzE2lA7fu0kqbCaI3WEAIGCIAjtvc6c5OBjMJrByewuaGkYmdT+agTSsdZJJ+C0r+CFsmEE0stBBFdBqEZdYMOmJmh6ZcC0dZKycsGkWUwDRRpfiyhAIgqdn1BvzLzG86xibdFDtIwF857sepOUZNiRrxLefkXvnwVO+9JTfSVmiARZyfoD7S7JCO7iqMy5a7CIWWRmwopksLML3DCh3TuSrWkeQNGc614XifRKqkN5GVaVQg9zLv8oGPcP9mRGrZ6u127goSduoChvUWUWpS37ITSS5NB0RUKMJovN2TahphECv9BSckAW4gSNLmQVUEomPoTIFp7EvBm6je9iFdkG1eEqveQokMqO4Kl8GnySNdTpC8JVLO7THDGuAiTyHTM23xtWRjFcJNhBaMn9EF7X6pCfRGbmor8eCPdJEd5+CY0+0dmhg6MV9HP0yxxDpxDktzRqzCieMoMlYsR1cIOGfbS4EHCA1mQwTCVvTEggW49hpUd28dGDdPRDMYeEEm0wHuhY3a0UTW+qk6GdgpTk2A6LEJ3av/rMTr0Sjt6bWJDrsomBHWIh0gSrJqHBCBX44+1kEdpJAUnKomtmOoQEDCmZhBMIo2QFY8IKCVDmTi0FcFA8yLoymoRcyMpLtQ3zgMEfqjIcsdgQRDQD9wZ80QFUEHJBgaGf/Q9mjOgCKlYSqiiaYZQhWDEsB5v4TS7w8Pbt3fTGWsBj+PhkOV2jr2ddRer3aTPi9HYxLLvu7m8NRqO5ovVoNtiQplgjGiEAwjZ0PGMl/QOznbLFRxJJN7jmRjxlwwvEbXxLmDOT0Y2znQheG2zgZe9LxwDuMN0BIj3iw1vQDmedK2LrDow3gXd9/tqW12RKIvZcLfXUGd5QMEz2dqCSfAPzltmJI0FA8RG7SuPYWy3u+iIfkT5mof4ljiVgV9GwPBWnAlSRNt4sKEvMFKi3DAvg6y7xTLd5LlT2ds1b45ZGB9mzjWLEcnd+YyktBS5w4f+IThx+KNb+5E+hxeysRcR9V48rvyE071aLd5H0j7fYo9hr92+YYvMQ2c89Gzv1uloNKIEKSnmzU93TtNbzpwMQCUw7oRyHpeyP52aUAE0AGSiHKVO6Mp+bNsU/nBGsaHhFf9xIxU12URT9TLbAm4cI9UNetQMNGJppx3t4Wi476uTPUfAlo54lgyf+U/BoJhwadYYDDlqiC1ILQ458rECN+oNB5TX7d0U//m7v/m3o/Hg8vmrTz/5/PXb786et0YXV0S/HCs0GI13Gxc4stNJH0CZEks5qT34PkVviGCBopW1geu0XNxFF1E0Pan+YhwrElBWnLSpwIEYtcsE6m9TabW1tWwMIpEgCisCFKla8LEKm4PGXvAniZgxgHCyGQgxW+ACVhrBoCoZyUFCjzCJjyro/vwTNuy9UQvuKFVIiZaPuMbIgX2iJSdATbS5kro4wfdafg3TuoR5aNBIax3ZCx6uETE4ukWSI2MRJEU1kIpSbbh8ZEGR2MyKpkThJRRGNpaKLqRHQn9VEZO5gVJ7cle5/FrDNHEVGj/cAcWvUa1S8S/8StOSFY6iJIa3tyjB1Z2PyNpGEPhECX7NgobNrVwE5J7sfFRCxmUQ7kIVXZCQxGBzAyvRlFF8LGpC/sKBSxD5b9ssBMDw01ohoY1MpMuwOkJd0fkvUUWQAxCor8+YqjGKvaBWST4yKWcOC6nHtc2DqjQl5a33Ug4fJ+MicmWZ4ycgJvk//E3lFqLYL5JKLg2VxCQSpHgpMMVElIZaSEkjSii50bGSCYGK6GAxKZYJGMJtagUfMbhRS/+wSQF7479iJDT//ZhEZriaa1Kxqku4kFymtAyCB9F05hRFsIUpjrG98ADmL3YIEZRoCsTM8BFbCYXHy6NGJFEIP7iD7UoECwO9KjmNlAIiFETs1fVPpQVUqEafwuDmyR151N+HsSAqDzQX5ViRHGI6tZjWveTrCfEfydK5Vpcs2dAIJNNalLyhIZ2l/3e8lXZL/ESjv95xtgg9glOVFBtKo2/kpTghEzFYN+88mqNUTEWzPOzAIbhs5Xw8MMKDzYkgzw+s9mJiL2GUCgOv/VNfFZV40fVxyMg73gw06cYJE2gxCIAYhQSG8MLRSSCwSZTFONw1KqOg0qgwFoj6KXsj0RQD3Z4vvqVjpV9iCv20xRZrsA/nR+bCCZIEz9O2yH6slmmzpGfsBXVbKm1vrefWXc06A109gVGLjdyGOviFYz+IYjvsDKolbnAhasxfglrollhMwXcAgl9czDHMh1wDitcAnKqqmnJgD7jtATb0x/FDh2kl4AHS9OTHA/s8DvvN2SObivffMnY4W8GL8barq6tHim/vCBkLyLo37ft7VhluP3/5kn681TlZzNfXkxH28vi6yZBB4vu75eaTQ+Z20eyEUwMZJ1ps9wyCsZ8EbWhB8CskJ8LCHxjRZIb2ssuqQ6LI1nd3i2/eT189v9QAqT9xZkuaIU89o3P+yNAUjsRJKCvPYeFoHCa7Ge7CN5lpPu8NGM16WDOiR9B39jg8PnR5l12LFYsUsSOLPGSstpSXJ/mRgr3wACbizzscV0MkgjsTgDIFj7B4KVLg7DgCo4fzBQfpUAU2BOHOlTtGyRv5cAsuCAnjpidHlkWiZCJBxiIdYjwc13a8rVPCNfbiTHc8dZyyj8fHj+MJb3YesI3r5PAXX74cDge6SkJ5ZLi4vEBQXRpf0FETg7KUNK1Gon+swlrLM88Lp6QBxQlRTNex0FdsKMvAt5bMB+tbUXMXb9OxUmPBzlMLJeT7XbL+QkBYtzLLjM+ww/yx1esS/1IheXZg/zjiTIYDnhwwZjYgsf4EiuerjYuNB51WuzOY3S+xK+ITMpK9WC1YRfDzn/z0R3/VGo6vbq6ev337bbs/aPOqPniwpLULC8a/bUWh5Vgo4bHPCtZ6Hbt0SGOuXaxC+rVfmMGmz7Gcen7XJqldIqXAYx7SwKPj4oJU9OQHUl5gVr5JMK1+NQ4fWAjCTcIy4INHThoB8BzdJ7Ukkny6LOnwyZdikgwl+SXpiUpkcOkKn/BTX5k09ykjUWjlgkhbk/WCEbjEg7yNBX+2EaGMwnIrJbGrUstaKSmWsoHAMQC4hRrpwzlyxU2SGdZC28RKGYTyv7ADJbRIs3R0q2DwpVWF/pNcQqpPilVd0mJpteio4JpAT4gdwozWXSWQ3YoVAUyQRsYN8IE0eZBJc0wWRJQj6JECPEsBxvlQ6k0LVcJCS0Flj0SKIL5K01hLqe40AEl8SyWJTyp47//IJIY3gGr7skHiZwBCSuL5rzGjEwiOlUV1sXW5hm9SsW5iKaiKCo4dU4OrkxfHMpui81/XBhiDQykiydR/ym5Aaek4cFCy+E2ayaLxza+U4+ZNoj/Yn+/yvEY7pDVH/uDTHkUEtCdBjPiBwkfUQFsbMa9+FW6VGeaWQmSHk72YJhJM4EaT1IkI12gWxCgLcpGULNI0XwBEZW0neSgqFh9B/Jj9JBCkSbfPFRT4VPUqxUKAGk4VRH5S0PwqqlUBGJUVlG8rpJ9wVtHKFVoB/AIvkgXuI3Cwy68a7ELNTaUEFmNqhyddNAwiQJI6EQHM8k9WJBOppVTC1TKKwEosOZrR1DrGuJWMys1tEzExWkif6CycUSLdNfEhg4lHZ/psGiRETPBUcbSpRipnpJ4TZMIlTxaEd+yQYGyCKWaiupMHJtFOGEqkJ+S4GyxPgGiFcb+L7Q+U6Ry4xS3otegnAIG8EzuwhQYEs3afkTU6lY/tBHh51FAR6MUKVdORTIPwY5mIovOyrYHY42zHWE0Lubbs8kXyvTuAdUdA4hixTdksZoMA8KH0pHZKXE+nDNmqw14El+9z3Dcjfrxf7YFXIAOvTHDWZroPpYa5bXz4OLwnOhBkUzJcIXBchvTqdLiLpaggoNE/aWhCE17qK64kaF3QT22PvjiQBWS8CYMhKTiQTtltt0SNDJYyefvu/d3v//gdp5C0ex3gmPibzefEY2jFAS8EYTwVuLSQnc7nrbu7mVPvvHfk8MjuVHYNUzfZ0Prhw3sGfgZjliT2aVhhRHh5OuqyJgGbUeqyJs6w/I/tznFuPMYuXQLoU47j/s2b2//gzz5zTK+egG3m0QBURgHZ+d7hjliMKVoP7/Fobl7IQQhKTHTgeMVRr79cLHn1y7qzWp7d8U4VNpOo9vaREJBxREuWHgVvY270cCCEVVlGInebA0e4a2CmVzm5hu3LB45ccWZ86xI6Rk/1b4JqRrsRxjWLaz1DeQAAIABJREFUtN2srPAYcM1O6Onh2QxE2spyRiRrPwkf2QnEagyexzkthsnv1fLhbnOYjDqMtpKbZ6vjZad7M754djVGa8c8O1YQQiV32+A0Rh71uAMfAlZCayeXlcItK9RWCjueHF9O+Eho7zjjgv1jhnrlDzodbkXtSkPBpU4GU9CtUtRPnsMyrkk6I3ds8qHa40ftQYet2oR3vnQvTGGIYLgAq1c3jG+yWSlRLysNGC3mqbHf7WE8HuJe3FxSj5eLrcOPnnn/SPMxv5u3Tr65uJk8+/TxxfNX49H417/8+V/+s/+QCWXKhdMlewaLbVobWiU34sAWJ1ZVa47qxsGtGJLkz8bdK9JJoX3ARCTEg8xGQ0smOqsy8uYGLIdVfF4FLc24eFyLJQwX2Mx77AS4uVCQBjKFirCB8Ed0cmmeUJycgJagoll9Q98nvOpCREI5c6uuFy0bBwCKnrnABVOqCCay7UZETIdBg8InMQJVLdyApIFO26HopYLick0DCYZ6QMy8EjfQJONlsHRRQ6QWKYgqptriyi8aNpfF84lzsm3TIgGEigR0gOBT2CbKkzvbuwbIpKIdhRwK8LaEIUfmWksZKU2f6D9KKMXCtgGRD1D+o1EXTRxyKL8UAPprOTWmp9ERFNVARQuAZSPqqm6SI4QXGRFoCIax0kopavkFqB6X2TyQbdUQVTBVp9FnpK2URBr4hIGO6rr6VExnsZGMfyQI9MQoRSUC6XyhlHihi01s9+UQo6hrih8OAoVYyuSj/4lJeswfB2G9fNJMrBxu+WgU/bco2gE3kTvcMEVI20QEtiQwo6Su6iJ+EDUF5kHU8BAL6ymkZaK6fvy2lITmEqW4qvRC1aqUDszJARwb1Reg1vFGGlBETmZdAx2KsaCXokk8YFqzYa4wShpKDb0GEATae8NESCuJcXLglCWqB1tKKApRhQxhK50fg5w4RqVGplJR+bjiyyKNMIWhRcNEFlpLkZH+Y7I43D+hRCGBhJCN7mGmXxASlh87CkvDVg1I+k2cT3mFFFVskR2CwHec8eGTaWZGDGjWnV/mUBF6vGxMoWuHalEkioIX9gpjbEZNa/yv4ieYAs+iLCK/BwZGuDi4GD/v7UN4oPFJF+jRbkHKFy9buTUr9UjptIkr2lx7ozMaljlvWUWQ4UMmrAVVddsOrSEaUWljFVPUNspKkAvdT8GMTxHDSBgqGwRi+JA2w5MbSZCaPmm7kUqQFNPjPQwxAqUs+dh8MDDGDgTX+8IJcx/2p6zD4zi9jIngcSlaK4mlx1e8EmjKR0JQVhdUpY2hr5W519IDJhWAu3CMLkpopJj2QpquUpKow0znRPcUOrtuiUyM75fzUadHhE3ucrvljSkdTis5O/lwezeaXECEV+3tttsXz66p0WxS4ppVZZyJvlquJhcXG15q1+7e3t794ZvXxDLPXz0/PVvc3y8YWjvv9hdLTs6ju8cPOAlvwdAbsjMax3ZoZ4vxeXofQ0bibk48ItBgzvT46+9ul5vtgB2vzIMzqKluDL16ojTTmmfdHs00YTr/xuPB/cPDoM/05gmHII5HfeJiHmfms8XvfvPd/YKj+HhbHSfwbQkBWfX3cnTxxfVV//wMyAEnPx+WBKr7fZtoheemzZr36XU4jY8nDLbYrJYLBvO6vaGzuxwvs9sBSkhNfOzCRcZEiY1ANEZmAtcXMjMkxhvy1jtcl1LavfzsSyKON9++wSAn/bOrTz+5n83mqyWhbW9/7J2xvcPG6KJz/sXF8PnlcDDqdZCYkJDX2THAfHgYjwYuwLD6MWDn5LedDUZCYbwD13JrigOOjOLB1GI2vONBhmF2n8CopfMNU/zljnw3fqLblRchNmUvgNFeONBWsTvd98HgztROngpgNyBEZEEhkW7LIU/OnOxxjlGvg9vghZyPbefnVLNbW/DR9Zpg3HBzsdoPh/ur64vT0zmNh3vKMZeDqZv37277v/ndYDg+vvjk5SefsY397u799c0zxCHcZ+ya5yik0oH9T61zNWcqBV+wsnkAGMWTqPxWCRtbe1dqU2JodSQr/8niDrS0yLEpDS8JOmNTb4rHx1ZXbHGbT1Mri176ZRsTXVmbAkm4pqFpVBBBKmT7sUeGea6QN61TggCFVwvVENXSsWOz+ap/pgaAX2s2d6rBo0NwQZAumHiB6iTXpjgyeYvvSlzagGobdbJdKVyRpZG2TTgEEARWACm2oGhD34HsyBevEc1sM0PdXkSrBzOqi4qFKLr4V9pzvdfWK+2lmjgYBZ1cAi693CkUVKBOb2Tpy1uJBAFFk4Y7v8I2cqhZLBUzSlAsBbTsVV9mid1Rn2sRpakSfGkrSZW+Bh+hQKttv1bgItpxKJNhvuUpAUG5DI5fyAVT0wTVyUr6UJGIBJQ93yCEQQYcFOPpo0WlYK8awUCQhNxQTaRIbMsPSe8TqZAqlEJoBLUu4LBuxp5p3aEWUpFYpmxT86c+jT1IKT7Q5AMbv3IVHrLB7dWkcTLoaBqF8BNFnyqNldcOXofRrQUpc4FNRu5NSyJZRSNCgOo9nYsEYA5lb8UMQEHpz340kj8KyB93Oqof8BCvbhS7JMWEeQLSVCJwS1JRBhZWMSnWxJzOAgaq0s0kF5RoIIvQVRapiU9JmKs8gJMhDFiNqpUlTBDMzX8T9LmoFTySC03gZEcS0SCt2tIgUxLyxtKlbMCT2qhMT8bzCpkhJbYkgGj+M0JDMGRFdf4IvYmq3K9sD5W5ZQ8WobdggjnLEBk7YaMDRxoireaHMg87tuXWBZ8R5MCtP5GJsnSMEgGZjiMu4JUbLBAjumuDtnfgEGwu7UPQRF1ExpjcWvq8WyVhBeEZJVP7ntmByxpHByIZYaLr0fawcQ2YHxyIMs5jIIprmxiM9iZGg7wXPuHRDROUkosJTk/ZcOPGBHb5khsfdHoYpjG58Stmq4YAUo7xYEdPsFNZumnooAi9N/85XlCy/jFi6rHJENRIWsaPuLFQUrh01RX0lVaCcQqAdYXcRRSI2IzQJahjzXGKwv5l6AiaIUlaBBt09goxL3zaYlwHwdwLsuWlyWeMCWG3zX79+u07NjQ8u7xarFYw7fj8+EDEgwbYcrNaP45G93ccgthm+Ko/HMFiPOiePO6ni91qtf1wdz++HDO+xPjWGabcbub3M46aYWlBt33OK3r39wvFJ6w5a7G5Cbfh2tLmiyWHnojsbO3vX79/P1tdTIYd32pHrn0AReQgLkPVPFkQsHWUYTAZ8aTCQTecz8xhiJMxA06MDlKCnOHc6Z2fEJTO1hu2Ab+9m3+7XI867/+r//xffX4zvvrep5P+8GG7vLh51jrrb29vifkI9Niuwl7a9XLNlumbZ1cWELupTjscu7MkhGwT3mCSzYgToRlbbvFG5tPl5mGLrzxsYD2+vKa+LBhEXS/bo/HFF59vNvPxhpWZy/PeiL0n5912j/MZHbbkpMXzB84VPz/93mT86uqiP+x2+r71JYO8lJ/tT58DyamJHKCTqRnqIS6P4roPptR+PngCygOY45bUCTLwh4AQIxIgLj2ZUYfGZTS2vQaK6XVWFIjoiji2DhO2/uBR+40blm0ljXNkg20hUWtyiZ5hRhw5X61xEkzHYZBsIF+vd6vDKq8E8g3ZVHcq57fffei0n796ef3dd28gBSNkoBCZYH/z3dvD4e/6g9HZF19eX9/M7j5wLtH4YsJ0Ak+Ru9aWTd0I6aD7KWOPym2lRgVtlDqTVDRTwbrWQFgh/YBp6ludAvLz7090tAVwcUW1JgviqeIMW9qXUwMhQVULGpIDkhZDRSyFkAfDOl120lYYWintAg1YsWfEI0kC+jyMoBnJyJSJsLY6kI0QkYa6Cy3zQh0y3snASFAifiNlJKFwJVttZjAiJQAi+kkgJjslMROx+ZTKYDT3UiEneMolJGDKL8Mw5TaYDP0rgrok1zv+cUcxGC6obRwtZMTmk9gupEUKJZ2zjANgeGtFyQRCKqit3BrQlkE0SIV9YJTSRkbnJj9eoYZaKBS5TriCTiEGaciDpckjdFEgIcmKBi9Z8aNr+JEWX3yUhMKwzwAjX8mNfUUSKA+1VjzR5BWqGkekMAzxMiL36hwefsMDNHgULPIjDfUyxKqjVQy9UmitrZxIJF5jBcvfQEhhQt7ulk8BJ04EXmnjAcLYA/CJBuaQFvG55l9US61qrlRHZTLixG8KExy5gi0ZqdD/c1Vac0cK49PJ11XcnF/Z/96vbmknEAWUDQqWn/dYLrdmM3BkQkEkubSxDwwSfL3Qz2IoviVhnoRI1gjcQ7r+hMx/LehFA40sgmL4SPqRhtAaXkEMjKjPJV8pFGcpGCEoNswR74oEwFqGDbWGtUzDGRG9DueI7W2SJNXAgCxrFeWfGN7yowD+5dfnYekIB4z24SJpXBmkYd2Pw9uia0OX+hl5Eff5ZW/EwA89DQFixg4ZPvSPjjAbihGPJeS2o87lwkN2hH+c0hEpaBktACX1g5jCVElzvedtKvRlTNWxFi1igemQQZRwhDOWs3klumX6mWMUUYZ/iEQ3CDe2Y7hOkM0FTAKiQx4ymTAkVKNvghAClHViAZjWX6jYA3gbMJ2PYDgzr7Cjaawzt5UGIVOUQnOBJwGBMQn4kAER6KHVEx/VJVCKJManOOzj/JSd14yEGcwxv+zKNmhYHjG61b75QDZ1J0WTonzKASHQFpwrG9Go/LJKXl3wMiTmPrbTKzCthWOs8JiZSkNb3mcCf5YDUoy9s+6ww2nP5x/m0+++8416g+GE+fvZent5eXN9MSaSo3AZ02LAjIlmzqM+nraZd+boY96+xxkyn7+4gCsBFW/WWxFyMtN6ylEmCzZHL2Zz/GQxX9zNludn7op1Q9PDI6OYBPKMIztwjIW7TPZ6cN7NZDTbnew223fTxc+/fve9F1dww6iYrKlfhGD7DrukmKnnDG62MJDLeCc7aRh9u50vjscr9kRw2gov2PvqB59uV4/f/OrbCQObk2H3dMqGYNYtjm6u+88uH0fDi08/m7/5Xe/ZuPfyR4uvf3k+XTDkefrFl4wBPtzd7t7fs8v6ZDg46bkLZv3hfvO7Pw7P2TpzPL94cf2jT5GeZ6b13fTNr/5I0DwajF78+MeMc65Zo/nNt7vD/asf/+XpcPRwv+P91ofW7vlnP1zs2CW9wxutEVjtsGU6+XOm88dX/WGPFYh4C2Or1EyegyhmViR0ewM83woIJoOYWNdt/1bUVBOnzlmkAYoOp8vie+4m4Y5Glyo82x6MduGHy+LIximJPvVeE/CaVFS80N7Zp6EM7biw0KbEc8JZfciCUWojb0SnU95w8ONyPZkMWPXIOCI1aNDt5giDDeO0rBpZrTcdxGdws+V2KKoio7C8v/tiNHz1ySf3t7frpfMInTbjlCzp2L9/++bvf/K3PJwMJ/jdc+arkdjnBwbePYyJFyw5q0DdNGC1NbM1UadSQS1SJU3nz7oCmOoJWJC5RAkAhUh9cg7aeiiENchE7RPYtDyVSRp54tmap/Jx433RSQ224deG9HiphdBRCuphBFUQMp7YeWnzYb0tNdIimEiAb3xtFyYLoxZ++URWqCc1eaan9WqkA0KRBCB8hgL/tISpVGyhg22zp1ShFbcQI8qbKqCZ6hPy9etlCEhPnW0I9WdaGEDFCokiEFADKoAUyGdUvsWyYLgIB8EKD1mbjIAje8F7xz+LDqaw8YovuJoTehZsrvmJyGUzOGsB9dAQglIDAEH+NKUKLbzPTaZyBxm9LFREI0NtKfmM0GuKYhYLQLI0kXxyygyoawAPGsaCVqNmpAAnnKKVtvyYDQJUQxBdqaMiQ0TCSgaakga+5FAv9YtaYa0NYwRQnoo2poQ4iFIy23LRvg39oEqahNIe4CZAVAItqBLyyhXZqqVEoRl3FdMMY1W+YS8v5fEDbkSXhLZJCmZiWjOk6I1jYqBDWUmBFN1/4kNRgiEaApUTT1AVGTXQAnEbH0qGZNUutlTMfCT1dF34gWpyTUFCTOUV0oADEYte6dQ2kOb5X5KCA1yfyk6pmQZObBRIMKu0Qz7iRzhIRM6IBhJcNYESPJkStlY5uSm8aPzobxFRSWJgMqXLx1v+ex2PiR8UTyIF4fgXwa0KoRvZSaSA6alNjOkY2KPu0C0x3kRf40EeblL2XGICw0wyc0teOipFsiYoLWLafEqS0SyvHFwsLfwxiLSaebwIwBqpHrzs7Qg3iK2cMWM7Mw23ihNVAExYRQyYSWXAjY7SJOHL9KqOnjG4wMin89yM76RlRR2jXxggEFbAAlQsR0arEYR22UrhdFrciN04aSPZNWDNYbTK135QdtFB1VIItmLscxbHlhsj+h0rVH3TBrY+wBPJ8MJjt9EwXnKuYSFjJcxzE798QAaW4bFMPEAT9kolWUuUkiZCgpiykOp/MD2mLiMNyQtsQmPzUw4pZeygO2tc7EmUxriqsT3RBrHUkNHbh83s/v7D+w8cNM20sEeWMOt/1rmc9DnihZVkjKvyvhKmRlkixr5aphT73XP2giDlYNwjFPtwO/VoEwrlsUUsSN92P1ucXjyu1pw4fXI/XbKjhM25LECkvfOhgqE4i95mBQ/hOQIR2QaPnpgAzyAi+fs/vPlP/uL7vcG+fcaKQ/JRm1bEiGm7WbFrmkNiOC8I8w6H7K7ZsIX5fsEZfNvLLmOabRoazmLsdEbdVvvN794h2OeXV+3O5s3D7nax+MFX3+teXvWfPz/s58Ri3YvJ4/Hz4/53J7vF6Nmz7WBy1h+yd2c7vbv8D/5l62KyWt6zN2f0+avpT3/WnrSf/cf/2emkjxVXq9n59ZznidnffHjx1Q9Gn335sFng4QwfLhfvehc3qLhjbrs34N9Jq93vPO76/fd3S1yhd/b4otd51u1PhgxlDk7O2bd1OhhmvBnfJy5n5JJTu1l+hMu6RYzah//oaT5P4fp5SiAE4+PgpxlE8w6b407c8E1EfrvkC4fQP+OocfzQ4UnLGz7kGf3Zd+JuHkLo/LTnp9ON8ooalgICAKEOJxzifpTR8YQtKXjWgy+/bs2Wq24X53Fz+2jI9vOjb9nWTdmE5KulZXU4sjb0k88+pxFhTSd73jhKso9R2An+8HD3/v1v/uEf/slf/fPjiGD30GWS/eSRBaCDMfvR2zydMG5NHcGf0Zio2Cg5JzlbdVVHX7Ips7pbQaraplVCQ8ZK1FUjNEm5wq0QjEs8L0ZDO5QWlgwMT6PBpcXAhYta+LEqmkEOf3DEoV25E0p2YIiSPtNKSqEUR10eUgHjAmiNa7FlQUBJRZoswLYghKFWiMedgPDirtxDKYQJilncgKUJUrwGJpE/d6qu9pFalOIcNCgHlyfqIuadlQ54E+ChScWnLWYdTpBJRppIJYcYC/AQ40usEtuIRtYKlkbJ53+IK64fCWHZusHYWtZGzSIrGUps0UtylbFlRBxJytJBVpIUB1Ym+6scSmGSF7asNKZcUtxIYPdie45SJTKYUEFSkMwHQlKRJYNBZpQWQvAhF5gwLj4mcpt/5S2aVaySLLkBwsgprnIijWpEFbD02OAoOYgpgGgCAGnpDoTnppzFftTbJJqqfQQAIZ7QGDvYiqB6KqAFEETLxAR/SoSUq0yUPZkF4b26kVq4yIe9tKuSlt/WTxUqskdO8qJICjplq2qSKh4RyhvIWpLJKucvVmqnFTVQxJdrIYhV3M0FJiYFiFvdA0Pkm3T8So3FFVlgq4z3wPAncnLr1yKUqa4uYlGKeLTA0PNJIKAStqAkwqfMo6CWov9TJEnWWQMqt8Sf/D6hNdKGVyiH3EfB1C6g5HkZVknUAuFPUrV3kcKyFqihAETcR+RIh6/lQiyqscl8bEqUXaFpa2Vmqq2k7TVRAgMkRoGJDblkBJHJZkcxOFiNyVgG59BRiyiTckJGY5OC/mQ4yKFQAliT+XU80C/ba+MsbrAy4aDRIc0+8QC7H/L2VUGtoMwnYkP6S167QklhzTRjMKcrpNzUiDPsSGejqZcMSpFIN8IvdoqDoJ//tFSabgiRg194Rh08mnEBpISawSUNHiCMSNJoRgHdBAI2g2krrXuCU7cMrfM8hhvEiqqMJclnAzR/TBy2OVoRiSUrkpaiq6VlshBkYEqsmDK2vP1Y9ZTI64CIYdlnoRnvZaMXRjDvOYTcSEsZFMpNssgLWSyBOpTfqMcb44jb1nActLsjYsHNZr+ar1ezd+/eI8Pzmyt0md1PRzVGuJwyUESBM4A0GnBUdp+hY4aQKFSswCDi1aTPhvbFYsEmVQpitVi9Oz1xtpHDBGPGxXJxO18RtVxNrr99d5udFViE+WdnzYhWGbykUBHPE9T3O6zGEwVL837x9evXd9Px0HPytD8BhhUUj/LcK+ZcGe3TJien/WF/vezzApW37z8gwHjETur2ZNAich1cXJz/BWsPB9PXs2ed82Fnunj/9u9+8fvPP//e+MXLU05qfvk9wh7Idi9vHj7Zrr77zUOb6fchdDfr9WF5fzzrtB4J5npMZu9efG/Ixtv7962bT87Oj33XwLYOu5PeJ58Mvhn1n33a7o3OjvvV6bLP2syXLx7b/f36nqCKsdWz/hizzWdzPGvlworDj2+urhGxzauM2cpM9NjqDYm8OY7HYF6XODLZzVtwjIOojYzeU/sQlXrJwwl+HEBCJtzI+qcPYhgQrMN6E8937E65XdbOMLLLqTQj/9Imiklhcu1IrV6pH1MEOM9uy4EDyMJxQCTnGR9ZHlyQsDjZELW2O6PFasmQ+8lpl7WjbAwf9Dv4IPuEJmOD3nfvp8TxrmHm3HM2FLHwcr9bLZavPvt0s+IsxPZ8tuS4ILySiYr3bz9QY66ufj+ZjFCHKA3mJ71udMNnfKcDotuWoEdVCG5y21QhdRHcX1WgnhSAjU4y7IBt7KTjJjwTbU+k9wQCIteWgGsy8gGeO9vKMjx1TFz+mSNCDBmsulSQ8CbXNitkio/EI4I0JdxICRkwSLHVk2rj8eprk4kuAAtBcchdOsWGX64y4CQ7qVK90k7YqgDLt7B8oM0NH3AivddKJv0AhwSwQgra/IdgSBsBRErtK01l4X8IixA2lRrtgBAXSqEAspyAShekmoqgdpFTrqppS66WihY+wpFgvoy9bMxlx6MEqiRt80NT4WiuNBgI8qscHCLykF8J3gWXX0uLe3XiykuNCAlsCoWm55Q+H2WQIXzDOChNQtE2xuQKckCIENrKmHBQ5bCd4R1FaCH69Kd5GsnKGiKRlhZei/kQwQ0qp8dWRPVLzdXMUbXhGL5IkGJWr+pDsLwyqEX6ocil6ICEBU7UrEFURAUHuBDqO7iKmRwtYbaiaAvv8p/78ClDkWkvGkKxS+nJN0BxSWjE0ARc1k0pNZnKipa515SJgstB5OBLyg3Y4O6fTgSwgvuRKt/8KNVTQqwakIaqoEKSFjy+ZEhKakn0Er+Ub4AFIVtm+RSHMOErIz9SlVbctPDLUGl8kBaAJMjZawUVgf/eP320pmSSqk4xj7kNucqIIEDaUjYEA0M66Mhad9orHg9Q0XRhDvraIlqS/vi0Ih8mplwIz/AAI0xOLNMlZcMyXY2bSjzjhsnBRIfEiIxXKbjVj8pMG2AcUuLqX6Tw4A1MxYANe2TLaAL8MhJAB+eQIZtMWJtHH0KMWIOIpKsx8JC1OXfQEeo29hVflgvaGz4wDoQibRdI+baWvDiDudAzp8uBx9EARrboW+qn0ksLmqwm4zRxXStPpPbCXPPeDGMhm0HJgovQuQMlpUevqd0IdzAgca5VLgSBwqoMcbHa0GZFAZQQMvg0V2hBXU6AafsHFVIRBkUtDkW0uZAYpPlR96LNT/jYHDosSibDPcn3iwjPkUUuFQ0iBOCE13vibg6lWy6mhPj9bp+9ELwkjgEZJi9vb2ez1e5iPGJMGFUYR+x3OX5lO1sQ27UYAXv58uL9h1tO9mOnyJi+v9/dvJ+NRp39erNgFd4ZAd8JDsPhOJfEC32O8iNIY5sFsQJ/D9ejHqcEcq2CbkeloHiHioEQMSKtO6Gt5+jhRFGWma7pev2zP7z5watLootsQbaPpFSIKjv9PqvjCJvwEyZRWaA2Go9oVpkQfz+dYXcWfdKuEXoOmD3/5MVwfPH2V6/XdyvOFWSS8n+evpsxWX7yeHf3gRRGQ4iHeO1H6/K6ezLnZBYej3DE0/6oxRQqxnUDr8OcbJ8+HV9yLjizvF1Gqz1LWSWICwfPr31Vi1O7EGDU0pWGNPpMlyM+ryn+7s39F4NPUPw7TvvbPXw1vnx5dYm3MyhGKfuumv452z5oO6gEehlBGftzGBQ3uCKM360Zx6NwmgWIVAoHn9ihonPFc3Ebt5WBGk8npmTAlvnlhS8mwXf84FaNl1EKXOlb8ToXxtqcspGKaXy9//SEIVpqOxE6LQQre9vdFss6GVFmEtxNNDyPrddIxLteOMtmttpSfuvNw+VFHzAsAcGby4Fv4jnrIQspPB6M+u3bD+8H48FnX3zx/s0boublcgW7DvPIDyesTPj5T/+BodEf/OiHG47bXGwnF2OWtbQfzxntdmSUtxfiNHyoYNWdqEU1CojPdVNPk6zWVh5/rDVWCWG4sN/BAhKpBtsaZHtl1cIk2gVUKqnzEvottgLDDhh0e1QB0qsz3QBdqOaRVnG407L8SCm3Mvbe9sRC4BeRdCBUsSorkZQN64CUt4GFKY0YELb8RONDVjSTVxG0wfAGJ1AgmKgfqVLnP58wRmOoWsTKFw58oVketYVTX80UcgWnHNKwofET6zSCwFNFKyoHJoyVUkB6AlNCSs0iHBh8FED5JFxqaJ/c1DcANN4CC1rgUld55FcpKFSemCVqEQApWRKWa1jKRhRETcOuZdPAG3IpMJCYL/wUOUDBNDuuId2gyQbWEY9LrxW3ufyIVH5CahFOy5/xiEIMLWqIAAAgAElEQVRIkYgqgrpWo08Zqbm6IVo+T7LKKukOXaQoUUJ1mq4xhkD09MahIRHlk4Kmi4Jql6rgl1LIjZ/y8HgttzkoOwJEoY9fJOUaEKWRqMbjTw38yV+MmgxtHnU0m5Dx0dxU2YilXiGrUfMnQFLQsFyvcSsZqyTpquOVRZHKUwhSUCJAdFZtKKgtB+khk+TK0jCBF05UiQDGBaj24UUMG4oKaL5zIUJDH3iNwR3f6enl6iiTXZuAyCCxSOtYT1hQLhA0TRkUKzqAQelIrGgW4UgVFgKJIL2gQTzsRUkeX0LoTgVhui6GWcARmO8MpCmm4EAEN3necm8Cja9TO4QIBA0sN3TNkyufmFhmVwqhY40mslTc5t5BDBDjo1RUrIUmpR60IgBxA+mEfM6dMhxAqgLRnFqxuaaRJZDgQ6TA4isWlhkdMojoEjPCRE8SqaKAJNgMIqIYnTfYhkRw5KO8akGEx/I+VymSwiYQPYELX5ULETZt6HQxJq0linKHy8nC+I00LBYkMgxUTLRSa1dzsLDc6H5tuQlWoGZR06ymhJgAlwPUbI4TIevSRAx0+pa0RqE/ADlMY38xUyNJAo8yEF+GroJKYXunXFLmHzKEEKGdr70GQ+ubqyhoDCXiUqNVxg7ppTGDb+g49Hp9YnzO56NMEIKRIV4nzO4eTsR++2HW7Q7YdUxpu3OC15PsmMV96Jx1OD+QUSGw2EzAnhUCR46wvn03pZtmTMiT0h8O3eHo9dt7HMdC5kXbh9b1s0tiiveL2e10xiKBl88m373+QPRJTcUf0nThHbykDftpNXyEb1a/xThqzJrFn/zmm//sLz7v9vvEBFZKHAZwLMNmF7blorjREbt/TofjEYd330zGiwUn7XFczpgtymJh+vPT/otnlML98c34/Pyq3/10/+zbr79+fX3JFOdzTpppHcccr9juubhvMDJM9Sj2PYf+9S5GREua1V0WnBDUPh1N9o9LKLP3gyFZaoEO1DodXlx3mOr25X/7uFaLg6DPxsvthsO9D2/e3r2+m590/sh449Vp98XzG5ZeUjF8o00Mwr6ULrOwqEZR87yRYcBeZ0AhUr48pjl6qG8wmFf7UFz5gAF5tsIgiME/PuUm/DKoxwAy3vBuzu5svV43xp9yiRfhLNgu1tevcEEIGfScnVLxaDAOWw52sk4YnzO4i0cisvuWWHkpK9YPsomEgqD2QJ3+hVuK//396vpiMOgy0Hs4Z/nmKe50HHS6LEzBOOyIZzT6m6//8Od/+U+v9sdvv/mGNQqsYuQFTKjupMVh9w8/+en1s6vhaLBZbwe8s3nQp0y3eEeX1zZyuDnuY4vP3mbkRhPaIOqE88Jqqo9gKhX1Nleqb0GZRpWvxydzqDok2KpY46xGyU17WPASwiGqkhZF21taMBu8GJx2A8QMLwkQZBsQq62EP5pe6gJaU7m2hba4lderYi9h8oOqXCkcN7zZbDRgtgt256AUc+gaxiZb2rQ/XstapQW0BTFJ6o1U5Cte0MwJAb4xKK0GlH24BkkMbRCKXpNgK8RlJH0iKgPTNBi5ItMmUB6yEE8AyifCVUoKwQzpq4zRUOD8QTwUlQ+fyInkEQRQDUOmBgKhIcqdJKUQ+YJZnaEUinJMkkIPZSxrYcA/rXYJELsIiAT8cOu1ViEh5El80iTASsFH5apgIKSsQIGu9YVI35d5rViICqZQQZKFDp3vkMqoIiBAwN3mnV/tZ4KkvKcCyFHspPullJhCE2kg8rAVhKypKbhApgDJVUkpylqKkvJLsXhilFe+vMilWeZ/TBddt8Ep+dg1hwCXJCuAyitnoelAfJobBeW/JKCTf01JFRRCM8Kj4g6WRlIgIYY9/dFolk5k5wsYdZAG/0SIafID1xhEbqUlyXhYYyUY8qdm/g9NNeEOPs0nQqkeHGyHkqxUQeHOoMLEMM6F4gCpomVknLjqT3jEGopqduSDQNEFPez9zoWU+e81//3IrOypDQMn8YgjvXyEeaJZSaT4PGvHGlC4p3y4wdyGVMVIaKsgPpsJUNpWH/ZpqgkQ6ZZ4pYMn2rBFwS6ZD32R/SL0YW79DH3I45R4YQ1YwZbYhCCPgTk+acrdf2yPrjpgg0o6saEQBoiGiqCwsZGemOjQURxd3TpjqesIpBgggk73DCV0oYuWKElERAYadL41F620TO+yrJ/dzXZ+BIVxU8uG2kUhUZYhQuHQm+py1klA+ViLgcQqSOycH38WsQa0LE1IlTMWhAVpQGgTBY4DqCdwup8i80+AwGEhxNYz7e5gJ73U32ZQMIDyQ3MwnroHk6GtV9P3sumXLlWACkkpQ8fYUibWEwoKHyZm6XEqYafv5PJjq9vvMAvcbzOS1bp/f/v67XtOs7ya9FhZSLExYMNIGDEStAgVOBuQGj67nbE79epy8uzZ5Ztv3/PkcHHZv5iMX3/3htDmfuZUYbffHo6G8/mckUg6crR6eze7n60+f3nN0PN0yc4S4x+KO8fCMO9OdIMW+GnODKeHdZmBb5ZjVA8f/c3r219+++FiTHThBnCdieJALNyI0eW0N6pOqbINZdAdjYfsgcirkzUCHoWzciAPexuuXlwT43A+9en25Ga3+mRx+7f/v//l4Z/96MW/+ueL5fz2/dve5IozCberXQeHx5guKWOlg7PYBGxMieAu8OZ8wtMzjvjxMD9chg39hL+EYGdnTDgzgHfiBn9ewffw+Hc//fkPD+Obq8u7D3fs/uGAmN5ycz0YXNyMxGXolPFCo0NeZ4fWhhwpO9hyrCBntKOkA9LEVRvf4sc8PxG7Jz0CQfkTZ+uJFDBBOa6qE9gy40I4DJWLu9V2z2CpvvzUNnitN+msOiYXhNjUw3wz8IzTQAXSGJhRWJ7VEIyQbrM9smh1dXK8mAx4KOiynHO9vRj3W0vmkx+YdEYHpqR7vHzxeLy9nbeuWQmKf571Lgc8X7KQYTDocbo4w9K8kofIlkn2V5998v7d69WcN3qzm5vhzkeeQ2kMIPKLv/3pZDziURFH95mVfXInbKg6Qy8aEcS2tii9lQHj0UigOC1FKWhKzGT9ibm0gE0h+trUWwk1evLsdxqwJ5IBTrNCT5TJdds52xAgMLgmtONLBfdXCdIziWlj5S+eJ43qx/XUFINclcBStM3gQ3Busbr7EjyY2EI9ZQqQBoQ0vaS6KuNRWyz0Jz89gspRK+RKIhki6A6lq3PrMqCA8CzbVFG1hBQQyQ9EIx4cAUFRsMkCwpBXCL7wLz1GrfMVJuZFgjTVXAIBQ+mbHjElLX54BNsWXQEEAiEyc20DTFnLpYTkPhJiU8sgwqO+StbGGgWJSHyBQisRuTVImtUSpCDCLtrZktv7STv/jTlQlFkYU+WOKAiUkklLBZjEQeCrngog4m3CMX+0cKSRJkCh7Ff6lSfulmTF9RaU+HYbFqmjFRLkz1+Ya0g/3lSZwIA820M9O7Lg0TYipEmiEUrJtQUfPRTZEJpbkbgNeclKq2EH04iDuFS3ysu3DJVJwSBA4eCxOJuUwS6y+r4GBCqA8VGRwsWCQxQzFQt6UFBeY1/hTZGL4tkXk4RcQAW+aFZdf5JDpJhWrYpE0RC1Mkk1j1zlD0GvFUZefJtZ6aLI3y8T+S7ZlShiVKLWjh5ILxAV2PIMkygPS1FK78QVZgtrXSfX9grl6XO5pcSLgRQsvQhXcoAGIdlI34sIH9kDF1FJD42w8NKKIXhh0C5Yc4IfQNs/rSK1fJIX4mpMDmVifdCf5UUHis/Wh/IlmqKjYt8q0SFrmYgaKdE0MYJE92pjZaHp+IeudNxGhGe++4H4giiRcRI6MzohhkgIfnBimCupNAwe2RBBdMjQBGEiy7HoMDPLTGgYQL916kQEYGJOyoSYEnmgwzevJ3EUj426nC2IiD5NM4RIiEO/wSoud6+gGtKhOe2O5KxgiqBBYqQ0RypIaw0VKUuTb/sFrokILKg0HYDEAtCyLUhwqZgkei2bVBvHOsGwBjibquwxFWz9i4MBbMuRMiEbAFsJrAlTRbUiSqDsHKM0gpPIqN45oUN0sKXzAmg9WeLYlhlK4pt2q7tYzMgbDcbMAHcodAL/9fp+Oie2mEwumctj8R5bV5bLNUfbEZTc3c9HHF7HASu+56N/cz355NnV69fvOQnx5bPxeNKbzjhEkOhwtiEC9Ujn/o7zpHnHTmfbppV6fLxfrHgnyKh3zupAJKPk8SqGchlLYmVhl9du0wDxZucDK83oKXCvo0sNzpmthuIJ70D+619+85dfPOtzziHHGRJOpYlFTZ4f2J/ugZJ4mg7yyFs3iHAvJqPluw/sbLiYTNg8m0FELHY863eef//l4vW0teWF0UMmKv8Pn/YX76bv/v7nG45Nmlw9m0ww/e9+85ub7fnNV/+U01l4kRyR7KNDpw9IRIzCuDrn6TyyUJIjnjgcfrfmkWO7WqLzHYdGzr998dk/Wc7ZQrP8+c9/+SuOPtz+zavR8Hx3+Kp7M7wcMVFMLWBgnsNn8RNG5touQSSOJdmeQfciRGOg/rj3BTeOqrJBhCiULw5hRAI2obtZgkJPDayIharBPDSlRIH79EZ19u9weI8wbkSOTz01OeUjfGM1XIujoeLfVCgC1QOPDbwgm6FRKiFrI6lh9OAQ56QjZwseEWNP4EioRsCwXGwmoxHFhP0HPY4Z8r2FPPH1Ot3VinFci6x12Aw5drLVmc3XxPU8RdDMEIi/f/PteffLL3/wwz/+7vezxZzHDEpwPl/xsHFx2vrjH18/++0fv/jBV/RnvS5nW7YJlLGGj5IMZ2aawwE//mxu6RdpWNSMCqNqftWnwgnTsS/KPLX/dqUFbAUj1cpIQgohJGwqJGPtx3dtaDQaYIYuXBdryfKfTSw2jiVQmlWrrLVaEmk5xJBApSqIXLm3SZHgUxXnNlnGeYZIkTREBAq+P0GN35iKhEqguEpk0GkbYFyAW1AuGsVWpcZa05/rMqqHt0jQzDQtYMg3IkmahzAwbVYUzF5DA5dc3oOlm+FI3MGSTMUW3CvJmywIF4hoKyU+91qIf1K2PecPMD8KQAk4G9sUkWwVIPJ45VMogsW6dCuQLENLFzTAwyhYDWEYSSZlrc+wGCklS29dskEjGqQFi/wRXLnz0WLJyx21DVZq0MgmHCn2pHZg3OqBqBarpMa5Vgpp+Kiw4ii3illI2qNEKNuYRUqEsCzp6bymKaXHT18aS2laycqtFtc+xQeIq/31W1B1k2KupCHtt/JHkLBqnN18AsQYTG1lW2Be2pEGDZTkBbAUAQphoGoeSehUqoWH+jV0uJRG83lCCBEQJaLrqKZtP3JZ3qGeq8JVOynoL3+SpPIUo5EJabwyvb4VjCqQAqoUMpQwn8KEarKSoWfo5XIhlR+AqjaYxF9TTmSmUYmiwD21DOA81Qqg+YRWik5tRS9CEntStC5k18hm3dWCfvi14PNBLkzhB82E9os8WUmPL8kLjdz54ZcbXUPo3IkUVqmmpoVG4GmJiGZUDQenO6IHZiTRP8JFA6SIhhKxWRpl2WBhCo/aZlxIZOjcE324t44L0ukbM4JDPeFKJShwXBVCxpAEhC5aq/MCCRKZ6wOXjhu60Jdb2jiUoNfES/BOBs/sB62GqYd4EufJ8HR/bDu3ykt4221aFp4AocKEHIve0BRkxgOMMOnhnKdW+bKGNtOONv9njkpgBDmFHfy1oz9AABIbUUk1uK5P0aRsLC42eOqo0nNmnVVmxMp12K9GKUPhCzpmjCegzLCOwgXXLAtHSyMi2RAmKxLQrKXTcHqXEVfPFOQdxwpY70YCifIzFueIEiYDibkOnFO97nZ6jLz2Tju8+2P9sGHcb7bYIP/IFwGfMs5zfzdlZIjtqKuFEQBzvrxjZNg7v764Gg17t7e3/UF3OKDEzu7v57f3a8585jUm7FKB8Wy6IGYjdOMcP15xwvAhyn3y/Pru/p7zp4kRiAsZmENwmqk2b715fOBwRFcqHHjfhjESbobxbb+IjXh38Fnrb//w5uu3M5Y8np9P0pvF3lBANWxZjYWuyvwmM+TMovdxKAY4sYCO50S6RWXz0u1dfno+/+5+3L/oDHujxfL5drm939xvVu9n//bhw+1Zf/LHX/7hzbfTf3H10tHBxZT/N70bPGeznjOPi3i8amU1uz8b8JIQnptW3PGq5u1q+7Of/fanP/vpqxe/fOBmueId4//Rp38+eDzpUvB9DnlxqmaLbsyHe2oQRX3CZpg8OFnI+A4PL0TzXDFcSbhNqfF4xkQ3qvEAgOkcwseNdbOoz1sEGYKkgsQIKOlWkjzGYF+MyDjmH+/WehH/+ejB9dG/cCbcgwues0RlB//DA+eZj0fd3sNxtnxYcTQOL4Wkjp0e2bAE1+2GBF9vzWh875yd2edbYKiQrAQ5Pl6OcIsWO5fpwdiJQri/fTjrMvVPYHvkjYI8hPSWC4Ye++fDM/YS4RWMGf6Tv/ini5vpcrXAvdkDxSHh33zzlmaHKPzf/fXftFkF+T1OCmLse8A4JXaiOtMa2eCkZbBp5KJRDR/Uu1KlkpZaC0jVzDygYC3dj+pmYOQn1QuLcaElqyfzOq2mfQFZ3pchQUytRAQPGyUHq/OhIcKexRaiQknams0FLKFj66mEJFFeIWz7lkKTRfUWycDu5AgVwUgT3598mcsNUyr0T5aexIxiJUcDLrRFBwrX3mIDhTIlAx9WQ3NtRVVbDZGxgfY5F1oxHBpGkeIsIz/1zYUMIJTHaknjygUgfYhiaIVIkGfpOOMjknYp4wAkGddBxSzWB1CEEcSLDLooEdcpwdglTJUelkmHJkSEAQqKql3Z0rfdtlib3lDqmogyySVfkYlUoANv/yD7cCNXiMBEJpSiM6lWPLrILKrwLQUFV2KwTLc8hTPBtACZzLWKw8VWPtvlhQAX2PgApBoUoTWYbQAYcuQ+UqibVITQ+IYiSRFBFBmRr1z8Ia1BnkYiWdnCUwL6Hj+Knn0A/JpSqcky4FU0SReazIBrPpKMPmEdecQPewX0OvfCQwByDRnQqBRuhJBFyJilOE9otpYg8e8JRxJ8KGMfY+CEaKoZvOTAIiwF5KK8lKRSuxgkS1LRQ1MWBUyUTyg24Rg5VkJ6FtlYQ6Sr4fjjPzLHEW0TVEPQlNhHPSVJsuhiQRxpBAs+X6ovUPP5x9cyEK6g+Q0RpIBGbFxCRPBYthJDgmrBLwWI/EgU7iHVfDWtZeSnv5G2lZNGWYdSlfgLHqNi9q8+IIaBBtIpnOSNia2ccW5SXaFFINghJiQg6TheaGBID+3MMh9DRCSjBiAiQxf+0wpAMmzEakQSuHbrAijkkU5tsVYrellXERLAwTejs26xtFyUgF5Jhu55oB1itpCBrBNfqQwOIyloS3UgWHJWkjFFSgdcyOlw8KBftgwRN4k2EdVAoD8UNH6c11oMNmTQ39a2XB0AZ3G8UUj+4aZlAgdFVVRB+GAMvgRnqPVjmZIBTYiWs8gg4zd826byLUu+LVsuwaYr5V3YxOTQwwopP81FsYQPVxyVctrlXLrNhllJSoRTbAjIOGfuYcdY2+1ytRtfDNmPvNmsiR2h3yXEgjTHx5wNIPLJJ88u+4QAh/Vq5UYBBpIfzxaL7XTGsdk7DiNcrTbsRGWYkRE7hgX7vQ4HXM8WC5Y2fvn5K16NPF1tGZ1iszObJQj7af1h4LcmYassl0wEd7drn0hQjuErFphhF/qou8X63/zy68+fD1mJyKs9DqcPWa1IcK8DGUidpHiPTk3y3jyWHnJWtoNoZGlpHj8wNPagKT8eiWqux8SDnWGf+PGE94DsH65OjvP5dP5vfrE+O2XU8fbd67/97/+782GPUJYdxrwaECdmvwRvjkGg5Xz+Dz/5ty8+v2NEczWbzqf3jLi++ZrFlrMfjT8/n+/YyNEdTTDUgkPF4UpYzOpBzvbhJZOe+oxUj4wOMnDobv0MMFNaBGHoRXmzqANfZi0fNYgyZNwQ0zqGT2xN7JjhQNtS4ksU1oeMJnmKw4igpxZjQvT3dJsZKzX1Gj2CC3/41cu0Dbajzyz7EG/juanOHld+M+njUT4VgkF1P56M++etA4cEMMlLOM6IJWOKZyxVXS0W7FwmEF8s2bxyOpgM7mYLRKIKr5a748OMRavT++311YAN7z3ev8eRRztn+9luxCHts9n0+3/2w9sPHxhxZNXmZ59++uI5u+w3LDBhF/l333zz1Z//iA1yrGPkSROL4RrIRPUzGsOL0ETNqnJyZccQmW1vzfADnI10mnGtkIqPJYSgLqYycSkhzcM/KnZMZDWTAt9pKMwVIJbkV45BkEZdeuEdMGFEE2CSxpYKmFo5LXcYSUty+StWMDVRtiqLhNyoQYOH/MpFw6tWHxOreyAhfEOVbNHkqKxV/soCOimRQrJc8YXnAaXw0hWEVIWONlxFLWQ33FApdAqg+WTbvqq3fgTV5EXOkNMM0g4jCJAvt4YJ9LREqIrtR1JPjOSuCaNPWAvshUb1O6SULWmY7YmcmpKosexNAJWwDGBUq/MrBQCkoCZIyw7OLj0CgJ9/IKqWlViqJj4poJkDlKY6DJLLFaTMLfVBJ4HrmLHokAsd/gusXMLqM+DZKmAFSJfEJFQESXrxtxZY/UFRPhjhZWUpi7WECnTZSTgSRSgxG9LRKFmKgY4pIBppZQJUBh8/UFBd0vUBu00+la96kvR/g2FbI0+/SUK9AFAjyAiw5mCUurBoYwKuxVLm/IoCHt0CMNBiIDQrzqAZECX2o0BAyKKoVQlxqwb5QDSFJLQJfEm/yedH4erD1ZPtn9JR2/IQyDDGgtNN/SFFTfOxBYGn34BaF6z5Lk/hVmgzIQU8NUM5GgkiitLKBO7+iC100IQzVYEE8QMFSfz7nya/YEoSF5VDTbFLYAtZqv6l22gogsuAYKWHEwwTtpzz9lYO9QKL7oegziniM3Ykgsc4iMbRMpJUIMMqehj6fyI8QkPjPL4YBGTIx8lmLFLBIcS4QIgstzbRaMlxIJzZG6JC40gG3Ph2fRUtK30mk5Aa1GqFyUut2NjqaKiqgq5pawiBpzwMMzAsyfZL5iDpZjkdBIGZK4QhRYRr0d3CPauwLYtYJzoxX633eG0A68w7j+neajr/l3FTFkSSkUtZgMDHuY99kBXJUIXhQ7Uy7KSu1VCqpoOp1ZivuIAahoR0lYcCrefpOEZ4Fw8vU3uVxhuWIaIXy4paTAVCw7FeClBjAcBbgAn+iDEYvOliUAK47fT+uN+CyxE2DG6yn5n+npCRlWSsJSCOYh6R0TIkv74YfvbqGQdfzu7vrq/HBHXTGX36ghdzsPSMB4H1luiQEOgw6DHIRCGevrgeD3v9r7/7joOjsR3H5OAdbOWdL/YEj4R/7NvdrvYEboOhs40EnL5R2aCf5xktY51hbhMXcFTm9N/84pt/+WefMDh4wbB0AnJNzKoCXzmoSQCL9zv/yLTo5cWIV6qwWwSlOBgbf6Mc9YcWIVrndDRC2910x8YaDjhsEbNtNhN2QlxcMUhHMDa+OD+sdsvbZW8yOG0/fPvmrxk2JMyldkOQwJcVeF//4d/BlcLnTZOM4H7ZvTzejJmyx+PYX+IiTphyntA5Kx/QEFdjOM2VvVQmF1z0GHVrU/jk4Yhu4/LJIro7ZvHYdTGC55szFM3y0DUxFWP5kGaImWpl204dF55LXDsj5Vn2Yy1m4zOR2/F3HxYC4Ek6SvMBiVaKCmQdQkooecCQISl+6KqQ1hmTxRzLPR52GLODJYLzosJep3VzOeLgQ3TkNYaEjuvljmrMm24oOqJbJsF5ABgPzzjghoqGsA4DIzATCt22J6azfqDN4ZTE3JQFJ/7wXr7O6z/+gfUDnIy93X2HM3z75u33v/jq97//A3PNvJ/xj998c/v+3eirsfWE4VWrFk0srQ7KEnsjctoUUm2rUROFqPDaxP+p16lhsRVg+kvZg580LZgjH8GoMvFAayBVx9bGxsHLlJAEQtWeTZIhoimBcSrDKmy602HiJ4VUBE96WJeTkyUDOCBBMhPuQkgkviusFcMk//McAYZxJniVYZgPmzhDwkWB+Z+Ir0DFBFeLqGtIQ8crFaPWprtMXZMySYJJk3wp+VFfXNNkqaGwdLUYoBjdMpGFPMlJOUilxMTNYhmpWDyim+clcWXYxtQR3h4hrukFjzqRGQNrYy3daKFYWkI5gidlUyJBFHTfhEAOIVhgqm1LmyTuBFd/jWCtsvgjKDI1XJBUr4isSBJefmkKu/toHWhko4DCD9P50KcogMXEQJMHSyiVUwkZEfBe3QUiDp3wGy+0dBAt9EGQZSq+LmAUKLWoLw3dwnuRUKPEtIxIjkrQIksypNGp2WRYan6TajPiR+W9o/2RGteuQdRg/+jDrSnqCrp/fOUm5LiVZXxSuVS47GoR2OREAMV9+pDODdwAllxc3cKyfSou0rF81FNAb/0IHBFEVYyyEkpISn0A4j9w6JMrDZZb7xpCSqtP+l+KgQ54ASkEJsNOEpUN3bP0coNwDsXD1CTwk6FcYeSXqTRYlRShTDMVltLD8FarOEhUIhNwxfEnIqkCCYpven0VnaShc/CTHV4NGD/haU8ZSjocUCUQdCJKCFPhFDKCKX/4pcz4okOi0WfEg0bYZYGetKFrEYjBmK6HPguE+C0kHHCjx+Kosw5vOmOoigFEzi0jsmAGkZjFRVS0rHY7DFDqJNjRKV8jL5K9dxzEuIlgyvHGDD1yY69JE4ngiEvXAZ7mRS8LvgyAqIhPyOdUry1dxosA4qCbdscQQ/82FZdEVlSnM0Nll29AEEvx3y6lLMId/Yz2V0U4AZmywU1xVagZEGtUBbdELCFsxYgkUmZxh0VJIvR1FchBk2+XTmlUmhQDWCTjFzppjQHVylIr/aQKC59lbXIUQlPLk+Qk+R37oU7FGRgIO7qmyFYAACAASURBVOjBqe0KQRBDFJIXLtOYMU/LvC6hIfEfJ5G8dSfy+ZD9pu324n5OXM6ZLIQhhImw5mBndoc8v3GrL4RevLjh7Ofbe/aiMFPa4kVybDt4YFRxTShy5H3BWBTGTEbfXExm8ynTgjR1d/d30fDAXLYr3Lixyqsp206YdlwyZNl6RATGnLrMMp+dsr/DBW40I2qtYW/n63/9s68/eTZhfnzQFxJT8k0W1o22LkViEA1T64mDPsNTns7EnGlrwLAbu18xPjPaZ8fdI6/fu7o4O5nzKuWTk8Epbz++nOyWzBQ/oMPi7r6z3Z4cdiOnhQ8Hzt/uDXYPp7P9zv3WbHLunT50DswNp0vk/TgM6hEsnfJamkeMy2wr5++02ytiuuPjykCV4308m4eaQymzGqAzcAEGmmZ8gOqBQ7ofvcVod4aEUZyxUorPA3LcKAYLlcEbUVOf8SFI5+Em4Sc28A7vYMwPOCrpu8X2w9LhQz7lplxA0+qcC7yJTgJHxNLUzx6zyQe2qHdIZG3GZDjsrFjJ+cA5R4NhZ98+p5w5MwqXmM2Wl5djSvH+bgYuZx6x8wn2L55d/fHbd/PHLZWSRw48YbVe+rLv7Zmju2ft5frIQTUc7EhIOeKYIAQ47O/u7vZ//9Pv//DPN6sVyzhZ8MzD4Q9//NVf/5v/lWWQOOQvfvpTXtHM7mgKFnNQjxgl9fmSWmV1MJiJR1X/ZxujgtgIA1uLrMiBwbzcljkEixnwobrSLk2DEyMhnoSkYH3WdPwKLaRNC9e2IHKiAATgA4qdvfDkS9PCATOJTSkBJJEUNBRgxBe3xcS7fGhDSFGO4JViViGFlwFX+Io38FDOGEOBZC0VKXifXyWKvDZVgtRXAG19lEdiyKrqEYtk76yP5kRuS8587/iDdnqH8ElSYx0EdOWiiNIz4jBY0lbgQLnQnwQpQEKD6oiFEK2UgJbaRkiTirHcTedjO/AEa75mZ8EuGBSUWseONuKOwAkMP3CVQTN7Fa01gnxiOS8rVzC8BrLVr1iwTwwLBgA0AwY7x5ewnNSBUxPJ2PW6HF55iy3UVYCCoysLJ1CUQ/9WSh+SwZQ96RpN1KaklFHmUE9FVg8S5BicfHErYTVKZyd17/wyEpRZ9TJyhUJ0b37oSRv0CFd0SgSv4SQ0+pmtHFKNTuSlRPyKSIVlfmQm0Si31AIgGXEXJKKw/E+nor5VkyMxJUd7BXjKLtykETy9vzFaaQdJ5NLbcmVfCma6ZlMABxV08bkRLIWvoRr34EfJzOE78YGiWaKaWDgFJFevlZIM0FwGEgyQ8oUocJE1v4KIkD+oxRSkWbNDiCtgGqrJiJhcPWUnEY4C5p9Sihb5G2zvIn9AuIu1Ac/kODkITJXwA2YKTbZSIsXSzaMrNxmJQXXPuaDjIHajPT6wn1Fgulj6wqMHCzo7q5BGdCxlZ3MCc3EecH3mivsOoQzDh46eWYtwOaJBlt5b8ZviSunbNWIW/AC7u1RMLDonmBstkqu1MRUghFRQM27gviqcgabzxNpI6wPkeGSbcJZwlAlEpuMY+bMbYgCRFV2IwlYNq4TjberjIwBe1ZBQfWwCB7hCAeFtSNRdDjqW8ajsUF4gXUPnEESXTv1FXys791LzxxiRiCBBMF1bejdtDkBUlCawlo+FZ9OpECT5ECoJ/UVWQJoDAOjBkITuoctS0lhY18XaLFg7EscQvTAvSMGxQZl5aHvXzZYQkL72bjbbHbb91nA6XVB2DAeyo5lY7fnzZ7wGhGGkMefyIT6Rw+l+Ol3f3S3uF0sWEBCD3N7N2EWCbExtMi7IgCN/HKx4cznm8rw3aJ9s3r99j+wEHPP5mtfrsXgx7wFhDZnqslcBFRlwJawidNxtjhdDBhopDh4qPBiaOuYolMHQ4//0y2/+xY8+hT4j1I4AU3iqbenlYRg7WTqaHPuyarLL40HmKeJKhIuEp5QCQ3682cSDvG/Gj6yzI2ZhXvt0wCGEJz3OV2y3ry84AnSzmBtgsttmNXeQ+vR8wIJIWiv2jLvQ1aO5YUfgt2PD92aPu/bbve3WqJl4jgMLVwwzHjlohsnfPTpy0KHPW+1HtmjApJ7KHQ9BPGNgIh7aZgcCHa4m1ZEJptoJzg34OEiSABFfFMbVt1Ytz0dHY2evMZPeyEMKrLAdUc+v38ysoXqrn3LiOBW2B48i0KvwIQsj64WtuPDnCKvtftQfXE9aw/4jYTEvZHTo8vFkvTsMhycvXt7c3c9Gg97p44D5YmzO9mQe7nhc4G3SRsScBM6e5R6nI9VU+vnK9Yx77jhVE7aUOCclDbqencnZjrcf7lvt3/P+a5YgUP9v373/y7/6yy+/+vzN61sc5s3rt7O7KeeHq98Db/xrIwp/liYy8UnQjAGslGqYColm+EMS8dKoqZ4AIPBTlU9Fr9UyQJKuWWoAoiqaBrZeVsvFtTUQQFuJNMreSS11tbiQJHzMSoMgQ6Gsn1RmMuWgeEqowGEdkIgLagGnbQEpqSmrlBi3agnpiAaZUFCqmKOw5Vi0RVcHeXMlmBnw4KJiUBJEjaBc8c/WxqbbS/UxT4ELhKqpFiaqiTLKIvSxTLyLcNBGEAo2y2YWE4kE1G/+QlEZ8XpZ2wfJSWJSlVeET3lKxYYu8IoQS/MrrHl82QiWdDSSUDPHj7XfKws4HCwkKSkFqfAs42AVVeJLXJRwbKjpGHIfeoiV+qYepZKgKXiLWkag84U60mmIpRzIKePIQ5EFhEUkkafpkkcfaJvDbxSx1PiA4C07+awHUtd4wvvDRyNyaTk1hIuIyWBqKBMCGigZSSUNa1FRrGyoy20YiAxMECOt9gUqFpcERCMdVpZccoUAJoLk0cIiaNIaUrEYwNKXfOzILdYDtJjYZZJpmmxQi1u+yiG0c2GHALDyjp9GCL4ALPBAxKCBkaHUxND2cih0TSRc84kJ6OYj/RM/hbAdtiC8tszKQtJr5IBA/Fp+5tOAh1sIB0bYgETukEoCmRAJwQhSJv1HyCaUjF74v7mPDhYBaVhL7BSIKvEfayh4/ocoGuBdnspHN4D3UZGA0oL8Wo+hoK0T0OGzjCt4Qi5K48zEa0RpBIis1KfTh8wJ2xdaDBzyKl9eNOEIItEhE1HuUmEFEaeg2dtRQ5mrtMoxZOKIhv7NlyYygFQoOPPPn/pVTnpJJCdMYyLP9qUAwPdZFhktHeRNm6IahD6OQ6qT5scC6EpMRggSt0Bhu2HfZsJYk3woZpTXTGlRpMioDERN5S6E5EEnHnsiBlVZQ2hv7RownFlmeAcmZXhVe6oRYkDLMVGCXobn6PQRx8jGeixj/nOreMim9uT4QR+qPoWJ1ZCIEtBcNiOARCwgtIGqahA5EhAf9g4scc0OWUC54v11TJpuVuzdcIkoqjCYlYf4KS8/Wa5QpsPSMrdOuCMkJ8UMOAGT82smvKGZGIUZ5OX69j2nIB+Ie4gjacCn0xkjZZ3OYD5dQiHDdYfRoP/iesT7V5hq7HT7b6fviXSwiC+/Y7cDe2B5cSHblX18f2QQjSNu2BiPChM2QOx5eS8bEs7n6yUvhSNMpJDRAgVUc/+wfHz8f/7Nbz+/GfJCGrbI8uoT9tTgQZacZfFUVniOKxF7xOLsk8Vi+GuHNz2nL6RkiBLxSnblEp+etgaPp4uz5ea4YgeJ41r7A2fljKHZ7zOb7flBD4yBPTzO7z54xuFuu7i9743G+hZ2xofYLXF6xsEtvqGceHK9Ude9Z7VTnKhKNES7YYG2jgjlDD/mZkKXkT5cRd/TL/nFS3ju8gib00eiYIYYmeInrGd6F5q8fxkNreNWDCqivZU1CWUcutY1CJ4qcqKCsjfl/XIXT4pD5ats9PSd2o+cvquQWuNoLI8DHC0OE8aVWZNwOWbTCcKMiHlni+1qTTi9efdh/tknHGnTmt7dc6TRtrVbrba+DGZo3Pbievjmdjlb7XkaWy6pZbj3Y79LsMgeZN7mwisn8WY2VPGe6uWAV+zRXJycs0ubVzNPOKWc8w7X27s7/Gv1Zz/68+3qp7ywcb5Y/frnv/r8i++huPOFbkNjPTEOn7rgGhDrq67ysQJ5oW2tHjY3Gq8MERAhU03J90ErYICmpDQs7sKdT5rikYwzpvbZsRmg+IE9doM73uWFYKEQHH0SJonuhMajae78yDr/Lb7c276Jzn+4wNXGR0n5C0iQUv8VSDCgaQapInZV0EPHqCl1mUgxSktWgdQXzMYW+UWiAo7A+YJ4IHwubdAkLFilFFltii8CiutKPMZ+4iezhky4ApF/ih37k2/rhh7RJa4MAyumWlVhAdlwVhM/4poU6+Ui6I1IPiFHdnUow1rrxQ2+8yxp1FN1JK7gkciCjN0iNldUUBpRDS47dbVcIgM30pOJ8kMFovATqHhJ1qqNMKTaqZYVRDIvnyYyf0ojB7KlifTDAY5QIUOeOh6Y3vBXsnudXqNxsyrO2E2xxJWwD6HxzwgJDZvNiJjONNzCQMrqCpZFmgvDgEo3TwClSNTmrWLzL4kpTxjTFtGfgRQnEENTgWMZiwwVH97VCJHs4EiOvGALgdHUK/KLGWtpZdO0SRiCCgkchu/4BqCSkmRhC0am4DasOizXwKgI4kAt0Hz5ybdfFJuITVJkAjg8YFh6AVQxoQnoZXQQSyiR+FolloFVUfannEbKjbvIFTCw/RaBBOFtW/53n4BqPy2fvHyH0tNtlVGoaWA+lR2VvdeIIe2zk56AwBo5XakdMn+aj3/5xlq2fq7c0wI87dljnbIcidX/lmj7hGV8bQZQWixFpD9yLyebDKlF7HXlRL3O8IwX+rY5lpjXZzA7SefpbCLRhWu2GGbiKBIGjTytOvqnDDU63NKOww1+Dnf6T0kcQyFbkMaOMbil+YTl8LNeTyVCTXtMokOXmxlqMVlWzOxR0QOngibhYutAl7WnBWBkiw4afDjY4us0iISRFMZgDdtpS0WqLkF5sB4Vx1xgrZ3gISuCAUq7nhqt22L1RI3GhbEHQ1+wZ+yH7h1pw1pz8B9q/C+DWKBcWYKyg6C0kQocWJujK/Idd0d9RLQfVhPeRnjcIYZ7hXm/BSehHA7L1ZzelK7eQjsQhyHFyWq5uru9JYjn4EDmFlcHDqLjzJoZ080M/HIKztg9Cke2KN/SXc/XGJFTXRj9YkhvuZgTHZ6fdtinQrjMOThstu32uuN+l9WHm7WjhJvVlE0naPDuwz3RIcpxkgsLFdUx0TYxHvp43iBBlIcu+kI1mhXH6TyHPSicL4hisQcZ/+vv3/z1b178p+ym6Vx3ThnnemANIhaCJlP7GhBnTxE4/MZ6WKZsKUK23Rz7NpGUirWBbhozsv/klEeF88nwpLPdzzb4aOuky37b/R4HdmbjFE+GMltqKOF2h6lkJCO8c7iPU2Cc8GWUk8E2jvjjtMEdT9r0b5ucGYlKXDDs9kAVOmNulFF2HxMoOcVEw7Q+mgCpfOKgo4+76fFWIFeBZnAcNRMegpIS1h+AtftiCQYRJS6vW+Ku5UUPh8V6/6vvZnHW+JEuQ359vC6Pejpqg/jG9kz3SDtMDOfuco6c6bK85Lhyt/XZ1dX4DS/Nm/kCyzfvP9xcDIc8CWz3HFU4J4Bl1cF+32Pp4W7z/ApfI1RmeaKlwwYm9+U8nrD0EKUYuqapYcSV8WZcJcWWtcKd7t39LdXy4nrsPveTFksXLq8uCJKni9Vvfv3rf/4v/wXHMBGJMtfOsKS20CLqRu2I1VAxlZBbF7BpXUo9gJQhVUh5tALXtoaY0AS0p0b7ZXEUfGDSDuhU8IiXNUCAitfwt/KmbCQAWIyrWELY4JHvl3BW9qa4SvRACCNbIS0eqSiABYof2vkEWSKIg7+omOxpCHjGTfueLinYfFF1adIlwz9IIDgXokvegNYLsyEPmM2nVFS/TKAoUBBN3FAXRbG5pQE0kY/O10iuCtzafooTbFjZsgbzIzXhChLJIAe+uNpO7eWnrGDxUU3D4IZfcQs0aQlihApHL9CDCo4YwIcOVU4jxqrRLkB+oQNeIBe+MaOXFbVELK0eslovvCKVYioyv6KKyEXkh2FYSjEgjVixhTSexJU0VOUXFA0qLf6ppsprPsAxnlbxXiQvAgCcdzx3QqKUCD1zk2VxhigIqBl6cRpISEOi0nz6qAOJxdJc5VWtrEHkHqoaolE8AkbxgNKeWZX9U3rjfz4qCY64EsvZJUk3z9Snm4/3wY1voRMoMCVPYg0bIWMDdFL5CCSM+WUcLpixBCkmjkyIRc+AFBKM0mBrOEVVwpQ0tEiN2xfPoqqsEvCjJKWm9YRQybwUK3TJrEBACaTO6Ejs1dCRMfZV2lDkNxxJgHzFHICY75eodRNAJTCVT8DVtikNSZolYpIb5Nwmx6ZE0tZOE+Tn+vfYwvS0/AxvGTOqYAkWe4XqwYWAXNE1IUZ8XjBSbI/cNcJOYDqjM3ZSMi3IuIyDhCed/nl/3GHwoDdkc0DLGTqGBAw0aYJ8TOGPDtoj2nYnew7atYhylF06a5XlOBBGBPzTmwzc6FGVQR3o112A4bJBJ6Njb1e/kIRoCoisFoKRE8NCsTOJplvp9BN8FzL4kgqSTEEwP2cMbBxIjAEXLKMBGzfhkmuDQv5XicpKbBRDQiSxsGTKF4kWHt05MaATaJCuJyi7/gSH2I8hLY+5IYWNHIQdFY7zHKV/QswikjH8LOgUtgm2btXklvoIEkikyYeFbbEEw7RWF8ISvJSoFDhGLeeLhTOavq6mzSE3TJtiaUA4rpj6Ryd/eXkx5bS+7a7f4hDsK7avMvPHWCALFd+/vf9wN8VGmLDdPR2esdRsO5vOKHzUX7N1Yrf/5NOX8GXXCoNBL66uOCOaMUE6/uG4x2K/1R17PnAgX6NH9WF9I1Zl4BD7Dfqn7FkgYLwc8BI2XuZGmOoWXfxws+clvy6dZBmeQ0boRxmyUXe//3/89S///NNrjsxsjUa2OQZWVRray6FxH208M5uxP2Q2gNtvzh/6rVYPS/KMQlRY5QVRHOLIS1OGfQrnccGZP0tk3m2o5BLdzpjS1dOVfLE+bp2ohxzjsZQiE/Q0iYR6vp2cfT2MhZ4ceWWcE8IecqQsZx0GM9GBizg2Y4qUsk0TrF2toTxu5NKxKETYUS8pOegDyYQqdiCQciRR/aidxnLkAGDzQySeHk7zECg6LAno8dfvFotd3JckfSj/ckkClFI3CDHd7EJl83GMFgFLZ+Em777Gv3cUcJf1qd3LUe9+vnzcnj6/GgOFpswgMNdMxMuhNNjhajJed7fL5VJjPZxwFlL7+pw3xzCWSljMq7SJEHED5u1xyOVyzkGVMOQNOpiZU8ChgOeycrTNazIfGYfu3N0vsj6lzWJHhrTPN1tmqL/+/W9/9E//ii1GlA3GwUZo6pOAH2sNimIl7ZQ0NTIttYnk3JBLUj7k82vNNceGsnJyATiZUrNHCG1SqKX8awh9bKYFCEjI8AUq8oEMZP7LqMiTgDdJJx8EFs5MZI5EJUc1zzYFIARVBUAsnWiCwYnPKCU5RZ9cCjHsTEN2heU/PuxVOGVkjCvweCpgpNss6zg/fOFGGaDmMvC6v1UsN6U/hDGMikScEjBaN7bXNuofEZ+sBnQkK9YwAyRSSJR/xcCkgJEkgqopAT+2BCIHzWCLf9wUkJp7SWa1kzAHXypBihEhUjUtlOgLg+Vv2VUTAS4KnJVPKmLFBFZdAUPURLP8RJAYTGZSkVCYF3tFgxc5CUpK9VKF9NBRfj3YWySwwrO9K4mywsUlqx00DGWmULRAOokWghspRMMyknTjaYJRWiTR5QVJyqbKB8BiD7gOoM2TqBiqrhGySaW5BiniBE964ksKSqVHc4vz6VOIyze5/pY/CGDzRZ61KzRqR5J3Wl/lRQGEG++4xyQ+GQUFxn4+qoPOJbmyy1SoIuLjlb4KtBaUUOhxGTMpu9RUmB8/3D6RkFHpZRpdS8EhE6nipwBCWmPwETUae8O1HxmgVpMZ/uLrEVqugZK/ddpfQAVIlj8klZQyVRmBSNJaoMQ3hJKsuQ076fCppPw2lySrtnepEQIpnvAmQiYqYjj7FdwKFsmjTAhqGDVxCI4cmm16bWIptDFUcByK9pwNLJ3z7klnzKL9Tm/S5qUcnG7meXwsINStqQrWXgYPeCsXOzB3HI4hd6bM9FTyE4s6Ds2fNrBdykw0bk+cyHQSZS5v8igZfQNz2EMapyO+UqW+peBIJvyw0HktGA2ewX1aP0K20pnxHctXPcAkeJOAwyZJL8sZ/+FBGCTuA2vB4YosuUEFMWEkaz6JVn1K9fAWtuFQVRFVVfnv+d8e/+0gIh/jQhZOGpLKXLcGLso/lY2GqOkdsyyogGgjzIDYSfIbQBIRyzaCe/pZjWMoQszBrCzznWy9WDJyQ7R0d/9+xAQnFiXQ4ZyfDi9l7mLQNaHPgcFidvT22N08YAfBw3695N0izKYuVsvNZDJ88eoFr0dbzuZLhhJb9OKcvMK+icfhZMBgGuvTriaj59cTBPAg45MWh+bwMpHFfD1nltMic86SfR4EUry7GX26xn2cHn3a5/DurpOPbJjNe795hCHK0a6aT11wodgGuo/Hb+/m//e//uX/+f/4zygn1r2xhZijXsxxxETPsIwwzRkDlk6VEmxhIX3O5XU4nsPfrpvXO1n4iJslAEcpHkE4/Y+XFi/WvEgFWvsdASLjd7g7YYzBoHte3L+i09KEs+iSud/ExAwvEjYxHMqKiw41h0pwgD/PBW2iGdc4EOLpskhoyee4eBw6nqV9UthwQnqGPiFO6EjZE2MZJVpd3U2C4+Be9t/2+STqAD6LsFkbh+TzsP/ubvWH+7X5Nh2oj2tAvZyMO93GPzSAPxeAUgeIYq265zR9BI68RJo6yxgep9LwepRBv03o22sPrsa9e8LSwzn2YJySbUasJGThJZMNHGxEGVBdZ7M5S0U/e3HNYTfLteceEPjqnxCGzWmb05F4ilRTduLkld3b3WE5m/HMidBsXkZk3o754tOXP/+7v+8Php99PuZ1fO/evftLz7hx1LbT8q0tTiCgD39pMwn31TcOYDOqynz4qpoTOK8xRnpVwQXAEpqpgG1nsC+mJVfclI1elIookBblgz/xC4h9kwWUpsl82gwzdETKKx8gQi14QZSMokhY4KJbMoOXqh4SgMlRAgGKgzdUaQaTKlmMAIwZKXrA+GeujQYeZ6brgmzfGqZoioRpPkpbIEFCFESPSeBrkwuVPEZDTrHTnSt9/UtXaTsaMGVChgItrrDOABOkjESjTXC5qg9OwoU6Sp4vryouDEvELonkgfTKSZqJETiIDS1+onnyokVIcyVVta3RLsO6lBHwVhcIRzhh0MFnsIhnNYMtgbSKNUoH8yPd1EZlxKUTi8DJmq5+pZThEK2OGKEQLUJfovkPivyAd/saTZpSpb1QR6VXc0UpMOAZbACDZHnx6zOrrR6EBbOsIjMO77+yks6sV/hLiqQtLT6NAUiVGQklFwFiABvRG44khYAmgRoCRIQkA5LiUwL/QdpcbqVRDpoSlL8faQqSUognxyFUiVQlVIYSQHTs4wSlwkuab1mEQaCSGtsgmg2NNEw0t/EsrEuCNiBLMSl3w1atXuIKnSvBrCreAVdyaKSw1VCqUN6IpDAQVtJSkju/pktZok/yAmhCnJJ+zOt8JAcrKeN2EuYvSpit2PyUPhLInfzIajL9KQkbjIIqbJP8BNelF24SAV3/VDqcLxW4LBI/pP+jDtgUAMgVDy/M9GZamF6aDp0hLwZNHKGg06Y35R29o9Pu6Kw3OecVvgSI/LlbxdEI2zcaeUJJD/ZgPo7xqtZe05Jx5pvbbNszNolQWIDJRiRjRDL1UA/w0Rb5IZbSL2MDGH9BDydV/STqQydAcxQyE4cKQJzHIFQO9LXGpmQkxcdWIO6cKqNJSDS8cOC0sWpKlkQYQofG2h0rjHylL9c8oCCSBcK1Fk0j4ignhHgMJ7A1jiR8YWaRBWVGh9mnYvDKDbUYU0iknMdW2iKhmBr31Ikihn6Tkga02izZWnHcwc2JxchglUJYjhFBC0xH1IIY6Zl37NZZbtaM+nAO3eXF5Wo+pwg48RhIBm+YMO33exeXTBly8F9vRUfNMS67h/nSxXSXN1eM6MzX2/v7FbOGDBN6os3+yF6i/pCNKYym7Xj7yqcvrt1sy0I5jjPsM1G75Z0ZU3r60wNT1owqbhhW3LiFxUI7HvqD9mbruUMMLxGDMe1IIm0bmjJZiwWJIxgdY/kd7sIjxnkK1XI7efzXP/vD5zcX//l/+ANnbIF7PPjSHcoujXzaRl0BUNyW3SoPj/tHt4nwfjbmJWlCORvFhxiMiLSUno0CFmaJJMXHK+Daj6erU15+TBy/XzMnz0l+FjN7LBIC2iLh1avl2trAHLLBnu8OYbSMJbkEnxwRaPvgSCCTKigWB3EUXUfRqVyjaPF5uAxSllhxJtyCxwn939G4xLOO11LndBrwtR+Ohy2IpK08DrviOfgDO53nu4efvb7f23KmTpRzxVH1J9wGfKQF3uFCXEtXJu4lNOSav8FgQBH0ewN2Lu/2jKturi5YRdJn7SQbsvHp6+ur+XzRO2nNV7wwZse7uEcjtqosfRSkMh15BhhCab1Y8aI9Ttdk8SJBJ6rwGIAB250et6xndbORR3hS+lQQTh86p/h5X8zbtx8uLi7ev/vw5Q9//IMffvXLf/jFq+99xu6eN9++Xi0XFxdjxDfC8unLByHUshDVKBUlVYWYN02QNgU0+iZX7cXFenhJqlg6T0u4jJs07uxFEhIATBbGS+8BJg2KwHw0b/0LgraNleVR1harEqvxR1hFVi6+KQAS/G8PoxI2vmSAFh4SRFlJKIZZ+fFWICSpLIs42OGHvvz6HV1Fj6WehCL24VKUoiZzbnEjCSuxfEKxerffBQAAIABJREFUuY/BzIpniZjZmTAgWUH82IpFAeiHTqj5JWmbLzFx26a5K8lUK5Z4CslE5qNMkOY/nhkJTE17qKjmeUfdh4DOrCFVTN2l6ZWMQ86v2F4h+LNVDXHtikCRjWudS4jqIiWg6KogfiQJP9AlaeSQnkRZTUHosFISE/wNJ1PJVgapxWsVUiBMYkiqmnxEUsD8cquC0QdcQTV1oEKSL6W3B5I+bqpfSYB7itqu4UlWicuaRFnKB7vZ79NZiCSFAMf26AuYI4imC/3xA2z0kqF4yQUA7PiB6mBX5cpHXIkpH/KguGLxS4spCWSx/TGwCi0hNLbSIFlEIyESRYnkmC7DxqjhRFpjLw1SsgEke27MEpxPvsriWoX6LjuNEmH8DkHZ8b9urFaRSoWNBKvMwIloCgOepnHQIlwlYyb8TeWGj/RKHjEhT38RHkolXHQAqcT2lvzwFFzkCJQvCIWHnhAL27hBpnQuQECKgekNgoKQGhtIiOvYWg+qT8hbx8q95JKq49ANsEcHQYgOWRVEOTreZi/FSYe8Rva0Oz7vjlr98Xl/1DljJMANiy4+hDLRD27NoW/+PRzpRvBJQyJX9hsY8s7W2AzOThXprmwvxXWqNthBOttoPVdp0NTKeBAP8kFUFSknljmpCmn+CAMKaFDiKi5KB65yqS42qKkOmAVs2KkuNBOwsa5NsyeRnhokjAARAJzby5fggmBu6EMtDaUcLAzuCIoyR+MWBFaJZdzQUMD92YSt3KuWqNW0pQSQwJKRc2ptWh08jbS0e9pK/RgAUFKzI6mikIH2FqnhDiZmewFDW5eTAUOBTGBO57P76Zr34tlyHHYcF0J8vlisiOcuLsfsV+VYotGoPxl1l9PZ/f2STppIn4GfPmOPHF69eXj75j0h7tXFhL2rzDDCkS2onIfX7454Fdunn1zRgrAGj4JmmwnjS9Bm6IjHAF/O9nhcbw4sp8MUmAwRhh3LyXfrsRiBzTSPj6NeZ712MyzvJyZiSMuQstR1MTVIfjm4yxGDh8N/9z/97Hsvrv78M0YR+7yNmzjDZZUUgPufsaJtkoWaNpcVgNwQuDDlbp3CoA70Ykd37GA8l8YzJI6JKWQGzAkunO32SGtOWWcdBbEqVsJXJMqjkaEN8E4Qg8p6CypI97TDK0sdn6FZ0K3QxZ8HXylNQOmwu+N0zB1b9yhUvInisvSQs2qAXpEGEhBOIkq9RWNLlqJVQtt6NHAxAV5JbEhWPINYf8s5i794y4nUaKpc5Rgg6yA6j+0KH1THmR3UoyanvgBCdYuADOies0pgtd1e98Zt9gJtt4vV6QWLi1lGuW+xoBDWvNGw22FVSf/D3ZzlBFSQdtfNbDjgYbue30+vbq7GE96/t2GjzyUzDIPu3WzO2ComYXSbyNdy5A1ArpE9cjrmsNfh2YORdvZ873me3D18eHv7+ptvL55dQpZTEtkDM5vPWarCUon9gWHJQ8831Njio2wKptREq1gRZfECTeAHA5cRYpTUHWs2dtF4/qbLSLsZan5RRJiJ7BSJYGVRKyl845oSl5GtDtmYwApZhgYEgiJjIG68VSyLMEKLINn6eAMifykxQcEmz9KyC9GdQiAAPgrmXgGkYAsICb/E0msElyniRY+kyL4sozj8VR0EIQKkRwpveTa0MCDUAy/t8kNICid56mk6OW/C3QQJiq94Txr7SCbRmAEU0c1GKJTElQMbvgUjceUSQdohZy0gzaafSXKV8QEe25cRQhJoKnnK1/xYhxKFSkzShKIxsZmqBX2LEUQFkADyaA/l4x+zUpqRgqAdE5AvUBmXSOGEvaUCchmmEVpCkTiEBNCeKQWdSN9RdmiHW4hKxNZAoySLBLyxCj1Wso9TYYFyDYLwsZNkZZte0F6MS8dPZBz5VND6UzfFnetoyp2qKb1aZxeznHT55vPkXNGZDNlCTLtBRKtaa4w5JQqq+IBEEgxglRHOS+0hgKp6aVpDEXkhJOdQEQON3DMTEG1ERiooRVJowkpMFL4jVy780lTgkJevklp4hays4Iau6tKih2yRyrWKqA26uagSQkioaFxKVUPoPjYfT9qQKYAVOTDcUZQpX9FEKPToCrB3lSNqfUjBrvCO8H4/WaagRRHaChGMWMTL0Cg7WifMLAh/xVL+kLUJa+BVs8okTQOgiEmakaxGp//iz97a0JBVVHSRtHRUcB73WW7YPx2MzzpD3o5FV0F3wQgiWzTpx7BLqW51YhCIfyyCY2ixw2tN1odN59jiyAtmB52PxJoOzNk5OVzC9DOORd/H8KWtui6lSAivCjFKrogeK0j0Dj4a3iEpY0f2qTLa4tpFYjEDL2CshHwTm53Tn/NeDE4KIRyMsdOO2GeCTxlabDbKmhBi6GKa9sE9M94Da+1Kl41EFjrFRndtbWTEyUcRzMBx4XSc9JweGM66OwYRPUEckaRVLCyfKlPTcmOhxHzJgT9i84knwkilafkichqI1FqQlBIR2EeEUHThHU6rubu7Z2aT93CwcG7Q79EFE/Twgl9emMvMKENBli3R3mQ0HvQX0+nd7ZRhoOG4v17skRlJeEnGbrvmNWsYmVVldZjKs5sLBgUvxhdEh8+vhwzGLeeb+WJJdMhYFKHedOpyNKYr3eu68Ixy9Ma9OP9lPHAXEyEIFuScPIYwe5wmzfOHljydLY0kH5mLZj6SXtWnBOsbH+1iPRL4w3Lz3/x/fvJ//S/+1atWi2lx36SC0dg4k1M8MTuj3ZZXDEqJQYKBNuISixMKGA69fV2c0bYtS9oy7mjrz9Ov6AtEjX02Zp0fWUbJwF6XEXEGXT2SnQFiLLxlRa2hJiN+JyyjYEKaEAcRCXkJB+tk6xPiZd9xogIUMFLoWxSWjsQXUlq+SEXQw2g1Kiid3R4mh4zbetLV6Z4kMdqWZwGyAOJSL8iRQMc/3i6/vefFeqnZWESPxS9zGxPGw/TvfOClO/HY4nlIDHuScMax5+sxb9rpdHjd4mgyZDXBw+5ktWJ1AIfUMMDIOTW8enrLPPN5++Tmsn/PIfRr3r+MBQj6zy/G7m1i7epgxFnZrF1o9dnDvFoxxnw/W/GgwqlAnBZP7E1lQhJe2cxb+ZabHSXGxnb2UFNUbIiZXF69/fqb7/3ZV+z+watZ/TC7veNQyRdU3VaLZZ+0DhYdY7HVEDBOy/MDhtScWIofK5m29R+tim09HxwvjmRqNSuVjpPE06z+fqDBxxtsaPxjbhrSZDwxwW9pM4TC0MXe9lSnIpF+0FEhewu4WiaC5FcpAt8kgyB4eNKz2L1KwStdBwtT4FFFevyZaYfpRWSIy3hDCQiSkgcZn1cGyCkgXhN6XFZbFz4kpQGUVMMxCihVYyWRFQq2aFOpasilFMMj2ZA1Na1Y8hiYwR6RGS5ixhiN6yeUrEyxRIyM3gAZvDJMZCO7oaFo0gLXX0u5kZ0uLJIkUwNF6kZ/yGpYbWjbCqJ1qGydGzhAOVWTmgxEONiogxlEXUJMAjZblJgWXk+rDERQKFEVzBpoWtKTqjtIMDLbOihOSRktIAaOpldHhGsQkoyHJrPRLuaMcEhge26m5kAt6FeJ2TVJT+qSLFyULgaIVqpzbxiJvxSs3H2MLJWQsT6IY3PEp9Gp1AtWeqTKodiUBVJ8W0sa/igMAn+xe8yDa5kvUbQji36SFjE2JlEMi03Z/RQyqVYG0sND1DgksIgitnrKOI3eR3GVR3Zlcojxh0r14Tc5WuBjUgxlArxtdGWKnNVYeCXDSBfkKBgxKcGSOunIozQ270oGvYgoP/8/JRasCR9FqPwmQdTA5wdXFbJAY+HCNEWTak511K3RlA/y8glPFDHBfvaptIy9hEgTJEbcpQCBISthO8FA/DcDHa6jwtA4HCZhro6RQnZ/Dti87Km/XU664U2+vPyBntnxMYtD+uyQpxV/YMiR01FY+HY8bz+06UY8AJuNtIzM0K8Sg2omx1EMCOxUFEbHpgTweBeTcYlH8s+2RmfSYCoeXC5gyBglNOjoAsMW1jM2pkKTorRIgdTv4y60MeCDo5lpcc4FUGyIVpOL2ZowUAyB8QaHVaWAFVBTIggCXZdDEEzHxK7yxna0UYQj7lx12zDRC4OIfgwKDBA0EQwtHZH5lnvCWK1hy4D5SAYIq6gg7CwqfRWdyCux1KysgZoc8MxhIvBm44hbT5hjpa6NLwaci8iWCcIK0LfLNe9GYyK63enyohT65rdvX/OyjvV2CcB06lTqgLOm6eE585k37G32d/dLWCPiZFRrzrqjfvvF8zHh43zK+dkPjCrhgCw6JA7QFR+3jBgSG26Y4kbd89Z2syPCYKsywhNMsLFXB2QoiKlMJsTPzgnXOeHG18kRdVHImlkP9IBAzschKLPA7Xso5J/98f1/8//9u//L/+mfYwfmKAnZIE7kIesYDavKVyKO+VEIQEJPg1s08TfKmiEnEjFc41J6LawBYGYaX/OtJTwSZQMN4TfDhJQz0lCfGDE/Z9eWe02sUgw1QpnokeNt2AvDRmDKx0cSgmWmaRwecwzRxDRGrO6zlYLXad7FlxWJFB2RrCpkCpioM8XrYAl24VnK2XL8maA4iyOBxDAckvhuvvnD+6U+pOtEybSVENSbsCOtPj8YL/FrrjUEqSQgw45TuT2/Shtyiyttdww8j9asySQ85G0um4fRsH/hu5WnbFc62+mlA15FeOpWFYYeF3fLNW7OmVe4CusrOmccljngLM0eqw72VxdDxJ8ttzgvU/me/k1V7Z/y9uUVx95wTvhmj2Gi+MOLV8/ffP3N3Zvvri5G8+kdkTCljElY7EnDT4HSXLgIxnlqi9j/qqpGmA/LWl8sET6aEKOYa4eZ1PRw4qVxCFvNVCayduE/Asb8kBZV2aQHlD9QlSjXmjg5poAHkmXsABdocEHaSBDEBkR5Qq+IVAxaFTzUwQzbyCBD72TEb6EYd0rDJNnzo+H1ZWsKjMlBUVorXA9ytiDS0NcjdhGzefED8XiPd0CpB2RKn8Y2GYQiN1kKJA+VFNrWmbbPwTx1FkbKpDiuoLFxN4eu4QIv/YBsJc9HpyvlkD0Mnujr0hqzES/zXaqrgSQBq1jW9lGBIU4WNte3A6WoShjRlUm+0cmkNBoqArTa5AIKWhNgc7Bc9JSEV1UQqmdmAKIs2bKJ/LFnQhEFKgEiDSDFU71IEUFK/OdX0SUTqnG29E5WyxgoRiJbSP4XPHhAJTECqMmTN6eCWDZkA0SZiWbjw/9Kjjqg41BWgxIJydTeY26Q6X/3ibzaEFJ/+jTXT5ZUq6e/BA9A6nwUpe4h0YZwoLjW6ogoxRjHX4GLi8Jyq6XL+WWQtPykE/VJStMVkbAXOpwAr3+WpRSiPTQbOoJFoUYqsU3gNiUla9p0vKJs9I8EVRnLEvYfkcERUWty0VCxEkLSu4/CByzAJClbyh7hBJK/togsiF35yQIyd2gcR40VgOM+iOaDr7HlVsQhq/hPKisLH/CdP5Wd4gKvELJVAO+4NHpIgu1Zg0gmY0R0ms7x2V2fdk/avdPO6Kw7aHX7zC5x9qEjZUSNeLDhUM37Gu/Rjcmch/0DLzk7e+y2jwYKnGTsmS+7JZstaTFovNRPjjQmzhLyDJnROo2izRHKHisioX55fmSt516HXcDX8JIhRs1gnqbSufijXKlgvPfsgWjNCXNoIK5jSk5WAGeoYMxiuFaIDPlpp6aiRb60+3wZHIqZMlRDAOnFHbasOqYpOF9OPQmPc8WXESIs/aOxRCuk01WstoTAlnbdpjWElCAp2vIEcpEVa4mSJsHSR4fsXpU5R9axlZlhq8Vyxs5lD5Fbza8nl0eOIAbylBNwdozHUDZ9lpmNednJw/R+yqYUQkMiAAYCe6w+YyyY3SFu0XhYrrZv3t+jLUmTyxHv1uh2B4zxPL8euz9j/8j2BQTFclviyLuF+p1xqjPmfFz7WpbH/pB56h2jiUMGnluni43BvocvPhx4S28VGRQIRDYJELEpToQp3N3s0Y0UlgZ31Mk1Bm6q4PZ//sU3z8aj//I//TEUWPjIXhk9lZFKzwIHgKg9hYkzWMQkENxpflKRjQsMabkJhXekHqWwEVpD0y5CEprGavaTiWwtAWdcPY7aWW+8htIg2uHWnShEcHiqCwwoUcdAiQ9xFh+w8GGZO9EcQWwqEIPVew4F2vIghCJBhk0vSKlXI4GS0gUyFEp8TDXO0KKxPuOO3t4uNr99faenZFBRT8WV0j9CgWQJkMYlykDY2mZ1JwvCHZaAItbpKW9A7nWGkFd2oprjuQEqC0IOBx4CN9tHXtz9/GbChqTX795hE4qF85IwAos9Mc/V5ZjtTSzaRABWObBt5fr64s2Hu8NxAPPb6YJZZF7EghQz9r/skPVkvoCjrxHHk/gMhr3haMTBnaPJ5epq8/vf/BY4jgjinElezdLhTc7tsz2PfS7KJMQn7HYrGwTxnzRqyq2u+ItjJlxY/1N5tLZ1DFEoQuEwL4axumNJ7gAQWUsQ5GvEapVsfiyWfGJbE6RewP7EoBrVf5VR+SlQCCa9pCMJhigd0WEXySACA0tKWaSuZP7KPXTDNDQiD3zFlBsElUF1vOcumTEKIBUC4oBKk+KHWTwjTEUAtH7K5xou4sYSUVhTonqZST3Fzjfe4pVfEZlf9MPeuTArcBJDO2xRRYYCXjW5wERgkKKUv1BMariYzR9J5ERLOUQQ7/lPJclTe0EiCheSEIH/ZU4UN3JEIu7T6JrFP0AaeAtF0T5+dCj8Vd8AKciq+GRFg26zZCAtxaH0LMYmOfQCHyiEsqgDrqXCO4ioXIxD4YmXgJCAGilqrLQRsmiYX+MIKgVP/Zos2hXQNIH64lclI/jVaZWwKSiSwHzioBdqW7CoSGENkWLGrwne+Ksd4cKlLptkBzeskiRKu+hHXoEaKUThXzBDDgo6cjg2RoAwRNQhrLmGqUIWXdH4NNaJtGADr/H8IESy1QwpLe1yqkKSi2UtgebTuDLpKQjLoqqPkimIKcjIBU4UVBIqHWF1rEgZsABHp5ItjVASiwqY0GgIhqZS5J47e70oHKnlEiwEQyJuy1gglK5CKYf/JROrKWAsDAI1n+vIR7a2UNhkcG0f4H1U4Ee4fCljmr+0Sg1V8FMhIAQGPVe6AaeaCQT543VlHXrvjocbEwIxg+wiO9pvbgQlMCLDZYnMsfLd67JmaTgZjjmAmUGIy8mIY3gnzGb1nX6k9tGrWn6OmzG0zFgLF7bmik33mclGuwEUjCHxAjhpB41hM6B5LMEUIinqyNOsD4sA6jGk0cXac8gPw5Uz0XDqUzBHTXUtGtIWA4bhW7wtNCNEhwi5Vt/8cEGvj0OS5NYUtnRzlLMjiBrJFEMsOflPFoqs1lbiFIZs5WYTnTFIlUsTCTMkARGfqFhCiZW3yjw2wF7E2owGMeu325I3Xy7gRyDIwAsjdr5tLgENW5J9S7V7A47L2WLmSjIWsO3YQJqS6g4ZX+RIotMj4SavwIAVL0H59JPnLD28ur56+fzye69uMOx2zS4VX6lMgECseHu3wFLDYe9hz8nJHIJ9woYWBvaI5xB1yDam8xbhKxWPRWVo2jmnx/fQQXyFSeUpmyPcIGyhYymu3PTiY4aBl8dqIhDeoHX0EjL/h3/36//XT77mxEHW3xFUEqUR58ddiBWJ5HQsbagZ9QErG0ZMyGgytHmCwfxpQPOMoAdmG7j21gHkd6RILc9zrKjkpBPYkUMgjrciTjocvxGW7zZlQLbSsoqX2Bgb6a4k4xOuOvCwQYgoClFkXDelrX7Gf5gCmXUHW3WdQL/IwlaACUdxHV/Et9/fr7Z/eDcFxQE2PUnBggCgjgQJ2bgskugQ42VIgL1LBPJOlz/4ImyF0Y95M4oHWrOso32u/beYyL1InGuIG1MA7z5Mgbu+HOmSj6cMHDIS6ouqH48XozNWslLh0ZHDrab3C3jeXE+gyPEGhIY8gdwv9pQz+1c+fc6R6kT/vLeaQ3DYXqW6nHjAxvnFjJMVt1/++Mf98QjGWIt2hJWIsEM1rrnw49lbjDtbeBYwiqWVs5wxgt0aRlLf/DcxFYYEmJlme66u1KoC9IfkEJMMriEvIJoPXOUCOy/iNgCTybdFV1KkagsQUuYqeqiYmkvLvMoJSUJNcF0ucD6QhBG5XCm5VPin5tzaJMGZahKCfIWsssRZYitbPstVUSJFsIUs2shLeszClamlTLH0W75+8TScFudJIytHyYPKuQYu1gHcD0ykDXXzFQMCWoEsnU1gVbDRSxK8taeJ9ccNJMJek/nRKAQuIgSp2clqsy0wP3xgU3RBsDEhS1RpyY1rkSVDEnRlV0YLg5QBRDScgKUGsIJpulzyE0rRR0DUk2hxC6jU8kky6HAD3O9w9JobyEi3xOAm9TAiIy7pmh1pAEKFaqpKZjNVwFTppJRxK0dTCdQS1hV1/UpoagwV3f5FzvUBWT6xiiBqF5HQMImsQZS6d+CYJnr+acSUmWiYOgh1TQZtdFk4rOUW9bUg13mkUXDAGpMKLRchoKWPBElRcQ5SUItmzuVKelRU4Zkb9ZTn6YN+fDRLOPpdgkGBTuRPTSMZlRdcvgpMOlEmt0iCvTQZtxL2J4qhfTSWj9NORBYNiUhTN9oNEqRQjkJaZjGypRRT+00HT1blKxV5KOqIHUDe8u8f53JDMhbwE4CITGr80IIBQPL8AObYWiMH1KDKp6FNj2kZGoTQboklApyLB52OmHAhKMXOCT8iEV0QkziI2ZgLznRxHWaKmSDi7QutNs/zPQ568ygXOkBmgh0agZb11EKEIpOLbA5wCISBGDi1uGFFYobSBBN2wZlz7Fmhc6drRMADeyphRsHLnCJVJWylWigcNMpGszAFLQWKhyEepkNFiG3VODWBMXT9JbTIBck//nOuiZOW1D3jD2jB1EhUkyJ9wkQE1EmdgMYfJa0IxJBEHgZb1fbq0CAB4/oNaTtUZUhIR0mfa2xoeAgDRxAxn0QtCOTS4Wp4Qet4Ayurmx1+zGkkqqCBx6gQUXNxMYuEGKWKqZi6ZWUY+0vYpbJlzRxvyGXfcpdDATcbTqdDv9sPHI7d7vX74yGy8abgBX2zAdpZe3a/JCZgPSIDP/TAHzabu1s2BqzYH0Cf/9WXn655W/GBpYfjTz+5Xi3YGE1UsHd3wtkpb2R58/6WsiJY4KA7whHOduaAZEIqTEYYMxrwhh12z3hqNBOOWIFFbL0RsbWnyRBNM4K5WLOTXTMSUmGJAyv/sBBBmDZy8SfALjOtWg7okTe/7f7bf/13F8POf/zjz3EYFlmyVfaU4U8UAIkmJKaO5WiviImIVt0ZjVTazooLJEaHmpvVuWbDrYFWhv60rbXMgkhdoIw4gYXzvdlm4Tg2W3+NX4kRPcmHeIW5WjdeMJpYrS5lRSyHozhmhWZojFhG5jpZYsEUtJ6FJzpwTh3AWxHML5yO/3E/hCFHjyFuy7Q1cPPN7vdvpqAwCsegrR5NRTY4qmaX9kK3rZZGF6q2KGrrgViT88GRiNJh20jnwBv22HrCMl5GiHecfv3AmdaKsnET0oLInsN/vnv94dn1YDJo3882cGSLCUHvYr4Cbjhw6ep8tec9PJyw/jBbswYR7d98mLJr6vnN+H6xmy3W94ttv9O6GA0mp2drdtRrQ0ZhOcDeboGCvn3/5uVnX7BugXPcOaZoOV++fPmMp63lYo334j8sT2mf9fUjVkN6ljmIVDvbNutQGjhLVQ2tI/6UkSnQAkkCELbDpCVdZyAdDCha7B8tJQ4Kmm4+EJg5iALz3xBXD5LsU/ssQugGlbuw8ca2uGnSLGqZFn0hoGHhNMl6RoloYfoXGKFsKfwEVRJ8IgAKqUnoJLU0AqRo2V/FTKEotGzjdSKhYbBkZTssF3nwh5J8xcdoxmziSTIzKADa2yh7szFYOVCGB1cSQfVLbnyooU72ih4MrBevlU8lWYXJTSGFUXIiuUTVwqFZYOQak3ojubB90sLeOa6giklUPS4QGl28VCYTwUV9dQwdQMjkOohlb3IpbHEEFxNc4FI8sjeMM1OFzIIYCNCUTaM8+YRGlEL4+kWKZSZbaH10Pe5oARzmIEOhFAhVgY3u5pOR7BAJFZWSNAzqVyGl7n06Oq+lDI4tDMnCC+C/BjJXrrJRKbLVqoREEZur4IigAALwo/94VSKRQ+GYJ6vQt5RlEeyqMxEuFlVQ/sXngOKf5ucHLNo1dPUjuomho9x1J0XvGn0oNnn7LwI8XXlHyZCnC0OH+0guOwn4U3/eRAzdFtWMTLB7xDehcBMcBEl2fp6kCF+lpqEpEqEjSMjCuvEIMAAwHi0d4liQb/zriWhDW+nkoQ3CUYdJGnca2GYtBLk1nXvUJjPQZW9dh37IpGgEd0GEo3liwIMWDrmT67dVTIUBk7aiRDxbMv45WMZgA6/X841hHEfMCyYS/uQUF6Im+nDCF3Cs0id52x5dDQ0MIxtWFp4AOKeYEMmQidObfSwlGGidLM622zVHi1hiiA44U0fURkWikbAakYwj1xm5qiVkHj7S3Cgv+cAB7RkXQaVaSYAe3yYmtdRmPNJZdyhWHDGFh2msNnbAcqY616idpalbQE+mQBnc1oiMca9NRnxNukpcIQlgvnCwzdiH08wiEAahNTpHeJSOy2jqFAqMYMolLWYVFjzTDtv6ObBpgaCghWJtIDCzgcBhPecve3DBtvKzK4Ljx1tnkzGbTzqcX8gIG0E0/JhKvrqavHr+jEGt9+8/MCx0N10wNrZhQeiRGeQrelyCfQLHe85HfGx1s7301YvL7XrJfgnmEL/43idzT8IhXFxnDLm12mw+3C4YSmMwmBEto1UmK1lPRizYbfO2FQJC9h84BcxLe7tdenQ0ZosDy/sIrZhgZX0h72pmHjOFjT0ZmKMQmUC03qEwXkkYxSZwLIKCXFN2CWv1AAAgAElEQVQOHCBNNhHu/+1//Akxyl999YpsYlniUQuInfb6CNYyuPMEPp0L26ckdQqMh6XdAGUWhY5R3RSCdcUDTRjdDIs7Yim8s7gAkGCgRyrPDyyIQCSjNvyWY3J4UQhpPBhBeU8FI5rELUzB8+MkCYKZQ98xUiht6MFWvzu6ihE8Cp84kPW7yEsO/+AgEOOE/MHj4WG22X/7Ye4UtrvJHIFn70YQInbU0AaJLDUuf1FBp7VKqQm7uXuDnqdRcXwRb4tpnWwpDiK8wY7KSfiLLqN+Z7base7wsXuYDIe8cO/N+xmrVy+G3Q/TFZPKHFTU6Z3x6kaKgIeCQafF4DILFjls26NwzlosQrm7W19ctCa8qef0/Pb+ZL4+rjYzphyAH/F2nBbLCVyYyIlIrFb5zS9+xRzDdrVg8QCHt1NtUJvQnZpkbJwCsvrj7z6KRh3rk6Vm4aEpyRojNUb7EaKTnBZGn9IPtIHFgmFoDMgXwTztRBL2BsbKJgNzAhyyaXSLunk2xgAngXtp+zHJn1zmApLCS4lMumbzLV0gFSA8kYbkYDVIAgVNJc0IvgwSQuXeNlsHkEhB+B2ngSf+aokjaBxOYEnabqUvUQ7levoBFiQ5lAlxZCTELIFAbFs7b8T3R0a51qRNQqkf86Wt0qg2c4GOHU2Qr5xsYyXhLQXjJYpIGDqCwD9diSKRGW9H3RRqWavkkob9SmQCj7ZceqbyF2ZKKL0kNYVAhn/R15wSJEKQbH9hlCI+xPjmxtobhHJBUmUBUbEct8mlRNUiqA15fQ4gkKUVeJsgyyiGSX8EgElCxCfs8aQoQZCwdOwUGlDjt3GA8DMhTkVyCMNRLAb2g9GUr3qaHUEkCQdgjJz0thSyQkdUmSf4RwZFk1BkKtLRMfKS54fMj3jKEkJxOlWOeUziBrAihhnMU2kAvaCqg8oH/wUwKcijLwulbGLQ/kqFcuc2BspXIjNVB7E41FUR0mJNKTQCRBDrf6q0DNQK81Ds2uSJinybawk2dyWRknH1lG+it8Vei6AWCX4rq4C6cbRtwCBNrqxDR3Q+ZSW+Sa7rRnqpBQKaiVf9JkmDJV3wJxRpxnjWRR07xS+8fUucTN7aXrFQmW+xNSPWsiDIo3gceImQ9LJQMsbxjSnEd0R5hngs1SImE48KKQgsgTUUYjcLGxO758QJLDRiMorJ5i5HqHDd7/ZGg+HlZOJE87Az7J9zDl+XsQarsQMKvs4s06/pF405lMmgtrGD5rGeRsryC70BSYjNdBGVE8Tmyv/RSN3IMNlT7xI+M0YpHWmQa0ANDVIItcCSCWpClUFQg1v6esNd4mGbDFk4pGdrCRZxibieG1njhcoDMEN0bmN28MpwEVznQJU36kRYLo0xUi7ImDVtRLaqbYxhkRjwAmBRNI8xFD47l51qoZgIvj23mjcKG5cfmClmCpKgDQrIfDedtXtdTj1kmGfNEsXpnBNt6KHRnXhOPXkHcbez367u7+e3t0QebNHgPO3eirOjD48vXtz86Eff57XO88V6Ol0wt8egz3oN8JLQgiNxKG/ExUFmc16FckrQgEzsdCa8wMJEdhzNDS+mNdnUTdRISW43juctNofFhnFEIl4CQTTh0BZndTENWuBfRAbsb8exQMSBsDW24tmEEub/dLX6r//Hv/nVN++xHmN4lJbrAXkoSbtikaYCQAsfolQsK8uPpYpUHh6DtTAR5FN7I4Beg4CSoOQdB03twN2Rijufi6xICsIGFkqOEsGWjZsQCFK2zF/DjrpCpMt8vlXABRlcc6f61EUHBXUywF1A6PCgShOwEdEhh80KebgD0nKBB7jC9PHIzPLrDzNk8DlBnxYzzoRUXCAl4NZan2ZKaH8R2AkNrA1ncuV5wutPWATi8wz7RRhFni43H2ZrPJQxWt6LjYP1PdG6s9l51uaY1+Q8nr6/W6DYFTudH1nMsMLNWCLIe5mJ33ynczZnMQRIQ3DeO2cF4WgyZg8TL1kmHHx51aX8sTKDtbxk5f10yZCzy1ROTliWykX//PRXf/838/kdxmD9A97lwllidNtMfnmfZAqJiQCKhGcxaitButUDtez+bLkpRNsu/mwAyizkWP8t0IBoecE1YVLN8TkzRhSYh+gUj+kalY9FlthS29nPwML0omm+H75jetGCarNU4oSTxep/UoGDSEEpbW6KIok2zrZbcIuQIacFJOfHb/JQPVm2+qaFuLLlUoBQgVV1vXp/Af6pWUUR+JiOTGICm/rGRVmolEMoyJnEx2ZQhtxRLEUSNaAaoRsypMNXOKmKZXgrZpAjf3JKZAGjgSQVSWPrv7EsWTg+GmgVKfhJgQOYy1SHSg+MdhQOmaGAhv5G4BI5xrH50ZQxjNz9F7gnBRvu4aoCCqSJMZsFpUFsFjCNrqMRwtTUoELOrI+EuVI8oXIBWMofEaAR21oUVHPIQYQPcEUTSulv1RLLK2qo+K25VDUCmZ9EwcCOVBQGAioMSj8lRYYSBFtEaJo/QCK9jPigM/fRWgYKlXKRy5PwgQBWSfMFnLD+JYmrPBw0dOLMcvITvo0oUUQ87vO/XCiASVIHifJLtNBYRuopB4j56BbJpAJvWJHktQTjRtGJrDiBEqiimI6SRqrInFTEMBSVjBUgmiOTTHCAWMKS41Ichc53AUpbcSOROfkEpjj6LXKyJIAsCEBSmOc+FJIllECyCgZfQlei1/5LTr5lXcwqTYkDQu1oKkClNNxqXAEo8SJNIx3XoUu6jUe8HK9iXIa+j9CQBWXNkKGPGgAgPX/ugswomVESr+s943RiOnGqsf0bXTH9M50fCrJX2VAyESvZpGzoa9cOEAAOcKqqQTBYRlNcaXYI6xXGYoWG3NXNkYsEQtNbCK8O3Eob+/JLliM9GkgSPEg53OgADPBMKwqagqthCOGg/eRflgHZNoFWRuqsltVKdiB8BAdGwoQ9MQOdF/1zYkXFUW5BmAN05gaxIonvGgue4qFVvCvUVANlPEzUyMdT9NSfVLSkwBCbKKcJnokfTzjSBnbMIW8eVpiZrclYeTy+ODtns/DxZjLhTGx2HRMfFsPp7T0jiOMRx88MiTFYP/bhAwOEK3rZ8Yg+fcgCP0K9m5vJl19+nhesrBhAJLIg2Oc9IkSKTFKPRz1OdSFKQFUiDBYmdvqsHDsjxu+PiEB9X5wTy+et+dLVkMR+bKBer5hTZpTuhGlHtmQwAMnpmDkHxhKMObWO0bSRHCWrrr1Ew2RgJthRaqwhuF2u/of/5Wc8i/z5F69YTcn5zMQrsMEUxFLUW2ed04BWyUFNHjijtdomEzdIweSWQB2vbfFuZeNXShvxGG1vPXYAZDCr2+K4R6fLGc6gHWcTMY9OSKR8AlgRPHbnkbrQZmSOoT2ZoZPDioaHoOBtlB98I4qXLoiEWb12xVFjPVLXdPIZP3BEIseRuxf4w2wJEyqRvoEi+E0qBsWqe/iTr1Q/IVNPAJMmYvhgoG0JFzcPh8shMRyicirheszplp2z++Wufb6iAs9WyM8ZVYyNMkJ85Aj04YjniBbjiR9mm1c3V1B4d0eUzolFhL5dQkDPvm6f9zi+ytMZ8WnP1d9O11Lw3cq7ZxdD1hR+890dDQpPP1TB5Qbax27nXBu2DldXzymP+/vph7t7zs2+uXlOTVrMFs+eX0Gad0Viax46NKj1yopIPU3NzPgqaTgW3zQgVT8EyF9acExAdaXodQStSzXHwKxYiRUlW70xRjJL3DQj2jRcQbRJsXGUPYk2R5YSl3pd0i1ii0WTU0w2XlAEL97oL61ngESzzCxsYcJQgXUTsWQCUZNsaUxJTkirLJyVyf/iAG6CX8CXqWw7pKAqNi1I4XfJ8LHKFQbJIsPNUEVeygFaJIsxLNmSQQCz5CaiAoDqo4udrEQkJq+GjlD8B7/UKWT1Mtnvp3wJ8g/1Kk0d6oM586Hco1daTjgXBVlRpFqNRy7pW1jFQUqkyNpuIRQTOUVOC69k5xfeaimMfMXUHlzx4yfcIrBFoOJmAic771LA3pNqNRWpgELRO//BIcJxLUlRtWld5zvkIncpTiIwT//RHgAayyRwVyTyDUkpQC28dVWhuEmrWEQCgpFclEWKF4rCyQ3cNSKL5icKxNTFtYFQLhn5wwd+dOWpUqakBMKZ3MCpnjUUL+Es3dg9NTemoMGVLf+UzE+48ivpJJiihZJFTeJC4b0FSbwnQNiYIYilJAxA0inwiGO+pcUHcAxpXvIFox/hWrtWaojQPLh8iHx9TXVEi/xYOe2BoihoYflTxQAxU1WSj9S4tSZLoDE419JEnUz2Aid+ZGpQq1FoaBXFP32bnIapMAqZ63J6GSGvgxTy0c95Mj6jE35qQ1yslDAtpiWbdoTAKxRsGCWospYhHRxhTQ7+cKIZu9j/6gMMiymSWtubgsN4zDmHDjN2wno8W0V20Lqh2ekw+lWaIq2p4xFIHPvhC9qS05Ld1GnAhMGY74MYa2TjRtpGMauCKRT2z+Q1ZGJAzWzpUFgAkuQ/EnBR5gDVHmsopFWcvAiNLAxLCsjgUEbo4OEKM4cAFQKlgZQsmIZ6SkGUSWyJsiQKQgjiAkR1xWw87XmsjUchuggRlRVN01Idy80sVrc4QEw1QMVAKiV3gCKdJZGXRat0ykVuvvfCQVIpOuBNhKFu6MFpyQQfTGNutlOiveli1Wm1iAh7JyzkYlHA2eXkApT5bMEoDacA0QFDmEk+pGA08eZyOJ/NZ1NOS2lNxgPOO2SgkSGvi+vRF198Rvc8u5ve3045iYaenl0p93fT5XLN9iPepHz/ZoaebJFmUwtrCybjPtohbJ/TT2ZLXGHQ60wXiserWXw/N4OCvFeD6eyNm5dRGiswO8zwoF0/A4MamXFCn8oMY1CPDQpMy/rKNg7Sc8kg+id6ZNztwAq6//dPfs5W1y9e+VoXYhzG2Rzvo0AgpnPSCmFrPNB3yhGhaXztj2NaaBo9Jcs1g5VMPrf77L4/Z2iOWMSh1h5DmweOc2Tci6KhCBgPZlKdFXg+hzgZyyGfxDsgsBHEGgJBjMlCXUSg7F2pCyt7H7SDWDY702m4QxsJsULTnupjuIIimhSHNpqkgs42u1smc6mBTDTrW2zshSVC4VG2SPgPTbttjA6JghUmaWNz9SWyHHdmEzlPFLyj+zhuc6L1ds+26CPjx9cX481m//Z28fnzC6r5bL64HPfPEzez3Xiz4oXaJ7xDnV0sbz/c31z0ri4GH6acaHTsnh6IHVmh6mQB7+brY4H2jJfytVtEjexZxo15UJktNswbvLgevp0y2HwCComsMHHSXlV5smCst4sMGBFPoYBXqxVm2j/sKCxdHE0ZpycwxsSaDoWyFNGW1dojIWsVX7m3bGMAU7WqzUTSGgByRYFO5dpzgllmJEuMGFOX0ZCWo6VjqXEddnKWkDKQKcdU3aQhk/YPINTkQ0p823lz5TBbWlKoX0mFNnTiNmRKV8Sg6Ne0XmGUtkUqCg9IKQSwbfATSUMfaKazK/7aQYJg8cGqNtReRh4EEDaiSdc21UKSnt2iNtZDEcgGS8GUGYkSlqZswoCaAHIFwOCLgewJXblTlPCHXrJUUpMDmlKUEDkxEKgw0obpgSAbIDMjd0RQvEZMKIe2P7Kuu7KRIpGJQxW6DARORQU/EgAqmjLSIYQZmpNghwIFV1JpG/lZzs0HrZBYueNVcABa80caeYChUgUfC4GtQCnQEhcusbhIZkQiBFImzQN001hETKEK1JKKhBIMzZRdfFw2QFJMxU+xRPQeLLobr/Q6+uknzrkg308EVxNQUNwCFAMqRUJviisqoSRkF/39FdKvEty2PjBKqUp8jE+5hhwwggOMMIqSj0neCBzcwHLnoKp5UMo/UwRSMq7w5oCHSIDiVPoudzF1CIIrGkmgqixfYPpPsRSM1snuG5nQTdNhbQH5476kkzPmDxm/1CcC0auVNUy1ENU7OFw3CmsJr83A7Sg9aHFZFrLyWYoKJO+Ql1+xDlGuFU7zFvUAS5VPXEnRRIKClE3nWhGsEspkSoC4r0NmuI26wBnyIFfmzOzraiQEyhnWo7owGmRfrelsmpQG1QsOyxlJOjHL/Cenn7hr8sBLKnyWzkmYDEayz4EuMh90eeBs4jNmVD1e2A9F4AhkJlKVnH9a0qJAibRp/JiDRvK3OSPX/BRFUanxJyJjlY3GQmJs4gXiwhSZRqx8AKpYolH2ngAt81iSS7AAxTq0F7zvDhDjTOIV6XNhGQksgOYRgWjFCAXVE7Bao4yFHUTCagyRKbaya81SDmWMANDrjDfTsCCMMSnXYxEUWnJGhxY+8QnIENvCmqiZQTx2mjO/zEwiA62b1YLI6urmuafcbDlvyOnR5ZL3Ymw7HQ4478ISa+3drMog3p6FX51H9pRsEfvZ9cVnn75azOfT2ZyA0PExgrKz0+V8e3e/QBdY8KY1gkJir9WM96pxWh5bWzmxb8d+F7YXEGIORuecYsOw8HhABOj4HKecMARNz/+BQ5htR4z5cEh8XuM7oKv9EIC3+HqfMn/1fPLt+ymtBDtZHQnj6Endn7V3vM2Nzbe9///f/UO3/c8+f3mVKJZY7eipmjR22Cg1jKlf6GtkAh8aEoeQCcwpehsfXvdoMcSziBgNznn7+OmBaJGCE+hkx/NNeDOnSUBGy+aEpn6nQ2INj0aqFwXzAhncGGuTx6wosRxRnWSsVh7i40w4kviooO8hDSFjHhug52C4Pocp+LKlf+RkmOl6w0it8+OuPKX0bTNwcSilGVU7W4v4ITRBgwgXMSY5jppSZLFBJtydZuJVy7sXV2OyORSdRwW2MnPk9e39ZrrcEfwRlM84O5Mwn8r+yGjfjkPOKWIe5Vbb3f7DlvWI15Puu7sVr3Qk6OwP2/O5++hpBQb98+3jKVuaqCg+X/HM1GFUcsMY6vW4z5LEd/d7nIZ2gNIwUG63UOyOge1ej9rUHw2ub65pKzgNcXb/9vT0e7gtTyQaDsVsdlRfe1HDrJVxFZSK2hrQCqIlUNnqLIgOENdKIrmxTwBiwAY+HkgC2aEHsv6pIxS/+KrlLR1/KKRwKr6g6kqkkkgJIqVSl2OTFBGCZzOrLpSSJCKmNyHmhcBQ4p9dqRfFEVlyQf6fNJYkHoaNoAikdIqSPqIIQAQISuR4Ry0p1bkJevIlbhZax4iRRBFNhWHaO1rArBuXqemyS+kUXVRPquRTiwVQsEhW8gkgOgVI0SmLUpAkLX5kKTxiaBw/Oj7ZBQB2uBPXWkR+ZGK21qTNBNPROwmHeOphgESFv1gpG7hHTatc8vji6Q81tLByCieDiITvwUeY8EyuXyWeHIWFdeJe2s6iSlr6DvUPqRCGcoMgmwjmrwa2BGxjYFqgJYVA/C+DxYrc2SbazJT2ErX4BORH7I9u2IiTjJIDNLp86xdwZmtvWTx95zJfQAAV9mYqWQonVhK+GruUgrl6LjglAmhiNpTL5KgXAe39IFyqxkNkI6jBYggoXgg9fTeEsF9SIvqfQKxzcTKlUrBG8FCNdYEtuSHUKEC6ssPGMoy9UxKS1afVL0IJEpJCqmIJH1xoVZ4XpJiVK8AURWLS5irEPt6bFd0Fy39uo3aEElXZ+BTDkMitLUnlhbrC569xkqhr3MIHeBzUekf1t/zog3FUOOgwQUPJ+oMkTS3fRnXVRHEpW0wuCoQcWyFgcSDNsIfvzKRCXS8CCEYuCSKeZBoSaBdgMWzk4jEWMp37tmZOC2H6kUEoNtIyoOJyKGY2h4Muq9rZJtnpcHYGS92hA0llS8W2AkdTMKoS2aGoAeY3B6+mWpir2fIfgSwMS9NVjRKiA85MINcax6oEDUGCEoOhcDjFA0iWjNomOg4HAGJSeKc909RaTBvL286OOCwLEbEXz0IyNRSk/2cujWEnggNu2LnpbCMHw2yZqmVUbscM7ZY//jPvypuAD7zLgsBaSHRIAMFAm5Bc8wdN5jAltScEYS7vdLlZohVZrD/EQAx4If+zm1evnj0jPEJZDM87LVj1RTFx6hCh2MNu3/Ho8iWqMhwIVd6wh0me3Vx++b3PVqv1bLHk0GOmTTm5hmnr+XR+fzejbIaD/pr9RZsNyi6WW3yLeV62thDr8eoWtMDrL6+Ypz7xXcwcH8hJN0xAA5CtJovNkRlMFtUxfm506BCfZRkHjQPbYeigzH5SluxpXfP2utjQMM7BwIB7EiHDV1ajv/7Zz9/dzfBld2wwUmj4DAFKOCNwvBAoLiWe/RlfbpeifChK/QGndoEt463dk1b3scU4OAc79VrtPtuuLGedzI8VwkWNTNcyom7wxz3/45K64xkTq47U6mEE4qw/xG34wwMpUwe1HYtCBAeu8Rpc03urLrT1R/54OMC3UYUxwumSV9usjNCjAsQAAQtLIFWqbnkg8Hoy6Dp3SHKpbSFoZ1kbqQEggGMq+GzOm6Udzme5YIs1wrxrB1kuJ717ho0X88l4xHAwr+FGdSM8TjXSFVlg6pk2zEC/nzoZ/eyizygg6wkxAq/O422BanQ4TPocHHnK4liWGzJ2iGV6/TaDnffL9cWoyypkLOwjj+JiHJm4Awnr97qcjHh58+zlZ1/SXrz97ttvfvub7XptTWT8s8VOHQyGRo41WNHRXpvYUmg2bWCqVvDa/4CFUS69MzdfpuBuaWdADmaIcmnN5gsKDXI9heZOk6fAzJeSfLiWgIJwa9HgBqSoow1VQ5EbABVRWP7Mbxqw6g288WncXK5QVNKC+XlqAMMmEgqH6QRJc+hXprxt3cOiSMksZDQHHiL5kp8bcHRkeONbyFNJUvKJNTKCkC6kGUENMZ1ZXCDKICVsCGuHJ6mToC1ijnxRn5AAO/3JzmVKcsNWEyCvtP1FMllYBdVCIVUAJtEjP9ISQaM1qoNgx0h2xLHbgo5yx9oyS+tfxFJMAoIBpbhWGa3RBSzoyyIqSZhbxUA2IDF+pGskFFgVSIVANCJFWKkXrtfIYlpDra5kgZSBVez064XlTL8KSjqtRZSCJDxUARH+ZB9vlDYNj5cRViguMrJRRHIfWyZ05gqsP32exERaGSmbv411TGzATedGCKTkTv4QN9JPFteklImBDMEg+ZX/YlpCH4lq4ydI+QSHH9v5fMqPYBIO8VOhlE8z+RGnsYoo5ibdH/40cImlXybro24QKHcRwQZInUxDrNDyrhJLXQiQgxiKgADSV5R8iqwihEoJ2eQV2dR/8KIHjp9UOXkhmUIM0/CIL4d+IwjuodoNg0rUbRULuAgd6eNJ5fYApzuCg54qkiXWgJOr5uHOhW5HLMeEpV2cWzW8oO9inSEBkIyicOwcB8MAGFg7k8WSxfMzVp8z38hpJyxncrESwYLjW9LgH0v4zwgggOB1uBydy4s52u5ZwRoMk9ipW7J8q0LktYMmxbgCv3AATZOR5B3wODsVJWatHR5kM2DooF0MosKAErWRLqxPjvFERY7ZYxPYcJd21gv+qxtqI7pKVhcOJ+jSuwFNOp0wmTRG8UcFJzbVfxkf4sUhrEvja8u4Cm8N45/hoKEhf0/BoSlEjYRuvCjPgJEwkcDITSe8x4NRLyNdI0hm3cAz2kPGo7vBYXU4gg83OPritG5nzPkjxwPbkyk1DplbrtcceXgxuWT3KZN3oLLxiE6XaG/le5RZKdgeD/vf//5nsJ5OGbRa88rm6Zz9KpA95fhtSuXFs5vhcMgwJGcf5tBsj1OmKBGNCWWEp2Q4dXvNvpb5is2ofTYmEHzhAp4OjeS72ylDThYgElKuLlHVoo6o+UnR2szigAZKZ9+8n7KWscpGj6WVwTPTcOcY+BPYQ+Vv/uHXbz7MIIKBaENd3UYwZkVwj7AVVX9lxJAVEA4Ikk6QRIHqbAiQPx2biPicd/56zhHYOq1OSY/i/LALLmCtW7E8wZ6HJx5XVUCcYUW3O+GDVMAje4Y4+TCei4McKXvi/fJiiiq0ydQ7wEA2SOqBEVLGHtd4mC2wNEPv6qHEAvLLn50f/x1z1Sb6ND/k66FMdvNjI2+DgEpksUxTC5jNkxzvw/RJgsHCIfH+oNNvn1EL7+7XjLEyWs3Okh1HoZ/xCiRezYxF4ckeedZUPO7xsSNv/zMKf3O3Yifa5bjHJvX5wucWQkl8GzclqGCNKztXMA+B4Nz1huZS4SB3xUFMDisyYsh6RIzDCC7+QBKRPbt8WsPxxedffnl1c42PkbVYTO8+vNVsj6duyHJlBusN+Hief7Va0RtFsakG0Zi50FZYzKRYiguyMIztJwRJBjWWzRWVWHcEBnuKbDes6WJp0kH3nyXQtEyaHyll/KePMCaIVrwtB+796Hak88M/uJMazPTX9gqyLXJoQqbNKoJLK5AWskIGhjaNi8hQQvMdRkLEHYUs/0E5aYWtXMWkNkU56cNOD1ceJLTe4KNlgDAEw1gUKTQ/wI3oQIJr96JgfKInUKGjktoybNTHj5opoRz9E4VbZRE2AGSWAZQY0mnqMU0uKwE0WoowMr8oiy3ltMdcpgS9DZkmxwWtwOkD/D1d8qvtSxwugqq9pVKw/jYChaMkksJXNFLm6KTeKV9NXr5ZDhpVo0WhqrS0NFJE5wciJEQL0hoJkQu3j74pm0LH7GUN+Mno6WOhW1CWmDZW/RSEtlAF5TWJT6wTpiykDuNSJrQUikYA+DhmJE827JS9Cl5yuBdJsjJfNqWYtzoUt1WXYMmdEPUhJ2RNF8ZMnI9pKnLoeyKTKJZsPKThoW/BEjE0Q/ga36hdCQE5KYZfBODLLBMC4b0f70nw6T0uwy1JCGFFKFju5Re4kJBJfEQzQMPEUjAuHaoyb4SJ8GKbIL8SI7+KUCkwtYi1OQlcF3yTCyPRnrILiZSnTwThCzGtvI2eZRkNYbdD75gWkNTKyC9uaknaOtpQmON/5XSWze5PdOehrPowtMdkeo/BEo/WzcVpoNgAACAASURBVAAZbX56VocV2BRAZ+SEPOB88z+O6B0N/Tndd/uMZf+MDnBeMjOHDC622x4KbKPAfpZzxp/YdsAZy5w2DARTh44oIJMzhC75g3I1PJSLJmXIzAk4RXOeNS0zCvBnwwEqcw4+OFtKrBx3iyjk7FywFMrjRtDAg7iWMjzFY+5SjT0hNJPrabGE0D6Q0om5k4QX4gAZM+K9aIoj68uGjLy54sDEvScKEeMRWUDe8bOEd3Qk9IL2dtwjS/5JOjwO2bGrgdkwcXRvMvZn5MTpUD/sw+WYFQ8a3B+Ywjsj5jS7dXq/nF1MGPV5ZOEcgTlbBRzAOSPyZmzvYDROfN47hzNLDum4GbvlNGPmGZGdUVz2CrDP40c/+IK3791PGehhe0Hn/bs71qsRUPGiC17P0ger3353y+sxugRgHHxD3IcJCcAuJmMCSqSejPpLYsn1julIDsqmWEnkBS5sc8HDWJq2dv8D2jHp2dqvic9ZhebWDAodf6LwKK/EiozS8bYYdkWseZAgEVM4OmWRpTzcvs2YkyXJCe5I8bNf/QZnefXiBQ7CaDWlDjiG45HEUtOPLEUdij+CVHr5FBiDiXoHhawzOA5M6RLWHh94R1yaOyA1OwDxJlpoCtyRJ10LqSCNuKxd4Iw+KgUaQCYdsZUROXFILFa64TQkElDozTqunglxiVl9KF4c6HHGcoAdC/K4z3MPbkB0hSfZ9fDqHHc2Yx/jkmaExGbZe+fSfaE30PErm3Tegm7wx9GJx2O/d7biWPXH9t1s9cmLR6aOH/uPDONzGuL9bMl2FIb95vM1swI+pWWdn258wK9cpsQwIUMhBMW8c/v17eLFRe9i3J0tGfc+8JJnHk5YiuA72nnl96BN+8RLFglHfShiA1OvP1/vribEjhxXRAjaYi0nb/UDPFZ/2G92rGRk33234xZmfKnbm1y/fMlzznx21zuwgBkhfIGki1bdxcXDA9akmHAEC9CPate3dcbaGxiLPzU/EQDJGNei02T5pHJbBlgshQHJopXsSoYUAEJAAEwjAFxKIWwPTAxu3MmhAHnCqlJDkSUEeXpRbLNkqIyJDuTIs0f83Kz4pf7hP8St5jFocelCNxdaJAMTCtolqbLQj2UkG3KjoV6d7l7lGnWUPDd+kcZ/kEB1gBr20kq6XyShe+pEOAmgfOrTsPCisa9uK/+GLuSghc0Y3VZsQgApkqTKSVMU1Rc0gqQ0gm8yebDDkKYol6JKBJYRtTJMMalg0soGKEmK16ig7KLzKYbhQS48SGvajGiWdijVrWFbMoBn+EB1jXFEzAVpsUGE0tmE47/PcBSAd9yn/2sEMCFeZqp2goHFwIVSioKL2BgFuQygvCKV9AoudyUEyLt67EiPCiR21lcAQi5FloMsSPz3AsQYPxTkKsOGZshLO/+SHkm4VUSU91+JABc5VCMHilzF8MumUCr8oYNSmMMXQNL2zxTz64ZMADGlQOXDuY5kBSzEEwI0i5Owsixjh0+gkxsu+mKM4PQMoNjbbz2gxFAFC4Fk8pVHgsknwZpOCsKRHzCE4IrpIGyseRVZTv4ooIpILGwwvdB+y1ICRRAEruTH/6DlMtdPuApSmoInn1AGTgZyggTdQ4olCdJDZEM+c+hMhLJH8cOlMaRLbRn8MpqJoHKBIr4EgKwzt8OEMcN/DAN6MIXzxK6yonEmGtGDiWLI7HDeMVEj8SLtfXyPLIJA4wFStA96lyT07aQ6jkigAGViWoZKtC+KOUDga8cMJcDR3dCLbthyQbo4t3pDkQzyEYI2V1vSwGToqDStaWYzikTOFFEtDeJMJBSiLUkWq7EDmAhvB0efw3diZKQFLlUIUpSeXqloFoVNX2Qz9mOLbatNAAhBb/QJMZyg4xOBnHZ2Io7btK5UBmMS/aFNTIgY2BEbn57v2T+O+aCuHRSBUAoXRcb9cddz/ZzjjswOYgsCEIA4S4jRwsfdY6/DC3Kp6SfMWLPJZDQe04e/Y6jnYcfEPmOEnHSzWW2G4x6nJ3JqyJdfvMImb9++Xa42TDqSf3u3rLj27n5OcMFbehlYRGYGezwSmWCUHQoP+4vJgJT1+mQyGe42vJlv3+/3IYXJUYIenb3PjCtxjg3BgcsLMBsjU9s971HR/hZb3FGzO6TLnUEdnYZNRy0G59GCiJnRKXfYaXdnYA372i459EQ9PPeXv/4dgfWL5885nF2fplG3Shp/4t96G1bSSXQYsFGK4k35MDzGCBa8HCmk6IGhmKDB8C8rNSHDow2hDMCUC7slQOc5yuePIxOsFFCHdwY7F+4aRMtQn2Qsk3gKP8AZ+HaHin7mu+9QT/dSvnJIyzjJDJEt2ayBcxqPKSTBoBZK3bRu4UzpUR2KtYd1K265IBQNiFntQZhYpk391r/jypDCZhxAhRMxO/zbr99+8ckNb1dkhP/qos85SMfOWb/PdvX1GfqgY6fd6xGRtZT/SBzJu1h4FQpaPzBRvVrt3zIxPe4ee8f7hQtte/1WZ9CdzVbMFBNOXI16h+Nq7YMX62JZebgm9pvOFqwcmK952SPNxnlEIki3o6CBefbyuS4ALz4d9s6zHb99M3zhQ9FuOb/94EuaeCMP71nBW2x8fCrTPNjA4tWMmkuNsU9smgTrkJTJSH/onTaiQKqektl8SCM3/Q/lY83zi4+/VWggU8Y+L4Zq2IVgihNQ4H1IoG2DDlTy37Jp6EQ4b/hfRMxEHZo0hKb0+YG21oCGtALKt44rQSkBqsa2CdG4YKCSPGUTIq0jBtbLGmESiUXF8CnAolPyRGYUVmuZeKkc3MhcO6qbGdliBpQKoIFmKqzmUhwdX+tTRNpTDWxhQywMSEALJYakD88SAag01IoU3EfFFIC8mEgRCq7uQYQVaZYW37kOpRgRmW1forulqgNoo1Bv9IvFAgcpYC0FKNY/k6I9jBFZVaBBUoAot2plvA8TMHWf2LApRdmAjVGiREBlUHLzHcGo1wFCVqqc+cjy0TDxSxKexCLXvg5eqUwNTd2oeOjmlnpUV2yjIDUBTzGUKBrYxnqRjxpESC/48G35KRcW4wpyoCJG9cAaQmsohVoYB7ulnDutAXq+FdsUk+lPRVBKfpISQwgLMSU0EcU1tSJoHVGQAWMLoBxSNF8ISUW1/Eo1pRKxJcmHbAlzHUZaNhQgbJLXZOJBqEJSwE1rOOWyUBGNfCf6RbJQY1sffhrwItYQTVrQi3dEeUKEUIgIpHj1428VkZy8NiFX/nJX2ntR2qlxg1UYgVN/PyojgKGeGXwgYBvvpd6GKs5DmdrQFibXBl10PC4K9OjnDPvl9RqcZkeHz6QbTbMuT19EJ4b9gGWKiAFBJqBNsPC0FtShccpWT9eOleg9swiVHDlgEIERly6hzQMjCZT04Zz9zz5OVmnSTcQFdUfKL/ZFAwOHlCJ09Sj0kKXxO1qTbW9mh0xYYsfMJJ9dP9llNH2qYmAS0NUqh1kRWGnRDmpuDvHWFhXJSSaMw3xx4Ng4jW3TJUkZRuzGBNz+E7Y4MTYGRUkMCBHHqMYrrjOgqJW0n0E6pmKql4gZa56yM9h5fafqk4MoFiqqIABSESR06aofnJNWOE51OWUpp1ZmMO/V1SsWBs7u2XA6ZnkZA4GU2/1qRTzX77Aa7OH2fnreHnA6Ja9BxD7Pri+HgwEnac+Wq/5oNJvN378nBOQQnPO3H2as7XtxOaG7fn83Hwx6rIqD4mDYZxUkQSHx/WF/5DVqaM7gIQ8TrDs1uDpjdIqdxQciA4p5vtjxFg5exsP4IpsRoMmDAOvYDJK1u0VDZFXlznCZXmLttKx6vIHXN/JqccoXzyNeMVoUBXsBzEghr/Q4+d3XXwP04uYZCy/pRjGsg3/ESxQ/ODbnAjuKCUNKPl7Js47uzHVcgKAQ/wM5jTKhYc6UIYz3KER2xlijoMNAHQ4LE5ZUQNtgOrcuyfV9Ksyp+0VBM3xmzVN265tVJKcelZuTip9RfNwCvNyu8ROK1EYHaPTHFjIs39YshrqsQ+U9eqiQhlHSGkFNWBFsg0vc5BeGwJedPO51W3cLFr4+dLo9aBB4LreHuzmjhh1Cvf6wt9kd1uv95IJc+RKwLzdbTntk+cFx44Yz2gLXmz4+LLa84vxkMOi6Z2W6enEx2EmtPV+u8VgaAsJ/VyufHS9Hvf2BR4QHjuRkZUQvL1Sky3g27r2b8XIUDG9jwkt6BoPW1c3li88+OTsfcUDjcj4jL4ODtiM8ZjATPpr03bSzmGNqxWLxslvmmMTQVv7TSSxaWxtu/GCL9C2aCDArtO0JGlql/EdyQftLsqG5xQFuEdP6eRyFXMqfPCBoFORIWqAlk46XXxPrluJOcyufFBb1N7NmfIerEhVGijzCm5J0JC8xrCn6v55qz67QkNYpokJY1heYad7UTZcmFV4+RQJt21kJkVrp+diOSVeU4hspsYVuZ28fYoFVMlGic/Krw9ZnSDPO0turLpfwMIxaUNL7lUtGYYsRUEkUkPAHS6thKzsSUzhyKyGgAbQ4XtVHZHK1J2kFqGmSagGbyT9rk2YjBzEV0mbfKzIFrwvLVTLiCVfYQROpMrGk9pcNKXExcJAM0fxpRJOMHqz/JFEERbQ8SjIZWy4ARZGSBAniMWSSE9FMqaLwtv7zDW+FxPdxLblE5CcBSI8MKkQrx21SsDKENZAp+q2CIpEjiMWO33yCInSRjFERhTzgK5E0qaGHX7Ayn6x4lG2ZGgQdyCdDyCV/MYOyaAdS+CAMJqH3U6qk5CuGEATaSlxcyFIO/0hRB0WIYYoakNpbOHCURoh8cPsGJkBRTq7hHAgA1UbCfMvT3OCHC6S9x4PhqUTJ1hRNxQBWAD5AWjds75VWGtLj27ugk0AxRUQp1X/djJIzYgO+iIVtuR8JcIiNVS35igyy4YJ1RV5YoLKih2yVOtIqjb2jf2DllixQsVqRTNWVeVxVEvSiNPK0+N0259z1eaRnrRILCrNzU+9mNCWs6X+IE4hr4A8evbFFS1bcgytGdGzgOPwjNkYqQ6gowpzJw/mhxUokapBwqgABay5k9GglVvBoYvVTLUNfycWyKTqfYYwhMFDmeauHzIoumq56ArMix8CB5Mri0guxAoh8KAJ0QDXG8ahvWpeEyECuUqXUuUYC3c6ehq7d8S92wdIjs5fVwFczZxyRIAkIlg4ywERpGCcy6+Y+kyoRaVN0CU6NDjEwTDMl6ACsUSrBuLGObTy5TAKi65qTJHcrBnWIfvfbNRPKo0EfcdkZMuh02KCMnMRqneNgsWPgkJGaB8L8h/2St9Odsm+IEuXwEneZtG+uxuvlfD5f0OPStX/4MGeKk/cmf5iymZU5wdGgxzTimtFjbMp7NXqDbqaYT8Yjti0zvtjm4vXbd5QNCxnX7GjwXcwDBhQJhNmUw1jhEgFB97CbI7PVRItYV0eJR2jHmEuTWfycz6wf4Ht42GDABog9+62JJ7ChrbJ9mYOmFAhPJpaie3XboLx58wYKz66uINM640QlwkmDFeizvQd62JDgz1WrcLdkOK6GyVCEUQKjQOK5SMNgHmQp1t2BE13+N67+q8mSJEvw/DzCOQ+SmUW6q/nMACtYgeAJeMMTMJ98FiL7tCKAjAxmd6a7q6uLJAninEbg9z96PasX5tfvNVM9eriqHlNTVSvagpm3oAhYNE+l+XxTCIT+T/RjggZRYFqhofjGvZAB1IQZr5XFWauUBKjFai5pPm1k8Pn55s4W5ViqlkgdlkjLP3Javec9URWNdzhetAa1MuEw/eB578DjYVWuhwbVk1qVOiePj62J9rTYinVjn5a9W0v0x5+u/u7Xb80ltWjKsN+lJSc3D4buvMfEGpvbh2c3GHvnh5Bnyra3ZJN2KDAATFz3M3Y+/PHi/v3Z8fOWTZAw5llzWjKWbHejs7OjN2evPn76ck+Fz19Z0S4GF9ePv3p3ZsN1XjldWi8BtwfnyYk5rifHb77Dn02zrWWpdauReWVGI2C7adp33xxdL2RhDxNwX7+yw85hovOIwv7qkhaCvmij6uxINZmu5D6jrlJeKv3KU6ZmYS6cAlytld91Ue9am5SzdpS/fkI1RLPTmCsqwKbklN40ZDlvHfk0HXEmcwjHSze8GuW4zDvXIZ0L1O4QaTjgntp9ZcHlGdhASoElEneSpXndjHygF4TD4xlfybVhcngZUSpbH/QibGKEZpjLxRXRKvKogSQ48HDFKxkWiZr5OV6ojILCWgUsqvOVaSqduAVSMc/QEU8TFY2vVbSzkv1UpjMEkmWOBJljktp/YqIlDIcXfvljJ0icg0qAwbcKRtwZnBWsRQYzBvNbeqQlpD7HdBiLYxeQr2Bd05xJGGYegqSYMV+ofSJMjFiJkpYEBEYmb/G/SFBKLrBMn2wsoGiQXWFm1KIIPU/7EfuAtBWJPNqLyAi15J925kXR9Xgj2NBTTtlp+GIyTjnUekqz2ArVHGVia65WEIivxBr++g3Cp/9kjIXJnq/SJ02y4jGYNXsiJt/Hl58pUXkg2Bpx/JRT8exSVnBVCddjMQDllZ1enaVcsJPke5hKTmCRAxJJCT7EytGdviQ7LzuJNjmVCHNuXhlfuTT3HfWHCFMhwVG/JcwP+BjoqjNHuAbt0Bt0kfI3dR5yYLEy9WWylncO1lQx2AbrcDwoS61IeMr3V8rSo991gW6SLKSDb8SKvxEqyjJHQdMaqDQ9IFB6VLdx4mbJNOjnuVwPgTXHbt8PhBsSBC1lNVhYVDPfM3VLSBPtNaEkR8djhqJUtV8f7V102gF1uEqao8a/yUt3GiIBkO62uf9qR5Yv06GL1UfHXFZdTV/tlh6ubDqggYFWghqHYMX68D+9knAlYAqTr9msIsGqi03V2aSmSny36akTq0qlwKR0ksKmuUSvQv5zNIcgxSM/olOFd2x8fXpltpVJYO3VkpTCw/nWGYoA9N+G8QTHlezJmF/RAynhp4P+GkRs8IuqX99PmOqybUFoEg/P7R5kxPVw90hsLYQ7PjnSOdCfQb7bm/uTvWNLYp73n868j3n/wNiMTWi2ng3AvPrscZ8QxnyA3W2vx3jU/z8+fPerd4KjP/30EU+k/vDjJ4+Skbu9vbajIc2cHZ+QxXvVTk4Pr66vrDmxqNo0R6uVsY9jS9G9jg9TJjNOGPH49s2ZgVOCFhuJKe/EwraJebq6NSrpfTs7D1fmUJI++cXCHhLyp1y4cHzivjEvQ1td7OUeWIMZpCEydnQjkX3Gt6lE0AcRfJo2jvfTTz9SyPu3bymxPaCfDbg+aPYa8mPotnaahpHNYSA2H0jnVYSvz+Zlsktji3wjg6XspGDPeEarXqf9r7FsgQ82YJBjI0XNlfXljN5T9Qbd7KIogFeCuUHpADiPEjDkn0gtJ2OJmwevnauj4XWyqiM6CFTb4yYP6Vm1NGFQcd/g8DuumvJKy5WSqImdEDQOPkqyFsStwK47B+B7r15f3d3t7hx/fbIR6f6Pn65/8c1pw587O2/OD71keXa0tJ77i+mdj/fPtzd3JrZ6vu4V6nYl4OgagiuL2++9JW/3fmvLm/q+frl864UrPWZP5NN9k0/3Lg2H3t57u8rZ8f6n57utRh89OXi+fvxyc3jz7njn043diryEm3t+3Ts4ODg6VtwN6Pd/+O3D7e13v/728PDItu20wbcvHz8+PNweHJ18dSNQ+/D6GDyS5M2FBOu97HDkTm00udSctTZX1WMQ42s5UGjKG3NIyCpZqHZ/rpwENbCj8aqhk833NKYCt9VN1eKNCRaeDdFMVJmK1OOzSFQj1D2SW5WusmzRRu1fZ65jLg95oTtJ8VJ0qJQGDK6Kh3HcZtq/kbDqAJGvIe4nfxi0Ia/IIEYEn+Oh+BlxC1PjI5yUEWDVphQIlMr5lgi4GeZzvUmZrwEaAgs7J5w2eghWUpnQhA/eJEVyTgbbwjRYynCAVNumqR+zJHXiDNU5Ga1CWoH4U4LkKWHqM8DNVLtamFW3Qp32VuxYTaGA+u6VPNyW/2Jx6ewc+1PthpEEz86j5Wo3rsFLa2gDncXmQM1pCMY2UR9pFV3nG8y07roSI55vSIukOtBbfPGL1DKKLL+Tdc+cJ5Qb0gqn+yzgLAplht4B/5gU2DADQcx7B8CiMjAjcfAT1RRkLTxlxuTws85HXqeJHQNxDgS1iM8R5sRKr+mB59X1rcxw1UiW5zQHINfKpYDZfm60IrumNPyDJzZeDgLUpspdpSd9oYz44A572pm8gSvZSd9JOB+X+VL8J8zUXFeR9RXPnVdq/rObyzTETXQtpcOGpAYH+NCobYfOeeXm03XQYauHqmCu9GJfEkVnYQtwHXnJiJCpR4PQVHhw/KzxiIU+X/EzAM7HPWTQ0+pvQSVt4Cub4hPWvaGawyiCItniuJFnRs+KWFpX0vzDLXuBeISpfxBpmLDlth5TcW1IxV3+ejPdNK3QIlGbGV9OvWKWPWnLi1lQ1Cga3thPc3xVFOERVLmA5iHdF3Hk3AGPSpOUgPHa7nQeLNYKarHIo98Ov59l7CYjFvLN5UindPr1l9/ppeV2H7zSwpknMS2XqoA2d8WJGF0CSNUll4gR8uah3I98LaRVJJ82rNV1OilmaskqelGdh4/tciPO0D0W3Hk6iGl5yjoZnni/8McMMqG3WfsCxJ4XenzLX3KZohEWcjYrgg1QnZ7sCEsET3v7ekjvQd6/ti/xq+1v3hyTQWBpCNBcP1FeAm59/fzps/fmnZ2f0LoXY9vr5er27ptv3llC/unjR7PecHN7devpc33J85eLi1tKPfU+te2tq8trC46EPrN62o6Jj1RiEatFzt/+4p0gwFZ5wIS41jfsHx4gZ/add6YdHe9f3N3Z68RaVy9Oo0HjUoV7gh6xwDRbrK1/IjgVLzvSzBqreHNi/sGW7Rj5YL5bk0IbydNPCXm+Vbj5Uv6Y6mR/vvjMMu/p5Yi9Glz0Lsfsxz4eSoJoyLC5DOIthuIEjJXFal5C2rILwVHBfHe5OZr5d3lLw47MixLbBgx/rwye2x7TMnv6bYhA0PvV6Cm7j8cydNMK878EWN6lcO531+pfARipZyau+x9rtEDGTTyrk1x2HJBt46apjQWCSsd0/KeBIsIG25xv29vc+JxiotV2BVJ1BACmgbbU4/7R7tZGhq0penV3cHhxa6tzdrSlgBmKnt4Tx1NjNR+hmwdyPzmnYHMqaVBdMZvUaGRyE9LbcW6wcPfu9Ojj1e1N8xctatmB4dby7Vfetfj65GD3x8+Xbk1o0j5NXsb9F9+9+3zzkf6ZjAt4X4t9DbyqEKF//Mf/Zgj53Tff2vWd+KZo8AdPxq+vLwwiqhhswbe9yhAbVDVrg2zRPw6RPqgoK/rNKbrMZuMho9P8pv9Uuik04F3VlEz6uEOFq+0B10QM2HwtfwWdFSZkzy8ZhCmA9T9NaiRy14pK/plspsvEjnyuW2FJXfrK+D1Oyazj5WWFdcjVXiMabOmFLcqXtBDUAnYexCqGKoXEN1K+BlPFBzBlDcJYn9S+Rmy4B+0U+zdoEwTbWrGawxcioxMJWlqON6hicHE49If6RiTNePXR4WsILwnQcqXGJWLFu5MbzlRbv+h1FfUpmIoS1HXIUttocHhOipgNgJAFw0pio+IjtazqT5yFacQK4ZB0sqETbJHOKGRDsqrNLUbsiWzku0rgSqWXoUaYsPdPhKpzFLvyH6WYkz+8Oat0KXFT/qr8pbssaTBv8LsOSJEKBJF8w+amfCiQiwqlKuuItNQRaC5HW6W2L8P/7ghhbEYk/OsiEvWK4wXMMjRn+Czm5xNbU2rDR3jVFFfUkfxDc9EaBcFPebqiYTax+vSH2GI4zskf3kGwshI6PLE6zhHll6Qlq4xIVm5qGyeqWo9oib3BNlbLhB3JF5dzVzG90lBdxJNuVA/LnMYsfSow7CR06LuOl+HMuRQNA329IB8NAgmiMovvKeLqRfIQD7oNCwM9iZRTodHd0B9/mPLyF6H6Tcqf7JxvBhuARC6VLA+NtSiWuOEegPozMRO+akb1UmIV4UgLUhpBFJxo4QUSnl15TihiEF2QpSBZLW74sGd4jSbCA79KyAM8wJPNKJAWCVB6sZYe4HAcvEu91v3zw15v6LqDw5bQOtQJv8FjXreWYEv+GUKZWd/Q5U95m94zl+8OK6Pip4oa/brYLkWda0gkNaTGWHOMxbJRZkFlnMFYZkFGOkB5dS8AK1iZclNqhm+tqOC0frpHjA+1iXOrho+IWpLSaBjiOtkOgQXpXMbdcqqsH2pRSvsQigtoxRTD4hdsmV3VXDpSZYfF5vgcZcNsw0JrSvaP9kwjOzk4/vTpxvJkAf3djWeBDX4ZSsTr6dnZT9//hHc715gzNhHCjvfvCWtsiy0Gurl5+HR54y3MHz5d2F7HIt2rKytY7nXJZ8cHYhdb4tnKzvw1Igp/yPH2/Jhgnu5RyOcCuF5tZ9ttzSVbeKjrLb2eBopULm++GGric7I8MBbqefhYcEZ71iV4FG+gq+FlMyzTm49znc75yZG3pPzXf/kTzyEs6TME1+GcaVj17ZDVrup7+61VaLqgAaZcyWCnkPwX1cSvB/szuJT9v+40Pp0fuhoju4NihQL5Jixm6rGd58vZt1Ff6cYEI7ftybKwsnXhOQHTTGsH0o3UXbsPWdUCnwCG8oviYMOuf6qrZuTWqGsmsjyiCnlajW3paNPGfBcxI8AlRiV0UBFllodX7aaPWaXq9iIjirJG2NKQR/sTGev3SHl3T1AusxsOMdjF3e2uF9/tvP6MVyGgxTdPz/zlxHtu9sDfg2Nf70fEv7baC7VteHl5/WQLw2HbnuePBg7FcfzBNpn79jy6flAHPWjm5Occ5vHx2jD6lgVMBx/dlbiH2fH2lO3Tk0PzBGyKyZ6WyBBV1Pjp+s4It60nj09P333zHd3wzD/+Wc1ExQAAIABJREFU/vde6/yLv/gLC5/BCdYNa9io8vDo1Ihuo5juCdjG+wvpi2YKNWiCgtJQtVlGH2pNz0s5Eua8HHlV78AHvoE8pKp+LLCSB1fFg19J62Lpfgrwr6Bzzo7Vxiz6YY65kvMWmdMGxkwHF67kfDehtrozrANdrh6GQTLw40llrXKDpEYS/TC7XmSA1DxHb0o7HYmka4NKlwtxvhiS+X+BH0GoJrxhljntavVy45oJNFj60XWu4ccBTamjzqpWZzFOrVI3tIqZZZRULtbnaq7HSgMtH7UX5oIuRW8yLI3C0Rv2FE+YgRltvKhwJUdY3qAOx2JDj8RXoUiODTeTmy/hMC11yApi9DUJq3jcxsmKVbt6YXc97KpUfJUajs4Xb501jLBBPbxtuI+Q0BHioTrSodxlHA4nP1OaLmzuHKfix2Vk2H3Y2ohZYtzX0kZxo7g5zS4pMGJ+ssWI8aVHzB3DRYjZdBFfVKSMs7kaBQ52CkvGwZwM2Na2CQeG5iAbpBK63UW43jLFpKIS/Q+OLpO5C0csb1gc/Pwn/Y1QKxt3YLh/XYqzPnE8yMNf/iZH3sgdYwM5UE7TBB0pNtIOyU4lD+hAqwNjfyovDBnwckfuF2HwDSqq49/yNREt0wE1qeFYdSQ9Ahtu4Qt0cMa5M/GUAkN/0V3JAzP8jlg0vaSr4iQJjIuzGFR6Q7Y8EOMJtTxDQPeGqXibFGXHdM0lGdIx3QHVJM1VUsjQ4gpDUrxu0PNOXbnBQzGiXa8bCAwp+XzVsBW+TOk0WnSZulHlJY+TNA6gSEM24s2AOaXpcybnPRxY9mCs4d5AnL41juSbh6YOx7DnimZ3OcVIdHTgRVCLifBopFxp47ubdurCt7GbVjJo2XCRjJp+ZGVSA9XVpEZneJHWY/BkTQL/fommMx89pwYRMfDKE63yRsXkLj5ndWlhBjaEssgVJtvtugshhphIvLBC+Dis5LJ4rIHuiURRYjGx8af8xdZAyasz7sVk5o0d7CNvdMsjYO8501maNfh0//j+u1+KMWy06FV3iAjW0aJ9yj3Y8+44S53vLC+4/mStwePb94YYxXVPv/jFOy9B8ST5YWZQejwonrC2wjPSy4tbqmDsWFMb4Ppqz8W2dKQGj5LNStTx/+L92x9/+PD9jz/86pff2sLG+lbg1ry3Lub5iyfc3tx8cX1H+5Z6qFZN1Xs2dawlDgQxIdADRGFns8ws7LBf39x5s9re9pdff/fmn/74o2HOtCQA4WxO6O1rA8nroEJ2g7/VGRTGrj1DF+RkPgr58BGh1SV5e95uxoaEjeYmh8bbipAj9KSPRUT1now/mjHn0afaY8yUQiDGeNYq0lcZ4IiwlAZ5v3obUO8UZ4HGC7shMVScz/EiBLkBJnLfYtvuW0jPzSCzfkWZGAeNkZFgnEHdgGkw9F1adTEvoUJySIElpsqNlyqbmPTy6vp//B/+7rtffvcvv//T//q//dbGlnaOwXZWaMXzs02Ljna3v7+/wY0tLdH5eHF3tL97fnpw/9VmncJtb8o2Q5EZxe5e52NZvNmf6DcNtAE/vQgZGsj0WJ3NKOzZ0OOFKQS7T+/Ojn8wifXeUnr3jqqxNyV9ofqDvdcCRKx6MoH5j5dXdll//vS4/erg2PsYGf3AxNijP/7hdyLPc/tlf/fLEbAucLRn2gv/fzSn43WbmeuM1ZPWZfMNsjf9gCYCTjNLa/3OUZ3mHHlJCutndcewu6zlKU37EFG/YRmfUrCL3G9gJxOAJMXKqVhHQP1kjaAnJ2OPu2feMga8wgEG45u3+kEaE+tvGiqJmR3pHETOwC9XBx2wtMXYhl74X0CJxbWV8V/jCDp4P9hOvnoh5SUOxIowul8qdUMvpwyDlrFS+fMIF1MrIQzF1YVWozIElKrhXUiq1RHUscdeYP6Sy0UgzSeLvfAt5OkjNvykqmTykKpaJIFHDP6xWJlxr/RQQ9Y5gMEWfsk+STrCjr7AbOjTRzgr1bH4qXlyjsMRLghXrCMlc9b61xZkgmnMNqkh4paj8YhmWb8cdLANB4MWXDf+iBbVLYWEN+jQh0ajtCkX+cGGfphqPlynnLke1peyxyPjNc5xOHAjh+o+ois9Z6PywRpv8ToYZvMLF3EBQ+llhm5UOlclxEhpkHJFrut08RtsrIPAX3mdra/F36hoGBnjjd/TLimHTkQdnGESnCX/6BpDFBY63PjCNEGcpsvFamx2Nvkjevotob9GXAYSpn7xmfWzFDuUEtQLv3+uDAPxUmKBDNZ4XM2KH82s66QeyGEcyTSJG7/DMgo4nER+inhlEmE5SqVDIm2dzc+wS8pK5lUKABk8YcgjNiU2eWRQPGZ8ZZ1sEqqhlcyDbCwIZw4NRaJksXqjKKmaDpCKpXhMNp+KFvVmYrkVIwJ2baDHwlPTmHpI191OT81UD8XgGJ43khZwzsYTGhVz1kVIRviIb4QnhiH1fl97x3l1gklJ9jy52zu6e7gzKaqRHfuy2IBtGn29IW7zsN7RTPlkiEuC4N/4jGu9PPYNIG32tSl8UHnBBDekZWaAjpQ1GsOqri6FEQLz/eY86Rnx7JOW5o8iZKUtShxFx1W6y7Yyi1ea7CgumFhCgNhIWvFGNCMcR9GY6QlOahbyE2fUHbuFQGBDS0HFmMKOHKvFs8R99eWu1kRIAUI4It3jzX/4zd8Bu3y4PH1z7K0YIlLbsLSfyOdPvR7ESM+d3QT3jP6JRo6PD73Dhun0q2/Oj1mpLW9u7kwg+PTpwo42ut0PHz5ZH2AKpAhPYNcbn+1x57XL17ei9529r+/fvbXq/PhkXzj506fPNh7Bs/0TWd0MBc/Q7YBInXeP9x8u722RLMIwGi3EJUqj0h4yP/eaEtPZuAaNWJCa/jws5FapZstmjf/9d3/8fP3I4WhQ3y86Z8SxXU0FRVEopYhXwDN4izNoJ6/kaCkVJhHbTx8/WTf0ZutsX1hjIbKBzz1FzYrMtuz4yjY4hjonkGvi5L0ZAe5q4ojKzXcUMRoRBMiH1QI+wOvH4G5aq3U8lh/2hhxPT9GvOnVzMwOI1bpxEvSYm22rLLc2/fNC4pzHKOFUwgZdJGRi2lNsGuweTIehJ9XEbJUPz8i9ph7nP6klpO4htsv+YiT43//7f3dyfP7+7TdHJ/v/8s+//eff/tFCYLUKtOj3+MyUhNc39/cUe3i0j9ynbgm8KWfvxl1JgVe3FoJCz53NLjBOe20dyaHQ/8HtSrX+0VuY92y0rv4aWrx/9WyRsrmtn26e3u/s/vLduY0VrXFmRwvtb+++bB/1WhqPv9Eye9EK6A8XN+9Pj01bYbip1tz2tbf0/ON/+c9K/fXf/v3R6VlVgI5bdp68BkGp8P7u2hCiLK8bpxOP8VPRRNSjCBp11GSMIplh2v1V6avdo7DVCqTpmpMBV/VgBefjJAcac1F0pyUvuFUA0dKympNVpJzVC0R90/Fn9HVDG1ZlojfI2dTv2HdQ1xz4AJsOth5x6v/iL+5kBzAOg9hCVFNeEfk5j1NNIrRJNtKhP8V4/LCQMisQK5M1pSatniIhJhpLnFAgO19Dx9eUl5T7BswqfjauGH1+LDOyXcmMVVcV9C05xJ26mBm8RaBx1e/mWKxSXemhoWdAPWYZPaxn8FW2KRIypogkLYQd/olHBsC8CaXGOSauT1sDPFpKlsXWJNYMVXETcIgv5tNe5aaZiaXOyIo0FjQq04tXbqPWJS64LJ0K5rTYMB7bfb4OcSw31BdP67TwdwiMyjbM1rpFX06o4tB5YEtonAwxQPGy9B9/C2xKgJ4Cy7DxGrZ1JMnLBbQ/HxUgavj6z3KxN2idhsPVZE2ZtDSJfmJlciBJq/G7wbP8JJCSRhgE0seG+CTjr/JDcpHYQE8LWU7X6XcUsq5DkGokjuoD6xjcuVLZw9eLGKGJUL4jd3COSCNsNu8qBmIoxHH5sz1AIVSxQBJ0CnfulnrSZG/KQw9h133k1r+DWVgr04Hi6KLuZS6LH/LNldm3nMFd/qTPSRaRsAQJLMQJkAiTVQqKEUWi8QOCVCaPr/gcurISIfYpWnKh3HAZquLECROrWVUu3/M0uR5Yq61L1uaoqNVh5ZCT0Hcddx/TFUV77TK3WdciVeOHYMAGI9usYsebusxZMve9PpueBQ4+PRH5crfl6W0byKjeeG6fkcrHaOxKKmijqIkLZboUa/T4ySGdAmbMQ48urzQUlnBLIhyPoImSzIv/zbnLQpBWkEy2eDgJe/IL1tcstBXfidc8Yexpof8WcazRoShmQMX1avpaD9QObDY9MzuFTX4pqB43S03dVECwKRbQIjqfESnfwggRHrwEYU7kbTl0ZuOZvb1//v1vTfeilatrUZwnz1fekKKELa4Pjg/v7r4cnRwLr5A5snRZPPP0QA7Rule5XV8q+BW3Hz/r0Js4WHP6ynvVdqw+8b4XY1xWI3sJTHv6fTFQtH3k9TgHu+/fvfvTDz9Qp+117LktkhUc9+acXfsfbwGw6sErObwwg8xuEERLQgszI8k7kWejbuaStZv6FwxsKgHL2oIbqR5HGvIyRtUilI7U6L+4kPiYbOyQnSgqA47hqi95NPGyl1QFry6vvO335sYS3duH+xtKtPkM9Tw/3vVSP2/seL63ePnL8739sW1wLjr37hN6JrCxUM9SBeVjkG6UYHTFx5Y7gcrUj72thJvgSDwpT9UVyuVtOeDUoupMG2Sap+cVOrVFuW7uLJ3gI0ahjxzOXYV2RuDZ97EqrD0a8cbxA8NNjgg+Lbh+Pjw+/OHT5T///vdH50d/9be/+ff/4e//n//x//5//j/9/dvzAyvpTSQwvv/2/M3ZobjQexofFLKJuupyfdcCEeo08EzHXnZihQ/nrcqoXI9iU0q1RopdZKqgMxWCrdXbrNCrVqjp+w+XvPD89NgkSPB2QqKrm3tPBji5dS2N78Zpq4Veee7scTYfPz0/O397/uMf/+Xjjz+8efPmN3/39yoFnGqAKka+qeVixPa1oVvWZgUNzKika+qoVeiYdmz0Rr/cgNUA1OJ0tmwIdKmNeGwwHhQQ7w9kisA2BhrEQdfIdqTrzdl0fssCAELgAmDkKgKsqww0J12sq8EyJYKTzK+XDK4mZUg4VzIrT9Hl5/JT4aK3IVm+VAqJsg/HERXlIVOBFnI0piNTN2AFPl1A5cYFc7YoviTPecRKnhaprOjGkNzNkUZ+PqSrpOjS44S6wZZb6kgxT5kwsIrAmKJiaDn0RsjkH42g1+mgHRUToaZ9bDlZ1YiqxkZTuBvThTkcKUGLAHRQDeuy8mxJCYSy3FFUlphCfoFPqaCWEKCmVow0XQQLRYgUeNFLzEYYRDquPXAs+aWPcQoTk3pBlb+Bz5+NmHZV+c3v4oT+4VPhNvgjWIs4okqsSLVxZJiLESE2x7nDMly95OFhMI/qWvMXRYffrFrBCtAnGstmMwEruIhOxx9PdDlMLGy8UAVOH8qGhMW6y47xaaw0Z6MjCaVkhODHroVaZVd28SC7MEb+BjDyui5s5QwJ3VfHUHMe0ZVRi7BB7ednwLLDNj++1PrN3XdQ06+s3FABhHm8xAWqNWM5BdbzogQYRpr4zXS5VYhBVbQy7VTlpCLlDstl+N8cTgd+vgFT2OiqdP9zh7I8aVIGPC2lp1HhojVlhi6IDlzUGsywk8s62ziJkc0xgkRl/LTkqRGghqEBLIvvF5fBJkiZJwcg5l64sbwK1e2usiWjq+vE1pgUMg0C1yS9n1iOEnfu2VipfiKTT0ut0rbTYu9ntofFkweOxmBgNHlO/wFxn97DarRsGhs4pni+JBCJdK+cJnmP7rDSSbpCrQM/c1m5McjiqMdkCpIjbAlUPLupIpMYNGlYo43Wain8KzyhnHQEdGxQtPtMYI0XdTLvraUNdGO5sHCZMGIRcuUpKQzGR2IRKzMqpKzgOX7iVVVys5wm/aU1ehOmGnXr+uvZ/snTzlfh3uXt5083n99968Hxzv3DLSVs7+9dP3i33t7pydmjBSX2ERT7PD4deQOaTa3vjdR+PX3/1oTSjxcXbOxp3ecPn3t/RhPzzPoXs24ba8SBvW/O3p1/+Hxt9ErUY8eZN+dnOv7T8+MrW93c2nEH9697k8rrrcO9vbOzk88Xht+2zR778YfP+nLrHj5fXBRGv3rd616ME3qPhziJZJYyixbbG++r4VCiecYsGKAD0+Notf1hlgbSSooQgRWZzFNao7O48rSRe7b0x1i1XW9SEdgGmB15YkawPaTFuc+WZRweHHAdIbLA1IPoNF1LRkUtL6GoPMmolCesmJgtzlmay05lNTPvURDYcLEYsUe64Fm+clkJ5gyVFfPJRuNp0wSJGlYO2/sVLQbmtca/Z+CQYO5fMKu+RQTD1TLQisLTt7qYV5i715zE9LPcJ+jpaQpLp66qsqZCmoPwn/5f/8s//eMf/u7v/+7187ff/+GHp8edv//7//Dd5cV//+3vAFxeXf3FL767fviTAcCLi2sv3DMZ8fbBC3K8DaW7NsJr5hjL4DFahnst1xZd7x6bh2xTqra690D45uJOWO3xtFLX+G7mZFXSq7+/dcO3/8qG7NZF7VzBx+h09bh7uHt4uA/WxGAKdv/Qe7C3j3b2jwj93/7LfzZI+eu/+qv3336T3ugJG1u2YFQXq42sVdozxiAxRO/tfFYG2eWJeseelaFtlk9RynStnjqjL6ZpNXtNkCSeUcbSu5+U7CBIzpY9QNRswRNYKWWHNJyVqIuak2hpLIKcs6nGNYsVmEQCSnR02VFGLg5Cc5G551wmlGWq8wgGrY3IGSpVkVq7jUqUGjf2g4HpwiuVzw2vvJfjxDlWo115x3AddQkpdZ2mjp9ZjNCU2MCMS74w7Tcml/6m/OBwhk1Cr78hl+rTKI7S4dTKJQr8CTJUB2T06hLZkX0xjIsFlDHUjuE3RkZf9cZLhhQRSLJNVsJQ+/Q5qYCkCznAqMIGJGdJ0hjnwpikxyBGiBcbDCsZY7L81rAsaeZkQzFBB3OFB+pnv8nxokoHiafPUb5iuXX0pMsOW/QVn9MuYjF3iLvgh5ksHAhjUmPc1wqtpFQxxcfrJitBl9nLGjCcBDSMOclVh1K5yvjucPaSOkJJkhWXy7dxEyStgSX1CD4AU5rQw9RGiGGsjCiPuSKm/ap0UicbVEM/4NHJhgs1snTshBNUeqpAnJQ8CRDKpZz+QpGpxmkADc+hnyPaTjJ/YkzqEmfYa2pjJF7KAe5OPQtsBIxQ5RmWBX5OHstUbJGBIcv/747Yzhccg2uIbEqkB2398DCacZ7PDCfBDK4NwslI3J/JLSEDnuSYC4H/UWwqlCWBS9WyjOZKmNRyxwxTJs3VSVY4bA1WOfIZTXNpIPxWZwpUXIty5nHzbu/Ta+nksAZFxhrAHNUHOlprMIeNRD/TfwddoAPRqFqufl+/1ADGBFtFTF/Mee+56JevpsAb52jK/LyHTPzhfJxCeWrU7cRuUdba9gLPzDGyjsZGfxyro6ooy6/uhEn1LHXHw2dseoyFYWk4wnJx45QDQGtyhTR4B4HXCW9GO6nUiEeiDWfp2R2GQdb2BhKCeSuEHtOjW+OpBmCEb0UohkNkS5jzIpZ4itNx6RQVpq5ZB7jRHcNu/8M//MPl1e3v/vCHnRak3hZbb2+bM0YBenTvvvt08fny6tKm5jc3ny1TQNigZas+t62l8A7lQ+O4vRy6/Q73FbQkxZui7TRyM9MHZ2DztR1PPD6+NjzYy9nSwtHRIfN6Ox8N//jhAw1j1qJmZoTa6JRu2xvb0P18ffPDh0tx1O2NJc+vTk7MNhRLW7rxeGwUczcH5FCelnv0bNyJD9Iqf6Jc6B7sltIq8RE+X811KT47UY3v7iLsRf1Q5PnSoLOmIilLLB18RvRNqVRreNdQotjo+vr67vbaOKLxS0Ghl6U8PtwVHRZl4lAsXfzXZMSCPZFSfBQ89uBuxwCj7JxXnNluiPVwuVi3MTmu5+Grqciegs/8X2T3eHNPVffwBDZuIi9u+SQZxUAZH6vi9Ln3ThiCB8AxMFFM6roiI2Z6yEM0fzjgA3J0FieHBv/2vv/46X/6n/7n//Sf/mcm/fHj9cPW3v/l//p/+4//8f/BE2xmaeX3XrX+FadRp5vV+nTvToAaxNuGTA0ZUh1WMU+6KmYj+epNGid3Nd+Ugi+96wVIwtr53B2asH7r9ceLKwtNTk6OPOW3dkodu7m784IfUy6ZhfZQYPqjw0PNibFJS67/8Lvf3V2ZKfHml3/9t21OmYz5Ax/LAFX2NtTXWPCArNo2MdV67YaQnjlm+6OUU9uTbipYYzf6akAGxlRYRjUrOwUVzLRFLti5xkP5UFTr/SuR2abkQk0JnZSvrHwo1NxFNhd1sSRY9orOHOXECd1uyAy3i8dyohWXzru1Hjmcu0ZmuCirI/rjNC98DbNDVx9KSbIXtREP2gQP8+Z3esIanFjqu9zpsgg3gpW4SCxVERLO8nK6uoiFa5AGsuG366ZjJw0urUSLU6h8jfcTZOVVvkKNNjgCGBYJl4LXz8AOqqGxeEpNq5ByC/OgGLxxAtFYuYY8K8IbK0MtGgWb9VFjq7keapQweh1kOrtBNer+OQKrjBQ4w5dgc0TxRS4gGCFmaLrwRzhnAvr4cR4OBcYmm5PRO+jAFVWmJiSp53J68znN2zJC2GdoKtSBDy9xJUd26FNTyFKoP6fIBB5waWlg8TZop2BhUNgBOxk5BnSSptTQHswbWmGcpg14upni6wuN5OzCf59alqW2eBkCWUleQGL5wBTzs1iVOCVHjslMAYMrmBEVxPBSsVXTE9KBVmgHd2wO5smJUPlTblLmtF6knHQmNfS5wosy4nIwlxcC3+PHkssbw8f4/98xeh9eZNJVaAIher949NPZsLsuXQ/DSiTDyOFXcgR+Bg6ohFFlqeuoc1l6R3s5HMgQDnxZ3SFOFatUHhDxpu5lA2oASPYRP8F6Q+o8VXNrPgNygwDHM1QCx/AOixjJYZKZ9QZmr7UPnRY7f7R+o7YjH4DYU2ZPUwVXoqb1rBnNGv51UzuNofggzI2hERBvemMPlK1RuDeiZMhJJ5v8gY14OUDMIkaGRm4w21jOk26q1kbfrldVZmQHShX+lxKrdMUOU2dXENFg5gx11aGnJP8FGLq++Qavc+xLdzrcr0ZYnWyXH3qdG70KNBvPWwQ9Tyv4M0jiSbrgybePBP23GFE85WldGKlGDIkNlsgCRdn9wJhtC1TEm54vG635h7/+yx8//vTHn773BPBwd8/7S3q+6Un83a1Zg4IDr1kW6ewc9MKMo+M3lofu7VqNIH47ohZceiZo+tbNzaVS+L732r3rO/oXv5mphqCAUjd/a0/sw71PHy+I0eKhV3pis1CtIN3xLNtz1R4bf30WbElvGOlw9+OngN+8PbOPibdsCyPenJ394tv3xtzEhRYmC5epgKGubu7YhsgeSoojOZC4gy4MkbHm8ly2E2QvR+Za07fkwEyXUdNPnizE5l2COr4qFNee5gs8fNx83Xlk7XC9urm9/XwhSry9sVjj0ntm7kR5vRPPYhmPYD35/WKsuuiT8/d8HXPromjQ4F8BnkCt57DCtSpWLhft4qTcSSgVV1tehNOCW3a8fbz3eFugpmwCYByk6KrSneJMuSZiSFo7cldDyT6tVuBRqlCDnZVXxtFZDXmfnth/3To/P/l3f/sbzBKnasA0Z/vnb20yuEcitepv/uIvxGQ4++bNKYJWJbUM+ctX44iWGHvhHm8U6lcDG7DYpgIWNzpv5oTqQlFkBNPoXfWREzXfttuhcVTKoe2Dg0NxuBNEebUdtumK4wk8b+/udGm9JtED0Jofs0K1Hlu/++//xV4Jf/N3f39y/rbbJmQaF5kaUG+SlqrdnGPUyCHMUKmNeu4tMhKnb6KVav9oLJVtjFLytJMyU2xZU8XKIMf8dLrpWV1v1DuNAYVPA7UQQjCDVBA6cBZTfYU0Lqb0pHUWtQW6CGwwR3Sa0oEvgAkwyGkHQjLNYX5SewRf8K7G5FIqkCQrEUt5XgnSXwLQueZf8TDpzmI2BxoMAx1y+g5dckasg1kWzBqTq3cDNFl9N6Ma7eA1f50MK5Mw7Wc0BnBQ+8L8Oi0jXc3BdAMmjfwLYJSadgkfYgBjgSWs6wB+Lr5ajSmaPJvAKRoZPTTjP6vWhIyofcI8jrAq1EiyyY7vgPqOL5hkBz4/6Sp1DD8BOqYalzYamq8y/JOiokVNU6n91HDUgEwnOITCN1iCBVEnMyexOkj7iaX+wplcwZYf+WFucRRZQuU4TruYQoprdVcp4M7GEXLasYZFKsH2H7Z+BjG4AAbPiCNDDd1QlO5sSA5I0ysrOqm+Rjl5SBzXUeYrS/eRgDc9FmekZCeDN+wL5wbPFB/wqFdmWoIFXOOZfgm4uKxQFGugxtGGpfQoPdbgHs0puDlbcPLD5dioNx0yG7DQh6CfkIeq05RcAySWgquaKFlmLHUyw6OBLoKVAlLG3PpvgOGNX/oI44KJRHQispBORhwG4zuIAfLd73xv6ExWiaVqvsOrHEnqUOY2eVQjdyI2oCHzN3hH4OjXtMcqEd0DmAvv3RUGjvSdOkrHdIDx4oBYyyoU1EhCoJEw4IFsDwTrlz15g7922IgODxR6VABdnTfjact36LKFttmjxm5Tn6ev1YXIBW/XYg/+hA32rsNRXObYmqTsAP2MGKJYJauEVoYa5gV3I39aiaIaEK1Yd01Pfa3f6qCWv5DDr0owuWZgrXBNboM8svSIM87KLRG2jKa9sT33xs8MEenOPD0lQD5akKJICtXpC45Xf4cAMmxKaliMKjUU2uMBnBoB0mA0XGUehIYj0ydNTyK2zPa8vXs4Pz3561/96r//7rf6xXdnR1gUcAq2DKuY/nhyeIhFPe3333+FJgGlAAAgAElEQVQwxW7r7XuROavYEuenTz9cXV16vCpaPXiyBHlPWMao8FwZ17q1RbOBHfPuLCB4fPv2hBbu7h/Bm0ym+zXp8OOnG1EuIQ1DGkL7/sMHGvECDDFrsdCWp8+HMxb49e37c7MV73o5cXcDZyd2z344PXpzuL9vk0ViW9lgRiPJ3C/wV/j17gJW+0MqNQ1mBWtNxma5LGPl2ey46UjgcZnTPT7ubu1RqFG9va8tPyF0d+iMyeJTA0JgK8RU4QF1zmWbZ6OGpks6co8i0byikXPzDkefRjAZw70Sz1ruq44IKAHP8+XeF8nYnpO6K8nf2QweKqf3MR2j+Kg9BipjPHHyuxqwvDUfmKRa2ho8iPKQJOdWeQozJQRhe9SLuVopjHEz/FLxBEsLLyAJ796cn5yfnp65czCRd+eHDzeX/8t/ebh9+ubq4j//v/8/P/zxx1//+puz82MDfe9ODv7400UvPNzasoB9/7DBbgogh6kLtljHSlx48cxo1WIVm9a4AxH3c0oRHhWPcjC7e/f05B6npu3VK4H26e6h59d25LY42nu91QV3DoTAu9B1p/f27TT4b0Rxd/f47Pzy4seb68s377759d/8rTrizoqYaVFD4TamEeGu1ST8pac0p0Xp3dK1XbTGtgoYnuwuqN5jfKZfKsMXzdF+Fpjmpvw8iBnWIW85HTvWrU5qwHPkjKtHHLZyLuTgyHZ57di3QpBOzjRGGW9IwLlYmnLBw1acOYjhYtC4DGdcVvNLxb3rlRK5fKHGfLgGXEJXkkGu9BRRuRE7DEFrlDLOBm8yDj8pBnhY00TQfgmdkyqRa0MQC53ElNxQhj1WB02/SbLA4j0L9QdknZQSnQ58ol9RAFNVp6gvqPuOGFbxWMag4Jc0BrVSUQ91zUSkhpqf6oxzOKqMU1CK6jJ8j6QVyJLjUaBHlkEo/YVBnYhCoe1BR9Timgq7TilAR0XSR/tJMU3L9CODKDKIB4eG/yhhfrQa7hGr5j3DbK7jOsVMwkiVMK4pia8EVmpYO11Hud3OVdhnDELTceEivxgtVywxKGTYCiJK4aLHGSDrScakRGaxEcfOIrlsA9uYZRJSQHQd1RoUsJ8IzqulS/GTH3NwjXGgHLfrW7LLQTKVokC18jkkFGH+mWAUMgYnXUSBVhZEpIcONjYcvVyWMnDhGdT9vECFSvOKlgZ9I0oF5FeQ5iUmW4rAC0tPQkqpN8FnSJ0EMIyl54QIMhVMiSUUSFw4lIa9y9HRKgIFBIuLGIXFEa4h/pKi5GIoiEGBQtyNIae8iyk8ypyzQJb0KMjMs2sV68Y6EMErL0+ieWY0NgrbsJLZoVDSa4U9DDNhSv9vreXhNOR2IEsdjZ9kiZ6kLe4ipsI9ezZYF9dDhyXN1OYJzaIQ8r6KJ8Bky/iq8uqUDFHphnTQDecYvhI7TVA42L600VrCFHLZgg48VJmnb3KusZzRniyQL35FuCLEL/OcEJcJzsK6vVERDpwVTfRpKK/qaiCrw1n/2F6ZuTQ5+hIRC0K2oTX9TW8UOo7kZ215xAC2QEHHGGFvJ9N39Rh5wY2K8Gg5w9iwuPJxIkMnMG6e2yBLC9gw+EhL52dnb85P/+l3/3p9//SNyYDmYE1jeeONaeqo8Ofh+ZuzY7x9vvp8uHtszc/+0dG9CYpXnw0uUuvZ/pkZcAcWquwffP74kR48m/748QdPWCnRLFBbbcNpqG9uJXH8+sePFwdHRx4Be4He28NDb90TANlIxdDa/pFt83ptMUF09jBcXd2fnp9T1r98/6GxN5qheIsMqkbPnnlbw+ABphUQCkFePNKgRQZhwhmAy3jVv9HlGqKja65WbarByR5zI5urjf3FUppcZOeuo5jbOgxNOfUXpkOS+TzhEmbocZR36Vbmy5dbA4ZPz0UqNjLsuScKxrSs0hD61aO2GIVztirF3U/e1yDchIJVheYZ5uz9T63mQPk5J/a81grfindrFVbcVgHGM6fbNXKWn/EiLUv+zIghk6QYIbliw7AkaPiO0vrk8fk+PVWjlaqFHbVwZkuFP3w0O/S/eq+J6PLHj7e3z4+f/nC//2rLDojGqR9feXOguxZbXn95/+7s/eXNT58tSzLn98kuSN++OTbk6VU658f7ZgpeXj7sTnvl+a3pCaooFvijj+FXAZ/161b9cC1DpXjm5Xy9CQNbxh0fqfry+s5yGC9iubr7IhbXhOHc+PXBwb6Bb4LolbqZ2tr613/+Z+8x/9v/8H84PD/b2z1QGcnaoKx4n9Ka301VvpqsyRD5gXT8WJTuJvbxwevL1XRKYW7pA4BC1ZXi8560RFfB9Ptv6nPI4iYnqwGsQBjyFonTeNZidFbqMjfcP7fagQQrE7fLMjUKGv8N3rAqFw+rca9JC7Cjs2IasD6TWmmCRGK60s4WEaDRDe+AL9Zlu1qINl3MtG4LWdAxXtnkSAlL1vSRanziNoDhYcpN4lDBRM6usXuJUzbwqTFkMSorEQjmHejlD9rSWRPa4qRFLVpxIJFxR9HYqsjS7SAMZRjWUVuxDpUkVkE7+HlfIOeoQIqVlh5TGSvmeK5SJ/dIyJiJfOQULD/OFBucsIQhplNqvEZk6HCpBRjWDaWopfWoVGL9+tbYgJl4HKiEKZqXxMLQn5MKFA5zr2Agq6FZvAEMUUxXpgn0ozqX0EitxBg3Hofhvvz7i5Xx4+FPClNEMT5rSjti3I8L4xRdhz5hnQ6agQlkCvopNSh/0wm7DjxuIphSq3kDX0M9ZxNLA6lMNMpdJAgXcHB+/IMZLXbdeYkR7PCD4UEhyQPDGsaBSUE5cyQkVHTOBkelwb+wHaYhklMv0UsKfbIvclMaqaXGoTu398CiNQhX6io3xSOC4gupLruaEmyh1VjiVR8Vw2+F57/rcSLVrTTXvsZlXi6H7ggkZxlyg3mQLDKVCmX4wCxeRxe+uoEeDiYhfRSkJeq4SFmVwSq9cjeV7WdzUlYMNu/bClZv2fKarYfjh73nfQs195rytfPwtL1fl/t612Mlo4HYGr/3HPbJC2l7YW7vUsDaswioURm7ptUH55Y1BxPNjRmrySU3WcVgofGoVgA/3jVo8KifbQs97Kxt5npC3X1YeueTBZU5u4L5X02eNUh641FAQHUUEPA9PdZoK3UTblAkpo4m/rtef07rs5OOIRsanEix0UBKClQHNYrzyFfDqq6+2rFT88aKC2GFwXlqbLGnLw85daa+Z4pUvmgQND4jogf0JNCYYX2bRMFA8cs02kU2nk973A+TF4v9+P1P4f6y9e78DKhxKStOhPAwHx2fXt5f05thvC9eo3J8ZKmBDYlsnmjxhcHaXjrn+avBIJa9f/r0+eL02IQw/fhDtZoNtr56CHp0uG/01Bt43785tsGN4THbKnuXiWFQMlhlcnt17WV8Joc+2QixXeio8dno4JPAzCrpk+M/Gb/8svXmVBy6+8tv33p4+NPFs6hFy9zreYsxRIcplpeK44QblkcYz8wVmWEWqbBI1UL3L4ode3iKGy2K7iA9D+BlxfpWdVtFwVA4oK6lWt+zhXslKtccRwH3MIyqnXdeGbGtToxneI+cl8b1qJSNxapEE83yVNziuogtQadlY4KqbF5f+FilEio2lvnYWvMm8K2Bdzmx2eqTRlPRggfC/hFLHkf+5wsvzvLHMp0X6Ah0Kbb8RHbPYeOeTrvBifkAR4DpyYTKrewxYHx5/GubHu3++OrGXdyJjWy8KM/+5K8eD/cPP366tkP11tHeu7ev3r05uboxhrfH0Le3Tze3T2/OvDIHx71SxTwCWu3J+qOKzVBYtveNBSI7KtrtszmFnGJG281K1C68smE5i9CTCQ8eVbez/sWV8WNzW72c7+HQXu27Ta9kehG5AVzjjntHR6T3Gr3f/OVvfvGXv/HaoIn1U9NohJ5JnGsk6YtyUmEJVRQ+4O1FNWRjmmlmVBPqUHCGN9Q15ntRVv6QDTMu3WLGD1sFPOd9p1Gs5iFsUXKMBDhp04rgm/pryjLRAhzqXWgExtBjH1QUxl54AJKjomDiKnYmdTxh2Cq54rjM+tPkSeoAFI7MX9Z4l4TFJTUEU+UJrmBuKOiLJhjIJSk2bQwaYATNs2k4dtz4Uhb1MCLlwoVA2ksTo7J0OZQH9QQ1yk01GO3EaxrzX2p66EJeBoNnmB2hgpoyQyeAVWpKjIgVGVV501pIB1OssPXPqFTkhJ3QSmeQ6Dgl0BAOzyrYIFl0U88yWyIPl2OBKIxwIQkQxg7MZ7FB5CzHjEbo53f6pVEoWHBQjolSgP+8asrOd61cKLNLPI9eBucAayTSyCg9lEqvadAEGkb0d2PSaKeuoTSCjuXlDbulzGmUUdyA53dLmsUAtwTgC8v9d2MdcCIosticFFcdISpn/CLijmF3FJ466xSHhbHsKoC1YTvXC963a1e4GQRLlJJdAkkWFowT2ADG3FAfL9qwGOy4ra/BuUkHmZLjtTIVGYEkcIwWvy1cZccqe4yDLwJLtD+XVwouhkoyf12P4FKykPIAYmVUGQ9dx0SnAcwxIgxwFWxobdAsm4R2hBztDcCwOcXnbJhdyEYdVdp1DP2hnOp05oRYecPjBmgoOF8h0xAfVwxNr6pQapqCeBtXTsIK+a8pcTn2cW2DsYcnCxT27UBzbJ+8fW9U2TYVsPBJn8GvU9Yg7qs2X/keFBqmMzbSuIk7+7REmbU8TkBQ4QwU2lLE7CcHILObrLI1AW42ivHYaUYQZRnZ8oRZz5+2xzJJxnEWjlxO0zBGkCFiyOMykqS6X1K6rI/QvMwgIgbiPH+I26qnn8aGmkcpcksw7bg/v14ZUyAz0QxBkoSGxkdgm4UKo8Akm2apMIWISrUH4QSHAqumGg6egpi8Makx2RwuW6yMgEZnItsddjzQUVXFkNXj0/7e/ru3bz99/gSfLheNt+cn//Tb33vrmCWfuw14vhIq4sQAmIUnJmrt9uD0y+cPP4oLRGof6dSrfuF6erJ0INPomLd3r24vx4/E5saV6g+PT7yDxQw7b9Q4/vz51qDRq+LLXsJrvxKvQvvjxaU1y6IFu+iRWnwwVfPr/tH+q70jS6GPjs9O3pyLmD5+/uj57Z++//Hi+vH17oGh6OvrW/t1m9D2ZBix9xQbY/wqxfINATTJhSnixJaZjjsa6BL4iSbpi9azRuZKfyYishDfMdhn426R2qvdjEp1udxS4jgff3XAQJ+d58DVZScsUdeSfzbEiLaAtOBujfBxiITnhNUeviRu7A6BmhtWbHDQIY4UMxlYNCnTSZVMzZw2fOpAw0LcMtfMg6c+DIuEwUYMTNwwrmfgzVClET5SmrKAhHIELj7iWPpEokmuiMHqmuMOOGwT6hd9a3AEkV9e7bx5d/zf/vDD9sMBa/McxqcfcfC8bPXVw8PWw92jhUMiKRpu/XhjmVve7m066e3Nw3szDbhUw8wmpBb2Ytg7WdQoGx8RxYxK5dwATGWjOa8WfG5nw54b41BH01N4i5aO9rdPj/a5kRCzsXd3/Y+PhtXdjTzc33JywbUF5n/77/798ckJNt2NCKTJw0aprOpMRmtQZiC5BTE97KvHXFVdr7a7ixa3n4Zm1IJ3Oq+ir4aaHfILn1DntWJt+b4oeBI6nwY9GOVrPRxzYzd5ffmf1s7dmNKVL8XhrnBOyudRcPCU/DU2Sqow+BEtrmqdSpKy4pGqvFIQ9qW4UpMSLh/4B2IUEgLNNRCYC4OBEIpnVihFjBMmhiz8SY2eC5x0lXU1OAu8c5/p5iNcblyFf/iUHTtJELoYSTiJoZymcRKULbGWODU4WTQHcOB8KUK34GXHxlSECsIcGb9qUa3woCkdM4oNqSkydAc5lgjub3CGdqBq2CsYO6VVak4YwDGcJ0YX8bh+hgkX06KPGuO54mgtDNXc7B3xycrJaHWUEqo6Jv3EHOUkCnJBSSNh2Ibo4KxsjURq8ck/poTfDYpOYii2lAxPCLhWVGJi4RuO4m3kjXS6lDt4K1xmUqy/TJzrDNDipQCxcvkIYAVLj0A4Bhcf6QqaEA+F2Av3OHlao6KVOWYuj9zQVRADC/9izfhQmKfNHEKFwBXnQGl6aEroTqZRhUV28E91SJxSBwn8Gz3GCwJlSQxy6IKKhWrIJifGNplLvlDH2mJ4QQ25UZqMPlW2hSho5ZEdyq6gi5t1rBNpq1SJAJNnkuY6WptycTcgric1gND/OTVxYnqjvpULOKVGO1zBlBCUhCm9VDN4BkWqHTYStGG7isj2ydUi67tGdsP7QqPLAqjNeXh+uH24vb01r9+sNW/iMlvMhHJzBI0a6KVsnxJlDWUNP0r6eAPUGnI9wOgPopDpt6JQbNrWGTpTvbChLxtuXN09evXazfXdxe3tpS11rQsQuwhnjMRU3xoEqA9reCga0NXyjLetKoXm0EvI2pBlu6nZ7oDtgYz++BttqKXTGY8SgOpmcqL04rRAa+IHv+BaMyB2m44b8YKI2iGRSr1WOybpoQ1KQV9LDLR+eQa9ACooMBSNCOqsVhGYzFoecdBrEzoLKohBcx4if/U2DhE1bjym11Akl0ABqHADivfvzq+uLwoVGuf7ctS2gs9G4zxnZlXPmp+e7mxW8nD39O74yAIMy4LRurm+8BKQkz0zxtg3K9za6RqjLdR9PPDuCnZBZfu1N+mZSiBQM0nMtor2CyQ0GKt9zUUz4EsoUxvtcnx9ew3SKODB6eHz1b25m5am8C19s/fj0JhXqhD3Tz987wUrkIoIC1e8JKP331lKst3+efqbL19vPJ5WYOv1EcVYqpJzUqqYfLlnTabhNNpXfgzOV0EobSxQEOnKaFmOLNQwf3FksXJCaMSpaxgGutsCGEU/BgCLWrpiesWLPyi5EE3U3WgrhQgybDbO9wVUFqzEs0DQQG1Vx2iugLRNXtpvRpRdpWJ+B5fMO+bWrcYx9hLFh9cFVVjbJTdKkuEuZ+UatVXhkMkheWsN8HDJYUGPQERyppjodOxZVYCcQqvJ6VXPVdRqlfiHT9enB9sGjc2gvLVnzcPDu9ND61dsG67nPT8/s3r88vLa2iUGMUMS+fYC2Emu/d09kwdUfIOIqigvNnnVrYjo3YihjTAJS3KvVm+9FtRtfF6UKUDEITtjkVEbUfUwYWfn9vbh3dvTS3shWZtsR6MtY+ItUnHjYfjQOKI7xL/4q786f/8NJbBR9YxhiTe3ChRtsLEWbJTs10jpVMRq6bQIpnsI8NuAskcYY/zK173QTuUye81DJqA4PohVynWdHvtK1RiYFNfcHixkaHV0PmyV0snQkQzJsj/jBKpYPXdmBTdcZ+BQznfI8gJZQ34Kha2i8x9jgp1JQgAr4CUN2UpP1nKjJV5lX/5jYBgfmUMS6o5+g0rYfAzeUpNh8iI/6vG7zvlU4IuTSetceayovBs4hKrUQ2qhj52l/aBDHp/z33XnSSgDdvZWfpjMrgk6MqQGOTOwMWJGNg4z29QWiOh0tAvpVDXOEVRiAo8P50O+ahWGUd7IMsjWWZCjNyfZac7DzYnQxtKq2kMmgcbE6Q/uAlOn6zOChHmUVpcFdmrwAPsaFmIsFhM2iqPTIRWauqnpzcZrEmfAFlommZuTklBPuPHWEMVNuHA+Ci1t8hu2mGcgcy0TWz2CGT5HSaPSYorgYViI/cTppA2lTa6kFFrWyuTOSwrMkHB0mJWHo4VuqluGG2Fza6fjejWRZJQXDofigzaSGw2B7diQDEkQKEin4nU9LiM99xsN0y+UQ7Py2XLxm6KcTjmpIRth+oJU5nLJsuCKj6BzWj9Q5e+SQhfeRB2Sk7vYe6HrKgwvrrF0M+hiLYw+/QXouyz/cfRiheE7iOAjGzBmOl01AFsvBnjJV7zWazwRQlavdSSNM+A1XH2PD44BFjt1xEno8JPBOnIYR0JH2+2/UMJLtB7tIedRs1llbQdsMGG6kkb+6iQL4zJBzoKqr4kETFTyqKjIseE/EUTz9Z8h8xDZsybvYDMOdXFze3l18/n27uLm7vP1rU3Vru8fvLLh0sa6z19uDVKYltS36Cmt1IPXPRYmpSic5lExkDrTQAOOYrAaFmkskk4KzmbcaDw64eSnoQpyWvCFKgAN3VSPVqSI+c7B+wnBiIgODlKaT24c8aB6vpf2hYZ4aODLuI2ISHxoCNFcRGtEJcxD5x7NCc2KDSAWGQphxlI93zSa82z4Ee7jo8O//Iu/MBVUhy0yE2OIus5Pjz5fe2Lbn1EcmsGZRcNCATGp90vs7x9hi4o14S3Z2PYOkZRjydHt06MJiBg+2j/AuVE96jFyJgrUB1uGMlH5V7Me2VcQ0MCMzCK8HQN1gnob4ujBRWONybUWdUfctbN7uPV678033/76L39t0cu//O4P9kp8frX7+eqB5d68P90/sEdja6KNRGYWT75TwI49+z4JU8xv079Q5wQB3XFgS3jezEHAmKemrELkKgYtj9J0Bmopj6RH7iB5vESrPu6SaaQKMhmo6pHHZDAGpXzo0nun4hxxTYO9KWHX3j+H+9bhmnh3cLR7eHRgC0lb/QmVWoXu7R/1m25adEU5R9ii3lNsjEY2OpKiNZ/4SKp5LjZMBLC62AzfkVqGzelw6KOuxd1C44X5s44yJUUp269PSHymDuTErWXBmD2iTs9Ov313yuMScnvL4+CWo8yS4cK7nWLHk6Pjb9+dw2wXooMDkd9rsaIlS+18SP1ucvYNhc990ojGCFNNTE0UuNe6WPGEcb7A+dmUr3gUzf1baKVGuEna2bFPkuj4IMerozTmOnX3lbFJCr/4zJlf/ebv/sGUWV7VrajtjkagtKLBrAorOD1cBt4ooQxHmkgrc5thqmatNaiqLa7SfzX8xSJVM4m1J1NOVYZxmpflLatloNIQjKJBThNXwyg5VDX1kc4jawemVe8kW1DRNAgxEd85cWVDNjB+MrGfzcEvQjQAksZLGTOAxFE0Txr++C4yw9dQLauysRb2UOWMMRWxgUwFK9LLGyWOvE5U4VEVeBmbrCHbuSMmF67BjUpDYYN1o8Vha7AGHu7NUfHYpt/Sl7hxuwSjqbkxGl6A0QDF0WjlItrJiteTbCgvq8A1LX6IE2WEiV+sDO+TWAdQ2qgihpeMIaoAwFHtnIVorD2/nYOuDF9bihmwes0KOkqFcAM1ui+5SDCC9cDjPMOCUmmpDKJAkIaWPqZE6MI0REPKN5ZwuabrUVkAw3zZy8TVpjCjklLlw6R2VGC6qBLja+EektOMLjYmfcmSOwbpX15SOF9JSROKjTo7HVJhk6FY3WESxL9UgHU4Ac53DpsG5jPOE+o0OZyHY3CWUo+qglUkBiZn2N540cae0ZS7/ga5/BJrGpYuFu2UgcWhXVZH7EQxpSzaXTDXIPo51J4sEHQ5oivU76YkWPHDKuEUGFJj3wXm3LFC4M4cw3IkO3UgP3ZIF+FNmj4bUwRShuSsnRAvBQdYxgsu1Bf00kuASb0K+90kvJQPNk3VfhdAdbkIvBRJX+u84aHM1RVEgwk7LKeznudn3gry6OVYvSvZPKGiRKGD9060i1n7FDY4maI2YlgasON9bNtekHBg5WLp3QMKD4UWlsxe3j/e3N7ZjO7j1c2Hi+ufrm8/Xd99dnl9Y0b95f3TNYCH59tGGl5ZR9mEyglDe2UtK2xWcGiGtbtqrDHJWpFU5KoOTNX076tddQime5Hnp0RWLtgjcYGZJ2ayJkSY+qzgRCJFefOpDZvgMvvU7ueW+BnPmKE+iop2qbQYCZPb2smmvQ+t3BRu2CKwgagJiXr3TMtVGgErmheZKAw3nOK/bsKGMWGwN9r98he/+PHjh8vb2waNGqHd5SvWC9uyWOcqUmGS5iD24LlH5GiymuGuAkpF6qfzW2J4snx6fOp1hu0sHYkWV9urxfRIc/mATbzUPovG0vCcKwAqYJ3Jfz2m3L1zgzDBpnD16cudaCQ6LPDq9bvvviPqb//5d9//8U+UZiakrWTYxapnNxEXFxeGIilC/PH5wvKEWHKjgYtbe6K/fnV82L53mYll5nl8/ucOpLsBoqdZqufNmRNhGqEwSi+xdnNsmxZF2Oi6plmjfflf5ac/Ajc9UL3WmKy619yC1c4yHlutYHHHO+is1DB3FKvFLIbQ8w6mzE1oA7DQi6/UJVNycdH0CitGMMZM94uzGj3ngJi6McvJyFN9VNKebjcQn19w4zqiiXhWaYVc1rJ7Adq4GTmTmJSQUltlhIbGFXz3bPqzMfnr2/dv34zoeS3FWfJydnZGkJ8+fDbV102bocDTQ+LzPy/m8QC3kQm2ZT7VHHZjcpxVl9UU1m3PDTAqMnSf2LuZvZUwa+y89liePuiy4b0qSLnOSIpLV9zFVEiEGuLd8npxo4wWtQR0e3f77ptfHJ68sWqe+aZmpBLaTrrqdbWDAkfaalnaqDWYL79jPna0hxLzVwYP1aulOGe5CSXWGjK1hCk1ODBIcLQkypk223lug0KONGzQ0IRmC/Sl+NCBBmSeECdkhH2DLY+WGelJHNChnjAl+d8QcSqNFiWOvCOHr7RUMxNsXzGUQFNAflLl0ZMZncXA0k8NwOhhUw8SCFPFvBWAdXWAaRVyR5RQmNqIxQzga2gPC6kw3wu+7zQmN4FWMSSGx8HX+SicWobHyFZ2lcmHXfU/YUYmKGmYHAfPKpOt8mDSp+uOF7KrwNBOgLBHNKRUN/1vKqrabaRI1nKjVmLSDE+xPFlzhUaySwlZVgjbglVSkVI0UjAMyKSstiU8LmlqsR3ksCIJvIZn8sdU4QacnevDnMEBf4SH6EZ1qbq0mIuULxyGeaiVOGmTHOPlDvBkTP66hLYiQSyBuq0dTke/sgKG19FXBDaYJiMK0hcWun1BtqAVTbwKDcTwt8GZ9urUGShHC9vGX5cKl6elrCnF2UIfvUouHhI9M2NhwIYUbkHREWAAACAASURBVMMXV/1UaICCcbrwTlIgc7mBKXPiu+HH1zL14P5ZhqEZDdjGwk5q1ZPddzSw5AdHkA8vw8ef1TYwvqBagpTgvJJzbKSaa8mTG8RCthANnQrF7DAcxZfT0lbiIAxgZU6xKYTZUWgsYoPWkzEk1c+467QuoZZ33MMIwIxOVIEGLCrdKtpn5snt/+2TLfG8K9mQol2FfZrGLjSsE5nwTG8tuNE0Qy+MsfBAbNI+GIK4xm/4t51Pbh9NVLeu8eLq9tPl7aeLAsQfPl/96dOnP11c/HRtFeX9JWKCTs/30rkYoe0PObHerTYJ84mP7TrWYb8Tj5+TDNcpSl49eZ15flqBZO4kffQpPUmXiioZ9NQP+OrntfZhqfgUUgvp1dEagSTS0RHYCJ4oYJoINJTVmwopxBOGyhoKEce57Jj1KoLEIKK0zJjmIAidgC62M83Wq7/76787Pz79lz/83p7Oy9eNxNDl6aHRQQ+gH1ocsLt9ZS+TL7reQyjOj05MFPNqa8GMsP/z1SdBgPeYeWq/v717cmzzmi8311d2a9YEMZIoUpd8cnREGu+++2IWqHdhb3098G5drzamBCIXDPR6Q+/XEAeKCxtPpAYLj+x+Yh7ArKFmof3DY3cM//xP/9IT6p1tkxGv75pZKDDxqJqFDMpd3z6u6FBA2TYz7i96Frlze+c5ew0GbXM7I10FJVtenTwTCzTs9Wa1X+P1hKvG0FgPIyeExRGljb3EaD1o7kGw4WTo2C33zvC5iQgcV2IeBKAbnx97rATmX3MDtJgttTZn0jgXh2DCxoCbUbrrcXy3AGbmNiznfXTWBTXOVvs+B4b5zkJLqOnuo6Y56f54ggn8UqOalDuOp9XYjHv2Tf2Ja2OXIlDMckcsKQItd070xKnO5qNwF6p37+KZskpzcXXv8fHz8z33l3p5efP505UR8sZt2p4wYp4jvzGYTILuEexVaXAU0eaCqPAA1QN+olR7KJm3aq6Aqljj4cbJW1s8Dng8KNbvmTIGu3ns4aOJjoa3ZzqJrNfbxr/hxSVhKBDvRHZCFKubv/n1r9rJfZfn9dwZkkQ2QEuNhad0VoOCbdwpGI/1HIMytYw1TQhINvNXHur7yTct4Zh5bKFcLUR9M/SpLGHqIPuGPb3nI3RaWh75M5WUPVnwLSMNEzUh85dtQugf3AApArEEZON5095scGIxSWKDRiGfY0pOeZcTPRTkgCJS4PHgC7ODubbVVZyvPqpUxJTwl7Ax4WSxkdriI3JgXn4Cy5PiZBLrulPrsJq3TY0bLHnb4PAFHGOu+7jCwqauarGJl54GOthq4OYiSjE3tPqq4BCf1GF2sic9gmMYBSLta+iOGUPS5aROnuTAhgZx6CzdowJJcAMPJKzLlZJ0YAbJRm3RHAkkYmO5AjZqfUKRi6W/EPkuba6VyxwUPbkxMwLEzzLWlKxEChmOZHWkZJ8oz3fTJ2LYIUXSorwuwjcUg5kgalLmLiXk4xRQ1qhyzeEvPLjanK+CFZY+f1I0esPC4JYzEg7veBsKvhIoP1jH8pNq0MI9liR+ap208I+SQkoJfmIwD6ljj8ONHsCjOdJkBn9L/sVk5RyVmKNMeGi7LtNAQgmlLTQLNsHmemGSCKqPIsvlQZAMTGUr3gcOQBib69JjZxJCNMmhhbsmo7SK+KltXEfuT0tSWVp2yGL3pfQqNARWVtJPaQ1e3YKsLiFeF4FWaJORA851aB3JWZGy1XQ/w9ykSZ0+plzceIYz8Nx+YquuUht0i83sh6k0NC1N6VAPh50lmisbv92Zifj4cPzkkXAbVRhAebg3PKZLfJ4te4PTNNcW9/bx7qTTPS6wUqcxg1OvrWh4ECPeX9anPFzapPju9uri+rNHzNfXn13aeLGHq1Yv99gPcylFgLBcvIe/Tf2jE1mF+3gnBLanC5nWs41lDHetpbWCHMMbuEhRUCqArelklwJjvH6oRmwFlPW5PVgTF8wRdAQqXwjcMF43jLowPaKgrt/O8BgvuBbuFDiIJ7wuRfTg2iZ/M4hY+x4qHWfbJyICYVMZe+GtCZ2vjM/R+C+++cam1g0cXl9mLL2vd9PtN3kOtfPzNzapNlJogfnT06Eu+ORo7+j4wNCPztFGH16gPBMBHp4fX3laf77/2iQvr6URNT0+3H+++Oni8uz0eK/Hy8/WtQhd7PNikpm3qz1aPmIV+dHhseXkXMgNQuufi/K906+21MxIlmVU0wUaCXX26rW9ct6/e89pBJl/+Ztvv//hp9/+609ewea9LJpTIcXO/snF1c0Pn72MrUUGtCHsaN5ad8siADpph6TD/e2bu8RgngIOzAlJvXOP1vDCoxjKPYhBrvxfIhfIUacZzYbiQnFzNi27x6mtL8hh8uZqKAfI+LlOA7juA4QfqogsfPAu2QH0EmHzV50ageTCbYI5R3UVWl7F9tiaMdqdrb1omQAnHJcqUDMpgubwi24TcCON5ASqE9HwRQkSh6dYrO/Wyj3P/cNm7HOawipY9T2M5r9WufxxxXivkaqu1aKEMJTcytIlz/2tLhcznh7ZTbqafn/39Hj49d03p1c35v6qDrPfoFfvnBz8/rOppV7KLC73LsE9+9rsencz67fvYMO9vF+k7LZB0G44kED2+b754tbx+Z33KbfNDfXZj/PL0cFr71anY9OJp25+NbWgqtPk3S3zJATXvM4Sqzjf2vrm228PT884XiLRmHuSGrMxFA07WHPpqkfZzkeducTUTPmpZNyD9Lv7MDCPXJZPHZCslqSziOBlnS01yp6KHSEti0y/wfCwsoZKPOV2IQvfpjGdhCmTfIvnZYdBOihc4zg5piDkTBkqRoV+zv6cGcd4r5sJUebF8hoWdcoRwzSqGsaC7zOS8WRYazWVX4gDjUpfNZvBDrCfQTBGkF1INz64AEbvS5RUlnr9DOmwOKoKCkdo4NCQBAL+UV9cRWpyx3Ll9F+dXDj8ptk1gRFvBKg+l4tdwM7oN06nxGgytJMAE12pjUsrpY8vdDJcD544jY0IJ62TTmEIf2XGnJOjwCJadhA1N5Wd0osxqV1LgRa4XKyO8VNjxX4m0yDT0Js0iEa0RXLxELjMdABxxcM4WLCahyRiDA+qxXkVcJjBQtBj2zEyXCmjO9SxRR4RikVslYpKiu5LLrxa0pFIgrvKRWhILuTQs3P3jRWIOQ1nRQPtLxJzPdnjUgksESfOFhTgpRkN8ChOXmkEDzIWih8HV+n+a0CHTT/RW99JzfM6QL/gr6SE4SRUYR+5IYzEFM7Uc1a5hdpJylhcbsAG1tcAM04wWRtPyTIle4ToPCqTkE3KGDgnRCmCAK1QAg4Pkz3SRlN+tghjXyHofJ11Hu6862e+hsaUGrgEBlMF2Yi+2NygGGRq7/iLUvo5qBJlSA1TStKPBC3YMLHRmuRVM5RfwivDnolcQTT1V/fPt1e3u0evLWswvUzwIwASGYgRvXGjkRu9yKzYEOI4iaFoi8/EAFkQbZGAVM+nbp+uPVa+uft0d3N5e3d9c319efXRl+fYoh9hFkPpVKprdFIPjkMfqHHkTCTXGoQ6IxfbXsXL9sYiRFu2EATRTCVDh/WlNtlukpjAgau0lcxiDAmqKNoYxBPDdSGlgGFGLCY+JD9cOUdiTAgIj+mULSHp8GPUrWPqI2Znj7hCTDoyCkZbDR9iaA0bDqY22bZcYlDyEGkeCQoNt96/eX924l3Gn//pd/8kPKtRaHiJpBvrMYdXJP/rD3882Pci2p4Eb9/pCFl8d//w6+fPn3evXhkptCeOGwQBi3mA3pec6l9/MVZE/qPDo4f7L0fv395df7IE9ebrPT5i9LXXnd2fHB+YGnp3d2e006PrAkPasGj99t5IKC0aVWIh1hAdiQ/JiH+jj2/fnfz+t//y4ac/GV/9dPlkiNh2JscH22en5xdXd9659/H6vlb+65OoomLpaeu5t2A0pHRvvsL9l4O9Lw3HFZzTjfSdVvKQPxOLvHPOjnwjT2DNse42x7FpjcvsaZ6d8ChHKWmqVl6hSA7jz0n+mTnpFTGOOi4yLpaPTOMjY8dzdmbhRa/3XnlTCyPZlrLlWSpSFDqes20PTpHlgFX51dhkOC6LFLYwPVV8EmlUem0mdvL1CPahWMtyOFVMSuhO6ZWZgk6Gd6rzK3gWw9nvxqrkaTZqglfcnGa4nmf3nObHj5dvT7s1aa+kXbcBe2Jww/g//fjTL759+/HDZ7tw3j++fnj96t356YfbywsvTr715m7TT7eM/nrsr/6zkFXwd3e3JyZl7hFbz2SD9J5E94S9FSfiSdNevxgezgT+yTA7OJqPYF6jJ9ecwaQI++wUvhtppSBL3LyP5+r25Pjo3TffHp2ekqFw3zN0/jWbIKb8Kr2KkLZt9AmvOwzNMjLjBzRD0BTlSIu1yVmkDtLCrwaKp+UPvPoEHQYB1pz48l1rN0dK3xxjd6A/q9fJCxwgpxk6VAgybj0TiDDnVuEGMnZZOGvZAHcRtWX9EW/8QmkYBnS5TUAppJ+8J71C+G/Lzg1FuPLtbludx9LmS/Gqx8haueEpCOga4q3H7CirxhKdwTCJqQXRKZyGKl1uCCevBim959j+gxBJDZoV1y1ZB3pI5sGwTOei6LA2BEePKXoIRDdq8z+iJD/AtAwzLU5u7HYyX3E2xxhs8IRVQakpOeCx4KZ7GuAlse+JhwZhoJFYDdAqvJAk+OIrq6Baf5kSUmsVvg4U83ONH+cRnd+UsJiZqC5AJ91tpEpAoY5wP/kOLKmBgWu4OBQ8I6NMV9nApf9FLTL8K/92RNm3pqQy5Q1CLGyCpI21OOcoD2g3rPGyCrcfQhfVxiXfEEs86YvXfkYYhux8aIW4j78/S4Xh4cFXtneM34Ej7vBK1DIk9+uTZvN8RV7IxepcAuIJ3VluCFO+VrxuAqyGNhnivMvEgCzgvkLW9xTtIrLyB6breOAmM5cNmpF+FZAzrC3BFBs2uwmLDZ+yRx7wS4QhtLkIuQywAxp7o1tf03j9zEKlgab5ysfDBnsXCpfez+RuwFzM9fpZ5Tuf+hlgiolkjRDdpGa5w27xdwrTaRasgelfTLEIhze3GSUhjLdxszAM05ygURzLjC/v9w4bQWwwTFfjzb/NqdMRd7cqTNCJNowIVdHX9HqzgEBf39CKTW2EUzayubu+vP7w+fIH0w1nZqNXddh1+RZEOowvWk885UY20Ytnd4YPW30/g3ta/6k7ezPk4/0tBvH0rLbx6aFVyx1CoMcef2l7m83oM15SJjsVCWLdF5g+jfM18Gf8cFQgYEoGB/WlNhFRum3cqMfrHmESaOLEBhDH2RtZsz3JoINMZyawECiafdipPq7uK+lCy6fb1u7VYw/R3r/9Bpghw3/81//uGR3x0RTCYGo4riSjiKwaw2s7mIcG3noE97y7f6zOmHDmmZ9VP2/Ozm1i/MVqYGuSLWH++nRxeUE6YumdhfVGCk0A2N87bHqZFwu3aYgo1tqAp3acMXxDn8I4syY1MhzA0K+Jhk/2T7FPYgu3Sc6N6I1hrFJ+ONi5tsr6k/XTxofvvYBXFGtcE9rf/uHHT9Y9W8xKd4YqPYm2/sA8s0Y692XIzYtmo2ZbA+3v55hahxb84mw62+pL9aZgn8Vy5iwsJV3Dxku5mIfB3UdoWGMsFy/aECX0tDOzp3rfCmYkkYZT9yRFVKoIv8tzQmocmsI7dEm8oMZ2+oxGQOdxavZuN61cwyBrtyTcs1sS4VZMurGi2ca7QCyfIwyhqtRx7YAYCbzwjSLNGYueaNWW1NPkVQkDU5vHK1VcFyFVxkYBGJDiVL76k7788aumv7766ePlyf6zhVHele3l1/YNOD05uvn6+v7plSXkdkpqg8Pb24/Xj+/f2Yim3ojFRXWjb6PFX/bryC3fHhYtc8mLLXN+vr0zwdVS5DwnTfQ25EIM7IzXtLelVfYqw4FbgdnsQCVRXVqn8kXBp/1DQ621Ft68fOQ1O+/efPz4kUoODg/lI6O20Ue2pAKYmb2bzLTWJU+g7rThoiqdtTVjo5x8pLqB+TE4MPlgM4UCdJlN+BnNuq7TYeOQ+wJW6/nzMaej17lvgZLyuzFe8DExyIezgMPmKAyGCh3miurAj4+V5DJHj61yho8g4mf+Q0owUuSc455dTtHY4ZkYUsAXrMEEL2fElG4p3xKQx71UmaQbsHSiMElz9M61qunGV9eQ/MxT2s1X+y1kcV/lOkevz4nbKsIobyMLEWLDVV1gTKHa/2I/lhN2w+2IGtnSuuhM3hSN4wEdbsOfzKqS3Oor0QPEUgiUHmECS+pBJHFOakMhhqNfxxAIX5/SgYXBxYgPZAEnfwgr1Nl8hlZsV6H5HI6l/1wk6Mw9mOc8neE3mA1nAwxbqgpLZx1pAbcipUUyKpXqI6+uRMLLXxFA8KkjCsvZwhL4SvIz/lJqXUumrkN09TPqEb59SIaHn78C2dAL33wWM6GOBvNXXymcCnEibfn+4mQq5nIvoJk3+rgd7vCOUZCYQSijTXoKEf5t2AhHx8CstBJGXIVHs+kDqrBBlhrSODDfTjub/1HJsJbsAzE5gUgYtOsnMeYsdgdHzEZjAAdpZ4N7Sg+NlbSoYSYGVqEuYrWESVzUM2it0SavxHGqqMSe/573yI+J9ZP20lnJ/+YoJQLrCH7AXYYmaTL+oNokDMCcVybR0oI7cj8iK7DJKzWhy/c3QVomnhRTDb2t9eriRlilNxch3oooHm9e3xcdfv3SNrxedzYM68WLP+GApErjzRmP5i1e3zxeXd81anhr7PDWpjYX9/c3wovZPK7Itl57CaPRqbpkkf5EarKw6KGWqrBka05tU8T000Yqv9ipTQypW7ZZjL4c2WlelGyrG38MUnOmEIGLlkS2YS6M0801coh8/armf35SVgwJkXvpmoiwcY+6cds6N4pjbzghr+vlDvgaVxdgwGhbl4V6PbI2LAaT56p2wgltNXpMn9h2HH+2ufEfeyrM5iq/R6OJi2NcLB8VfXw5Oz8VApoUB5mR3WZA9no/T0G/GIz1qjRP+lRS3byhPuRMG31/8v7L1a2Aad+wygTQ115CfHt9fLh9c93+5HzAg0iLWixHFVbZeuj0/OT68vL8zI43O9eWoLRct86AejiE59eURAO4Yw+Gsb3NjZeo3N++efvu9cX1rkfFbZ1z86cPH+5azpBXt4i1hUsK9X61vb0tKyI4HwGF20QWn7ICyaQY9cwD/K9Ws5ca0yaNtZLGF74nAO8tzLQJPZ1jqSkD/aXT8ebe9rPaaYXZflomT0vBj7cBUzPzKvHdxh5gpgFlo6kauWFDg4RKW2Zn7r6+v7etT+E7d3AnQLHCpgSJnqFWdw9Cz9knE9aRhIyhixsIqYFZY47/cdaGUqt+Vd6JuXpkHVQqcLejzGLfTVDRmAnA3SEwhEmwX7fEYVoUUzqRysVzLuvSty5vHzzt9VIkVMxJ2Nm7Q9BGg3/88fPb472/+tV78mx/PTDkfGha4NaWx77WkZnvd3i4awgZaY+VjUeqaJY5u8XDi5kNmKRLY+f8rWVLverFuF5TO9zzmHjINajHk2Wb2HBOExCZzS1QihWI2OBgb9fCt/O3b4+Ojt+/+4apLXiDU7oZzh43e9AF7dxvFXpm40yY0moKUMMKUYsFtVpzmqONYoc9qh57TeHaprqM/LVD89H9owRHSgY6tTccXY3mndRibEjwMiqSK60cbtEXhAuBol0uClMsqrgdlNl76MuvIaLDkMmP3gpMSigiCL/ERSj0ud1iPOFj9ueiYRkCYcXiCAVg8ALdFOgHIyGJfarpOql5DoSxkxhRnyI48wvzJAQdSwkfe8OES798bgG5L8JmGo54eYkPg6/5iUSRjRRnXZVHqbJpYIM0YHqOseAGJJLD5Ea78KxrkMpXa1CIqawSsZSRNTAB+WCZlhUV5EQzfiNfqQEZniVFeqlvAv0wpbYFle42bFc6BAMwmOLRyRyc018tefT6SxtV5RFEIYrrnq7syVVMkTjtkOwrYqODMVxggzYAagbcHymTOhZ8Z6DlpQs4/gqOkyoKWRsPdDRWg6TcynUk5bxJpdPMMnxHPQNN+fgJeFgadlwN3+ur88UmDHPuegpgCLM5ABTpA3asTmtSWgz7JotfIGOJDaUpEYKV0Uk457qTSoNxRLWUzWX+WvYU/DN4Rhk5FHSmDNY2SQuBbxqS3R8kQfmP/WowIouBlVzRQAa8vEBgHimHwcpHclXQMhOeq2fBYSy+c4/c0d+y6ZSBNWobFOtniE3nMDldOhbU5MUAjkcP+F8c+dFCBTdWcFL6HEFWj+I8qkt0loget4lWceFQCnROQtV+N4+3D3ef1UWdUzP86wkqquF6+rJ3DIbSvAJBMb9ijulSNRe6L7PIDEFeW6p8ffeph8v3NkS7uL256JnTrIqNA9ypTDGYnLUzjeXV0ycA9nqLl12TRRB6VV2zJ22vH3HcMJto47UN0Oq5Xnl3s3BGd6ssFPKhrzP1426c2fWRiTx9M0mgEmcIEp0titKoSRFlyULIRK0fdIgEjKAZwuvTw2UKxIOwJF7FTJAVbxqri2FUSk4sZMVowkoFMh3WqLxJV8ZWe2VFkctymzTAIjMqkOwemQsDbRSy9/ufvreDsdebYXatrMUSVGiZROaRNPYEiXd3NwjeHx5eXr82wPh0b9PEI1o1WOf1uJ8uPxwcvGUdw3kekm9viyXMuhPwejmKuP3Vvm7+4QG569tLajk+aG9tHT+WYwxLKVKSTY3193bdu/j+0+fXV9dWvfzwwx9vbh7tGyjuazzJAge7be++PrNcVnPw+GxU1XNwb4C2NoWZRAOUlH5yaNqwuNXia+ugva2LV6qSjc2SkdlQz7JV0lcmxIk7V2hFe0vDCghADZ/Cl4uHYHxz/EpSV3lbJskw8MKfjYJfDbuB91WR5fEmX5wOpC8EqzHgeVcj2m40etPKmGqGVxuBq20YSohMU05jzeasfWBipJTPsHGhKzTIXU8nACeOoJrgPIrnFe/O/A3AeXB+S1QBo4BBNWCWaXHFrzma+CiEeW3zb/duH7ZOD0ZtX7ZFijNFQUxnGsCD9yOfHu7/5S/ePdzcmzD7i/dn//rjNQc0l+DmXl3E0TYvOj05EwlSr1pXJcyV3QS2qbhdFguzbW1I1Sm2+MAm2/UlWc2w/jSxpP3ypQfNJhDA8ardbUjiPuf9N9+Q99379zeXVxx4FgO9tu7dy6t3dg7SXbYZ9DQ1FbhfhCyCiZmp1TUYy9h0PUpyOVloOUvjUjqTWqWuVZgjT5bfeQbAeafLOcYb5yKIckQikRwQ2p5iPKb70SD6iXwmyAbJ6pTwyx1qXiuTcsR7gOVvOOF+sjLlwFZsvKMKMCQ3dPl+NKgdZC6Q320S5moEKSGWyoHBdyytr3QxUq903KWBlFlOsItEp5uiUZh6NxQCC1v/6aP7xpC47KBDPI/ywpdKQy6lhqNiAUuhFTpNGlAvxlkYRMnVEegnl8bS5PCHTM2xn2F0bCp7qXG0E9urd4U5SUeraargNTl7ZkKm4Y0t6H2Zbrgbluq70z+yBHfgJi+aLyxnuBQfVw1VBLZMM9oZrUcwPqd4VAMe6hlbRtgn009Uklr+aG/xFnRkys9KEZ7LWJE2DOeHsYRfws1p2gI9APEscbx3+rHOy/c7QAtjaAupAc8Dl3Av5ftN1/2UgIWUSpU4Hahyy5gPDP3it0c08telsqOjuFmkB6Uatx6V5CDhH4WNpt1v5okreQj4giyek3LA48DpCL/wTllUQU7e5nchrvRkTbaCfHOhGO2NF4UuaOmrm4kg0gCXuoaNyCRHD9jKTLy4KCXmfOZsOW3n4WSfQZZS1qmyo6FhflJXUd8QJmNH3VIX/kM8J/2E/c9gZQ22shxLT/EWthG5yEYDQqnGfYZR3/WpPtOnjvqqJuy4CqJZqDdqI6A+aVWeUKYpMUDNkRGL+ysjCqa+X1KK1pGoxQzikUEqgLFnnNMWnqr6PUAS/t2266EXZTz4th+zPe9+vLjyfFl02AbKw3ttyGoNKU3lmbZziFO51kRXsPaIEZv24NN7/kyB751jBhBT3PPujR37nrd2ehuEF5LEUMYP+7IXjWQC4w7GNiZx6Ue/J4gkX1En7enkGv9zogAkqFdSF1l4aCjRxoHGN/ze9wrahgPlT5Q5AaaShURGkcJTINvIZPgbDYqf/KrKBfkYSN6MiqVrZkr8oluC5FDTAAfhhsKrlVmWGK/39m8vbw8PDs03E6DaZ7ylPWKvZ6tSbCb5/O3pm1cfH/cOdg11Xt0/vj1783DzYH9EYnkebVviFvjuHO/u3OzuHXz46afT09MrNwCX18Z4bP7nIfPp6bHYd6clqzdCZeliWCt41VdDY8aQBbl0xwE8m6Y7OyCR0vJnO2VeXt57dYp9BDOCMb0teyW+8tDZgt9Gix9nWEg0+nXL3o208ehd30TpSTt9F10ZyzTtwAAc1QlZDJjJYAwUrW/n4JTJyOomdxA3i8VpuTmf5q5tfTFfMGdvuJm6VjUTu2QMVmQKdjGSqyHsxdeA0MQOkxWMua4KcXwumATdIRgHEBWxBi4n0ms+Q6N31UK0mvcmYPbAHl6WzCXqs0p0bcQz67P1NFQ5AhncaWGmDNjbMV18qX717LXOtDDCvVlvNM5V5uCXamvuhLVxGG7ltsh9QTsdmU660wL2Akh71dv2shvRLeuWrm69qmTfenZ3L/v75ps+39ze//T5xubn54eHyH3z5uz06Mere0wWgCLArKqbumcdt3shgdDBvuA7f8tqz88ntsw25Myibpjcsey0qZXphqo63ohkTNj9Y7XK0GATEw24irBl4fTr2btvzr/55qc/fb+zf3D7eHd2fk4jJGenm9sb7/xWg6Y/nDu17IanOspRMJapvUpNDWljQ/J9FQAAIABJREFU1NjZtIsUlvGyf1kDEGBKS+OrQKcDVvep+tFV1a4yfaW8caBgxgzZIcUP2iGGJ7mwqqWdZnyFQ4K36aPjcTFSj6fseJLSw02lFZhSTiqXVw0Tg2WYnAkEg2Yypz0b/9RCxkxi5btRn+sVHIwguV0dQIj8gk6IyYraKhFphYth0Y/12rbgFKqgk3DEmVYg8DmHL22M5IpOwVVqQKYyJfEwWO2r/Gh9pHkxSGj9RZ0J+u0T5FAtdIprqUmwjD7cxUUqnVq4ETpiZVY4Vp2GEu7h9OVSOddj4gBAD1+J+mcvUGzK43wFoXNdEAzNylpnMNTTxkzDEXDlq3Hqx2W9Evx1KB0jRQwm0NwzuMcMPO4UGESTXzKG6iSlJmlow95FrA7bZU5t1y4FqRgvSbp+U2d4KuNkXay0lDXqGa58tSptIEt3gK5IrdwQcQ4r9FH2meu+oWaBamp1E0zlslwIRw0RKnWKMI2nS1HqE6Fg5wJMRSo4xQnLKX0XXKwj0Pjsh+NrmGKzI6ZiyxHfEhZs8EuiySu9Khu7A7pKlxfp4aafzmgwLMGWkv5iMFhVehEIrnu2SHAhBqKFWo1Job8pOAwMfwO5Yp3B1PVwokzlI/Ty1cmobQT4WTiE0/DPYF1FbSRxvn4nNfVHZjHtBwkZLpNJBvZw3EpDUvSAo3ELiWlnSMgl96I2dum8tDFWY1teGXx1fxUZT4vqTMPTkJK9Or5stYXZV4Gb8TUKJaNNFO+fzVy/srXh47MHU0aMPl/eiA4/e+YssJxgYJ46JRGWcrmEdekMAei7jdBlFXSZU1d4aORh+1C2wOJWOEiS5639L1sWOhRs5UIYgAfnU4mqHnrrdC5cy54jpg5IF4jRCSyQ0JFVCxqDwQ694G90SDpCEa/hKhvMCIK8hVDEZNIFJ6gDDE+BnvMJDxuRxHeXPQPlwXBnPdqLwZGxgFUimWWiidHmzI1jZJbcd3QBSE2ySMC6Y8/37WVjUt+5B8L6UFtbW9/TOGZ70Ag7ru5uvrPXnRfTCWUECV8een762hLRr3ePdx4RszqBcFV09fh4fHJqDM9T5ptr78wwwoir5mw6GgollJKjC7mEWhURr+JkQ0GNoj48Hx3tn5y9EUeaOvDjj1ceS+ZtLVjePToIC3yPd49e0vf2zZuRRnRIpdnd1EGrp2mMcTlo0BgQlXnSSSdfnnqgnp5TB6yC5biirAlmputmh+FY1MqAVJwHC+Z6Ms1zXauwIuucWXeZRNoUePKuGDVgxvsSfsJF/jNrXNQjqkKSXwxLvKj+a4SjlRpDTueDLhePv3ynDyr8JraqjQV8qBjvc7MTbx25aS42dTPRMGTo05vMuycJ+Qymig7GHWZuxIwRbnkgLzILu9K+ZVka3Mv0XtmtcRzfAKSnvyYJPJwfGwnmr18Pjw5tHPD23enbN0d486D8Tz9effcf3kPBs785O775cPN0Z4ejLQvdDYt6DbepkTtentfkUc8Heikz/2/Vy/brQ69bvLWhjHFUAqLrSff+p4tbOj85PbQXfkrtUUDQVTfMMqo5CRzv69av//qvlXzz7p1zNrAZOTncerXQyxTnh/uT3fMqQYabznkkTZ+Fzikn5VWts0F1azXM1aksBGDprW//Gb2csoGm0RrygQkVgFyhEE5DzTUV5xBToIqYR8dCFTbjhucl2+mYeDLKltP/slugk7iMJSPafkLPq2MlaaAoNY+q/+ftoUiWfnLUivLF8ag0AB6OGMqNnNdDVV2GNnyyirlju1IDOdBwU1oV0OXI2heGoauxH9lkTrQW0BBfnFIRx46NqCqOIkgtJASYX8rL6WVvqpsFQ6CU2LA3DHedmNPNRJgexqCLYHbd0E+SjuwKKjYH2QAOxYhCThoYx/5S1KcOOQkd9fnNbQYw5ho36ypWcBBmpUqL0FxpD8MydsxmzUqpQLU9ao5hThbzDGDMMGNsV3IpPhnKBadZkZ5Jw9r5kHO1JI6RwZFaIJrUuM3+o9gYkBcH0MVFlOKkjrmrMJQ+kJOHgdpCLVfRGShG5FdO4HHE3qz3W4U2pSXLBROBhXC+12mgNBbIsAJmoVs2Grzx9ZKc3ySEMaeQjttjKJMxbjiMi2yqN7RDZCgzSaOSSzLJsdwnYX1yPd+j0UkINPVCFv5hENwkV5g2u0xH4w8/K2zjkZWAra/UOySGEemZG+KyIz+5XYxBQz38rHSAQy4cnZdJCXlZ5aZ4AHmW/FW29NwlRIvonE/aoItA2BZf62Suh0ribWw1YsnBaRrON4raEqtPeCLddDOByhIgN4CYxmt+c18MQwSckKpMAKNUqSCJEv+vrVm0j/XNaw80AX/5ejbwWZMsHnQayGiZcy14EZkHsfbEvrj1ZPn+49X1T1dXP1xff3h8uNYd1TopXXw3WqPbHB8L/WsYlrIMJwxl4y1FDsYnzHPf2/byhu1HUci2SXvKNeFr585QV/4flnpYmNg1W6bi4jLfmuNUXji4WVvcWJ8uLfmN3ziJeSqMO3FRcawoy96Mhr8stfX+aM9hvdRE0nT/zewzOFJFm+fL0PX00WhIWKs4MMUH8nQNWPNbJR9tG4vFjIeIFR8WshPKtQhZn/VqSrRkRni8BllfbGXBUdsqvr68ujR8QydWSPTysxqc56urq8d390cGeywMMp57cOClNUcHYoMDw56mm11+/WKDoWejS+YHfn04PTn40x8/mW94d7hzd39vtM+e6N6Q6526AgLjfjc3D5aApJCvNjoRczVwa+QJNoHdvsjy/vYXZ996Y/fvv//+w+cbwbyX93qZ271VEceHoiRkTKo0IVKruDT6p8sPohtKwsMRXMZCjVb1rsL0hJTgnBopwltL2Iq2qYdTS+KIDNNMy2JXI5qPu8dHGW20CprGuqewRgqJ5geyDUB1grZ7MrmxSPcwTJPeWYML2Zed5bKMqazFNlnHdpPewEyAMakh28dXX+zaiIpnogXgzaMYL2bC6kzmhaNQWnI2NT+ysVKc0x6o5EK2LjOmF1j7lq/iZO/WZZ70NMPQfQgV6GGRtAm7573mUzSL0jhu85ggToxttwRV1L7NZPAIuEfWWxc3D9+dn5zaItM79Pa2v95vX1/cvvvuzeWO9VFYev3Djx/P/+KtaYg0bS7jZao2D5IOHo8PjzwM5v8Gcd2ePdxbrvRoE8iH+yeVUFPjIQD/UfLL5Z23LRs6NGnVnks0K75UAwhJ47zXaCDbGoD3Rpqk23p9/vbdH//1d7/45lsVyw1Xt2htz1lPeHhwZNWTCpYVaHt7r5rQfdY0bNWKLKqWJH01vSt2k0r5FJLvOFJz5s49AtpUxvQ1jVqQ2dsf4EqEB8KFuJ8sKWlOfYeG3aI6NCvSRZC1aCCGjp9KhfPlF2BUOMWmeH4CXVjDHx4uLk27FR+RDmOoIQlXzGoaQE3WSCtlkQ+EvNPe1GQ4qxksN8pzgvfAxu0Wu/Jg9T+XoChxE2EAq2w4lozwKx6TrmM+XH42/G6u4qYe3gFBbZ0WN/rpX2EngzHBhkIp4VowfrNaYlKWUCboVQRMZUK8aJUcbAB+B20GyOCrV9eWx11/uc+QpLt+EzifmQipU3iTboSDK7HAVYsj0VWsDPlNbBgfYLQVFsOFtQJh3sgV/BQOXUhUhQB8bzreZe1cYcYDylvNRlhiCF9TJD5dz1AZ6k47wC+GEndTATJP1o+2AysDmHqyHSYae5k6UpZKUsM1DOY7zf/oSJI5RiR0RpjKz0GblfUFcepw3aX09LCAKhOz5S4SqTNGqn+ayrBsgEMxyJJocA3g6H9RHVsXJE8NrOSG7KIb8+FaPjYMjMGiHeQLEs0juOFQ4nhKbGbpdB3OMVP3Oz+zF4mQywT5YmxJ2nnJIXQQTnn/FQ2OT3QG/1hF+YEEr1jBSmUV2PhOYOFIb2V1XUHnCb8kWc9/I6dg6MHO1wAMbHklzu9LceZhCpCycom6IK17cGEn/QY+tFNFpstcxRclZRYOiVIWZ6Nw11CiqBu9frp8fZ0AXDarP+1uG0trz9+2urXDBsjaGKNLZsZ//nzz08XNDz99/t2Hy98/iA7V+ZGkVoAYuTJV5j9uKxq2G6w95jLTfTFdfOgVZ70R2soJIYi+kldjYO4qeu67d2BrlsfX98tnqT6PzztHfXplv40+IaIutiq6rXroqB57osU0W3yRCvHRj5tpT5R7kO7XSwLvLE0RIrgEEOLCBj0bnGEpKqxjd0hZCFKsKjhGyWZdozF95wBOta9w4UPRQKonV+wbbFvwOm/xyN3Dx7pcTHoGLdS7ukEOUn26TarzdbS2dz7fPJ6fvf3h02fxz9XTl1/uGDnDH+6aBSYi9cY46wbEjF+vvVb4tVXHYnnBsQ0K9593Pn622clre2c77ExIN08PX+1I8uawh71MYJhz0O2KjLAtZLaK6fb68adPn7zt+fb2/vBA/Prl4PBE7NorfA0HPd1j/Oz8WK34NJvwkQERLHlOaXxWk3VwsBsi+m1oLCcoHsoThSwu18AGzaRFTylZTz1O9S0fyadyB5XRCm459MTo+Q/pa28a8fVo2DiHtVmFI8VPLoHxB1gAc8JBUmPNRwr+NKX8MxSTQ39NiRShPWYzTssDcOik5gBdEZG6UOTGHnSlJlRNeGIebeC9oUteY0hS0QhOtornGC+CLO/KWcez1JKk4+sEs8jX2ydr5FqeLb4sWo1cCuFRnCb+tl+ZNgBKjsmp9jk37nx3/3hyfCjat9cUYyKLxU92t3k6NwfA+wX3rm6Ojw5y+YcHq4jchJhiohZ6ci18N3KopxcWuhk5Pts3js1RhbzibIvWXcCErpkG80hacC+I5SGC7OJLQ8bUbqaDWPXNd9+dnJ56R9PR8Yk9dNwk5FQGhRvBp7hGr90I7TWPwk1swsOfSglIyXMpycm4Q4NX1VyXLFdTVQtcaziJM7alHOtkz3D6ovjqWLHMENh0O5WKSr+Izn8Ea6SG3rThaNX+LEb6CQXvCyS+5mf4kQGZ9GEPDNAFHOqMrt3hcEUM00zVVgcwxUI5Ic4qU87KhVBPMchCD544EhbrybaUNdSUioWE2VzH/FSp2IrzFZjM+chVG7QoTbFhf6mEy6bsEA2TFU7ZYQk2G7lIuGndJzVkCwRU5QagX0U0zh1l+MHY4JJIE7oWEAAHgzPKhngoRKP/AZDVwcDVgWxMAmVLHCMXFEW80sUA0UphL3+VjYf67gCTMFGqualzrmNGgi8KX4XH0WSORFCjV+l6nLgDN3HD8CIl+g0p1CIEMXgqrWC4J2SZDAjLniLww1Qm+CKRYW0Sywp+/icDZzPqGcfzWRyl3YjQxou9lBwuUEnzHcuZB9uQnq9KbQRbOMcAmVfBMU4Y4IB4+Cg9oYb9lMYX6qEWvdFW+Kha8yp7dDoMVj4UEkf7sdT1uFwnc8Rtsgz+6MT9SqOe0l9AI765TNbEHRK+VnnfoRn4VSjPWNQnna3CkQN3kladxvESNtA4SCe818WgqcwiHLYXYMKOjsIcBhBKTD7oPAXr6QfuivkdwDntMiqBO9+cbAhNWtAhqDNKqgUzsW5q3FCsMCLRCdp3Q9raj6kDCUPm8MXNutTVTCEIZXEzguAkaXXEHIFtQU6/+ur59vH28/Xlp08XFx+ubHZ9e+kder0f5Vos+NP13Yer25+abnj9/eer7y+vvv/4+fefLv/1/vbzOMOQVO2NnIU2IWp++dbGu3QJHliI0hbxIkI91Gyy03NOj6hs7KxHs/DCw82DPW+029rfN5qlY1QkObqLGMcb8dIgUeq9ddFCsTbiaJAJZv/FEzLpAgOjLj8GMISFjCT+6c1yes06zr6n168rqOxGRa3HgKi+sCeb+rlBiJtUPdruNno8qI4KnwUmFO1HUVx1ssmpAchqtbBpSA8thjOYaSgTSmWta8GeRRKtmdH33xW8isvY/adPHxE89DIXm9pYdfLlobUUCFo3YKLY/s7tvfevWDF66Amwwdy9vcP9wyNvIFaBT0+OSWHM5drA4dYrl8pB2+43Iq8eLYrOPQqcxWfjTpgyhOv9fvzNo0+PL3/1y7dv4LH6+LX9FE3m22o3vrbLefrpk7VK3pPx2lLn04O9sxNLrxsrbHW80aYdeyIWiTOCwU78NQolBst+uTTZmShPp13RRJsx0k07Ca0WuWHdosXV/LZSdWqA8hTq/qPeViwIibUgGGOe3MFj3zFIOg+I77hVKbSrWagxEOgR2kNk9UJsZ/DOSZU3k2oXWaZCTrvJdzJ2CykAXl7cmIlzZcZmXRYfJ8madYkbNzQ0WjuUP+bCzqLADZRGjERWFrdeq9kLuQd8hODIbAiTMU3CM4RqEsTXr58u7zwspmYB3P3z4/n5oZiNLxtUJhIP+f2fPpiaeODVgjs778+OFDGn0KxRoaEX8xhdtkFmt0zef+M1SvdPe/uvPXG+ub9nLwrg4F5XfXUn3isclEJ4i06ce9Ei7klGWFoRA06w/er9t7++ubw4Oz/b6aGAN5a3KRJpyEJk6jo4Ouw2jGPNfMfpz2uAkh8BYT1oGqCjPuMdY+KIZxYuPIpj0cmuoVGykJtWpn6x1eRmxAnsUjT7hSCsfYVq8GSGSfw3pRbuaTS6Fai6DtS0xJUaFEHVAHXhwHdfLkMdrRgFNNBygE12wBWZjrGLUsM53ClQ5yolT6OXhbCWm5ZgHaSVKUuRUoq2wjRfLIF03MHU5AeAG3mHxuJDMSqpUKhSWHWqQqVFa87mKu2Vk/5WQj9TuOCsytdeoakKwWFjeAUSeNipsKPMYS5zL+YHIh5irgISSpsChX6LDo54RSotb3VqL3B4ndQRdZUcwESEL9MnauxX1jGVf0SMOaUjG/Wo+Bl5w/kih9Pyy6tsOf7W2VAMy0pYJvHdoXVc2VM2RvP0GoE5nK7fhq7GBCCmbXLV+JQaltCOobk6jkFLJDrvCEcSDE81OYuVCi169IL52vdJmp9BSCOazZF2cAxnI1iFw0jCTFfLCSzX8rxmbsGTRbYcMoWCdYzZGvkovfY8omGBYOw+CLmkRnJMLZGElQwVWQEPSkxNkrzQSp3MLpc6Sxi3KjdsioV9fud8c1H177ovZxmlf7p2HWkEpyaEI1r9j0vEYufEHq4yz/wFH6CvIRKBcgq0ojKJk03qUGxCMmdlDmgIKh+sxKAmxckwtK4nd04DGEEqOORHvQts8upHih2rjAZws1mCcjQ22RggbpYJdVu1DbINWCycoymnxUzDMsE5WAi2e7kW9Ux3vWWGoa0MTUVrxpolp7bB0CXU15oOxSMNtRmw6BHz1f1PVzd/uLv9iCqn189kvh6j6ax1Bq0QQGA0ndgjzoDgcwMpvmjQpR72tVWQgjDbZ7jWGz4/GPfab3itZ7VEMkZj4LQHf/lPZsk5sT3mLqpYIW8d8s84A9CRJW3+mII8P/No0PihIUODHr7XWJindyTu/jQlpVx4hEIupk4X760cGVBROxVFnTQj5UbJEzAkEbU2RycjTddFQRo53CuOf7MMT7zIzs7VBVJ7WEJMsIIKXQra3JCabiYmLYLcfn3ryfHzs/l/n0WKX7/eHZ9sH59RK0rnZycfPl8bMd09ONABzw6UT/s73oR2b5ebyysmTk+0KtzzIjXw+155c9doWbe9eVERqku57GFjTDMfjfzZ/tCOe7p7g2e//Pabg73DHz5+uHtglPQqLDR9jdyCvwacjr1QWnTxau9g/9Y8NqtYinqMV3rcKPJVY4hokXJxGrg8h1UEH2PKnKGHtRy0PaBzIiciL+F/zOVCYJRY1UxrlI7VQKbwncmWVwTRQxsT/opgm8a6amt24pWV70AXXgDZm5O67oE1nbiFyMLSoljp/MHoNM7hVVSck/IhGHfESTAWoduS2vG1aBU50omftgzLER8Ea1ZTolvDG9WRi9e7Maj6IPaaV8IVOwWFNvFuoFRwhr0CNM7y+MVmQzg83H59+WhS8IMNEPcPvXR791Cd3d+7+HDJMLZHpxJKsivhxbVZJF+PDw9o1ef0+FgF9XQYEltdonR+cmxHTNTdL6gbvYDn6dk4pM2vOKAjW9rxYNs8AVOXCeclPUePu1t22ofx4PDs9O3b69urX/zql4Bt3u7NlBku5ardK1j3yCAN7DX/gn5G8xQwbSDIVUmdVGtq7+g0P6Csjc38LPNJokfay3BiBqblIp0PmtrA5TO1isPFdL1xNIatQYiy4p1FuvTVM6yUCFUSer8uOpxKiTZClZ3Tfh1S8B582XkI0Jgqq3xZc+5HwjQGpQym4WS60xEiYVYxv9gij2ODLjmjHJmRfTLzWUWYN9BFLfUMGqPSL/SnmAtk/w3WUMZIfyGvdxs8I5az4XQywuh/jlyZhpWqyceP85jd0B0UpSXFC2HIqWLd6SkczpreNBcMJJV4kQMken2yFkyDZqO8+KirkQ7L4HU6ZpW2eA5jOnA5bAS2AU8EeeD8ZPwYf8kkTVeyF6KA48NVos4RO4RRb1S1RYVSNTKOHGCDduWNcCut78hNbwDOaVzxGi3NTGkhQ0iGJe1bOh4nSIphqq+yByJtxdOwUE411E80nK17iDgGMAL7lt2hQgbpgKpGbcEgFguTATkIJWSiD7ACCR5EGnP58t/pcEgabe+gK88QRcCLgbCQdKHdCJFKKxjEIKsAnuiTQ72U68R/vE7iXCs4PCkXP0OTQZwMoJQN68BCju0FObUgwEDGYk5qdJCsAR5i0R/Ol0pHhhfOh0K2DhT3ZI5+yf7je8NQRBdqcCkoDKDWz1LhRirJ8oa071HJRi/DvpSECEWZg6BKMsnGMpy4bTPcgXRjIAKnRkYaHImidrWZ9O7TtetGjHRpkAWrZyZz7ptamu27qwtrC2EpZhDOM2UDV1cXF58/fvr006cLnx8/X3+4vPn4+eqHT1desvzDpYfLt99/vv7Xm7sfv3r9A13mmGqIpqLNMvh3verEs1atptusgUSRQVzbQcasiBXJeaZmnGn2j/HwazbO2POSL0MdBjkMRA3WCSOGc1IkQDjFC6Npwy26cWMVM5DYgzjxi5R1jCI9yBQazhoU2hKMiXT7zNH4oT++MMGJXl4wLDIxfOPPyR6USZV5p7dKfcMAeep+xjMksYwxJaXEBU7nf2IYNhwz0pAsuqhdNsKyx3jAWdMbDj2x7Q0tO3viLcGx5tNrgg266K1vbm9vHp5+vL4xPNNtLob29zxetMn1vp0Sd2xRfHh+dGa0rojTSubbh93DIx28wUKv7NO8HB2hZS/uJy96pu33b89NMrPLpXFH7FqoQgi3AtzJg0ic69FvbqxDvbFz4ten+2+//dYycwEXFXz+eEkyG2zLF2KLtQ0TvTncf3PSqwMhT8KvX4+P9k6ODkT04truLJtsx9A9PXfSg20+OIda5Nf4cSOL5VIDCzYm5OC4ecrrFjtnpLqRMUBExFENs9E1p8jRjSNirlG2uqtcbdo2MUY3EElZnV1Z1SeszjpoaWVnGnMqGztEeKVILpwtwuZD4j2Yp7UpFGgFjWg2B+yzzR9wZNi7y/YIHK+Al/9QngNa0aDgqE1nNj6q2SWxSJ1SEh2wRWPEMiW/eosZ47i0wsXz7yr1c+/JdANw5kHw1taHi9u97d3zs0PTat3ZvX93wi0/fL7CNbU+GzvsRTdfj7058cvzm3MvY9l2q4SNa+H7l1fGIo0H24+T7TxE1qJYdW5ps7E+Lk5Gl+QnAWxYx9uJOQesmAwtSHr3zXtL2r358Ztf/YriZ7cc74ZmsFqevmjVI/u51aNGChplTJ5cVhvr1IxkXt5BZxTHJPBNNS5Un6az2CufqXcthQJgqIVcCfA5T3NodhKVMJZaNxDCmqIpER+Dt4BAUqUHQSzNqdJUBQkwSAOuQWiq6UqVhOnpPSMBbg3rEWR4GjYX2pXfEPpyzWkoIjwko1CZGHk54pJsoz8uj35U/Y08G6WsApM2X5WXD9uw4KcjafpSM8KUSoIb9vrJBKBGU6m+a1VnysVuuSUFVBsc8hCEo/w0MDJLiW5/AzV9z0IjLdPnN0Ai7V9WvEXxJal+pcY+kvHb75BSsC48+L7qzhQD2AM1TAxUaescTGdV1kVvzNRFxMIS9mWpDWyJIxi7R2UIaJugGY0l2vQHAOEOf6wM+8iw7PSzydMnZC9sJXq3Mh1NBnE1B7ebRD6VpNLjbQ5EwxD3ufpkwrlunUaHhULj6XEQ3OI5yh2cbeYgris01wlHUgyhdVnRDc0oT6LrqVWuy4zTVT2yyyTEf74Z3dHNwgjQyUgw6OO99jQ8kzwFckRKHbIvGF6yYzxHj6V48T8aiu76wOh0Y4eVOYVkLyTRBNF32UXJtSBhm4NwQAZ8tC5xlDsp8TV5kqgsS5GA1tPf6I03TGMwbi93qSdbTMEhMzhAj7+GbkN88eVqjDsZdVxDMEJh2LDxc5kIxPBicuSGGYoMqX3SW5BvSsVgQVLRCX6zYShpqyZTr8lB6y5rpsDCsiraNI0wGCaenobccp9UwDAbvnAjbrcQcxxvvCVvxyTA/Wae2YGOle1QIrSy+/Lnu/tPZs6ZwBcq9Htk1ENe9AxB6EWw1nhcY2iYp4NUiXiuG0NVFwpQVG8nLCgUKwYrOJP6+Gh/tb17YyF71sfkVhMDGM5Zm8UlTCGAzqZWVu5ueSAnPAw1JQwteqMVtPVJgh+jccYMdaITFJpVZb/hB1HaMqneEVodtHgETj399PMFIXXaoTcQEqwvMiZCE+AaHMsAka26SVTC5i1FDDUeeMFQW73NGLCowqedaZRlO+GfoFhRi5qv75/EXZR3e3en1TPk9vCIhKDn1SfTAY+ORXU2lalvMu73cCcgu7n+5FUathO5vvrRCP7psQUHdyiZWcgz7W5zdX1l6Oj+4frBE8OHp6vLa6888azx4bUo8+vZ4atjy1k+XfVS3m1DmwXQHhAIcqTkAAAgAElEQVTal5seDK0KUz98+PDtd1ZXm/TWe/u0bL1i2lBQY33bwouzoyPBS2/+3dm9vLVf8u3J3hE9m1IpkOVY9nEU/Qvk2EAESCkpsEiZ23z1uhsfZpq4kEqqhXxZllBox35HM9eQkmkxV2rrpaoiJVAyLB2chwnrv7lD7aQk52VWY+Yp8dO0zpysP9P8itKYnNjMXoyZN+cE+Bt3MOzpPkhcWO3icYwWxmJlN0QzNtZNkUrXTACuwu/4GDcHnrc/v/JwPVHyj2EH5nCJvcAYie6ews7ku/dk4S7cxgyDdo5sUJUHGG/Gfpuf7zr1DhW6Ei1f395ZaN591Jetq/uHP338/Is3p0d7O58+355Zfv7q648/fPiHv/nl6c3DT5+vITk6MF/Vzkp73rAnTFR/qfPmvikNpht6kwprWFvUnqivvJrP0rVHNxsG7o1G07bZEI2oey2haQ9ifauW5k0qJHGz5e0pdlg8OT3f3z96ujfebfh85/7h7tDuBEajTWXO6NUPv6Jblpur9JrJPPi2/IrRpi1VoWo5qty1GFWfVOfCT0EAzstyUbqEcl+OqlzqTu2+a3sCoMOSO13oxiShj4fVE9J+qet/OeFchFFpZRWtRLy43lCSPjRWuXKn/Y7Bxcqc4Lx9JZX2Nfwn40InMZgNwiEQHzITEVui2o0MgQ3A+J3KMPzWdq/eQbk6rqkL0/omXJx18MlNYOKiFjidyEynI15TeNMbTqpmKEVreEN3wQ24zJf+MeUNH3E2wKNVZ2CQceIfAYgBxFS8uC4fkfiAb+iWV/bklpLwkzKl6kVclRFXHXmHvGRcdhjdrtxg51AqYqsbLtoOeGwYgUE2vCTypuiiEmrUam0WA9Ny0ZXGIPM4IfsoeAB94VnWtFSpLwwhdQZ8o24lNQHYGEaWJE5rwOIzhWGwNgTqF2azTImaoVFipasKkOZyFYkHYCRa/oI4It2XD1NyR38uy4cYWxtVpD3geI94iotppTE0nxGjJBkOX1GrAffHryVsBBwEI0PdfmAxiudpEiGonU4hgzIdyQ4RbgMflnCsx884gWGLhJVAKDJVpCFdbkVeBEtkOX1CtPnCdliH5kCGapPnNxeIfN9DPv+bfBqIYEe2ABJHQQUcVVoc5Q8PGy4CSSHLRSLt2ACWF5myY3b+BqAkepkGLZhFYkAX8Eorf1DQKVde2CBvALDyzmAfObqIE5oXlBihqa+qd4zj+rve/Jus3QLX/kypnBBeYZB2RGio6TfWotXSanNsuQZLXt3eeX5VB2WKmn3YLFh87s29F09frJY1wpWL5RW6NZ0m5hJk8Zhk64PT+t10NfnZgHz6ON8dYoIRt5OJ94ycmSzfekljJoKSHbOwRLTTv+SHY0UFEfBf2IYBnelEcRPTcbWEZpthyNiTIK7ZZkIWE7REOaZWPRv/avvDhmLRXUG+eJUG4aqrhhzllOZ7nU4lm+YFaoNORR30nxVqrq20JtbEhcqIXGKt4ILMxeDZT2BgipZY05uU9fgCKIrB35sTQ4Cvbx5uDbhZt3Nze5nrMIep/fYdHAbMmjw/O714uLPj3fabc57UBj3GeHZ3vd7w4KB9Co15Yvn6+vbgyNtTbE9TuHv25sQbb7yml2CfLi/F3m/fnFsM6w1+ZkFazXD78ORZsI2XLy/v8OMtu1bMCJxFq48tRnn9hz/9QUzkWfY820yvFi7AfbS/c3JweH52fH9/d3Ly5gaW5xZKH3je3eh2i1HEnbQFWNnx30IjRmkEqrFkH0q0nnpPG8HdJOatdDdaZA8s5TCF4x67T9fFdbUy9n3Z6mXKLvIwZZr2Zm+/L36rGkyw173VxOJ0GVQByoz9AnHHkF9C1ZCaWuKdgTtCHomyMqzCQ91dilXD6qNrrDF6tzV1+gbjI//ikjURRtcar48jkz1q+pQLOfO7il2xl4f1qhYtrcE5aN1Z9Ry5FdK9SvvL0StPjFtCZKDPc1qRfS/KO9j1SkN8XF7fmUpoV+9X968uBHQPj3/1S7sfvrL71HfezW06xZetk5PDj5dX3sN4frJn0UoPGLwm5+7ewKjBXbNJ35wdMcQPn65V9bNZv2xTTDtMtWjaLYqXO6bA1UeTgWK8YlvQ+Pra7onjb24d3Ed6ZPHrv/ibo/MzTv94f390fKrxyoPNxRCE0k51LH+YRw1pg5Aq7GoccoFak/TYuT9eQIXpNv3JVYcqDulUfY1NUDqdmPIFdvVAsKTjvuYMxUJSgAxWgzzEhgo+FmnAik03UlGwGXl5UVm5rnuGaMVaxAKqBPBuGCIWhX4yfsytxLB0trDrADTElZ0jrmSCnUTJLue7din/W1HRQlKHi6sNe2HdoAnB8CNFg1VvQVcrn49Gzf9q56I3+ldomA5HKfEyCNNnfMEQK+EOpqtFZ4gFuuFkg19CYsO14Yb5XCdt8mF98IS8hJJe2nRgo9IAIFagsh1TBoqsUYfoF3bMNZ6zaAkXiuHIHLCvaWqUzAd/lopQQwLMSJGrMexGhFxp1DYocDBgw/oochSfeYfxOIyNhIhJXlRXzRvgK7V4IOslRJw7masZNXEZFAvXKUwZKd05hK8i5Y8O41ka6yyPI1LXS6kVDdhv+CLvcrqoEiVEW/VL48PbQHc6DhBM5RaSEHWWWioQ1sSd3KrWOutymEvgkTJI7A/tQbBcb0qWmDCB9L+kG7QRUW7pOT3MX7rcxLfhmv+YifqKiTfJilZ4GAzPorAYX+BDkNaHg2GkdEi5Rc4wOCOhkPQRcCSrxOI7RecYeBs8S8zUEj+JtAg7Y7scZYRyOVFYih6BZJQ5WBfZDT6lwtT/5M93CdU+qSOiyxeAFJjS4JOUz7jI0bNEcsxJIF16t6l+RUjTu8t29NlFNE3l41WiF0NnDcKIguZxDxamnxXFaBd7gvXVINeOz5JO4pPt4Xq4ZeKT/hIVT7g60X+aw/bQcsdW++KnbgNAtTqXrW7WW+pEU3Y8ywoo/7YKNPBuob1dhUwVfVFJbXTawzvUvo2c1Ok3UdJDt47R7WhQI80MiDqZHFRGA74y4lTz8M+/7pf8fQmlPIH1rtom8VuH6xGsHlgG4vMAkNoLMjc4Q+aqYDERXeK3EC/xx0YsYTyMxKMQxsg4yaQbw6LAG0YlJ1JEZhW2S83ezp59g2no9cEJHsj66nnneP/EqKFwjG4OD44/X9m7hqJCh+890/t2d+8eTCvc/zpDjOnkKTvRu9EdT50Ra99BPvFs/tnj2/fvbm8fzTQziU2QYdDQIpWssb1vles3b9/eP/10/2iV8fPhicUMu542Gje1DFrkrEu/u/NKZf3Mq4ubq709Wx/u2Qfo1r6MudhrTxWJbZLh2cnxm7MT4YKlrlj/fHMlEH9zeiZ0NlppUPLG9EpqRLiRWjtsGxTeEnql2XULzYyaMG/vmNil8UU3LkCrwJmkusOsoPOCvD93WKqWkJ/xnmyvsRJ+wSa6pV6gbJG/gaqyNV47jieCnEXDOZFHx3ko5sIlGFUgu0Fpky6D1mP4xU8cGaccLgIInfXjCRCXmFq8EHcaoBxfSMjxRZwhxXUkRKjlOKrR6rkoORs9Cc277aLP2BG/Pj8b7IWgUPjRguUDzuDuzLTUxgPbZcbL8Rpz3NvzUPjhv/3uh7/91XduPDj3wdHpg7czRhZhm6vb8aaX7NGLEUoTFa5uzT70+Hjn46drI3zQEEGYbkLDx6u7auueexVhcOEFHqy7p353IG4ASHF9Y8X9a2w7iGsqrbJqGroi05lSmrhw2sdxWgLKSTPTdDVuumLoURvAKjaiLqcxokz2Wy1zjax8VJgwjCByhFXUNUXLzwX4QI33JGTsDJO3VEiis5woxuaiElGc0mOMdQ24ExgZaM6CGDRTbnKlE6brqGAo6ztKW8zIksrEJdaEUCNVgJc4bVX3jUnXX30O1gdFZPt74QzH0wTlfCHPw0I68EsVEcVF5cM4KONrkkMKPHx9pNdCQjZ4OplPID7VnCHka87KZbkRcBgbhS2g0NQzZtgk6XJUlatPQixUdkVDS6wI+p9KVJlxsU3xEIQFiJMRaoO22gQRdAooUjxVPAR6QpWY5Bu+XtjpGnEeox2Ym/SVwAodIVc9IkSLpFCpYzcSEoZW3A2F0KpPmVROhWqdRjrkhye2HSF8RXblx1HqToj1vfhnLBrK7iHWsOXwHjoArYvDQGRhHDuPmJ2NAse3O4vF4TBlRp4QP/eu+lOkag2BxHE/oZxi5O86iX1INpnO63gw3E3GgKcnSu5GI0yrVIruHi1JFZGIX/RTG8mczXNMMJEBggRuhuN+h/hwtOFqcRn5RWKcvFLzt2HOD0zDcPjiu+LDV3CcYsGX6lj56KVVmQt8ciarnIpLUU7x0EnsayVKSeiMNCkDnRQbOsNL52SuS1jJo1WXZFkuktZG00BS2CgyCkhK+vOxLlJsOeGpo+RJoRoWMs/iIpnGt2CLdVhlamXKnm/dbJ2uHto0I7O7dAJ6YL2Y7Zd1K/pBb2V4+LLVGy8QSZhoaqjzIvb1sf1M/X6LWZNH72XikRPKNP7VRDIb3HjKXPvM8oRmcqzVjBA+tJxa15ouUlGWHT0JgjxnTfvk86sgpsQQer7MVVBYOMuzs03DkcVWkK/wqihChDZshUK4RblNw+o2vBAD34o3DIkw1ka7yYYaqIh5XtZwYeGhMTh7UD/af/hBV2ygXhBNGcUcUPjUk2HLSSNJjTwMlWzVJ6PxmwRqlN+VyZ6ppUaquNkn2YOGN6lkFRIo1lBs7xW8ubt9ePYq25YD4xxFQDZy+fDTB4rZtRrYwtWW/dJzbVqUv9qm5pW3IX9zYinIPlcx4nWwf3hntUITB++8addjauK6EBDbFvHr83t2OT7Y/4iVL1/fnp94Y7MlJltfDu6Ep2cn354dG1S1B6Ro6c2b88s7kx2vLWWFEWGrXbyjWHFhn6Giq8sboniwaNZjY4HPXyxJtt787OjUmnMPteUaj7y8vvV6j7MjwcodHIWYM0QqbqBSS55msNBLXGy5QjsNSrNR434tyCgYyaMKTTJ2TZJARm4uSw8Zg5/WLNWyupMxjdY9Bwypug+wmtWm+hVoZgyH4gzg7uU5UuzrSapRTLFhlkKQMXtC7F6qqoUYMurPOHrVWYAXTYOdwjI+03qUsUvRKq13hzaz94yMKhTfwv5qTP6A7WpL0XytDn+1sQwsFA0nzVRvzODcMYtRjnH//GpXROcQe3nUIlTtke69XSStVRf1Cw1FavY65OHfvTv7/sMFGT1C/9cfP/7yvYkGVGl/otuD3a/esvj27MwCZ/NGD3rQv9UG7G2C+HBytOt2CS27JTW/8OkZsP2ubIhvTNdDbW7ufq0hX1uWHvaKdqag69v7p5sHO27Oinja3Nt74y3Mx8cUzkVubq7OHh44hrs792OFflOvqGJGfrtNTOUvDYa2gLqyVWYeh89memJ90NTPjEh3HeqbgLyiw03Wmsx6MzW57ntqaOUoFc7RveF9XjCeIJm1xzMyf1TCEL5sOvjywoErp1IrdarkIAp4+CVaDRug/GaKh6dj+HCxSkdwNXN8cbJxV5l8eVA55br5fZL4IXFURvAFswSPci4dBQYCNKT9VPAFt0QEFI/5F5LxNNQlTV6ZjjQSpmpP+hi2J8fX4JCiSA3mRp54qZ7WrIdE8bB0NkCEhS1yiY2YnqKWsHy1MThfY8lhEHCN75I55kOzERDJ4Uy2ch3stiqVrIn2FlfVpLGCyxEoppeyek7UAHKyxRdOaqRDmI5ZAUMxkPhlYruzcn0KvmI32TKUPHLMDzYL9GPLdfkVASh9yq8iAzxfiGblIGRlQlcxMDR8p9phtayKDEE/0cxM02bl4RHpHzTAeFI85fop2+UCWimLpDRlHLL7HuIVH+4iAy4HDGcgLmmjYwNfbvgnc8FRzcvVEJ9GjSCDVY7T8EGcWbv4uXTnI1oQkxEmtCTGTbKVPkyFr+zN75xmt8rlTU5DF1AYFsvSwrUu0mDGLalyvsbww0RlYrNYJpiY6Bg+AIdyFDyMZsbBEZLo9j1nY7h1JSHUcTX5+W7eWVEpm1KTN3TibXP1Qhf6VXrz2wW/bxb91CWtEOXkh5WsMR0ZNKyyv2zvmdzzavdw++Bob98zv9N9Y077h9v7x7t7x9t7J7t7R9tehdqbg3U4QjUOJmbsVSrefqwTxu/j11cPXndnENGGcM7nXR29z1d00qLdWfti9GHsK1jG4RIRzvYwxJWkeo/GfXyP2vGsgC7UuMek8Ww9kt6OCOKcNFXvnqQjMhzdV+lSjGqIGBhSPjPMhL1l1zxtg7/IUO9biWKHbqHGOrVktsJu/xprUB68IVA4pt/rCbPlmz1fLjyqDhTIIYQYTMZuPOWMHyj9OZxsXGDWKej2SeMj3OgpatMb+6Oa0mstu4p+a9JGFVmvkFUf3xvnPFL0hpqvdiU8PjjBnhjI01jRIRZwApsNrsll5xnWwpHDY8Z5Li7mO768uRJyuRkQ9QsaMEL1h/Xf6XYCre0Pnz7bqcQ8xbNjW598EbcdHIjQXt3eXAnlLy4v35wdH068xqPQFYyI3ygBA43iWVBiZyLvT7OjnQCgIabXb8/PFNI9W0hk+tvJfitgvII53T7h+U6I8zasvHHXeBL1taX2zOGjXOhMtitWbqTKBMfcoJBQrNcabarm1CvOnpDddd0+J5+n+eZLTE3jetxFrLhq1qa2jqZyyypIQZszIhUpNuI4qYQyoEjX8y47PimVyWMor4VzfKmgneUajhX80E9e0WqqCWJ5i3Cm6KaGjitSuKAZDO+TIwqGT23gQzjsnFi5gxLgo5lX0WN1BGEjgDLQbAqg8T9KAkP5Mu0FhZc8x+TQL6LDPY5ia0NETZdYDYm6983bE+N7rS56evzTjx9tu86UKo17AnGaHXHcZu3ZomZvWxDvjZj2GbUWSgBvqRMvtuZEfTg63nfuZZqYJFD6IdNUB4vZCc/VaZ2b33kTo4pqucmr16dv3r55/96UhqnKW96kYh9ET5mFniN7E1tl9bh9OvLs0p1AlWvu46ii6kZk8DUSc0JP07GNktKcKj965RWptDagX4jTN2TTIusNqWN1iYNoyqhFabpGMytMb1BGRMZ/eEgA4yfTtHQqqXSAUfSdRZCREMwUAFdmyGoCgwzAp/Id3eCusrWQIU2kkGzwQjAO0u8Ij2z+2p8kDL9QcKpB1cJgAgmiLphQDpD8OR+uIzbMTKpTjS0tLhWUMUjwkkgj/oYqpEvKyidPCvYz/5Geo+IhjMGqgsMX9mr9nBl72OQBy7/rE/l4tmHDIR7TI/3IToZQhmhDbBGIyiSPpjZpIJbC0wQIWDEKvdMEBTb5pYcSl/E459Gu1ChtWJAz2Ss/FIut+cENqYfjuHeMNKGrRyZlAkckYaK01FFK0Ctj6tFcAdLyTIxWpz7iTVln4c6VN7JFtXOTY8IzHuwn/0iuBI+XKAz/cb1EnGuXwCaMk5qkMPgdssPYRgXD6mD5GVeEI7nBO6LBvggNFOWEf76hj5000FFaN8TDJgaScnGwSsRWf8MU+KSJWL/LqyObF5aQGDE9okUgQv1UZo4Soymt/9IG+/y8XK/MSG/QBtdVSnSkmjk2uJg185YVCwMwF84SFvXhiLs5Ccj3wjQl1vkmZdHYEBpOOg/6ZxlczPkCnQblBUXut3JHIVMeA3GzoLXVGtOpaEmhu1ks+Na8et4kNDw83j88Pdg/2t0/2rNFiTDx2GtZ7U139HrnyEsVtnq1ql6a3Zobr0ldImpvYOkpVtFhsxLr55q3Y8VIIxpqOuqApz1qUMH5fGW1YTFfgcVRbh4+DeOATRWoThBCTGCGFYSCn2IinZALHXb5DcjJFB3Sc1VFn9JSAixPPZl+W3deZ6Dn9hEluEoUgXSM4FBPrEhhQJMM26ZZb2jQpDjGBs+Ox7uJTQhF0clSNBAKHwNd7fdWDOC6Ho1MtQ/d2Bv3HG59NX2tR9UOIhVuFijCO41iNsJOGhsVYLhPY5O+1ReSGsJ80u1O9HbskS4ZUdV1GoAp+qwR0cg+i84SqMhv/+Lu1rP9qpvtU4SMD95w+Ly9e+gNbNZC27rHXAKSKPvb3//RUmm2PDt/06aAW6/Pzk+PTo49xaYzsww9L/72m3e6/fsZBTXC1LMILPCUPeunj1AhTvvZeZWvd/o9t82eQaM35+fv3xiTOhNw0CA9CMFuBd2PT2fHR+cnJ57ei+xoUagR7lwiy2KMk0jzS7dY4j0Uz4l8G7wUZ7EGs47gjQKSvbhfSQELPnITNtbnshtfawy4Ojldn7gvpxEuy3MylYsmldEgFqCVP3ly8VWb1g1YDluQAn80EZtObqokezW2LOJtGixUgCaUrRSLSMe28hl8jC1j3ShoX2rrhpfhOace95gmsMrEHdpqu6F/YlaFXs/+gZyljpbnFrtHAtlXFqETQiR9YJnIMMy5ccBT1PJ3b454PD0Z0Lz1Pr77e4Z+eNo6ODS5tH3Z3SJc33iztmVG5PB+FBv3bN3eWUHCJ73/euto3+2mKYyWSXlGLJLOOvQiujzc2+faYkRLqThMm6V/beMrO27+8jd/efbm/cnZeUPkr7b3jwwrZi46EW5inpXdJhQj0IdaUI2r3QDmmMo1dWP0C0gm159Wg3EYrbQxHPPn+WyXKcaG8EwLOV8LrzLylI/Qpr8IUTUya6yTwVTZDkmVjaNVoNGPIZUBa+UQi2OFAx40HCBcZQxmAlYxs/gqMxdDGZyigDl7vcigkV3XvRgoe7LGZepyFqZgh+eh62silOG5kotYWGJuaMy5MhFZ+AdFfV2pqVJe1SP3TIgUUNrKSwGDcKGQ8bNUG72/sAx+8Znq0lBHpUoflCuYD10JYeqn7BQxhdNzvMjwVycxJ8u6wQ7Xw0Oos8cI4AKhTeFJermIlSXTQA+clIBDPZKO3Eth5Y8+FmOxDlLR4BOw59oSlyEr7z+IIH35adSlK6kvx6SEeVFkts5GtiWQ67nLjMhws7gIX5CTnC+gu64roIj6iD5PjTQqG+jhZ2SUUBpVa+7mdFYxV/jf8Ef/TbkBsGSZrBSyWrlIcp7hY2EJ50bAzQ8GljzYUGH9paN6OQwWWElXqoy0kzIXPyV06avGP8xlDoXg5U6BRRCSVB/Q5PWbR/oNdNLpQaqqkaFWjl9nC25Oo6dcqMrrPJuxNKBhbREJR7jKjfEBX99xtRHCaVkohiHqPpNSqqNL16GQDWrRkDM4Ez4pg5TXj4wpMBA0u8GWUoON5+A2Rs41up4olqlnAMqPjm7GYAZe7RYm9dTp9a4hwyM7jWnOG/DQ50x8YTVAAcNwufPUksye74oRi1P4mgdp7bPmCSYdQ+z5sv61x8Y0ZAipwLABjDVZr0iq2HR0kmT1uHrrIoB8q9W7uC7ekzvid3/qeXXOqJg85Fss0gIRkgiPmgvYqz30zck8IjYzTLS1VoFMbz3GHd1CNN0WxILY8OqMUmZ1MsrFAhgusjRoaO6+8Th7ANteWgjnfWP+AxKiYLmDvmKWSuoQCw4LFlrJLLOM6fLrqMI9HMYnloTP3trmj3w5X9aJbt3hQAOTnLcx2BxTmxrs2TN0c7h3WES6v/vTx5/0vs0z29/3cLc9kXe2DXbutd5ZcOUJpp2Nt62uudt5PDk6M+cMTkGZ8KXXo9jW/Pqm+LshOIHSlyv7oNhI8vUuVZ+dnj893npLHm1fXFwRiWr/+OOHv/ub35xeH9nnGpMGIPfMSvOmZwNUJycjpIUIdwY4Tw/3Hh7cwnoEaQDZxDVPG48EVkRkSysWMqz4de+1uYxcw7CtwVEBqNIUYQqaoNC6Bo8v0+RXK2p7Ptv4LW4tKPFIuTmWU89AVOGqtKDZJzcW+HOOpoPKCoCAGd0j5uxQA140T4xCi9lRss0Uq1KqCLMonjlaDV2IwkawZLCxl2FdUWnW7A0+KzSfvXg4Bi+daXtiIk7GVnxIyXGMPMcBU8MBywdXTcGbeuVZcYQw6DDVyVkREgcplOAQnVQNjaSRUx2s3FfrlG2G2asCPZ/PlhZZNzYZIYvEzy0793TeonSjtrdfXnsPnkmoO1/fel2yJ9db9qDZLc5/7RG/gWDh3VfGffDQ/9XXzxd35pu0MPm1DSyfLF3iHvDR7dmEkR8v7E7QG9Lb/6bn5vRdXGiKijjYEKT1KzzEwmvTToTvVr68/e6XB8cne/tHAtHbXufjLd5nDOUNfsTmITu1StqN1cJJqx4wVeYqQGQEJs3c1UKnC2AugIwC6Sl4YANBFWk8PEmsmyn6gRpMeRWqtVnYKrgpC2ooTg8w6ECGs4qaK4V+U3BKSQ3toJTDYEHwqVrhIu2uS61+O41wbLhyDDa/0vwN5SFRtgLOEVQavuE+JHMsPjYX9fbgycunBhaYi0E/FRFVDdrLWOXCsLiKANzRHi3ng7iKgaqS7OSucm94klT5BTxcdrkEHMFS+JScYghX/2rmKzhezmXZRKgXqSXRRhGLYgixhCE9UfVnNB7wKDHYibVr86u/i7oCw2ngUpLjpdYNlaX03CxMweQbCxC5wZIZ4ZNc4194UtcFsoo4YsXCEMrB2GZiNKU3QOlrUFXEf/2koqPG5E9PNQSLdI4JnIh+M1EP2Rdn4Co4pCoY34NnDIUvlxhIAZsSQftbwMNQCFDO+yBaCMI49JccnXomFkNg8ZHYeRPbUMGgH+ZDBKzzBATSWEiWRTT3VWbjckPI5QD263++UB7tlLX4HubS1CTpzz2jm5KVCed0w5V3RFOqZgqT8RI30itcPiFjLeR9z0nX5bx8z1mAq9QqmgRTgG1GGtBI+NRqJ1yKTuX11Lne0Bl5R7Fh8zdM9TvkEpEIOWhplBQVeSU7debaZd+bMmVusgZ2AQAPLrBSkak6dQpxJw0KPaFTGCW3qga/rOU2xTs5l+8Ip+cbntQAACAASURBVEf0Uq1OU9Pr+fLB9u7Ba6tjvYNt27Nmz4HM8ynAY2GIPDxrmOPh3uyiWY6MpgdorWN5MFDYE0pS9aox87piR4ij+POXh9lxGwpRI4TpN7M1BFbNTqVGdPTiOWnVUVb1qqgJnwB8EwenOKm6CtBstij00RMTScB6v31LHAMYzXXXreqRdUcwNtKYb+FSrwztsmPqqV9m3IJckcMiMMBFZsr4GP0yzCE6vLNYw9TD5m01oKV/R5eyK1/hwk1RoT4yXLlMvbgethQgrfzAgS9FCzFjc6iUXLgu2qYP0tVWljLay20yeL4z9szwpWXB6ufNtVXGFh/bg6bxHu+RubsRzJ3d396aU3h/a3TwqfGYrZ3HO4M6JvldiRmOPRfe6eUoVnjDbcWwvXo8fiQWQZiBLORG56OtT96fNc74yq7neujXYkQrYVlQLOJO4Yc/ff+bX/3i7h//xfCkB5Gnp4eGFp+vaevu0MsWNSxfD6zo8d7nb96+EezZ3dCbRywzN6RFZBY92TliyILvr19sXulZuVhQaGukVnxq+iqvECVRqkbKA26b65H9cPf1za1pfTIb7ySLebT2gBx35mfCnMI/lkh1eVyNk2DSE1eWZRl59BjA+ICKA4YPMk7jj2w7yucSbAiHe4RixNZneDs0Pxo7F6u5KWkeQz7BKEGj+XX/lQjJO5q3xIW94Nqj8B65uql5dPugCcORsT16XJW0yo2zed+0XrwZFBL0LrXCDTBUmdUuY6vG5zGaQIV8TkXd9AOZ7Qn5EJcy+c/M3esHwPaXeWpToscnS5j4JQ82lfTcBpeH7YBYHSWOzQ7Fc6+ejm07tLN7cLhzY626PRL589HB2alXmDzaFofP3Y51rD33uNqypBkU9Kacng4Dh89NhVVU5mG4VbB2KUh62M4b9/aOVYYPH6/Oz0/mzXs9c985PBQJihPViGbt3hH+2duQOL87Ua/StN2qmz3OOlacqlWbnEmrG379SKCvOs/+k4stSpfzkuBKBVp1aHJeMrQ73KyMGqEQV8+mdI1PCDLP4K1h7S9oMi9sznOnfHVA+55SL6iG3cmLAU1c+GWSmVllFGiE0xEP5RaBLF6GXGmDZuGcRrICC3XYIGbKEio2kixOB22Fg43/QZGiNnI5CTJfgGSx4XIYooF+h5UVAyrPy/T1Q2hUNmhh0A/Eh7MlTZSHBz+4G4TlAlIYbHIHNFTjLP4mHnK6iT/kb8Rbv5WsroCb/k3LOSirKDBIdB3bXXc+ac5SwTBUq1DTgH64+lN3g9AiqJEhH4GjPEHNKppsylHU0B+yCVx8nk4SIx+qSM3NACDDNYgjP24gqHi3iAo2QFFCx4uap3qnEVQVnpKdjaJidQGXNaUrHg3fcgYSbGMz6aNPinARiwENK/SUhoaozCkte+RLlIFMTomzecMgn7KV7GSprovwusZzxZhlSEgvfF7nePi5wKZI+VMudEpykGn3FmSNJrzDQOw4x3q6qwyZpI2WEigaCervBbmEKDqGgU5ewJyVgeb6ARb9RSS4QbPUNpcrK4xTIiWRp2gmBMJ2vciAx0T/BMNnCh8QCXFHFkUHZKgPkqjJG5ydBBvWSA1HLlLshrtFMmTQRX4JEfyCiAC1LtcuKStnmkER1Oa8QDquBn1tB6DiEopfvUJ9nF5F+2w4qe61bQtNAGubPb2P5qDFEeIkUcMugvay0f3J1vs0oGeuocimhcxIqVbFglhTUWOdcvS6WvunFQcSZlJrgwqiJqp0goj0rmtAEmQkato+FIYjJVF2/mz1ZQJA6SFVC4r1ed4Soni69K5fJ8927TBw0jYboi/kC8jGp5AlrnDMj94aseSXlOaokIR4gD9VFXgaOlwPlFubYqRvRit7po3blEkFtUYYw2cihVZ0ZTDJv+tAAk1wBCragBfkjRLqksWLXTTIyscIaLmPe2LIgYIkfANIY8Pcrr+sQtf1aqgb4RSZ9hrlw31hMytqnUQMXkVhs5Kq34jG8haC4PD2/uudHRYP7Kd9/zAh0bSvVh+bdnp8d/lZkJEmKrhtx2xrS5+ebvXTd1cPJ8cn93cfTzxltsXlbFvt5YknJ7dCRm9YfPv+rWmFwhHbahtxtROyU5EgKaz/3rM2ZQZUd71AwzqZtCS23jHv8BlP03SJtrhWtLxw57H3cGSsqTqcwYw3ajRqdbi/TWdW16T5Ziu6dykw7w5m9qGp6raSV0ihcBF8v8xdSnabellvxxq2+Ml/6NwjdrFhZ/l+Ns0jGuJ1NXbszuClIQYl6Gqy3RioWyXFYBNbS2neAHE4P69uiBpA8UCRcbgKEWcIM00Lbg3cig6Ht+JCRsFblq8R2qzHogrbRwIcxwojidxx6NI4g6E62yc2SnjPMQqobEpEXQ+2BRXyHXhc6w6BS3jbdns0vX9jT5rt2xsBefGlh91q9tHhHn73d+Kn9zLab9PsQyuObx/wa3zYgOb+vgkDj58umAfvX0wbwBiZhO823M6XRcIPtjHqhXkC92ksi1lB//DTB2OsjXJShdHJ3d2T8/OZCFIjoFLQiVkOR6dnXvOXTua+brUOlJOqUxSlZ8Wx42riGCgzslj2K3+undbwBjjKZdXqRGjUN+dl+uqo2KprZYfddZVShtNqRTEI6kV4pSysi+CfW9qVHjLHoB8ckcND1XwYrHzGJVDt3GJhbBtXfC8eawxf+AoCdAEVYgt3jCoTGbqpKZ2TiY5jzzX4gX4pELssHd7U6WRwNVlhTgPGWABzOiy5iFTqHV1u1BhZ/xMep9/q2lyTeKgGMJ8QhC+PTn2SS/CfxTaFFgNSoUn84NNMxZCOvWkpglh4iFKVhG9BDC5oQlrBNLtYjP9hTmqER8kZMI5+prK8IJYbTcVdhRerU7iiS7aNDMHANk6WFHEyuMFN4VXa+YJBoL8VzCKjKVDP4zbhGvwKsXPkIgW+cdTRELNpxwdAucXK8KaEzjfo6FRISlJxXXhCJSFi5Q5ESTK5BxmRbFbtuFuAyRBYDZBuQDM9CTG0iPgejH4iNd91hpvchJKYBYajESRUQKGof5WTdqdsp/D1lcqGoyqG9IUwPih1Q2ZQlkc1VXJng3vQLLEUq5Nuad4iGSPKDcHBGuV1xIb0NDU0X6BcpvhkinEehbNJcBW6Mpxp1AdiAztCUGicDbnEGARTpELxPLSGlAtXEyOBWKpKPyGHftwlcTJWqUmYwia3ajIN2iopd1Qe5IIYsKRbDtalDJ8AodNladaqDkEUoOh9Rmq5M+SwZ2sbfYAZ9LYe0TP0rM4gAk7qGgVj+keDYW11aKjQYJQW7nFXt+excpgaBEHHbCO9U+yLgWjNE6goib+Qj10isTz6RSU9PZOZTvOEku0oLMAbraomoHBdb0c3c7O17DBFAHuUd+tlHPbvM+YkSLDi+tVWL3iDWoAocDT8IBRmArjRn4UBbTmiWxUpqCyFhj75WQ2JWCzyjh7gKe1JISRCw0YjhaMWcRuZwvzy3TSdgGEqLBx8JBWX9Cyzb4ytXgtmwQ/ExXzNNewwruRMn64B6HllTOGj4L8gW3rRYVveWC6r7qrDpElb0OVaU8aT75PTN7f3F2IjI53fvH9zcXk1jdsrEwrxI8hEDF9mmD7eiq4ECq+8Ke/+9fHFkwHHIjpDh6dvztBATxTs2a6ZhXY5vzREeXt/tH+I/4sPnwwInRyLDl/98fsfzDv49vTI21D+8Xf/+pe/+pWNFW/vny073bmxsuSr7XY8//WUW+iyv3/y+fqKvc6Oz81nIKFZidj32LHnjI8Pbk+olR9Z1Jzaqi82mny8urVfJu20DKVFsubGaT53Xp8fetWfLQVZzlbbNZoUU1eas+T5OaUnpnzV+gyDUiCqVgYG+OPAkIcVqyb6l77GEzJmxTmIsCanySC1nrW/q0APtRiANTM4nDl1lpLOWHwOV/NKZzVvh+e4JKh7GlFslBA1KlkFa+ZglxIYc2PaGohxWLCLO844oXDPpVMFggkLkIfNMwNu7gbPypD2Hfji6W1yVaHsPjBBMv8l1fHxvuFDlOjExImPF1ceJXusTxk+THl0aHpCsw6ur2++eXPK57esS/J8303I9vbH+1swLaTf2766fbi1003tC/lsu/i1p9LWoZtsQJq5JZsXbdpr3Q7nh09fIT/67PXsXs3sAcXBjn2UPFy2POXtt980O8DuSzNhWcxIeyan7u4dzCru1X3RE/dnkRqbqkBNYEe1gLirx6n2xNVKK7eWEQuBbE6XnwzMQkB2gIMxnOMVkxBM7hKW1F07wQaLumRXGBoDohEAENkAOus0Lvuepo6T+WU+KeNpw1NEANX6RD5OYnEQSZ7ic+lsjmg4x8gGaihDGN54iMVhTwKKUoeXhSoso4rx+w1kLk4NFfYX3rhUIGV23c8AABqIkofXwbZwYV4pdbEtmVLcOpYOAtdpDLLYxMMwlOtFJ/3VuL9Qi4lw+86kqUXK8ChZ1jSRcVPtX5EM8PhSISsWN/Wug8W3DiKhAITNT8dS2svVkBwYNVriwGNg3GBhDykhVcP6qMUUNMPAkCxvOvCxIvIhz09iPvip7TAuVY+7Tl7GJyK04c8gdYJJTMBS4idfTTNk1DpNRwAA0ujUTI0yR67oxksYKysnRoDBBmWsDM3FlgZ4eI2CBs1F/7DmsRrTKR2dPx/Ol9xLlurnlAr1dKyBO5Xe2RTty39eOezEe+6z3HZ0B0BqCloFh3RsDZLwOKvYsnOepgBKzB66weyn5ArJ6ograu2idEd4SDDHgglqc5m5QFKUUAVff3bO0gdZShkt1hMsfJhZmHz7LGTOyIO9DDrpRTTZUnr/pfnLrOuKZdPRpPqexIQc049Mk6bEhn1AG5XGW/h85TsVXj3XpK4E+TJ0aV12ooxapuC4vYJ6Y23trl10d/ZsN7L3eu9w10vV9uxWt++jO+CZIgtPfTzp8TTRu0a67dFZ4aPXXzSYZxyxm3ydhNEgUY45dxjDUoGRoTyhTTZLfazH0Roum/6DSjDF83RoOsp4r4zASkCTgI3zT7thUI8QUHDb9slJr/J1QR5SeWx1u94i8coC6tDRrBDktbmCOi1BWFHijL+wLzyYgxmHlN0JNqtBDnKQNn9HX3hojKR/q1EeH1y3vWCBIzsDodGxgK+s3DIF/Om88U8ZpEvA5usvsBWb4wMzRjdhFnu29tPD8FQ6/icWFzDMvb0FQPB0H9yDaVyNsqa6I10Nd6DWYPBXA3Zmbl2IDCxQPTo++e3vfvf+/ent9Z0IDFRcP295ZgeR997iS0BoJOn1WWucPfAVPXj98btf/cLY5/1dj4fvn80qO95p8cmD7WaODpSlNwulxXbWud7ZE/FOPJJH2MLmq+1p/uI3v/nHf/ytGOj0yHaJ9x5V80srRshIBdZBX94g/ej90VcGtQTfSFNsS2vN3jv4/PGCrg4Pjz0cN9dNdHmbmtxm7JqH1wJYyxS8+sXsN3vBfPlqiyHK3S32Sx1WWxtApX8MMGWPbiWTc+oIMzdWV11klPGkiZMKCjN8RhfT14Y7Y+JVcbJWvjb2zHUpkD4poigkx+Zsinerw63zCDwVN3K1me8BWWyOE4RWpeoGASQgWUzTzY2Ngew2ircQs5dH2LWYYDGCfj2G69C4ysG63R+vdkF8HEHoTkJETkvEn1sjkeIr64oub275pWpN1Sq2h7+CQgYyG1Wk2V3h69f3dw8w2MZo+9RDhIL0piFYey7Ofnq+vb4BGbgZqdsWVD1f3rh9+mLbGvePXt/sRs4EA5XRQ2c8YN/uhnLBGB5p5NgMyafn6+t7G26L6U1cpCtPub1ApTeAPzbc23wQuwjZItHG7vok3kOd4sKqV4OLKtm0sBoCuhhTOVna7bvTcqrLaczXVMZNGwOXcEmGnKk+Y+3GY+isMGPspy2aNrdGExcpfpCq8bDWcWbflV5gvbkzQTXIQTlcrIsEGL8LU2adgD0OoOl2Xea0Z/kM+i6hH2CS5D8C+tAmWhj8DeCInfvxpWFnclIBxQIs0cmQH/5rMyarEhHt4WZ4Fdy0MLE4x+ZkinB1QBuJAcdOUWdE4jO68gciXmqmE6b4iWSOuAjKyeJdcn+SEivJhsYgDCyTlJwdggK6zDPiKLHwyM6aXUd+ykzHusE8YNHvZL77SsVTHp+L8GCIjH+OH7JpEqYQK0HXv085uUdKK3dRhk4Lwm76/zQpe6GM++AGEag+Net1xWUE2BllSIQO8rleyeVvOAlwcudroR+ZJ7/rxcyoOK/MBENkiMfgXMd/Djx8FIJ2hedKj78vCfn0yLswZKzmIK4jfhfqn3mNfMz6gnH0lGUwDbUUXj/6GwSr/JJmgeYhFRwvqfygSucdmaKk0SwxJxvFGJo+cthALcXHxypWyWw/hdEJfl1UMIVMfthcLf1ORlzPSV8oF1D6pKTo4SN2gqGWALASU+riVDpnLqVjfJGqhV7lQ5mU4wQpOdQIupeneMe6jFo1KSLOXii4DmRI91UtKbP/IMteP5vESiM2ucO6mhW4At13dIybKBlLwME23BbNOkqhoYjwwJrlTnZ2D7Xp+n/7tWiTxWiv3Df0pgmLZRP+q8WEKr9eS++u+m9b95reauo8XNYHa9JNGBpduolsxCN1dLtcZeQ08dqAFXy8ZsLFal8cVmp0XwGM+tTzGfkyLFI2jqUpU/1qWprozSPm64ZlarB0ijqqxsK9fUP0ZYxMtycUm0d1yZxO6Ui3ucb8dKR1yjhD22OvvFrk0mYgivUrijPm0thhZOOMCDUiuIWvLr/QA2PtouKbrGNn/DuZAdBahPUX7/o58ZHHu43c9YgO2s0CguoR7dZKjc1jVq6OsRGqUQldp6Y8MooUZ5tlltt5/GLTkK1vv/nF/Z09a3rbCzc9Pjy8vrp5NK/3tbCARbbvemD35er2w9frV8/f/doNgR5Uwb/8q7//y7//H+9uLi5/+F6/cXxwJFG0Ksq7urg6238tvrSPyedPF7/6y29FmcKOxw+fbE3jIeT97Vcv8Xv37t3hQc+4jQJS1PlXg5Q3VjC/fXP2008fbHRjHOni4uL09PT92cntk12Rt+9urq6ur42u3Vxfm0j5cHtvH0ePOKno4urOCFOq3fKQGmyhk9Enut1/vWP0UHCTO/REddvGfh5fGgQv9tjrAS7nyTKeuTpzPkbm+a0j4Q+Tmt2rCU0xnLO5T+RmXEhYbmOdrDu+MZZXKGvk7lX4Gtm8gB/m5aoHdpr4oG4MjNCKfnKGjLkWbdiNqHojKQz8cKqvEtj05Lk5tfkAVNvCqerFlEXsJazc/mIfyqHG2zReHAOwvx79juSqIEFbavLFWmkDe0YN3Uo9CvgtEPFmvK2HLbMnhvS2x/uqt3elmBBhYTUjC6v3Wdqgn61t1Cd7Z1578V03KgbUmZvQHjfbm2DNMTBa6XG1ImzRY+g2X6xi1AR3E/Dl6MQc1ntyX7ozeETLlkme1L+yIgWfb95/Y1JLU31NLVUvE6R7TlNeKKBgfzw+jQho6CYrZAIpo5sakmycpjLn0i3b1XwzpOxpBidPX5hKpVaiVgf8NE1Ts9NoWREZMHYb2E2ZHKfCk7m5L5/7gxWnrPSobnqrlVAlHb5wBEOxROSnUoMI3j+hOumrNqYgqTz/nCwBc/ZgfFbGS9HSNWyYiu9S84rwhEqR0obzyJb6QmmA8KNdDnswVTjgnTfqDKO/cMRcORkWaOqvvR5uFq2qY0lRS0eELkqAKPaSbRjqfLpQIBUPb5mxNqRDoVQ8xRSK0OZOpVa4uqPgZMeXI7MlbU6PtSLMDfY8ES/NxlEcjdjsZLijquhUaqTzhQo2Bt0ikTD0EILkqyCUw2HSJWpdQjymt3ws2tEK2LHoRXJDexWSEcALjvAMqdCHLAwgw0qCLvwvi0hzXzoFFO+EzQlOEtfz3DUuXKOaiCyh66ZKuNKVbgV+lFJrCU1YBB7VmrsX+dJH+Ncq5oSJx0Gbpoa0pGSbepQHhQZm/DmkjgjxmooCnd9JVl5aRxg2aAebsaJNAomZex6fjJfDgYWQd488flhSlWSaghCVOQoMbbgr0Vy2OR+SVDLqwfEiXJZ/RYePCk7SSBC6lRvfSoJZrFcqboZoSYEOxQ2CbCdhpMrwCseH/3Us+Fyns3BFCf6whHiSOh92hrnFdEJN2vp+KT5Xw8GLhQNi5sER+iIN9k6B3eJmf4OFHk+hYSphqtKzGpwxvcjiZVOFjgSIva2gIKy93HovRWNPOHgGtvPUxLjasH1B42sv5BV1UNyrXW+5TaENFhUm8k3OoTconp7WIgGrWaT1oBNIixcLk4wetd7Z2EkeyXkKhWK6bhjLabA+GzbjkHV4EAno9DtprG2rt71BeLtJb/ae8a5X/aHuqn5MJ/jsDcWeiN000S4FhLkaJLwVd4yo6TfLcbJqPgBsNeao/4S+P6OSnrAX1jVOBDxp/OchOMTOWHHM2A4dcQ0tptcBtMZJbYa6gUm7KPbMWoeNfxEisbpH7dHujFTNk33tjQpZ2EAXw3g6Fjt6kJl/5TwTHHwRZ56cH1jjoVc98J7lvcM//uFf8aULNqMUdYtSDSOK/g2FmrVny5d3p2/+w2/+4d//zf/xzautf/lf/7P7AU/8Tt5+u7N/YgRJoIVH43G2zu4tHNT3YLzHDeSzRc8WMhv/PNCL7+/dGjLa32Nkw2KWEPzhT9+/Oz///PmC57wF+vXKbFUzI2n27OyUfb3iz53BTx8+/uq7vfPjE6G7VRtbR8fNQfzyxFaeSr85PhFEf7p+uLyf/dk5zKiU+QiOnRP7qnwVKRrGtkuLmNOcObv+CW6Co3ymdZK2Wq7iQTZ1jQYnCnTG/BmyIC0zYq81usBg8MnLi6c3njGus0ECPO8UQTUOHNpQ5O09UJ2B0ukkVvf0uukJFpSMI1epjQ7nGz0kh4iX4QTJWqcY5CRTDdwLqD5SeKptBLie57yE4LFVEtXWLVDeWrMTWpwIH6t3xG/EdcsbDs0ueDBqyPnE1v/+H/72//tf//vT41ePi43v8kLeh7pxXMyoV2JxL1MWqXMPDPIU74/eO943BHhxcXl/Z+VZAb1A3C0Vk9rpxvwDdzrmJxrpFSl2n/D05eruacf2OfT5yBB4NLuAhzCd1mPn9uleW6xt4pyHJycXH68PD3aOz87Pzt+xhwqCd2L2UKJayAIeXhhHZJ3qwdIkHWQlqs+AY4M5B62rSJVVUBC1v9WUZSVnwXcxDWUX2bJv55M7APVztWcBzyErwPlT/6axaCVpIQoLSIgsanMW9or5UWLRlM2d5rqWRrm4CKj+zK8vBu1kXcuBNTi//GPh7GJg/AQYfiehoupBNIN9FVtMbMBXHoBpQvkrXytrc9AbjNogNaGCkeFJkYcXoaECZ4Qwo/vASiPmhQSpOc6GPoiI1U8sHJM+pkgj8e0fUGfLREqvzmJECFEE5DOD8wohMgaZ/r/KOwCDZAlVUZgHYfBdjwBL5KhlrY4AVdK5QowBx3IbTcaMvL6SSX4FNs4UYAYP/wsqmOJTxgpNJiNqg0buMF6J4XEkX5jjoMRK59DD2UZJYYkFbkXRoXo5NjmVTfXjQHlawHq++VXb5mwJuzCVjxovg+1nVYAbdYR16WTlLa6nmpUcWosN4yiLBx1Lq4Sz+ZPwZzZH+YtJ5DSQ5S7ACidrsv+MqSzt0Jh80KSOBQkY2Grw4nfIr7wQKJmpa/BL9D/377mATAWGxpBc2QBGPdKXZjPHyLIojoaGtK8Kp6JFr8sojjgLyXxv8qmm+GpRJB/A2FIkXpIoi/rz6SpncjJk5KsGSlSn+iVTQJVeUqW0RR7D6bdL2gA8WtnwBk1+6i88wTR1a1wEiXVoXKez6SETv+UUvczNlPWo+o+jYdW2xuYd2i7X86b2OGskwlByAxtGTrBQPxkbSgojseQVr5ariPG+evDX++7Mu4KuEZfCl5YgjgcZCMBojeh0CElQdAirkLNSJizalGY2TezJlTENizPIrVsYL07cWDc4uNHtUmxqSXcJpn+y9cz/j6s/+/Vtyw48r3PO7tvT3S4irh3XEXa4zUxnkelUVmYVJZGQKZVAKl4QCIEEEv8mQiB4gAd4oIwKkYnTZUc4bnOa3beHz3fM37528dt7//Zac445+jnnWLNb3s6ws3XQBNnj1cOOUUwhnZEYgdEzyxDFYZSyKTMFM68Gu/Ct16DlvGr3dLizG8e0ryGMGXJxJnYzoRin0XE4AxijQDeDJsQuRqf0wF6ZK8x1VnkiAoqjAMWM6xmQNPA5U9eibPO7+k4lVY8XzhnB4tajEL5KHvKh2nXK1DDidDRgNIUiuZQxl5cnL3/44VurSd+8/swI3+XF1d7hvmEyrF4JE57deGOHvaSff/X7f/yLf/zLX/zxT95+fbR3Kkr+6//6//Rw520lj/tHJwL884uPV+c/CCU//GDzwa1jY1qDefdwsuWAEtvTn706fXV4dHd59eD8dOei7HkLL9l3X5y8fH5+ZcvCpTEzK8ocbmKlwZGz1u+3v/9BxH33+uXJd9/+cHxw8Pnr019/9+633337ky/J2iPiZ29evXv//v7TDb+hMOdMnr2/NrP8+qi9q3/97YcJ5p83A2vPhPnN7W1L32xP0Um4NTzWPgrPLdbOOlFlQiJex3NDP43HTDQbneLZ0+EhRIe57NhLt9NzaJFbXUeeMTWkWpbCB3Yq1yqYQ5I7f2RRiBQas6gOYxwvNuyYaFhEng1n3hNO1AN4is4aQXUF+3lkQ5VNoSIVRzC74nQRUQd4EJfgflykpwMAucy0B8NQ8S6ewYnE2uEszvMs4vzp6qbp493d3//lr64uL//j33z73EFQHGWvNxPRRg8ht/YrOeD60dE19jFbeyquPdj3/pt0aWu5WNATzfEJFoW2xHh+ff3QikFPHXu99YSn79eG7Bir5nWHzbdZHAAAIABJREFUIv7ra1xa/Rm3rQ8BvnP98NzpNjOZ/rhnULPXJ8JiqNJbIS183DPsbbzenudGeVnDcYx2W43ix4yrmymhHnX+T1s4pmTAgrfyshfNMV9wqXDa46meo7BqZsb9MSVXmCBmoQ7h5GYPyu46elENWZWy9nMuM9LmQkIdMJ6n0ZZaloJsA0mo4s13OMKCvfrE2F5cT0Ne9lgeNYDTzCebm0ovbngEdgaVf8gmVKAbMJBxucnqZhUcOHwk0Co2WQCjKjWa8vyQV60gyxSN9jAwkN35ZJ+NVC402JO6eBkiFZ6BhPSFajRchZHvIz2harSh6lOBYBYDACIwhBK4UHKsCsrFyJqOYZ+gcaK0paDAJmd0FE7mLNwaBsKaDeGXMzRqjYZWBlN18CAzRivSNM6wVi1Tbjjta5gIIL6TYLCMyeGdmFtSjijbT5A1E9EqVXJ+5neePuQPho3Irhfo6Ge6veEpRHPR//j3leMF3XW5uVb+OmRQGUQVSqlZp0Aj+q5WsYHAs0IQ1PiEbbC3SeXJvENxSOZBddhBRXJAFwmI/U5GV6CqHHAOXJAbCssKMgdKOvXXwPmAmH+1jEPA3RCJJsChN2wB0NqPkCPTwOcWTx/QqWlperGQA4DbCD/0g4dFrBZkV4Mj67itjaCYJwEWcH4UJwpJCGxDNNyLwbnoGuAwEHyiDe3YWt6voEvlqtlVvFUnVhNWOvQKRXGQL0LDW7nZOqYHu+thZB5cVi1rUK5BCB+ja7oYfYQJnk4lFENqzbecizaltLdz0eInR5w4/VZ0WOKsIIQ5XVruR006nqJED/eIW3zULcN5j6oj6HBuGaJ+yx5mhrfuXo8X71oW4xPmjzQC9IAzIRIeCskco2hcpWBxT4dgSOrZC9Nywp/2ezZ7641wKoL6rLtFKvUwvwCGwKSvkqAqh7De42KW+er6UqU1LLFzY4mVbkmH2suFdUgpIA0SSnfcFodYywJLkySFfNRmhBB0vzE843yNAOnJBHfK1bRkso2T5nzuB3n1v1+k1EYihB+VFaLjX7/afLWAy0Xjk5sxRGmpTpA/x9f1WO7kuVgkXdNtev+xM7fIp1LBVITuOfHDw+HxS+Mt787Ov/j8C5i+++F7g5GN39lfdPP8y5/85C/+7A/+8R/+s29+549ODz+z2uzh/pxG7+/e3Z3dXJ1/j01vhHGGwa5FiNvbH2b939nl5embo1vrAB1osrvl+BzvUbu4uTsU3W8bSb4XiQlXHKnz/bsPrz97df382aUzaj49//7Dxcnpa6PC5gsdqB1/OUl7bE0s2u0iEjg92P94dfvu/fefv/ns9Rt7a67EdwKb9Pzs2dl5q+U+f3ng993ZZa1mY2Tt9LD7Rfzs3JuLTuPJcDuObe6tvr3Mg9LbDwNCbcOf7U7VGB7M8kzFoT0m1SmxIUvmUuJCeOT6Ya7asPYaS83pcl2+wMCNOLNZ+q8Q/8jQOeezreZQZ4SM0ZAok13yijEWF7jjzxGoYnQAtZzuqhqxRDcwVWW4Rphq5BmZj/O7Qs9peSI6bsxZcwxeyGFDTB4tveOK4PU+pNDRjP9WWdw/v+v1dy9PX/2jP/3jy/Or7z589ObD46PD2+uzRjfF4I7FoQcPW1aS7u14fQnn5AoWdLaR3PvHxeI9NG6rZk5Tv765ByIct+gT2yoatRtZ9CR2fn5lIbLTlsjiybNjk+69zXnf7pnL82v9u+1NNNfbt1+/8RjjmHSHHZpoF9H6szvbEliWIpQ1Lg4VypSGSwsw6GDq21zUUqbhrESTc+t/9vZZ96FRosqa4l2PSZWCtBRXmMm9hmKweUYYNqXyiWw1Kf5lOPAQhq4sWGJsiEALZIzbVUbLlhXPcP7KHuD6n0n3Pc44BBfKiAWG3VAvHvI0lIdQaKM8XpMI4R2BICtj5A/ZcNhz5eK2IpEdruIH6EYzQcb7tGcjUXBVkRSVY09IAyzkkRzphkZfEehP5tMn1iEJeDm4i3Bt8tNiucSni/RVWZ7NKkvMivus9NrIeYIDJEIboyhAbl/SIj7Mql3JNKYdbiKytJQogfnIr/8tRfZCPqP2MbVg0tWKOUDExCaDKeBbPUhxTBaUmZIrgSNe2QT/Ek+i0oWXGXCQDNHkBYk37cZG+EUosKp21RrGZFUunSxUI2uCj2oGWEZtTj0swXwhEQDW+McgyOgjxSgXAKOMYlJATUicjAB617mFY1MdesAxkA8gqFFFksK3SkzGUvtSaSoJV7Cb72FnVDWp0Y6fDOx/cKOcKTChvitZT5+pdtmpNPBFG10NlVV4mKez0tMKLNrMqA2agYxG0NKeLqZwQPSzaXy6Y7JNiQ3oIAkM9fIHa/JPs7MUUQNUbpYZgX3XxKAxxTcazjJ+k76chTlduypnhJzvEvK3eOkvBayrgUYrNOEYh3DVZ1xxUHdXNwiw/kNcWFfqu19H9lk3Z/Hg7YRunxyCrTlHRteRVzfKpW3uiJBexNy3hj3+6tVrjnQxWnUNkSemXk+hTjnmRULzUGLEu2adnaGrH9PZQDh4LVyrz22sp34s5h4sT0S6Ng37qldhHVbrD/SDSthWYgLsmZks45SdNgwDNuHFCbs9tuc1VRBWh2EgMg01dqp/vnl245g0rZh18L3UokE4Y5J3+t/GOCkDe1Qk0n0U5/bYBNNqciESbeBNra5HVkYEJ35TSN9MhbbFjBRjNuzHAUmqx6txq5NJbcu4HChE9euwFTMWQcA0AWK9L9zEN4eNJ0FRo012fDsuUBxh0KdRuUa7ciEQDemyVokkZhOjnkYOFYHbsM3pq5ff/vCtl5IcHu/+9off2Ab6Oz/9nT/5gz/9+dd/8PXXv/87X/3e69PPWOD66uz+7qwTdB5vCr3vb71qxQrNfq/vT94c4PPm4uOd8aK7hzefvRVp3V9fvH718sPHjxfnFz/98jOrBe9vLu3O5R23tizt7n325vTsg5WMgkuPlx4h2Prx7OzD0WH7Exxw/dnbU0HI999/9927yzcvXzVn/vD48uSIn1+cnxvc9H41ijizw+Xa25wFui+czPfZ65O2SD1/bsrSNgW20TJYWGhEC+0zk/4ml7ef25x8fLCLloN1KNWL48xmdmwKV9bYN/HdkGH2mKFH+sx0VV+1lutwrCJ40Z9U2kWFksXycoRt/HYTULJ5gR/9w7RQcM4tw13a8Sqp6tSBM51SnY20NDadsDTLi4/1M3MytgqBrnsBU5UiB+M0nfw3D3OqnXyPCq0mJFG9Z+g50NqxFLe5KDbZsW3pZOQaIHJI/7GlbjbCUaWrulGe9YWnb0zp7/6z+/v//f/h/2xzkrcs8xYqNzzM5Ww4s1mI4jDA13ihTScIfTQkbGvQp3utBFG8GW9n71h1IlkiPH/x4cMllZ8c7yNl6HEifPudmfUY6feX9jbJdwC7DSl0uYWuXfYO6Tw6ObUF5YsvPts+PmGv1nV4RtQcxEMvEHeSgrM9rdT1VvEeM1NquscdnfjzVXezLFdlbgUC86WcvuZnQF1W3eU2/6MFGT1N0am4oKd85QZdlKT5HVol13pXk1H1N88bQ6QGKB1nkNXzKhRbudPCBsewW1CKxNCVwzb9xBAANKI1TcsSazrwyYurJ2mWKPU/G64HBw5GLcU8Qy0BcDGMDYkoRWAKppBkeUI2ZcZ7OMtSaxFDxyqMb8uvQoGv90jxQxyI1jhFRyrKqSHOxhCjmRFrFYEkTfkpu2JD3z10Kpf09CAxw05+sFMnF8lG0JOmvyEbMyVVLAyxpvigCkxpxJbPYGcBUPzU5WWmJ1zyhvSwI0v7EIYIwdFXwgXkYjX+bsupLyhYKTsDbsRTdpRdOoL1pYkcQ/Ere/Od+MGMUYA1dumGj5UUdjwNIzDStc5zIv7yM2t505qVO2qojmxGW+Nu7jQaGz5jP95GrAjHXqzFQ9x3sQQLd1z686VHSqLhdYiiV8bQjXvEuiVnNpxb+UqEJ7RJT7Ub2LFUHj9AcD+Rqkx0Nl5QwSETJuB0PbapBklaZH+kEnGsPFGPxSk/GANXBuIgVqWItwpEJPSb73W7uZ9/QfWJ6NSPuSsxaYt5fEI7IANY3vwq4+IfXj4xAB3JM8kme4pjs5+nNEDDc8BDfcFGCOXgsBD8xmllh5ZyF968rnikiamJckxmGTi89447XUCbZO+EdgZbwFQveGGdn6f9CRCdHqIVN/pSw4cS/4ddj6+LCvGTEWTk5/6EeHpweuqFwLxSfNfKdW1I7ZKMMOeQ+q9kWm9kxeLU2LjfeRAF2udiPMq8W8rVx9XNaX6tfppxGoktp2r4xoyrTpPXZ2GvcrHcsKG3fEFPKIgzpuRI61tdvr2trb61UddpiKI7nXiHvDQUo/IZkhvl5UeuR3+pDmcClGRwUwzXzPIEcTPlrWWsBUIeo6xSO+ofCftg1yfl6b3p/V4kagUdpGYYKQWmhhALUwsTZ/nhWGqSGhwjfcwYRLLCDA84zvNFaY25Mga9dOId5tGqISKF7nR/5+j88ox6f/Ll21enn/+TP/wXv/rlP/rV7//J6dErSJwzLWK5vTGBa93gtVEl7nF+fv7JoJ3trgfCsBcHB8cX5++FQ9cXH85++P7m7OORFyULAR6evf7s2NFHFxfX1oAZ3HuxvWcX8u7+weWlSPHZ/k4LWl+/eemoRROItp4gJHr4cH4+L/ndujj3It3bnefGk4wlfbq+ujk5OBIz2UL72UvvUHnmTJzzD+eUKSh78/KEbPu7u6fHjUuZcHSS9n/49feU6Meji+hQVG3mmx0OvG2lIztFk17a5gUbNV5zSnaNGDFzO+0oqZgzz2QcbusrA9ImX6dAtpqKlDFzxtooXDCwCiJHZZiUrFvcVnSHHV89Ksn2kyVgyseoLM9YtTKgGvJeQ77N4iqOtXRZVnxbpByeOQay055Ee1UuKztzopGZ9T3r9IQTu+jKyNGSwCNSrUHRyvyrzsVMDGipWsCqgvvh/0LAh/vT4+Prm62vfvrTv/hnf/7/+H/+pVFAJ6s7UNIiWGErJ/m0bUNxQ7SwHO1ve3O2BwcrFe1Z8ahJ8A6NMtLsbAAvvgP2XMoNrjj0gZeB7+9///7aXh8dkY1KRwf7Nht5UBS+k9EbiET0srifoP349WtSnBwfnrx5s3NwqvZ7wCBUCs1ArXAhzfZuayV7ZqJRLVLDpYCmpSR+pilBLVOk0mOx+V83uzGNxAD9LXuBclkFGkSlqmjrayDTYFat0DCUvdegSrjzpNVIR3cig+giMGjkZ7DlFtGAYj75XhXZp8vwr/uuV9F4meS5h69wo+yBB9P1hmtmHwTSZNSe18vgIgTgKjraDKdUv5u2o+arT208SUEt1of6hojUhBgMVQj2H+JTMLUk7KBPRfOpBA7DuHCntj4DPH26dMZa1Ab75jKmF5JIhi9rcXapKObqzd7AVF+YdXpckxNtF4VQwzErjERRrjLVeVabKGgVV+sjEL3ElaFoQkVeWuouI1FkBlEuPqNVirsolvMjJqp6wud/aEaA4GOkNFaLAMRxNsgjGgcJOhIMBxLpeuj4+hFRFhgkhg6GkdS9YV37kdjRLSWk3S3yXfSX1lLZiLYYGs3lOW59FjdalDge4ceawyOY2aSyyYnUpI/2smJUlrMvEPdhnNYQhaBD6SO5n8E4EyCrWZOzIMIcFBB96TDCafxfqlIRs+GAI1xO/zb5kCjf9wbdECrB3/pCvGIAdK0rCbkSh3OY2GrpKSSxU+GlIReVkpGWfObflAfnTv7QDkK3NkWljtApLZTd9x0Mwv6PzCFcDKFeRkRWX+R/4FAPBhyNPJUPqv/Dpvx0wdbrEz7+z3mMl/lrTMrptIJC+z86KPrBsiJnxdluePNi53H3aDYXw5DaGiMpjLOg3D+9inBDH5snozqtT1WLW6rVjbGhGV8l6AiIU6y1ZsVUGuNaRuhis+hMgGg0ErLNsL1VT4Y8eFAVRDxU+1sf7tdZIAWddfF6AusFLU3vFD1Llya9zp5RzBw2DtcuG4cxWgF/4wzghlz8CBoM1hi5MIJ4rz/RaRlOmAHFhjyLEVNTFYIwyVEXNB1PMtUQx1eRiDiuPcxmxoyRmXUr3kYip/DH4uK2aR3qmgswsT6mDEHDqCaxmcG7KmAOvPNkRA+F7UWDZl71ukJIl92RSac+PJAC64oIgw2EhpleiwsXhzTEMHgUM3iBjdDz1PnCh1+8ffXlH/3qz775nV+9PPqsl09YSScgu/3IGap7XqwnNrwyCWwU0dGRNzM1fPry7ecY+Zs7b849+OxzSn52/f77d7/5zd7R3p6Nz7cfRNyfvX17cXFmlZiD6yjPq5UFlyfHexaNeUXG2eXt611x2tZtbxMUlN0fnZ58PDujlw/njs7W/x99OLt49er47fPdb797d3H9cHD46eDoaPt29+NHo4wHzswx6mTa0bnMPO1w96U1aZZLWiTw8vjADnT27azAJkL5G437/3CyZz2lASzzlY6+KbqxBtEBibvGqmy5EuMYRbTvxuuAcjLNCb3Nqx0zUS8GrvZwAz5co7bMyZIl0zB7GbhmsYa3mc16BdqptcLl1L8WlWaU1uyO6+Wz9bb8nzGtnaha5La7u0JzB/GIdirS7HJz4MYVGzrnrtD4VdaDxL333FCDhIYGcdJj3kQbTxV+amGNV3t7e3tLh5Q+NEzKC+uDiYl+3acHgMbcPWCI+raezxY0qwtuv/7m5/Yf/+Vf/r8cmS62/nRsnW7bhwE26tpD1KPgHA7HGbapqI1aDs2hw4artSwY8yrtWg9lnm97u8rj/c3370SH2wae333/3es3xxec4/bu9NhGlOOLK0eTajF6zqGjk5OXv/MHf/i3/+Hfk3xX+PnSadhHPZtuDrfqwdWPGlhLU9CTVigWg/3XU+YtZFMZMlkQ8yOx1nY+tboTNkmjl9XO1jEoN3lhrbmtx6zznHKrZYU/P0DE9xSp4g2AEpu8og55kxpFaOWElNNND1RHkzlKKh8bC9r3pNPkSngqPgS7SU/hSAb3lU7/JfjesLfIQQ7vUJc/ReJwakteHo6+BAJDLn+PmZhQborIbXe4pDqYRF2ClVLjKHHDe3kRSw/Tv7oerhYzw/uoYCCiDUX8xIKvJUTkIzzqDtUQ8hXmKRDSUuOVOssoJUM+yRTePnKHTc4CKs6rO4Nm8R9h0inu37iOi5W1iE3ywiEjcYfjcMTyUgq8sTCaHk4qUHUee4xw6ZMWZSiXkYKrER8Gh/4gVmKCvXqkCvotcxnS5PQUHDHjdiAkDYNxDjDMIV2fETcy8Z6cMelX0qjOvdVbbstktckLC2QLGkRoJ6UaB1UUVr5/wZpDjHifJ1aeEGSXmqyhufLBh6bPJE/BWqhBLm0omntKvJQcwfjzV95IPsVVouhOloSqVIGSRL8+Mb5skzW6j1kFJm/wLsCozCcIl4uDwKbQ4Jmb8YB8cyFZ2YNvssMfBgUwhTiiJSyM5QT7D+yVTPmGZF8D2eUqJKGngzp2cOMD/d9oJT8BO0xiazxcuU3roFSKG04HM1iqiMRU27qWOpB6FP1ZC9uamLLvwauwHANyeftw3Qqi4kWvCGtiqx42BEUlwhuda/FXkeKMJjb0grfqHH/QIg93ChAwZxbNZMRCo2ZqyxXzYQN4mordRs0qX++RZPW8uh4ens4NiSAPFVzGBE1LVsNEYMLBZ715rde1TIgj4hSy6nSZAgwmlSHmtGBGHqGC0MBg5SdAxqNRIBEZ96kLj9f2uDS53eEhw28tZ31NPV4KzhlT8dRV57Q1cmh3sR+/AhRuSMVpZWxWgxDz44uVqt6JwnSrGQH/ospP9ocC8jcz3DjxG6PNLBtMav5Qmthi4o/BGCuR6YDjmOm9bUIIvNH9dsfICezqv1/sfv72s2++/v1ffvPHv//NH58cvG23gAjmmbeoXZqAXdo12IOCHt0gmvftykVe/Orw4dNXnwn1PBV8/Ov/z/nZOeF0EPc3Nx+uL/cOdl+9eWnA2Y6fz372O0IAbO8fHbUEgaEty2zBqIWIbYA9u7g+OS6UboPC3i6ZDBkeHR9QppjDQrT9w4PLM0Onz+148CNqFDRwuVdv31poKDZ08LUzdxyebBWh/Q231w8WQQqbjx2ns/XpKnrtlPfo0DYUbtSODyOFcFg4q1CbtEWU5pX5zHhx4+C0mDKpj3u3FE6jwuiWLtAt6zGh143c7295E16PM7xmRsMZOsjx23x3vEJKM/+KhWP82+MHXqoRuU6R/FiXg1gtYUiyNoyv8TioBJZqmJlywRkD05sVEf5NheoeFgaAqTcK8shqmbuhVHcDa1UEHtSrcyVx4uFpunuxVRUrKXyTMgX0Oh5DiFVzjmNDmJcgG2092Nvff/vF21/d/uI3f2c54kdYzMd3no1R6KYdHnojX6/muzNhj70zo38T6tHUKAFnTp0Sgju78ODjw5nXPGqNnFW0t3/y3XffCdovL+++f3cO5OjwUFmzAMx5dHKibdLkfPnN73k6+XD02x5MvVHHGazOSnx88NgxMqdj1SKheotSc+rkYVH2oMDqdNZYYy41UFk6pjQxtTTM4o8ppw6msvlZMMHOX199wrYuQE0rVb2T6i96UQ6HiwErxYWvGowhzhSRmlvmYcTMtnGgUgODrxz/K02MHLHLMWh5GQ3RDUz/QxH4AuFNjBW/wU1OCLrMDct0EzUtjZw47yVXXSMXF2EDDkY3UKCPh2FARsTCOi43aLoP3cg25X2llcETrTrI0UcF5awUjX1sRmsxFZewSAkvsjVxIz7WqHHcfiEtf+w1hQdrX2iumhL54TPGForF90hQnh9ZwymUXa3AMU3DXFC+eIuU/HWXGONaczFGjMcRImSug1/DHWmuT0qP2Ua00vkQy0AxE7YeTglXQsW5cuhDGuGsIHN+JU5K+WVHGac/anKTKYe+ZIUuigmPYGUUWS4kjQHynsgk4Ng0AWNjhqFKK1OxZeCGHRQcp9v01REa3DKm6mtkY9dnSmbSQaIzfEoKRwLKgHiSn+iMA+QZ42sQdbUQDWDUxxqDQ1JoYgAil10vfCFON6OquYCmnz7hmG9fgwDAU8ll6spV08P7BB8Mg234kSMhaht0NQmCiaE7yeVgjGjh9hMqbJY5DLtznUVKxivDLZSTHCZsZAThUfrrInxFJ4mmwHxluizsZhS4kiHBYhCjz4BDt9G5xBwAUCGQtrA4q+jQmNSDVVviGq8o9jZUAeLFzf3l7aOXFIsMDK0YsKjhRG7KR1fHK/gQGRYr8vXG6nyqw3lLxhlVyNCRmktOknhuA3JdmbrQwGQMEyYxXfuXumKS8CUIfPhZS5yqJjqi1ng04zZHAlMMrvRv0tOnEcdUUt8auw3VxI7nIGdxd8iNSexa5Z5bKlmgVb89NVI0WDhknhrzmBIsFkPiXh3VhyR2JNInNlNGK/NyXppsb4pIqqG+OcdnYn/wydPH5WrixtlJy/QzOip+M5f3wsnE+uRO6zOvnT5ZyWAeOPiL3wXwBYwEh2HWMBE+Q0yDIQ0goelevNpxdY9HOwevXn3+05/8/Keff/OL3/3DX3zzq9enr1tf2kE/t3m73Qgdf10AL8It/rwzlwfL4+0lx/AWO0xuHR9b+2XU7/ju5vLDD99+/7d/JZo9uzx798P7Vy9fdRzJ8+fHxy9vLq+Pj19/9eXP7q/PaemLz7+6uDh/vHxPfl7i9b1/++sfjnadd+iUwyu+Y/ng51++xfHZx4ubx0cA3//2+5vry+OTfavThNt7uy9OT/a8g+Pj+zODf/d311985jScD7aIv9k6MSp58ALAy0+HRzx738bV5voFkB2JYiut2NjkJzwsbiRsBmg7i9vYohVu3gNCcG8a1H5xO7ELW3lE4dPMqXKY2m0skJpEuzkzZ1QJxJays6bnECrvUatOwmUBBt2pW6GarR70kEXkFOnLbpFr3Sn3gTr/yJcQ8i1qVnghYARBEqRU55OfwpCvqxBtQecGUjgoAB7yzDGCKIQ5VnypJ9j1VNE1pHHHcRt0bBrNmLVxTOsogteR6n4bzycfGeF05qjVraq/vcKefbY+bLO1/SgeTnobCuNd315c2n3iUMLGOmlKHcCLsVgHdV7d3h7u7RNQm7JP+21rS0uicqtXLVIwiXx14d16W+cXl9hjmA8fznB7aqj5+NS8tHiTUb762c/Eo8cv3/z0l39kp8vWzu7J6cut3X1cGvglvsYBv0V2o+gkV39KIRaFJV0WqsGkk3k8HJGrfl1Iq2tcFXXpMtsEOxXXRaatBvvQr+uojO0kl10V78/nyaSQh4OPxUVl+uu6j5suYq4bGLoYiFiWOwmTApFMqKIJJDZyxxxPjt8KrEIL/2ItBUQwBobfIP1SgSwlBlFoJxwcAk+yxHy4FV3yQRkNv5xqsCRpLXkkBmq8Omdf8RB5Kj8fMJXc3Lga1XeLiE+suA7joPOdwSqx+VL71O8BHjG6mkKhiNuRNT5SeMUqHFZ5LqNTmhsXle52WBqAOFhWaGSihy+EUwnduBhcCpQSzilecwt04ZzEsgb3hnO6kDDSRAtaVNJkWJKj6/IHyab0NLo8Mo7KyGXxNsoBImN0k1f003Ol5CVM1KWv21BP+mJgUNWfTHuR9jbZiTOyxpZC0ajJGPrxmGw5/pBxTwulKT7OoEAYpppJT48lJEKcFSCqTFMfJ7v7KmW/G+VKCiHoYWq8ipxTUE7pAQzIRoPLGSCpwaxRTpqg1gfprPZUFkgP0usTnXjcFEjaIYFeMPhIVgpwQwtpYlMwdCtXRoXQTshYXfpyHzDU8lyuXyCLnP8TSJSOft8DWPG4kD85i7VR5QZRT2uDNnIbHYS2VKSjPgqc+w1fYetyii67Ddmwj9/kKwsiyi7zDxe6Gxby6C+iMWrYEXvOqbgVHZ7f3+sEtM9Xxib04ttbh2Ke8KUv+KbDmfF5z0GlAAAgAElEQVSSwkN9V32W0YfCm1YvqcbQt0dFIb6hN6vfHfXUGFtAlXOEy98wmKqJX2easI1lwNIIgJ9m03oQrDu+0R9MSDZ9Yx1e41hKqEKaKih1f8YPuh0WG3bkw8aO5hBd8VdDJQTpBBldbDPPn17cWXLo/a8O69g0nVYmejLSLU7Y9NAkbdJHqO0jI00xQowJDcUg+ur5CBhyxHGz6OSWVaL4CAFTwqRxZ0yjh9gPWvzJBHmZWX3c14VPCFlAnKytbmSs+RhBhUl26hrHRs7rce31MIijnhzun/z0zZff/M4vLCv8xc//8NXJK0Muyfb8063X4zVdXXQgBrjxUpGGZ4STpvtCKxQRNjcIaiWqKMduX+8ZOXltXdfDzeW73/7t+1//1f31mQFLocve/vHL128PrB1zcPHO/s3zOxsE+MPHdz+I0g5O3m7d357/cHt4fLi1IxQR5j46fvDo4Pj2+vHguHduCKpPXh5/8fD5r3/zrVMJL/b3vSeDv5yYdP5wZZDo5d5OEeHt44ePZ4QF8/az19999317T4Qh12ILR5s8WAZnS7JXCouzODHP4JtrgZoHnGK+Jk9xzZ9tq3IsdvugsGoQUW4tAMcRI+bQbtjKTzWrSgJbY41VGlDGDqdKiohmuI95eanZYgPB6sDshlZuATE7w9FknuOGqbQPs6WDYwu2ZBStzVk8dUrVEEFk3szP8uZ2TXWyY08240kG7WbEcbWedVJ2vRQgbbzBQggWDQErqhQe5ZCMEA/osagIl/wcLxUYCSSAJyirCgIKS94hOkslTrFyhiFGrAbcfXl6bCGpcd0TB9Jc31ycXdCMGqDItVfg7LwQflupInpExbMd7d5bCOrYmt770smXfH0ajUfwThol086zx9OXx96CY/T4zcmBc9FXy6mKGPQ9efnm6u7ZFz/75uDolZHF95+9VU2OT17iG4B1BSoxJWGcsWpN6pGJSbFZkQvPGKHbaVSoIytolGqoWL02vHa60jQ+vcwYalIHZVmDihECr7yfad4rPZkVjFwf/0FCWgMxN9Jc+hk+o7ZZnEiGmAaa9fqUMshLHUqVC1U3oeBaQNFbKet7CbBKwl9XETshH9B8axBFfDAPZ67cTsTwdB+N2rgYGYo0pdsYYSqq0YQZicGutjRMFOERWWqfihaB9280tKgrMogIkLTMBJD3RXPYywJzw4Tw5phLs5l0NL3Rw7AGBRP+qNvkxkRMc2n8R2J+Iruk8p0wdT59FtlplqecMn7HEgqEgAxZJFHcSFum8H/cbNrzET6PC+NwtmhPEl3iqoGgiPnL62Y1yBSImcVHwrrOdaNaerSKUEtJSWOooNOKp6pxhojG65KoXNbrdtRKD5LU9MhATfNZREqmT55B3yW4ao9PoCs5pFqkREgCAHEdfo1Y17E0yhn0YSshvAOI7YIAyDZppY52sgEscMwH5UIGH6mDmSagmr50CvUlA3b9PreK4wQfdknL5AtbNh5mB08oJ+LQODP9yDUMbDSG+Q3/UtP65i9OaixHDyGZTxzVNY9IhBzwBfQEuP4PLmCpKp+YXyhGLYsxTOKGhiYeiDNAgSfYUCsEWhwtJFIhmhpI8VxHZDFxNApKNVK2KEkeZKA3qPpfq5dd5m/cY2GLVkSrMoQT/NTtNbPs/QS2EJpWtrDckbeX4sIbkeKdA+NaHb+3ZeG/Bn6vShISbKi3FtVXifSr4y7JTm+Sxn3GOwKemh/F9AyPMCclQGLRIR7qtFiywRUoIOO7qU9nkuICIfIoNOcad/FVRIUZBFtrVfCkDmCAJm3TaHBQvrlb3b2wUnF95zCIWTGEd6717E1ZYkD98pyfKBZ0Zd66N3m0g9tLmRvXA616228Nef1odDv1LuPAKRsbffvVFBZ1mlxGCEPjpBl0TFXNK9ntCJkriDgsgXTIj6Ecg0dmaC3sJJLliCmvlmUWUE54uE5ZbNOKEL0ZdzteYeoFcUZU9eKvX77+5c9/+Sd/9Gd/+Ms//eKLLy0U031aYGpw0DI1B8zgpbKoztS8cU4rC40G4ez+xlpDucJQI4s1JqI0awr3vEG5meDt+5uz83ffX/7w2zUF6jVnRpYgciCyFQje0Zf+nn+k729/+zff/923NrF+9vmX0NyfHXQkYgGQhmnbHLHj9Sw1OzoVYirzYu/w6POt3Q/vLkwC7+8f0coPP7y3TVWs6YgTh+a8+ezNze13Hl+MNbHDAWJHJ8Ymj/a3ru4+XZ+fvz494gAiGucxPd7cfPv+e4rboecanF5DMm7KXVuMSQv7bVMR8IgOPTpQEq7FGOOD+XXjnQylGmYyo8tzzTm1yMVhzFVWFVPISW98AT5+xgtsJXH0dl6eb9Q6czY2ruZL4K65TL4LLY5Si0W2PQhBzRsUQRbh3lbHXm5zvE+4ZSnjegaQB4VaUxVRlT20SanFD8k4Z6Vw5sPxliA5pKRqV7EShnQVPUa5SX09+7B6h4jXmzWgqnLcPhq201L0zvW9x/3H47ef3V9eXJ5NqMr3cO6cG+/ZE1JStfNtjHNrXKxg9HJtetnzjmaPEAlIBXxAKHlBK64cQHlw5CgDvvHp7PxC82aRwNHRsagWDhog6vnZR+9cfvPVT/cOT/f3Xrz5/Asa8Pzg7CBqYbeU0RNhyEm3/sicu9cjpBDXhJnKN1dluQfrXzpJ39XaNFBFBpAF0kD5626w9LWy8ipXm/KDg/dkqpUqa6w5xYd4PAHvazq56E9SRKX6qw2P4NNn02iw0OoVhuGhsMomhqvlMCN0JUeMioZqw87EFhAPfbTKnb8NB0Ox6/odQkzZjWqiqsRGExSeYz2x6WaxvP4tgkOgnEVwECw2KTQqQz/nqYr4xNb0UBshKsgRkXJF04qMVcahp8Tmq3/+8KNkJq2qZbf+YWmjmnW1mOt5/amSLSzDUSKV7CYrEAr1MdiocIwmd7xjSEY1nnU20YoUpYRx8JUSgp4FNLoDnB4jPtAD5Svw9RVj7nAx8iTxwpWSBjfQSaKHFBI5/8KH+GLAlZS5Wc4I11AoffDPVxCVT0Fd5ayEKW3QqoB8prvl04NDGbmLr5I3pPvH28EPT8NNIsREASK4KuZwMSj7WqYna1iGpouu+udr5MwDSuD+i26Zw7l/g3/qLeAWoYXFp+9VzuWm8HhEhUsZcnNF4tU9SAXsE1mFc1PgKy3QuS03wGEn6KWCYWpIbb4GnGdMfmnIA82uU7b/0cEs/mu9RqaUAVdJIfdJjAr3HeV8N05y82KK0iTGdD+L69UMDtUqs08MDrZpX1JZOEI0THWfAjt1F9dtqLDhYTOnXGh4e3F7d3V1f1GAaBrJkABqVvK1YXdC8ywP91TaBkMMVHnAg1W0lJ/InZ4ouRtpwTp/SR4SVc9rpB3D0QsYdATkH9bwnFOuZ1AOl8gCYZ1e5Ir2VL4hg+tFUZs/dXR1tWIdoOKanslQELbKhsZoTmMkS/UYAIA3HbIetblTMZhfo2kGU5x0Y0G9eMkMpb7GbxI5ozExisLGbO6mRS8xo1Cjbj5AXfTqpY0I1X1TFBCGnBrkv5scbj5J42LhxBhu2srRmsoQO1iwPs9P8aEPvoZS07+ZThVuRtIR5esgOns1fvUHv/onf/ZP//RX/1iM2Bsr1MjmJO00ncnuwhiHAcHUCKTslNKhM04L6i23JsftkE4xMzZmaraRtp0dpxAjo7O+unh/ffbh8uMHvNoAff384fUXPzUXeWFnybNtSwY7+9hL1R4fjQM980K23oDy2avXnz3cXV3/sPfdd2cG1qgqQg/3e5/sb23cmvNY6le//uz567evxHyOruahxqVuT6/tI/lwdnNxbiWilYov7m5eGJW8ud09OWltgyFeb/g+PT70hjbqJJdxUZtkDdbZJOGBxhQzlyA4UTmS4dKD3S0v3HOye1vvO6LFecyMK8bwno+9BssaM4uZ9Stwgrqqw2+aaxbiMKOd5nMaznibvHoifYAAiy8LjgDXekwdzBdWY5rL8J4V9+T1E8+BG7t0jlI1gWkRy39cCK6Mbbdnxd24UKWUKH5PacVVCOAKByKTLmuGsBM5vv+ilbdgeKvupDKxUU5NiXyjta5GUB7jHTM9pe04EFT7oPYZbb69Png8gYXO7u7wxgEaVabB98942K3Y2vZvS1ep0duzP1zMtmsTz3sednYeXwj6DwkiZCQin/LMdXN1YeJa7Lm1fc9zLq9aM9EmJIMN+we9Nc8OI09CGHp49ne/+Vv0TDSfvvoSrx5LdvbhsZKRadsi0TNgDWBy+dSOV9PBkryLUWq9uopdDZyUOjL1K8VWH0czlS699oMmShddZonBsZJCvEka0PTHXjIL0MubtnyYgLUU4JnMRUjLRiE7QlBehcqMpRqbgMqZJgP2PGuxGnQ5w/eG52QPYBFebIctKVbBJK1Mn5AGm3bCyj3Rn/LhgT8dDdwQczloIrBIP0ld4dgZhK5BqHHhADdAWrS51vhPVOguQhvso9pAQxFbMTjUY1ZdWOpcBcDNAWpKjyhKZNsNpeQjCGJUFcBI2rfEeMh0QRN39UslF777ImvgIMY9XI0WlkFTdDKqeLVTQz2/qYYN+an+Swb3kygjDKkPf1PatTuk3Ck5Oh8+wyl1rBBOJUvf8LYRZVGNno6Pzofj6SmH87L7UXo4HEUuinVn+mUpKSwmlnpGG5GSRBoNzjA/6GoXMkf2eeJ5I8ooLE2MVKtZcg1J4cok1vUpha7SslKDhTjQj31CWfEK1crNfTx13e9YdViFZ9lUOoCJwVcVn5pT2ae/dQloJEQNLwqFXdG5dcEdNxTTRFIMTFaJQBzjszaW6DlKELGy3Aj2peWwV2RluapgP2VLnws3YYccIXTT6JRTMyYiLUEDHFcjxhSLflF5aaUORyvftRJQkgF/GXX0sqCqpZGOOpOSLscaC5WKvH9UsWr7E0aohk3kkkbIJcgygGbgTQi4GTg0HXR3fnlzdnV7fv3gKDs7ByNluIVKhYecotERXOGrrDgQAlRlzMT29J8uNxko5JTqUIvf68pitAa38YOmsEb/acDYg7lmgVsPErMuy3YTOE1tEbZglkrFW36QlRHigrgZNXTZB9pWUBqIc1P9sar++YQFWy/WoFXVJ0wZANNmy+2XMK1q1m4uxFxCJGvxBHuCTQEGZg28QUjDjvU2iqmXrwLQReoo+Co6VS6EjTLGhegLg2wQt4US4NNbupkmPgs1WFMUixvpsOJNmDkayEOVFbsKFzJdqpSIQz0lk7l+FBcKadRqU3G/97vf/JM//cd//qd//vVPftf0Hyhz3Y+P183aAW0CXUDZKygELQ3XCap0vYVT1ohdF3/It+26uPCZd8tsN1TMZcVMgsR94nhd3vXVxaOZYIfN3Di2xhqww9dHJ060ub2+frFz1KjdztbtxbngD5e2dlhESC9WirVHo3NqHj152Ahvd/PZxdXnb17b7Xx2ebNnj8HBlnlhirD35eTUmr9Pj0e7P/zdO3PWDlA8ff365OT4ytCm/S57Xvfn0EcH1jzYpOxkHIb64fv3ewfPcCJiEe6aBSVWu1juDF+1Ki7fcxTfC4fyiPy8JmTH6TtqDyl4dpOnLMEp+Tdn9OASw/WlGae61FAhEONt1UW2bw67Ra6ZVGIzzsFnzZTYOgj+oU6I6UO5amaBiEQuXXdipYTRsaioUb2+BJyHDas4ajEpvzqAqroK2ASuS6OS1SDGLNbzD3/jSwUljIwfpXgiUdYjBBQeAashqlmv3WtCaGoiwXJJzPH0hp6blyDso7XGjSw2UdGa2xEqPewaJT48ZH96Ozo+EZL1mvGHB/Y7ODi6Npp4dqHCH+4feT+2nSWDx2uUD7wz6eDwmLt2zKE94+0K2rGUlsk4FpFgJsbBQZvRX9ijvrt7Jxpy8qHHwqJwQ7nWiWoE7v7y//Z/fP/Db775439qPNKiApD4pCVSj600iIxdg5eu+2CfhKtZpuqigdHV5CU7BQTfV62Z9GDGltNmTUpaGjOOwZCiM1+bwFHmEzpp+VIQwTNXOTVK/pXiu5SVPkwjPb8rZ5ov8As6xlx1n0QZaHJCKGe6CgklVuBJaPf95BWS57fcEsO8kFFxzNWer8whAnypg0orsThwXcHwD07l1IXEBO5m0LoK+SAYlsopL6fc6GFYBoNVslRCdj/w+lqIlrLiMvQgE6M7FCvTZ0pM4lCt9gyeoAYjgOyoFV+OvigMd8s8KMf/Qq3IXA1P0HP7oTHKWHFb/AU//5X0SdSNYmLVnfL0OaVXfmBFAnlCDcWIUxLwOQaByC4T50lFo1uJ00NUPjqbyGowDe24n4JRSy842Uiz5B/phkFgPrqRFfKBBB0rwzO+ah2GhfQ/qtjgRBrFmMP31I6gleYz87+uzmcIx1akhtcoxE8tGBjJnSK9oSJveApF4OsOiDuFqCKhNojTKcBAixSLm4g7Ioyg5QYSvOLh9L971/Ewl3ITbOBqIkIwBCLZdTnRmc8GS6bMnqX1tfAOhOQn6AGOztT2hQFRNLp++j8YIpQ7LzYnCVcxhge/5Khe/T3mQRHB0MR2KIcfF+QYiXyVlKxhD4sIqz4knwiozhxI0Atu7BaycciAlIShSi1Zj6+raB+FYaNHbbXXH3jV2fn5rW0Czje540md/DGtbe1zPalv5FJYNMLHw3U4grJ4EeH5LcQz1hQlN8uSw3LL7ktg42ZGw9NNiOoKJ1PGBNKFiZUXKdQX1ugLjkI2gGJbeyuMQTmh0Xcz5R3nPSOLeXM0Nh+k6zXbkVmYi+kaB4GkEMo4oR7a3FmDTqJNE7B3lt21YH8cUAQQg6Q0Z1ZvbM7QSBNmpHFJHKaDeVbCKHS6H+JQQzFcnpDT5Oo+YFm3wHKZaxydZDmpNBx3WcxfTCzKAJ/seWh+AWFcPmtngHehweS0uH/yj/7sP/+X//kf/v4fehU2BcBmTK4AwiAQqIqYd+wxQphSgiaKzKp369syPmm4GX3i35iQgS/LDYVQdFKE7vGAPr09mWEvL+gNL3sHh84xsXvUEBxSRg6PX1su5uTqj5eXZx/ef3Cm3fnZe6/NeGHPsx0ttxcf371zKp4Y5NWb12dnZ0VlW4YAT88/XHkZ88GRM2XscTg1IpgVbu8OHLZzf395diXU0wmDPt45vLy8EqLQgRf72rPsqLznL5/b0eIU5auLm4POZTxgIT7BuO8/fGBFCsG+uWGebB81M1In8diMBxlv3u0NzDQvxiCtc+CTOj9l1t09Q1+1igVcBlUF2OareU/1d+xbrVUrWLxKWNo0Vbl2IDw228fHav3X6HXRIcaYsqazOlvFjoVswxyFoblBQacfY8vAqlRTHy1zZOicRWobSvqPTe5ZjejxJu8rBdUiQuInI5xRG4bFsa1G4BHICxQ6XZ7M3IO3Ccs4LYk8pLWJu91kHFt0eHNjpYFFg9cQ2kBs/M6Lh3iJd5bE4MMnY4peS3R+duYFnMLMJh52+OmhwWtKdHBQgg43YnVLF2x6mffpeaL75PAhT30Yu7UkdP+wcd+i8G3nXddapRuLKLa//W//47e//pvPf/K7X/zkd/cPvqKJxAovC5B3YkCitNkmkQp/Eio1z3/1t/Caliq10f9kV0FURHiSXZlsKq2fboDDEqo+sE8bPNcxoUhtIyhDaLUPwUdiMAyCWj6AfVasMH3hdP5SF+DkKpkVJ96liXBvOIVw+EyIwQ8sHuMsLtCLcon5T57zhHFzlVNCzx8W/OAbZoNN0vDxADdpYgROUSWUpLhvVPKSwb8uXJZaecQDm4ZtELDNcDjg4U8TwY0FFonQRqPE5OlimvIhNoJt2Btpg+kitaWfLI+qmyqc20VhdJ54PlLS0NxVaFJoOnOHqXy+EY712QygdZNWl1JSH1Q11CmpvJCPwaa3iqdoxEASJXrIA8xNA4dDSpqYDyhVEv9Tr0MXbijlx1v9zOhd6iBQdHmyvKkDC38OPLRH/DiNtn/KxfRcDgAsY7bAQ7nowBnH7lLKyACTFHg3GWXGnu5fK9NFppHS7PnQH5VHz0+d3kR2NiIs6yAYlbCEUonlK5WePF/zmeKh6ANwXbgUJcAbOz7VDWYqt9QY7SL4YQFYXFQj5794Y7ivRHiGh+EmfANTacXh7Xm6u7Q3/+qPK7juaRSVriUtXAM714ulSV2FF1PQUBalKFcVnN9BMwrvkSaQPiGWAwoWZlg+UJKERTXjD0sg/J8SU1oq38vgcsYLIzjclFAYk80mJSqQzi8qxS86YgFCQ0g2o+hwr27Oz28+nF9+uO4QDe1SnQcE1mWZMtKjGxWxpZZ7Q8aQRRmmODmIV/o+bjm8ZE3TYoVTx6GWukit+KwCLeKLv6InWUnojqWLKOkABKgCmGq6/sKLTcDXCurpwtYkbEhBG64TGRqLuZm3celW3IifoKEFSBLWuj1VoFjJ9FxjeG0JZhPhU92NITPH/Dq813K1CFqepx+E07k+mJhXrRjAqy8Wc1jIyL8TWjeY5azljz90qsaamFgvSM0Pq7vN9rnG9vQFS3pST98ucxoC2cXeiMGT2hVIWLuDKcx108ijfdfCHENi5olfnr79l3/xL//1X/yrr3/y0wnmLNYyAKYrLzq6v7mrDrR68lbfrxSE1GhoMA+szbUn4IV1h7Q2F9e9zG2GjfBegPH47PDoUNAW0ab3dfqmqe2eEbQ0PGZBmVlCAaUhJKNB3tVrX/Mny1ivvNpOgH1/5Z1pW8+/+t3fOzg5fLj9aLfKx7MLrsA4XpRy6Fxku5EP9w9PT3cODujkuTGml/bQOOD6wIknuH3z9u3d3Q/3l8+dw4lpr+Nz/NDt2f2hN2fs3tr3ag+K7b0Hp96v8uLs3UfrBK4ubw8NQ3l1x84OF596M0vrzB23CaVBMqspsW/y9HJOebalZbrovLtRQLtTbIllvDyWqR+MXzGwoKZKRsuOxWEkz8JMX29kFNbgn2jfsybjWbDHfiyoYVFTprfogmtUI+iv3AWEQ6ESXSPWMCM0y6n0NEEKdjiFmIhBzHh39ubsdMFrxeZ5wBOeCxih8Y2EQghKHn/xXFO1EhUK7hX0pEAa7DQzEMOFqWqdeXYs57TV8VkRyRvrEFUgW5qubm+u6IAOxc9c3cQD1zU1bzGATSpaEm5tKNEZTDf2kggsD3cPHUzjdUlC+KMjWtKkQEWpu9UAMeDu451Q3WamFxdX19aDejB5Ifp/dP751ctXJzkbJ/ZCdA7nrTNOKK0hEDK2APT73/7m++9+8+rVm8+++vrV2688tFTz2IpQ9E0ZdEjR03oil9b9S8syS1hWHrgpUQ72xNTpIPVRTQrpx81g7RvWp7T1P3SlBl7WdObSOEw3wddojeKnRyhFbj2Zz4//Mxyugi256xif9kNCvahPxKb8VGZpyRKVSQyCChZjQz/w8mqIEgc4jwhXySPXoljSSKt4Ttmd70mWPpBRG4HkSCs5EB/pkzk01l3IySAb7OCOBfau2Yd7LLWYUXrogZsCsToJC+miXeJKTrMTVIQmwmGP8pIrzgZ40qfwQhbF6WiCrGCm5iZj5cGkeSt1zB+tDRMbInHF+6eKxekqp9dJFjmLHd/rB6aRvI46RW50tWG5wpMdwbQo2/0mXBoRyq62QJyg4ajIpCSvuxGieoWFoEZ/ZFw1oRYE3pEpZEr0wOhf8sdXiLsddCWv+5XC9aL6pIeBi5thdLwE74OJF0OR1lNKqMMwXxs4j3olpsLkje9hyEVwi2DpyYThDQ4ShFhaXCjqb8EPbPS671de3+m6tMrFR7FFvCwSU7w2T2Zgq2A3PpFJhCVxZSchypO3CFWqzxOK+T8ko7dys+RYhLFqzYMe9qJfEFV+mltsuh+RAU2tqIYA6m+IT/nRyJCVplzhRS7VdSkBVXETtPRV+YZC2Kdk/yKWWwzuf1B6IdB3CYaKkozF2LPskApvz7WP0Asvzq8ebxHzTjI+hdROa+6LC1Xpjq/JcDoYiOuzJ5DoIBaNssaKwMarZq1hHYGfusTxG72QvlYc5FeSbJIUS+Gl2CWep/ucQmykyzIU9sw6RRRhhqovs8w+tKKn0CMqO4kk0UONVJObjiCmJUMYSBYjdWSJjzCADouPfUjfIJpIsdnqaDe0iNMeSBhVkqV1Kqz5SE9LcYFrwif7WGSCPAUUq29e7Cf2k5flBCYdO52bB/mbyCF/q+dHQ13X77a0Lb+JIuwOQJ6HsTqxWh9bcicC2Nr66dff/Gf/6b/+T//Zv3x9+ooZJJODMAUbvebEZ71UzcOdDlUs2IJDXMRAYYRRGRY0k26sKegCDaOAEoc68oZ0BHxerDy55nNtJrgyNmVrKmvQvzzDPzyCgg38NXF570V8l7aJ4AS2q4tLuUcvT19+9kXH/nxozWBvMnm+dX3rVdfbR6cHSft86+Wb1+bxWeCl93Ls2wjlFL3912/ffvJWtstHMcPJzgnrGIxqtaXTUi6NVH3ykjczvEYo3/3w4fTNW3sXMGaf1dnHM4vRdg69t21X1KLKVGq2dGj3OZ9qUkxGmy+eHR0cnl9dCHjoW0a1RXxYa8wgvqpRcrDNhNmlnUwW2AFk+4k7qpKVxl0t7YSAk9GQYXW1JlstoTfH8qlQ9Yv5OQvXA7EODHkIeuFiu9lfwp2MzoWvpQ5FukWoU0/ib/ji2xYQ3HjHdfzblcJ5ax0A+z/ehGKfqZ5hoIN8tP1QHWHU4yhwJ2zfWU+Zp6lEyOUKIwYLd5IgDPb+W8HRKLPliS+cMqni2Pp17SnrxoHzFibu3Hkp0mV1ctfIq0D8+NDQ8t3NvSzsE1I0CZM1LSdHRgef3WKd6raPqFyYWf3LJzz9vLz97lqUf3B48Oi8rV7RbKuWgyBDYxe+xxH11V4odfnDu/fvvv/+6Pjff/Gz333z5df7h0dpIIWIs4gy6kW8CD6hCOyH1svEjd/RKhkzzdzOsDOluilDyBMAACAASURBVEMxBQKaf10ENC1BaYPRwO2ggtn/PnXOoACABPWU7WrsjGZJ8jUAtSa5QEHGlJ9ipUwWdHkiVFgGGb+5zThFRCoTjijNX7TBzicSyVyBSRjAdYlcqbkqgAUuZ2oC11ztJ4pyoFywrmuzhpCCuMyZn9rCEWbEGZSpcPgbook7jA0rqXHxNemj+xKI86S8ITxw0kYdFRkONwy4HpKxgBPZYR0RNlHWIK/pbNgunVbVljmHbbVTak3ZhDehi+nppeNk2GflEZsqS6nhatRjGVEa9fSFbk3ocCxXhcrNUsdiC8BSxLKGzGwJJaE8fg6G1Dz8lVxB/zYIE20uh0J+sKRRqUnRPHosgErCpNH6h2SSY20aMXeunlipdxhZR+3B9onf4Ps/Sh3zDz++Suk6HJFrnD4xk6UMH7aI04GImcEovXPjQG3CawkLvAtgciAA0se/fpN15AWCmdB2OzykgIFcPE7RsqXVsvnEUff9IjX1YrDVkgy8oq4WH0CUa2o20dNIJUM0BKsnUrt/+gz7i0CE5pGli2wT0hCAiT+fJJwfqnUb6nHGOCD4EIxwP+hwqphc7T2OIvYjcSjTe4jCEwaXbqv83fYZ0kHUsiyRJr2CE64pOXFOeLDvQ8HCMmFW0eHML9/ZtmqrsjemON3Ett44snxKeFG1qGuhGN+0yzxRriErupmj46QYLmptgf4PGYdM64DqFEUfDUXhqD6p9oYXFTeRBCfNhMZPAE9Vm1Zq+jaGh001xHFP9EkbGLYU76JrfSJUqSQa4RMpSpUrTJGLcZ13XAsNE8qHvfAxq/nSxERKQmZTseEoXCrgR6dTeDJMnX+BXWdoF6sWMAwPMdqopvAwYUnoq+Lxi2P3MTyKzLWlN1BEpZTbNyPrmDs5hZYN7sgzcOsG6x3E+JyRRj7q3/69b775d//23/2Lf/rPj3bt7Sjw1UnThDCXeLPojd2t8xDJN2VMMrsvWo9mGKzDWQrSaYMmFbT3YDRYIyV6ZrKcyj4dYaBIs+NgRAMWHl7rmIs8lE4CEaFdxaaY96twqdcsM7Cziw/vgDOsKWbT9tbgff0HfyIAuPj+2x/+7jsjQOKDy8ubD9/f2Gry5RefWdPgLRhEpCgvZTatXAxnc8nN7fHp6d7O6W//Vgji7SY7V5+u97Y/XV18dFb2y5enf/Mf//bt25Mdr1HpdO7r9z+8e/n2C+OdV5+cm3hibBKbRhYNZXmNrzWTzE8msrHljh8rHQsv2/Jt+BMYEi2XQz1VjDeJZjKUatX+CMDNPquTxdZ8rqkVPlbTvGIByIlhULaWOusXBfo/NagC1dz8IbCab/rkUeOptY3lMrfq4SI+shfPaX0k7xJjARd68yIlRb1M2Ry8hy7hr3W0TyuA1QN1Qdl4a36ki3Fmh2D3aCTRpHgU6UUmifSeNpdgbsJfzk8FI72nLK/RK97EKsEtO00p29uHRx1uc2mw+PnW4eHxladLr+N70QmXl9zk4cXO3pE54hfb+0e2h+/vUIuFpj0EmZg2onj0stoi9i7GIPJjMd+16QGtB5M7GdHbU85OXr7cO9673781okxuI9jqSDXxkyOSdkGPTdWgbQOcf/3//svf/rf/4c1XP3v71e8eW/Y6zwFV3FF4pWoVR9Wr+5QxtyxJtJ53ZQIfq1FJ+XMvI5C5rcK7dD+YlB0ehkwAkgeyZsZPFiRhZpXuctK7jGZoFPd/UE4SwBjqa1qdnDa8w4oC8SK721qp8txn4lo1VzlIm2XDzmI91gxM6eDXB1ZK3MiSRLG3hFw6iIcQr0TQFR7COVjPDPzVv/qCWugnroCUHG7mVdwvYGUpHb+xnR76Xx4F1X0u/Q3ROAm6JAz63tBNI7yyoqOzGi5pqlJqWHARKn2QJ9WCDiK2R+Akn6xEkhiSKI0V4jyNS/WFcpm+w1Q5XAWZ9FZ9dNSAn2iONgcs6pUYqf3Lw10Pn9ITtp/FZwmyF/ENmyshiqHKL6m/3jjiYcUGacbiMRmL63sTIwY1bG1UnwdmwdQ3Gh0Og4JE4nLLRTaig1TOUPJFY8PL8OOqght3WoWUWEYelEm7QbZEW4RKrQ3d4BoFLbYHXV+xF/n5uBxVV3o4GSXR29xveEnzstNV5Uem4hAW0vilu/kJoh+woXPlP0QE64k2vYZivmVn34B+xO3OZ2rYEj8EMFWSG4XzyY6ZdhIqkeaaeZpfIOtyCGeIsFR7VpeRxuMz9sfS0aBntpuE4dxXpUYU0DExeDfcul1ChDT2gp6/ADCGtUzFpoPmR2VPOcRmXE3jrGvRwJqNvLm6v7yzpstWhfvrJmPrnuZxBuKm1Thd02cqQ+w3AtHoiNS8bawpIqmuvXjYafSwlzU/6LD0LZ+ceUz2WhDzxXogYsFPA0mG+ZBESzg3rYw8M3QI3JuH0/eofylbko4uPZiNbaK33nA+RZ0rCMNtlxFvE0ddGjF1onNwSLIY+aynHCCqS+mC2A61ATwhc20pDQmGyKrfya3ETrGdL7QSbUvIiZtpFKifUhBUPtqt/yos9t2xxgzw9FsrYc56JNA8puIacH7YtV6vYapGOfXWE6GY9RZgAdh6oM+dr3/yzf/w3/zbf/mf/MVOh++YQL7d3xeW4TXqykzoiwU6oKnCcgHmzJhSvmGadCgo6ECRpucE583WIZoFDRBeXRcTbu/awTyBZqxPQ5u1qAnrthwUU+ibDfTtHwg9sV7E9eL5jZHDj+8vzt4bPrT4rNGvT4+v3/705NXb26vz93Y7PXv84ss3d3/rzc4s+OyzL169fHliQ4sZSduU907FFfu3V3eWCLbldWtfjG3vwY7hoNOXRnfFQPvHeyY59w5x0cE0VO+VgNYQYglRk5rUaSDTPKehUFZuNNn+o2fPO5mnIxFnVKyI7rlNN3bONpT9/MXJwcHHi7Ojk0P2m2MLi5gaaMsaolNqAGXs1dBsx1DTNnW1XySfoCHgaTc1KoIbnlazXAvNwaTkctVJ0Rx3r2vM8VyCp0239Qt8iisNf5WofQKEF3lhAcAVqwFTuV2wcHjRLtyng1xQOADLRJBTA2r7Nh+8bllPqe7WPijujzamhcJ+hKaOcELpvcy7MHJOsMccLbQAA9LaEFH1lRbEg4HAOZRXuTRF7+5vtZ05G6lvRYJFA70UvBBQXVMP9g9OrOpA7WC/U82xn4Ol1sfDHWcbebvz/fHR6bc/fEtRW9sOWDrgnNTjwHSeb+zahhXa85YWNY40KTRh2qv/67/69z/83d+++uyrN1/8xMJYe2FUB8yzaBDVOTRTqBJ5+eizq/RWWt1Sbf48DNaWBifsoqPJBSFtahTYjJw6Gan/vmrV+gyFcC4TrJzuoxnPKk9wJfU1LaH7WpVJiN4Qkrn5IFLTuzFqxttwlcsN/cUXxrJT4eLQCJ87WEKYtpQDOjJDEz9DYpjpdu58TZmGBlysIvjcwOaY7Olv2st4CNwHZs5NpuEKDOIBp6ykkxUDsb+hWF2I4YEAMyQGW00sUPV1w9WwUURW8ZhawInmZ3BsxAsgqGguOm6n84mlCqf2uB1ddeUDs5zcILYHCEAcT3YiNeqipRhJK0LQjZkrACzpU++UKFPpSY/HKR+d7Dj3MZKOyTjipNfgp+EIT1zE1qCHYOTipaWHbzgdYpMSrzoD1wMRhzllUvhANTrBJsv2NdGCTBLVs4VoOXYMjpK5U+IrF/GwRLIGKVoD32WMxWb4FyKM0HgA/hpBXPkDE/gg6y6IcAY6qUncbyyEkQ6j7hOs9CkFNC1hfqUUB6fX8caRc6ArusEe0aGl4BDQ+FU44UtI938P+yPFuajPCGrYWFkx5AMBxLEUH9Gc1KcnpzgvZfjOG6khgrqNSD4VmXJ5S3VslShzPkqp/KPVUTkmswn5B1UCjm6HzIaFxegSCyKFJ4qLHG24pbhoNiE66hU71HH4tTqtscPOtbm8vD2/ur3Qy8Q3s/c10mLB+ElBkhDRWq5G4PKjxPUvZdWpado/2UlQSS+HFcBHmIcWOiWBG+dMr66r3qfAs++RMzePy34UnIE0zUvSZFFC10J0XS0WAtmZa6GgOA55rOJV8RGx958Yybj2ll9zUkqJEhqTQEKfmzWUH1ykqVIhSRF8WJVP29ETSIWwwvpFEhUVqUbczppIC+0nEhCCNKiWnkNVYAa8s3Gm0owGx6yrqYyF0ZgicENCpeIr33P8sHEiE9m8RZSGmvAoLV5d333x5c//3f/gf/yv/uJf7RtJamxGAHoPSPQjADbqCc04vGNQ7FlOgSxMl+I9WkY39ZBH+JpNCNX52zMq1lrGhwevSGlEKtGZWNRS1ODTrTlFJedw5uf7u0dm99j4YP9Q8ER5YsRiFCsZbRi5OG8x603YjM2Z+PzJz39fvECLdiLsHR3v7j3/7H7r+KVTvO9fvj62L2Xr2ubxh1evXzls+fTk6Ga7F4Dke7ZXb/OoCr75/HMDhJdX1+LC8483j1d3grnTlyd2Lch98eL6ue3XLb+ksV2LC88+fby6uhJmX9iI//ho3SF1QcmmxUD5tclQMaSJZ5Gw3RN7xqWwxI58iNKIPxto8nE1kshKjZ9XmtNQeA4ZuM0ieYMqQMfV0ry14bbcZ3oeiIWVCKl4Ix1Os498lsITBCSdqDSHq+kor+rHG5mDc01ADKoKxD6Zt5FIPZSgRz63UBTFrTW1rK4bP8/TBKzi8fkkYFUsxvrB6tQomSNRAtATRDSZ7ac8SFXJqDxn5UxOotnfPbzbc2SR1+jt3+47Rv2aM+/uW8f5XPwmCD46OYXe+LT3K4rluCm93jxc0w8nR05FsbUFNWPParBNYiJO4/7mn8EjpGd7+dpOJusSLl69NCTscBzbn3n+w9bVFQiPERjELqLURaOqhhYlFttYffftr//6/fffnpy8tsLh5PVbW5emVVst6ZQZU9JAQufutE1iigtrXtJ/KXMzJkl3A1BSLQTFZq1VAHzXyrhioKcP5iCTxVpoTMu5KAZdgzMUMk1QsSC5PLdPAHCw1STmgWVN4x6ZikiJfG0qf2oQMVQYm4s4hE9qDC9+Bnech8L3pttI8n6Hl3AuzMrET05RGYXmmWbJ3+0TIlA19lMyHuI5qkOhiDjv667E5OyzeI8FGlV2LDG1Z3xw+oL4DnaDuhpZLSzJB0bFqlVSphGUQOSRvzJRktdF9nHjp3ZugCo9rXbFE2GqTIxvPhXtclWldDmCQTz2TKW1AVEBV/cXJp9BlWOtG8mwxrds2sBJdgt+VL1667iufg4UyEiP41TITeCVwGYgY9DEBzZmgTGxOIPP2C1mcFo4MaXTBPQckjbC1lduM3ehzBYl9j3uFLxPOZsiNYPRQ6ufIZCPB1QihkarY/DhGI1mEGAaVW2+By2c8cY7uh22pz67jQ2809oKICTkYyPCuEDCpj9JfVU6kJwvRQxDruJd9vqhrFkKHnQURrKwNiQwHM4/ktR9lr1sv5CUV/oIG3gYNgA0i41l+JJ9NgZxBSbhWYKgfuT07b+mn67HLCNDnMZ5RYYM3pZaKzifZYkQlJLSEzdDdVlaWp2rRWeRn7KY5B9TIkI5T/WnCEMtL5ZpoMvqQycdem/K9b3XaNxAbXpx4gN8LxHIUn1XTqcfksLExmPyknhIKGK0mo5+61a03FEY2M6LiYsyottIVzW5WAyBac9Cq6srZIpsuQYj6B+XamIiG9mbYMcAWCqskZTN/wQp1QzXRglmc0VrCa3IM8GYzmM+8UUJGEtZComoSsld4iLxsnChXRsCyFMHyiA40fMueRvkSBDr51ZNKzt8dXgTqxW6gfBT95Gh8mgglAen+4GGM9eX1KfhKgN33lA3/DUyYvbw8dHgypvXX/7xr/7Jf/Yv/ovPX9mroZO+VtXo0Fwn/gavocpeAQylwc3tBntaH9ajrQAiC+GmJ4NEmJ0/2Qqz+tq047zFeLcAErDRH5GR3pfaU5rXqdiF0EAjNcMpZsO2QNZcrEnPQmfDVeLvSzuXz97lSjfXVrRCaXzJaSi7x6c5oWVob3TSr0xkHpycffubb1dYbBXi/vELZykfHB3q719s7x2dOqfaAXt3tiKfnLy8PD/b2T4gxuHpiQWM1ORIFME8NnBAcDug8fzhh3e9TjlDPQhfDFldXbRd6cOHc0NZcWwcrLfHWIHKrluODC9gM/60vVt1evbszasTOySeHe5nsZzNtOzjjqeCfJHjNLhlQnpTL8bpUROoWdrIHHyCRBMrV7m4OdsG1Sitsyfhy+HYN6+bId6iOaFfWfmjx8XBmktgAXvQsAInMlKaKfJ1pnG2oF064m87zasdtJ/gYiuOW0UF6hmvIHJGK2M5EetIfHHqsLiYWpr77noHSchVp7JBmd4tqmtFKyj6ay5dRqfMRCWFAg0hONfWpBTHNq7MnXe8mPHu8frCC7WPDA/ne/diO2PDIv5ejE468Fmc2JBaAvHJUsuH22sjoI35C/+y1adnpy9Pz88+fPXVV+2C2bOitI+zcFjIqtJ8z3BxHsZjkzzmONBEAFoNark4f+ecxfff/ubw1euXbz8/On6lpi0lp/iajz4Ku/GpIqWq+YyMbpEDMe20C+VWgUmcEukN8IBR2SDYgJE03eVU1InDiMzHvxDL9Z2N/Awf5AnTAM03lnCndRiYgY/b4SKWsdQNRY/3SFBigcX0RjLzKPEOurCoEsyhpM8iO9wM1SgpON3r30MuHXCUgTfA0X+9ZtyFwb9xNlcS6SFAX3E14tReTHw53EZp0pPA77BcfhhH56HtDwboRvHELXFYAxqKSPQ/X1WSHQYG0FyUt9Qz/9Pbk9HLqiqgnQVHIb4jPkTWtcLyJEXVWE/gysVhMtaUR3Y48RUjabV7gLGRXkol6Oh4EC6BpsIPlpFjyCpaSiVLVG5sHMZoSp+PLJeJU280MISJzTHQkN6oNiiFY2E6TuWrvmik6Tx3sEoi3LQYdU5xnqLTxoaXwbxcSsnFXVpeBodIWwRv0OOsG5jccTgoqxMx5qPclIVHcsWqjmGLXnHrlImTpbm5GF7GZIqECdD4mjsAKSyplgPmxOFeiDnicsE8YJx71BtvI2DfLmErDIFGxjAuJeQSh8FJj25AU9bFRoNxtPiKjQ3Qk05CN3aPRlL2A6+7DUi6lgCwDNTi6UfgqOUY0oZO/PUpOQ/oopx4cpkQK7Mk16t0+KfaCsHGBRTlArHLk1jQ73QuWlcDPq07dK6doUQYCyP4e8NISvmLH3xWjeqFdAP+Jh7J1SZ3NAR7Yxh+RcIij/xjNDxsW6GYHI3BJUjNaXb2yQi5V+GHXi1C8NUz1t2Z0Vthjf6z4FRnjQ+c6A7USuGK16Awu75HDIBx8DON3OUwAFFK41AZRMctbJ31VCWEMHKAMnyMGZtZO66zTxYkf/V/4OI25yjgImrnbCutLsBjkEXY1TvQ6uNiMLr5Q/+SJgriBDfLFGSWhu2WSo3n2RlrSnN7+/M3P/kX//Rf/fmf/dOj3Vf2+Mo2OWk3NgLiN/0rgWODQWjKvnEDZMJnp4GQc2Y4a/Uy9/wv2q5TZx6KahJ8TXUnc03DTLubaxZ4raZMCOLNtnuONmyRDY15E8neXpIXZ7VniZVZTSjBZWxt9nbkB+/pc8yM/cuf7p2Y7Yjsn3zzS6vQbDOwXyGX87pnu08ed06Fm1T6aCfK3qcLS9Q+Hdm5vLNv7zMmnY/XqddQu7i7e/n57sXHj0JS8uy8UOTg47tLMZKZ587eOzp+setsHadn714i3UjbMzYQNd7d2yRzyTxxTfuM4mie7T3RkaDGgCYYs8wiZFl7zws+rIB0Xg49skEcjlvxNmNwNsoIXEQzPaX4cK+CXLpp7lJMAsp1zSIfngjbU8P40CwoHVsUh41/j7WL4ULO9wTnfIE1VQEkVIUa6SZlRfycifnRyNNYYlyxqofMAlzurc7lz56jWmibw6NFDIiUh7Nd8DwJ0bv8J+hMrxWAOK/qxAKluWR1GyftTSMm0Qq5xNNeo+eBhKCFhNQoDkz8rS1hmiWSEN1dw2oGf+fTvhiusM+zD9uLI434OoEdX4YnqwtFnO0rJxwue0uenU+Pe1XtF1u9o+/+4eT+5K/+4/eOTD999Vr06dnEAKQ40o4VlZNyrBzgz9RuoLoKOLvTsmBKNHLZ7DO99W6X726vPvxwePLyRJh4+obxR205B05UlapxFSbWpnl1STHTPrlo1qImKHQrjaUll1Q99rQKV7nBuIK2FmBuF0KXUM/3UAGLZJEJa24AGU2NxNPCTDVKhGO+M1BUqt0l1l5yiX7G0UeCxUEUasjDzxUqDmjDV4UHQ91VTcnKGSo1hnnHJpaFWzZJaloGBY+NDXyhIQXgi56ItJPQ1elwn0ABQFQ7XgE8wB+jw6ubp9R4wMFg66s+Ha4niKWyGF6GKT2yOqmg+6pHUSiI2tkoLs1QcNmyXMAZB1N3IK1Jn5YQv2WkIRd1yvHuIxX68pReNyGQKjMwikpdpAJc1fEtH+yIQw9Vys1teLpcX9EKPm0uG08CrBlr9DedVmRWjrIruoCIztNjdICPGyRxalZ0mFx2GfIxFstkqaeDrnJxvCSJ/1wYTO2ORJnJ2ddcB59qEnvk8xVIiCMakGKj7dEvPOWlw+CHJ0VisYXV/oULts21i7kGM7QH3UrMw1LjlKjSVWQwrsLxuSmbQVMvzjRiUVuTKGPToJ9UWol+wSZxlxTg6RvMfEZDw+JwGQEfeloXQ7GEp4y0mVPABWRBlSdtaShVbIBXdhnJKjE7BDsG2eBMiBIHSXhGkQvdMJzjL4SL2saEFQG8TCUnkGEqA0cLCv/zW/8qKnE46Xt9ihCFiFYfPtx2kMonWxmaGNXiT6Fxk8oKy8LnSkMPT2NOnScHwLiBOKH171ofhDpnr7hQEGMATzhYEKUOF8BMNKV4kY3Gpypas4VtGlnSuEs9+U/Y9EyFmFUw/6VSsmozm6NtpSRiY3jVBR22UoWtEBjqExw0pWWray529+I2tnFR5JZEmMZ+Ppxu6mJngGdpEWXgFeAorkDpSXWSmFQ79K/V5sJmOcKYaRZJDqFu3MgNxAlt7IYqUgwCQ00VzWVRFOjBBiU54RRs+1DZ3lEEDg5P//v/8t/8m3/9PzrZe3l+/oHIXlDmm6lExVQnFkG9qI1iWKO2lYunW3qA2y0WQNAe42O/ep0wevnYF04ypD64WCdnwYGce71tenx85nFBN6xzRVJf7mhJIhjoMTrKOkZuSEbxjcjpGcwpXp1/mmMkbVgwsPnx/eWt46y3nn/2k9/FPDZEmF6lkf8b83u7v3d8LFikZa9HFoiifnD8El4RCp8UjZKJAsWmW03/7rQo9HrX602cEH394eOLLZtgnp++ecPVuK1Xc5womewwGcTaub1i9CzmtWxSy+EsLSffWqMezCmCILbKLHplKZK+ffv27OMH85xi4R4z6HHiPFqkX+lCHM7OSUXwFEKz6ZBmaxlIme2zQXKKKKcPFzI23VzYOhZjbgFZ77NRnMsMC7rxqg1XjFe4uFmGNeCDdNuN2EeihzoOYC9PhmxNp1q402TzOIQSuZwPjgE03ZqDlwJPzWA1a3A27ieaglMyiqt3kJWwItR6rQeDlDWoDTfjU7WaWXlo8ia6ab/R1WUOxvdSAjluVwRMwWaKpTSqGt2h1KS+l6V4C7MR4B4yqS4OxZH3Hh68am8vYKQ9XgHle1B6q/YP33/3+u1nFqbaFLWqrfBOFZjyhtO931nF57w791433XulqwKQ771w5jbWNCDVBaJen3/wxuh3e39zcvrm+PXnuweeB0ZF8Kb6dOVi1Ogyh09/aUZFHtMOjK90E/TgT4lkyevKT0sptrL++ictCz8ljilqsiYjpQYUj8PoYmSUPfe+or6wDcqBn5SuEjNyYfDZUOku5hNkMIOEGW8aKWaZKCCkcvOewZ+vgqtohRcnA1OLFR+p1gWFwN3z+WJaWjwqEa+a+FXzYC9jBTc9VJXLd8P/o4YqEMXwpvNNFwFLXERx2KSvBQFf2uxmhK9YeRWQEteLbMRUzbmNBIaH/Ag3WEuBdyFLj3M1HM9N4IMTbrBLaXEkgzAbHhJwbiWkfzykppTsej7rP1Q5TvgTAMj4fMgXZNzKRGeyB83CmSgKAKPaqE2JUWc1PlwVi2GfCZHifFEcn1wIBttSVoSW6uuHIpBAvqgk7Kw0rUqhfqgnBZgLv7kNVuoXup2kOksopuDoqkJxNiJHr5d2DvgmbbErhXSDJQSbileqzwae+nVtCQhykMRu+BeQ9PRdlk95I/0ASVBObS5kGZhxz/qkRRWSKRW3VfrsVEnlIhJQHD5xW4aEeAlolfW/kDQJpQ6LXKCiCwY0WMaT37P6NAmVT5PyyOYnxwh+6Ckwv4NuQSz95EZDOsjRSWUGjW8IB4XCueMQ3nhWTFamzwLfhMUjTFxMeNHMoLCvjawWBxqtqGEoE+Ipj6MV5tQUWkAYhyRyUvDW3idd5NR4tVQPgYUGUD71sj6xmO+OJ6yz1y03PqGDgGIqRv1ZPtVz6oyckM21rrV5q7Qx9klROOFuOlM2le5X56XbLOR58BK20ZC67T/gRj4a/GgQysBCrkKmOQja2JFJKJ2iuGQqnFHuaZlTYgKP4SVxa8VX25mVkrJqLAAxq6sny9wSpmEXIKZhslvRNw0l/dRr1Xt28J6QDBNEi/1iYpWpEdFBmW+4t4Leyqqdg21rG7/5+lf/s//J/+IPf/dPKP765vy33/3Vz3/+J6zIDKxEQ0V7o6ACgNl+kQCCCIxBmw5SlTwcuNDLilwLRywOM+rDzB1SYh/o886v8W6025tBWeGiPVG9CVCanQ0Den6dumBPd26o2VHFBtJmUnXiUW9e8YBhh7DNCl7M2NmHuHAyzbWlkLYIHLx8rZdnZvsGWN2mVt5Wx298aydxpB0+31a0zt0L1I7sihAnf3GBjwAAIABJREFUbd1vGdO+9n4UDQ8DnJy+vXzxfvtxb39v57uHF4dXnmnuP/vZVx8/XHoR8+7hgQHL5w837ZIFbdPJ6cuP79+LOQzqct2s0IpCe0rSuUO7d7a9CthmXGNeOywj4HvuLJ3dZ4Ycry4uxEG9zaP9N3SfS2TBgqSMSO1NqmaUFF1c26KawvT1omzeQdiehejS/t8eYgsOx1EYQ9Hicv6iQtA5pVELxqDXTamVXpk4Do3nVk8SqerTMDAc1QVi6A0E6Dmgl1WilR9wiqoaoEJ5U8yhra2ic74TnnqVGYk3OKnSie0M/j14O2EVkoun7lqoqocv3oQoBeb6wrWe7zgKDdlAXH13fuTN7TWVOsDI3ibVgXLyPWj4Xvyp1nYw8/Uif/Hidu/voVsCpbSb26u2RWPv2aOnAUQ7UPKZcceGC58fHn/xxRfffvtbSxeefXrJaSmWvUS3VeRnzjm3s2pvu4bMFDY3eqE2NYDqKXIm5TGT7FOJkqjY6OHZ9fX72789f/fbvdPTk1dfHhyfUHE6TMGkzz4B5zH9T/PTBsfldH4UvbANyqADJ2+6GwwrJqu1kzBJOXNgMAwBBQYJs5dc4io5jjecRAZPWpEK1RwVktSeLD5XEWyWNWyGYVKXAce/fkwbKtyOayZrHxyP2ENohCzDr4R+ZKOoQD9LdnTidj5l+N1obZMULz7Tao8Go0E4CELohzhzNXAjdfWjtOpBPcvUB5ejf1JQ5PRzcRZE+KZA8UtVbnVyYcUPd4vfftJ+DC5Seu8xdKIo/iPKruh5iodP7ipS2RQ+ll1qVodKBDWYh+N0MqoMw3AIQTzDlDr6Gxb8X7jdzbUsBpm0gDY8LeSBwFZQJH0i4EguBINwMTkVbQoXAm3cid3SKROPWw63OgKyIKgylutywcThkhvaUkeIUUo8xIT/OSEy4wZD3t2oV5mhS0GJBwp4eal0LDQZSwv1gKPdYPvAPjRchm0+4ajaylzEh//hbWjGhpbXI3MrJ4bq4kUJoF63G9ZE8QUp82A7Mn2yVjThn9QhueSLh8gqWEDkE8yy9xRIA12EMxJx7LdCQ697JIbWSvY9aGpUF1ju3c9wDsf8rwhPING4evUuUhtEXUIz5SWlb99BoLW+ZGZ7t5XsToHBwDzTkqWKtXZ2yMsdswU1ogpjpkB3BX96Iw/fQgf90GrddCWNpyyb1rHdUQ4Pk4if6cYc2Mv83sQ1Qxq6OKTrfhqGmfHIdjY6W7G4k2oTCjldgBiRkR7q/bTZRh2k1C4rnONSTYIWbapayDXMFrvl18XqzwjdUFBwo1PYc8G8UPH6FL2SKFIfqWzrKQsKZRWNCCC2O8gNo2l9Kt7qFjYNSq1MiCcgwJaZMrWrmNGIx24TWhLNpjT2BAGlFP/SnEVYU0P4VF2TGV+gMxRmGrwjAXWmBYjNHtIwYRFK4HmKODo6FBL94z/7i//l//R/++bojXjTjt3LHz4YEdnb2hcqYQIzjReOXxcOKAsLpPioz0iRFGoCXtSSKmZYBZvGu27vbuJ7hqDEixnsRQea+B+k2UCnm9taPDPRWfruTsCapIYHb2+ETijyE6dPYyzFodmLQ8x5w311fXlh7JBiKeH87LKln58eP//p12sWj80xyqKKpK3mQK3n2xcwwi62EB95i413mnjVBg8qLNju/D8hiYFtpGwoefH8dSHx493+yau97X0nbr8QGJ6Yoxbs7R4++3T10Yukd0DYU1MIuLt7dXllzpEGxlbVIj5EcYaxQuht171tr+jB0Bjv4vROz3E6T4PBQnaRX0d+NoOcyTwU5TMMqGjI+su12bknGLg4jkSuIgSnDe6sqqsUoPpUeRopLFQNCRdIk+knM83wZC4CkoPVYVbE8HloFHVMpuG3qiHPFq7FsVCZb7UZKwFs9+GMJFIy/MLUUKgdDCJgy/K5RHOv8+o/4aEKVcVCxcAbgOe2x/tu07cp9QbqUSZYHDZkXGUe38MoSpJsOrk33SxsMzWfjFoLNUgQSQ0BK9XBCAJLcaI65WR1jw2UdJfm1cu7G5Ff0bZVjHteu2z4EPOExvOzV69eff/tb28uzx8f32oJeANO2q5y3wviMQ5Qi+D0G5yNgKnT04Ajd2R5ZMzDMdVSZrFyS+TTedZ7vHz/7uLD+93D49NX5p3td/aq8dVC1+5MJFBNdVP/CN/YLERj0/whC6Vrl3G8tF23M59xPznVVEAhyIvmd7kFZhZozIPKupSMgH/uYjTaVFckuTLKjVhFAdUXLMxzCSZcChY5KZXVFkh8pq8oQIhc/Phkt0ESBT0Z5Fk9vuNIoS5THbNvUjcFKws+RPhZsvV/se57dTqsAiLCsE3QCyKdVE96wJ7iCT8FR1tZt0/NW4xtpKznztyTNFlDP0lAdD30p0A3GUxObI/ghBn5kdQaRXeK4SWgoRnuZRj5FU+0IZAqF7qNKCBzEdVo2rp5AlEEx3gZbGnPD3FpfqRY/LpmKKWAy2XicLkBtaj2z20I/NbL5pdFGsEElnzx3ScbAYInOu7XX3IEHfKxpZukqCTGB3sMAEovkG/QbbhRfMgkw+Dta2hSbBxVNFzVhAFYCYsMR6I8+UMTPcNCS7OLPdlDcNQaNp++8/b5jNkgpryer8eYAzPKXOoc+ElUMK48Y1Y4pcMPFaWMVIuRjYRDaSOsf35lz3cxeWz3PZzh3u1cp7Tlzflu0uXHkevz48UU7l75kcu/mMPPyOffqFwZ96MFPlNxDmFLYwyn8LFqoO7k+iVgKPKXQVzOMF5+uPsUY8gPNLvVB/c/bnLmZKgFCDw0pNt8UnTJ6mTTiL2F2cjfrcTGM1qdpkRzNDogvU+GQcOXcoZbzLvlBVI0tjq6WvEWCBZxtpW0rcWNGlZamcTofOA4ncuu1AV4DAYQEaRK4jLJU1lOq8cNOClq5gEroyLhGBju9Ye6rCxVx7btdSGw2UC/jdRzr11wKJxeuHfy6ka8PE5g0nrFaDCmgCQ3m9u+o002uJoNRFBPV1iAQjEEOrquNmZIEy22+xIP3NrSe4OlRtUE0lQ0wWtruUiS9Eh8er77IKQGzDyrYSvM9Rn28fji/vn9n//qX/yv/qv/3avDl0aE6Ofy4ur9u3eHRy+xhlbBHMqpR3yA25aH43PFypSJthFTNHmBjjr9Jw8dbhxIOpUzNxjSiA9sTah/b0tyrYne3SwqIVqoRlp6L3CxXKT9v7Q99OPfEOTunnej1Z2LZe0AsPTQwCS9OiX7/PyCNznu7vVXX9MUfRaLNJ+ITjEGeQxqUbXtq7R85VBl40nxSz1F+BRF0RYJ0rHYTcwnYHthGeP2jrFJGrrfvty5u9s7eCkw9Epojtc7fL35t0P4Hu5vCvbwf+ZFwDMyGZs1m21raMj6+SMzCmxWr567PPMWYMNjLx7u9nHraD+AtLB7aHJ/qpPxv3TVcKMBsipTEQ+dNXYoNlqtFzFFVNhWMbworoCWvUidhqsNM/iHG+zw7pbiuK6An1y5ypXPVz2hpNEZh8Yfh9zt1X8Fz94mcn9jUcI4KTee/Rlr1FDep61i01B3kClW0RBt50aRUNcihw6JMKJqN2Vu5reVfI35WD6o9vOB+DFIbLx59KMiqNMYVltVgS0LSo31YXKaGrPDngs/3T5YU9jGpjjI/8XZDXX3SeFbe+0Q96Yd88V5WcfcHBgd52FVx3oYcTC/OFCFqRP3TlNyUub7j+9e33zpjBvv7Cbawf6OQ5Dy+Afn5lgLkX21P0y887gnUqZ4jYGBRZzkcha6gp2RWnqg6Iqud8Z8+nRz9vEHb/t+/9ujwsRXFpxOJ5tPVo2q6ykSv12Mcn3lN0Gkgy7LBFFKd5WcK9aW0G+5pZXTU9xcbPCkrcqFPpAhMykVW4XGUeq0nkgo+2OZBFU8fn30BjMuFUautNxrSMFFohCq4HleDZObGJxbWRv8w4R0xSEJa6RLHe7yp9HH4rVSw5nbMHY7HEHN08JfiBjxxUi8bsbFcwUKwNI0+0sHUU70obqSIpza5gO7di2YYYqZI5xofQYI2tidlP7n/ZMVp33mfx6xIJd9KjASjDzxEGB9mUJj4FSxUkeaeMB4OioZh6BqqMv973wgTsJVGiDQAUzwQTgFhpthbkBhjd3MFWfxgeDgyATxlwIpc+6Gw1hdYaLclFTCfJTduMNKKzNc6W8MNqiEAaCKRQdTcv+IYVp+d6FZ2hnVhMRP6UUXq4WpKU7M4WVYqOH78ZMgbpRJvn+YDEtVJGxjhrQ7wE9FYncUsYglfx/AOfz4TTwvplJS6AdIjaylqzFLZX6V8x2+BUJo6KtqP7I02d2FceEabL5Crnz/h8bkgsl46zpfELEOv/gbwGD7C6x/A7n0535KlLaED6rKVOEkgnfRrVT4sl9szN2wuRgO9RPy3CgFdL8+Q7dLntu/GBxsWtQZOtSJfWpv7HqIgZ+aNKMmsqhu1I00PbpOjZpg0aF5SlOE1prvtFKo7l4iGtReQNmQSeqalqzosfoXB7Fg3IggPMyOCNZPb724y7+izxLqT/nqEiTCg5++YmBCrFiquc7nFFGON0/d1FtDNkMlVj8JZZobm/2YTmnZ1uPozG+3bq+f3z+z0zYsqNJKqhc51WViIDWFpqj1uTkxTOp3RChKCxBdg4iDLQHi8x0xtgEMB6XMUOEYiai9qi4H5GXtdi0O0yXlClNWJ4tlfvxi99MXr3/+P/8v/zenhy/NUQpMbLzNzo/3ToSekE7/miOjWOEcQzndm5CD1GlQJGGaWQCi8yaKow3N89MiI9T7Cvscld12Cjy3FUB7WIsCZXo3kFcQkN3ZZ5/65n1rAh2TmAgXTFeAJB07GloBhF782eXdrf3LYkQH5YgLL88v72/50v3rL752cnLoGzfqzB7EijkM4ZKwjJ46mrg0gvhoynuPj8WD0FbsVaxPY5mYyQTfNVWtUWvtgP0OorO9owPNQENtj4/mGG8vr+xO5YFuhWVXt3cfP3yke9EOm6HFdI7CNnG83XaIXK6yVqwJ1IuSewh5sfPs5fHxu/c/GIu1s/9u20uf9wawOK94QrBu14VspavCBTmGBRmY6np6Mb6M14LHtgSxo/HFQsAEHn9T46Tn4nC0lSR9KiuMVqTbqhFPNdjFO6HiVmCEns92y4Oqee2qRbUXYbRu0xDmpPUghy++KoveFzNkHXNkUJJWv/hMT9mc3AifilUlLVi0rx0N1XLXIKL1h16ER3nGjj0ZitjGLOoImRVsDNGjxS1aTKNgMTHARKzuY8OkQepCOBW00NkTjltVytiePUzO0CSd1Q6o0YlQ1UMoCxV/Y+nFs1ev3/7mt39zdXHu9BynZ5Oe89MA+QxINqttyjlFYadx8nbQUGCT7Lye7dTiVqQgja/pPOqwxLNUQS8GgXFsH8utv3d/d3jsSe2NpyDMME0VrroyTWd9dLWzSlAIv5plnMifnGBzXO6qWUmRlava1qINsqoxfYMva+5A1eyA/gefua+YnIgGPF+cpFo/t/EF6wYNqrU48VtKVCV0UdrgWjzFLPLaisU5oFrpfsK4CneTF42o4RhvxxAKkA0K6IbrIcSjFviQHP6TGbY0sgEdRcV++tAkDRvDjVv/faZ/Hl66q0oE1RdcPxYob9GWNmqUtSQdnGOfSVJqVS2NzAZLZRMjkcGM9ruYpBmGV41G9CBc0c+GYGXgRjph3Y1L5UeBhbjkoPxT6MkeeJAqXeE4rzTiExcVaVW2ouX2iYSf0eBchhX8NMFcH/xyQ0TA0SQpQG9Ku08N6TIz57lKNpiWYMHB5qfmYjjB2HBYqbrEPoDGRQa/tLFm6ZVYvK6ePYwlx/Jc+j+cREdSNNynt56Mp7DUcobB/m3+EmWKLERjhomelc0J+t2QwNxIqGSYIlENkKiRncS42lwleDDxMCL2yPfEgvTR3PLrEW+EVLyb4W1SJbBBavz/+wxbAcZe/FXsR9VLGQp0WIM0GGN3WAhTBeMqxKP8kAw2CXI4sMylgIonxCrGtnpud9PeQJ6SCOmC7vJs9Ab9RqsDQk81oQNcZsRrE31SUCm5ZmfqCe/0q9O/tF9yBmCgj4M+aGh1exiv99VFzfheZ3UYmrA4S1MevsGorNBy6aDYUXdREAOHhiaMdSmx3Jk4SDTiUu8aRwOQvpraSdaoqZaLKK575Je6Wn1hiIG1GZYpZo3ZT8bEdP3GE3Rm0D3uzgy6QcTbu6Ie5wX6oOf1u1YvGZjr+EMmSpMiVzhWw8s+uk1zyro4C8IKDL21F+r5mOOqimramMTJMo7sNp+1YzGYHt2gHs1P3NZSvnloiAixKMgsZGFhFdEpjjSz9XzvYPe/+rf/66/e/tRbx1Tf64s5bljQcXdbpFuf3QAh7UOLvuvRQyqnSuNa9EK/61suSikc7ya7cdZ0YadbF7Los6mlqCDlpgwTfE9rGRUUr5HUdtWb65vcrglMZ9x80llu786GpQ52aVcHO1nkd3vR2xnNcZrlvDg/v7310rWU/MXX3xgCxJRb03b66EI3Q9RtlB3VZdqUUXhiQduWEbFGsrMFoQzvzeAfU+NAKWC6KsK1fFAkaTvLs08OPjGvaOCTsPuHJ3zh6vLCYSith7y6IkIjvkX61FE44tA+5y3vt/WhISTmBJCftU2YvjK647/tinCIple02Ppa+LFPkFa0cjzYBLVid/rkjHQg+mxRRisYiodyY981Qk15T/8rRqkWqEZTqTopo4Zajawq+PgiroT5UjBIP03U4jy32zGWmdhKin8KeS0lcchjqw4Aqoyk8MxXRcaIguosluI7B2+AH/a02xOd4NMhhZwzJ5pqpvbQ7W7+O13H+F5M8nWv24bQACF88OATAd/IE0TstXVXJGejFdcT13mVTIOLjUVTKfHULbFtL/vJ5WjTEeX5aL8CUCGpK6t2DT3yP8bHYbIjzXnun5++fvXtt7++NMtstPDu9uDgmBrQqno/65xLhnn+yWrIyyJm0wkecFucYIxx99FgLs7dkAQnsiiMzxsnhIEpPVuxWKrjjw52uvzgzPcP3x2cvD56+dnegfgVK0w3zdbYCLfVMd+1qYkhefPJYmPLyZ1E+dBPPydL0UrUItBXzRbkaS5jjFZKDdD9co0a8SEzxgY1SMrv80S+qh+TCtZNDoMRkbphaBXrPs6jPZdQdMPulYvm5iOhpn2Y+RE4+YKbwoMxiuEjieTIkyVJojEo4Q8ou660ITYSR3tKY7TnvYGBJMCIh6YyfblPZcHHObWUngKXIIlRuc1H0fUZMBlUwf7pWrrCMRDQ5Ev2v7ty8vLNZyTZdNurM1sZCz1o4EqNFjboIF6JQYJTO4dmt0Ok7A3lRdN3WkiQqaqFZQvHBi5eozHswSY7oSWMx5W+2Fhu1T1nV0LFi2qIR9SSSwiewTIKtCN32hlY9cVFnMj0YVYqCcmPYoDLMtJjqitwOTIUXYVycicbxACN+TQWkVFovp+sOuJHIn76rOIu6udnPGfKxTE8dWDTgALOdsMF0UaiYTX8I1ls40rdGOxDXHs+DGu4G3oKM7KVcKeR6hPKSV633SsTInlL+kFZ2cmSt8oMji791fhszF+ZqARNX5luUA1fC737DQ6F+zzRGcS+gvU78vY/qEqA06dOcJXJexASXo0hZOGg4Y2RcAgtKsVqMA4yuBa+WAqtX9205rOTpTvjhuRA54FheJxBBcrAkuf4GVSMHwlK3XdmiS6z9zg1nuEHtsaAUgn2lm+Z9CoMStIey6gE0zPygF6ol270B5p4PJHFIE3TrIUwMNbrac8NzuhgrDzCL+IFLqIf22M169NVF3q2uqFeFwu1rHCZCTXBW5dlTuz24cXVbQ60o3fvfRIqTy1afFdrFPOpPytmDZP+zJcBJ6unjKPY1SDFuAcagOjC6qZezidMNLW1275fy+x9Qp42poePETUxSXXoOFdOf2H89fH57R//3n/vT3/5z4WsUF5dXJtHBN3hQ1e3jX4IwvE1I0ktARBgNYHI/1IfFqkpMjFsetWzCaFmytm+o6nu2X6ckUCNYLqztpFVOju6gaskpftWEM5oX5gLMQz0pOm72w59aTFBM5JCN9hc+5gH9/ISjxg6/t7pZ2dKJ8XcnL5+e/L6DSl88FNT11MqZXf8CXsVDwgjBLs2kbSks7DDKSiGjqitiG5O5mNYoSJmREhTZQ1Nw9Ool5BFbk8guwe3z64oQkcuYL27u1Hbxex4s0ZNwfQ+wggQHdxjW4pSxgUpDIZG3xyjPY7AjZDD1vHxyQ/ffSvu2No2pXlrm4dRrnTW0Gful6fMAtnMLExsLNIy2QY7qXekxnPvwWM+HGsdpjakkFQ7MITsfmphQRMZ6bclc6TvIYeSYCNslSSbFvClt/z1AfdyMsxjm2/48bhWfldFKOz71ONbY5y1Gvg3WQyfhzK13dMO5odz/FXtrPnEht1WkKW32gUGaRy6mqviJqavXI21eIIbTqeyePYo6ru3Sc0ahtb5mZVQF+GNH9jINfuXCQqhe8PwtN28Ng/fN/T76eDIietnDt5U23BNujjnJA8PR16mc+pQzPNWMrRbjullejU6Hdq//OL+hTqFu0MXLZuGf3vbJiUxM33WEM+GrUzV+ZGt1CRyzmyVSBPU9s0Ytazq57e0ZwT63beXZ+8Pjk9P2ux8aAVyLYofnqPATLVnnH51nhycXSVkJYkZNsP0AOoSu90PlwtejM8v/IVhMhivSB4+BWHQqoYvwXz6r3gs9FklgyhNiQHeIFqZQHMwAFSOvwUbyCRvMFVDh4+wZu0kGZzIMn2pi4GFbpEPJiphH4gpVOOpwBDNkyYzU7oYciNDyk/AwR85pqjTCHwJOpe4kl6J4WFILSEl+pGgbUnzdTXDZdAYyOtWwobHEEhRMWouU4CvcA8bmamSnG5qVc43GqqvGIZighnjO7F6cBr264Uzb5iGoxAztRs8bTQ+uIH/g09otMVBRjgqgH3Fj7t4DSVSOC6r53/fsuO7MquZx0nVO+JDJ+lxtOFfmNB1LPun7Gr0otK9liyFBzL36VB7sTyv9KEXiTEBsOB8mgOJpu8NYVzE8lTc4PsJeFRWsSd4JbTpPqmq5IjIHP5H7A0NeZxxsOBgKbGs1FAxtEqlnf79WKjAOnMPIF3lj5tPQOtXaxmzYWHxiuf0Jfz4PRRWUv3vBm50pVZUehAruciDL+5Y5UOU9ZZqpWEVeJKCWzINUyPZMOCrvAHKgPledu03PYwrBNKv7DiIdRbzL3ouZeDGf3JXbJIyKGCtdoaZZANtXRErQH8TGORm8wk9Bx4KEwPYInhnJ2kBSP0Av9UwD5EcXWTQcGG7OPUc7jW79Xw17UKGRsUoS8SA9eFkhJIKl9BDMfTqKDlRIhlTaGAD2nroRE0z5eAYz1PDteENvPi7m3ERE+FGqcy41mmtgZJGSwALFjWs9fEtz4JJBwu9qJLgIosH25fb26hPcWaiiiYc1mdtP4p/7Kwc7cZEulWOUqu4Swu6EH2w39127zamqNN1m6xV1yTeejC3W2jIBWyqSiDUMS561t4HQnsY9F/n3jQadXWsUHHFwX/6z//LPVGhEBaLlMIyIzFEhVY00Pgx846dqbEoIvNPIq6p2SUSrWIJwwun0zUUly61DbSgf2jGU5vVYCRJYlw0qSzhTFDeXENkjBSYXSmYp/adZ7vCIZgxYK+yHSRkaDaWHCYzxWJXVyJZA3W6bc8KXqNyfX0lWH7zxVc2KMQTbyOvmf5pCyfWb+UilvIvypk3AWKxDQcTdbPg3c2NeWdxuafGFoN5XOgwZwENbM524bHFB9BzhWKV5tY7YQhec9A3l14m/vD+3XcFR+ntmbWjewcdxG01m32yrGeiehTSygj+QwU4shY31ozpbu8c7DtUz7bZI6NgjUV9uto/yGdmxtLzxjSYQ2DMy5KZN8fiHwy+IoiGG8ax0hgIuqeVvCxRMl0rR/GtxuV6Vbw6FtB8mFwN7koSxNhCvqZ+c4AGk3m8hLaRjKHFxjBijHcoMVWYpvkqTc+4tcraQGyhuvn7Rj+j2nM5ZWKb/1KXYK+HICFY7865UWdNyuPMBzqMIZGTtOK2BsguGZGpaM/OJOdoWsrpbZ0Q2ImDj2l7WqrZoL9NyvsUWIMuZtNY2V8EFaXRRoqP9K6656lE3el8xEkVuarKJyev/uZv/vry4sLR6NqN4UYZMpg1di4OHCYQDuzL78mnVQO77Z63sVrs24MQup5U6/92d/bNeth8Pf5vPzvmmF5WA8AMVhXLEk5uuLv++M6xOI7bPDh9Y5S68WOVrNrnq8aqZm41xExbwdoif1NLQsfMvvjHaKPK62lxddyTOB6RS4SlNny1KxUqFMB3HqWQjPBFzf/BGq7pIOZ+fSGkgvV56hrDCNJPCIezuQ2diwWcHCSfFPg9mGg4kqU+v8YFAxos8BHARB5MYbhpmoJAI3Tgjchkj54rsAd0CRD3vHdE8AWDbKhUpKkNsRhPoQ9dTAKreQ9JCYk2ulgEyDhwMpZYhoVKi09w8ew73nCS50GYmPIUVD/8z355s0/Y49ZPFXRMsvBm4yEJJvcYJpUpeYgvAUIwcDISJBtAAz7+A/VJBBKhjc5KGXzDcAlDLDFJ3acgi1rzhUVy6Ddc2wfz9fcKRYaA4ZUcxbAtjY5ISZvdIJY9P8G4qJwGDHzZkzXYB8saNh28GWLWk4WAk0QgJrNYGPqKpp+54wyZeaUBktvpwRuZghueQcdmvPfdl8/cSckrKX2k96VzqhWMyo+f5QUy+VyMJntWVjDj+vCiMKYCVsqKq/BiOpJBp5MfP2QaFS40kxxiUGnMb8z38T8Yf6subaRaAkC4ikzJwTI04oV/DqapbHitEpbpb6niCd+TEsMVnkihytPzESn9C1lIJt8ozoZwdCg4HgEopSxnkgIwOlWO4XEISwuBZD+1gb1wrz2f1GsqAAAgAElEQVSBU1fUeaNJQ7yGB1+6I5/mknhkWq6XAxEORbTm/EQXM6ah/alXdXbcoJoaktFj57mZCzN7LJNARIItXH6yfqhnyAXFxl5q9YUqosJ2Q3oJbO9D0/mbV2p2uYajuTWQsaN3pBJdhlYsgr2tmSbmbRiRQxYBfc2OQS69uHlJDT0rNVRDMxDGU0CpcNQoRd8oLtSRNUxiAna6bl0J+XWxBVxr6KcndCwlw/wZXzFKJWpNxzVJNYY0qJMSabsxxPPs9uuv/vybL//ArFdq6BTrbKy7ErWks1rmRkVz8xo4PwoXAxJdvAJvbXpznPTQnBpuBcC0ZhRqalKsUhFHan/IzOgJW0ByoAmwKaAIvJikadPWabmnRuOCYgS3KKdZ7EyUwHyI9v493BihtVtl+8Xl+fWVN6/d3Z0eW+j/FQVqPlRLsRc3SVm1wkxAxaQczY/9wtrau6IBKxLw8LxDXgCh2SBWxTnwc4sUGw2iRVPFM9v7wtEqXJIZxlXyPINPhrwMaX5894G9ILGQzrz5oXe6HBzum2X2ejePJVMxzSZTS+sT6IVtmKQTUgo4jg5P3r371vE921vHe1tOcPx0ffZ+tzc6H9QpOvSR5zQ12WxobpgbNHxIUGpPcHqHVHDLxRoObDdXbl2vSSbkqEJiphA1CZZqsVb97SGngL4EYMnvUSXGDNeyO3m590PrHT3beaVk42cShc6zbq9gq359fGg8mc1wNNhnrWf10vBbKo0Ae4icYG+BwfDpOou3Q0tug+gFiKjMmN8w1WKD64tLLYCmQW6nXSaOmiCL22K4tpzviNERZFv5uXOfmiDcQtlyy20R+RWwTnpsdH9FKNUmgqtBx848+vRgv7yxas1ESwxVfq5Pm+1stk+ZKbI4t/Q+Hy4tmN17fuDZIw2qInTP8xr4JNHuwbbFCTBM2HPHw61O8aZKJx40Jon7eQiu1lLO9dnH6/OP3vNj0tkKxbEIeiQgDfvXVCqYbEScT1k+2YAOCOvKZ8KLeK6NkjJOkke481F0ANf/8ZJBHJqcA1iwvtOgf5XvUqJqNkHHolN2kH+PLqhKy5clvdIlFBe4HTyxnQpzlXJ9kq/cKI3IuK41iutFfb7Xl7ITctb0V9zfIA5LyGr2l9Sx497P6qrnJnHynzqE8lJdWkRokQ6JEtW/0Pl0IaV/ys1dvBYqDvsBd19lKwU6LUsIK6B4uhtJXXS/QStpowBwAIb/GtKsPcVDFtWyI+GzRPKPU+JaRvzXlwPqEyE9hI+vpbIkrnPaeE4go/ABjflFIGTy4puSh2v+rNymgQzn4iJisZvTo57qQx/BusEuQiVlLt2VMjlYGQsNi6Ov1DU2G6iNW2Sdua9RcJWoE/eqzekmD4rdWPedR+UzrBoT6nyyjjDuXQGttUoTMdZ9d9IqPaQiESn4YcNRckxWQs4P03Sx8I2YlQ4LoRdFDMWFpgDmgSTk0wfzKkMFFjcTv6ASUwg2mQNf7aqPNHatDRpuagH8ppeI9m/EmtS+6GEJUIE+CRNI7HbtU7EF9MTUuG4BzrBf9kKfXsCnWOX/gWwhjL00LicxB7KCXftbKOZ/BSXmQ1NEeOa/1LifkrVtdAqgblIHEwKX2jEtu6Yx1oFgsRR9Y9SXA2SKGAgIwDiILoBfgot5VbIsKp9JyZ7XQq/5rSWrde+ktD7R160KbHoYEpMKW80Y+i9GKYQ1WyRuuvtklVIjOsVQYsNYzVyI6ECtAjR4UOdaomimJY74JrDO16XQScTg5Q07psC27+zPpR1IRn5FRk2rnuhNHncaepCaovQ8M49mDBVmkgEXRbXjRj8uNJun5jSSyAYIuNpoWcSdnYR21Q3fDWqaHS/Kun/2j/7oXx/ue3XEFdkUnEnHqXthinQdnmuyZhWB1D2jUK1AYfiNnM5M4GHIR9CgOwMdgw0vtVi/eI7PF5KlcesYKR84rZgVhst47Eyiz3QqfM0udpLQRHOW7nkvmRjO8R+fTNLmf66IeN+rrm+9dlkQ8PDgBEGxIvFef/GVI0OoiMGmhhvCqo/PNYGy8mwcoiL8iAs0Yr18UXhqvo/tNR/iRDgLDymBQ24ZTH5+f9ss5ouWHhKYj8HFvsUBgPPDmZm9agWntZE319ftJRJGO19RXGhl4YF3c3RgD5p54cRwxG/mmMfyX5E0D8uRHS+0600tXsRi8SUjCB1wP++Y/tQbh9mx+eu0Pa6gNma9Ag/KSTb24kFVmzTfQoha+vXLwxo4HHeg78xMFLdFYLVX/JT92N94lV5Y+0SKQhsHqn8yTcwezNGWKFiTPeVOCwS4Dek9P+hbK8UScVDTRxu4pSdBt2u6bSiu9RMG9GpOsBikmiUABUjJOYOjyAuqQCRsbpHcPS2Iag2q3+0IrJGnI65iySnDbaJbcGoI4AkWG4vvxTAqjsrU/LJvk93C/Q7I3tm1DlWtNfYOV27hGcYovyebFy+8PvHg4NArVW6uL+9umHIvhaiNCS7yVAlqXsxa5/F3uw+3l6nUgx2zNh1siaPnl2a0mZNayGACwaoV8jbzkJN3+kCqmw4kNaZgwmzahNvLNuyfH3x/fPrGi8U7rGesN4ZlKIaEYJKyCUfIDKwueTXbUmo7M31mi3kqJ6xCsVvHtGwzZVZGebVUGaegbJVehQdVfgUJDOXN/xZYTYQSNrl9YsKtf25w4VNzVdHljYrS4WJ9gvmEiMFULDm3zsYSyLHwFH5gc26nB0DNzUBVyrV/453xN1yEMcnjR9KmcOXCi0wqWqoZyevi1SXwwxD4OKkBifnBOogHfXoNFcI5pJIxPdQGHrmAqdlt0o9G4kFLVLkBrgcZRAEAn+obQqXLAj8lhgfY3aSg1fyD34gGZ7bNfFNgDcFGV01a0oRnE8PV5mIq/qquPnWqE7BEcbQZtuE42VLD0kIlRj2RDkOshqBiJUycVOZEfXE4bY1/wy0qczWwMn2GlXUZHSgXwriKFZRnxH0QlJXtQpMIlV//XEbS37RtGhGbVIKJ1BQgRvxN+cVO5OU3KpGFgKWOoRo214s7eit/iQos2fvHW1KBR81AFzF5VcW+IYobYXmRr8swgnLTH2OV0N3IEoBrKVUpn8lcSe5KGzLlVLBP/0qPp/msdGobFZW0Qbr+oVFOvA2NJ4TdY2ch1CUudAt7TXKfqQySorSoSeniiUIS8dqQb9Iy37hPnR2q4c9VlBvl1JjxPKzU5Nc4yqY8CcYSoXFRRGI+EBcmqCXlspReUY1rEXghWMVhha64g46zaoNH0y4ywMTqgEYa6uvhvAZF5I0gqoaptcC65tYVujVGaMzQP1+6EJ29ZtqZF+00uXfAbTPKzUGtY3k7y6NZNDuV7ycOcczNDCPo+BunzFLP95pKblYX4ylbr67f0OV645h+v26cSySzFiIp8vKkLS3HrzK4cpskLhsbRLXByoaOGhyjpJnArT2yMsbIdsEu8AJEUS1nrZWh1dwy9z05evmLn/2pTrA3zzQmZK7L1LCOcvfx6loIaM5SDz2NC+TjJxHpGluErlEzQOJGMheIXb9Frvr+MU4LRSG0xSQhBJhtqt0s3sK8sFpakOMT/kEuPoSyUZSsX3RqvpPV5LZblF4/WSJ5ZZKuSX+holftXdv0eysm+8zpNmuCmE9UXYr4yURn9EkH47wpeQ6PTBFo0hL5qiGpzK4fMatZZjowdd9PVuDSDAggcxkB7rXLl2cmCnNdRhH60DPoD+/fG+gyo4y0CM/WFKsP/ROLWJW37+Uuz54LbQmHlphFaVy6Mi6V8LzzU+vezi7O2ZAXCtTammPpAjY6IpE7W9J365zxF72sb3SU7z5YjstiuCl6w+tIhYoJW6PeDbZpVVUeR8YIqozzgU3ls2NphkqzOAxPtTVzV7uK8iEs8NdqNq5WvEMpNFadaQMTQQQ5ZuN7tzL/NjnLaJgxoe45a/wZlhoEzuPWJq0YjNFUyMq+Lb+DPCcTgLffm9YESzMXXNyRu+Uu4t72D9HNVpPE4chDkqZ4TYWcqV4bpCCFcF7zmGwvHk0l22x0e3fNH0SxSaFKWyDhIY/+CiKtZWwYssOCWisi0tt5efrq+vLs9vqG7e73bW3h71qdGrvxoloBiygNNjPWrbUJHUWZArQinDjePHvA5+mjdwaZXGhBqk1WVKRuEsxxjDVD1dZZWzrD3imnvqZKoVq3ieXybP/g6Pj1FwdHL3mdVoDQDOmryg8uu8JHLXijyKlKo+zJqwLjTMI4L0+vxOg8vaMDTJ7v6elXShD+FuiIPUNPKK/i/S8wzKCVjZGsW3/nL7v7rO+FKqtLwKwfn7mgzg2ZimSxKHgSq5Mvy1dIKN2NJqiydV2SfcrvxsWPWOcmTJLnMzmR7CKXgTfHnMaOCisstZZ00/5NaQQUWRqNX0xIJ2cSh8zfig4WCwFI9ReJBSCtAmCHRtiGvVgItHxIKtZNpTDoESPDKBmXU7hLuQFNqxwiVyqz2iF5VCUvjaToqkxVV3HIEg7Qk1gaIAWJG2iQADgqBw974NEZTZVQcV8hHTopKSlGuQMeiN9xn+rICmwX6WF0KOedwQ0fg1Jyo2LIKYrF8cSYi+Jia1Htpnup8Ov2hr4yUxg4KYY8sdyl0Cmgy3YhbykuAlDMTbRiOzXKnv6ylEpKTZ6xtIt8NLDhaVClgcpJGZ4rqGi4Ry/LRlClRC3+2KOrWB7bD50hhNtYXxiGbHAjWGzEi7/hfNgaShKW6jbCxUks9QizApGlwpI3jC0GE2vRnrZ4Ofx44fjb1DAtf7wqAGXFsmg3+JDKnYk15LqTFsPlZJWFRoig4PjfSFPRKPsk/mhNsVrTUvtmWdFCWOqENZFsqu8bVUfSTwvlFB4/nA4/jc9pwONrKbfIoa5lGQYHzT5IRqHLev9MslEotlWSGmQfk5mNtOhMCxALNyYqbLCw/tQYVR99q57fd+k4FTcMu20XMHtlFdpuo5S7jwfPjSughaD9AnjGSJsqcILJOE0Qw04JP9rDunlVQ1QTveG5MKQxBtLoI3S89eFQKEJdYsExXGMz2sv0XFOiT6vBqYdsKwHwVFazn8qULbKwlF64zHZQNbDy6ac/+ePPXn9pAzQVWdyY38IPHp6w1fErNz4wqbX+qR8OfWG9I5EeDSvGPCnTOuwqURI3okVuuqafEoyjNFGZdJr7x0cRUhO7lOk8brm6V9gFOTCbtWQoYzcAe4GKANGomfiVCoxj4UzEIWS/uWYlqw9vr668UuWzr3928uYzEaQ4DS6vb6ZnGidUvkYltv0WlDkkiTKmsud1yc9VMssIWnTVtPjSoq49k4muTEGmjZTDgTDUCCirPHiTuGWUAgIudXf3w29/2wIDSxLNXB5YT9hBev4rjs6MAYvqnZ5jNK6jdnjv0OVEiwEuQhcY3nKyoxMSvSnGUYvY8XhDTLulTFsXblDFjZN9REmeiqsCDaIWqDdJKhfCfJft86tqLW2oIJwa481JeyRzbKRNvgWRjYqbC55QL+FZspFR0VVRZy7BdrXG3kzjmcIEfHiqxxu/DXYe2wzWuaqnotyiVaWNunEMLzfirtDx+XmXXUO4SAMMFJO5QRuEIRAZ5s58KETsYLUszxHmSrCMNYdUXMhqGYbHhRop/HVcAB8DpF/lTwKx7Z4Ii/sbPMQtYVyp+opYOUrxBETOswkj7W7v2xG/vIZpqJojnxwff3z3g8FhDPDPqbkG/2ask1vDaHRQiDm+9mxnr8akAUgG3mlJxP0VAVcQzOcdWkBHAu6HPa/gsbCjNTZEBOBF446NLxBviYpnMOsEevejh4NZVFLLeXd59f72ry8Pfjh8+Xr/4MQ6lFqapKh1iYWMPwbmshqEqigWV6qrRnmzKFi+rVVSmjYJIcX1pG8uKqYuD94y+kzvpNKnNwU39xwlV5jEKaCFqHScjT/5L3NYk6KF4qdSKhRQjRNSitTJDKFV4zJrydO2VGjyJJRaZd+UGYZGD/n5chNp8+FCFYMXT8NEMlcwsYdcXLpPB91XY6I1/MY4PLKWciNd4flTrNy+oAcWGq0ZtH5GokCjv1DDGcKg8uHAB1+gqSEMQ3YV2jCzuApzvCmXvgbDpInNyTzOPPxAyecoDXzsMW5oK+6K68eyn6RKVz/m0kONyfKG2FydfFDjICmo1EVdFR69QKRZDO2Q3MRnS64NkTAMJxUfgbsfHhbGBFp9yXAlazEWpxWYjvQfYMH0ePzItTjS8W3Ymc6SGg2gJErS084EiCBSfBKHrexVSFqERghX2SnOhvow55b4RE3xudIqkAyuJa4/ftM9DBMYhUBO2WP4MoNYIHBKLanPIKhoyYuVyRqUAUj3lR4HIjqVFDmVxvNLHtESbLFEUVGXM/9G/JrasK2fv6dOKnVzLBOtOCN6WP1b1JFzWVIUl9EzXNBDML5hQGDqkyx5lWWNhUJeKKYRGFTlLO7mcbq+BGKNX1GO9q85webMGoqAqF5gKLiniVBXXJMcIU4AC6C6IUzEVPW+MIXZmFvDURagQpoaNEhGl8UnGtzc+vHhxtJCnajurliw1ZBdd+rJ7I6VJx5pCFGq0RwBiV/ldFQ1QPfbGnqLzg3MiLq80sQMpAisdXN6XUwCQwpf4hLR2LQFOsJ2P+hpqA1MyicRT68Lb477fk4w0bHOQJDzDh/NzBn0STGkqPsUElREOzhNYWMM2mlKJSso2llaayivbQx2fM+kd9WlM1O+/uqPDM443SZF6ywTSMHp/tbgUBExkq0FpmbZTJbmHSwHUPM3S/Rwq6N7YYxwDJypQei8ab5xm7SPFYrVUXubLdbIcP1wY+VWE8H5UI/s5gFp1fCMwJyuzc1uPd83ZAJ5FSAVtpDNWK7zX6BzUmCm0JNfWRl240i7L372c8OHgrNe191YmwA3x5xoxR7VXA3pVgIUiuDM3L8Qx1MKG9Uo+xNrG18Cp9+U0kReBuK7PU3X+dXSkKwHCx0+/5DHd4Raji13LuN3v/4NkajD1ub52JridEeHbZsRFcnFBuPkMwiYye0Av6nI4ieDtupEBzQ9sy/l+uqcI24ftK2nscZ1wLgWz1l9289MRPPB+Li7tnZAVCTIoS6+ykGHZ7bDi62ylmz28SzCglY+co+7xnNj4cG5MJhS0oONOtN6PnuJqoupHiu5LzTFiXPbnDiVMDQ6ee30RD3B5HrtR7FfxNWqttXqGo/W7aonRRGKC0ogEKKFvQWqq2cBqeJxPWphlKblcURLZpN71EMzl6kGKZG/d4J3CTVFor79u4dLt/ZzVR3E48lBkhVctqlILsYNdqrPpFd9iJ0Uiu969ZFt6b3E2VLcKPcgRltbTtYUiFvMYGVDizsfDZRSQ3rDkWYJzuiIg7NOQ6ne+9n89d7hOLnzP431tli5NptyOhb+k+icBEJaVqQi7xHlclzM85nmDbcqEiMIRNVFl0J4alW/0L65+Hh7dbZ3YDLAaOJJT6ZpB3hmQ3RsHnv5cFnsTfqxYiaHeaSTUGJ2zNOZS4UEUJubs0sOyfTF2Wuys8VcRWBoLRRuJ0aqeJ/a6o7SDMkggtlnTDklwre4HgBClrJAK14bCuXgWqIoO57rbojEOBTZdUNiI6UmeiXIwEZIc7MIymrl+lwNrYoMP/Hcj6oenxs5asYWtfgfiZeGKpz4/qf1CkATrsURgoM/M4a5f5EfJnLdBCsnFcEQ8EAuYy34kpMuyHBXGPoNTmlztdSRauvvBlnDARkq6IouDF1l2Pkkt0/Y/RtCsbjBOMJClUJwEaJ0GDQg981/DB6X2jUUQjFSDVRwFRgmFEkOik+KgQK5tDVIVIu4rPjADZnu2R8TlASi5gdEXPQgFRNQKTk89dWt/57zo5H/rETlPbtn1sgOXGhGgAArNX/+uZisyd0Apfi0P9h9DecLTyoifpaBpotcf61AQmMVSWVLid0rSJR00s+oX6kuo5LC1ne3FDY8jV5GQd0DXUWBRnnpDu4gNgCDJ0v5TJBZevIPQN8V9FHoycVjLYHKqMNKEh/ar1y580/eAMUpiFHqsI/voc5AQBetqGTFyo+SFsgglBaVQpD+y9HsGwjzRO8hWdfXRgmpfTXc1qq7gajJFaLUaKjgoRn0lQ92cFVMhi/Q1Rk3cYyJZEtOmeD1ppyLIxksaZBIAFSAWCzoV6Toxb5iFlGiwakOTtkAiIQazxMpThRV4dlUUzDm5GvjBnqHnkx6V4q1Q9t2Eeh8eptuo3YYQLX2X6l2gTRvyMlTUrmx6T8YPbDU8aDCSpD6yrZ12mXc+KUhxbLhVS+MNBA8z1EzklyWwTNhXIHzaIFaQBrrotOmaPCji2po8MWLn375ywLFahtEdEH+a+UUb6jLwJgRJXqrCwwhYoiomRMm1sfjheyoFwGIOu68RcQgn2G/NNwke9tzYwyzQqO6ZKXW2SKz7eDxpoGv0RAjWVl310im8Ah857/McCMtdRoO8/t9ZKp+BIjOlHn+ydtNbBZlss9+8tM3X/3UXmFc0aTwoqGFPMZk6E3rAIwj2TbQu4BJBlfPSKaEybuauTgl7fBb+Ged384eXRDcXZGYfryzUa5r3qo/YWeWhhL5aEaxXaa3uVhmKmAjgjd8HB0f7wsR97yMpUNu0iFMnfEwNswXqdhN0Y//bqndgdq0cXJ0/PHjB/GWX38NwKooPrzU4ofHBwNOonxuZRA8ZyrE38eJ8+fJDtBgasNzHePcNBVHXnToHCuBVK2YNIchETGpqKV5LYIoJpYOMN+pVo3Myuk/BFVWX9ip6ymAsJm4PVlUw38EWAwrgq8nrL2sfUPFFubUnBNmHJebmstLexjKF5gXLij8ORxIPMUBuaQBuJ5QKI+mPCq2PdkyDTHnLDzg4TNGuPPQG2h6gmoYTojY++uE4+SiDJgaLhXtcgdjw9Vqs/Zte+dSBY+tN6i46kit01BXv2xFt2Dg7PzszbUTIGed4qjMMfYJsTxnNLaz31uqvc5HjdOmYDJLU44XLVmay/cMcltkvCtAMdToZE0PCY3G9sRFX1alGIB8ZpgWI4LWLZ5Aw8+cgJlvVCuFux5XC2/sNbu8vLn6/9rCcvzyzc6+NwB57k63/cE1N93WbeXdGWPyByIgQpK5EpGvRclUeUZN00qvoVfjp1FdmH3nNJkiMqt/KlHq2KjsGnwoeE50l6LiZTqKnGIVXaRCP+QG6cQZwfqEIXZr/txU/aI9aUgkr9QAY2hiiXAkbPosN+cN1SAZeIw1yJwyukxBST+wYfrxetQVY8N/GMITuhEjgYeCxFrYqsCCjAfE+6l1jvzTJ3IrzFm6AhOOQT3FAqxIEv2IZkRbOqhaDo9P7EhOLzX1lQpdVxJ9Jf90AHCmjhQz/+JLyxDOPtxlpBnTTPFQPemQlkY/MTvwfS1KSsJXq0qNo8MoSms8Io3kfIN6XST/1P+4mGZgEiAbsFhZBki8pc+wRm2ZqOKqfm1pwOUke0968e1+UJSnvjVJUXly6XE2VllQEVhJWJmkROmDg5ggxQhVyIxJKPLvCMIT4bmGNE3EX5mTmurTfKJNbe5mwOU0fuQu/xjdBVp5KMNbqZAFn9aXVMiVMSmL2xE2WL/llpog/gW3dDHXlYMyIsNrVgmS0we5cCwI15WXO1ldDm4XEfIZHfF22s2zkKnMElj2+Jri9S4VHsdVW3wSb0WNtJg6BnMC+yta8d1QxPQXHt39tiaoXjifT88CIt2BcvXZo78GykMRE+XAkwA9R05wMjcTygyn+SSbwhgST+emoxgWp3WYfkVoBquaNhYTOpf4evbAdpKd2GNmk8WLzf06oXHW6AkQDRXVhxUpIEurDbj0gNB6qk/ProUazk3xXo72opLj8bqOoWhSUCgSnbjGLpdGLE1S16mPf4/n6hl1IkmkM6r3bRyxrSMittZv+eSYwhXLBcXVU6cMh+gMUA+sacnWVNUp0lUpTYymhNVyEF93rVdBa3//5duXPxHxVPcRDcR0m7LpuDYinvWdXiEYgP587KGiNSGm7xa+LqdN4aCh0LtxbyiKisE3DZrWdc1sX7BYt9txf/pU9PhNVddWAHt/jaA08CUyeLgRPGEeYJExnMSf5wXbOAzSXbVJyBq+gbEdRHhoV8eXv/ONt9la/oX1ggoctdeBH03PJjIwxlPg2Ksu0g+tMY2NQ89t+yhYpLXxGEXxaXhLS5Je0mgRRsGxxYBo56RG4B5uCnQaeJ6jeXjP9c23f/dbxzHu7ZzMwJUgREwjOCnYEe7Q/EwzC61y7cQ3a9zpepTE/m1aYSGYVKxervj84Pry6vriQh5QescS7xAHM0+NHi9pmKznKRbAv5fLZHoiMVusP7/1aEL32RCAg8cFpzmJmAVkck/tZzOJIubZAlzFpgJSTIzE22t8xZfT1kHEENeNwNUHNF0bh879xlz1nE/kEOuxD0ACzroIPOauCLfpu2HVWfMbaRW2eslzaF80byTNU0TBbY+LrIVfYHljtmoJ33OOU+vTEes7Ng+TvY0vOaYKTqIoR1prkAPseoNSTX4h7DyTGnFt0IOefFfh7m+YCgkoEBf1CtNykrS1dXCw9/3351Yh9qjmAW/LbPZ9R0+laUyyYccJJGyq2N0PDUWErvqzeZQyQNtroIcHgbk6bGyw+5sX2ogbMawAUZXxkEmGlnDutZIyVzH269in1mGoRM2/BzBPlVdn768vPlqaePzq8+39oyoyL2D4jJv4tQhueHe+Pw1KrWnXAzyJWlbqqf5PUDBwA99XTW/q7I9dkjMnDpWGMTtF019uBSZI11N/K13bUnFF6vHcZ0yJ/MHF8DeEs1G0ChEXx8NmhpvSiwFFjfy3K6ji6xONPBTxVQncxRV8MR1lfYIQjqBykPYv8vw9RU5ydKbLi9MRoYxpJDOl640YC471/UhCNrkgCzf42tY+m+ILaiOCMmnTT6PucU3SxWJFEPLFK0O80Ob1PuGcPxsFVekAACAASURBVHzkWpX0STUIKzC5k1LN6KMCQZEmaxemWC3DaqwrGBthGDGGdA49nxXyhryeOxYySmiWwMkQGb8a9IVrMIEZvssEMuiKH9NtDsfN6naiy2eWVpcwo8MhEr1BNpqqgRolExrH9D5AcQMqNvyVhKR/WSX5sY04eZAru+ah2jWg7isxnynVHTR9V3wyp8sstWSYZAwH0YhZQOHsKhb6AbpYkVVjVZLfPJPnkaIH8bDJV2mefqe09DFIuEZRC2zIxFROlsL6l/NNWmUmOV42v/5LUhrE5lNFmC51ZUxesqQmpcZ9Jnp6yh8L5Jl+areDAp4hojOI4YyhEsLU7aRUJn6H09XwlD2/1BVz/UlLKYQJsg8VVzvkCQE8SLc6qxk9Xqfh02sCbPSoOBK2RjeCHkOHcyk3fHqlnpchVO+X5ZpmTc4WnTehNa5jeK+3lBWD1HOIMCbyu7kSaQgPTVPajlIE59QOz+uGFSw3pIPGDsVnAsx6jxps6CmTVA0fCkH0cqlFXXbXu++e35hHfvZgZ4bItN2u9TBtgy40bIxS3NkAYr21kpWeep5SxstJWhjdMqEhJ04jtCxgOuJ7Y5ZFBApSord1NbdddTZMSO6UAnxawGzaZGy+21xaPbCm3N3p6U9Pj16BXI2sST0RmTlfJY23URDOhWINyaRVpFXOgnY0xCKxPm0o2dJ2MWcOg2kwiDAhaq6mH8nkMOeYOATWa1EszDJQxP7e39KYKJ1kK/qa2mtwd+/ImJsdA42TDd8vepNeY2dMdn5v9MobSy4vvLDu9NXrz7/6nT0vXOn0PvJGxIMHvgosjFwKcMW04jLhQ3sYOHBO3BgSx2s0t/YG80WluEnZWK7KJLTBJo3TLSPeKGtjdHtoNO2CYkESLzHT3UGM1z/88EOjL6zTQE4BoqefXrU8mDmE4gIPG82hZ9LUKUIVFrVtVjnBc0dCNmiUPp+9efv22+9+26iWu6qoC90idj0SVNeEaoR0Ak4khCz3V4n23DSlodP20ChEo4yeNprt8yghgOYLNCNgqr3yobr6lxmhlND0p4xZRTcNevTHFxrCcgMEcm5ujas2WHi4ahqE2OJCuKGGorQZwKMV+k7oqn0w41j5vkAYJPvzQwXnQB9625vWr8CL7j2IFYWE1OOjWKrGlmNYweq8IWJ18PTs4yFahp3tY3OkOeFsge9oeu1MPkCBdj5ZAxKj4SQmbpCZSfYesngRDXv69CijJVD95J6+fPX+3fdqsYlmg8IKsBeE08crVVNljhm2HVvTiscbjDX1MA2gByHrbrk89CsoENr3/PDs5hNXtufJeClnI+aEpNCxiHbi3mhualONMExTWqQO86c1XCNPIrk9UzkO6fby48Hp68PTz7Z2BKhsuFoDCPhMD06hyv18uJJGhBrcs2E5PvX92Yll8v3s7jIGpkZwpoGIHTadWivbfw6LQd/AK1P90aoPojAOwhw3b5y+oIhlXELJmvnuVkaYQjOfeAnvPOxJyVDJPAwurkupyIDKoXu5IYxY8s7NeN2EWgV8Q2OIkD5ywfWpUgzekEQptBgoa+pS4Moviv0LvZ+IBc3T16W7ii3YJwKAFvp0+AQBjluqxZKqNGlegluwgZNwseE6BFVAIRcdG6WbBzO3dYTRi99FV7lIZI2NFkKJFT0IHQz5aMRnZJIioUdfm4iTe7Q4JagRbMH3MCFlmWLcS6GJ/xbtJ3og6NNdYiwe+heHWIsXX7X7qa30KT5X5a1P/btGIBamxBQsN3kX0Qk/w6mX0r6FXy4ILd8gQcdj1tCTILOvp0/k5z6mQvvfZQT3sTiflZ15aHw0trBNkZFS+RqhHuAobqNmQBl16FQK8fEpLKO5yKL9I0vQPQmb7qSnxBF4A5M2IJy7jBptTLGsz0I4dKb4cAcGQPebjHQScaylk1DJGlwBgWYTucPjpASTDstdTHU/5UBO3mIgHuYvbKp3+CszF5X3p5pW8eHvx4eCSLX0wuN1lztFggK4G4SpFM4qiV5hM4y4wsRx2sj51JH7roFu9VJlanLDTbb1tJTYEarGZFhhWRFegZrI4r6ZSftge1Wb85WFhlafd6ibLPGh6MSXlrpQzoq44hbRmna7OqWBL1zojQmF3fJMKekPRVbXL/RwzpATGgHT5sWUBl/HZy7b9ke9i2HL2HDCxULcoIyxSAPORJrArv51qmPDHhoFnQCm0Xjx0HvFaEZgIQijKgMYz7aNlGn7J2ipjqgaabozd2poTKLgXQhi9MHRPabwHm/evvy694CZ4q1JagJu4xxVwzRpAwEu03WuILO6Sx1FErFaR01LsIuGZseHDgLzQupWEIo2BC5bu0U8iVBPaUuK6mEDRm2edBGzmVPKAaDnqono3I8OlCnENDpaoN8qs6hjghVYkXiGim5v9bvXNxdMBu3rz788ODyuiy7aQHretIaxhlr0sp3skx4LDYyJ6vTN85qXdkYdWk2zYw9mv+gSmbJispjBGNK9ZWJZhzZAemliZW84X/sHsrHNImPd29sP795hYAHzfYNgWAIgQCmaKKyclr7EfIM58MB743VW79FCexMIXJVR6vbo6NBmFMJtbx/gBECZBKXNaVK5qiE9pkVl57k3aItXW/lAHj6noXRh50XB6OMWsIbZBMrZhWmFF6TAGXqpSw9D9dW6HGgYVXCaAMYcRxITQxmiRGtQFm8G3vJbFZoaNTam2cn2zHBti0eF+NxQGDqDys3+Eog6sz4tG672Q4l7oum9vWo/vzRW2sR6AByEQXiAMqmUVxSI02E/lrwq0apWe3YME75wEnUvB2rxhwppUoKnWdcbk56CkJ1a17h1NQ681RH465BLH41IUamKg6qFgaPzT/ezSmBHS8HDq6Gqq2dG3AVbbJgxFalrcLj93k3upNmpFeUJAmDzEUDBU5zKkALVIBzzjFYcVgl61OM5gv0ZQ2ynTbbol69CtfPMQsk2kueS2iAvgY6AyYVCUsq/6C0s7w6OXhlTp5VpS1WN8alq6bTmq1JVscaS01xncU5X1rgY1c7d8g1wsFSLIlyjMKPW8ZCvBOSaZMWPnrkmLANY/xPaFI186EupbVEQoOT5VKy8/p7gXOdoMeZyZbshZ0Kn2RXVJQTIDSuhe5Jj7KLw+lUAsh+LNqJVSshKTBlxnBhTIrZhyhOSpzgs5MN7JOOh2FgpAKEC1B88cNDVIBgUaShK5YY1PkIQHqlcfknds/YTyhBjZ/CGNtrdZZhuelBzt1LDDB1W5cfMgEvBP4SR+hHZtAqBJLB8JXwyUwlPpDa4awfgQ2dqX7xDWKF4Y5UowY/ycDeG1qov5OXGr9amQXSiYnBjSo36ZG50EZmEmU+M9TcfdPx2+8TiU0aIudzT7UBgE3SokmcQ5byJYe3RZAQ3+SX/KPAGy8ZrAx25x8nSoA9oBttoyf1SrX/pYdEsLc1OFrX2CNkTSRqajGgPtqw0Ui7YKTZ84Sj4wTfQSVih2o3caggvqMEUT8GPrV0v+FFBqaEbJcNRGzREXK+0PDC3iVxfOWTkhoqrmE7uJ3oDKDH4vgDOv4mZI9cto8A/MO6V3WQMTclB5Sn9hyLXGqg4rJGsxxQdakkt1rp9sLInZ6/fgHiK5+V+p2EajheRikOpi+CeNTsxMT1KY+mqq9twwFZXIKSwaKiozwCQ4+Tur65vb6/urq+8Nffm8qIAUcNd+kw0a2addAu8kKqhnTo2vUEoO5RbMxGF5kF9rBF0aAjH/9Q4gTNJ9vZ3dKJ3xQOLpZYdGZ00MXXdG3pvERearBA0TNnGzomx2axZJJVfo5WZ/Pm9nk1vYCYWke17fa1eyEfXpZtvzePz21vRlP6482B6J4oIIwjIi3K11Wm2Ju7W9Kq/T89++tUfbnk/LUcTV9Q06aSEKLMlhcZ1pDs7orCsP5bXFBTETb8+vlMH4A+nVNvTWnGwoVbuBZtwP8eHaCqaKX5RCLfUicpQsqh9kOesjgq0M2A1HJx05s0fbDehADN1DCwc4ykT91wTwIIAfDGzCJF9aPzNV1/vHR5yp+nae2bIB635MlbXDvNehVyVaOzT4q3rrWfN2bHP+KxSZnybHIx7liyKVryQktlpz7ws8X16RqDOPuamMdGGdkGC0IhMl5dnP7z/YFFglptHFhcef2g3J81zxl9FSzSVpL2Auwbd4BbkRrO0qUboCotrXJEQB7569frvfv03j05AVIPEp0JY/yduEivDyfiePIafniua6936ZGS8WsuB2t0gVHx2600wjYU2hZqZRH1V7cahRva8rU5uWrr6qry9980wEf7JTaVi48JAc6w9hlCJV7/s0Wx1LWlbwAdP4WkPOUmkosAFsv4jnaKSP1WaL/Tw1vLTq6sLfmjPd0eIF3QRceLUqXBuMdsUtPMLd/dpBy8Ugl1z4kJeazDT57Qh4t0Gnfk83eZ2OqU2KWODcipVINdKV9Ho1bUDyUFDSIROAidfXCuVKNilKGV6arLf6NpRiJ5PCAz5bHRIVQaAe24F3rAgwlvGN8X6BUtixGuV0Sk2ZIDcMyaNFJX3hiEnvau23vTYu5cQeHjcvbnyHh0e9Hxrb8u7YWIgMbIXFnGiJEUSgYa0bFLTRnt2zK3Hqon7s/ffXZ3/oHHd3T+ykWVn/6T3a+KjpmvcuVY2F0m6+RS0uqeKrNSlvPx2PplNqhL9dzdFuyAjHKsClT6N2bQ4soKimIrmeMr6kJ5m6HA64IFxM0RlFnlMyzGlKlO/MPCjgzAMZoIMO1HJqRKkSg1+yATnevO9GCi3pO6CGtCEKHxZFpx86TEOa+1ejobpvuabg2z4TfyFJ8KLk/gI/yBKL2CrnxVfqov/kT9J+5MDsEqy4CcxNxwlxatPzhSL4WUs+J7UPwmLt6E8GMNMRY1DxuF8htdQRbJGOJCwLjESavgcCJmDuBrgopY7PMMSNYTfF9VMylMCfFRWGBN0Behj5K41KIvHAl6UFfcpW0qm58eLnw1fEAwkYQEuV+qqj6pB6EUIEmVT9sglE9bJiotEKGJtMjGM8zs4FuBoIYzDcU60+aSw9O2D1PxfecsVp+rAmFjZJT1GgOUcU+GzES+Hr1zmCzyZht2Ff2jQkjYqscud0jC5m+8SptecfytV7vjVkmcVcR22qWGLXyl8ZSlduSUQCiPlYjrdyVLXF+Flj26Gs/SiwEazSw/jhkNyqCQMLCPUxv2Hd6mQJO+i7H8NsLtaGzwkU+QHoOJpqPVoIihN4+7+9uHh/unNw43j7Wg5fkSTGtKp7Kl3KglhhnartVKdVrKlfgrkfDqy4MYRh1ouq4cQVQiSNL5G7iwiFFGI0q4ubm4u7YW9uRQgnvd9eykcMgHc8kNDYH7DJgrARNKjQgKffFePVnNVX271kMgtD7XHw3/DYit82DF8ZtCoXt9Y5EPjks2MGtkRizZYkj+l+7DCPQ5Ga9QjQ9sKfw2Ws4khT8R6XKNmzC5G9KGB3igmklP60VThnoGxAgg4HcvhQjr2ZxwwVRQqGZvoFLyDn3z2e+NlUY82r6zLQFv8YNGj4TFr4y7q4ymyYDQmsBeHaaCZ6whtb18/6MCSYWblUoseRUdrxZduexmHLhuS8YFIEzHv2XNAoOWDYIq56supYzVkeDBz1yDP4fYhpRGCs5jyFg8ZEhMi4tT2lOYWHx8PTk4Pj0/1gzpXAzvk2DKFPcol+5zjI29X0I4zcXTH7xX10S4vAzAGdm75dMIYXuM0YLmXwK9t0aLoF40pZi46qTk0Btkpx3QnDh9rPb7/4b1nj61D1KexoJOO7yZYw7TF4NXAhpqc/awcsKEibDWNaDK9AMVAoaZEFDeOlGEc/vz67ecXFx+tLqDAXRu1saFa2R+xs8dZ6c6TlqCBs2XnllpaL2hIu1M8ubTY/UWHHXW040yOWwmxizdFMjqvZmSUJhTwj1EaU2xJw5ZIMP8YN81UhSPtfRGwoJ7/4IafS2+ya3bthKmd4W0BGA/gMEL8VV9l9nDX00Wq99Tm+sbS0ufPDg+P7EshPYwwpzTDpFU9Y3VZrU3gEJYUVbRTKI/tDPq2s2DHok1D3FI5miK2y3AxRfhq+z6yx6OgSWxXeKf+9h4Uu6T3OhV/asuMHuKiaFxVZYnCUw8Cz587gPDu7INWRR0hWh2Ox0Jo02aT3LHdeIEx8xmW9gDjDMtsaeh65rirhHFPk9YUroU0eWZlq1zWPj4U3XaQvvCuCQGHGlhV0LkFnadT+2m4cEyihMAXdkPhPes1sEwbPScg6mmQa+2+cA7ljbf27Z58JlJULrXlyv6r1TU5IeuWv/Wp0QuOrljJRbfBrEagNmM+2QBR6f6KV7IphNUr364DHF8PbTgCzqKRWw17/6JdRkCBlbcBi9Dkzr9hopSpAHxhGibtHWraQVhoCBcbESBbLTifgn20V+G46A8hbC/Rhik57muEJzWYCnXj64kRoDBTTw3jfCIfl6lMieIW7ruUwGW5Cq8YmjkgQByPdpa8C3l0oYQlr/+RA2hSSDJtqEWiRMXCM06NnB/XSi5FuqgnxX/lVyLkdWFR2oCPdJkx4TY/GF7aULDiSk2C62K8BFcg749eJUHMVe1bqSC1r8udhqOwq6xRlz1qV9BFPVafoRIDPj+Sj/AQT7KhEZI8TUZ9vMJDZS5SSIwBDCmduxiVSS5MjqLn4w2tuejGBwPR6XLjgoMnkojVV8T43IHF1KJe/ujs71EiH6rhLVWkP8RjFlA4FFjle1Yz35GISd1nBOjfaCTakwvBj+wNhqEanQD6uFg8pIBA5v94fHdxXwrMMQA6fnxtilY5FZm8nGVhWblSh2MKHJDoDOiCH60G02fxEJp8mLGmSPIstgbxYm2RgAqyuAgnJ64tmCkZL9KyQmfLWnyHBx+fPLu7uDpr4b+oxmRq7/4ak3nQr8OAA4LBRasaAmlIYmGej9jDiFo0KL0+223dnn5FUNFs4n3TykWHV7e9EKGz84wFXJ+fGbkwiLACRG13c9AKjrBLeUlrSVP6xwTMq5oQve6vE4P1RSbDdBoThKFm/MsyMm/4Nfs28uhddCG6aozY2Dh7RZrzL6IzwAZ14nHDGrLxjip+7OdhCdLMrLpkSo5TFWk1pyQE3KEryfIap0pbz3dao9SjQL2IjjihGkgkFUYfXr36qRMQKRnR7KJvHWMa6JxOsOEbB+/dv/uWLpxMo1uaOJHl6jrhgVk70QxTBnWz5XzjKsGofIY6rGFDuilyEVf6KewQMBaUVFi4JCaSplQ6qr+EmfRk1dGWW8/X5KAwBgO6ah8xYuPAYp/rK/OJ9CDy8LpjhsCVI7lrW+oMGha1dkE3LX0SydGSO3PvHr6LqxoxxVlWWK4FBc7yq0mjs7p8IRpLPxp6rZblelNI5EQoQ3J6ckshz8/Pvv32O8QJS6ns/MnxJmqmaJjemzf/tNOrmGc7jvDK84NhJuNzjQm3QJJOpjUJskN+wGzW8D2evNi+OPsw+oyfgglqsrTOqJKQl0X8FRd6hdszLi5QNrBtOh0bZPLo8nh9Cx0YQde0DJ4unuWi2br99mKY9NJcM7nUzd4EQ2Qi1Nzn840q1pCogHibGWTDaryK6aZCUk9eZwgXRcjoq2FRdhlsVdKmrmsLZKkNhITu8vLc09Pp6zcHAkR+kjHqiGpkx2/hLN6rApDagGibjfxOkMYrjQD2nMRBdFpeaOjJIQ/ShiTwDOJWSXrPtVFGUrMCJqLwYDK3t6p4jqOKGh2HFt3f7+3bYqWFYaZdSxDw5HRJstgEcnF5JiAT3Qm9BeYxFcO0W2eMGt+L/9ZpcEtjiw1tJrbFiODUoFlBMapTOTEB9pMwLqSp2RGeO5/uuBwStuHYh/3i8apqprFLYxxH+iys9OBpHS+tN94pi+vguimNnj3SlWC8R4xde50u3/317eXJwauvLE9MTvwupIpUBZbiM0/NEWoTj4DKqIhUJPMjFkCFJOUfXS+IZgwrGVzhwKRXHaX4F4KYlZsz0VJ4a0UkhCIoxEDmcYO4Vj6XrQyQDR0UxzmHm+FinHvYaaQrJDHph6rYkOKnuRmcJStUUOszqGtBlhRDp8wcPtSDBQMAMq0Lpcuo5MhOjmGwvmGIKx4/o4pIlB2ewTUa6EvZ0dTgCdF8wlUPNDyuEtIRm7/FccpZ4k0WVkufQiXEw7obNT/xkSIHPnQzzjuqzXNGCSWnpBjzW7Wvz9gwH9qsJy9qlFCX4j6yU6Q2PhulWG1Z+loaKqmSU5UqohFZogPICUIyKOoAAPQTEXwRtJIljRyuh+uSAW1UuhgLj5Z/8OVJCFZxKr+xWQ/ImBs9xMZwFfsrTeM9xMrqIkw+ixUMwtj91O/+z/002xtMAbtMJQFuIPyLmYqvHHf554+ilFoB4nQJajCHfwSM9PwuJCBoTV2bj4KTGdKV8vS9CZRKDWixplTos3NwC+0qEcJo+hfUMDOtgK49fvGl2nJyjlHtTKyAVwklnz4Lg+zRHESQbWrbsLLUENeDFCCksZVgutWaU21+Xbvo0DOy9k2TfnN/4bwV8UKeUOgRgi5Dg7UIRYlo1cQRIXfQFbkGEpA+pWuX7TDpV/tvvMmE8tWlrvzm8uPVxcW1WebL86uPH88vnRPR3pRGWpKwnheN8Gv2Y1pDB2Wulq9Frsqv4Zkexv+emqxHG8j6RX2HuapkEh2AhVR06HTFFjA1TVZMmDTQpcogEJj66HjcxhKWbquEakwDbfUcooPCjRktDj9d3tqgoIvYfyxerFfVLFda+emqMD5DUxILTRxm85Mv/+h4/2ghIWYqTSKxqMsCQIwV/Tko7+baOc91PfjNnRDSlEwgPqQw3fKy9Gyoc9m6VWXJ2Izk7qpumooMYiLalp4sM6cANkDnpBK6vDGQDEPjNNkunnSE/mGFj9Br21OMaz7zVhsLuYT8WLOHxiahHVb89V/9Ny9fvzVKRZMGbjkYW8IkfBPSpuBUXchcjEWcibGqJGG7s3RvUoT487qbGTqk3GImc3Z3d/ZRpZL27jjgmIImbm8ozQCbk5PZmwbuvvvuO9OdbJJzkiFnXOOAuY94BUXS47kwSJDHqMzwIFZrwZkfo5V5UqYoXNT9m7DW6prWffv5V5fn77VtdLLXq64pcsQaxiCB2yAtM9nT/azXRJur7FQgB9w0PMkis+NVJDQqolLv60tjeMoR80StwONO58J0ABDE9ryMCq0fLc4zN5kdPa0IUJ32zCF2tjuJyWNHzpa3YjybziGUKYEkSlaDCNV8uxHNpMhzVBv1QqW4tP9j1wuKC3YmvmbLQqfooeLDaPxviOcfroZhaHOgebDJ/5jGY6e31thQVFhGvSKktpKZfRY0W2lgeLrjrF1QDgaKtoXpWK1msdlU1ylFq7jv9X2dPGqQ8dO+Iy0LKIvDxqfwVSnGSvbaquoPbMpJ174RD2pRHpZm9cP2zaNVjBRrS4oloXosLjVDiVA2HdHAvM1stZHFta34FPVq4ixpQKbotgFmg80agJ47q7fjTrM5Hu2ZJS/isXaWhu8MRU74+3h9/r0H1Jdvf9eBOPikSDSLnDbNUHWFTtw2yju1t9YpT5MzFgm0u/kOfkGPSaTnSHXxuSVOBsU0ltL75GlTqvZiSEEwtlQ/M+og9FVuf9WL2uWgyg6268WlnJUWG2WWUW8wvcVC4CaiA1fj7HYjgULDfQroI30QDo16xLBXMIRDdy7LjgOKIQW+01WWl1CXkR/mHZWIzZoEXA17KWeRXY4dDU6nfikRl5FK08Vs0MXtcFF6yOISthhYYd0QjVLpaWA4xUBtbS4Z5XApTA9TLCamYYwvSWOx5IzgopxXZLhwyOkzihjtxpvMUoCFeTgbqDqs0dakjb3xNbqKC4TTRjIoX7ERgBZWxUncKT+Kx/9ozs1KxBB6S4nhGIGHNZLWmI0pVcKRZrgmB1oRroBquT4SYidAv/4gG3PNzYKhivS5PgMQb+sXROUXdIzA7i/WIA1dJRfEgtpgAjvUYml+n4BiQ9b6N5TLrxcMPZGiF/DyiLDMJyTxTroptUmWN8oYViJaZjyGJGantvoePqM7pAcFGAUKwYZ4qGIlzBv4DDEYo50RU668wPzEyuaj1LpWVzJun8BGXwtmOptpJoyXaPk1Z6bSdj95HRnEodX17m3t395deuMxDzNnI923SqdH0YBSUPVPy8zJh5t40YFL9Z3oFDnNszbRvIxwa4YPdWDmJW1GuTChbLzw3Ivvr8wsGzW8vLj8+NH4YUsODeolGkwMkf78SUCyPjnfrSK4SMdypNVn6RprXTimyEMv8ezTTbtam0icGIcttfkE0of1tpYOyJCQUiX3ioaUHM18sb5UR1b8NOTTeD0gaQoQrZVrTjB/N8EpnsClHupgyxSz/kKIWndaoKh7MupFTzZvt0HYL8w6PHR+8fN/tCvCGG0ZMloqS9l6FFW3kDY6Oh9v8jh+/YYOyJw5xwYqLEhDYWqCEUGcGBeFZObI2DJRAftHPz46VBUzdVEldonosEadLn/SP/JTka5XYdxQRaeTYLwIRhHbC7CXZUhCC8aBTTGb0Ua4UWFFhVJGa3/71//e+Mwv/uQ/efX2Zy3iF+XMzuUUWtBZe2LkEjNU7WCMuswykhjn9MkkBfmpdsY4kcdsdYLLdSA4zyCXrUmjoKaLsKevtUE92Xe2rBv7+OFsVgY2DEe7WEyTZCjqLqCj3ibao/LYdKHxUQFAI8KEHq8zQ24bkBBEnqioHTPDw7Nnx6evL84/3FydHxy9NtPrCBhIVpdQDCeQFREKE2vXEcEbs0S9mXCPGIbrJJv3pz6uqf6NeYgo2q46zqZZiugd4Dzt0Xs7GD3Tq0+uwtJL9SiksQfDsZ7FsWcFIKvRD+cCogjUMUSkwsUENsY3YUxxsO0aDFL0BN/d3aXDWQ6O9w6OzAXn/Vo/4TI8gFiksx5bOwG1Auj+RgAAIABJREFUbliFFvOmEzcNG9oyMlMNZu/FWAKrqj6m23el8hi9Hpw4q2UilAFTDJgg1jj2YWcUt6gFQTtsrG3AI2TG3goxq502IXVifOGY0VaDiCJL5r49uDUnnuKm7trsJEhrABk+61BTRY5hgXUnkrdrx3uiO3zb+ZoWQRsddFxRjV+CcvCCAg/NCaDO7Gx75qCDwkEqzSaOEM+L0qF4F0M1FNsNBWPaaH6e1WQ0WI3sGkyEwYle2jBD+T2VYOz64v23f/Xyi59b3cOYKuSIOAoYY9f9VFFQmqZwKr87gka0VtGn1LHDuvPNSPU4LLUBDDy1o4J/ibKDm3hFep7S9zRogGtkfHxvECsz12MkBEOSrD8iGXjAIYlS7Qwq4Rg9zeVK0cHFMV4GybjUjzJgbZA+4Qs4fvlfio8C3BL9LMBFc9gvddASIOLoDRgMymKqOzJ3vXgfMjE9nlyRGOUuBpMTeeRJJpcbpZQISXKh4n/8PclaagDgq4HxOEkJGXAlePkESuXLnMS00V1pmZzx+sFpoi5y8gcHrFFZ3G2kGUYVDGAw+g5fQH3Fa0lxNljqRHEoKdZXXqBTu/nKUtdQCdMUhGNZdbCOCqUUAozjamSqsVJQwkgXPDB+xiNArXGfsJXafsMuF5cVmWY+HidtcAXSBZ4W2UrUUUzhFFHru1xjtFtcSo0youMvSzZ+rzyWYhXK+s4hPY7VVW1cfGezOjP9QWUCJkT/5lvVRm6S0ylKk9E/BQfpJCkwPjW5kQpDRGHpxpereIrJJ/R/DzZeMsWiNeHElBnIcbfcgZ+EcdWowTo+U9qYOcQIxOkyqYyElKutKyt8yVkLk8unBWwtj9Z68UDza/MofyDRW8k093cP+w97p56M7RKx5bCeue632cSbuwtjRjpvYQK1ayFpq2VTeSdmWKP/+coMwOga3YNuvd/13fW1tYYmlG8vP1yfnxcjihSNG17MFmYtKF5jl0yaaZihKmnUkCsise6Cika+EZgihh+ogQWTXmfP5vlKby0T2YBxLT6gAQcHpwaDI1Hz4xfjUCxXDrRBuqlxQzsnH0D8UIwgdDw2XKm69eidpkN59my2JK29zdEwIDFhStyaSRRbqf8Z7+Dg1c+//P0EUlUxDj36gFhhSNXR6p/0PHtG9W6wnpvHqew6TqANZcaRy5JmYfz0vnohzcqcnMwEDtHTs+69OGwwqIV6BaOCB1RjJg2jnzuQGLpEkBM0GJWpEStRBO2IDIwZivPNg5PJgk4DM4ANxglaDk9OvJ35v/m//1/efPn1z37xZ8evXuOf/zKKSJEP2rhOBDI5lqYmtFhNYDHDY960hpYh3+kLmp/b2LVNDDTRTutCPewUqot8KIFWIMdYe7ZFDw+P3/72e/wdOP2EFJm1WBBE6/Y4rTjMS+1EEOwLoCn1wnFqtKMIbK7bUF/v7ZbsxySqp93miJ99OtgX/T/76ps//Lu/+kuPII+PvZwDrrwf9wVD2QdpvNfkMb/laqJhi+oQl2voTpj0zHBpS+IMS4mTilfJWIXP3fxzT8/GzMYvIBYPV6m4RNOqTZK2nJQKjOyKgci1A7boNJ3QUR46A370ryC52kiLqfEY8KFKphB/fPcdBo5OX40bFMHRCci8LQM2iT8XCHrsQc6UfQOUgnbBZY5foMzh+JBP/Dfopqm4Nw1t706PfnsiMxhpxdsdc76ebcTsirMC6cmJe4GlE86rV7X2KZa75p0gXJKWHc0F7+6ZBwBm64lh79kmLxtzrdZN/UmQFvBJpIYte0AQtzluSV3xhIKTdmSL4sW0MYAlAZ1/tXoNVPvkET1qspDImDXtUm/JqXKUIsbXACjqt7ojAQT3YYScSeDe2DPPtULDtQfKrR3ngb+w///m+uLd3/3V669+wdDJG781FJmoK8KXRhCIaucw6LarGqdx22wxeYEu/wER0MBCqwhwCT4gVeX+p9f0S1lRG9x9wVI7tFH9cECr8TR0F4IasTFNzA0vg3koBRiJYWJZQcl4jmQg08Gl4lpFbUuQ842K2YcuJ25RWwrop3JFN4ESUTm3yRra+YftNCZ/unMXm2RlQLgZTlIG5KPQtLHKTHbly4yM2jt30/eyQ/zUdIQWTLU7rdJS+mL3SZYC0wieoDHTN+39veRMBkPIUR8typwyI5T0UUVd6oJLjaO7UZ+0BAp3pMI+NwMS5zJGuHXRdzIMdMImOohBmBTd8oIRJ0n4UiWG1uJyc7vxxaXISAwdWuEni8VcZ5RdZVtYRq5hbSGkqXFqdy7WCOLiBRVlleJo6ycuXOWcgyx6ABKiKj4yjMo2yWO+OBl3p5Rx4lCk/YVs3LKSNQ8je1UAbOjyjCdKbqecf6OUgfaV0oetrruYmgF9gPMb83ImHzqMBjUEXIFZIlZyqGEzl0js1fFvio9bl6ZAmOc/wEGcEn+kk/ut5OCgHYL1OZGNn6pyV1FfufG1UI7YC+mP1GBTUtOIfE2z1rain/Y+HXhjnXb9/pNXh+mJ677MhYoJ7qwyerjRyRPHGM/j3UVjYJVrzKPho1hsNCcGmKY+QlNuUMQKM5Fb24eNFPYrOjy7Phcgnl1cFCNq5Isy9Emxz+FSevrCpbJJzZVrBUcqTENde4zl4HucIM7IoJT1eyZ5R8YqboLVf8aOu8rmGTMuWG0ITdrLOgVVftCHM3Kck3K0+NPHAPkRg96RinNUxprx1UagHoxwiHjMQxsaUrDegmp0KhigMWsep6E3Ufz49ZtvPnv9VQzhxlBN8Yha00oxitXHg9SfvLjt+PKry4/GPUWLhrhSDSnqkOo19Zcju/lEKxcNrTWt7qCR+lSRTV1pPj7+kaNAvLWnz1MhsdpH90gN6wM3l8CVYwCtfpsY4M6mE4JDo7e34hA8/hx9aPjQAlIzk1RkIRphsWqrpuGc2+vr//Bf/1+Nen75s196sYSAgb9wFVERw45VJgQxsNNmVbGliL5J5Nr5xlLwXh+TlzOM4TeCeI01wBmD0nMYxXHeoVApB+BrTeIKVu9++3e/zawZr5/Egacw6JNp/f0DU5NtOGUREQPUBoqKE/iYMUulurDtzWSkl8v515oEygLCMMi4ePXV73GSH/72PxztHIj4jbqGnVzjd3QhCiFUPLDTCCFI4OD31739hcGLn6Qzfo8Hd44CZHwMLCc0o234kI9m6VpZkdeUakiP3jzyjEF5WK4wdZm75Dqjr3pZsndN+KGYHjir0Bqf1dliDmVFLQb/zrjCy9efO/iw2oEp8qIabC5Ork0rZq60A2sy4NjF2KXHy11bztKelkAroLo833ZMFZ14PGAJZIVfzpdC0Bxzuo5+22iM4qFEPOwomh2qpMxFqG2eXEzWwEMvBLcOhs00TI0iGkTctfuqjcmfHk/IYsRu5lI5fOs0BHDPLRmsBSm0Q7Ijf4raaNK4YNP3km295jlcyFCxkxxKdBosKk7Xn1dojuYNaNq8fyeSnYuel1RGQ86t32QRVvR82Gs48wLCIjunDBl0rKpG0V+T6mLlPY3rwd7B48OV9Y2GEc/e/frVFz9PpeM/KdenkmPNscMojLjSeERxTlaBu4tpJPMInwr1O3ab+8ooPs0kPVd2GkNMwzCFFNC2KTIMAFhow1X7uMlw21VuE4GQ5iFgwxS6gij8yc7p/Y+Uy+H5qQseksHkU3nWhmwcj7fnChWMvSiFQwLkkxBPMrQRo9yygIQkUJk14RMnDFtKJ+Woh5vXE/jE4Ia3RXRSnwr23ydFjBQbPiQ8XVFkEGmnD3QJCjk+FstSA95Q6yp2C3iCbwDPv3618xhd+KI2jC3R1Hb3sT/mWZjdBj0kox2fKX8o5PyrhQSyJF8YK6Lkwj+8V7KLMrLF4nBRG7Kj1CSg2eSLcDZWKlkwle3QrhEKc3giMbqo2YlabPgCuHEWt0C1PE8E57bEUAwkOmOCkXMlbzS9yEQzc8fQQi59sgbDlAhhjcnC6BuEvnhIu1jeEgu5/obucBTpYOOknyWQC2m+qSbBsDYpac7FoF0X7kLQb5qYv0Ey2DdeuikyxcaXRt6/FyG1LZ+ajMBZplYSxjHWQgkmCYYZWTKzT/zNzwAHnlmy4uQtgk8wULPfhtgIBjxD1pLypnoOw3y0JPyoe7SO3VZTAZCmz6SXt93fGoHqJGVjCJBJ9NITgaNuKhD0dX7GDo2tIJNGtdea097voOmtgOjwVmh44xzs69uLj5cfRYcfr+xfNqxYfJC0QcLfld+u1l3aJppGDd+at2iQVsSRQbr0W5QE0Gxn4o4m6tDzkBnq1DyTTTVSM8UB/VBWHdJgRpqe13SbVfsiIcTiB9AiIIDzKQDrkRcb4FfFLAKe6Nb+acNFNyaTvXYBYkQMLukZeJXBGmrouB6U9NL3P/+dP9rfPXgAnuFof9rLYuziafpEXur/j6o/67IlSc/8vjPGGTNPZs2FwtBAA+zuJVEitZbEK13pe+sD6IaUFofFHthNAQ00UJVVOZwhIs6k3/+xHVmQR+y93c1ee2cze93M3BxJM2LvXn+vtG4K4abniF3Yo8uv+6+aIuLLOJPotNsuCWxbgKFTguTYxHCwYPTElEVRbYFuLk4f6dFOYYcoV9/ZDsMFB42tGNjJnQijjzUA7G0ihlMEYhiRa243RbDQ53teZOcpp2fPnnqc2egOvd3evPnbf/vf2wfu61/9+auf/bq9/YrGLrakCaFVwcJsoatIFvZrpo6b1wFBncLaA1MPnsjCKY5Kld1/FBAbvjMARI1+bn/3zT/90z/+TujQ4sLYXswEVTEgOqJhQZi9j4x8W7BHnRFij8TbpMfFHN0wbCwjhlKuigFNLeGnD9/9w3/AmngU3Qg1j7qnjHNH3tgNU1rhpOqKSEV6UUqPdLDvcXM9RYoIdcsGrYxN4o1jrf/WlD0wgr+FsLqQ1tbhVuCD0YN5dY1oBWkqcM+8e9h5z0TDLZje7VUOzOnzFuGi2Op4ThOdtnouwDK5/OWrr8nAiJnj0l0lQPGkVXtNnuZrmI3hJMhNkctrxYRiokdPPAucfjUD/N3SAo+qYOvhQ/PAeHSS8358//TJs2MaCFUEviZy4htAqlyo8+iqdgsrHz3wWkiDxFVcZLxXmz9Ya8wdPDj+eM/BcEe2YCG2QcW+Nil/vMJfDNo9B09zu5YbuaVBKd60CS1AtI5TjbNu4tr9wwkgyPzZ403F0kq2gTbk3jTkXYAoeEKLorxnxR3KfTUgdmtISc9CWaQ7QnVNTEpqFqhJgkvlylXeewTQiO8jcyrSX3/325df/8qtVWDErjr1feyQQ/lMomyJ3RzHDVXrBGSViJzfytXiUR8PrBGgS9+xF7oaz/QSxooOwAngEioavn5zzdMHD7TkcjkH50y15fYF446aROkSmWdUgo+7ARRDnDM/tZ5hCCfQ2J2UY7WO6cgZH7Vgw4Zu4KnWyYW+rDtTB9g959SQ0EBDWpcSkUM+FPFRKZ9YO0kAAC1XwuDv8nZZDnvIgygOMMl7yLG0cbm8oB1hOHJMiEguOf7rnzJS4WSNTFYZ4obGoD/KIP1B8M8MEsUh7ztJIzR0kzjVprEqyyCmqvoBBMfWChxWLiCRG53lT1+wNPRxWB1FaLMuHLtVpLo5mt+Y85Vw80B8kEHRUUpHW6xfwRzyInvM9RRzTE0vce7SZwXpIwz7z5tlRGh5qMlOpuPiTrChK4w0HEU2w5wu8+yDVhh+tABV2GKd3PuK1kj/cz0pFyGhkq9YJ0MBGnbGSRyEPHl9RTNoX+HydZCmtjK67NhVLnQuZsTVq3JOar/aDLFAZPFZsX5wkNXQCt0x9inmqmq8Izzl0UTdlpwLsTuispxWV7LqEU1KNSDg8XrMj/fiA0/vOpqJMx7YDfvHj1cNFKpwhUq3XhNy7+b2vmVAm216+P7dA8NI7+xywrW025e6BT+lYb4u/V4jef2Y9NIg96jrTcOHPbD85nuPmr7dZodNKNVjFjMJ+Go4pt/JOxkZRwarJ1bLxNb8VFPow1WDKAydyhB3LTDS5QgHUksWl61jJjG3pQ3PagPX3hQSpRJKILGbf9iKivVYhgVGMLT5Pdo7unI690pqpMtUTCzw+f1181Bh+fy+uTayo1qv0HY3JuwbbSCnKeirp//Vv/xvilWpLCOlu7Ga1ok46xHa+vcHT58+/87zI9fvRF0i+oQAqkQtzKoP8rSRkzDYNp0WTRLvvmnfAjhhig5cZMNfNnrE2D1cGqfr2Mz/OW8d1al5Dd8YX7NHdw+sWDjXS0LuPW42mVNo4jz68+ihx4wsHGAG7xrTc2x4xY4rOj6z4gahG2Vpcu797T/8x//5u9/+3c9/8zcvvvqp4IHO9hiEIboGkCLRvUQ8OC9CoeUpWcRkGFsWO+3mP4fLCqzS2K4HWrlocZNEsdjv//B7scLzp88okKxh0YyIGWhNTNiDMjFaLVdsQ1xI8QqrKGycyTiwa21yRicWk5rJNZJUqKTONh38QUzAvp8efPXTX775/g+Pnz0HKwoXMcCZK0Cu/7bSsnCntjLb8ABPJfPOhp4yw6nQOa27MOt+s18+RbGnfcU5zfMipAuhG14W7lRL6CM7WFoHWUZUUKGKj6BQVKh2jR/x1+Rt+JBUhbgMxrNolLHv3fvhu29pxPpRvA1No6F4iWWaoJqiOkRUK6+W6R7RUgcOI7BEqyG1R6JbAVOrBjUmAnYxGBmMt1mP4JJAtXVVqbJ4hLp39ezKixHjyRrWNoshwdltvweWyY6S1igPAc6CHtSxHFNNfmitwi2GbTzz5MmL67fuO21cdc1zGhesOrJADUY72iBdLEU7ReEQuTdQDSS6m+nhGFnEMODusRNO0INKrZHdbVV1XYRfI5ve1bUHhqh79uiibSSvemVOs9RNlLvFthE8c0BiBJUUwm6NmjqQhXqc/+rDo6sPQsRqXD5K+e5vTBFoE/L5bMigp89GH448I6e6HLlCLWL2ATBTZfvodqX46dHy645S5QV4SeFCF9TSKtvPBVbhIKH3XVqQBzrOqkkS5MyTxl4ISs+fLvzH3MEIc7Xpwn9cD20MRdehLl8OJarZMhSOVDnZJ1oJGOnxHv1TaNLJSr8rfLktCteB8DPFwMyS0VtG39MHb1gNHceJkAKnMEq54Ljo43IFS2Y+aBEd+jRGprBX3HkACefEZ7lHqlg/FE5+0mrzcQO6NiTB/6jAS1o0p9QLo/hMyKD7jeB4OGhKGQ8xFQdxkhWi5XssxoR8OZWv9HFtl0FLWB74TsMURKX3CQ/T/FguOVkhdpg81LQRW91QHgwRHjs/TjGHD3CFdjgP+YE6JsI2r0vpsZDqY89lrAQsv/MxIiWxRl+BGYCJ9szPCBx1OF0tOrLtCs3IphP/Q7Mw4oKl5NGrZPys0R1N+CfCCsba0dSBH6t3ZWNN+aOz8rtEiqoCieySoK0bONeBdcxoO7l8BZyo8KV3WBKu0T7Ny7FdCqj1J6dkPjYGDo2Kx53vip6zUa2TrwmGO8XD2j4wTk1YmhkFqQvSMfUUnvDKxmF6Lm19T+I9uH507ykGvH1XyPFwdwKXgE0wZp7HVKunFnT5huEKLnQB7XroaWWLDs8bU6xxnymSBBmjHbPTxMNPFUFnklW7N+6vJnmy+JJJTvKQiiJKIIILdUzJ+q3LpzaYlEKfRilA3v/sHRgKN6SwGUQs1rMXudXMIwdXUWkRLp0YrLj017o35R1jLg3H0qxAfa49pupZ5q1eU65YJ71vZJWfemughk5LpL/95S9+9Ze/+avCEehCSgLIDDYkuo7EkEZnvDUBxAwPKe7Zyy+N4gruOESUWUn+o95fJxIgQFTv3zN8pssUgRmAsfiTEBIpWV+nM89fNgWfV4QgvfUj9mwJGevrQI2AWqdnxxLYnmZImvm4cZRFh1RFGy0/dOMASUzu00/6i8uHZqk9DVCA/OT5l9Zb/e1/+P+8+OInv/qLvzEN/eDhEws02cvgMs9tFLtIhlkULZqCxG3FkyfPU8NY5Ef6YwDFHz0TVXdOBOg/Xb1/88Nr3T8FsnyVV2hJGJrL2oUlBXjpdA5Ty1VYjh5XYMlqAXVPpcoboLSKbOalmAbSetmg9RJYQRvRhw+++PrrN99/42kVWx9DQLdUHQC9ql949ssRjbPxpugYQI0TyvZwUk+YiCi4W8tkyZs7Katg4ktoULP7NiZTqliwWqFahqE5S2VzKcbo8X0W7+bDRpXWDBT3e2UIsnU8xcq4UVBtbV6097vAffPGmxI/WSqKdFpzpEGA3bmgXNSYJIkFglphOX5z/cP3eK2qiZd6LwkLFnLWFHBy0wc9jxV7arKlB9Cdcbg5tWe5emA5Xzf8qelC0qDg097dEkWSQ0QBi0EBMiTkbeevKn3f/thtPP3lK7cfb9+8cUdiptuLkxGDSguJmTmAcFXTNc5r0Dh/9cLAogrBZjBTLMM9efTo3VvbQF4/ePBCHIcD4abw2qyEaM292ccPb+mQPWuN0zllfcSOyqeUFE1H/HrN4DoP0jE3rSWFRgYXjWXWLJCl58k+f76yLZSZBRXrzff3vvrFNMwRhPFK5661TjkFteegvkgoB+TFIniKE657EoPOpWYuJdJjaSTvZy5eHo0oNg7DGm4pIZXbVQnlDHbRWP4JQIaiq+MHRlJpl8+K9VVmzjCcMRVaTh9dZyjtK9ZiB3YlBnZAXYRyjJ7MuoMUUkHy5GfFPck6+vBEdMlBdoLM0RVmzsl6UmqUOw6OqqafUuMlXcKMdB7udFXyCBLO3aVf6ACLb5a/qxkXJWESgv4LaSZ4AkcW5+gN00GVXcaM7I4Lz4lVRyizdi12lMNHXyjmDMHCdtCNk6r6UCQ81obwgrSSKxG1FI/pwVxIrBsu5Xw6CXMgfWEj0mF0MeKhywTQZZqpGT+VCAiHqsxUgy+pPyJvBHGXw1dmBUI3kssM+lh1+JC5a2FrknaE9PAUo6OUjOkJwnCGFuPV2ejL6NaNLqe3kLRcfwcHqyAtOBPwBDcc5Mh5oVOnoZVxvp2GNB4iPgqxDnspSx+DySG5lJGGC63DXiSdsbOzwl42PdA57ShIHDyAmFrgGsVIaZYPwaQtt6rRoQy/K3OcxFMUR6YGazRgDENMlQFnUgamkA6Mxi/VuPKRqH/qVWAtoorRpqUg1skZ57htw7d7XibxyAuUjU9Rsh62WDAaBYhFe5RoG2RSC0va9Prjjft8S8CuNYdNQWi0KlV/twoeU7Hu55y4SiP+E2MKyWwuNAxz0gayazdxgEvNrg/hJPa4yJpqfUGdoxa5jjq1BVmT3bhp/S8+0gx16CN0aobGjPTpbbmT0FWJIiEs0lW04gr80f0sR+5dZ2suKGgSTuiqTSSxNALWyog1C7eNf9SqwfUv/uK//uLlKz1Z9PFEudk9tMSQ6lEK+OK0qIkYD72z6yc//4VmASbfwg4nRxoi3Gtnt7XFkFLvYqOsYaF9/bzqoXMVp/Dxj8b4SILbwuS5T4Zubdl7L6gwDqca6kXBPN42gL210OBiT+OaNGzhIZ3ZJrvFW3AIfz59erIpwvrex17dK8VDA8ZTGiGsnfZA9LOXDyG/vfnP/9v/9NVPf/HTX/95mTnifYNBm428byEqnVIINTWgGVucRL/gjwopf2dNs4p4xOAc0/Kxxhcb8RSPmpPN/4XpQOhOEbI4FRZ130KXtMJHcMrgltY+EFsIZsWbN7fdBAW9LQQZJNYZUYzZA0OtzDyPa8xtLVN7+eXPfvj2m6fPX1UNcFhF5C+uTkPaAB6HNu5I80ZCTZm2QjF/M8jU5i9NrvYYNSmTPDetCbz/8KlR1eZwxU27TbpvMa9yXL76wFPmH7Vj2DKO7tfqUh6Wh7ZUU1DrKAZlgsLjuFJM5JReWr33/g9/+N2zL14ZPwxnlQ3UGgWir3kopswKbg3LZXG+NNz33n37jb3mc3FWf/Kc0PxDuE86GtS6Epx+M0QMvPeWai2HDQT23LdKYqzOLoMNvPEPeqJhLNNjT3J020aXq2Ji640tesV6Y+GoPfHOGGa32c2z989fvH79/Qdv7Hz8liPRYMO2dvvJppiOve53YDJwbBfTntx/YmSd8XMvKxuv3KVYLdC7W1jbqOcHcyZPqah7AXXgva0rH5wxxT175smzNjY3DFi9pjr+Q3bWOXbpBkIq3PSWArFADffEsGSi6WLUhw/tEaUx4BDyPt6+q/juYWsFNHEzckpk0SpBBqIR5fPK/sPFUDkTwjWKrgOKvGLLXt7FYQIv30/4A8kj6tXKKrPTuZCTroONgctV2ILo5/CRX0hit1Cv+EESHsV9xlao01ZkSp2yKll3MyQwxlrIT8lkDnqMHoJQyRMYqfJHykoFFZN1ixDQT5cwsW/0+c+BiZD0I8z5iVwuLa3kFSjnrr7USQ0JOmtg4YDS5+5HgxP/p4Y5KwOCEZ+8J218djpa9TuZLi1eaA8sNgIp/gObRpJosqWy2D+MRn7d1wHjBfLr0Vxf5IZBEQimz6oAudRxHCxKVjznGcnAdghQUjGAuFumlm2DHQsEly35eOEpvo6Yfclel36MpKVAOSkcNepyaDW5lnQCxIrcUaaTUEjpv5KdcNWByIkzFKQTNcCSjFWROzXmhLIUqg2O4EitTDYMHLHpcHgKKcoI4/LOeZwifjQ6epWZo66ddh5HKXRcHNSlOlw4uzNTKecyrRx2/MZFBDrZKTz5UZIerZc5vH2BndrS3/BwHakMnkaOVoCtCUiWKA7x+I4eXBe88gax33g7sEcpoyNlXRhMA2UWvDl0KYj5UhGkWdTds3jumtvIr5mie56C1O56g0QjQ7dvvZS+oQuTMzqvSInEOYHQsvnU7qycb9VP41u9115kYzrugR2tHwg/G5tTbGq+8/4YnSsV+lbXDYGgCai/+ByvxTVFhLvS/hYT4bsBDX2uhnZh4hpm0z0AibrOOAQABAWHgU5iAAAgAElEQVRkre/guY2P+YgtdMZ00IiceMAbIbY6kkqyGoK5XBwlV6PoefT4gCQQmtet1+Akax22CcVWpzW0Yjhn7b5e/2/+5f9xo7eTRw0w18aX1wywPHAZupUE9oLl+1ZePXv79h0dQkDLhNHxCGNoroGXrXkT7hBGRGDAjzaMORmZICPjFrscVbvJq5Wbkte+JAHxWtyog2eEnM4snkDVSWb60MbUSMkyEKlbhR/DtrmxaVHKazit9XwptlBMP+urzxrNtJ7tWLOO9cnT588s9/qn//zvn3/501df/qy3gFDdZf876tctj8f0Wei5hKUX7+4JeqPa3kRCn0S55+n6m63M6w27r394TckoNhSJNcbsLoT6G7rLrgpwbZd7s7NaU2xu4h5NO/aZ0U75POTce2T16mYr7tSEqYeHtzBP0/7h1S9/Dc/N22+vvvjJaSy6QzJgRX1ZtZo5l83vM2qT0YLWx8K3pCShYjDlb4sOwZtQ5tr47NAVGsHCY6FthvM36xPB49WcJdFGpeonr7H/aFZ73OHwY1wneXEbTFnKrn23nhX7g9w9NkT8psjDnx3VomL8UaStgrnuvnO7pJwanFu3cN/OQ5aQaDtEPx7M/sy4bYL0jldGpw1xLKK1NIImQm5DfqpXBdYgZqsergq/4W3LEj48fvTU0J3xe8CeS8k5xzAOLUX17HzBYjciFpqmEA/WPGjHbLtgPjXkzJ2qOfetqa29SB8pjPwQabzwkT/yJO9DV1tkNTjZc0V0LGfSgTYKacz444289/fd2q5y0nU1iCLXa1mPU80q/uOOSpKH4G6IPdRvRJOVPZhTvWgj9fse4QLLCzCJm9v3r3NGSmoZLatxMCOaJcFVd3+MfVJOlcVhgswtJxygupRci5oqVEqeU4313ankrs+5UyAB1nZWzQHkqNNXKpvGANcRLCctOuRV29UMDpqvLTH+czgOlqYxk345SgRRqRgI+EpzPhY11RMxvgpT4JUZomCO7MgXRC3p5CEAXnJBTri77uOfvcPh4MexUpbvUA4i4AWpGK5S11+shbpgOFKGAA/kmGLkrcYNeSpLvUewC13og5kcVUGQKSGawXUxRils16WVKfUC4AqTmLmwybemjhFOlvJP8aPsyyCT5OMm/a7wJBmVtBw6XhDy5QczBR3FlJqFcVGGElO7BNAdlT8HlCfiCl4BmGIu/PHWeRxfCCh9MJaQjPO/Awh5VCSaYg7DHYkVXhs6ZuIhoDgpVYmEWZJvThbuC/+VyJZRgjK0vKu/0PSfNOcUdTXI4SuWD4EZZbxEcyd3zF8YjKbWNteTouhG9YfhKKG0SgZ/0JUZL3OG0tJGbOxbZi4bZ2Gs3NqfAAKZl/KSShyW1Kta50l1R6GSDkggC3C6DYGCgUYipvo7gJeqEuHx5zs19QPoTi2JOUOFsBPZpu3idq6wMNEibZVNX6Uh1S4/fPD+4X0bNLxrmN8je3YQsxZRbr0Y61B6kRMDaE/pkg0OjYYjNp1nzMfCPM2rf3QdjSIorq9HSllsZul6hSPRNBV3HZrSeguV+9RvDVz35nrKBhDr1spvLLERGjfq5fbvk4B6PkULIAy6wFeqJkiyARUWN+jQBm7EltsWfVRTKFiDysuxZDvAo9lpnHx6HckgN+ZB092be3xbc1+Ep7+ecqsjQesdv/jq1b/4s7+hqSSl7CKJ2s4mQ22prKvQNdqzjU4/vU9AG7g9e/7993/whMiDF19IoKtGEZUkRXOIUKNFaylKZ2i6Uy9VpMgqxg6JX7jQror40Ks113xcsH5ltaWFm1ajZhEhuf5TNwintjuticMMcnzszcJGnnBevCUYyioGxYTcxgefmAJmOZhcd9M4s6mrYlhBUGbJsEasnok0b9+8+cPNu2dffPX02ZfG/ziBFZcbMHNnQtGkqWEgBf3wJWZsyi//1ksKikwEk+m0XE6MllrL9SYjJy8eU7lIdR1zISt+9N6GUm3RWMyQY/Sg9wIpvsX0PWhlYCyniU4rcm29k5GEQXGf2/Dtwm9+evXkT/7Nf/Pv/1//zwfeSvz0JY/rFsnQVje44uzHhhBJwA0EIfd66TZrVMeqGmnVE2Em/d17pRaIOS1PCaz9pRvQqkQkQVHDKuh5lpkdBcr47NGLAhc4F+K7EeKlF+fCh2Codr3neeijjqZNZwyLffjw6qe/cAdT9WDBPLxKiw69VzHIjrR0nsMYbruY0r0fXefVinqCxMl9uxFmkR5kllYi/7Ozkshb7H2pUYRs4IdiVCohKUlJVr2kDwZjrd7oZGA1b9V9yG4MD8E8vWraPH1MNizdcFs7neP98ZX3L11diw4fXz98/Kx39AgtexO3ocuGhy/zkjUfVICyUcgrw5S0YnbDlp/Mc+VGZbsR5XMPPbDSAG8tH89RK68zQTcd3f16/F1DN83w6mIzgn/8cKOxRE4Ym3lxi+0dSsnwvmkc3vAh6zWv7tn3HW1LMknaUPaWos5A6E4rSCrua6apOjkJoRLnJw45CbDyaj1BrRGl1/XZQWRNuf3OB0JYCalrceuBeRYLBAsovzswBynvnOdWp/OjpQYIdAQUjL38TJr+ZJpCb1SOifvO/RIqG/a77AsPh9+6YdUtL8kXo8QGIaLEGj2c/FhW83QIDwzvmbcSIKJz+ckMOWFCwVWOrJp2v/ypi0mSzVYmldboVzCdBlHQC+rwPBQVl16JVIgMNGMFvjs4ucsnwEArwpNdVXzkJp2EqbmUNJQyg51OMVNXvCN9pOcpI8Z1IjFwQUZl4zfUYzZ9xkLlVqaEHCiw6lj05LvV8XsxDc3P35JIejrCQcqPvxRzSl2+B1bh6bhEwtKBsxAfpZUfhUuyHqjsy3FJxeGgIusIfrJ2eZE+DuJ3mKsZOZWtpnKuviqYpvc77DFdiX7HVygOOkkJFc0yD5kf+R2Qr4m3vEkQHAUkITqlOwoR/PU99GUdsnfGWT4+0s4fv/OCma5SS1cqbndRjotLgbGqQEji+kI5gAMX7FAnDbwrd3x614nLj8bZukglEyRMfoOZYJk8XHf8hCt3iUyPUkU+OT89rkJ1o26uS4DYtiCrkfokz2R8/PDOPKrOTO/VGIMDd71OaSKutRpehXRmagWn8y+mENUJRIq5FDA2MFdtM+nYfFjLOu5qTOmjWu3HIbZTEgbJGxjUGxYG+tQHa813jkYxS4MF/MvUlo6myDFMvgqy6hnR0B+2kXUimpnzMroHgjKByu7ICQdGwNMmn/DE1Kxz4SfXRIoD6UHDvOxqs6GaHq5p7WZDpqQgrB5dt/arX/3Fr776VZ294p7EPY1zoVjViwYFuNVlDRJhG1sy7vaEvO9e//D02UuhYEQrTZLg+2kil+1dC93al85vMBs0aq280Pw4dQNUYsEUjS1CUdgJBTiS6IYC9QP6ZwGKKUPxYuv3DN28e0sVAiyC6sysP7Smv3bEtCz1YpX+c4+Ny1LFEbCVc2nIHYPvgkZ1CA924vHK5tvXHm5//sXX8BNjxheNvH/y0Fq03WESr7sOkYfpQSFcAyikF/WZ4FvTSAtTghrKJ9soZ1QaffTa49iqOU5LuPMRVr5/mh8pltLkN7rYrDpY29RRBmb06PU3ygplkWNLyGbjagqmWOX99eurZy9evPrJzZs3V0+f02Ujh0x9dg5iKujCHZPQI7ex9M8W2+Gkxoo4Injs5KCIpAcExnPZZYz71NfYIgu3NKBxQuhqj6gcR1iqbun0cg+4i4tAtHrSsK/hN0DbO9Btw6fvv/vD0+dfNHyYAyjHWdwXOHloz8wQKdHtC6FbnowhgTpyKl09oXDQpta767OowIPrnqEWoZund1fCScR5T9xQeh6l583tK2RQzdEiUXpGtI0ze+Vy22lxVwEhHWXDe++5kVxuHBtYUJVMVKixVcXq6lW1yu48jnetZ5kHbKkz33Hcur+qcvVsuKFE756GiFKLPdR9iyNqAR7b95vnFErjitX5grWS3gNa01RwzGke3rxtq8UozMtow/vjpTAQvelFKYXuajJwin2oawgcOKt9oMKtuFgLVMPDhdu+x03Rg+tsPUV7g+VNLoQQJv1UGcKyr7jPgwtSBpFpR2RSJeqcQFIZ+XaxeIys7l1wpVCICxRyEtmKjRg2sRFGH2kx0VmQl8LgxxkCFa50yOKRErphC/FasZWAO/8BUtCBQI1TKGOiYi72UwQCLDzxM0ECKD8Wy+vGtuoYn45KhqaAEVyUpIyX7B4rY31IQ70pFEBTgO+YO+mJkeyVSZCRi7YjPTo7bIOTkj1BS6rY+Os8fUrsfr2CXQ9FZQ5byo64HGmVif/QDOJIXdZwLfuU7LRPgBd45aJ2TCg5DFWfKnF409357gzT9RkHzDfp0+aoh1LOsKMSIj9w+S3I1+qU+EeldC3vgi836w4p7BFEyunhdvapdMeI7GSXfbVR9nj9MQWUhMN6J2Hs+lC8wOIlEsnJYBeyeX2FcRIzweAlqokHrBpSUt/BkDGY7JtErg9BF7Xyh2KgztVvRTuAhU/JqX+oggh1CFSgTsPYcX4gyyWD86f0csbgFLlkys6Vw5UODgO+R+5SJNeqOA6WErYDO46CjotxNwO6TEM13mGu4MUFj0BLDTxM6kMMjLkUdsdpFS2W5xNV1KlnKhbd4K+jllDgVBWtux0+UULvxY3Zmle+FNWyqgmrLXETnUy5lToN2iw0TNZk8CoyXvj5wdMNLbZy3FX3qPHXTQxuBIItV6hk7Tp/lCwmaaRIoyu+QW8RSnGK9K6Ckkka2QK0XENqTVHwiXB0JXRqkZdeHAlPJxwJ0HOS7iDgaDX7rmp1GaAoILlLLwSpmZIsiKSf2kLuBvsk9COMosj2lGlt4r2//qv/0/OntrRoWhkvLAMmavVJEpqZNUOfbOKhLui37Zpv3/3w+fMvF6riQTcaD4AyX0MynU645kktF0sZRncWHdAMxs6AWYrPV7JTAYuLgqK+MWBBvoCmliaF1JF+utdT6OQU3zZWbEPBm2sRIkuBWailWK54fPfCUiE26WivEUfF2RFS68h4LPu1DcrnzxbwVUchZnkW1/OLTtO7Z6PpEZteW0FRwg7lUrgRvTbZ2w4+LW8twhDNnoCyxYKZ8oTR8KYipXJMoYOnQ9xg2PG9px32tgzxA3I5cHGAf3b2eM1WCnqYowfgjSPi/ypRigyGERtaWU95/PY/v3z51c3rN07vPX+p14/+oyLaxPEcdyE1BtxzWGPAPRPTtfFBWoGZUNnOxRRIFNVlTx3l8yzALmJxqPia2EtxeuEWUKQ13lVTmXv2bAM5244vKWqZJGpL54p4gAnYu9evvQbPOG5+mqYyONlmg4ZWZ666B/vHbB8rI7FCf3/VW/8s4x1x+OAD3HDe4nH7l5TrXUm39sC6aYXfU892uPuwUKOab52oR44Ilcd7Sbpyxsg/ec5JfCVaSv/iwg8e8lcZqt+qHn0ZC8R3Dwtz8uqaGznjeCayPfnUo8fW/RaTi/xvPlqxwEt3A/N0zYPTRw8aHZyWBaJbH2w9RjcGwsc0LK+h3Cmutaz5kkG9G0Fkzpl+xbiWLX5ouLVn5xvmpx6NKn+rurWG0jNhlCf6ZMmqUs8tzQDKuNFqtWMVvJ6RC7jrePzYO6tSaRtHXb958dXPKPZU6ep8FlW5M+qM6bz86vtBUZVvurXmpywGOpAsVFWpaZ7pq4YHST9Vq0AhUTVgyEU6chvpl9xQdZUrgcTOfsseSP5wkv2Wp0pCEZ5d3p3kmg5fa38RCfiSelANH4ByoPBN+urDcC3YI0DsZo4RTTMrlhhjZYtOx0B6Gf6lJ1YYOYDf5DjJAhvXS/qjGIeJFXB61FdnVr2KMGoHSTguA5iruKMXPNujBpjnauFno3iUlEg4oyduLCmZIlhuSDriPHIVSZchlLkqRoL6oCw+g1RuAgzE1aX7TjcVVOER6qZ9fE1soPAaFCDcxT1i5Q5imal5mPvugKqbBuI51Tos/VIos/O1dYm5XADYc0yAErhxGI7qnSigqockDmgo0LifYJey0bogUniagP5gHhsKQeE/dgKJXpRGP5khdTUj5uEKXzSBgSgekEGUEguwhKj/C3blarPnLDXSNgUs6TQnBzQJJgCS5xhqiR2AU925Shlod6SVKDlS7EksY/pMmLLHyXIz/pgKZhnKr9RF6zuPQycH2wEPiHuli6RiSTDO/8jkci/shnkIBrWLU1B5GUSVS0uxAFcOnl2KxHy5rkkBmZi1Bok4uoFVVgfgiLWYGalw5dyFCMts8wfQNBHrtfienW1NVaFKaqsJze1C2HylkQ1N8xmpGk9NwJ3WfSGi2E82DosX8YnaHpLguJjyLcJY0KCDl5kk6XtUWMd4zKoL6tFdvqQYGb81LsopIAme9HMYlJqwMvzhLOKkUMqVcKD+o5cn6N9tPvLw0bMnf/0v/lWCr6ujTQT9GXcRi5gjLBItImgIc+qEppjHNLMeEWAjiInnDyTEvM9gpQWIRnr0YZ4iqrv00X5ho8GeTDLBnccnxCzXNwELFE0ubyubeICepXpmRbAlDKUdoVXLDW2DOMZ0njpjQ20FuPVkoicrwqrpOtqG7Qh+hrIQMS8snrP4LI6jJVLQX2LpgzdSeL4BGziaj4SCtObcbj+8ywpxGZ8Mk+v1qrpoJ30WyFyYtAZO1H668GqR9lcbKHSNWrDdLKyempd1Z0PX+mzG6akLwEHiqfe5GSOlfQzgFAHTzRyn/j/fEy4U4HajwZq0q/2F8MGjl1+++uab39qppO2F+AfG6NYjMz3F3SOxzP2o+3i26ZwmGJ2HUQZ4aLGHzwziSFGWoyV7zBQYsbL53faC3nFRDd1izyAgQObm1TSFhXvWzIldLArMEzxiY2yjykWN9pqyocCLL782qcon02MOUx1BiFDdYq3JVTsMHFsxaaGinNWkktBTAR49faLWQDlBCKAzXAV/8uSZN+uYfTaLbQubQqKeQSkbYsKJxXKPPLAGpTfktIl1poRB4M6WmKkhLoZrzt4gtlHJHvr+ZCME9IWhju++/cPRgMnmqZG2boWn3tXcBDb2jmc5gyuCVd0ta1lP0mYLhjCbdM5GIkXT4gGrhu6yDnsevm4fx1LF+p5W6Z0xuVPrOlZVUSWZ8VDS1KQVNXoeLfekSQE8j09Os9i1RW2UyqNIPCekljYwEiGGUu3kOjSTvTsyhcP38ZIYlRUDaUlGQk6Zc4LT5LrOYwaXWaELMlydhe3g7/QkzMCXzgt2tYgs87NLqbsi8TIU3dkS0wcvgSK4ilngVM+SBP36HhU/S4v0IQxmWUfigOsQdqhkYzYcwPCzrq+76IM5Gcu6Y2ckK37hPNa4XEzuzj4eWa5aJiOGJ1HtbIRdJbDT2s1q6TiTMpSDT9jkLDHLZIyEPViBJN/wysTeJEgLU8HB32U6GfbkIujkrt06qpygF1XF/VDiOT5HPi0RXs5a3xgezB1z5zLLgIM1QNDKqq2xmXKJ7CucWviDmmbAHOCVoAMwgIbLb3ToHzI1uPO8ldhRWQa0MXWBTwvddldjOKSrWMk1PfGXBlJ+9EY2i1FcHI5U6UMQJJKjm9SZ5u5qBNGIB3WnjJHZKVbCzuCVzu4aLEmaxS6dxUptjyvJxYFLhCtOM6if00pGFhEMxhgqh2t2aFwpR5s8FXUOMIBdjN2yK54K9qlAJnB0dgrnVdHQBi7tKAaa3DNezhE09GDvWuby/MeXonn4ApzxMJ3GYOVjKeuHfnxIq1BtUwAzqMwgyvB1SoYqrRxEU8JwSC8JmO/6IVeT0yXNXUwzinljLKSENDN9VFHo3nokt/RtD2f7FJ2ncSWrwer7GhjRViqiq5gHM6AMPcv8quoXmC66L8rbrO26XuGj5AZdQDv0MZrjhNSHV0ETeVaY9MWJuJfsqIZtCCb/Ee8UblSSJebfFS1OSHEdCMPOvSksAgnoV6YxkIG61iJVOldrDKDhxqKUxhHh++XPf/UXf/pX1RAoRBFK5rEqqDChegNNTDSw1CMF8iyQem/44emz17/7Xl9lSaLxrRk/WmoeVP54qGawE0Fb27QY8swV2IFyjOJYihdyuG34q9MXhFBMkZN8TPo3qGEC7lYgQqUm8MoIP32kHG9LRLAXtuiFCTn3Qa6RmrkTrloP6icXJAwB1vikKIvhPj19YQ8Rz5Dqar3J9+PzL35m0zvPfuMrC1rD520z6VRUSmgjLu261zT3B2u3hvHsBZhmzFsOE+fRBLX4sulvQQ8WOIERG0cBp4MrmBN9Qm+ZDMcUQy6xist8j+lF57nM1YOnMNX5cdCaCwJWiPjv6YcT6N1zLWohV1vleTzj2dOnz3qd8RdfPTQGW6xvrK91cp8eP7AcD2P+eKrBz5SeEz40tJrX0tWGilmwqdVPps7BSlsvNT3HTDqUUUVQOB/doLiakv/lpHWceQwbK7AL+DNdlS2JtYDv3nwnkDW/b2QUoipaWQXaYIa+RjQ3/PypDc+5RRO+rSGpqlVpimyefvHKpUdyOFEhlzdNk8RaIEXFWun+5cfPr9/evKNrajjtG36cPH74zLMp3Fjk2physZh7Ekv9tLRF4XiHlYiqwJmGttv2fc+N35jM//6H16+/+4PQMPY89EQWcSTiTJ19FUpUN2btxO5mIDu1JGB7cedp/CGrdUtgWe37a9vN5CpF/4W/7kG2hXvLo+cwXC3xM2Eq1DXSKRK9r8989MOrZtnEljyvpamFw5zmgbHNo8+Mx+iN+Oa1lNPzfxBt98V1l63xpXb1iA2qTKdGsVBtQnRnpv1Cqh7nONldib59KVJvISQ9GgRc1kpz18wcjJR5d0h5TmmVwric6BDbshuNXei7WtkyQTpK6JMpU1E1s9SVLuHSkkUxegSM0C5zVbbp3nsIoQYQzXCM+i58HeqH4mhICXqQOf3IT18jfhgoERGyTOQDPSqADssVxbJ7LcjpLHg8NAAPd97iIrqnBR2fKl345QQfvl1OGvKMJ7o6qpCwHnAcBehSEYiPhPKPrCFK8qlTUkzElKOqPvXHXNKe5LL+qAyoeXbfWIvPSTAu4z51ZaKjN+c7ySRylYjbIQ+rlCMYjBfiU9PhWxH5RHcLCj9Mlc24eI7lNSPxeXiVC65mdvaYidGanko0gh7JI5efQ3rZCB5PHFf7+mfCX9Sz5BUKVzqCFZZOcNNAiBorzcm5kZUZpFz1Iw0okZz9Lq8iAwFFUHKcFvGPyWD9V3iYVrDyS03gEJ3rJQd7IeV6pEI2+F05PTwFLkWu7CzT993RRSkBlXyXc07znfwvgD7lAp/35HdHJzuTPZeYfMdL5Ic2xsdaHFyoB31whrW/GAuj30WYTDtyd2QviCoX3mDlnz95WJpjXbAemegYAO/xp6/xZfhATxgT+gCTug9M9Nh+QmusxdzICwacgx4JvlVVP9GhCqCnbwBIVa2DA1VOw1eSEsBHL45slRBPIshaxNpU3HKWUkFZMKVFRkrCvLhGQguNhZxdbKBL2BM6pwqsDSHiWo+8PnTaaeIo76jvKz3BGwTJRLX5LFAMbIrzw8c//ZO/+skXX2EgNgALm9cr1ESejk3WMGS43Xe5SYNK7CBdiPb880tS7J0xtkG50nHBHtGshwFxkqN+6yIUiZpQk1vXC7vu60oTTSfGlRquI24Z+vkxL+5sjan04hXL6G7bBEQowZYGWEzUGixhKoooWGnKLNqAZ5AMEzvrSEkly6ycneqa1nz8tIjbDiNpmprcLxgr1af6tb1OshutrOeeEmCOisHR92dEiUmruWCIWiNEM5HLtvgSg0LPEfIMyOQScG1obeecxWAZr0FQl24tYFpvTPMxnBJN+ykEBfvg4aJb7sZO4piZgr6EMnTFQKc7Eda8+vpn3/zTP7x/9+bes0YkI85NcUA2T+DY0yRleW1NPiHuaSFlO93QNvFrzSQ2IMwS+Q0N37evFP+VLaroNuNUpjwlN0vwFNYV5jwbvFYgxgELNEO06S6y80JYrt9+hy37B3LyBi6NeeEVB0WzCUSbc8zJWZSXfxqlAwOFqgajSspkD/dClHHS8Hi3INUN2maWXk9shP/R1dNHxiAF7tQQGlsafcFMHqEWxj804MrDqfa2EUQpGKj1BgkJr21bpdzv3dvXt+9uvvn9b7/77g8//PAdZ7LN9bNnL1+8eBHLdlW4eq6ECod/2+gUuzdUmxM4KEob0ULShMPhWOTb771Pz2QGt20d6jGmW5fG/1oraWCAdSiop5UZyzLHhKfSNL3nHlzDXr8uABWJ5nEaFqK6AUuxnC8bsYgA1XZOnvDLbXjCosN2CIdcFTkrMvkEzLAoc4ryozniLmGXGop1xF24LEX19VPLUNppkrp2BCPPVY38Tga/xFq/Cs76F0DidF1P71uu8rAGGnSNBF3x5s5ONTsYZMZ8kCO4crkVuhAw8hiQV3u3xN3VhDlrlTb80al2g4/fC075u5QJQQXumrjUria6Pl8ViOXETd1316GabvxMNL5RSxg4R+TAPvGLQkKEo4tqP9GQrBSe71gpV0aq8nvKxfGRoiz0OMcSSoynkMDQRILBY0RDl+gxP7YhqDMJOkmxJIfP/aifKhpYKYo2vnDou3R6JNg5iAM0FwF1Yp7UNH4x1nHU2k3HJM6mqTLmkyoiY7wbvdJGBmPDI3tOEpL42ZHHK1ipKdB3CI86x7glRHfgmSSKP0Lj+aDxc85p6sKIDHqI5+NMCnURhyksTJ2fD8xtCjt3cT8+6QANV9xwIHe1S4jghcSEQBHT4Z6Ul8yDnQsonG1Gb1IvZ5yEJQ47zkxgWA5HuZozuQPYSdArjZmDr0zqSz/jbTro7CDCM28PR/wBSaHxMwVIPlaEYrnHS6IQE/0EySP6chGqmSlT1XaAqnZN+tlW+jgZieUrOkyH8xzzsBYjozfi6Wf6i2KV9S4oG8cRQ3rNDfaBu2cAACAASURBVMz8Sfdi1zn9bGq7/0S7q221vEqjq/fVtjWgA6FOws/69SYl6xsLA5kFxS6zz7nqBxfqy7JzaNqJbSNo86DGsFIedVhxpy61IkqCRLqga6058Ok6xTVo20yRxxQ03jORVO5eIyy2rWmuqDugiMRnujqKnYUhr2fYOIMle5iukpPu6dW/+uv/81UTWo0fHEmJjrrug9GxXiBouMa6SB0RRAp6GPTBA1u+6RQNpBGNfsRjKvuZBKOd5v3qa2KGDPovPOnqBGUEgdl+5mbTrjz7sdAalAinLY5zk1MLaLiHCWrMco+PRi3FSRaTiUoNr1kD6ExDSVNQGb8puMS5KK+BtWyzWC2uZ0EWmXvcv//s+RdXz196LKWHCG71s7ckfPLiRYHFvIl70cfMdtyPgB4qFpFMoBrv+vhihj0lQyFCH29jxgA+veVa9148QYEd9gIPI+xPRMqGwGCjx95S3agkKQSC+DUShG2SGfMwgmtiW59rfJYekSvQ4Rxiu0JOkUJP8+CyIjTOjpqWzEdffOLhl19+9ftvv3nldXCGIbX/MxVGBCE5SLP9goHPxoAboJmtpNEo/F1SxSoRg+XMHC1woTklSOAXJwLDFxk8jGy8TUFT5AYsc93Wh6Z1P6a2Bd/bQcbNheeNIn39+s33L1/9HOdM1coNVSP3gEMv08ZJ1Q7eW10jux0w8SaQlJ/b2z6wMVZ6MI77yJbVuW4cTtQeK2klg5Hgxz3zvjYONAU8fvCUW7y7/t6lDRFbzE/5qzLG3z4LllinKVodmLfc9TI6A6PWVMDzzW9/9/d/93fffvsHOz0ZqP3ZT+yO9NXzL76goTbE8YpCm+wsrIf8ypkgyxv62gQ7V9Uq8R5eVR8/uaS6QTDlK/h+//nGy/PIf/vhWjxLGEN8lEEHNx+McV65yOdss2ivHk/3GzJUp3pL/Xt7GeaG7p3aR2H7VtZO0aGMh3QHDeGJVjz75InnmG/uvRWOcKkoAMzotTXcyRRzj0N1kyZiyAN5w+yb8qtIbE3POzkpCYL1hAuXk1QaMD9p8KbiQbCdC5WMS7vw5eRgi5LrQyksjrBLHrFyhzyQspZZhyS9suEtWcpQDRfTJ17enDD9ja+Df2iGFZIObcoC39ApUpsSsXPAG9HqHSyhidCF00B2WpssA8ix3mnWApZ/x22tc0e8ZRtnY18SEnRUTavItJj+fzwGW+0P1yExrFgPn6RQdRHzow7NuKnoZBzqrmp5hhvVFCXNZf9rM3eZFir/oxmKty7wVbxwXgg7HVdDgY3U4yfDjPR8rHk/R3RHW4kLw8HkGMocc4U6/5wWBkw14MN7pJsvDVP6C1UAoQfTz3hNosPanUIyENdXH7e1WhgqclFA/I3zGLs75DqF/4h8yIzWKJUXV5cwfyRJEeZ0wDz5vgNgqC6/TbsA8InDk5W9MacMKPVW1yIKz7aTPI0Gmx5imHrKViacTo4U+1mpaEm7UI3lC/F49olUxg9XoGBnhrDFU6VXjUZziOJQcl1Lif5HHBg0hQVFQrFUBTxU7uhGMbQlT5entGIRCjHjrMwpKMVJR20VxkZ5Al+YW8oAcAMLXgIDF9+AujQQ4o+cHd0KyeEAMbzy2KPoVQIJfosjGmuDzzBwBdd5PbK0q+4GEZzpM5M5DFrlOmfdr198JkWO28+pZkUDDR4m9tiipglHYj0sJEV23ac785OLbiVXChaqacgbg25MrBeYGKrCsTEPu/aJfaDA02YZawuG2lc0BAo15riuUYjzpKt598nWslazWpmUWC9ffv0vf/NXFa400dNmNULZmp4Jp09zfp6dqfuGxFCMN298ePb8+fubt2KkFLgYUL9yJs5oSJrET9eCxhHLSntiZkrTaaU39ajJ60asiunEHBSESDRSMkY3TYYEonvYxbo3oa19fd+9zmc8AvHBMx43SVcjQuLmsvHuJD5xsinIOuR7tqkzA/js6slLGtA16n4bjLMRyUcjRr0Y7ZOHTIpzI/fBe2iKzWlP7uPjW1QkMi2x5C1uI7WhRxPEjZJSNhapu/fzEqQhmLzLPw8pWOIa9djcVX5vENbB6/clGfZyKaQwpnmD+yI51UywVdTYU71xHQ1cERDSAqD05taBnnOHChR3E+zZly8/fnzzw7dPX77yjLMYVHyJFk3QLYZWSasZprx7croBQzcGAM7a09YhLDgzOuU0ErkXOgaxYmNr6Ki9KAQ+Y49i6G6q8JksklCBQu3qwRpTwO7BHhgB5uBvX79+/vJVD2Fo2lYVQy0DrfYpEJp0j5FrQZeAVdMy28twNzB5dbVAICc8o6LAiEbNC7WrSdi+d69Xp/Q8jbn4ppLET7A9e/BFwdGHm6sHz3FABMx4OTv2Tb1e3757cvVsL2/sPuKH77//3W//y9//w3/+wx++tbPMq1evfvOnf/7lV69efvGFh5RbflCU7May5fbNEuDcbZDt4P0jqko0bJ5K2IuLuj9oKWbOTrWZ1V1DhfHB/Wx7ajL6wZ6Eog6SfvaAF2e/9d8iyE9v3Z9kRcoPR8teyWD2GS36qSpUr2msF8twPKWtPODL3Lt6yqm2CoI4R7esnE8mvnDY8trbp8+eZ3AMZeCcJj5DW3uSN+YQJZcHJnvvpAt0XIGvNazRC67amSOZNo47iAqIT2mYdxrcqlcmr5Wr9zpMrLByqfKuWHnLT5uOSkQmP0RIbpHOCuWOPtUozXHKXkZ5CknZoeiFxLxJnYb4jrNwDnjiHKGjEp1KE1NhZHLOrus6gh1AteCfqSzuykmVuYbfGr4qeJqUuqpBrGFIspQ04fwcUfMORXIlaUNVwgRcFJseYrpDUZKMI3JRTKfjogy8AGzMgX5BUdMcYIT/iABkxFJThWa3Cg9FlpHalHnHhZRGw+mR9fzmngEOl0IRn90qnn2jsPyyJMVrnLlKt0nEXbNmYIPuFJJQgxzDk/0wVkKGVXoOFcEkLLF24RDeb3Qd01QEhyutHmpq6KgGM5ShTWFd1kwCdHR5yqYFOJSeSlemHDD+q6pKB7D/CSQdjcqXWV5Vz3FgVmdjHVAp6W4EL9dHgr5ljTqZ09tBGqKwT57QDnV4EMFOBalQgdm4hNUKXwdzxlmqL2UrPhGn2zsQSaHGA+JNYMXLMd4sfgQKDZAj5I+cjO8QHLFCdLCNoxLD+8/AKzCEeEFDezwOtbyFE+vpcyrnp6LwSOIDOwI4I/lslzTHb7qHN3jRs4+NrkPSym/7WOwJFSoqTIzcNDsGtGj44h9oOplwTi+iSpHU4bso+jCqZI14uER4ja7hsZBFB5Uj8dJAY9d8LU5qzwWIOlavjmkBGJDJvRYO7XGWNFNKKFCaOZ2uzc1fJB4eO/df+x92s4f3f/WrP//F1z/X+9GB8vovyTLTTK8jo0gPSDYMxrI9qCuaiYtuGHBufvb1m++MkzXzB0PT7rpt8sv0l80XXvReB2XZwZ9YZJWa7XrJrHQzdNiCN7qbgseB/p66RDm97pcQ2UWvTdqiCeibZV5Pdv3OFnp4I4H4r24vNZrYE64l/Az96eOVZxVMMb74sh3mPuv+bvSnog3Pa8aPENd4ZlqdGyZhwYXi5Ij5Kwzi8IRWZ/5OpoWstaOP7j95f88jxh539dRFL14De3vdriHOXKVcnb6Pw9Q3SkKcuYxga+KYGyzynpvkzSjnjSxR914zTWwWFnGSr+Cgp2v5kPlxAcHj5oDlmpG2j01uGfNPnr28effuw/WbR88N2aJTg/jws7HGghkEa67wCr5OvPnJRWQl4b1m7tLfNjRp+PMT1xVGpJNa/EZKqb1tdyiDsPMeCp1BYS7kyDblK+VhEfu+cPBvv/29rvLJ05dels2itC4urL4OMndquGKGdg+lKJRzTHprI0n4VnUhZ/vaVzPC805hEIVV5x3UuEwcU3yBULtie22jAbl3AjvDg9c3b66vXz+7/xK9Huw39sbKG71WwgDzD6+//cd/+Ie/+7u/ffv2jeWSL19++eUXr1599dWrr79+8tw4+nN1kGMbsKQaixe6hyNATY1YjU3Ul2mgliLN+eqUN/Wbv6pA1LcRu8ceRca/lBTSTPTDm2tPpag1jupgLUM1kUepCi1HMDKbFzlyN170wOIGLibCU7CKtgUYOMEHkuJXobCaYfA8s1X7qyn4342xG8Eel7H5vNRswnZOBlft4huZ8+QlQ8UHVZO2y2QMPnIJXaEcsmaikp3ldWuOw5DBgNeA8TqntVbBVhiTgC94hvOOl0oNe+SDqOxKjEac9akqD1u1tfghbw9S8ThOHmZCK2T+dtLZ6LJReGNE2KPKj1Qyz3wuD81UWZHBOg17uIKfQ3SG6jDFENhTzTJDVT+S8bUfhDAHqO/JFsV4T5VxUf2UEdB+4p5Mq/8SSRsP5WFtxZLDUcaQDU/wcAXjrOZ3vA3mUFb4sJaEKzqqgXUVJSg28R2nYxBp+OCO0GFyrIxZll7TEvpYT+Kon8uIlSwlOasSpUwPsRe2pSTuCAyF/ESe8mL0mDnEx39kSARwpAjldJFM7kejH0XHyF8YQm2pfUUuUlSVz8g5kGUlHMPU99KFK38XdAffKbrzlQpgOAbNal3ExtLHaUXWgcjMKyJeoX0jVgoiQBDl4xTlbj5EFyR5VND+U8LQL3cYKjV8EyxnpqoDjO4JW11qiKFO0WHrWz1PE6fwzN+50gE6PVLAtRIRlIkX4yJ+6goZc2pVINcppI7HHXQbuQjI3uqcYR9JCdOri5gft9WHnZ3f8XmhDI3IJJLc0cUeUaSrVIVCQzATJBRE7iIyI17soT0F23IjAYO2Xa8MnU4CdSHCEXCIy41y+bEW+ukBx1RP3lm46iyDyZpnJaBD5zaCsmoE4AVBXY0gyq58Ayea5eiFAaXNPrv2vxhJKm7X4qeM+kPAKOBuzhpK/kHEKSjihgIMTBiiQWORYebzr+d5/PBv/urfPDP/aGU6FHVjY07z2T0ujuvwlYp7mFv2tEdlnQktgjIpZmRrAS6kVEbbWaEoxiDYBqVIwhdgSSxEodL1ALlqZIg0SaGTV5QRkiPlTSNUw4YSgMRQJtQ7OoMrMOrr8WUDKxnGswvEChxnJw6DxivFnjz1PMiz518yD85EZ8rRqhhrkhWXUEj+QQpdaZiLDtWP9/eMObVWzGS6zjrznFoEaDOoElhlwjVSRk+eVMDvh5t3jWsuI+d00Fq2aKyVWhUSKNa/i2l7cJkSjHWtdoKkGDvzbR0kf9Ols6XonY/KoS4KhFxA2fsFN6B0nhwnXVm11exS+Pr1z3/+7Te/LZDC3HuP2jQ9zh5UkVcWTwg51wQjNL+NwXSeBho1zhWaFxeh07kijNLAnsjjnknwWkVfMxDnmzoL4qlFVhO+uCKLMcX08Pn+2zev2VCsdeLgaR6zTeGnTwcyATZuCo8wDuXwpD1DvhDL5J1pXny5sLt7gzUFSdpdzAnPuvHDtnl5aITPQVHCB9uBG9vrIaJnxYg31zaO9g0nlaSqG2/v+93vfvf3v/3df7l+562PL37+819/8cUXX3719dMXX1hi8cUXL9ucSEidRwrZHny2eLGapmq23aMHrtv9NAU/PQFcLpzHj0ie5JS3ZXRwRh7VUc9opzjS9uojqJKYmNd2/zbtTjlFiO+dGGFmx27w1GbW3EihaYeqpZauG4Ycj7XSptdnq5WVbs8jT2eLMsWAWdkj0rnKHJMZqq04vX9jAWuc4HBYaolcpuW6KwXz/Zwlh8gaXecNjl3ho/NjVNImf0iG75TM4QadTQeJ6RVANivv53IKKfCIVyQuHJqzstf8Tp+juXIBUAXfgkVhPzIDVqXV8drtlb9Ljv8gtJDOKjhalZgqqllwIpaNwMIMsKR0Pk2thWhouDKhibNGBSohed03y9e0jhtpF3zBOi1Bo9hY7xiUyIHznc6iRA0bYgUaQ1U5VWYyxoy02BwL+62gUepBT2uyVxOiFcIVjYBjXyWHA5/9aquPDxwZSpzg8g5bUbgU5QKHV6aC+A41hznaQy3ND71TjQRW/NTLXfRKN7nFqIwALIOXdsEI7SjWIMlKBcGX3Sc30Zw4DhiIC7Zo6b0wMEAcai3UveAyyN0BbYVPj9npMnYSfHTu9Ow61k/Jo4lKrmkENmuE3f/xqAocZwxvkpS9TM0J7u+Y8CsnLTJE7jptH7+5KADW7NMx4B8ZGVmg/S8H4gmImrOVq+yhAGYpkOwk6Ts9WIc6j7kUI93ae0THTJcJkMcfLiKF3wH8aCDX0NZuQF2MdvFJV6mw4ygyMXeF9xgJdQIephB14n8kUEZ0fZkE1lwBfjEMwSk96VYiZWuUgTkObB4IzIWcTg+OQ3reqb9r6CW/rtNa4DBBYutQiBen+byDQk4VaTAwMjNqWsr9YoeHLm457E2gM5DANVxtWhDzzgs7nKhVNR5mk1POMCbpNtOo2T2mqBXakfwsFhvlxQK3C9Plc/FAnMYuvkNcnzR2rUP6m7/814WOi0b1JLDWaFZxik0VMPpjTVN1AZH1Uo0Fql06fCMtJkOvHl+/ff3k2YsxldiCnjQUssTQRXlJBk2Gk4StK8uU9ej3W49YokHfo4GjUbGK5rVgWc/OIj3v6cFi2jdZpk9TF8yysZE+tScOLCJserRFpBNSt4w/QaL3LX/57OUrgYj+O+UklAGmnFhvaNsT8MiLdeytLH5gDAJa1YYxifWw0yXNiUELaXt3WRpoho4aF03ihxh6awGyMRsT06erfX99U/+QqMqlsKLsFNM4t9jBMjLPIn++NQzJJnYdeZIGKashcPdae1zay7hFAKVnSAyGkzGCMeIj1X1LfwjhJ+uIaAnIjbNb42xPnj9/9/b758+/lJ6V98d3rMXDeZf5Xv19lmprlZ6kLmheMCEqg4louDcwyx1Eisbx8KRcKrI1ZIUhN7Ge15MX1qIjYS+mNs5X5Xjw4N27H67fvX764quHT5+K0eiN/daa4BSdjJTfnBWltePdRWUxkXLSMHm71TT/zjeuhNHc373BonD+hB4UqHdHl7cIufIc4Wly2TwoR+zhe+F1w362iTY+bMfpd7e2S7x332bU3/z+H//+7//2m2/+qfjx+cuvn119+cUXL168/OLVFy+//MrAp1fqeS6FzMQTSgrx8ctF504zuMd/GOHxs176PHmO1UjDWN3ArI1q2I7f5HL5RS3EAju5fJq3Zx3RAKDPH6/f9Qi2QU06ccvC+F7AYuyS3oR81oAiQWr68YY/rlJEeP+BpaHd8dqC9Pb9U3uy7/VCeSPPF4BgZHZUiq64Ey6oCIU3XiptEyVjouTU3PS3Vjc7ZewaR3yr0NzQef87jWkZAQfor6udl17xyh2k/dZPrL0ts39FuYtidVBDMwhAoRqCRlDRrlmrehSpx/WYoDApTiMtAPczXLLrS2Jq6h7nhz0liD7s0av7Ts21Sce34coxQTi78H93esE/OqAjvk8Nc9J1LaGru6wAlttvwDVhSzzKiSpGQ1ShH/tmHK1g39KLNNQDekpX8qRn1i4n60kPQ8RHsZ/xU+1ai+QqeLmpkMYCnQzQpT8/sEVqjhA7UQKVctYLVb6GolSFh5E7OU6RoU85qudcOqURMf2OsyMugGjSOxLKYihK4Qmxi91hSQ95CvCpxe6ilmweAWPBzBEuooeJMRWHw1bPm8Cx21Yj4e9YQmXiK3Zi/ZwvX5kxo17OHSrhr38HhMlcQxadzK/8hXLJJQXbFwCB+9wVucBGIY78DyJFSA1Zt5IV23FKp4CTW5GKlx3ffVWFxnn0Lskr3NcS5AZc27WM+RDgyt1h2pnsJGn+KsAuU72fMX3ue9MHt0sFF9HnOUvOHUdK4aFHBVtHsQfTKQc6taWbqFTGUdI//70TV/k0MWmTku9v/kgCB5rula0byH2HrFOlWqw3xBIj6QgLZIX2kQd3IHi2hlt31sOCsHYTHUP1VZHW7qeczKOsC9ZdflEPVMVSrQeSzuna5xpMuNtScTxBU6kkydxhNmJSubrbhmn62wZGUoRRjQBRzoTPEA1OGaGrl1lh1WQaa9CntnRXOR0xUUpSLSgm63J0mt1ywtdk1qfPFjH98ouv/+QXv9a9zf/ibJ1T4pZorMKDDVDTEW48fmD87PadzhDAmXDXJRu5eP/u9f17v1IM25QOEc5XtYvGe1JLTjOXjXYkbIvD0r0Lchs37WlOBUUBurdCSXbJBJOhUKPwov0U73vMu2pHPPrtQRg96Ic3b8wx23Fal9hNgejw+Revvv7ln3351c8MkxQJokYHHk63a7F+1UvqRFdQvr/pGYL7TR5vPjo6tYV5fP0DiCZ0BSY4+uwJU2xpOgvIBDqWTaaXQuzkoumpfU2uvtx85GuamfjzvAa/agodFJq5yGBrlUKL3jH9ec9I8e7KaAqau8/CEhrAtPxUQXSYydAtTQiLHwsCZbeR0B4M37oDj0YQIKeqmrK6HYWevv3hh7dvvr26ekbLhQiFajVV2WZdsXh9DUAP7NZYZExyV1Pw3fA21xeExTiV8DHgjeY21UvJvLLxQU7q1IqNXLX4phqLisSc4Pbm7e3N68dCQy/jkWB/8ly3sMZdAhych3KkJ2uhX55pCpuGm11t6x/AxcdjXQme3Z1oRTsaFaYZpQzKkRJSpjFS+L79epo7Tl/dWKl6yZ+rW6B59eT2nfD3wZvX3/7H//1/+du//U9GeJ8/f2VDzacvnr0wZvjy5YsvvrDu1rpJN1fScanC5smfjOPe0EtjsbBasNASSa4b6ThxRs625MyItQxMnGdmT/qh71oSMTqxWWxFiEmB4DfUZ7DPhk5ivGsLT0TnJGWZB0/sZXgOlOx96FFxNBoBPS6NVI52+MioFNJY+/2HT+59sEuUrfizbEprjGpWLWTlxvdu3r5BdVsvIVHrEZpgkirH8w39ThTIa0hbdm7uxMWKlCK/UsvEY7aQ5/8ccA3bdBN0OGRRDoJKDR+YMEbzgJes3sn256eC6bSTKlm18iBaRkDxFs2d+oGKB022iwBDAPEFtN9x0E9HFd1x1DEEh+7gFVuBsRlPYFWp3LRC6SER/PU/FabuJFunM/OrpZdaszLOVYUse+psaI4Ah7NwxmQUjgx3+btKMWtyaoJj/XxTbWMTlZwzJtXBsbP8Ukr9+hBUsGg0+PqwBFj+sAVKAuWdYTR2ygZ0WJpL5RXLOelKDhMbJu4wyAlhKOI6ilxl9Z0SwhqJO/RodFoJtIMaS1W07DToeVDXZZ7ynTsGnpvI2BrEGN6/zAn0RzoryNWPZLuaLS+ATNkhehjprAgRzhZKpK6YvsNd8ShN0nA6PyiHbtlBVCJ3Gy+hAFuDczxFXjoKpiNeD54ROrWi5DIkXZAEPwUO+/KmnHCHZtWm6tzF5YuZNGwNyA5K5jKGdpWx/iARpvFTf+I21cZTeIYcGEU7DbzE3KVDUSe1CyVFpZTze4je4Sitkiu0UudU4gE/KuG941Za6XpZDs1BNIYKjYPK1XodZIFrS5SOttSq4HEs34V3DuEhJ9QJ5W6SdFdrOjZyUQBROU5g7Xj1OYy+NdYNdy1uCacER2d66Us/NIevBYYQPVU1Fyo0rK+P1hITgBIXz9PDujEcU3yr69dI4/3c9qvfFxWKEEDADOdGjiBLieHKvWruZdF8D1AM+1//1X/19RdfAWiozPie10vUaCtU2XXAIqEWcJlaff/xBr6CydZp6dQ3hCbl2fPX3/3eWIZhNQu7DNvxLiNYgijDYvdvidHTBtZ4pbUNgBnCmekFMJRYP7oidKpgO+gsckwps1FqFlNivkixXyI0bpilPnx6++6tqdzyH380qPOL3/z5z/7kz776+ueeUxZkAJuaN2v82Rv/nloDaWBP/w2VF+3W3iIrdrPoS6IBNxO4hSLsXnBUgGj80tpHaj3RIZFYvaiCkHpifBrWo9bchVdSgGeLbnvbyzXtUQlIFmedsDVBnEt4TqNXtD1qu2OBrIE0c0DkIFdM4Ez09cBKsoInJISAgodCId6mu1HRwp5P1Ga0DJRQHAL666Itmq1eVAFUjC++fOURiwevrCxtZ58cNhvTwJpRHUVjuzVwOd2c8eN78vEcnkyoWl92F6NNY43DRQAPGYo+XHsAxXtu/LpDane99c4c4GEz04T5cP3uzbcMblvsfLp1h4aBkQDI4t59jQGNRHUbJd8U0YbeeXG+TDHkU5DI5EwheY2h0CtWnLPXPpP54y1mYWhFso1pUlRawtRjzzTh2fBh+rEhUO/Bg8NwWxtzwvwv//rf/Mlv/vI//cd/zzQeT37x/IUoseP5yycvXz59+uLqSSOO3J0KaiI4J6vVJBRbSUoxIm42VUcsDGjSORL25cyTW53Qq9Vp1uLR4vv4ZAIOW83aa5RhWf3lKJRuQ5p3r90OpQfjpizK/hYeEAAYWR8aw24JbOPb3TxYuMyX2iOzveIF67dCf/qT9si6ScJev/2+hqg6kifN61tzKcSuVu59Ktdv3wiQszEUeQUvHsUakdwkcQrQZbvEsmz/IQBf6vRSw9Fl2UqFKK+W29dJDHb5ioS6EgaBnY+mwksup4Jga6OV7oAxtP1eCJwOIl8GM5cOY3+V8jUy5Q2hwhTZKS8cHH8BAk7qRZ79Kq19i84f+XEVD0N/2Di8oB7zvufTVaSKR/1HDoIM0zD06wJY7E1L4QBSEb8YRmDU/xk9KIMGUWtaSbDlV4kU2mVs/PhHb4XFwxRJDSGwBWorORqJdBG1pmTxH1I1zmMHrQvXaQ66CFcBo5ukJab8DdQp4nbuoqloH5arDwV3XddWRVQz52foagM4Z0ydTNSrzkkLIXRkymrBV7nYbSimD2nr8+WOXHzjKpYqFvezrzGCQCp48ETgfE65hJHka1oLMvNUJARYLykOViol+EsNCZY0UxqQSk5rUXKe5KBXODHDH1B0+wbkUqo0v8PTLxza/LXKRgAAIABJREFU/oMsRlLPOUDms4OehBN1lxeIQyCEmBvPQU+IqTWsCvXt70jZWexFuL7RgUNKiKVxJ2+IA0le3/11pA8/XWJ6CLvaMTsMJg5OItOXNybG5MEsQT5q8gBM6jvFnqJSf0QyDqrOIet+NCY4Uz6hx4MEOlkh9QfSjGnULjxMLhU3b9ZGrhkc0bqgmr36NrjdXa8MvsDqA1rVtAEacUH90OI0PVftdx2peae14+Gdj0w7efkYS11r/NfV1cjPw+rXylowPr9ST44jy4DJsExqp3dOlxbCj6LaJATKvmq53mLyuQTqA2f3n3KVkN9CdVPDf/WX/6oxhp6fXYWfD9WnVtXnsyaz2vO5IVX0NCfzXFvvEs/OvRbR40MQgJARm1NJ0mzMJWnUUD96NQWoYjtyjvTYEFcjfEJvZdYRQJEGUplTiHLEZbY+tBEg7ZegIGlRsQZfxPHu+vra7tZ/8dd/89f/5r99/uVXrT/UecZ0OPR27aHSibHDBmXzlcIRse9itYRoThZ8yh67ACCQyGf8N7GK0dDkTjYIUej9+za1kYKr4ux023OmpAxH41jvtwTtMCugsZcNrhU16BY2pTedzWafDBDabsbgkLCsBbAgcEANIo/t4KPYfAFyD/dQYJtji1xrLqmMjOmqrVLS0sTELqHTQs8OP7R6zqThl69s45KNlGRbwKiLXUhWKy1qQdcQKS5rftiCvr1Gz7v+5j6cf8ElfQiCqCSXxobcTJ9ymUByFcr7AGPQ4JQh4BvPvCvqkWrlhGoFykKWjI9UI56Pm8T3xu0i5YOtULnxS/5UrNxbQ+xBLTprL8BiXLLJpBESS6cWzlVj2i2dAeZr70KZ77cggb2sisjzEMNtjkg+FiSAiWay5AYvv/z6N3/289/86V/8x//tf/WGFHvCXD1+8fylgUTjh8+TK5YD5Y2eIQtL8xX0o4L2MFZhmVf1AGO1vAQvPgvEzIZPaqlOfPd/fghwv+fAqvyYh04Y90ZcKMQVIL4LbuJpf6p6VSPrFK2kFIFXKSC2GFHKu+s3KmxPTXGFlkfSq9l/ZCRKbkMpmoypHixje2ftthii9KO2Nwxpr/VXX/+CqA4i43gNUG2uawnLWUvU2VQSkwmbhlJRKi4H8Z1M4JVlvfwrXwN9XCioENTTZ9QVBRTFzpegipF262syQw3TXP6OVGwBBRsn+wKWb8bQdHhYCV2UB1QZlT5OOxnDnXS1g4tROCPhDo9jRSYfXwUM1GXQKfRSJv6Wupv4i5dOGGAuAxtADX8x21iKRq0h2djCmfMcPE2EnaT9kro2H7q45De1VrGeFANbO7N+5OhX+ZjdXEPs+qS6CtcIxlj2GBqpNeR5cL4WpzuNl3G3BKcZICk77TgKvMD3M95DelHfEqBJ92h0gquK72wn8NDiJKvZPA1d8gcTA5dj9BRP0kvnFxfhrGL6WWs2vRzscokTzyCSK+AFiAelnOE/P9Ns2Mocl51FIR+Y7V02rHdwQRjqtDEznAowKtk3x/iRaoQhOSTgjkCyDdOq2wShbOVBTf2VyZPrkfOzC3iFpkMJSRR/9DftjkykjmIm8IytSIVQQSEDlLDStXMd4y5csobmWKx789BVSJ2qdAA1wMNTBZmgNYKd10VNmGmVhmb+YCZWqB0lXnTb2YXRg2gJSzwoaMHVMEyDiGdUZep00HQuf5Wz9uJgP06uRqhu2f+wHXs+OqahGp6+ohTK9TS18uMwbCtaJ1Sj2ELDVuhHrK7MZI8eBRPraeiE0jwSuLAwLetr9bvV3+PhjFncGr/1fAjWra4BrEerfZQOvi9H1bs+bLzhjuinFucWGSA3q7FYQ0mp2JxMktYiKE44XQSMevR6nFJgb0jvod7uz3/zl66U59h1WBvjF/g0Jy5xIzR0tQ5Vb2ffZuv3kW8gUR/kREf3abux3V6/ta2gwafaslyKgeY6IUpFe+GHrqkRlgYOt+CDUMue8qgyj8rYfrKHgaUGLBt5nFEaFNG3pcA8dwHFp3uvf3irz/6//t//H3/6L/6mcDMXFE80pulNgjNuk8ozMSHhtgpyyyKpq9cei5xEJURJOXHecE2T4B1qoYyGitL+/nP/BiBrtcUo7W1e7GwsR7/KNPkSwM+GXswRj1NPWtDYvbbm7lnbB9aNFUhk7Pue3CjgYyIjPrAqsIYGH01J808bl1hbhkLvcRHRmrT1tNCVYR+WWiXOSQy/WQfvhLaw6IkQPGyZoDBA9NOUvBWZNze3b958++LRT80bEomUdS+V4414cqfBYWvrjHtxnq2St/2kgEdw0zvoiGw+lnmwMZWRjpnWBmRbSwrImrpIPdNCz3Y2ELT08J2lh9THoIzS/Ulgm6anBYOgQl4GahK54YopPZ+hlLuYuufH2Uu/RRsL88D3QC4WRTop3/htArSasLjTo7h5jE06GbNwjVfiWXV+8uRJaylsIn311PMrjelac+Dz5IpTfP3iV198/ZPf/uN//i//8Hf2sfEIS2FtzEOXmY1kHwezPaFdA2mYdvwJwFg367Ahf07BtTz0kKuIeReO88O8fW0cYcM4RWpYLI8sJJ4+jTUajbb3Jz8WKFopy3Fsff3waU9/E9Q2QaI6DDx78bIlqjzGQgD02Ou2LQjI7a6DMrRG2gPa7VU0Pb+/hbwx8/la7U4omkt5qXE19/qHH2w2abXmaQ+l1qrUSKqDl+paI9qhZM1N7lhlKbU6k8JZcn+BVcnKWlreFyQ9wHwqIPySkKCRoGsOhjH+zqE/ujuF6TS02T6ABI7ySvmK0WFxHoicGPdbIJSwQVwYjWAy+hPP+UZnfcMFZZxHOQyxECL8gtvpvgmMTg48e452OKcwSTlhA2mKHh6HLhFxMiUM8UokTa1k/d3oRjsWqAeqSyqgmBjAHfXkSPOsostwVm04XFe25l4ZqChHXsykg4mXLSbPePd1cAdyJJ2ZFZyIqUj5IVt2WCQZF/+jKRPEn9SjiV13ukpeBb/IAk9/cRoen1lvptMLo8wgCI8cN5Q9vgKMUYjPMWYvUM45NjvXQh+0MOQY/Y81vUWKjhgkB+s8IOFOkYoCcRlAoYD0lOC3YwVHVra/oGQFmDwHq5PO9p1npbyTv5zQx9BpmYfERUasVF8u01sE2HVSl1ixP4Jc6lhaXoFDexgCOiwQXWbjMUuKkTyw3H1XtrPRStUUODLgU2T0eGIVuf9u0sMx9dRAlFixYYnf6UsZZ6Uu4yA8gDIUSljuCWIuu1/JQ6ZQheP6Ui9L/9GG8YSNSgYBjGwm0e6YAnyUuzp/+g+g+6/kNHGsErP6vESmzLJyuf6HPwI10XPxWup6f63/vnUpTakZSdEcx49LbNYvFalJmDRa0pl1nBosyf8u7CVB25qk+h1JkM7gAK4CEO40XBJrr+OtxPHYdyX9IqdQneVOJ4aamaEL43QTTnL8ds3ImsKQ+/d/+rOf/cLAQHOCoU2JltPFKFCMNdeGMGgpCd0U9La1s/vPoUTW8emlex8/mNNM+Ia7FAufUVQfDlesi33dniAhx2qeEESelPJqMLCHyd2TIEtRqNZ06AcB6sBoPlWD9HSpMKTCtl2+vf3hzev/+r/973756z83+GQ9of1uUl0ts92CFTAKUi0iqS7TwOeU2d0zjUm5f99arpmA3Q1oTQp7f8APST6K/XQAAe0ZtxKLZOtFQalOb1uPfvX4w81N7+iLb+OI778z8357a1cX8Y1tVeaieVRl1gELynEgjLBLtbjD7YbnKIpUC4LjuvAhHTROl0QJ32gfvgxfTkeJiRy5oPW8C1hugtkioeMwnj3f0xswE+brn/7sv/z93115TVwRnif2del9Mh9chBSMRr4OJWQSYUbAEslWDqi3nJM+4kOQRUfiIaXjjoakzsbktdP0WBULqit2G7x+8eJLK+OOThdz786+mf02AyXnwmQEqxr4ycHJYvC5m4/k8eXgDIxFxqRtcrYBXf6Tp2ezFAfmNCFiZZm2gbRykxyLW28r4dB9EiF1CZtEwTnik6unnIwdnCDwk5/9+quvfvbDt797++6N+xzVIKb4jQer8d1OBd1vqOtwOO1WMoeXQ2rcNehT9YrDLbYlXot0VdI8Csv43FKDSdhurBtWLMT1SFYx6I29Gd/Zo1sNLuotRkz5nMlcs+CtdQvWJgpCvbfFRohIm5M27J1ibWHv7u6jDWvYtKpEZ+73uqOoqcIrKfg0eh9vvJNou26hok2jTAOolko8fvwFwNSaQeYsztdH55f+pEvpN4yB8alaeqVWtJyOVFyJU04+e3Efl36lHxLDmBOMmqsRPzBOd9+t4PwriyNVq1Tp8A/V4Gjm8JuDQzYfGp0BHT/P0fP5ODmshSus4eJTNXlwO6GSI0AtaeSTJk7kVwv6G5uVzORjx7n2JSx1ssuo7oyaLGXjsmOFL6q+aAa3MqACVwsAU+qaomQpIRfiCJZcF7AyQUjNCit8WQsQwTQxE8BclUE4lKDx0V8FBxb0EI0zX6nBoSlLG2eo8hRWJB4zRqWhCRJpP+c6dZU2VfVbQT9ddxLyFLerncQL68TRGLxAHrj0frg+hEM4m5R8jkmuYUiG9BvFi1GyKlp5Wb+mVQ4TQC6FD093F8HEyWozhKiHdRTkyDslV7rz1NAFDVQwy6mQu9S2r7NZFxMIzv3JL6IHHu4LwclWC+04RC7IB0QTR4XLLCkeExhsLO0TRqfHIuu2k9p/Iu5kNKMxdIHnI7lGtxJJ3deFibJTdcd6pNKXV53x8N1FO6ecnAilqDGga4p0DHXMKn5n5K7RmkPPlgnBzNWvKJxyh5NzDiuNjXqdVu2nyxJKrngOhCE1yL9MXz0nUgcm/8LF6oDzXY/hcNTCj+cLuwuzQFVWXcRS7XCNZ1N5WnTL5rWjxkbMxehbWne4LgYDEaqDTh7HxMXZjI49jb6ZYGznWEpx2kmMAuLptUI1FKp3SHz5RzUupoKlzFRQVEFHyS8RmHMdRgYrGNLBNcq3JZQPGzpoROoxKvBh+je/+ctXX74an0hjRndOEq1W0U88CRT0N9uzEFv6okZ1eG/DjXaHs1wsR8awvtdTnM3e8nbzyInhT/wR1wU3Gcc7URrk9GRxPLSQTq4+3hbTZgCbPkiklWDHXCM2pKV86dXqwOw2cyNYJS2s9odD6suvf+FRVm+GQGFBXo0pVpuX1PMZvzT+gbFUozvnv9aGtSGOt6/0fgtMiskSHf8mUnmYzCQVVSSL4KTa3KTzYrU1ShklvdELMalaaUEs3MYS3338+P2334sQjBXiBNS+1zZUromGhq7e3z571stkaJjBdOo31+/sXPj0yXNRdAqoRen+J4N4gQpmoOqKWjqvIRSkNha1m5cSeF7hFh2a+g0Hg3n0OMtmr1/8+te//91vbeAcFNZhceRCTYLnltUCFOhdqHGcrOV0RKX/ekgvTckitCz+BoEl+KkdE6kTT7TN6PmAsOPt65s33109+8K77Dz4DrKAz33dQ8/VwoR2/pmXdfdQTC/CxnV1qFomRmyUy0FYqsoJcdNgXp7C0GlPnqE1MtaK1MLgUClBkUi9mkiUmRVSyOcOeX324RrNxWcTYAYRz5ZJNqt59ODWGN2XP/nFiw+3XrnszcvtIHjf004h0cxv0K5Nqmms2i+AhoUW6KlHp9UhO66/F09ORiK2VQ1/SJo1adWY9etZs4Yr3WpkCtm8Peba1LynsLyyqDs0wA0JdzfVsyYGt43wCT2TKL9yn5MGGjzO13FUywOz9IWS2PHMz5P3129RgoQJfNNtL6wsCN1jN1VabLkJvr1+/frFyy/Xh6XPfCUKKdnncpRe4kX9UssKb7HLvHTClQFyloQlunLzmMruL22sL1li+TP8oPKSiAY8v4lK1yUN3931EuMzpI6Y2zTlEWG1mfsnS+zkV+Nyoo0taVNCbdHkPXULviQ/ouPhsLrLCEGyIxFD7KIvReZmh8dIgbwoBo/xGZl6uzvQ2AnJyUbS5VHdZIpyPOf3SpZTmxoBl5AsNS1xNdh383iSyxrm0Ty8lJRYNcWJtL98IERHur79n7REwNqyQsPFJDkp+TCL3Vl2acGUh5MOJ7s6sJ0uBbsrjr0YL13VjE4o+44UfdXX6FmO8E5KTnlBHErD6auraI306HTR5cRN38s/axBX9kdBDrflp1ZEN3qEs84vdC7Fo1Pjt1T8hbbPMeAfYQPpH/c5hGA/jUiZYso91C8lJMRpYGnjcmQnJGIo0fLhmLxcqHIjgkoVP3rx1o92SUOVkuFPoRVfo7OUncpJv459+RkslqMRsUMoiEv5+NvlpVit2W5zJ81yYDkykOMQHX6EqAGehKk3ulg9qpG5WDOQO5YqfeEsBsYt4Hg5/fSPuSkpuYoWqhpg6hIg0/g2T5rjxFdde5kw+DnIU/HRkiY7plO6JlZ2nWMRAW1uRq9TQZUhNG03aLKYgCsInZEY2RhGWEzqEWoPk8CCXX1PbOPp8rN+PxZoNJq16fS+KoCvsYmTZBrHjTKpsp1DovOQIZ9I1EnhKa5WO+oomwucHOIbQxN00mZsLUqLUX2KztZLQDD1l3/x1yY6CVoEgEO4LkQmX9ti28Duw5OHzyDPgsLwKmTA/idWF/r4R4+f3L55TWWZoUmmhrtwBB7T+vee8MgOU8ICd/GctnCDJy1MPPrITdf6BBw8YdOLkSHvH4vT3r9cN2xopa7z04fff/eHtooh5GPRYeGj88ZOsrke3yTmE6ymOhg/eRzhSp/NGabvWmNRBnLkSN0K9ctGY+FBjwtIplGyCBvnL1NT+ujfYVxUhilAItvzmbRmkXnR29dvhqqYkhCZR4y1h1Sgc4vRQtbea1wILIox3fnIwC0T9qKLPFccoNdPjelBtPHe+0A4dVRFRYxpLrXW/Hg6OecVNZR5MIOKWhq6TGBpZmqT5PGjp3Z5/vbbf/rKELIyDjboJZPF5UlJuhlDHN5zJucPHuP+BVO9sAQ258REPFdsotjOfNyh0S8LMWd8kbzRWK+D/p5899nCY0PCI8OlPS1ee0M5yWUc1r0W/HvqIt+vOWKfhMCLRaAp4cIaBReZZ1js6/jmSSjmjomOve4oyp//wGVyFj4Wtr9MNaEa0dx0Nw+UYqsdK1xBYGIj5VMg6QqqPnvHHU96+vTxEw+Df399/caQoQexrTJkPdHW+LI2ww0C1lc9aimywXzYAzENNxY/4/azF/ZQWtWWUNW7momaJ/cxtx6Oql3JsrR0/e5tWxXmm16+567MDkZz5ZqISLGFjSdaVuhFlNhV/9dTEynUKl2Dhm5Urt5+fGtUUOE87dHDm0adGagbwtqKbgntqNQdRQaNUeg68TT+T7Cn+mYI+QwXEOuASZNO0rTv0vNdyU6XQ4m7yFkwnOwJX2NW2cWP1JQGiKNUmlCSIJ2zIxvXqq3/iEKgO3ZayXjq59BAoBuIO6ioz6UhhDj240xjBQb2cY0dmbLj+RB2it3BhlzlUeQQX2rUkz/wVdhQdcRJBBePugivpH6DUKBaHBvJK8tIsJygauqDjcC+Q7WLrkIz5w1Lxfd9zqCSl+hLX6UNRYoYxOXHOauGKOkyXSYocznHF6HKJaXEVDwSEgFaVlhi50rMoLEa4H7pOok6r11KkHXbXcaiq6MEtpgGDuFIncswIzrVzkOgulC6/IY2TLs19ZvHz2woKxaDFcnUkyL/yRvzEcl5yY5YyuDjy4VVFKVPES4nfvDJUrEyu0qljp1PgwEtISAfgvhdCSzEmouMnAmXAFcMOfAyEVLySK1YZ+GYVx9Ege0ThQqfhDLh7DucEStrNhhIUcPSlh7g4W9ofI3o2B+W0VilIGx5h7vAzr+kFTkU4uSSk3BYibS0M7o+CVZxiZ9GwMwc9UnzBNCxvO/4Xel8b0ROhUEhlGOln8kVTIY8gkfocjY2hnEogMRVugl6PVxEG35Q26I4xvKoyLpg3+NEXXLa7F0gGECuVJddzS0maYRQO12nU0e+cZsofe7dqVl+237UMbJSG3tQTT2VYg1xVTr3VWJmkh2Zer2T5iTzzhGIW7s8VQY1xhVwfqoWZn48dwo5ahVPjksAp7JfGBAWG83SId5rN+AkyTZGHT4/fHIlQKxMY5qftsQsXcc9fuq8kmRzdgQguV4rPaaJ+p9GdOrOyNb733oFcDvnxIniKlrt3d7AjDthmSFGc9C6nNqvBjehMKKoU8Oryygr66LwouKQaDSbRrQYy1qv9rdRqvfj6uljSuD5+fvvGs6pwzObVuNaSwGB0HBhGTJgIUzDe3ZFXN/yMzBmG9u/o4eRtxttA4tF+cyOaDFQ2vBpPEhUwdTGiqBLAy3KS/nx04tkGhbNXm01Z2TZcs3bd6/fuG0wwc8Tk5uv1CS2OyOeFcl7FBOZXQlT7otg7MXoVS+4LUZJwcaESLVBvJw0Ra1HF6hZfyZ4aejRaJtxP1JQPTfkZ1iMcQO0XnjdrQ6l4sVYkzeJiPwf9Djui9t3b73p7ksLHMXB9M+4jJC/tje4JL6BjaaP0c4NaIbF1rWjwSj0KragiLyYXqZr1HiWcNNWSoDevv5ecPXw6rkVAHUV2uzu3EB3S4FZ6oikrDkDRW0gViIdE7EQmVDsxcyex6hCiXurLM1ECxYplWrSZMAuG2KOXzpYvWPzq7PTYbdHkkWl6q85JWqC0g6CVosWC5aexTgMQhKNtT2NT3AN0T16/uJLzx3bVPL6zQ/37ntdsqdCsNmtY8iOrnbPQA0sNtVJvzgS3LzDeB82CZ8R807fjVxOgVVbm+bk86aUW8dpkrw9xtmRbiiFxytkbO/+J+9tLtBMmw0wG82/urUXVRshPTGQnQ/lzGLfeeAj64/vs74ro9fdozQzYBsdLR4OzzNPGZo4aua098BTMmYMvLd9PS+4bD3Gh3RiU9jMXvc3WWWhmA76vosGZpHxAq6OapkpTfEdfmrqp8z6tpRCh8tOv5H3J8NpcQ3sDl/lBqnSK5IrpvO7b4ArOegucqAKHA9R8OQwmNL5OD4qPC+S16N9gVRiSPvp6DpBD3j5pzzghakS5kDjBuARB7KUg5yTsqoUkzd8JVLCOE5Ygq4XiQEjTzl7iolEfI9EEkyKOVWST+T5V03W8E4jAeCSZFLju16q82PUSXg4yBA7ynL/djoGiaOahuKokkkxOboYR7IYIXWAXu5x94PQdy1JYo7emIibFBLKeraCiuUeGSFxFTKl4U7PZV+Si1jlLvQGAwrAUUYsEdKPApWeAIfTlQ9MA3pyBh3IiYgn62HqzsahO8QP89NeksPjE0PHAY84l75fjybXrR8o1X3E+oJqOoo7lqhVD4Mj7bPTxRXgvpQ6bpkyag0BreD4hXuGGDAU8uDoe0o8111NDRJTVJcXGTCT0VciRGsuK8wHI1il60g7OVjoXSxJbgSl9tcRECz5za4rXKfB6w6FASMOgyowdztelbFnw1gcwoMi/EMewwkbvSC7vohbgZJpbiyveGf1PRUH7DLmmi4cbLRrr8dmUlYpQIVSTwOWKvSmUlcnmOWjzVRQ+mi2RxdgyjEhTvkCkXHHAWiw0SUZJVXVQtA0Wp1UfumycrhzOnfznQsxbvcVyrjxT3O5fezrnhJEOqBpITeJBhZGwLmeLKvhUbdYVaSBBp+ImQL0QQAMyty3A4gxNkX1By3Ke/nqJ7/86a/ii/2D02nlu5iKJSR0Qx9u9OvtUvj5Npx4129PmUaIEEy7h/NCwCvjdmFIhDMi1lQXbcKY3KnFXUNPwLh0rkODFE7ztPTberuUX39FMvcXDeFOB5Kx5JQkn66FqrRtKMazogLXD0+unpcXgP+pikR1zMfYmayzUmqoU3Pe2vBq8+BSm86Dq3m9iqq+CXY2glZi9vGmiVyjUISeaadxr1qkGSWrkH0+WvDxyQY312/e6YzBN5kqL0ewvMsiNk8GPM2GsRlXhTOel2kEaAI0bwswLVSQ9gTowK9Ee8pR2UchpdPcpedv1K4iXcjmx6lS2QYM03VPloyFXvTLoIsG77/6+qfff/t7G51cPf8SwAOxb5VjPil4ySVMXM6adVTkSAW4IQbtR1TksSoUtw2KUA194BGve6z5Ez38gIVHz15Wl4mXp5JuI30EcA/z0BbWth8C5UFyCjUq2lSvBPLRjineTMYvenJFYjWKorsdS/0wpIeWA9++y+uL7pRrPr2uIrri5x6LwQgHZLt8g9FNoLdJJwfNH6DNzazqMwidO6keUIsa4xmHO2empx4vfvDoqyfv379984PBUSPSPZXyoOeCIUFuQXnbEDacfK9nqBFVu5rpf+DFRRRpbJaP52kCTOwMMucE1hdMdKoUa7snEgviZI/BEUPmTJR9XMa4iFC6ypXbGDts/sRdRjdfMJFqz0vhk7+JHc25W7Po3oZm3U2hgEM/7tpqs7j4GkgGYyNrEG2I2C7uRbHYTk0oI88YLL7WL0JOyFLaEaXil8Z41q9Y1hyEc6f7luKXj4cBdlbWp4SMOwXjTMGKJjOARY3gw1ehgEqLrs+IhHXQI5ovjED5SlSzIlb0VUeM/+KRmBrOOMrVgj0cgVsm568sen7LTxFRlB7yFDCStCAtlzhF6wWTJKgpOX7j4vDrHBPwjHRZIfU5/JdR+QYuSlTuZMZ6JWGCbT16CCveT9jKOb9UWv3Dssb+UAopTOAHtqxEkF5W4PGgNh2Kqktyxc+ahhEZ/out+InSB9g3kTUZ8VhXVs5BV5HwXOSEFMoEoczRBhCNyzGOLucx7i9kwxGWPsdgskoOcShGL7fEnvIuL0hDP9AV1EYoL80B5Aww7/rgABrJ1AA7IJzWNsVXfNArcqQoV0M0G5ff5cCUHg9D1NguqFBCtqQDFKpKXQodWjElaZgCU/KoUsELN1qCVZJymsnQDo81XxE4ROAIU6aWMM30O2EOcpfZWSvqzKFSHGetmGpZs3tyMF/pXr/3AAAgAElEQVRZBwSHuaqTCbBIlFV5WV1fsHUFzZR4hycNEEPJtdZ4qxRuwlpZX6MUwou0fvCS1iKiaDjAX8gG5VrhCg79RMy1ilyqsWGtN0JMsQub8nY9utWpsvNdhA0YFANM3pI9RNK8l+a+XTQ06nGqZqW+2HaqG9t5pr78qQVKRJGBIFAYXIGXFnjS5mDwV5knQjRXIN2lzRqUniSmRWHpWNQN7qyLbvaZjGxN59WopN514fV7dQr13PWUteYWsXv61SwzZzZM1Qjan/3pn//kq6+ZhLuv7uOmv5HKr/UWWCoC0xm2KTREPeNy0Rg2NwajyjV4NuK3b99+/iqlUwsZYiSeGtMwYqeX9RYySstCRaaeG0hzQep6G61ZZZmKsd1oScMAaTx16M5nI/h1YI33eN2F52LfvH35xdcpQWduKrAhJ9zWSaKEjg6RHoS7hsRSd2rFb+GgoDltn8avy4TTWzoR/GFuzlOVE+QSLC+qRhTSx3hyNmrrNSUFWD3i8B7DxsM8iuOZU0+VhjN/wt32rDP+ZiebAjSNi1V9TxpCFX40jwuVAZuY3ijYxpcuoTY+t+USRWg/E48c1NO6N0Z2rs9o0OheI2Gm76EEYWhtBkVaHLyyoiyEl+o+9otXX/3+t//l0/ubB0+fYdHmQKxAJ/xp/hWp2gYa0DIkSVZK2dluyHGSblqbmMPkkumIq9sF0sgTG149e2E9XIak4LQtJOHCoaUFOLEm5G3mbB1+e2J3QyFghQpLfA/+nqjAm/K5e+sOGz40kr3ViZpzSx1vZKlsXu3tlS8s1YXnvhtlbHdGr4hBqnpcBVkvmevVRlMh05AQO23lyMVu3hUSpXNe1P6EAkdqNg5dKD8L3rM/4mMvSn4jOrV9IAnzIesGij5zdEN/9mBsUn7VD/v8HfNiU/edPcDE4MZlqWKEcoyGzK2/7I5BlYX5xrPGGa2GSPFcsL0bbdOtakgqNETIyyRrG3o3uIFt5XrC/oE3/MGV9ef8/LD1t488Uc658p4qmSDMCteeT6lCAq1hcCdDc7J7vOjN6z+8+OqrmUB+np/5nAatkeEPCRxAF3GYlwWginUy2HyLy9wVzaLlQhZMLb5jwBTlyPsilPRUk927Cm4nxThxgh3wNBuUxPjyKR4MjS+EgA37qE/hODn0gOXGyTBMgYLI0+mbkeT1W1GWRDxaQOipVHDLIULEsJugEU7A0oYRhjJXIITxnc9JlezvSHM0MZqygor/jmngIIxgzCynH5Tyo36rvqdd6wLE6q1fPEUPhqiOw8sJyqEbuNO8cfxJHKY7OtPLCsIbWsWiUMGhp7n05sI3Jkm1C98jfaAGsYKBXspTJtHXvZ3USnbsqpPpIv61b/DG7sUxojO68ZFMecOaX9q/k22oKrQ7hdnhMBJqK3rHanSS/3Io+yP5w5WMlH8IxdNcZN4CNudOe36CcIHgKRjju4hOPEpezi6dl1vSyfENJhwZLIp55XDtBykS/5Fn58y+8pRz/GNMrEiERj7sMn0He2HhuHimPsrK00Ztvhv9GDiMjaWwweJTQOQqeiFzvkq40qWEocRODyDmJlmXE7Wi89hVwovVfrSM3IpjoSoyZ8N3HIVgOA6dAS5jbLgENjT6kJrBw4n2KqdJ2aEM93gji9+M6X+jBuuPeLHr7vED0+t1g9bA4ZGC5vSu6n33ye2upxJ2o6nh0BA7cFA01u45Uc2oIgj9dWQlGU3tR1ZIZisNfXZISODynNBvKoI1DgoqqZ3v6fVX0/CKvbyedWUNO+HGfd2yYQzTjjFktOOx4fITF4YyDEWKqp5ZREHvn/3Zv3zy2KOaxvD8FZSkKmDr5iXVPXtQ1qCggKpHAZIFquz5+T1VPLl6ZAIREwhugOWxPZALu8TS+qsYS0k94dtY48YUTb96I9lGMqGb6IZ2aD+9GCh51Itbpl3MVq1CYCYs01TxQu+PGrJja/PFIU2P6v6zFnjlbCK4MSXyZhMvFbmyBcmN2WDWS+diioxr+dkTZtLtGpqB31zwjxZs9ry4NI1nBcdMJtrMxliDehvcNFpTFJ0zFLGRf3Z6+/btYs0csPItOoo/oUam5iI5N2h422uHt+jSRXgbi8pZ0G5OE0wjXqIgjdqmJarD2+aatnhFbMcgEXDGETprVtlX4z1yUmNOWrfvLzErYoHq1U//5M/+6e//7vHH914H586icLNNfrzfxagzNzCEZffB3LIINAI9PCHMzCLyfLoDMTr96MMnW6krUiCDQrv3ffjgJYeosyBxW9CZhXrj0Dyk6VJ6QNVb/IxfmXzPiula9FbgCxvioDk9r64w/alFwmj6nJPhhJK5Pb79rqIQj95FjWkFNiEsHmSr7Sb0DUt5FoO/wXAq4QEUmj/86LlyE+vrbU51nbEketSrmw3byrSul7E/PlEPnjx+9uy5p4zf/PDdm3fv3Idkpt3XZXk+IZIN5TaSFIniIhdY46qlIh2BiEmlsS7BMG9v1y5uE+91tGFk7UmipuBqavsP8McaL3XBlLTHtDiNIvQywT65FQHb4GXWqpzsFmN8/uxZqFBlqZ6gt1dAI6tth5S34Gh4GZwEeee7H1pknPPkylNa+NZMzQ7TuHQKLfBM0xyt6/n/vkJ3QiiSnJzBQFC5WTEhO3eRBet2tB84dxFcKihzmNnHX/SnGUiHVSn6cVBtWBQJ5+HkgOcVoUjMZa9+RyRK+XllQuR6BeWMbjV5IMWHKOQjSdNVwCHoegdi8RfMupddnKwJsgo52yi8pgWVbLAyNQIzwMHCKlHgxf4mdLbxBxUSQxsARMv9kQN8D/6I0GkViO1WWPGBS8dBxk2MsRD5lQ2AF0VF7p1hgUU78gArtE+IVwuljTVX01jXgSy9Ap3EmtrJFSOmXkgcgPxAyJ5i+lRp0jpq/UPVhU94O4Jf6hFpzlPKBK21DVsCnL+cIBQ+JWr0z5E4GL9cLf/H8xGhUNVkRLIRYeM8Y8ISvZAWcvvLMKktHUjMFVJ+lMMVqqDEFalNrowl+c2+3RQ6QpEfTV8DKnWMTvr6i1qSQxkGJ4mZuOGf5mImBLLiI0IHqrJjmhdiw6E+DNcAiFai8+E6OPFCiLirPfKDyIRc+QtnU8VUHoaLZgZwhw8gdbiqbalzSuwVA582R3Xoa9eS5mQMnwtWBp/FfHdDV3+cp9RujwosucKc23lHeukoNaAQ9De9SK/kcDrX4rNL7/2gGnrjqWzf+IizHktMPZxnmUIxjfxa7ciEg5rya32wCEwjm3BrIVkrFnFvtIZXRHOc1XhRynzjIkYZPrX3gJvOgjLcElPAPGctJc8EVMef61TEJFbbqDgxcqGj9GUQxU5qHo/1RrZQrXVqIpWqTB/+5Z/+Fe4bSclliHow0XGr0MjQEJrQx3vSVN76VmNjSthXr73iGl/ZjtO1lTAYixNseQNYs1TvWxPWoA+u80w8tohOz0pRzbEJJhqpootCBy2DFXTWuSViB/BUlozY9lTK0OiclBewGrNsNrShE0+BmBHzFLCRHmI34IHJpBemzOqhU8mKsaET2aSftfpiL7yUD2IBqJjveBqt0JEKQl10StqoFd5vIJFssW0HF3xmR8WZAPWqhyeZLEJ8f/vmu+/0lI3WkGTdaiLlJwvVN1+ZyRlH39+MLrVFlciRT9lRDUAw5AUZlCXzuC17ATFM1YYmNVSkSshGT1PrlJlzMByFE1LvD5d/LAtqBaMwC2EfP3v+9c9+8du//7sHXzy+b0nbKBMwsmISpNcQRlenPwd2J5LTZuNS6U9wK4vahTIfvMDkg5cvfq/soyfPe59e05qroZjDJIvQmGFUAoTGrCg3pBxDnjbEuZmm8xvoWCed3vtoGSu1cJUPt3Zo7x19c4twNfoHLJPY73BaSNgcgfjYKJi6DC+kxWzOi5igPGybuE9vm1NpQpn5kKfNIYUjh6DXDNXob4ZprrhZeFluFTx2g1cPBz+/uX777t0NFcUTFJnR0YKEnmZRBT0lc+9J+kgNdQrhSzPVaP0BiGTjfsI1XmXpoRu54sz2v6SVqp/NM+1Uf8++jGoTqHfoV3N29zTj5BKMRzdr87hKu58C6wF5Sxq98NCT3c28z9IWzhrWTZBWoaShqjUt1xzx9Hc29by59ZrBWDsBSKwc8/STMx/3IluayxvnvmFDJJCdqCUQu6hlqmSf2JhzdgEgVCU4Q84Z5Os4UtYy77CumGwuVHXCy7gawpiq5t8dcqpWUvz5ZbRaojj6EepH6MsJgINLwfER4aj4C9XUW2mc1x4i4OyIWoHi/ngsf5iWlZIyjWOR2pDNGRIbztRyx3o6CeeBr338o87G9xkRwlWCjcsRi1xUYvJSptp34SJvw+yBiWPsk2hqX4mDqPyKa7Rb9RNlQpZas1OCWjQkEvPrieKrcqesH3nz3hhMQVmC9IDire8jSD4TeOWh8jOD6zKSLEL9ORhsKJigS3DhcJJEB9vwjuHorW2UFHi9VqhWYKVLNagyU5UZNknhUyJMHS4UG9uSymHf0g/0MlyMHE0w8fqI+eD4psUEwjvdVb8meQjuSIy/mQwD4S7Tf9Kes7ziUEqCGo2VHbtHmSsy7Z+ziPjEFn5q2+Hwj7+VGo2wnP/RRCN6Cq7o8aLQ3NF2CkLTWv30X2VYkaNiqPKOKOYmOdYpEdYlLgHQ4b7kWESOe+xkpOPgqD3nnCDjL/xOwtnXSmS3NHlBOc7PudPUtvJznKalNFOYBw5Rq5oCmI4C1GGU6Jt89SFO86WajcKCHsDwFoiudf+6lT3h1ECGrrj2bdiKt+LHr3FGJZxsxVcpRVtyU9q4bIoXcARjAxOOtSh+oE2P9YitaGokB1zBm7qB2ca5nGVXv1FfXyfu0tMZ7dH0r8fN5yQIGHWpzWAa9oC8ufNKNC6hlf/Vz37JSCfQka07TbGFOjpOr6zVKSRl02Dt3CZCNFjYZjEUZVhRFFE70+hOGygjh4+xVtXXlZnlhDB91yDpDxaxNchZaNU0n2DOq5PX6cKR4Uhk2SbY6Zj5EdgAB720dY56PyFGeR3/u+t3lHH11COZV4YF6+GqeJmTAqifOJEgDnu242CP2hBwTRpGDJqc+IkOtoBPSWw3C4teDqMSJ7qOV0fFST7Z/a5X3+ZYhoLm3ZHzjorbllSqR7e33hhy+93v/wCcxQVAhR/461lXlwhQvCGoHMk4lB33qKh3v8gdwoszEAZZfrxIptv7NcT1rv2r574iuegEmVVGL1KZg6X8WtHYZkr0U2gh/Mds4/zzx8dPhaQ2i37+k5//4vvf//6zN6oBg9KoYWuGaA9X9iey4ZEJ8aQhLDqFNmusx8EWNrpG0VtkPn58+/pbNxBPbJwuDLzy2HhORVfkEuObXTW3KrzcSKJSElMwGPPIFzABcz6j8olwCnJMjeadHkNZ08rLyLSihORUrOwpZJEZMrWAZVJQBdO5dHAEIY77DqPdYqPdReTogq2F191B5UPyxJHo9eBaZvecvgFEwZoYkLfXwOEtUgWC0+7j5y9sfu5GqX22bUzz6eZdhtjDywwFZ977IeDuR6yYaHx7ymzrJZV2tRrLOUxS8xLmQAoLMOBWwZ46awIeUG0TeyYsRnoAyZMo1NhTzgWyTG9jeQP2sBHCg8y1Kw89i909jMdWclwaNezNdPy2p/QYl5i45T0Nejnmdr018u2b5y9elLDMtUKYQVPplDwzzefX7NWgyapJgyMYNvGrzI+FwlXPkqHkDVOnnZUR1tomULXYUp3Hb3WkweIRnpfXTK4C5mfEQHuY4isMUkvrMty+IB5qbr45hexV6DAfrPoDP2Vi6DBD15eyMFBTiKXId3nKnBAALTljL3oX4zqJtdhPBjimmK5jyjGqZSgRLxOxKx/JozepD8g0fViVO7SHVFLKpKJdR2u5UYjOMfGQHrJh6uzQwB9t7EhNSeg/GM42zlxWoqww+uQMqYHkmWpgP0ItTRFWipHJH1MXHCspMWZ3K5q80/nhqO/DeHxQYiXnrnf0wwlBTZaTfeIGu1FUq+q8p+6JctACSDyfAM9DKuNNNooH91F94oa3o7MR6qJERp1du5ZAc1PGIBWMVenpJkUtIaIuS5cYhuRNHSr7oMK8vDGpUODBhsbh9rpSnU/XssaiC9TBhUoWnXR2SldwecOl9MocBoOeSwfgGDtlDVEpO8aCziFvOAUhQXkYg4jkUFSzh2lXq1d31xklkyZro1JDccgmxjmUhXio/axJv8sC8CNXjDflLu+wdGFM8QtXEarXHEPIHdh0g3cx07SV2hL7jntOm6sFhbx4Z+FJwYKujbdUu4o4JuPYScbCw/Ft1LDYRfObDHNgmeuHikyA6WRlaYjTdYde2dcaOCWGVwdFfXU7iq4xThZXNq9IDEMkteNVLVLnEUIl3wqvZzL56LfdT4QdiuoFGrgylevpzEWbCeChYbGIrufz51/87NdewZwEy5gCMqQeCKIYPnYDWg+hTxUcO8hSlyNcwW2tjylMOtvCNTTJcHvz9vHLL8KVhiGrj4MwnWzHFmGGMcb0NzXGcyFukVMarGJVDrcJvmoHyxn07oasPlv/pYPNB9/88IMRzWeWuF0ZUhKCZEdgDbqg0bCwSLdxQWzUSYbRQrSWlgoUCLdxoLpeCqSHDR7nQtNx2qlIoZJwRRiHbq1mVmzRodEXLtIkaRgKUzIuhsXIb1+/7mHt4pzUwCixsfFE9i9MElIzoqw6YxHXooReZ5e31DSeW2FUeFlXi0e57PEFwe40ZVIwr2GVzS3G2QL3+aHR3K2zrPkz3HXtR4RR4AWhdaDXt1ceQ/r03nurP97efPfdty9f/cKQmsGrFHVuUjIVDguUU4yK3bxwEVdMG6vbcCNJZXl+9u0Pf7CU7cqEdTvxeUWNRQpNy/IaXoku52Q79SF7UIPiKHSDQTSuUnrwVVpat5AgZ8o9BFLEIEjrEY11tpSzIMZraNjePu+33vSjMqjsTfcTsHQm2wDhIkJN0WlwaiuUdW+FC0ZKb57hoZ0eR/aov9jPxO77nkKfffK4KW2qq7FhfTAGB9HqBunzfRvftJABqxi9b4vp1zhtkS65/HF9dr1vL6Sr+x/sbq1Wz/6EouExBnk+7OXR2PLTHVSj8hveo5hqfaw2lNqbquvFx8mEVaLa32Pq7iw5RD2Jmo9Bd3HhtXLx6skzr1s8mqn+Wr/YrkSINMXsqFT7XHrhUDcwCGKQi/XOvZ/9LLHDCoGcLLCmvvrLgH5WN3FPC4yxKqRE9juQP8qZxMHkSbU4nVbhDkAJGe8O6EJM7qpr3yNRyWGPJwhWenx1FTuHCOydRHIFaG21QAI1yzgaHEtOtSN9Bw9tPhnMoTU+E0byqkSAF/AkiZE+ozX6Qx6+FBQbIXLqAnG5WTZ97mQN2VGFvGFRVDaGQx1v2KEBypByUF4QLwDrPHhNWA1JJMf7CHd1WgCGTIoYSs/RigR11Bgm+uExFZzraO3Mzzk7/I9I9SbIsRmfPAceSMalOiNJQ5AAQxTW/eNgTtXFRB7HONgR/1AP8mjpInTjcYtSRuBoLGEClZRgTBRZpynt4FhicBdHngJlGkEcRPTG2kXs8AzFKTObLanypKmtyj1Wui/lJt9Bs1D8yJKGhy3oVRZmqVorUxF4hiRsiRM7Mnz3c3SWybqWmz671VxViCgY9fICLy97juRBFO5su46jstPmZBgRBYMO+HJE6ogfwa5C7reLyaIeVZMu2g269M2XK+gYJkkhP+SLxsLi7zgCKNIkQGmB7bgrEZKlzZABHa+XhlZG6I7ZhQL7LcM/nujiIM+jnU42P4NMhoOSE+tV4dWxBTIh4gF6s3vm7vbMhAFDJWV6IRo1U+N0LRf9JEBBR1yw6eixAyys96Sij+5n4b9UkvpxPanBOUEZM5l7blgACPQpoZDuaCGchKjLTT3Z1FmZOTf5k6G2euaJ+8UAyVCA1ZCEXH1wnaEOTgdsfrnAQ7uuBzOD5gnlHmCNuA7vT//sr0zKmhYkIiqwjZjTwpzmFfF577OHDODXR/o2tytC1WkaXmjMoSm/Z+vU84/2y4C6RWCez52SZuewbSgVHYyQji/XsjdEtyGbNMYxaJO2yCUYgKgXlCV9EY+uqs7QBU5oe7CtJbMFtHc82H3myVPRYd3h1DkXTGc69hyEPikIGzpAmiY+vS2UojtmTsP+BApo9ZDvOF8MlDlkL7zAsHK52LFKnmHMhywrL+KDrNGu+58fP/aO5vdvX/+Qeicd4Gys9/aqvccIFZFUSRp6nO49ImNkrOm+lm8dQyvMfqF0tjgbFvgoKYl4Vy8edCcgdGvRrKZSOiZjCVaxKb1SG7322ASs1EFUvtpOQ49Mgzbg1wI1GyQ/f/HSOrb3198/efoFZRelm74scsrTrIpjEk9G1C1VjXJZfNjFBncFzPz20/03xg4/vL966m3FNhivFnVjkPC9WsZehicaNHJLjblO6+2I1BAsMlAmNOyWlvIWRVTOmrRqQ0ortM9RetBntYQ9CilZ3E3ILT+MXfA+oi4D56lxClX/pPAE1UKD5lJZaqADcawHNNJzFnaosDlcKzPUDv7vCRXxXLK37MTj0r2aO3arq0LVYesNe2SOV6OztR3egHIrwvO4Dvaurp5lwHout3END3P19i19YMOj3LIvAfePQ8Kz1xrTmqUKEquRw8ptHYi1wN0VqR4qQArJ4XIDF0WW1oAKT9GOLbl79SKf8Li3qFGB3UFee/0iaT99uGmElXP2XBqCGvL8t9ujWhgjiMfl0lL/2hvjoLD6p7eKsmVeV+oOPMfRWGPEHKkOu1zJvvywVuCzcZCgVrp+wJFMYS/fVWkjuV+AjBKPOyJdNqxgTl0+Jfcdi8uBD9WkG12FGJkjSV1KHLi68BSTZUqQFIILPxQeuCSND89kuvgBEXmcrDcAAa762fJNBWKwg8Hzh5GaIim9zJHJ2eiCZsIXcOlzZXpRruhvOKWuilUHY283TbSYfA1UAKvx0fLGaZwxSkol1sgtGT+SSjmkUkncLO3I41u5WupcsezY8a1U8k5uScVsqWMdVEypIb6SAgsZcPe+1HHwyZOULBSSBAElb8mQx1ToEjpegx9lpylUuewW5lEDnKNViFElohiBcaJ0YHAdAhEKSVLdrUEcTExdDiCO0R3tczWz4CPSM0RNYBJGKdagdoL/aXycRyVuSwwmwmlGSxpmzNY3XQQpIyX3GwfgD+UhrmxIljbuLmfOh3a2W8Y0iHDl5wF+Y5y/76zTgyeK8vDoj1qiTayLqkYgjqPQd/1D4DhZ+ZVTIkJxFuIpV8LBIZHq8+yKT6yAU0VldkwuZxeeLqlZLCJrXwCvdAl5RX6j5eFRpVTyj9mTRfLiHxd8q6oTl7FxCqxmHq6KpVghUrxdFWUU+HXPOgJF64UwI0hBDA7slpGokSpW7bUNEx6SFkRqPfPCIo8CoLzzWLk0ctUdxnPRZBolj7E0iE9QiAgaBgJRjokZpTqiqKwGhzQJaKf/xEdMPa1VkO1gknjgZuM3nkMkRFg2vAqBZ89njz//5V/8ywAlpAoq1QvrNDwYnzHf1ykKNL2UzF42Dy35qo4VCniDiQcvGiwRXlinf4Mt68biGVsEutIVKtVDDJvVxCie6oc9Imo8JvjaxIgq9KN1sEKGun+LtHT8p0+UQl4h9hRmhAa64u/Kkhmdm3c3thT0LPB0kipwArr+8ChNAQGQYKqmuerPDmbf8RF5QmWqHkCm3oUWlObqsQimuoFXfxSb3YWtesBOs1ehM49TdTzH/dAKLqjYWo3Tib5788PbN2/XaA1Bxog9xChWdM4ywiBhGWY95WDYR5bQ6nHRkF5qJIQgDDiC1J4nxa9Br+28yWonBpn9L5CpVT0Bh1Z9cyOoPd/Si49phywJQdyUXw2QLuJ8/NRDvp9fff3162+/ub3+9urpl4tWRVQ9/MutU8Rxs+5PKLQ+hvTRpcePD2/fv3n3+jUprp68ePLsOWAgqwqsIgZlD5o22ua+yq4u7jREYO1DWbjGu+kjCWsisemE4YgAHIkciS1yzBmOmlRAfDUkd/aOqZp6HNulOyT/vfYwLShj8EwYfvaRgYB+WnSYnzSsS9k9dJXz+Osuo2hK6CNUM55rSE5z4X4Du8CpLX8Xk9k80mID2ZRdA2Wgjo4KS62cQNRjJsbqdNDXag02UtenJ09efHpgWx83bJ9s2YRMylWef2pDSHekrAlIIEsxVhRd3luPU2x971Pv3sEKMs3+eyym973ggYrzbSKobj3oLy4XcabF/OHhA8tLGoK30LO39X2+ufFIl55Afrt8o4lJN2Q4Ydf4impsyjE/oKhnu+pX6vNPQdkx6ypQV058amFKVGkT5YKnJDDJ5jR1zqJOZ5AknOxldHJwXNBXoNIHR1k+ErhkijvQS5bWkTtlnpjpKlqutUg1kPmHxkQ7jPbQBAGktryzBI8HP7WMtNzlauSQSYMjEcfKpdpmwkD9wnHJi/T+RmdFYqJy6bYZo4pMvEA6jpIOWKQmwYXDZVeeQON6BZBLVTFHhCRX+jA8Sse9VmrcTIrJBD5epTpgwGFohywbVaavPKmzKU9+IlbgACJyYb42LG+IDYlS4Z1WMsBx78SdpidHeA+6yEUkfqSsTWCAw0xMHN7iu6u1dvExFVykz87hURpYbDhwUkJ4fZ0Cc1TJ+G2mDLhf5QZ7KRdbMkISO5M18zqdWaAir8u7fKmTpes4lNHPfiN9cERpGTJ3OmQXYp2PSyBBrWqNswPbgrZkCG3MUVf48uTKuY7pFV42iMQa5fFxqB+WgEfjUEJr3Ne+SA3JBWVXB+hAu6iFTzFRU6cvTAeGqzUBGEtLh0Rc0SzMeechetg/rMLLSS4qXpEwha5KCiYWXHVIvugxfGtOQEgtfwyWHV+z5nGlIWv4qZqRh4Z6DpmGc0clNaTGLYoRnd99T4wAACAASURBVBVpaSKax/SYoYEuYimkG5aIXuGIa2MOumgpruUKYrBUG1o25n3FGq/sDqAQp+6tdkUQpqvLn3Qve2jXT1wNi8RYNKZ2eZoBVQ/QMnr6aJMdaDajVwqpUsxkQdddpwZQ8SoDTTAWzGpfUZ/8Bgk/WehU1FNBLePHF09e/urnvyb+6ZAqjPe62zgClSEuViosTkFt3+fRAcwEdGXfwT3jiRmi+hbffHpkGObq4+0trqTEyDp+EMJJxBLDsqe2m2nZ4hiGrIOwjdbo5iQkYZwk7EKD5tpKCYwNM9m87fbdtYGZV1999eipgZkG4uRxVnSgUNwcXC6U1VKYXt+L9UxnT2JhLvUWtThafJI5asD0u2kavfRSo6Zsdi9GISwSOa6OeEWKEPS3ymjiBV9IGDSyAPH99bUwpuM0JLFPTqUFJ/piT+WEb6F7PUSQ6Al8zR1jhBPzOa+Pn9OKJ2fdQeDQzCU3adq3Z01iyUCXWCVmiAOV4Kkx8yHmhFWGrEXkfPtMHlduEPr+W2aS8fzLr9/88IfPHz2P/IQhjbfTD+r5VeeYn0bw0yK5WF6U8u7dD987vzLHaoEhJffcSoYQyZAXJe6R8SgBI7I3dkXs7CUm9hLpXiBjvWMvs65UCuomCt1qrEUCRFM6VUlVaobJZzjpannz3VEUE9tbBmx5yRxQLU+3GT2MlnM2gm6IUFk6534NdpLSooWVEVRm+dwij3KWCUHnq+B88qSzPXtvdnZupxi/7b7jyoAxTXx4/PntR5um15LgejXffIUx3E+Pn13ZFL1XLccjbhViDqUvFWFNZ7sg9tyP52ZyOZTltnV2A+s8r8e2GpvM1TVemGzfgbKs5VCXZ0JO57aBZq5s+u3QWmXKxIspQ6LX74iPPbdJM1nZiE3uVd57H23c9OH65unTF3GBt6yYTlypYRnlUt8qVY2VeRDMRMESVGolO8lqri5AlNalZBmdpI0l1AXNTmGo/D5EOM4QDoArnkhOQlC4C7AiZXcej1BtrDDOjvuGPNL55iCPw8y9RjB+ugqLb3qJrQy260rDpI1oPWjnGt/DZWoBXpOCn7gaH8NTYbqPO73K/DN09FHT5yhjLK39ggBR+SlVSj8+a/qnrsmpiIJVmSQCN5QAGXnKnwxlhTlv2Vn8kvpE0heLyIlgOus0bqcoJx13iDq7g6mZx8bYPqgrFxORuyigUC/2pimjIYOWPalXSiZau01jYvhi5PJXXVZ2aZMgi6ZyXyc1zVcbpKnsENKbbDKM6yixVbKsUAXLr/immI+wmK3IQXlBDlnCSvOpzU5trmQHBy+qnV14kTvxukYPUdo5APmubHSVjsGcSqdVFxeq+Wm5si40Qkuoit19nAQtsSLztTsOQpO8Mvpay8krkBKGhDUfO7aJC/8uxw2XKqfLVH2Sw0+ZU2jA4c1PdtaFDzuH2edynLO+p4aTOVUAP7bpN4AL+eDOdT+xkRlPvoTpawxdJA9WdhArGYgkINPJyRmWkjJYZE+hiiRD+MvFWEZwmR0WRNbl6YMWpBURig6tXIego94deJMmWVDHcxDpt3N1xBBSTaFFUCmYzTTQErU1rYd0rHXDH1vob9Va7NU5BodIM6HOdY5nQGv9Q+ORBqzmL1myVsA42Nw6ZbtEZAozmlQzrWPL8N24admtjKo2IiQLljQAnePT11///MuXXzrDz/HKKSx96hO6I9BFGIWoL28Up3Eemw7qk2yQ0TSxkvpzy/lvxQfqZgNpDb8+NBz08YH3qlkpL2XBNzk9QuuZFrxCSH69L96NgghRT78bxmKOvuuqdR064HSS0FKsjXr/gTWsOwMjfcNpD7yaVikPyXonSC9EAVuhB568RqjBF4JZZmZ47PFTy++MzFI3IJGTqUDy6+kzIst0N1ALvZqa4mpLcxgBnVOcG39KqJzHrKAHAvS4BTdK0NLMnprNuHoH283r775V1hBffTFXazzqnjGes/yOFoQwMew73IYs2zaF0AYiN4qMKIBI45/yQ91fUIxK5z3gYMwKdl4bo61lyN5n8rQ+TvH5cc1YEsgrgulVyFk5+qVCYTALlSI5NyTWI755/R21P3n2CncAikNMnp7xZiQYCn7G6A7lwfUPv795550xYFvYIDrMdnYXOm8lwT3rxScEVNEzEDnXaoc6V23SYxchFTVQDsVf7E9iWt/DQCqR6K4OUZ1twL6Hssce6fgpbzINblemBJouDb4RtAUhDEo05nPGaYXgHhUHp5hlkgTnCVskaoOkNuIhHaRuh5pitz2SJ5Df3xBQAe+5qWpZcfvRm+pE1TadNtZOnJoLZVnJAY8Q98OHt1II0RvDbZDOuI/tz/jebP79z08eWdGSw+FOmRwhx6aIEqwIfScNDG6wK3arxjZuEH9UVRkVoHsMb6h5PM/JMFGpqRtEj/O3FRFJmcPQ9aPHT2/ffV/4aEC0tu/erbHWazc1N41rToaaR1ViT1znhAmVFCYH3r17/fLrn6r+VDRBJVddYjmG9CinRPD5SQjTfy6x75LkBVjWvpU8EEO5QnlHeinLWaeqXklOKnkySqjZyNNn9jKcHLKhjZTPcEXQUaPotPow8PMTpLNxXK0ejqh1oJBTLWaJi458Of6j1bfihTuag1LYSH2MbjWl3/7XS6TdoSh9fEOg876wBCkwiKKI2yRczx4bK8KvM+80NMCJHxun3HpHkDU8HfFTldtFUPugnMEPxmSqRXPlBB3MJmgUx8mwD1N0U5AUOkz74xRYcX/Yy4E5KrJrIwMLuXSfiRf5nUqVNoQpJoCuzwFJTEhMG53GQw5ahmq93AFMw5Vk2Ew88Pr5RiMOGknO48yRvoMdH0vxsoFRCDMeKjZhO3UxNAFGe3o7KWV1dkqFvstRuZwOj1Sc744UFR6wSaqKqcUxW93XYAVcd5kbHJX9SLMTh1QgWgyukZmU7c+JUmNzl4AodDIv85QtX3b2gWfmcx3SCnU4CSSYLDUnPWiDGsiBDPBIOKgpQcIk7xt21E/3BX2IDvW+ySliSe4xdL4v7E8beX3cHFqHrxzvgI8N+oyD40pxHXdx5TftECChlhAerZauA1YNaMMwMVQupGtc1jJ02j2MApmhvsZYiI1vBWs41vQ1yRslx2r00IRchTs607I2wtHIAzSqQY9rOBi9qSmrvWV0w29cpOVfzeLEJ6IsWnjIb7U2eNXr9dvI5GJSEke3Q1Axe9B+bhNPIcgrEM8mElDNlQok8pisoCE3boEju9LURgCz5uyhYRyh369//adPHj/B5OTPZo4qn9O6E4Ry5GlWznpy9Hp32Yc60YVKdndOjh5JltxITC2WBPshtxAvpaQOhzN8x8IIZkvRwKIgdjLURAcxXvsV83Gyn071mPTqUmlHm+v09mFc3X/ww+sfQHoI4+rps7i6Z019Gx0zu/BQAUA1JJdQvPGc5IQN8V4K8klYSVj8QkIMLOIh2ZuUTLQYdxn7GdkD6qK/7ie4dm7mweWWppGmAR1OQOaCidsfvv0D0rp3pGDhVnM1AaGQjCkoUoCnK+cxxovZNkenoVCX5b5lU6g2IqEWViz9ocC8YDSwJklnqPzioRdbMy0WDCgilaOYP02XSrjpIXLekLfCXcMUe8X3jUXRhnNi5G12aXrw6ItXP//h+z9YqfbRTkmEoI3qYvrEv3qL8423fX739sZLFC2f9PSuGyzPQNAP79/oYYWEbqJho2uMxuswx1ZVpbovkZYmTSgc2hYnFGpnJXdai/KZvrHeh4+eJBU3o4CiqAZfT42Y6ihv415hqMphbu7EaY1Hko1K+YjHdNZ5Y68bKpuGNnfAV9hu9blWDFo11MS7IcTcH+tXT6rNVQ0Oaalidxf8qzFG4/4W9m10kyY3RVVEiz23A7e5iopWLVXw3o3hwht8cwALQG2O+MEAI7POu0f3rkUk4KPHIrfeY91UO02FJbsWx2c7/Bgj7O2FOCi27rE0ipyV3amw1XhulFxxNrz/9Lnt0C2LvG5weTe+FH5zzWHd1hAx7yJljWKllNtGB9VPcbn/ezfv3uIEuihmgq767wtv8YdT5xolXh/f0i9gJQVasEKWgYJZLsCSJIYkF+iLHmdo36H5MX9F16bWIKe/SqIFmzoVTd8xeshDFeJSDkLJXcav8supnallKS0fjP7qSUiCvXAaSipa4ZFJPk5X61Vpuk2CylQSoUQZtRhyqsWTGfgoGNxNUYMsBWqXkoYDlmgNZ7jWiU2WauMuV3QcHyFrovgMVKODyfCNg85oXyMCq4tLYi6SQyRn5H2lSVeO1ALT+tMAQiwVdlgD3rczvgNhKH3gC0x2gjqUu/yUz7sAE2YAoHOYISUvTyzzYth4BjW8sOAqbC4BJWEZcTG2DguHxZIuMoAYklgIbR5zKEwzRA+wG6b4KW9izULDPwJ97ZPo0e/I10tFed1yF+MrdU7q+pXBjnq8KX3+wUik7+Jo8LV+dV3rFJRKThARVa6iXdHTJW20ZrxYX7WaVQFqe0BX0ufgceoA6DhczM4hicBwT7MBDGys7jSISzIdYnZ+InWsyQE6GN/Flc7DwNLDODYyW9aMVwVqQv4Z1sNSGEMaWD+hOLhO8o/8O1nhFDRgCUsZlQpGQ7O1k67HFKDsVQ+UE1w8pIKhiflTPRuk3zyRIKN1UM3F8Ew1vxDG/8HTIylCOL0IBCjXgBTqBOskTfE29UtT69D12COmE/buVl7oVrxBmwtK2b7e7QSF2AsnVLEMb6jwTyHCFy18iVGppfbrucK5iEJr/idQbOxpAl6oCddBFh4b3vjkCVYdlp61Vh6VXOrzp1/94s+0H4dvBNLbRJZJCx5e3HXjEETYmI0l7e+bvsyHYWkccbVUd5KqNuyBOKx2w7lnK2wFSb8VdI8+PMCJGWbPbbQScK1fm8YVjNqLrpYsLVza5SnhuB4XShMMjPvPj26uvX+5pPgqSLp//e6tHKHq48eCGLypVdVEo3OCtIVBtOpphjaRyZcUbABJ7+fCukMn9rvJhGEsXAMnbBc9kJXaM0QacoHv+BBRQtZiwZiuOjey6H8aZp7FXu/fv3vzpsAfohiGo+lkjqff9eKNNInPeUHpG8sUMwgbI2Wsi5fU3IztPSSe5XLfEywWcHrxBQQYm3r5WHVEECleT0ihfKx2cAnhk5NGhaqTeM6Ip2psrKuHkBRMOdtLnEs+ffbq3ZvvxA5XVwZobaTc7ow8rprFS90x3Lv3+rtveJzdlIxL4R1/YKjasBqPJpeKQjm4xYMnOdJZnVrSLA5e/AinZnL2U1ykHZialsZ4dC63IEcF8EAMT6zlY0vKCpMVhexY2LwaD56lrO9EFQ8N+2Gh9ZcYrskOLldnjaoWczdXXp3BsbgWO0qG/KwKfZIsXjN+dfX49rYR4hQQTOwpCC3b2FPKBCwFi+hyUXQ8riTI06o0xu/QJ/ZuGLsJ3jx813jqY2t2vcpZg2M769oc6Jhe42GJ76P7j9/d/uC+pQWn8gT43cy0TyGG/MNoP6XHH588qSnSiMnRTGUE9t0QoThVTgrfLcmjJy++dA2J7y1eqJ3Cl/jQYypgacYjVlQlg1z5WXUlpWcST6nbvscyRJ4w6JJqu1a9UgQfTFI+fdF0tiyjnPL69hveAMubaVZMVjxc6l6nJ1P5nfs6BSo1AvMAyPtdng5vVMI31oMcr5UIbAzdcTOKFzaCHFOR5UX1chx5iXVylelA7CLdHVMl0WPZSVvn2fldiVCEcbyv+CjGpwPHq+guLimgT5GhCGKOe6EW8GSEUk7FonU5gxlZXz5p+9CQDW7QaR982pHYaWUTKXUd0ZZdqv80koIDHLTv/UJeakgck+M0dl2UQyMq4DC4Oj3bwXBohj4O41iZwwG9V/qP7hGmakfaj/MR7Tuu6qvhOC13jZe0wKN8mABwBhTiGqHsVMMUgkmUt1c9u3AXWwWKSnguqurkIPOzA6ahOz/HGdTBFdnP0W52Hc3uQXd6dKUwLkqY+H5HIkk7r0mLuy6r+jJ9VkBKRCakhKOVNNchNY1cKmRclRA+QsXvEXnfiqTA/DT8Kx+KNHguZDiDE7x8pTPMXbayU3Vs1tIv55QMX2d9kKltUirqB0PoM92wDbKU8RCdPlHtMxyXXL3IKuRqVxl3RSdFfEQSwamW20V9aSGnhzA7u8x8hD0n0Y+Ayx0OMWfRX/czTD1BMZWVWlyzkmTRheR/XrpaV/XIDXsDShGCtfG3zhsYOJ+mgfRSBYYiDb11mIahnjsPnsuK2ODdUE0S1JtCEquFOOMoKSFolENeZ2IXp8fO0wwQLldQpjLEqm+ted/TAk5uG5r8bHbMLCS9kA5CQfDDn339M11E3flG+KJJkHmBsvVhJi6tptHPAcNYfIjtajANWejYItHH4KG3UUQf+sZEkLjVOYnkIhnmAmG6FAw8tAkz7nT6bQTN1qQmUdtxZ3edlsnJelZDO4eAHnC3UtNG09wN8pU26r0f9q3dFu07t4FAGItF5CKTTE4WXujqSH36XZYc5+xC4YU7ZKQ5/Sl+vDuE8SqfUs2T4oN5GICmqDYF5CSZorC1QjSzUFrg1shWVv7kUZ7X3/9A7AGagjRGiC7ZaR3dpA6dnl359owUjdROrdL4dS5KMCBawFciNmpgdNSFPnjmdk4La/A6TymHpgwHFgqmaEyTwAmnTGfuFoyTGWQaGUyMPXdEYsq2dfJn2IzyijgDf/Diiy9fvxYjvv5030t4i3KYx+h0Pmtr5tffimVtDd3QbFskNpuZ87vL8nJhJN16mfrEPP+mjLjCZQzjna5SbDP1a0OiKM6L6ayDxto1NnATsJqhABRo8N8icsN3wDCcxVUZFa3n3D0r3VaF7AaBOPhU1tV4ZYC1PdDU2k+7T4tNeQi14JF35wBZ0mB1A7MeYfFgFtdsiUeM+REDn62qyS6Sa5dEYVP771RUpJeNYjre4HczINejIUDJLOwGIL27ksrk8blimKV6vsUga+RKOZ1Erc+iWPWlGnOahNwdiX1Ps5YqwqXZMtLek/WpqKpAXw3vPs3VFVglbjjeU2WtifCKQlCrNWFLTLzXfXTPEwpiMJGVtYYbHz59engGWi1JKVGpqD6mq/TQX18yZKpuwdbYsOG4TlNRUqv0ic6cuKyAYrnBAvZSFYnkpVgwQ5y24MUoUuHfZVAQx7LvMUhltQpdkKOkMLiOUqBDrXyd7ng5BSMDOq7izY//OpbOSlnxgyfcEYFgTfEpFBwUuxhVLCoIKO6AZ+SaQxYfT4hE87R0l7LdxsARByk3ji+MlVQ6ZNKdYQ5E9wAuKLuvdFPVofp4UaKubRkVDWEs3ukl7WHIwePipUZvINNyZ4Md1qilUmhLn/x4iU8tAZoTXWMWweqRxnOOVU6efCfKykyx0MV3ef2k13D/KHmiZujqhlJj/Uc0FVri0eYUIqnmiwa4ykQJoj/HbsD6dZc106I4UdLAmBvYeAr+wlLECUKE6VL5wU8NBwFIsg5xPJ3Dr39FtSnDRISDMfPH4SWmooRoJeEpk2qJvC9Y8RtSBr2I4qIjaEWnFozHeyoM9kAkW8mopoGc+YBFOaEOQEwFlB/dFe3yICH4OcI0B/J7OVzG34GEu6o4BnCMYqdT8AHPHHD2HQrwEamZOPkTqBz6vbM4k5W7kpVd9hIuulrKEPR1vAlchEFUmiNGl7iKy/AVFjxIj4eZjnZ3mrc1MbT7RdkNhCy8WAl9bQ1RVUW1Ufk16/RWN9Bp4YMRvTX4sO8RU+UmaiJsVBJrmEGvypHTRDE+pVW9dCf4x4dRKFqCtscXc69mg1S1AZhNjIHUPWtmzolfQ+sgeVgZqM2RetlH83FGEUV4D63P+umrX3z91U8rY1CneKOuIpVsnrqol2QLAQUiepn3PQwhWLIsrEEwfAXCsTGGoWKQz6I0IxBtQkjPlKZnFMw9Ls5Td/RLwsOmFrPn/L0KMCGagGsUpnpGTw1MBrHMeQqlcyhKnpbTeNUlw/ai3HfvMNkkn63+MuoRP5/HrYt1v2kuJU3hRlmWl+4lrRE0NZl9wetD0yv7MkTxEwCze6FSnG7LSMK6tYQv1NjgSoGrgzbEdR/tzugRZow1fFXzk3yYSm1JWTyxyG+Bc++VqToQcl4HRqCQF+dCvKKhtWJm7pe6mRIiitu8MyCE+ESeDX9M75aiUE9sujgM+t1+LA5GpOfEQ5aaGq/qtz964hQ5bF9V5fvPXnzx+ofv6ME866Orq/c3Nz0ZcfPu+s23nPXq2ZewCXuZsGGpxoOF6RajYghTZ6YXsubH422tXVV/2WksV1QoN2CFQoKE7EbLeco/ge+C7xiUOUEpzF5Cxv6Plugk63EWy1UftWPRsTjoNKkIDfSiHZe46DEwL/LeTgIEd2RVtQ4S4rc+zzpRNwyZFTz56th4K/3aTOfRk2ejYkDx9v7VZXTWAj84E8Kb6/gGAWzF9OGmx3WQR0MNin963c3MWVtZo5Kj4zI/uNhCgSoOFRyHpl1Dq6wjQbCAc/dLDQOTrf8kM8NAX/z5Q2+FXt2a3WuhPj98cvXMvPX1WwsQa0OMgr99+w6y6+u2uMGdYDHdYH8WyZJV9S52gkYPq4lun3os7FAtc2cpcbzMe/CzOpP6wpDYRAxiTRSGL3pgGed3B/FBSttvqWpCSIa+4qnokL6Ugb4iqeAwUhuRF9PK6l01p5q0JGrGZyUCzpsO5vl7PJ2s+cRgFF0DcohGIzL5bdXdEeGsd6gz29qiA77EcQ1zfEUhjGmNL0yuc5X6qsb+Ysmvr0tP67zmioeOejkQVMJ1/nKHIuzwL9ieesoaUAirWqOcen0k3JU+6MO6dJjLhZmOYmU8rcTwlDdWahzLq97GxeFlZyWMXql8yXfyH9IZkaYON0Mf+EWiNHSOlTgKmfI46ZSdGxwOU42CwYQz/pMiOIkjmkbAYCOaQw2UzQ5DUucIidLrj6IckxddHwJhiES5qR0ATH3GifS6hgpmpOiOXMBd+UZuidP0Grk4HbuuOp+iO1E290qlc6YY3D8vKDsUHZg43JVZBrJYlNiBJtoSZqHhCIrcdbuO+qbgJoHifkeyEuBiJ4GLTkIMIqDBRYxKIDh1YIgToJpWmXABhcZFgKdoxTpfVl/71Cj2H74LwGQcVJSddByQoRyGIVbmYEn/na5U9rrgC+sQaMWND2Cn4+gqIcpNaXfUgo9mzX1xmCgpIQE0AqED4NT3P+o/i8iYO9Pn5xroorbGRxZkaPrlaaobgkwzaoOZtdhv0EJ/X08Xn/C1xEt9iCp0uMKiQq1UHKcFmf5bONS4R1n1kQxWS1Tsib8Q5AT4HpbqbmOR2MjqmrF0BDNGeqa3cBSPfOqBSS/blRjwevXq6+dXzyrBA+pQC9DQq0IlqtDE+j2dXCNkTSN6GCUY7evHR2fykZ4+3ihoCjtFKN697ypkI15W47V9nSWQ624XclnRlXCsAjGJ6rUyAhqx4Aw7Qj3f/cZNdkvbJzrMESksyxbrKGh0hPpsIBcO4U5MIMBH002wFmm1OFKHXxwvKxvoPNvKoN5+C/vSZequ5YiVqjcFZhRMCJc6mVfgH1Smg3uecJ5V9WY5MXQBTe/PuHknhPr9774xxfz0iTFIzJEKhbpt6KE6gWPioFID4JkXy+EM76UZ8AaYqJwaMMW4q2qY1IWnLgrBKj0LKGezIvC8QhRio+Y2we6uHV5ld4psk+IGaDEveuNz80YSWojJ4vkRlDjCX9Ou9tYTrmXonub54tXXN+9++Pb175+//OL97ftvv/1OiPjc47duQlDxeDJvo5Set6JeLLbEEMfZIcNlA5YEebyE5KLStI0ceVctcgHS+250HoYMGw4VItfMUvAnVTP1jfgZvVZmZoNNoE/EuUMLUj+ZwOVOH951e0FRTAdbIXJMkhnHOI0NTsJ+8yssNNRmaLyqQJnmBUDOi5EGqiEAnp8JeQ21tk4xB0tjGRpHxXX3PEGVEbFpxPez55CF8UzfiLvGJZv4x5ECtPH+gbfbhCFBc7yqPOkSN/tW9y076aaFPG0mqbiL3LH6q60S1IooWZJQgvi5MKDculpnHxzDfrMObKq459a7xfkgQLyplm3RSns4NDS+O59qfcqpfazRQq0a7CUsMa9GJUdKlEvsI1Swhzm8pdtgJuUKMN64DqOc+Avi2LeTJfMTRs9puATxAIEGWM2Ewjm6pVS44n6BnJZcQiBKB4SxfuCrVPB9slTUJHXmU9W++FOwoSo5ji5FJabVoVGyyphWgPBbFEJWLmOdM0VhWOLAQnfI93uHqt+DiMiH5tCs5EFxCFT0SJw+h3ss36EarZKrZ0x+xI/L8KaERMednMk/7lmAtk5uDI7ihdMqXsfh6xiBOKOdxLHjIrAQRGeIskXH7Jj8sXBwoRbI0sKc9IkTuC95MucVsRhvjZhUAJfas+6OK1zbWZmEnajqKHepfhCP28TeeBpvzlVUaUyYADgb1XCUenBZdnGOwMeX7/EtYdztC0wsHtDkmtxzOjmrFojieNIkDwhwQ3KHrro+pHNaF1hKtNCCrVLhsEKnDpV6RxHMRdcnaawM8TACRG7ElRgICNeVP7Bh29kodHVBnrYGhGfn7psrWuYxf6n70EwMn5xUmkqSsvNM2qDGHFGC0/IjtqZsKQdl8FCFLS/pHM5L0jlbemYewhhJp1E+R8DQSihDF5kpxC1DE1hqdewrNpg7qvkDivW5BVqTdT3+4QUyytecusPXSSnjFct4qElpGCbhdahBwaNgZYsVjw4KQusKdX6a0db5gZtcVNF4tn7M46Wl1QMpXYcrCuDueQOydY21+o09oiGzASug1e661nyDwPsmCFpQnB1mEpH6p1UlN4lKbryhiwGwlUWVEJhxb/Th3oef//TXutHmnpDJZAALS0cvA09nuqrqTFu54TK2hBc9YaAH8qCqDlB36LICDKR7UAAAIABJREFU2POK2aunOhaRjd4sddpiZKHCUR2ZJCqCZBosuCwCaE+OSI7R0BRiVy0SAv76PAcKA4QkPvErqvDCDrggEZb5H+PVfJ2ycSvSFwdsNZ6I0KDdx/c3vimePIUXhl7onNUBgpz+IaTVKR7BlI4ePem6A8svXfKYMSkDhffmNO3r9/j6+rqeueWat99/9+2GH1emqOwELsakPGwaD+4KPGXiBLXMm1pYtxCNAzAQSTf13PMvGWph1nyGjMhQSIqHIe8TyxhPbO4yfgW+mtHTxxtOM9BIy7kX0RM5fBZJcsHHnqLtOurKloGZ6kmSMI+Vlh/ENjaeub1+f/3mmzdvGO6b337j1SDPfvU8fX66R6Y2pBZEtUW08LIwCGvGrgtDKS1HKYol5tEhY7lkWRQL/1pNGB+GpzAxn+KeuSQ7rg7GG/XhzZhkQZvQrR2jMBqr3LE2hDrChgpO4CEXqepQsA2U4zY0aBXg1l1wgr2bLo+GH9hq6WoEG328ffLgSmHj4QW/YeV3DUvDeps79R5LmGsvOMvi2cKp7hxV0tQt7lK/VBoFebGk1A/j7Y2Fs2sQWtsg0X9Omy2SpBMojal78sX70Nt8h+P1wFMaIW8LB2xn7dCKCOoaRc78U0meAYUadK/36VmI0aj1k+dqQXuh81ERa+QtPfR4dS5Fjao1FWU1tS/fKuamF7d648caEnddBk09kzTvq76lOcTOyZqPLsEfYQZSd1xbcWBlZ145lRtw6EMRTHRjH1eh6WtF6cDv0n6EPZcLCIIMJ9R5i7MxEMLxEBapoZ6v1PaNZJ1F0KjuKxfsLJepUBguBYFxyGqKxLF3ESvgADvGE4HXBEStFu9gqcEGxGNWPvS4i6l9rfjJYxE5PiG8y3QSrLxOQsqh4uPgn7KqchduS6b5wYDd2RDEexYoK8quFy3VXsVL7pBSqnzzxTRVycSPfYXmZoHQQALVhkkeEJhpIfYW3iQFvGiOtZFMwC7hnn5qbANbZgTnJJlAWsVhutweInkYrcqnpejGXdNvzhIgFms9wp0/hOcczpQ+PiM5M0dtavgxQAR6SoyBFYR1uMcbgZc/zoB2ATSICbXf0gcV/kCOtFSFO212Sf5xs/Oj+U6RKLXk2e3kk3KQR9ipZxmgHKGvzw1Ef3VE6vykxVy6HiuhlZWRj2EDz5KQjOVp1XkJoxmiIhq0wt1xrDJMpfjPvidvvCdljXiNcXZaqZivgjIlxJE9RdJdrI41SeEJlJ/lZccV3f4yWGwN2R1nAz6E+aM7+p6GHEQCairZKk9xMHvMMsFxv9DlTbvxCDs+pWlmaadZ4bQEg1L1JEYFQ9Tri8eGzsil3ZsL4tA01wdV0d34rxzc9expxh8kmRbUA93XqXBa7bqHXuxhAkuzjDyv7KUgmnYhaR1J5dLiUGvY4e/cPyza68V/6fMq9IEWVk5RCRUxxnDfD4fBirStcCzo9FYgPT+8/4tf/gn5q1+qayNNEUU201wMNNEa5WiAM4Fr61AU/902o0dxH2+8+7laGNNN8gqBIBgnQlEjZ825ZsjEiNt+UdDPNnyV2pAURrfzXWazj2CLpYDptuwQFwSQWF9rYD3VloDRnE1S4Ok9JfWLZr+vfJzUGK2I3ow48Ayd4saCDCaFhzTCnb0u5Vh2D4ywKR+onangIT2GE+nEKC1P5DAwEyfzJgRT8qBFFyKWNJMsHz+8+f6HfALExYRTVc9S8BZQxqe9FFdF6/mnRsUctVOCgS2GM9THtVrJFxE5Lkzk5jgwEp5FxGFwIVIoIyynphQLlnk3BlmCUiQz1lpq8ZhByCtUinU2HJ51Y5JE3QAkQNPZDxQxmdy60s8eGv/04OWLn//k2b//H//dX/yLP/3lr7/+T//hbz0F9ejpU9ZUqpfQCFkI0fLTOMQCuhs/K/5JW/W4gl6D0nKyzEaqSJTVui0pzM1bZsPakxY7trlAdmm+tSYzdz1g+UP6qRQClEInnv+w9qCwVxGBYBUyRe0OroobChr1jHNqjw+aoTvBIkH8VH2owbUdZTSJuAFpmLdXraPiS33NitosFLGd7WB1k6kmPHrkueN+H1/dXL/lct0SIFAI0Xh2z40lBHMrm3Uh8bLzVdRa2DjKX9ZwZsPdkHQrGWzsVoSD5B5iRwsIP396mU+uZCIPfX5+qRCaD2xgrflldzJWHKY6ZsqhGyYnAGOt/ZeovnAy20UZKcww6K1zVkNo4v772+sMhTyxx23I8iIEJdUjEChLHZBLtTlNnCJ4/zGXsPrwKKeliT8sEOI+VYxCv7lNzuE7RRG073hAKg2CX4HU13lXQ869MpH/C8Y04xi7kvwPzUAGtpy5y1BFac5SeYLXS46oEornk1DMv45/1pvMeOx2qJ5yw6sCxPP45QYJFIrxEx8TIvtSS5INwNeKjRUQjgkRxjRTqRUc6vFyEawODhq5d/mXX2JE01U4lhtXGsq+So2pOJ2ycsoLXKyfzmn8IUDOGthAJ3Ek43EShNo/nCGaH1BPyKUUwwW3JmTCxkO5iO3XWSAjdbDUhy13wodGet6MTIiYe9ChT4ERHWpMkq7MSvSJiZUfaJUTtPOhKn9wcziqkLWycR/eaS3ZJPsaykG4Yr1EC6TMiFzUd3dWuT7J6vcOH+CKL+eY7s7VJZ8jkQ6xWnagd31+0obo4ApHohwS+z3lSzmksTbhdlXmKZJwNDVfV9+GZHVcdiQceUMSJVw//csJW62Wcxlz4VXYMB7Q/KvBgrqMYGCoh6jchYsydmQeJ3D7Qe9kUOtJ7XdUc5cKAIOp+9n4L60vF0MUT+eajxTENWhWvoy5iAY5dkIleuBQuanQj32i7FvI4haZuao6Zo6SflvVTFL4jY/EFDwp3417HElZiAtIG64ny31yybhpDopK6vBraxcffrg2cLDXiBkEiMkjOZCm7QQrDZTp2xHTpeDNt1Y+NKlhXDelGNeR8psgsNTrlJYy67G07EUzyjy89+z5s1//9DfRKqGmKa4oB8OUEbOFv6QWqq/4JPBg5jXQhk4au4McBhGAUvqWe3aSewYVBTfeYGNg7yfreL+BvaNZDvPo/YdrWNXcESMfmjaa0RdfUWBs5jjxgOmkbBayIKx/ffqtoSN9Xj2ryczb69dCBlZqRd2sj6uMRXra89+tC056CMa1sFUOrUyPAimgCPaf4NzBUw2kmdIkzkn8losNhJgkFZCd/ggRLZFZIPBXpCGwD9fv3n337XcihKyVlkPpxCeGW5hokxQT903IkoWDCA6K9omtY2ZlhaIckZSR13y6J/S6/8kqwEUl0RVteX8JzYm7ug3oTifb3d9GM4QmIxQ0x9qG7OrbnYUSznRsZJBbUV5CkXPphKIUsYdEVhRifn9z/Tf/7X/z4tnDf/j//pfffvP7P/+rP796/vgPv//GOw7v3+81hwtTCQhPFWFaY0/qpzQaYz10tx006sUhojBB1rHbeEKs2xtpzF59jM/i305nrAVH08URWUSYkru1qgqNdjsxGe0s8Mlhi7Y3VJwWLbkzKAg/bsSTuUQ2oyV7Q74nBxUIodJ143+GBu0L+PHpIxtQp7dqTCG0PW6wzaqcse17rESkfzr0FkXcAYXcggp+2VS0tRVgHTigg5wEgqKxtL1Rk1kXH54J4xzt04R15BBjgdmmcG3VjkWospl9VHpsuXchct7qm5W4hgVzObg8bdSstzF0o/6Z5Kn5ZXjVIKqvXXvgeeSGmdN0o7Ns0qP5bVyQRagF6Xg2vttdRvG9a2AC3zmJohFTU+gjO8HUxVgObWpqxUKYqiT5Rpk+ftPEEARHpVkfh6stneb9jozEmiEOT21WyVWRUFTBZpxO8qi+RwYQYJAxUJlDDqNIjMDwrxxMoY9pfACGKBrsWUFnkiUElywBrEDkQEWyvIvWQLgnGYYx3WkueSmveFwP7cF30N8lHQWN8iEaV9GEHg4F/SVbKj1kQq/D4qcXBcZgVO50R4J0I/EcE9OVDuCO6RRYsoR5a2bZrduYUGw2hqImCQdRoEdgJMFOuKXJQWcXFXEK4hCdxIOYDpeYq9dQgRlCV0OTXKGKHycTOyB0OETWX++9rL4OxXRzTpGmilwgtEGoOFNjUo4xllz9iv/9aQGCDLyk/o/sxZectxxZOO48m/fj70Jh55dSJzG7p4FUVtk7C1TgaMUZdwxbyGqRGthA4tDIvmMv1oPr6LTiwxKbtHNx1TtuZA0ktIHFSL93KJQOLRko+OC5U04Fxs04itjaML8nPRS7iEv+lQMN2/CjcTgD0gFJZ9W4ivscK1SqoY6x9yPsBfFKRi8/yVoSLhf//xAjXNY+/ZBG8+9YmXE2RSUkE7YG51QahMHx9FQRY3EUPR2EpAnVT2y2atsbxapejU02oJQ69RQhUVDa/tObf3GQBnp1cyl6g3XI8OsV5pm9nUVfUeBzVmithTQSQQIzP/dvH1zr1ISJKNTL5dYxqlckWrFNoahXsHX776M3wHsNdeIB/fjZ4MqRJIVsAKbuTfOP4YI8Bw7wcOrYowdfvnz16uVPkxWutCZMoI4ZMQ1T7VhYN7ZwxWPFRdI4ghlvkB/ZQdZZcv3kRSQt0a/ex3RW/MEbRmnDWWhYB5z6vUj3MczlJfCOc5GlqhsrWa/Y+iddvqn3IO+AyOetbsUadj584nVneq+si0+6oyLjKLtUwLCPDekem6hLfQX4VoqKzLbTYaZELD6Ucoar1Nw8dX2teO2SP87ccNAmNZnam8wAPY5RYF7NthPyh4/ff/vtD99/D5xeOU7hfo5I5fMZHjHNZlwbB8bnaDZ22JT7OqUqHtbrZLq9SC6XOR7qW2EAv/CIZTYcGLF5Bt/qAWQ2Sagz5JhkXR2PtizVfa1NrOtPjIsFKX9c4qX6tSDDmVVrT67eXr/+p3/6x1/94Zufv/rVb37z63/7v/7H609Xf/Gv/9X//j/923dv3zx7mpen5U8fHj94YvR4rBYQZr0Yp5km03HAhUl1qnte32BaCw6r0Ln1AsJ5BX9XQAR26rrLCkpq8UDxDlly6158RBxbwhje3spKcbNbAooyopxK/PYwckaPl4jz3BjTTnGG9sfplg4oCihSSH7SLVOrn9rqvIi5OmisjhY9NV+bMDFiSnzWDpr1RjiDiIFoGIgbJEsZ24umyYduUdzmtbzgU3sk1SIV/zUOmssj1rIZtDqLN8n00N1mCTRUxdZSdF8hwos5xaSZMTf+Kd0lLQZddThGmDhm4a3IdEv63q1eljXRDKK2BYX3rX207rrajapHvtx8ch4QEJKpX5gXrxeetlmD63GFL3+pBKPU2qWD+rASdxeAPKCmpuvwgaIkfSM/WRm/hb+y5eMxEMUv3hHuVYpDwGUgcQZhnET/jvZUVEoVaZqu6oyr0MqpSpYQw12fVjVcSkBD1cThPjJTFFnGwV2x6Fds3ILvt0/Aa+pqRiTBcwiFdJSkchuwZcBecr4XuPN0dtiOMBjXkvvtpC8AmCtpGGm+sy6CuRQewqFdKRD9TaPAqnBKzUBDWu7wxxoweq/DA+T/giscFxbC0+XQguINKo1C46WvDra/nGLqPDS5hMrFS/jG/TBB7Xoiw6MaQlZ1GmOVqAw+o+LIUxLcFTEKM6esIOomiU6BuW/qmlQxd/iPVOM/ssbLuoFacQ2K48J+/F2OaTuVLKX8saV0bpWlztHvymMA7ejF3OFm+OpLQfD5hYUYqSG7yA4cRypWjULiAs0zg/IhzmFtDBzWEihaQ963y3iaOjIg2isIRnIcDX64hyJWT2a2QDiN+Q9pKURawbQaupCDC4CBa/Bj8KCSOAOG6II0DOWmmRhTkZIleBQUzQbyErzfEpZZ+kW0sQV3PheEYzCdnCIljBC+UsghmQczPlMPL+h8ZCJeRHM++dYO1aJ1SxFDvCESP35CUy8kk59rezXTTbAI67QRhxsSiPXydc1qLet0Wd+TGxyzIJHT6NcFQ548kNt9HfTTUAQf2KzXCIU3GHx64C1ynqe0NrDN0z4UGsZ/23UiolEypRuxhg8b/N6C+IRGg+10Et3W70ULRkcaF7B/Mr51rNDmzpvTwnWquf+zr3/57OoFdsbsacJSj+aPZohAULkmxZpmE+8YDrxuU7c65QQ70V2jm8XQ7KVHoQkF6+MZoVlF6E1CWWaFy3rbuYCag/kCX7P41l9Qopneq95pRt13ocEefBYaV7fwQ0MdkBokuXSKui1s3N6+s2EvJHqzq6d+0dIn5h2N3DC3t+vqfQuFatypX9omEPFTYzY/0SunVBxKzPuJ7yQ3n6PXDndS29e9pl0bEXq/5ihtPfAogmn3NNAYTmu7rr/9wzei5ELw7iBiyIcOkWjEc989f0xl9gwy1dxTzDmmLxEBHqiJyHWOqHpIdu5mbJCwNitMo4aZb98rCILCCZkOM+JWrQFN9lw/5UM8eRTMrbv5TwWFMMXVRhppVLicgx02UzhT2ttvjv7Vl6/+/f/w//7tf/hfxNh/+a//D//q//bf/fC7f/i3/+O/u/3h9dXVF1Dm+vmD+KZbkhqkIpQI4bkt5XOPFi2MQ8Fck7WU7aFY0bsBOxyUgB8ugjobcD9eJvZSvRsEk5Q4BOBy2K8KrFbVUHGK+WdmzG/Fc+DhN4Bnwr3qL3bGW/7WAMnWa35Uv4zY9azGMRG3t2cNIkFasEgfwq/Pt+qj9YamuT98ui2KYhIszOgtqCh6EH3dPrwShEEl7YovWNsLZnytOhOvrXAKNol6/JmKquey8Em+E4s2k2zk79FtdZPwBikNCrba9YhJq9FsbYE3F/X2c/TxqsHpDjEzOho0TY0Z8fGTp09NR1ebqp5gjEaTwSrMmDTQKDgmtMUa2Y4DMV8+iNM8Cd3jYM7O0mBN3KxQxYJhcGoT2o0Ep++58ryZ0RIxTwy4A4ch3lWZOUcOQy0rngyZnmeVPQK8ZAfR0mracJpzj+CQlBSaC5m7Hmj4pz1OoewOhIYE9lCOpUSB+JAsI1R99alAKzoCCUddlguJHWMGcPwyZuXiP2xxdEA6hfYuS1HF6jKjW0l0jtY1CfGE6HD0NcwgVoVDG1O1ZnEguSLDEq1McpiMz7iZOCVFFMDAZ4MlloSRyAQaxllxSLoCUHKpIFLBmEpuaYfP6hf3PWUGGEpLvPquENC+KtRn5LGeorJvBYHVlg02Ii58GpW/3KuMs3xo8IooHKoqQfjHUAQhc0Aeo7I6iQTjaNtlJcLR2Fhub1CpU0CmOUyEY8UqeM7LcX6RIfqlE8LBZEFfhJ2HRCKY8x1QPUM/R1XV+7UKodAI+j5chqS/f1bWJUWWMphBHno5+zhZ2vCf0nnMcIwwzqIa+ZHrN/b7HLx1gU4D61j6fiRtBOWS/EcuLnrJJCiN6RU/KA+CtH7HodNxcGpIlDuikYousnXmWIpKS4nH84Ik2Mldmel2CI9XpAntWsdhqLxpYIWcjXwOoq8N8SxLT7Wcya2DQlLfVLMw/jhgDgdNS5c0qi2jym/dxQsdkdSVtSJKlgeZT0+eVdNgZA8NrWajfVe+Wh+nKW+gS0OU4Q1yoGbZISAzN1eWxj30LtVPD2/e27VCv4OJxMBerqzim0wtOGzloYom7EBQi5CGIGyAU91r+7UPH5/4wufV/TaNW4iAVZ3a+mL6+nzvJy9+IYWv6PBQgqRmLILRJIW5qtN5i2rNUs036o91L4tU4KUlLXjm6Y12yuhY2p6wPq2NV7KD74Zi9drNkhd0Hc/QexXyEaQhW2Xl+DHWYDDsMv6hA50+U1e0Gsljt0bsCjfNilHH+/c/9Aiz/ZltKOxh4YApNhnWs+uJdWellVWwS+gaqiKJEaI916yWq2GEUg3g9IyQy3xx34wklhlHB5iKoOjWodBHX6FVE89rmU1T1np9uP3Hf/ztzad7zzwHXBGirdXgpt0qCAyzoEZD2EQp2u2Nx9jlWIipBczy+F4EFHvKBV9HVKSjAtY+3O9tJUKSvLoS9aoB1/0XqrqmJUzOWKlkclZXNLbTVTAS51cJyRv4RqFaTz5XcUB///3rF7/+1f/lX//rf/c//Pc3b77biN3Dt7Zv/vb16+/fPXvsgfgCp4m1RqXbAELVgGUO9C62UwW6ylFYtUYmbUVjGvdVr9LIXcHu556sKPBgCKlCpMKXRG37HMCZKw/riRPkTTGT8PgLkifEdNnjHccViprQmjbzR/iLiUjrjIc3yHdm4SMQV2MAqcKy7jDQyi3I6ovnqqsICUUfEoq4k7jxafUhf6/leOxR4e618rBWUUKLkPWJcGBlQJES/qV3Y3i2976MfQJBU1joLc+d+6MJdwwUu4ggBUr0vJOqTD8MLoVd7cONinOeWyWka05Ih94HrXFrC0lsplk1N2B6MHSaX52KVn2V7bL6s4HN2TilsCeWhJ6NpNYI5XZYGyv7Lsl1nAFPU65yhOKDzidMxoV+Yq2E5NXJwm/UAbsXqj3BVBnLD/EhpSykcVzC6msu52yIEY7kuPI1an7xMjHTzThUHysfJ8Mc0uQ5VHAXtVDVWlZCudw2hi5AMTahxpHU/At47CgaofhazLgy0avIfof2jp0g40COHyAHHhuhpIUxlBaHPDYOq8cClwzFIAQR3ygXVoVs6MZKQqf5pOB4EE+CSabIgQnLPpUcmQsQzK4PthR0WIjesFaNh7niitQKj9gF2xjJkRQ8RWSEc0L3CyWgFa1+dsnKY0xuwp9M35UKZqUvNixpyH0HGKsQhBbejjHqBpPgK3nIl9oI4sn1e8RM6adwdMsfUee0CHZGyC1Oxqy309FCceqiYZqGob/ZRYEK97328lxOD/hZgz8BqzNIpoURVvhC9w72YMAKIddqpp+Ue8SN4LxcqvTJkO5T5Pw0p77TQ1LganJ13mleQgvZVXrMa7TqgXZgTGJlVq4C8TnBpzqil8QnIeo4Uqf0+JlQgc/F/xnEaJdc5p2HduliiGOvv5g9ssaBoT1XGoALoYlSoY6aviWMMDx1hzGUevU9NRGUog1O7G7VtERzwaZ+hDYZui0EG23S2nf7LS6ETbP1uEGhhK3JA+dwAmw1ylV5ChoW8minG/QeESik0zznZfXCOvkGTAoqUHlo4EYHgJBRKZPcQg9L/lliYVIDh8qTKSSio1rNbH05INyji4IoYhs6VI/yKz18exOiGpczqC4Akp+8+iXmRTGAhmO6TQ9pGHO0TH8iwCq1l27U1SHXI89Y1hdWSQ1b7H3KidtaLhNzDRaaNa5L9HwPEaj6w01tz1EKnHUVJBD64KkRtOr1QkgqPM6k/wn/Ovha5LFPMl2GS13g2gGw929vzvJ/49sPPEBN5QZhUyO6Jtgy98IgfT/l9TY/DMpMjbQiEKzDw74etxk5YHpZvtHooxggh1x0TSFIL0tY3EjYrkAilLlEFZh2bsj4+u0b45p//833v//w4MmHey/pBliOSr+LZNpQsody/MdYtky2eGlwOp7P4x2Cn9TUnKyR7OY9Ma73dgkQD3XwOTZjGTAGNg1XL474OdGJ2qtBx2EL2ZHuumGwLMEZhoV/Vjfip/lXk6AfP7QB9NXzr37z558/fv/1z76+fnbFi66ePvrdP/zvf/tv/539lX/xp39isHnTu70yJPNkUtUIrmO9GQIRrK+F3jU31haIrel6bzoX6apZhXhZzhytuHzsASCy56jzJA9/mKNlSDVoFbOIq5E8umQs+oLRfYOdoiNYVUnrngCBdW1T0VkIyWcsrVuOwq+yGvbwLPPCmR7PJ0SOv9iLiUXGNRg9nZ0Ks2CN+txGrF9bkbuGtyYlRRz5eebMqh7Fkq9ckU3RU1+Jld6NSjFHe2ljRijHi40U00AHtv5/XP3psyZJdt/5VW73ZmZVVlWv2EiQA3Iw0izUbDLN//9CZjLNC80YbbiNQBJAA91dXXtV7os+35/HLcAU9z7PE+F+9nPc/YSHR4SmjAXDMBt4N8GMPX+JjY9upWyKp1crHudiYdEznmpzDHtz+4SV3rx84RnXCmaNzjpkesIH9ZdeAuhcz4Mtz/1ezse6yq+ElOzKGvMN/ksrZa4LsFkZAK+l2gm+Qnp7BRSZV1+1bR1CBSnjE2oGqK0XDr6hR6z+5pqIqyM7dhqbC+vCvVhDiBWwSIPri+39tDfSJ8FKugMTRrVRyrCxGXQyFcERbHi0pQWBOwYVSftgwoVKs3xSSazDjFyIUznnox3M0XvEVbdFaWLEN5J1O2kRmyIRDq7pIHYPj+FVd/EbQwARiy1tEud0uhUgVoNjrsOLLPb60oIueSfEnRliTgxVYV16OYpULFI6iEvm1KxkQv8klCP7Q1rd1CLD8BTH5NJ9YPGjZx4Hv0iCXUSAolBEipD2RuTstb+eP3YpmgCJduCPTfTsQ9SURw7nS+ajRMcliNEucsbWD+aTUfEMVjTFfZ+aU/u5xcf/+YrFUTu94hfu8YFWw3zF6oGYlPWbCYyOzjuFOtjXxaj9JG0EjdDBRkcANotSoa++1S1s7R0SK8JzciATpRQLqVEjATsaDTWRidpKEuaYNAo1y4qDmGZ3x0dMEqZ6VQka/bWLocQZCQTSsf8Agk7OwSvrOBP7zfQ+HVR6bfYv1H5VVHlCylHi1fQbyQKsp56PDlvizhEEnGRLqkYxVGa5okRHTAX9ebZBcV5j13WfVnc3cSiPMxThZwFZX420RSkcpMY/1Dy/iQolnaqb8tiSM4Nn6+jJIc/UED2zonHc+OOlvh8elR26qPPejGXLlZRbpY5pTW33BkNvVIIdkSwf364JXi7sdlxXplEVIERtvqAJvMTIPTW2ZJN+hP2zT38lsdBO8kntR87RLN9aAyTQm8QyrbUrfcg9vPVC2G5bNiQYht+8eUUY11IXQQkVD/M33Ru7pznrbXa2UfgfPjLKxsL4rbsqHmnI6nKkeoLsR2NCdxUy3y5eFyNZeS2OdJTmaG/nPjhtAAAgAElEQVTIvWcBYoNcynGX+RhquVCPpTHbyrw9yM3wtiv4NyBR3d+u56Zxk51LB2QuODedVgeUUPFJAgglxByaWUi3WVjGP2obqMmErww5wQrkD57d/dX3L18+ePLVRw+ePHj7aDCklBDIroy2RCbL2nTSyrQFXL0FZfJDgc0qUGzMhrJYKmbLKfJYDq0F1t2BXeYl1+mByf6ZYxKyhXuQW8wiNKwWpXGTcNJKaKKKO4gyw3Df1F2TTbYuoZGBtA89D5lor158+4cv/uzP//TJkydffPHN03c3H57/8Plnnz9+7A6VpquJWlMs5qK4BtLcT9J38sL2/ObWavHtLIIKidr0kLxDQiU7qphQbz3bsChp0oN7isg6ru63qBXkFcPlzivKnw6z4iAHuybLQktRYwDWv5bXnRtU9l6798/L5DglNy8nCKCH8khwoZQVZXiSaNCmJxsvXALwLcW974HYFrJiB5Df2ZhmTjYeelMzOkWLx8Zwcp7EplnRYntZZTfQdMLnMNNnHM3q7Vt3w7x7eO9x8ZlsdS+dWMjUydPWPWqIJJduo5f95LlO4MsKzey/cpvWwzdS9Zs3roZ3qkN2E59M4FE85uZ1L7dWP3iZXlfcGe4hU5g81Jo7tXPpOZa6KKZI95HP1ERa2DNvD9LqPGa7XGmhJwb+JxiUmbxGfHTmGhvogrXqIsS/YLiaex1CaMVPntLI8u9o5tJYOTod9EF3iA1q0Vt1QVRul8wrjsLstZLaNpHwbBxF2lfNpp2Ui046oFuxg/OZaHarOH5JRIGhYBRhXahh5uiKG/dmktGtIOio+p21NlSlOd59slYQai/6xdSAFWNRMdG0smlQyahVmS4xGPH2HB6pQLWuvaaXxdA8SGOVwQX1dVITt4QekeQG07gAz/7I9RsBbRXFywGnHnSSQFZ+1/x1bAON7gzK7dGfyOkRko8gVnYxDriuNVlq8V28CwNisWWvRuWYYvtN7+GeqMmUVUOr2wwBPJqx8lNPnnlSq3q7I5grLoHUaACTQMnQkdjOIXZXF5c2uUU80G6AiMpR6aBUla6HYG64SgZLrRGZLrV30hyTRyifjzYC0Z0Zachai8HqwmzmqkEm5aNYoc9hu50Sm2Pm4bSv3HaUcdCpcDwqu/u2s/3zi2vkc3ksxsrRaEx9/NIcnWENueNp34iZcKeazEk7Msq61D+oauM+ChgdJ5+gv6oicejUao7IfftUTNH0txVTA27gvEpy0hrRQkFtsVC0YAh7clMwNEcNkrvGZt/4VHs5/UXN0yapkJw5K5GZNRiE05gyD6KB5kil4BUEDWn0XpfeaHFzYyLRyb/kzLiQI2Wk6Fp/58EhXuTmEXUfmd14887rit1baHZDd4+G7p3NjFUG+P7MAGT82C+iLLoHIimhQup5HoeUyLl+WMlm0E0dChEGwKYr3O/y6NnTz1AgZfFM8OLXl5GIhc++X2QMd1PEw2fSaYI0v2mpu3mlupamblxk7oYAlI2j5LaLcvZo0CUEWjqUIp9B7pu9qCsH02owSm2Kk4+manl1vsht9szNNRtViufXdJqHANc1JJu3MD//Ph+yqAneGzdyWu6lhgRuB2ZD9o1rFEl7RtoywhkyTDm0CGx8pTvO7mOwK8OYADjUf+jBmVFO07J8WT0ld6aGLGbSZYnGu/euAPaMn9cvX7x6+err7354+erN40cPXt17+Pu393/16NXHxRvYep5IZX8ExJTvLKn1lN7NMlj2Dl4gtcSermJ2iAdqLwRN/vKSvku8WuzA78ZICUEiNQdGZjAwoZqGkjBk0qK3mWMBE6UFBuZmQIH7mANDss6UsOzaHN5HD1/+8PLrv/vbj15/yeoyjBcS8x9+uP/BCtDnv/rFL7idQgRfIuUKLFLyJdN7NYoocQ9+ctjdQZJGMSnpwLebObJgj6UUNXxuyjwxGCxTw2s+njYyy0Y7V5qd3liQMbI52qGFd7kakq+4thZQUdlM7iESS2DdeZmFd95xoqW9RYQT2aqUqFMzN7J05VfEvSz+REinfEuooSOUPJ1XKOT/7pte24RBZURyWLfImJZ74WSAWewX3cSbTZlVYpkzrQN56EUsNe2eJUlnU/U9DQcPiV0ZIXIW/9LJTs3V0GVBsHM11fMZXVVO6/zFZiYDtTv2o43epFgSSFyq1A3OL1+mb4/+ybRWRLQo4mGvznOIyfrXVGc9oUR406vUEn5MgWdGrnmWoAsG5kitGf6IIeeo16FlI4kKnzqpFI/BgHNtrqLX9MvZF41pEynVOafUC/iO9x0uFraI477fWIIuttUFc5WDy/lhHElIlSi1LryL88NSJ1CYxDF7L46yelwQyQjrD3YcAWTYuR9F+CEEsKBvU5NzjnB+E7BYbLeauB0pEJ4RRh+BIq2P47AT/1jvmg5Jms7uKJBSVRMksfGgS8wndSoiwFNCOLYl3H4TLqpcWlokEjgi+cCHfdgt3ZnM5E0KdUCnGWb+GlYqzJYXTrQDn1Um33TEFIHIDMFOQl5WUjX98UdlITGGCRNGJqHXQYKP+fSMS0ohFrl4bHOkuBlXVhlq4tkGgqKNjmoEeiwygrqq6QJgI9mgB3zJMG53YH4v/5yguJhGOkRCESw/848SQPPJdM65p3fO7o2YB+PCBV4oZes078LQUW+iDxpa27FOljkKdHxqrp9BVTIZVgUm8PM1Ghn5bDWHWI4ynDSOdxvzTEeVlcdztZG6bFsXjJjiBsZsab82qa+0v6NBwBGIs3XMi+Sw8oj/mF1E24OYuoEce078hFQ2+ORfBHV0XFplENsIcfjD5BRlh0RRlIyRyTuahyatulaS33y7lmd4qbM3HC46GxfWKXVdp+fzJfAGOZTUGf/iCls/i7C9ox6rJMYuighztV0d7l/P3LUjnaoBKXAPH6Y1LlYcuqxs3DFn6Jrs29f+jZySv3SKhm7fENQchgP6JMR0NOvkxs1mvjIxxdJQYa9LoVmjPRkJuEzOnnHg3vubB08eP3qq4UhO1NUJzCwRQZbXvGOiId6o3TRy43Mhqvd0Tfmh53WYNmj5FKnfvb9xyypA41CjKBnRy8ss0QDjKdDvrSMr/So5mNinT6JK4ya7plMGxLU4q0FnUsDz5WTsAnAjc2FAzU2pkcyjZEAi0aV8t2fO89IHrF+/NluWqS3f0uGebKt0zFVCdOK5qR3TZEbrokHGO/829VbL7kp6mQvAZONt2cA0IGFWc8HRdG95grnS46omCC33f/27L/7giY0GU3Z78/DxN2Y33754gt6eU5iOiPZoQTdnmPps1ZgYiAZu3JejZwBzzcrnQVJJMLOemiQEntWdUHAKGXmcXtaloVbjq1H20ERZz6RlDJvZu1JkdgSCH5fXMIBYS9DohWHL7NAyt8VWPd1QluBW5dv7H3/66Pbp0zdvbp+8u/c3f/ubH3989Ue/fibQiEMShickqRJvY3+eQoqBHSc5joUwOfjihPhcWvIo6epJNVJZknbtvuXFhfvOUxCAtFa1fNqMHY3daVs5HkU6TlDzb5dWXxsXEW/L2KPVlLyIy8zapNgQrw7cgCJlY7WSaS3jho6vBMIDk4Ky9jJ/pyX5zGlHq32bYOub3ZrZJUP/tdDUz7aemn777vXL129eErcsq4T0jTdWA+MyYugY3r17qWF5kSGTEFuHicAaSOd2oop0qJWtbVZvzaV5TeZinNZv6EqwzFkxLVb3k/rdJlK76wHfH33wfGys5YT0tXjQbVWdnggCLd4UovepiKIpRSMNCsuXvQaGVZd9sHK06wjmxKaW5Y5cmgeyftwjkAxB8nfxqMzHNzEnYfbLWgcDeIERn6BiN49FI1Kw2ivbRDMni9fAV593I+XLj/Cyu4pxQDHp6+Aqr3s71AaMpt8VjECREBMl/oWw7xE/uNP/os1XjIA1jEGtcqpPkNwZPnJhHKK1s7sGejhXgWmSxy/do5EFyhFDnVWnQczCb/G2mpRpq5cc1swrZAwyqX1ErwalIw1y9XHHvtFYppWXjpqRT6TLKEl9XHasPEWzGAKRZS9002QIgZ4tVVTXoKZFuzNGuubHccG3vfkXnfRe3bRTRxoMBhtyvtDehj+fJ4FCBMjALurbhEA/kyExHJ5wSRzYcbnk3M/aDeyoXQp4dfv4ZeR2DnzMzpEfomObJ/z1k0r9H1i/CtvikXWJNAI7nM0qtVU6iWJ/ipI336iM/obzShS0xGPNRTcfVFtwp7Y9n4SbsNlGyYkPdfXBanwOo+Riwf4q1N0kZs2gze6lxjAimTBz20SGEf3+/BaO0PvgYqcWcPjk6MH5whHZ+Iaac5hq23qx9jgvNQ6s34mCbRarYpojcaQ+v6AP4fgfygULCeK2jV5ymMO34B0Dvwu+NLhYUKVa9LI0fcMTVt3IiVioM5giMweSDaNOIdBcxGFGMPjZgAAFYEqhEiG7mUNHatIpMBCwlptIRQwLJR6NwNyyIbh7CEGah2Mhp3pas9mXeTKDJJ8MM7qJdoypk8i0xn49Aq+jlyksaWzAAXuslYhIZOCKjG4fnt48vX1kKZIMoT434MkLatzoRI5EE02SDMugGjeGn97RwjGVE6Gh2JBTIHbJPDkMu4bbbuax1O5tL3h9v4uCUHWqaZ7pN/FAazIxstCdahMHDNvLUPNv5ivW0iCZjEoru//ai57NvjJydnGXSjfz1i+gL1XpnNRfgrO4G6XrnS0fjU6zLN6EnDacZOjNzH0p0SuNSE6bz9MXg8ZvIK1X6ynq7NzaA0J2gy2A+mAXC13Be/ni5RdffWOaUHXXc28Y6PFX7+59/u7FbdI8kKRgpfdrXswMdYGFRmozYCouruN2On0C2DvB5TGTpsEyWgZ3k0sKd82xxDZtk6O1Yz3npM4yVhkeOUjdHNp4v27ZYZ6AleH0d1nEBpCdMqC1aPT2khrzUa9euX558/z1208//4UM5W//89/+yZ/8cxHiAjPaOaZVcekCVfqFQpGV4EIzVQilMD/uPipYLZyUKHGycw+28aho3unJ2J02L8VJFBZBprM4+6xRyku5FvW6MYOc5U/SMDfHsIPAwYvxuMC/yUL3u7uuzcCJ0DT2u9e9am8RUkNzIiA1jLetptVutRF9b2p6hjqWLlJoQ0fsCCT+IJxETdUM7pTOs9/Ng96++/HHNXJzda9I+kEDDV8f5HzD+ZWGn/ZjyBX5/mT2KOaCNYTiLzBNnY4JnBmpUucz3zrtcbP/m9eP3t0++qgnMvIB/Z2eIbhTnwe3t95y5C4Wd6N0d8ni/P3LVy/5zUxnp6jeavPBDKZ3bZerY6FGE6C7zi2xlelu5tK0FxkmTddIq1qwZrXslO0SMyy29HcdqDx0Rs5Xd08HpT6jNyc3EtrIsFE6iSvG6ZsISz2GU5VyDEdmDPsK1afeailYg2smjU3iqcq/x81jtCaysopPP3KGmMCrGMX6vENhvKJXzSAiLeQdr/c+xRkv/WsHB3NnnTXNGNUJT5Rk8Rc52FpLLQVKWMVk22gr2HbYtjv5gxT5bMM62T9zTtULcCY4NMEO5yKVHOOTpa8/qKdHLgrn8sikSx4Y3ZPVVXqKDpUOoh9wJZOkQ0dVKKl6AoxZdNsGk+Ah4hhdv+NWlwI/6TtuPz/UlQXsX4+U2nYjkEZ+IxmvJByphKNX3FkqvEGs09wB61W2u5hzS2LmnyN7wBPoSFn3Fn0I4xTXQPz6rw/qoGDdTtpWnThxEQF0IFnCjcjgknc0rxqF8Rm5O0lCOcIssNCbPaM8C9WLxbWjmbKKdFd0ArhjykZkea5fPEZzqelhGNBqIkKs+AS3fz9RjEwwCXkYoKN41LCvPPZnMFvdoTkJJqDjAEKP2MFZSSbmq6ifNnUskLXC6TtetRhYGdPxNL+aaQUJAN0mrV7b2tcMXRjE7/T7doALkDoNy9gwaOAvBYlXz5vN0lHUOk5+YNh2mM/CE5GB5NwYkgnjxNoYMul3GPP4Go838puKdMupe1a7NoWCCYliHpbUz83J8ikHzRBslsq4IcMkiO4fYJmIz1j6OiKolE4YCPSxJQcZokgxh1Qnm0551b48MhUaUd49vf2kwTuNZs50mHqplrHWUR43NXCiZx7VkB19FinDe4gio5XsQnnQoNIo8+7N7a6dZjgGIki3HTTIztoz63juqcJvmnDqarHJUxvi7Hxcm+SE2ihV3Xwx7RnUHam7TPOu+y7fsGeXtgVf0zzShdQqYDJbVmCUe7vGzxjSiLqYJGN1OHmCW/Nf1sh44oG5DJGwLd+X5C4MHQE9K6C50hicPPLg9261ZV7Wa3jvRmnPBfzDl9/KS7A+6f4D0123H//w+t6j168fGpy77PjRrezAqrHuX2FzKUWz1QXdPsTskmWZLl8w3WnXjcI9Gqlx2duum/krKFm6zpHNSdUgYYq3IZw0W7cXtmhrU1oKr8ScqxE+IzhYSGUNxsaa/RDtjCK97Dy4ffTj9z++fPnd488/+up3X/3Vv/8Pn376q599/muGwyK6uWlWB4+iliVNQetMKwquWNs6/YjRUcxZ0bwtOLu1IwF82jJuPq2+3n8xXMgX2V1Yx0XIMVBTglYFiJ1OkIVRpyelWkU9e2VctzEvYWJXomn4Ti3I0SIn7YNktZ+iqEkKhOx0UqZZuvNJ4tX9WDLPXnNc2rrVwBSU23rfXi2h+fIij5a1kGK7ScJHj594OSHVcDKF6OWGsm1pa4Jh1JK/rlEc7zIK8ZJTaOV15am1pvq+xSreDJlPzQp6dLl3G2om+crFCeWmFReEnQN0edm7ktWVRkf45tbjGF96mKhryhxLV9DwCfv+wysz8FhDoTbxDjWmNe/Zg7cEg6sdxXlG80NCmE4O133Mzkf/GVLcTuaiIIdAWQjP+PX56VSM2C3i+KCG2r6OFK/saOOThq/+HA0gnPqD4tgW7cVv9EayCKrqtH17O6qVATlQ8AGwVWCiNvD4+Uk5ULXBI8CpDLG9SGTqM+gPCtxQrhZ0WARe6M5clwwJFpEc63dMo5pRK3XSMebhqoSa4wjmnEFZJhi+6gMxEe1SJogMAiPcYxvsajwVVJG2sUOYCCWmodXcC6IlXzBYFycUgCdCXxWPTOL0V+WMEe/a3CnNFEmf4GgPFpXknroxTEcaC79IjGyk45K6gI/wdRhFNSpjEDVAE7pBDZfpiwjXNu6P+6EEOCsHhEdR5TdvdHSJktAo1nfNhHOsg7FvKTfQQ+ewAtV2GNlhmlAr9iFYhs2bHZL7mGK70/5Im7OxzENxAhf78GamOCDM6of1JXKHSXO2EJaIzGBDD21kju+zcsrebcl5wY2ieodRzQ0LdAwO7pEjM8VTbQ6GRXKyKkeJkrRP4865ARE5c6yzmmsnbTyOfjFEH2rf/Ssfcarm6Y5LV9QDPXA1rLoP9Q1GhUFOOdyLwGyU9H7v6BY+x/Mp+lNVe44N11g5iE/iiDAUF7QxmGxnCCBDfTo8J/uGSZBTvAYz6x1kUCOcyIXszvcvJy/EWek0EEwnJf9GNinonrrm9wzfrpw1o2FlUZ1npnuT5kzsOqzbBBv6Ij/zqulFc9CNfbHNaPMEvFqMFq1oKuteDTcectsZ/S4/sCN0cwQ5eSuZeqqFyRoivX12+8xTYYhnzMUs+Y7XqZjf6S3dqNlIvYxE3lwSmGy6cbjnZXhonPVVDopPty031F9L6d0NafLBGixlVkvVDb316g8Gm6qp3Qq53EX+GkpDYvgzmuqTjicF2nkfagNiFCRuXWa1KksSTbAXTXb2KLtWv1npiQyjWFDIeuY9je8NoJKMZtd6yVhGdHXvwY1Bklt6lDfTHlOuY8SU/1yIr7sGS84de8rIEine9sJf8roNwmwL68ghu2ANMaeUbrz78bnbmE9KYcLYs4hdyHzTY7w//tm3L7559Pb9J24ouLnxWB6pRKlOQuCzFpcuxSJ1SxQIR/QcWVyxigv8H173JCS2yi0nbLH1nmOle54zsyzAkI0uIkYDsolw5iQ+BxX5yHV3yE5EWnbTHKS1c3DXWJKB4m6RcqX57Us3aD/69qvv/+av/w63zz//9S9/9UdF9E2vCUY4QYSH9Cg5mh4rUPlLhmpPhPAF91O20CVqywEDOWcvDbqKk3O+T4ZUVligR9k3YTZeFjKdvkSuoDIBSE/yTPiYv331YmGcayJRw+EwCWVhUFARR+N/ZNloT+wT2FZcytZKbiwNNlP85vWtmzse3ZoVRsPZiMu6t/dvSybTlVo9ykoolmVIs1AQg7VNhGq5GEnj3r27ee9a8yuXgzk3dyDQkll23NVwIegy78l0c7gVt5rtFj9bkyx65ZQ/ajW1Vj7KiJ1l8mBx4sgbdJpMxU+c8HPTqL0qZY/mqfT9o4e3XlUuNdSUcJC5WgosGFhj2tW1k+bRY1nobXPBTSo6F3OCh5o+ZGnKaZ21yrJR3M31ApO21lgJwyJ5w04rdxwoAd5ef4mnrFKf/tpKAEIL76QtgR2UjUOnlsXrV0cIZm29XoRn+vWxrbaiUYhKRf3y0OmW1yuGdmTrDA/METJREnZGhNhe6EfOqAUHMxjhWCZ7gHhmu5wPKkGS4LTc+tjSUFW8xbNqAqauHweYxEU4xAKPCRcVA+Qd5Yk708UyHF8RRgRxhNtZ3egcDUFEJ8HTBMgMEuQ6AN+JkwBjoKJDqtW+yHRHQFmYRz2RqC7AmeOQdozZkYBxgEdnQIdM4KGpgl5rngVSYkIK/QM9JHZcrBO/IE/bNIjoJbGhI1oaYcqgzcEIjbKDVMqf6vxcMaY0yLtIUknNqT7yJhiO8TZUBBlDW8q0jUFl026SJztN8kKFP0EOIiGGdMXHITk5I5c58ykorbcYAZ1ZVtluI1jRs5KRPFW+Y4d1VNIqV2WGfqZt+o+ioozSXzaPh/1TPQsGVsl+qj5GiHSf9d+5NvKpM89dpXFMlElYWzpsoA0qzssUHK4ugqAK26F0HJeh2SnuKsrLaOdTgHW5HV5f6ifNMtLTZkegoB+tKERr02wRW/FPPCZ0xS3U2ShT1Sn1PQmW123XkGZGrQuXOsAMmKkM3cnaJ+JjzO6hEjJBJhc1uFWU1ZzacHF23syeYdoYdEVaCRN77BEsib1INNx3uwLATCyJNLru1Eqrj+5F8NK4+E99Ai5zzGhFhh5//j8a1gkZ+5LDDEGyViJdbL28aa+3j+7d1j2spceWwvqxOUQDbacm1p/dMvj4oRNndFxBZVYsy8XkXkvsTLG0ZsvQC1/Gt4kZcyuZugu4eoTm6uaCQM5Uxwq0qhxUw00rD/lhqGmZ1Y37jVYx7re1ZZOjEdrEzJyVRZomaYzMiL0st3ZXNxTJxKgHhWhoRMiNzg228SRLSiYxf+Z+kOceW4jNS4kDblsopHejPgw5qAki9dIVyMxhrL3/kYt3b1698R66H1+9/viTj88EjJG9OyHee2Lcxw8f/9G3P3zx5MdXTx7dutH0ya3nM0eu0UGgEWDyLHOCNdPN8s4v1KRLAanIMJOHOoKdUSDZ80xlfya53rhun1ojGS7z54FiG0OgckFFGwkUA1FboOSy3upzLkZDcM/3Q/mN5vFHf/xf/OL1O9NpSzGp3kws84i4nCY16QXcWkBuyumM0ww6ReYHpxkE8qxHCIKoBrKsjoHRmiYScX90gMs1rVvQXKR+7vMPomAVqKnJ/hTIBqXmPLrMrBSLTFKr6jZqQMtQc5lv5xbFhrfPaWMA8oCJ8B4QlTaZL5e0wLF+l83hFw4gTdZLnNxpla8ce4CADH5vVK8taHKFYZBTmVnyo+SMNbIJJOLlzIkuWiM9JaZz1hy7vFvO3MAh0VOGbhfMaza2E9tdd+goC9BLEssOrWVOZd3NPfcYQXZXmURdhAQwznzS6Z8YMEdIRfl6erSu97mORuZPVkxNhOMLZvlusgfEPvoTK31lnN183Q3gCYFp2ogthkWuRTrxU0ZFxvQ5eqdkTsmGYVZdJfBGWhV2wNTSK+7fzgHud6kk64xE079x+IncoVjBNlWFTFzuSNCx5DAzr5jShB41x9kIsJDOIQfrUpGZAqhPGVwRE5PzVbzddSjrw+OHziwjQmb9epmoHWuoPcpH48jHyhVGNiJH6zHJJ1mwCKNyrJTcMagqwne0AR77hpRJy4zr+ZSOQmJwC4tXEgcberMV0o1y/SRMBozvUS9SE25SxiYofPzu61DyjWNjZVIfUnWXB/ZQPvohOw+r6WQlU8RgcvqtmV8+j011qPoFfxQecYedmpR/uMyyLdRyxDAE4MiG0l7aJ1pfftJ2QnaJueI7k0Be1R3BzMdeC9RqRjYWIxwRKmBAwAqLapJlG0e6oq3iKs1u/clqBlBEHkZ8pJJNir5+bYDXjx1JEhjQOUjd9hkJi+1BjXt40zP9gohO0OMDcsXnOFsfy8NakJABj6A27GSONEJpfXvUtx0BL6Lxi5vPMdDcpSD+CdHuhCu0HSZhpStGarLhOvXy8k/tZQRIGQiMi96xQQUZWJXdq5Vmjo4PfL0p1k0BaIsREGpqEUyOZDN49W1/HVHjAxIsT+F6i8k71LgHml9yxsZblDJdpE9VMik8IX/Aj7r1pAiD4t51qJtE2cUadMc4RA4xOI0IhiYjZmv5lCtUIiPQHDpFkl7UVObrpIEIGBuS22m84avH8U4T44GWWMhrF7AaQV6/e/vk9jOEu8QYnWRP+s7GBAG9smUci48HriG55AQzdl1gqlzvL2MwIWdEKqeOAHecfvIkx00jxWHTDF1q7DSPyTIp/1DTgJQPQs4lyqV4NgLHOvfNyoljN2qKPR87XlKIj+6/fP58nE2HmAcyi2EiNovD9HBvwI3c0TDymXKzlo5FyZWjk3VdOWBj3gJwdicJXtmXaoy+PqArhuaHJBzFMEwEkzvXYNGIXiLzzqOJX1qA+Lvff1UrW39rhgk8A+WK9+8ef/rzVw8efr0ul1oAACAASURBVPHNbx49+MGVxk8s+epmnZbHjRoOaziSuDLvwgpx5C2YXM/c7CU/5Ike9NP6sPKVAihhJL/F/sNGvnXlxMg1yzizhXL7MnsE6CguCmb1gontEcCgJCTAYpOBCjfTwb1Wx3LD284vOt9xjRrm6JTAkbQwKclqFlDJxu7MS8FdcOfvgrFRvYbZ8oXiRAa9inKULvZ6gHyOzG7OQ2hAtWVhDtU/IjxeZohVuQyclLWP4oqybgRCJ/fLe2ST5ZCEwkq4Ylep3oNiuT7L4/v69evTwGR4Hrk+K7mGaw2fuTe5ObXKHrByVVt2LLnsrLKW5ynx2k7iMn2yTPfOagqVssO3H0nKsolan93g1f3mFBSsGYXtOp2bwI60MnVZqFvCazzRqoz8fueAJsmzP+45uSwclBucU6inkDYN2InM/fuuGDy+/YSl3/YS6nvWlTqh0wa0A0yT2eO8XC122Xo+kx2SSGh045cMXmfe1XzXxzNqWq0FMbWMs6DLqWs2p5mGWkMMcuEHYeG9sCW+Yl/XqUvEamcM4Wu6++0vl071QUAeXuXwAwZQjOAzXitHviTMFp82drO1aBSFau4qQpwwWUA5oUMNZK3CL8KjfyhSkq4gYOaOXDXwUAIZvXQ7aiT9BZG0KqpCo93gQ4nSfifYtGQ85VWNfJwSZT1AFVQBII47sFV9cRrkJcfIVkuawBZWBzQiER9+ANVHrxysyh35cRTpwm7iTjAh4/duaFWz/j8Sk2itcKpGKQJZVnvPekDqU/ymoCYUpfI54iRRJPZ9twtg24mIjLISFFSQFeWac7QUZJSoHQYjnyS26FNv+1NyQlTJ5hHwG+S41922RXnWO9Za5SE32EwynJDiDwzzSYZbBs2a/R15E7/GEkSsUO890BfMCpaQjF4gh34/Fc1Ahz/BVg1H8C/kVSA3T8URfL3ihZRBbCPj51g1gUGqyjoDSOK4VRZyXDpY2B6IlTBtR9EJIRqxmJooRdZfTkI/gitIorNlpuYXflK3NifCY7qNSqMTLYRHDZGkjFY0j+CxbUtxf2isrqLiLt4hbRvoAiWZRyFSOO2rvnBbEVF8wFyPV8phyoS4lyDsUvUgonwCMKLH7RlkHFIKe8DjAG4kEuoIs3HWcMESRlUZU9MjIxlZsekiXGND0ZRDdm0GAGDBHtkpHWME55YMo+sv+juRiVg1DfIyIf1uOYej8sY2e83ENRh8eP/06WdH4DOAK00Dz47ZdCuEo2y27qC5BFgadfIBdkW+9Ov0Jgz20HyM0UW8coUsbfNeIdeN1XEcSzc0Rm6i5rCMYBwvLZSRgFKDhdG4MbtOFPtJAQnpvVbEfAmcnnnz/t2L5z/M9HIAE4gWFzY8NyCW34RIZ/vB6LGKlBaHdZRe805MThPhNlMmRRRXFKms06o4VtxNIUxZJSMMEX5DKZ3K1k6/56132Jth/f0f/oBC1HKYvKHr7wKDafSMH3/+8zcP7//2y795fPv86SePLY/sJSQ6JCMt/elc019DR1nboxVOfKs27cvZIkvI7JBNt5tOdXP+fOd6/7mcidWxxszf+XVy6JrgLm9h205GsooA3NykqCx768Nu9CoQtnT10U3mLWILmDt22+NgGUOnDqglJIlLD8mDdhmZ8+VuE5aGltaUf5elweNpmZ2pqPf3emISd88USWWOXHR1idPF1zJ8J0Lu7W4Ky+Ohmm5EoG4mtASSNxfNr1/KeZCJkHZSi7HqomfW+xf2+cUP/xYwtXeRLJ0y21eyRXd2LZOGYClCoaVIuSaWSq0MgY8jCnTFMtdVI9YYuGxZoRw0J2ojBZn0sIde1jhEENJg8HW/isACuJRocaMt19WxHBbpLSDpXOJZPFtC2vNxiGohQO5Zn4aPLLpr75mUQTp1cXYEWCznT1qL2rS2XIF0m6L3PPR6jPceykVCruLfaGsxcAC+MIkpjGNEPSLFoIT8tPGM4PJ8bf3ygljyt62fjIJs7pxQ0KtuaEnZOj8gVRUqwgZ1BUWQArQ3stc2VA4wOov7utNKE2bVEbIV3Wcn2jOHw6w5/PZBsJsnSaSSGnxWic5aBxjq54PTslJ4FKJLxOlyhEJLbRn3pFKTXkerS46ppteo6dW/16PWR1fCfoPHv12UISmpRfpN0ESc5SMHwuFy8KiFDLOirDIl6vFGQcFVW6ua8oSMbFKObEF7zBjvuM/iwjiwBMgEuSLEOPhuqzjm8ehn4GvWOwxp4HnQ7nxVv1P8H1LDjEGAA+6XETpgGI3AjtgJpSjPakfL0ZwsVOfJwqiqAMiD4xURk2wC1qrFf5LgoR0hmGJQ4hLmPmjdHVdQRTpf/9XhOJuhA78KBQAT5U4KIoQS9qAO7YqwHZ8LrWYflZQ5XkwoW8lEhZNXUV6qqGAb0b7zM8tMzkS44xn8xWVlwDJ9Nmj7B8jDK7IrVmG36giwaL7IYBln2yUHrthWm87VxDIyF+SJt0qOJaIT46rvQFLx4KhiGFukFi/bZddMkC14uYHl2k4oRNG/Jg5vyUyADhRWZJuvh6S84WYAJ7AchG2bZRqTaGw7Um2gzaX1Xtps2ZX9Zoi04+3nJdM2U6i5wBCnAbkSesGZmdZ8Dl2NduLpZ3s82hjWlcZ3CcXEbgTRfzf8zpKlqQStYRfpcTfydGthA84UxPv8Yk3UWNYzNf+UDZuiNkbr/6diP+UwLiPJ4rC3FOlnn/wy+xybRAVSi8/KhQo1w3d91hKgNYrc8M48ymFs1FAJ3UifjNbEeZnGOBpMzLTNmKgXi2YgFEUt+eoT0w79Jep4OSQ15n5Xm33KhhaP2DAfu6VZY1k3Fpx8V71ZEOU8JilFVzajroSIi3ooYDgxri+WM1gdFlgdU1OjKlmsXOeOdT1ROVptiGX9oZh1mDIjqpoi2Sr6RCF2j/7ZmH3v9Wtr+T/yiOxvv39+RCIcAZrddI3VVJAR+P3b20cPP/v1P/n0z/6r3/34+ouvv3/+4uVLl4MxpS3bkRvR8kXiEEHsLefg2QyDQi5X2T3cFsUlZS+Is7NoLA3ibKIuD0CwMEGE7NDoS5FXnnBOHSaTJaAGYMS7vUNs1IEW88VDSVXTYMUmO+JS0yDCQiWxEckCJ2b5gXmLP0bKwRbQeXxzgV1bOdp4Y+QCAsF5UEWW3Rzt+4eeHtlWDzh7J3Xyp5/ssMeh117mziutKYx4thRSD4F3jDg4mTmKZ2kUmfQHW8rTfDDpVrVJTBPjaHr2TVd9siflsr/1vXufOEhBQ2SaktvTrbXsJtZ2z0eK5KjMSQrfNiEbMDJb7UrsvGfTyuzySCMYMVyWLlSIpJQCrXdEBHckl0yQBNylgduNxbktM+uZurM++EUu/1oPoMUr0i7peHv7RNpXv9Btx05keq834toWuFcvXrpxRS7Ny5k9+bo15/Hjxy6NK0uQGpCJW7VhpWBxWlsmReeXGSr7EL/vxko1xTTLTDBHoVAXLkVWHHBlgOpnFAIhgp9IKQ33IuAogseEoCPioARp1hjYQE78jjXKmTm1Qu47itX1VUfNyjlsAAldT76ASVL0QdpDHZSqSBXbsa+4nQCWnhY2IHLjnag4DDDlR04Eg0Fmyl1wtBjFimEEGd7oHFEdRuqUrHqES663s9r24CbsxXfMw1rNdsZ6HIDHNRnOTvWDTGdtqPpisDBk/okYobbhnuxhRRenxWHKn+BNYrTm/AxaxBc849ggO5+O2qrGYuSjkVhXTKRC8ihOIttsOKE0hC7bznnRn+dy3Qk5SDm6BrMgWIztHDCHTu6Y2Ykx8ptBRGeGWf0BOrBET5KZeYKHCB/0lJ8KlYTUz09oKxkyLgX8gubyFHRSKFxwFbZZUEFtX6HqInOhiWK1DaTKq+j44uMoLMU+qXMnZNIEvsoBXAIdCbOB2rUGaIk36EmFeE6buSOBLArHJYnskwBrPEMYzESK1NrO4XYMk+STZ80hamsTYfVZnb3cNvV84Y9PNTpQAgbk/2x8q7yVRorWJ0yPzhrakCrW8C42ts0vUXM06/odVeRJl/3UBQUtVqm7vYENLcUyQxWhB7qj85Po5OEaFQVt1QWKeAw+vKEqUVP15l1KDfefuqc/qK7sZGMGV0Sgzr9p2PrfhDbon/ktxMZpCXNBlt3amgZouaHEs5kJw4fBxjvHDIhNEngC4rPHn0apTyj8ZtgBmCYENL63lK3RztWj5ie6qmveogdnbH4Cr84Z9p+4XRCMlKzOIPQKjOVNhVLDW1bhuXroWJTqVTTryEtnM4ynTvGmykgf8cbm+rh1tnlBofGIUDUQD27zvA6DX/NB8GUuUoEB9XWCxCMhe3fIckVqNnfSFTFKoWUHHbDbEjATdgsOok1KASA0dMLNHuRMjEVpMw9eKM2AOiOWJjl5XQH/8uuvX7x+c+sFtaaIjPss0dIx1+waVp+/eHH78bOPH3uY4D95/vj2t7/79y4x//JTFvzw8dPbBvu9VW+jfskNCVKH45fQFLSMSrum5WI9uc1cNYLLKgi6ieAsLGC6ENzYuD+65/bMtWlz80z6l/fn+Tgs6c6MkyrCoDRt+zbbR8uyQr9lAPmkbolyOX++7DaFmQLbAqEEz0s9Xr8keGHQ2sSH7syBQJ+HUZpcZvLcMCHvBKNhoB/xJrWkdhB7gtIDL/qz+rB7g4qgWQQ6fUv2k7hHA8zzoopbmpCHHejSo+zVZGH34ddx1CRJIUckBLftdmG5vVJTzo8Kb82oicoa4BYyFq6L0myJF6mt5EhmYHxjh3M3KSoMHnZO6GSmIEMhq7OAEzd4ya8d5rs51rlKpy0Lsc3tOfHSfGoC9ce1LYHNs5WAkmozvZYjv8/iPMKAZoh7adCbe69dWo5yIxwCuCS2SUtlRGQZBYA9DfH1m1cvnr/00PPMxf4eJrATLUwe3Tx22LX1btXpXedMIq3EEXF0zoDDKLJNV6ZrH+tPKErrM/CqVd6h3wmjBaRDpZEZSr0rhTJRuEl8tTDaBQpVicod/ONCfgKuLXDoT3CDzO4Rg+5TmKIyuCDrP2a7fY9hPAppxeps5RMRiN8kmAcTB3zBtg7mTjjlwNQtRlY6guNf+CHUXz5sNwEO6SpTI70nowCzV7z5SZxJ1E/2qjBTFhX/YJcJ5TBhB578gKOqcy/kNJNCX8XwYyIEyQFmhZeE7Wc6CLXUfBPRimKrlrR6gjlsSoxihOO+LRaB9bWiIqANzTmiXX/Fcc5oTxEODSvq6rFOhHVEZaQnRoQtxUhIxREZG91y98G1bfCf5hGl9wpTYdO1HeUkIXGYNrxrfajXtUGJESRn6D9RGU7Wj9gkxPluL1Ei5T9FruI76kXNyF5KBFMR2nZC9TO0TJ0NVBzXNgLFrOjQvE/MDD/AtiRcwC1xKlM43Gec7eeHLBWzKPfJuCHbT8MjveOJ0vcFHpRP6Gk3nuIiPKWRZ+soJA4Iog9o+tqr9C4k/EaGoUsS1IToRymzZ/5KkiYhQ67xtXsoAKi42mDgTioHSbmNYhNkFEKN3GoXVe0N0VeSED42jg5dDBRpVrFNtNAnziQPNfwWRdmF2XfAC9TtVbgKLgNRG0piZRMetYtiZbPWqicP9kk/xsQ2K8MyregJtjYzgTZ6uHjWhlbPHVBT71+7igGWhmUuXnLT7blEbpRD5bQGUjcUeQiG52mYYjIQNHGgdHOIr3/52eObR48NexM62Dv5qVR7ivOUM87pU1y9SgNJmyHTZVxjt1VZt48NGwa2cgHHVq89tGyrAdgAJHF6eO+mrtC449KczfjdD3o5xl9DZDZqiFdYEgY59zNUxyf2ah21fizomYqZIbwyGxOjhFzMeOW0e6ldfy5RAoyAKZjpErEs3iOpH1kzBSLyWN6FNMcYOsO6+lC/ulWD3+nOmtSpfUqh8sFmN52tNje0qMpemYJxLGX73RdfZZCpDN+ATvzSqAduY052LzpjZo8/+fTXf/7tRx/+6q//Ne5/bObK7aM33SeRMWoCrqLWm5jLYZyJ15lAbWe1zaUtbur8jrRpkjmTzKwSjYS8xXPsQkZZUjNkhdNiqTB1MrHVt6zbRCzvgmfuwpIEPGVa1FOOYM6FHEAHYYhWfc2S5wK7OUMLDCwitNIoKAZZ0Hbz+Enr6wggNLSizxLNPzkUoxOP3DFBNiFLFuu8g6OmrnajS3qABqGK7y3NaE46o6lAuq/83fs/zO2ZuuPqcEhbyt7NyBO8IFRun1WKvDKrrhmLo66Dd5WZjqwUf662nFTmWjAQYucb8w+WTjzeOK3yrE3ZLDk5rLnl4tanM7Xmn1sH2SCNVdPw4Uk1iuS6EOVot56hUx5HATflWNtXIbBvbi0m7DlNawqu3XeLtPhOwhpX72FiNmdFRBUVTXwqvf/g8ZMnHO1u5V6pZ86Yxd++M3PthiqS8UXt0tMPPe2ShThMum+pwF7xkk2IzqEuys/pmBG7GOzt2BLN7oYmZH2JKl852G9INCvZal8RvdqrapAn2ao2AxRXEKgTscoO/FK1IYiJokjNXVI1sHEHQCJVmOahsUgKZcVEDPcLoErbEZXO4038ZPNdPxPWQRkJwKdqdAHV9u9YHuEhc3pCJ0B1s4SAjRJXxuXkQI4P9cJ8UL5mvyl+BCnoSBE+AdceBzUZI+5osk2yZI+lg2xjSz54dmoqO0grJbyNzxHqqDywzDfi4jYzIKdxpI2vi+CQBriveeNOg/1m1DQ6suRGuz5U6FxRRzZRfsKJT2r1hbijJHI0Gud7TXqcD60hLCcESdt5ZoWRyKTH9hff0ZokGwviP++en5jFdFIOqiGpRbinKCJ3n0H5ImIYx0piVn0GC6y9C+IOT7ESnyyaptN2BKI8bfsdmwW/g4SgyUVy6NGuut/Btmc7RK9yx5ccQOoYYjwkqBnqojib3R0JCrsE1JfosKJZmwC63zhEVtNUmuApefnKroirpE8Qq2eU+s6jq7oUVxFU9bbcFk60kYDQ8cqSRWGgfQVw0V3RyDUWHlLpN038HPATMJWF2t+oQ663jYaADPbs4xat7BavFY6iUUVf23FV9cijd33XNp1HrtEHPpiRHka6T2fCRz4tM3QQDaDRjaE+oO9kbooEHx1uI0WuCDy7myxpzDBG4dmoAItDNhr62ZBPpVbk1zWf5fIn/S53KnMoOYNY3tRVL5Mv5YletGrMR8y+bO7jJ5/ePPK05mObWQ7ReqIuVEW5ffUzSxNQ1Dd3aKdpEnYSc0ZntNhGotvjf0naiC77soapm1jVyTKkC8ARo0UM061kq7/cbahqZiiDsWBVxRwrJFwBUYRl20YF46j3jngTXtFre/fqBb46iYYxMx+jABGh8ioJ09seNHMueRMG67xN+IyZqmRGOkvziumpUMvJskFbboi7ChAnabM6oM5WOmBruWeWpQDUMiuTKW/+/vdf4BR5kVPY0AHJGqAxvmV878j+8vHTZyT/9Nf/9N2bV7/57X8oC5SRfPTBfN7t/ZvZcEKQNq3YIpfYLYAKHfmeQNppU/aUmXm9zclpyqsEgkSDuZrikrwLQpnCTpKIHi+asq4lpFuN17MZs1w+KM8rZLeOkWrMX5Cqbi93+R8ys9sjUVVzbc0FHznTG4sRb8qQkOTorVLtQeWNWZIb9HqfEKHk7uTJgLomqiDqYaCyODl5U4MtW/RNeOIlQA6S86UPXzRAJE/WFv2FldYkTLBx0uLqreDcOUltoNevwJQIyg75zeNg3hQZcLvfgphvnW2ggeB6k3N7jZytuFgTFgPaGsMmW5w7Z5MWSzi134gzBtjB0NDzd2qXCd8F3PxIi6Z8oyqcwAMhbcqTitGc7kyqzJVZcNIyG7cTlYJi00F3uU/RPFumi27X3ylV4yjwWk0BwZSm68iqdAuvvCdavig7LOFNEbLUjiA/evj4sfeAehLULTw3XXXqlQbnrxx2vj8dZ95FKZeQvTCdQMTNuwzR8V1+aD8t7hoYiqDIxotp02HEQQTHXGhEKY/bG+q+VwySMc9mfwF6cc+otkRd0xmFRJl4CjE9LNq9ysPQ0fpK6oOLUbjJxdiTQ2XcEi569Uv5K7+PUpKqrTLa9XeOfNWEd5KZJtGNyORerj2SKhRNhvDjkQsHK04O0wjm2ZFl5JVH1E6bk8IZMWR/nLB+bOC6wRltsD+JEd2U3ofum6NIDj51OKoMMqPig7ANMypQb8ZJxjwXzcodb++0BWNHZ0zh+C/85+XURW4VM3OapwhjqWg/RgSrjfcbLzp1sK67ogM7YWblDMsE0cmY3BNLG2BQmkN9NiLKL1WOS0OZvuo8/d6GQhCTOetMiChBqONLkoBHpsLJm4wTMhJZ8G6z14g+DY5UMDoKmlDjlt0otVsiBluzOpLgQ+ghjOQxSNjxUJ4A/R2SyYfUnTUrt40b0EMmq66wHwf1+wdm0KdyhEYK8V1tQDXPBqsI35FllMN938tJxoZms8IMHl1k8U20ZHZwAZxiBWc7dC9BTwhkqP2HHA3fJ1IdLJAuskePnIRWMq5Nj3k9zYjOgVm32+XExGhFsjP4kxk4Sk++JUxoCEar38lC5XVj43KEySrY+9Hwioo1k7qH0/qqMnJ7jllpwszYhJlpEoci18VfXQIkSVYjR/aqo8W/MQmqoisvJXTTy3suiZ8j366JOdc3nG8WoRzCEFr+55mFzumd1BvmTnbo0BLByBoRb+599vEvbh/dePEzmilwrH+nEsUUMacZDt8Nge6hlLu4zGTgeXUmNV3psxYw3cgt4/GaMleaMsSDm6RohGQZhmfRwr4OzRfKtSU9gqnPHgKXLyJTSjD/GixqmChhXceR2FjrZl01X+MytEt6eqLvK23dwFYkpEbRAQx2WQVgo3Fzig/Aew6wTDKnlPJqBbsaSBp+6X4LRUebIiADNNILLrL40HNrFo2yXr/hmZYWdrlxGHEsTZiBafKw91P88OMPX3//A3W4fRKJKxxa56eXo9XC8b4lYhzlUrM7VG7+4r/5+sHD//ybf8ODv37/+ZObm6aVAO7GiJ1olH1Nr+JdkkxPHZ3nIfKMRMfisNIQabwDFsigSxBBMTLDWFDT6zRS/GEnGCwlk2Lb3ESLxGJSV0V1n1mgNjcl3NLbtUuT3Saw0riG4q+AkuCI1GbpTD72tL9ms6mLIs4y9IK/DLo5uZCy7HsT05ZMKC67qyfv5hffCJNbayuXIvbsJ+X2oEXWlMh00c9pCNnaPLm9XK+0XtnwEBAPhZjCphU9wbpr7hJGnPbtLcY5rj6zoJQH8Wm3PBGVBdgNZbYhEHGhyFrvfzANrhydTqWYCIsuvp7Ia13vE5oJaQkb8UjOdhQvhu995GmDmoMI2co/lkrL1GAsqaZzGwpqEJJadOm9GNmwx0fizbMGXzEILBiB92KYnqWTTbgKbdffb3UIaY4jfnxrL5MSpcf3eA7j896mx2o1qaa67Wby1ojeLj9k6dubxz6WOhRKmYh1LcGUwot5zaKuSXCyXn0qhgRAKw8shDDNc6fxHJtCo/7VjmAUFKdlVc/o9aLoTfKAC65+KiJC/0qqPoWr2eEho5goAcPO8yseSqCj6PecFl6A8V0dqv7CLqYmg2Pu3GFEbXXMBz5wqk6hi0JWCGguTYiobKC0lyn8x0txwTV5ApspC0TGKuaYdYprn5k3XaAI5yU7SbKQG63qEvPAxR6jeGbaicMdY3/xSaGDGWfI84Mgmd4zEXVk6WGtuYAHFMmRjx8ZRySFkiBmaTRZAlxzpmaS5VRAUVm7P0dplg04uG6oUNhXQRGj+GWw8HzXYUyGYcUS7ViPdGIHksyiscnOCAx5gkexafsMz76h1VySLN6Bb6fDrJcodmPqBrTJDg5a8QwxdQ+Yvbl2cm3wWvlAwzsqhHCkRbX+JhqH99C1/07CR3c4hxcDJok6rZ9+jDU+qTah/CSsz1UCOsqh7xv1xdoRc0pdnhqE4mAn1MQ5lCZ0pmj4LjCD6ktZpdfRxYOVdIfTjxR+281hGZVk+w7dJ9MfmyhGJoRJsu+aQPX7D79aEoTaPwxfh5O6YK86u5EbFV/hzia11prsTgSGoW6MUVIeQsDFQHoqlNrU1IYOFQ9wNZA10QRQVL5kp8AJXAgXTxUB6Dv+88QVKMlR1bXpeuO/gAFvjHj34H15iVszjTo6eRxm7hROgqud6sBd6TN9gh4RGrazGiGi3+VO25pnY1hdiVEURidPTV7U6Am8C2sN+/IE/TSGunUTh90jafhvYLh9+EmqEBN3shIonYv3MaFfixkKuAZLMpqU6lVmU5FQBqjMx6Je4Fq3Bu5MpdDJgNXjJM29lZnhXj61LM0hVaIy7HjOlzig7Q9NShuuUn18wB6u1JHkyX6TK3EFzwPvhEAOuq+cqStNsaSRW6ktbLr2ZxR9XSrQRBpxW8/ZZGjAmds8Ij+PDvHfySOQKMXMJcASDgMcUCrRX6iQFyNOOO6Xx7h5mbpfff31D8+fmzkDH2IOSle5RbM0kFyMf/KYDT2j59XTJ54Zc/P4ycO/+K9/++Gj3/zdv2HtX3z2DDM3N5uVE1riBfNInXWTSdwhhUs6yCslotcsRdlYplnTfdTBvQmuZKU9r5pBa9QvDukGWBKzViAjyPjrKN0dm92kEs2YJjUzLCIbG4OCVIgkXrXVzzebjmr//VvvHheauWPOXVQfGHgA8kEtIGh0RHM+AY+uOKpZZcRFgYasM7LhpTgMOmTZEioPmidkJhiNwsV8njtrWndYwpDNymghCyTTmbzx4U0ARf0FsDWVR4qYNaHoeTdxa8PNPT0SZJduK4G2NuQRFUvY6zwYtRlEMjUziIUGuBcJWqbHD9JNazCjBzXPOrszeekeNB640Um4ZViQ33v3qCDMW1J+/mmGHCjl2QldHpnHmbE567zBX7thPwtYVuLEAYrNqWgBLod74awRSXkhvhJPk4dkMGuYC5uolSK6wlx2aLFDQ9Nb7quW1gAAIABJREFUr0B0ufyd5zZZS8qIuVnUrY9ktszdV88TP40kvVgn5arbNjt1OBd0VNDlORYpJRrSvgpDNsGk3tcv0cBFFLJvHeAFDqzYqLYIH0yRFNkr2g4i+JDq0ldlt9/Q7BTXNoyrX9EAUjEdKqT15sZx8z/+cQ8g0odOoo5sAiboqT17gSjs+7BI4PFZUQcUhe+wqkHPSIOv17zUzvbTWgHgY8cjZwRnJL82JhzMJOk4ssg79m+L9Nx1DJnQCq5BgCjwE6j/SjsCHvHjj0k7mj8RV51bQK7yIITB0ZDScwQiVikHRiy+pDkAUyPAw5CGiRrnQWSii7idwBZCcRzGkSX+wBevJ1yHlyYnb+1MLIlQO4FxSQSs4ItbD9OIOVqOxzOgxBleltzBqttNgAMReBz917gCu0gMZlJckDEceDAHdqQqVJOGDT1LBg6HBIpPQuqB2k+PKGvvodmN6V1MIQFdiKXEIb6Qj23HC/1RGZ1IIDIQZHhgYsQ0upN3HItLBev6T2PseDTu+ACP4RGwHQIWtEMkV9WEU9pD1wZ8uvlw9j+I4IL225ZyUYj0IXXJ2GFQmWaS+NaPTORj5uNdHahhJsMeeROItR1fp2MxmZQz75pz/JMWwaNd58Gnf1K4YSl54KGzvUm3noJ+EyuhY4m2HERr0RVvIqfktMcTftDxKjP94Aos27faXcffaQLmNSLW06WHnZZ36Qd907PpiIQrnylF6ikVMEN0ZcizX4oJY1JPrjUkuDtR2tK5f4KYHZIsPvjw6cefI9bY4X/zJA5xl3/NTlUZLca/8DOyFeUUNMvx6MHrkr4tZrfSqYHGhUkyqXwg+6SWWxMeeV1hnqm3kPka7NLHZw4mjIyjuaZ50gQkCmlxupGBDjboOvCFfQfyYT9unQH94d1Li+s7h4mMYldFG5W79mrIzL29OmxYrMJ4uKc13+Q0GJ09kIR+82kWgOemkjJa3HKHUb1LmYQo9AhZWBmiLf02F2UwC3vpOMMz9avf/f4Pr96+f4rA+qfiUBc2AyUnr3GvF5Lc3Epgfvz+B0lLKxMfPPrj//Jf/e6jD3/9t/9H8fHzz24f96JoczyuOM8GhO0JNxxJ5lms3AvvwnzpC0a6P4FBd+431SR+pLRlEZsQLVPIKdYmpktC9VYSnoDiKwtn7rYsJ5alJizS2ZX0iuPWmTSXt2YHOiKeTNPTZwhKQkWFyhZ5y/pKmMhYXmquzpSV0G0pm1hGvkwd/egs9dMwCAwdvlryR/VEPX85vyvDb3KOqMxWu0zwnOOcaKbCPjtnExdTPbYGaR59ePvuoYmuVJc+hoBCAYyFfCvVnct4tznxblRgZ7OscGkuYpGRH4ptJtIGNBOPsGwC24mmti2wbnAsWupn8PeXld1Bw1XoxZcVd+7GoOf6O4plgNnTEl9v3OyCwVLAqRgpZNJHq+5sLVFwEAWdN8JJvTxLAog9uDGTiwwpo0cePpYNe7+j/PCVu+ybfnaLUHk/NNf9C+wnT57ceJu2VyLddHGZo4XJOgH2k6RmCk8Himo3x2+wqaeqhhPk3M5GvE8pdSdqoieyguOL0Qh1vqRRgyHfBTGUtFQnegU3z/5EK61U7XTojN0JUMxDJGfxt4PFQdzGOKz107Vc1idA4lxCMdaEUVfZgrYCzE7oHLjqruC82CX+tuGdXd/nCG7SDqnmn0eMREkwyAqqLMmuGQZZzapXWV0VJF/hLF9oDHqREP3xuIhFeWUQInYHW/HadHxUzRiCLWFwOTLUUmtmYY0p0Hh3FP2LIKD2kJuXJgwK+orxAyYk4zMqI2Av9ONHhmHi+pg8oQZi9pmE4V10k6HSrGSLUCUhKmkQrRRNBfMTaigBHh8ckmq0Jx5S+PjuzAry5M30Q57MeMGO7qRtLzK+Jml1DhTDp+0kqB6F9o9c8TgFp76jEc4+ZFXq4882lHOA5oE6xQfkckN8x+DwEaPnMIZxHmIY44hNpTp/X1fJiZZEVVf5JMkEBwDTn0CHfAc65aZ49RB8H4vdCUXfYp1RfGVOMMc5lQedAeqocvOBriQUzoi22oB8QTwqRT1Bsna/7QQQUm00HxyZA7CbaFWGOJyoVqJTUtjVmMjBOrVjENtj/sZ/wk28cLh8hPoeYkfDVNV+Xc0gfJ2SdAt4bPRdDsIoZI8aQw9pTA+yspWc0C2qEdO16q8LMd15HRLKxNPLm90x2eYfaVvXjx4+uDmXq84w0CDUeABjnDIxXbp108RJeZFR9MqJmzpAxRhoMdzLVy9MGHTNeYuNyGFU+Pmzn4PJfj7LEmdV5p56tJvEqUxKt1gYMEKkglGw9Vh6t4wePu91wQrziYMzxVQagC2XN0VDzhxJuzTPdhkvRWFn1zumo5dZu2x+RImaXUNqBBu1FmHLgcls6MrsTetsUjOSTQgZhVmqLLtZM/LMyLIlRCAkhC8AWZPcINOjqHFQvBQ3eVoiSLEe7bYGkM7dWkvkJt226s6Fctd8e9VY8C9fvv7Nb39v0I0tUmi1vpOmZ/yOQVFecvDw8dOnWErhiS3tefz041//5b969Ed/+be//+qrb3/4/vlL13Uz2QwNU5LXpfJEQ3ZGVuceIicAcxABrDDKkJ1YgKzlnbaSmZyskITxCeQwbfG3JzRdsfSOuD2qBnURmtNaopdWnSidfCKV5nbGZPZH+VX+LJPdhGIeXTvud8TZb07uiYPCuDWpXTfP/Kar7BTKjU/sXHzHNk8TDAm46pTIxs1aoyjVfeveILfcL7TO6QEkOMWkbiTflTb1m6ZNJR5SpaT1CSnAPh/29nA6Zl8lwtipVIFc61zYOAXKMiGUjhUvzCnG0AYkyD3dqbOyTRB3sxTQaVBa3PnSFFGtmW5aExeBk4l9FtiIlR1yVWETr/TFvq7Cj7+sgEcKuY9JXNG2awb9g3V6WZYXXVWduTgvskbSuRsJSaLC1YMuLhO3eMSBxD21Kvc+ffr09jFffOTEyFv25ru0xb+HIcw89m0OSis5UXg5qFksUjJF0hRw+1+QVYX1MYJf/5jPKwxZHCubw9YvVl9bTaaonOZZg1wcKzkVBVawh1dinm2IkUzkyANIjujVILc3UJT2l+/BDHokJ/9AHNrWhFhW1+EoXS6isw+8XdTMRdglemSTErO5cT8RiotCtdGwn8Eg1D8m2flP4BmcvOpjH3SDsOKIRLqa0XAwlkFNkWBq+QcbbXEaT0j+4g/Dzg7O9yGWb8c7ylXklnU+ZyI/8UY77RZ1J+IiBTHCR8K7wwmbHHe1aZAAM8NBG9Ywh1uojZIvBodQySRfpBQyx4iXMqqivkhEIRmTUn/sZw2nR+LHNaNmjeOgWYBduqLlPylDOz6JzKF1blJBMqkZ406TVMBAiQp7IbTjG4wxUtaEAl6nNGXbjVK70dlBBocVNzVJFVR1FdI/+I4UMkVQWE6HoO54RHEiBAl18Mmn4nz7xfJQCDEuIfXpv13IFfSV2Svx4zeKrDiwbDXR9416xaEUZQnWvm3m6SDvJEWmitV2Qra/oiS8LHUKsfypEkY4/aCVHL6ObBVPEpVpFuPIpv44NaaOyU91iCTmxXZkZmVQbL9zCKLa1d7BTcj0zp5iB+xwDoHcFQPUKyjMxniyJMZML2VklilPC4EqQCZuGUfZte86gEg3Emm6zfg0AQP/pBqDMUKYVDJUAyWNvt7+5IaUgQw3Ud6dkfHEdDLprxFeRlKbApFbm6fow6Cgdl3UXEJ4xugnN5+pdEDF/aWaeJaamQfCDYmu0KVBHbZJpI+8KqLXVb/uttl7b3uVtHcxv3kZ32bYIoOruRd5Ljt4W4NnP+sx7eOjoCBJlWVrD+5bHV/+kcuSEeMluixZgsvghgWWP3YrYBtLpdd9o0l/ZUoNcjQueSCHsa3xxZTKAxNHZOs676IdD2ZoMqrNbT7UPSNvnanUUZqTRSysLI+U+TXAs13fsSoSDPCFQgsWu6uGwsgVixDIlPHePf/hxz989W3uQTHDtI2bX/bm9sb9irJvaY9bfF78+MPTZ5+S6fGTT/70//o//v2De3/1d/8e3Puff/jE7QJPOmdgP5oeA8JONHOJ7153bmB96ubE8C3ufNijSGhy0ZwQq8mIWG6PIyFrLUDySzGqwrCuzURvs0BQU0qR9MaROSJySQkelndLODqRYULmSkunLdklx3aLDFuQRz1/ZcMJXCIyJ/OmqSxWMC1qvzf5bR4L5AzJ0IUE6sfkzZUSssRPZnjMlaXB1NDyTc9mKl3xtGxnKa7QKmpV5dxetFi894KW0VxEcRtteOf0XF2tvffA7ceMazbZlVWqvjPP1tvqXpctOd+giCnz2+a5iwQ5mHOSQivfs7Mybn34wF38C6JuD/M4GKbMjji8fFPU5n1WLy0jQvli5mpGxymWJM8AhpCWQn23MfX6onqLwGoULuzXlL0mu8PmDvMMqXHd1XkrCZkxw25s4ePM4CXQN97lyBDWEJb+JqtL0KK30Hl43/MorSfo4nIvyTTFyymPHj324mgRkOM9YOhVr0/0TJxCfQ0cui5L/yLuuZHG3FSulwkW2/MAE/FSxxlrXw7aY4r21LF8QzepWEih4Kl/tjU/Gf5IgEZ6nXJmRS/Tt0fnKhCshUR3zSCDb8dXgOjfDRBxDnqShFL18KKUnEmUjQqd9eNRHz2iga4hR8Q22n6PGDXTKPSTAAEkyXZVxshGpsoQCaJKxb4qH2V2CDTg5O93wKOQ+QYf9lpHVHxGNdesNgXXgzlEI/X9zLiHsupqDkwkBKvEPyHawvE9vhl7xXOXRIicdf5ZKNgIThnlRo2r7E6ZVIiS08GjioMYz7wyaw/SVbDTJIzSZBtCa0KMW8AopoSwKDyyn9/FQlKgPq8lz06uEj5XwlJfW8gCsc0UxIkR7yYvINhxIIVfMajURbSppXTSH6GGt4qV47fwSmZU/sF2DldRKQvX47TrcziB7cQjW2Xxy0JKI3S+KgW91gE1zSI6QQ+lqA3mTjZQthxTzSEUSLKupNKDlQnsL84GkZoKM9K2S5mFYgRqaQOoNuwYROIcdKhzxyenVJjGB2RanQOlHLCHkN35L6b+p2DM7UV2+lYVi0XlAayof2wGldjHtwpCUjefJoVIrUyRbbRH/gocIl2MavCA6yRCmNEjFOe6/NOcWWAJrzYmIpMLdIEYmT52Q2UHQs1idCGtr6zTRsAT+uBRM24ZBcir2zZIy4vcI2B9HqiGumC0ghKK3QdavPDI6cvqhBWzpzmxuDfR0gVPQ2IhvLDvcqFJlSiRglgmmqw4NAab8DO8tLixfRd6jb/3P7p9/PhJKU5pUhlrw/kG4QyX4+hnVzO0k5pxLUEpi2ILQteAnKV17ZVU5oSaVDOTVQBlFCMN2tQqcXn00A0xuTzqFKlJ9EcNls+i5SqRgooHcxi4UmQqQTLEGrXgQ3pzVmoyibkdS+O5w38YLIgaRg5LhtDPFxzrmmW26il6RuZlIZ08KirBAcLEaeY3ZZs7qdNIFe7OtSdeNv4xripil0pG1VX1KLx+6cnTr7/46stvvv2u+5QziKG+DGSynBylETTdbTnvvsWIpq1++OEHgO+efuQZN08/+0yO+NcfPvrb3/9VgfrpxwLt6cdwljl5JW4PXGxC60odKCK1IwG4/GDmqDUKBWEpeJzkGHm2uaM07TrE7mAeYpFI4eIgbMEAWryUkV0Tn9ISShYW2bdeO9/R4JrB5b2Mv3hooWdOfW9dnVIuz5jTuAEA864y14hQQ2f+4hkXedMCLOoMR+zWwoLDTsYVsVxNDFYRc1w6dA14JyLWGJQ2paczhFSeUm7NIA9ubuORb5p0Bg5VZC5otlCvh0DlGqWzk+ZZLPgmszlCN+ajVlhWQka1pE8d0rpiX66V/VIqScWpV1pa61h56pbEI955C8GF7ivwsq8QaF23NnunYBk2u+05ohJxuzxXi4qxq/OuQ988+ejBjw6TodCAnCC5meJ1G6iJe40pR7m6jOu9nr/j5DRzsJUfK0aISwkWY16nVXsAlvz4NVOQ3STrmUNNqVZl9Tx2BNN0bia8XdmnMP7og0cn5pTVJsExE/k2aGSyA8/DZZcN+qgyaDs5tkOjaXatu55VJnlWYMNMkPiHdiIgiO7OePLJsWSMyNH3OFZcjcL92y3kiaA6WrmN2Ad6YlZaUyXC8XqwtgPUONBf7WDgBY9oT5YpAQ3LsyvmT3GHPHRJphCx2CZ2/3A4NOUmH0MkHqgsqLCK9G/fd2F4SaSkAwbFv90Eq6sOPrQB+gpnXV0SXX8TkzAdB+07o8ZyXJOw/Tltik+iiEYkmPgOgYoFiuKacUgXuckAiDqJFCc1hMRXCF++qqRKpeIT/tku+h2MOLBkCmlmjkckY3YJxR/xBpLFqj1/EQ1x+hdOp0Meq0HMSTvcKqsUQWnEoziqqeuf4GOXFAponnSTLTkvlixSaE3isEbiGIvDtjPhIw6Q8rMpsGD3g89CK+AV1mL6KzhsiUew2k7bjol99iM6yZHeBq5m9FODAHgqLmIxxiWsSFS3KLXXUR8AWF+VAw0qoSASLpsnXajZxv8hpJWot19/xjIXwDQ+EXOI415ZfEbT4TFZPA+x1Jg4efFQx20Up0AqBBLG+YroMABdElaJY32BUKDADuuaHLdvoO83WZfRpxCyY1Mbg5uobft2mKAxnA3vBMOhkSDtznbUaRzSs3UnQTNfDdXdQ2qkeNOaOXw2YWMIwNFc1qOSDmz7L3jS2I9xxkW/LmfotA05det6+q75mrUxd+bBvL0k0HvejNqxMV9Qr931L+NuY+gM/eHZs5//7NkvdpBdN7FSX+xuz0bilPV95vYyXAKY86ADIrgCvf/AjATkJCo1aFB1wBsNhlRioa6H9rjB9ss0m9aL8uRIU5ZajBqxzPNl3cUg6Pq1ABuxTjJ3vjNrEnTVIGatfcS/YdRAaHZl2V79K76cadkbC8VHRhLLpoKISalmxMpyMokNfFb3n1Ov3qMQQKn+MGenRx19eQdGy5/8ukGVAxjgnTdRyBB//8XXb95+eNycGZ3bSJxZzv6iSaddoNCl2PrIw0Runrz74fl3j+UEn/1cVvHoycf/9L/+n//+o3v/8e//PREf3noFMqBuJoA1sY44Hu9X0+ikulsyuqfVkZBTIrIaUyVeCrNd3UT5QTcjm6DqtCQLS3BJy9oabGOX1GqTx7FprrQIlXeZ2ZLrPlpaxoSlUaEjWwi1YpVViWcZGqVqNi616EMQllK3ms3tF0u+TI33LB7C5OxMioCUCV8hQAsyRs1NSChZlZEpCx3CUye9PrxhUt6SDOFNELqU8CBHlKbBuKliz/jxRpGETNhhr0kLRwLylNZkAg99RkutLrOiW6yAL9V2RkFEE3DvXt8+fKpLEGDyJqbuJKpwaQkgzQH5plpZc6YTlR+9fmc2Lv+bIqSXqUKpWWx8z8JrUBJFD3tyEaE01B/bWAi7tCc2yO0esdJijajsv5MY+ALPomIGyXsMQexaCFeXtHUGJZW0Jli46hIYWLVJw3rwnkLQmkEKmmNW4Q5rbsooWhNXm3cs/K02fmiRrA7lNJaMUZzkPzGwE46Uxe0xZWi+ZqV+w36BGlytHZOEXjeZg9fNrkxpFCnANDznK9C2ITviQUSiraxy4A7avX4RiMTwebmQuQBWvuqkyZ6BHsSzF5mR3Zhf5Go7nB2FiJ6/C/WQrdy4ncqjSTyUJ3y0lCrnVWAOaqW2qwUHivrafxLReo0JTJ1bljIEBFPHg+b0OqExS8agMlseB4Jf+5CyNEZsVVohFoAigpggOTSSBzgSOM+wUcJWC6004mwwiAkd5aArScb1lQqTtJKzHc9mlkBm5mOcdAe4/LX8B8qFVX3Gyj5HzoQNnMCIpEXQkzt+CZ5RQEygS1QlWgb9agK1jer7wygnjGYSkaH+LYsdagPOMI7zl/LJxC6TY1qO3qEyUaoJCquLznRPruPpkVtdnBcGjtrCijl2XLIfJeszkVY3+x23BVlRIRBqIvrswGGiIzU5NahVRWs8ggopoOFW6sBPJI6A/VYUzrVNmCErmF1Ghnk7vmiPRnQidxGLylAcj3c1x1od8+B4jbFyMl24Ed0Wo+ka+f4OwXFJxMEdb0blTpaBjSeMkb8w7jQNMvBk6LudUwKcuetOE6GuiZr6V/1s1IcUaLp3LgEvkJyturaqaDlCAEX2onWmknIWTmN+vpMOzTiNvvZW2y/MjbR+Wq2no25Q7qJr83lEaczz330LD6UWNw8eeORES8Wb7yqV8TE3YnR+dPvo9vaRt19Zdn7r5WWP7t1YJJ+2xrNNHBBWl22yAy99ve9a6i72UcXBZ89+9vTx04yUkCnMRJzSHmlqFI17uTJ1qgu26hawC2nXnExA0D2P70IVEmZGwsnVihmqkDZpQ0YakyN2M9VGnbHMyJS0Ii1eDfJrZBnt9O+5q01n15TWpl/mKjxo190yKWL89SS/5N9o1aJ++CZtag1HSCzqgCei0tKLyTqdlwGfpwjJaMlZ58HPuXp7DWWJn8btcE2GqTuqN2fWFsb14rvXX3z5VfHjkvdGl7jAICSaDewu0EJrkk9IiCDRxcFPnnxiXvfVqx+/+/471/jM4jz9+Nmf/OX/8OBX/+Jvvvjmq29//OG5N7M0KQZ+wndLwNZzXVI5Qit2xY0AKLejXQx05iXbSerT4bq1ROiBJwWoFLdTGUmSKBIG+DBDlpjYPROxsxOk6bApxrjl7KyBNI+fXhBmvuxcweOppZ6cwlxNZRahtYfc5X5zgHEQBABiOP/bJy1gseoPMFemkThYK86UqJTikP3NTFhOX4DJluhY6hPVTpPY9JWRHmnSlkBToaFyKqIggSUtJMaY5vbrb4vB5mKNr3zZM2ImbflAkS3p747yIKkwCxQFjbediSHZXdIZs+CFWwB3tqaoltP3cQfVNsN9ZlVj0gUAz2Vct5EtC0RMWPCcguLOLpHl6mqbfJW19ZfaE2mu7P6kUlOT7ZGsjK2LCsRzNFPrVyT33bFeiJj5NHfI0p0zFMOywzMlXKKRt5g3A8REhAPdVnK8/FgF0xb8YqyADLC/hVw2nfsqV1gSg5r62iMFL21Too7MlpV4d3EoGIY/y0EgyaETsUTLsJUkVz9MfQdbWSx4K37tQijoTvGBQ2Rc0yxgh337U6/AJy6RJfLVL6im8ImFhXuCxVuswINFy3aPcFmChaY3fapGLcZpHKs5aMUnDutlRgkk8ddHBRtbaLWSKKAbiWw4qlkjevuqCOEkCda/L3srrksglKpJWoQS1hdiimYxDTokgoRM9SPRTBGTCqfWKHUYSHTiseN4RTTKR+vkHlU1Ee+zcRjUdK4lV4cIUpkrtiOQyPuLFSOwla8adzxISN74+jtfxz4JzKDTNtJtinDOB1RN3xBcZYFxGB+wiRT/CKbJtQdlRX5I2INGYVV0wbQwfNd2KopVlUSwv2bVDZsGcOtlZq7Jz1eaZqtwJly6ECZ5qj7/qoqatIluo+6mvRKscsWJrzK7rCy4CNWLXlUZS1ls9u2r2mHoyKqsosAJ7vpKkLAUD6QaSFnXTo4K8nh6woBs3BxhuPUQiXbIXsJ0AnIkV7fa0ekrRrNz+iOyH0YaEfV2zGFNpCP5hJ6wk7o2FPW+xBjwCI5O7Y1EyXfO8gNzfITDKyREKiqFKibIs0AaF+UOih3NPsMWaelSNJ3mODnjlr7+J0D9x2wkZB545h/qzuvvm1ox36XfrfsuFpEx7cFmnmSBdxM/BikxpUnWy6QSmoWVO1d6RgtGia3AEMYuXTvWQZfCQm6Eabwz/tldvicAm2Iy5H3++Z8YnwGlhcyBgEdbwwtuFKx3izoY5jASLrvY0OcKMB8zD1JyM4b2LMBMZ3jo5k21uIpYmVAySupkt42fa3WoG8MYpaBqeDJo0g67kxZgh7w3Q5CwpEHNyVpIZvjxCb50G0/vCVOPvOx5Vpw76qKaUIyjtVPyY+I23UL0ng5Y3x10dgIzZ7E5faPLCyIl81MOWGPwRoFMIvqPExYwaeTJw63NzOvM/eG9u6r/8NXX3WKEY8lUngXovy0C7x+6W4UqeLB3g3SPGJRPPH366fu33z7/8RtoHnwjF3/87JN/9t/9L3//727+z9/8+1b/vXv/5ObRJx9745lwjXSzZAWmzxy5eLd4rjMgEWFNQVFSbmcersAq5oRDTyQRVnNyocSuziZK5tCTRYgohii8TnAUSNyRc+tBS+AKCd2nn6IlfTgBTs2QMXR06cysO6HXzUnlZWIemi0AzolVGoQJjApocofaos5Zh3m8LJpmWCmtnRxb0V1KVIT27j61fFcmt4YEUsVC2U0ZP7775M9ePPj0XY9D6o0j0ejadK8kzyNyOovnLMBo+k15jajxl1GPZm5aSS7tsBcuf3Sb3QrE14qDq0lPV9NwZVqZoNyRNczgu2pQyGoaGQVmqMTPXDUAqx1yg+V99v3zca89LmaWMWcyiUTJ3YxVFhv/bMKddXKtmnQkaIpWEvGdFHN3UjOeecibxy4mECtW99/uyrJsebPLDOBJ5u6HcxbnvMSTFOdyk9X1dO517u18M0ozhJZzZL++86v/mon+pY6JJmuVdgEMhlzFUIz7TYNC5DQ6EHXnRUDkBncNKzWTqsHm/yGQqwGJ5hGqNyee6vqNRQknRSW8GGyLMrkWIeMaiQNH6Pr8hD35Z6g7LpxrX6mlsO6+I713vm0vPtX105aJOm4vEismnKpo2sKwN5tFN/utqNoZKU0nwYnrfR/Ui8ShgEee918cpimgjWvR6zMugWwvB43TUS6XzYNJkuSzwRE19AsqEQG2hTACShIhoJl/rjhQZ5ca0ME77GxxHA6K8gabVca14+oHU1TuyOGJCKJno01VwDmK5OsohDoRIKfkDpUigm9S/+T/CVE9uCRPNGRit4jiNuRiAAAgAElEQVQ8hYs1IKM00mpBpUGXRZJ6rk//OpnLDqM5PUY+/S5GSWX3wK3MLhXjj1ZCRCp1AlwpAK4aHvSy79Efdrj+wllrzAaHR8JNpirjmt3i5EfN6CVdtNKjepudszeylR3qRIYUhC0Wd9HjcGGwBpyFD8VUDHx0Y+eo1jR/jmglh/i1M/qHiSDJZ6ENJqUzyGQZrXBHIe6BVeWTWPNgp/J3KMnyDyCROaR9qzqGP6ZBhDSIkLO4iVfRe5yrZmrAP8T1MAa5uhvoy/zDyIm18PSKbEqPyCWw6tXMQjN91AJNTvuQwQ95nIx2LtGo9wwKA4cHZZgRCNDYo3+PvCMjg3FieicPMpLJfudeA2T7cOKuqzagrnfq0pyOsrsmba9fv/TcMteXjU2GW+MGwSgZ+u3DP/mjf8Yma0ozUfT8SyQMSi44wsnmGE0XFQiMwYTFp4tJbzzxm4HMKT72xi7ZoktmW6PlXOjOJqZ33ni1XdfNS1eLhZqa33p/ahpdu/y9LlJ1pkvQuJ+f5nVI2iVzua5yg3JjX3NJ1kJ5h9i2CIbvl6gWeNqtCq5//hZ7Y0SApDbuUtFGo+B2oc4uE2ZHVrW/wCkbzhEn45liWREVfiqQ5DSGk46bevnqq2++/eF5z68xDktcrfAqjaAipqBa6CYVUYKsWVUXpZ88dv341gBP0k+effbi5Q/Pv//Wy18+/ewzT0t89vntg//2f/pPnn3z+/9Yzv3sY/I9vW1tTMvJZUJyah3Z3r9CyaxlbbXoEu5LD51CzN0yku4ysZGeY+4M1oDBaA6zhKzoeKpIKE1k0oKWqZoBKw+TilR2Hqzo1LeLkFmTV8rDk4BxWL1nPpepZdctZRyZcsESTfLIfhiWeI3ixEC3PF48kFxsuxsj/7FNz20RyXh0/Tj3yues1JghT8eSScmVFm+c48jgPrz//tP/4qvHf3r/2x9d3pbAnn55npML7vxGK+zxhM3e1cKRzZI5vOYfeRdeX8owPC8pWXpmYctqeVQkM6y7jAgDc82W8K2OWK5ZCjiC5V5dNSgt3aMQ733kdpCwsmQ6UL0U/cO7GwqPHGsU6xnVMRDebBZWrTICPrLsAACZJDqdEqDD6681yCb8wHWih51Q5lKLg7U9uaeU1EMWPVK/ZxGUo9aSxF65ZTHVWUBP+MHT0uH80o3MXYaYPK+b2pwMpCUJtZ151jyJuYcTiZIjYn1KkiMLI9fsGL12ipdFTSdwjN9R31UekBS/elCyLUgABT1EoneyM2phwK3FgstxusbDXVF0o6zU76pjs9L4jmY1lD2FMzH40+uOZQLQO2phEn80+06b0k2k+iQ9zzcXGnBkjxpTrDElJodFv3UfC4O6CI48NcFU2z83Rf8UJfmsdPiuNNuNsaNRIFGIExOa/wROlqN2dR0AykyFjyLs46FH8J2+g+H5FaQ4LsCIQqAITpmpmNrn6DThalEhhg2rS8O4ZZiJwluXPAl7Ff2Uv60K9EHNCfsHNt2IleAX5uSK3+E7SaYKh5yRfcKOGkVSyLTK0ReJWeJIkJPjOXUsED54Cto9+k+Jw3uA6vRBuVuIJebBD+zu4JjgzkcAGZUGRx5INdgdJMRhngTtbdtepG2a8kKIMAmrqq/MNd4/oQS0Xi22QS04N8F1yI0BrGPSfSc+NPXRzj6jEvGRpyf6OduXyF1kxKbqCcKnHUYhUkHa4qH/GY0wR76enOhHukA6GPgpCjsaO4pQutoynH4nLvHqr5r0W33GqO4cBTdD7RfAoAQ8XfUhjXCJHLDe9BJYQb4MMTuUtoxX8sQv6hOmGEwcJdkike32PWWiE9VYKMjjwGmd/Cgp484GlI885Lm3MXSN0UDv+YEmc7CVvyFWX13X0Q4sFhwi0s066icxakIKrawj5TKkJOFMRlhddKO3pHDvUHExdgnZ5G1CqKC6ZzXWgw+3f/SzPzNH8bJ78Xs8G5BRTKtZo1m98hUJLP8lnd+Eq/B1D2SRBpj0oKBRzb2cXnbbza1NW2VEIq2VlL/W8bBASYhxiOZ1PWsLh1mQYtjgutBIADHZY2MIbPBKw4xuJ7ptcougGlNfv4GqnKpdyGwSRXpa/oUdHFfYm2r66L3nApPVZuxMDBcHm2Lbeq8Rb1zGYcoWFzlh3iaWtHtNORnQMqeYrEjdl945rnWrYvxXr//w5VdSr6ePu632xjyoQZ0mDZ4zBSdCbmPCFFEqNAiMhg+aT548k5n98MN32D1+8sxT9qxP/Of/zf/j7/797X/8+3+blDAfPnhy4zHg3pO7ZK0k6ojW0MhGG6Tx6tVqwqfpKC6UWTelKRZ6EEOjTmlrJUDgtQzAfvNAPWdSILVssJRCPPqk9iaq1OdONGUJmSkbrh34Kf7rOAYPKxu0iWSTmq9fJc2DB6VMMc2m5eKSUZlsd4rMy7WhZPPYHcoxiGLgWUwrE9wulbrdgjWwk8eaRevZoVqUjFRW+ub56zff/+K/+vLBL7/68ouPS7uWWkrcyp0zdWM4v2Y6FrEUz14KSXmooxkV5sDUN5ONtsSxScGHN6b6CDKXAXVAnPcebD15xCJfnEaMROlj3l3jpP2L8rNysqL1PIZ6Bi8za/baBHNRDwc51xpCxzs9KdZ8NnH4S65cGKAsHGhcKaJazSIdMiWLkJZ+cpLoN3AzQu9vQgkZD8RGvHWLjaGly54TmTUQJbnFIWpk2fsDyOpZi2eWanM42LRTR5UeuvrKfi0+Cp1rqWsfDjjKtfV9AeRQoTOoKuxVdGrJU+1AkjCKPvGvF1Tuq8ID3plNwhxq0yHXdRjR/SMIeMdZNfrFD7PrS5kH7QjAGRAndhzLwiV4W338BCUB+UIKjtdXOgqT60gYOX+gGpmxKbTvKIQX7KHdDyrRAlEgVYNBhzkPuyRoJ8skZLLV5DIPR9MiSUb1yBn9NuBhn5oxHb6aKPYDPROAC6gxfAzu9FOE+LGx+k7C/xGvJIxvGkQuK6HUbh+b9mx/WkzY1Sa8gBypYIK+dBzFio5JIiGoKz2F2WYqVF/UjmcmJsbaEKrZ3RcRrp3FzA7q4zshGM9j4ju4CgnKAp0sToNi4VLkKukH7vmfy4jT1vdg7CkfXN/xEmoL3dAWb5sAygUXKJx6AdB9t8NYcT4k7Z8drTtbEKvRdfCnzj7hl4Aq7QABYIeA2mjGL6SpTaxRqJtZ7cwwM1YP/vAcWtiOR2/BRJ16oUymp0BhJC4/BW23v1pkLIfZzg6hJVKF7d4xWhwOeGbRZqq8zDDh5/RmvPLh5fNhF4PjMRbYMfi4JEvxd7dFzdaIzISQyjcmnsyG6wnc4YGauCHTMZHWWAq6Yoh5U3+QmRDDaDYENlk2rrTtH6Tef1RT+NQe++pd77mPsOHEtdFe3eW+Y32y03mI7l9hQj1+cw91fQYniqPANpPCCHBGAqaczg1HOpEWMrY0z6ye/9cvTWO11MhwskkLEx6Fy9nI7h2/n3/8y9y2gdax4TujEh9dyUEpKUeXtJQMbUJFTQOh+ZVmoeCWfBiJridyNHdQwsRaTG3ov3Hbsqmj8Wiy7rJFHKikOMug0pBTvjX7s217S6Fwz5VzPSv4RZvhk7NprTJSyr7kFCW7ataoO9wRT6XTNAqEvM8QUolG5qbfjsYGTOUR51N5QI8Qgp7kNMlce117ApAWGrs0PVPO1RQUmLzUr0v6L16++M3f/ZZggqO3zi1BlLfuKejTMUEydPyLpxh7MJ10TE7sWSQufNLh2aefvnrx4vn33xnHP/30U2sTPTHxz/8v/8N//vDhP/3u38ulwcC1cpNRBDWH7c7uu2Y18RSad8WscOWZ5SjylVSjcEmDAGp0LE1KLpqsdyoCawXMmTOEJJ82E+w+qFwsUovOBq7m32A2qwe5GL58C07CfDo7kFiY8JJjeRVhBCKB32zCkCbXnAQ9yi5RLzLX1XSjkfS/zEiTLbMXoOo2GayA3zeXBzu5nBlIi7w+5/W9R9/9yf/498/v/fDlb8yn3b9/+/q9mKzJl9zt1pMaqzdIunRbwyrajck5MsmgSEy71rxOT4pcMqnjMOX78JEbdQUCqXAlbTmcXY2OQoKQhD3WsDlOdEzO0U2UdSsMCy3h7samx7etwqy54c2E3c5sKndBhjzSRYgYXNyX9pXDya23Zrc3BhGpVvaPgj7H6kWi4R2MegD3Bnk2zRu3cfXudb2pa80uXvQASOFjjPngzqfOZkou+Z3X3j26fSzCajGYw3D6x0fUKH0vREDVmNqvG0n8moF7Yq4ZfRUkrwE3NBGqqK9B1gSpxR41Ahusoqi9Q8ZRuJVVCjoOncL2MwqMOJ2jFAF/KtgCfJgH2XE8AylW1Y7uCkYsqRLJeEyNdVZKRuMIV30sfWgX+DhG0zGaR9TD1neH5IhDZKZrRcnnU9JCDSyC6DfK7dc1RVRApVKmJdd1XnXKhpS4PsMktVAdVTGqoc4KwC6+iCM34e3MRne6OCwni9Uk9sMdzlT9rVAFhysOIhMgM6b7xn+hkWDpcFSEGZs8cRWm/yUAwOrmg+qjF6btxE/GnXiKM1NGvBMAUM4JY47wPbfACKy/kTsaxX8ysHXWHp+D3ZGNXI6RjIG9nEnxpE5cblJ5aGYoxZP3UOpoktQDtJfGR+nrtxCFNHK1nyPF1EngSB9dYNvqIgkQxiTvIJmycTTqQhylbLziOfXrfY/QkWu77MXIYzvpVmUveQZ91Nn35b3RjG7abItyuwqn9A52TKS2alJjgAlybKN0cRwddgso0BBO+UqOvSoeidQ9kGkRpWGm6iVDvPJZh1M0gg7g7Re2X9XHBGN5aTAKgW07olSP3CgVsaGly+lFi2wlCY2omhildgeO8mf+RUOrVW4oJOp2R3KdUxxhrGdP0QRIlhDDmaG2C3EygK9LNCY7I5cdvjFZUqLV8KbXNdltcKExkuWcMZ+JMljse0FB3begHkzLzkvKdOcu/0gN+3bF1ZggU7QvYfCUijdmB04kIWqcNdr/7Ge//vmzX4BiJXTrHqf7nJwi4LPDcos1jyIIYqkVnTYFBeDMdJpmYJbmSVwkNfmEqYW91jM13WEaMnuvn8q6sFNBjlV+oer4BHaTfDRhQ+XkKV8ocHLFEoIGQqSaYmH2TJqxN/6lQO6oyWvQ4XRa0V/3xqojQUlCXGtt5YPNoICWjfEwvQA0g8Nad4GJ4CIwnaOfYJO+aZvZtCy817mUzcjKjZ8mFL/+5ns8XCB2K5F32t6t9I89rtQgZJ1FA67HHbEN/bq8y2JekrvVlBnn8ZOPXbt/8eN3L57/wPwPHz++efrkn/+3/9Mn/+xf/ce///Lvvvjq2+9e/PjyVQm2yDnTEs1UIrw1aomd95LbC5q9CUPuKw+gVWFjXKeUYN7I7+4EGuV2CVBP8HGbVFGXf7aGLgszp8hq/jhgKWP73cEQh7q94qm68q3CTi5TIlly2sxo9E+DA75bg1Hi0ZZF+vPcSmIBzszeMkTqFuoxTFZHDMGYkIt/R9bspbd3UKOzI+vnXDYV+a+fP/jkq1/9q7//8f3z7/6gXUm5Xr5++/LlKxSbz6vlfvA4aKHhP79wxd5QR7yC8mEX3BMCdzkZq/bG7W6Jcj4UqPeylIL3XrtUL+cj/yOi1OhqDulaLCV/vYR7y+yTEbYywMRI5OlGDpH0qnelp6pIyLbQUhglgS3pYymVmxt2bmDNIqYS8y64o7ngrwkwW5g16jTQmzlRaPwjN7PXINO6GCP57WMv1XucAPVEGbA1nRL6XN1DEHtzdL6UdltzaYV0UQM3n3KqCglu3ql32poWIErPFliS9H9Kp1VItQGFSVrktDPfXphKBzD4cGvICkVQhNihHRXbqakqpnvf0eqUYgBQ1nBDJ8fIj1+QpxcIJE3a/pG00Rm1Nauyw+pXiszA56D2C9byisMgIoFk5MERRnTcCbQgPsJ3PqA/O4IVkalwR33C5kb1Ig339ceH9ZHg2EXd/g6doSVrjsu+SdGW+NmkQgfb8VPMM4X6LAXoGtfUzDOXeNnTX+C5H/Z+Y2QzxxNJNWGnerxiki3CQ8uRvk/xsWLHh+Nobfp/MiATarCz26hME6WXHkgWIAMEHBtVKTYIuDsa00IpgsM+Y2xCDC0B72Rbx/wP5QiYDChbJWVsY3bw8DlxHjP4R44rroAH1R+BVjUmvnaU8Vh5RkGUdUYlMrHJSEH6VhdUZqp8NR0dWTqEe9D/QbRaDjeEk0ChSrAIBQtCP237jUf7zQKOFcjVBxvEVKnPWJDssDC3JcRYZwkdfqzwsHNV1VljfaRMm2EPoIOQfYrRdNQUA/VppKi6ej+pPWiFh2c1Y5M29oN2fCB3QJDRCGrS2snGB29RnWywJkL0R+IwXs+SwED0lSMGeHIp1QhVjnc0N4jOcZM54koHM/rpVJuOHREXtokX/2LoAKkLpKRFMmEFosfRCD+bwT9v1mPWaUaGWORIQsxasjZ6dXkK9eNyJuNEs29vXNzVk79q1tA7tF699PPm7UsvTfV5ZTwgA7xkbPaxd7A+e/LLJ4+etH6o8KH04ukYCDP9fyL0b3wxpHjuMIHSRvNZLlIP0XRIwhq2T/dpVqvnrKRuoSQ9TBEghn8E0qkqwE28NKgYbA2FJs8yk1KVIywVnr6NPkYd2qY22Gzr2ASdx3DIjyGbo1prjFcphCG5QVk660aeeoWN9ORh6JhiVo59+q9yXlKykM1olyEyeL4Dlx4+Uyn3ZXQASYKzZ4BQrnGhUbhVniDcgPzN9z82I3M2mQKRJL7FT4NWOfbGwdx7NHAd98GbR+/3QhHSlo8xjgHXq8+eumv9+++/kcx8/MkzSn387JN/8l/9q7/56P7f/uf/nWF+/uypC7WfPLnVtRrXs/kYlaK1rJCiJU/5CwSq4nRKqJCQmbfbcJQCKnzom06dnDiPqTZveencba/u4K+bnSRIaP0Wop10MFtUu5timV+2bsFAEyBRvu9iKJLc3PRfE3gFNgLWu2VqA0oZDOQmrc1/mXJzQ4YTD9iZtixzgeqJLY/Ms3XJW1xRqhW32HbqsDyvuH/yx988+4vf/O73H715bZLsfdeO73nVpMV/hRPOHF2+9cB6APkcMWTERXctVjwQxD09gAsAB3TTWLg9vdC690ga1NlGMoHKp5tF9fuo1ymv4bBLOfFChJXevt1bjBfHDpqO7cyKFL1RplDAnlXrUztX1OFm3+gXDAW+I94UeQLwjaYtnU5IeYn1hwATmPThiTivE+wNKEnPxlOuLj7dUUov37uI3OUORD0/YYzeqCDhYdgMpSfjv3vlZUyErLmI84aD1ixms6ImKWunugu3R7VTyYRP6lTLqqd/VVJhAD6+yycKn+tQnVNTpgMGMLVQjNzdVunZH35BWuCERJzRZzPaBTeQFcKJ8Wn6SJ6GXmGjMFenwsRqJ4n61iDC8U+OqLWbESunGCGjpeGkgbLqMjE7dOgTVchVHAEUqzj0o6UeK/A1jQSDEm9iC4YTCKMdwdWfMYlDxz7Jf7LTCYDAJuhYVovLwBgr5odLrGq7HQ3+UvKIcBQZSyJSmDlsOpEUT91xSZXok2VUCtbME5MxiEX4gRVXgwq/dRh+a+fprvxEz3DzyAaQCRf0mMDYtCTwxBlnAg0z+gDnyaMTMexk2hw3eY8QmRZnW+SjjLmdaM7rq3TgokEKqw/ENoSMcQwyxafFmKd1EFE8jczvhUuuZGOMw3fCZawkXGHkNwYxTQY9Jpv5Do2B1iYTfMab5JjGfZqPHEI/iXt2xgDBxcykhI7c+YpK+IRVdgQ++5cqClNkfweuXuuAaKwHI5hjn7kBcZuibQXQDBlsSzpqEXaz7eiMMQrTLSy7fubtf6RrQmfFRVRWYoz4pn/XXyYDbScJvKNQFgKDUf/pfXcYnXpD0pSJZPaCRZ+CSbKJrR37Djnbk3Fd1tITuJCPhH6G4TtHCneHibsG072iaFcwEWaQO7OnRmKZNnIyP3c+fHvfWw1MoJCghYhtc68wXQvT4a0HXuHyGBRwNs7qi30vNXSW/+r1ixevnr948ePz5y+ev3j1osc1t/gMVUNxUmcOhpCt/dkf/4snT58Y9hHXh9bn5wV6ENH8pmwm6VevZm4rm3SXQEIVuRE00N6WcuaSLK9kKq7Nz4SgDITuv2AeSU9zHc3flAiHJ9fMHiEXBGUVVyJQI50X+K4EpQGsZDAqzTJWMr+XIjbosVtxb0PD3FBjnn9jUsuQwSyKOokvo92Fxtk6yTv1zZWLw+zkj6EUUnHijc5CKltsvlDXnAr1JSnQsNhNO6+/+P2XL9+87RFCHmfnhbbeToF/KU+ehJ5YLLZbSMq8SnFf33/nhc43tGD57umxmbBxrdkTsx99Au/bb77m4k8//Znn7XndxZ/+5X/7+5tH//H/+H+ZsPyjX3zOqU8fP3KS0NzPSX+xEUIpbrZWWpaordPMn5bWuXgqkynKuhln7vEEzZyh4VJMKiBBKduzI0C7Kr1qepTimx1liAIrN8zzrFZS+/DDnq5cW1r+QVue9Z2dMn7DAB4KJRO72FqIm81z3iOyaF2w7p+P5WoClIziIF0YvOw/r6GzEl97N+C7V9z7w7O/+OLRH335+99+ePvKNdturHBbrqB/uMdDFmGSy+7PYKGoEJhgWpM7uHHbudpUIYO8z7KBgsf8n5zJJC5cCa7I7U9KWrB0muFBTnwngkudhXMRamuidIlUrSnjal/unGloa7Uu61kL0rm3VPHBjbW8xHJ7mnKysQ+JnKA1N3Pfa4deZ3B3gvUeIx4RL61iwP7da6mbB1x7wGdv9BZfqeaE0PrgMyP98Nwmf0tP3d/N4z0Xk+WyIY/17MOEzyP1aqKS4F0HcJb5xtO8qShmu6jd7vuHLdBkQL4i+/it8brqXjARLAOpShBIRyFq1HwyxKo0DSSUFZy16LJZImUA2/B8M+WqCzSYrKdOnPsVg1FgoVm81hUiPw5YkFRy/idF426sBheLszuyK0yKXBd0ovZXjLOqwg7jUEllCbG/SIaS9EeI6CSrbx/xsJ14d1jdqd1xJOtzRnW0D906tkQ+ho4rKbLiHdWIRDlpwrujZmeC+rI7ZvGwjUSZ5V15mFEYmX7v5G1AzzNZQ7ARWtzmLY0go6R5AHygic45HFgnh97oHyg1x6FIj+ulYLaIafIhVtXMFa5Gp2YpJYJ+g7wcM6MeQkdwlbm1fitamNQA6hxQymDtZchL5Yujfkehg8HhHTJlDhHl7bS0vZ07C43BePhSrU5RcrBQPGMU8ABr6HHfhs6qYgkSEE2qZrVEUAKgnjAvxvUIvIN6vYFECnIeSOKLucLhj+vhv12lc9YAKxmPAOKcrybCVVHtQHxd6PuZsGCSeJjV5oZsDAmdu/NZR4k+fACHSoX+2sKJfVa3pel0F1OneHBnd0XZ6CfUtJkAUbqKkRiFCVIZZGKSKTSf41KdT+bs/yiXBZGrR1tfasDHa9TWMa3NTQMghBX6tQAAR+/pFsEMcTgdhbi8wTP++zT+2Wueb/yXrqiG1telSjTqThUaYc036UtNzRnDHrx/4ES/xV7v7rmYUy4RSHKTKNrGGIjN6ei20ZBWmNkzpBm0Xrx65cLXSw/z+PH5jz+6cdnSNW9efmFQjeGUuZxaR+y9c4/+7I/+C+Pu2nYDT24wPpnzK2O7lErvBuauERNdPqGk4VPXkkYNt9YtSVZMhxobuPks4mmkoYyxFUqaAM8zMsWZkUmOUKvcmFwbLv79gebs/eX28WaYBMwLp70RqGkl6hDCY0QSGYyBK3g0DHUVUqc7X10Xu8aJspRmUOrrPVMEFr08Q9KhechYqGX4qpDhvvvS5e4jag0ehtGZjxkqx2CS3d7fM1P14tUHOdzf//5LyeLDZ+7+tOLrSbbLbsnkBhBHTTwdiU/bUs27rue9ecUAsj8JI3srljEU+B/eP378mMbPf/yBAM+efXb7WAZ8/5d//i/g/ebf/b/fv//aAG2AZHcZi/FbufCYzAgyzaKOe7bazLt4U8PtSnbKderiyVIXP+2Wo4DubEe8MavJQyHI7Swcoybxhljkk7C3yPD79GIsE2PnzcX0NLMjrCmBftSJiCqRSjpbUFAG5IcA719ZG0e0TKb4OLVmttF0xZzlUdIlAzsHIF4kdgbx+pXs8JO/+PL+53/4/d8yATvLF63j6HygO3Xc0uzB2sRZd2B9nkUec2E5ZEEqLOWvpUSUJyvF3yCQ47XDZo2BaYjyMMJrfDctX6db6wrJ5KpxV3zv3d6zUnOThCW2bGHNosffjAw4ITt173k+ZN1Y2WnXu2M0+hlBnDi14GYvg2ktxyNJsGAk7+Wl7hwS7SgxsRbCsJ1MaiAn+a63K7zfeEB3zs2exbmY9SQeHsCBR4lpSHLPDUoZtudxbnluXrE0OrsJxqyNi4vjZlJJVeNrCta8rL2dOort8gABk5vrRzmQRg1PdQ65s6JE9snipE3R/sKoJpGRqekFup/okR6VkIbdV8c07rRlppv/6jmBZ9IdOwixQagAdLaI5D8aOgKeYJecyK9dx2g91xEhtqcnI2WqLRjQqg+JJviMXwdxpymmqakMQr12cwmIK7z+jiGWqgHNgTRKgDth4jQJq07dcA+BER9o5C8lAoI8nepKZ5nZMVHuwFg3IkeRCHdmGGp76wygrPmhi5p0HwLjDadBZArjG9XqDnv6qQhoX4f5gAK7uFZNwYmDVETHOvFUzD+HTzLgbHSk0LqA2SXAomE08mTU0jkp/Rb2WTAVyZVPtke4iqLZTlY7jBOlksIDDSSm33Fq5Vd7SO7YhhfO+RxdCYSL4pli+ikq0mCw4Dikakgz2Haj5kisLjLS8zgpelUdE2CZIw4qyDTFrdOtCJ5/5evDr6JRXiMYSNYfk6k6vAC3GfD88gRLsTNGo1+ZT/JnmvbtzTyFeIIrmcsbPgAmchkb5nMAACAASURBVPTRWB3whO5/utfKR7OSawPZwUHJh6F2FK1zMKwVYVeRT44PkmiJPZy4Kq70/LU7l60oipSpNrGVZbJDZZCLm4hFO5m63VFNZtGrhTX2IcPjVnUU21kTwIg0zGeqbIa0ERlAxJTj77M0kYDRGsYlnJKwD78Z3TJEHYy+2ou/7vUOSqH43kVC0zOmLsS1xjJ2hhmB5l8H3gCjz+4Sa9mhde5dUnZh+aW5w5cv/b+yvbQUcXdKxjVLbnzQrRHA8vNf/exPdaxHxWR0ZXi9dElAUlNIe07W+t83bqJ9RFuaLj+if7OkBp6evvbh3auPXvGSqSuyGdXEULMUDGAUdRdkViu8SmqMMWVg9ThZajalViyV59Xsbaw1CMkkjOsYZe822du9jyyqdDHiKrKU0+sxkh0F4/6iJU8xWPISV2TmnoYdEJn0KCLTedBzj7OPuG7kbSIIeHJkBC3ec55dOnQoA/CsEDQ3ii/sk53k9QWyEVe7e4IJy//hy2+Qbj3m48e3j5+wD1d1D1JaHl/4IVA5BzdHFp2YBGtmiH9NeAEwxccKQsD29PHHJPrx+2/w+tn9X3iWuttZfv3P/tLY/pt//f989eaLP/7Fp588ecx+T25y4gK4JGFJOs3o7sksLm2acFXZ/KdQYoF69dSaALmgqCaDxbEuQMZe9trzi3pqDsRyhU4cmu+ef4rSNZkzEeZpR+UPnItnl0FxyEjN6dZD1PrUxEaraY67yF7cEYqb5EOPLNezwLH5sOb5JUNNjO5GFidNNsJzqZ9J9O7ty1cPPv7653/5hxfvvvvD3xVA3Gi0e/deMm3TvFvf9+qVXJHLssW9B69KLsVGfoyka9+s1ZR6TZUGrQL0PuKHN3bSEbdap8+rx/efLGeUGadTUVqYZ0O4LFBLU0gQjqRS86IQhVCjzILd/L9H3j/WLArTNhfwPR3dEy7fPLp5QoKFIexkROfm5tYFdLPU2asWilJskzZX7H6XPa1JTSJ1m7OmdOtJ+ZzXStF5F7JABeBlm4vqNTkuaFKzwKPoKxfftdnbzBJpubL5bLORiNbnufFlSRhtOHL9BjyEpL/RFBHrS7IskDS57NwB0qc9KD4D91wQbLoaUBGFQe1a8FFxNVcAqSBkwNkf0MXnRJKCHBEfXU3djPLcVDiBzJo4jJmCOgif9grK0UqB6qG167vor1AxuMk2AkO4vo41iR0uusGxQxzigbu2kN8ygG0sgIJDXqG9mK08mLFaYfZbFxlExYu0SsM9DCFcrKha1cSKcRVMzWb0TqxIUId0dYG8mIqxPdaOaMyP9TuyoZdHMgh4DthlfQVDzzzTa5AX68HnikZShojN0TztI5abUn47FBQ1HdYxbmfw6VdZjf9Iv5+cUK6SaBiMT4Z1kPHDymbRUgexL1uDfWxnEbvAj1xL75HLYguQOawZxBFSHjMyhFQbk1qPzlVYKaNmqESYpYM+wCpC73Nkq/Wm+iCSsI60ThI2Ueag4XQisrPqVDsUstdIjWLlPiN8IEpNmhGIPm1KhaqY52bbsT2sozPsfo6QkUvQs5193k3YPMGWB+Efvi8CYzHUgR4ioEcsGf0fwqOVvaKI7EQb9Ww3UUAOxRH/iuLjbdDF4OhEOEcXt9s9dqippEKET82xuYaB5sinVGNTBVWmuv+ipdM5BC8PII/d+rhTFQx3xPbCjaaGfsRqyOyAiAMZuyQJ6hL8JwMyaWlJtk20tXEDBflFqZsD2XrtRoGzedMq9zwkF3Pn8W4oU4as0bDB3PiBq4u2LWDqmrIZEasPywfNH77xeObnP7pp4cWPr9+8MF0CsqBg1O7taGDPVB/d++zZr3/2ya8Q1OtnjIyfceo9dBa7FRcsRSZ1emFdR4y7OyEz+2mMc4JAdJGuNEr3q0uesQ2ALVcyY0HTJp8a0B2fUVNdGXmjSKnHOs3sl7RMm0hcw2xkzmEyynSXdPbTFw82b7IxHjiP1KrOxtiRIP10Z34X49yFkNMGVN8JAaVsUq+tollGRjIZlKectpo6nRK57OhQMzPAs9CxWXlhFivjtWvi6eW3X3/7zXc/lBZ3Pc5jrh8ZXhclTXMu2MlGeJdTjefswKZZAx1kjf0F0X0TM65Yut73yhyt2R2vDzZV043MDx/++P23X3/48Omnn0vUnjx58Ks/+2dQfvvv/td3v/v6j3/56bS+8dxF3KCSXEiyZXlYc0WFOenZ0zRn4ZHyXvtGyOOBsvwu4mcOAVOLpHaWbQHrUpx5fKjFoii13BKylJF4yJR8fWQ95XILNk2EkyzuLKwkOO8QSCs78IvCezePHzvXOW2EZPh23taUej1p9utaqzDp2invuh1LAkuTH29+/sWTf/bVd69ffPdFyUzrP0sxnbMQR5ooQOBqN45tBUAZZz2wwOC+lZkcRb3blouWLGWSzMXcbMMqltLO2+bOW+ogmWKpUVArDzfPptjSyQQvcC2UhFEf5OHStObZwhSyk4ky1XUMqAlmD0Tn9w2BOYx2pHJyBoaoLF8YFRqOBac4JKFAdRLWPTe1Cq6YGk3tucHII0Jfu5Mm4YFhrr9xqcFML8YOS5P9Zgb/+6GmTsjy6OaRPIv/fit9XWIzl6m+BSW9D4l4zk/evXIRJMnJIXwln8RIbIU1vzoJRDJe1EmGWbEXXON6qdKO1+bTbtswcOtAWUqfjmFnAwqjdqCj7+N7TfLi1SEWjBnTjmDUTvc38CoAJVZZbJ6JHypBZwVFRA1sgoQ1kYDYWjm7kqSLR4QGuaOAQhx7ZLcdHpSOcZUX6YYCgJknrKSYZerSItAnqtWsfpLVpBRBGVDCjOrJgFc7cCDZvuEuOfG89JnJIj/aEZ7Ah8NBSas6xwl7BEiGkKJ1VKlgJOuEbRm6mGLEuX2wySo+DPEJAqi/mSqsUVtfVG8TgyNkykUy1fczCU/dVTDcuoJoFhfTouZwhMKPKOkOzc+xGMg7WydnwTaPjHRMZqXJB11TJXPnTb6O7EkUg1FfWULGrFCFTavBRlGB8ugk7byXPAc7feNX7xFgkdoZ/EW0miBjJhwybLKpntuGEsARLrOGeFHvIOIrqeooSsILMCqHwYG7JJ3oEYry3OU3JpVEdDJUoIveT9VqMG6LE5AdHJL2d0zZNAjp0NnvvBLp4j7hL9MiFdGBx+a6CAFTvgyzsp9IbSc2Q0qe9DykIxI0qSxcCBL7izTALNpXP0eFE5QyloFmJAOnz2Q7fMcpUepCzkEqHdufkotYRCfMwLSPhAu2loK2JlHRNixkRQKpllDLeO8pfVGzi4+JvObhzGt4iIqhFmADE2Kixs2a3ifmyXS66F6u+rIM0Xl+t82+fPXipa++f3j1+rnrSlDS0nfRWkDZMT56Mswnz3718eNn+nHj6DgTwAjUfEByrsdMpEmfYbUNrcjJiFy3tA7Vk5+Rj0MNGOV+BkATblIGVNbqMjpzlExSuimjY8qCp+7bjB9mbxuuwAOc07NXdyqz9ESn/LnqYZBrWlJtQZDx/LJEXNrNhL4Nf93sSfjsLAVviFXVWyVKlLtYRtF5BTzDKmyaQUaes4pgpISUg2hy3MkPDcweC8gyClFo8i9jmSTLGgCR+vLrr3b3kSmw2ydPnxr13VFbgjJIYOSqFRSxKCe50fXtA39vzWdiwZ7MKP+XE3i5RaN1t4Sf9QAegnP7/ukzD795/fLVs89/dnPrFulHv/jTf+aG1t/9h//1b37/9btffPi5Z2g/fmzFXlE2v+dJceTSsLMOaUTTk1zCUamQOq1L6w4JJw377Uq31IOMUpZ556Ouz27usL6vFLMnDnp0dIHVwgNltWB3bxdGKUe73uQhEaGmbL6QKwzUFG+4yn3qD/ls6+1I0ju1M6Zlui64By16IPB0Zq7/dHU5xcrv731kdcUPn/z57z3p8Jsv3/34PC9oPQ8fuBOLcLfNzwly+kltP7jhGwVGdmfGuzeC5EHTwhwgxnqt8wPWLiMns3ObrS4QiiS1EtRZCb8g0nNAUr9XSmuBEjFykFzUCUVEcFhM9lBDPdm7D2Yfu5rvgixeb99aKFn6LazEsx+iXVd1Ozd7616lrM5lqevqVka269QI2VpjizV74U1mnodppFn4w5zbgmI170txX7aNfVNH7qcliARYnVPd98LMakwNvqEFKHe7dd+VFQ5J0OMzpYZe6blzSycqt/WrEKgoomstRKi5UrgZiozJ1NpBY7HaTRoD4VH0Bq3NZS307aQBMNulb7V5sEp2T9zqFcCZ+urD6a/dOoKYRaPt7EDPMiuITp3GgBQKmtFMHvAqot//DuhAxx2W0vPQRfvIAPCgpN7F7pIrrUYHQjjTLqAjFDOhiqKCo2EiBtT/oYaCAtZM5sMB1cOxfPtE2lXj5+CilvUz1cwSjdTg7ca4aGanGcEeaGBgKtabz8TtJ79flfqEEQkP4qHqIC84HFAWPfIXTo4wit0oqarEPuGAhZSYFQcQqYqq2BHm4zlZJ8XBq1sBAi+/TT50w6s8aeylwXwWv4S8uAQft47n1gYaWGtEinODv9ww5tM7pGSbEyaUDqGiKG27IxndqwhCohCyFj2Sq0zyoq+fbZM5oTDINvs9ZPS8jXSHUnSTpENf45MJqkWoYbWyqCOe+JP7AIyIQffCi1aQl7gsoDkk7rYJfqGjdMIdaEUIx0aZcl++21d++Mb0mBiDkZxr4gYKcJX99Q9zbCZIZAPq9wIPIh6KsV/rDEQQZ9QDH3Awjv5xwTDY8yek1aIi6E60hjeME4YH+eh4maUJFb3k4ZCkpQ2O4B/EsW1Sy3m2cYBkzSpucMrUpkBotjPmw6voaqrE2NLZcBuAII8xUVBEM7yW7ByhGUCnU7NVn2JSr15qYMcdwN5J8qDH4rZQyqTdSulYd4+NrnsjjIkmeUcJoqnDly9ft+Lwhe83L8wnurgMLxnGyvjFVU3UkNfo99FHv/jZn3mHW1f8CNaM2fjMfMbjpi2AQtpkHd7Qa1eTmQi6GkOE0abuQNPp2R9naie7WWYP1yyEQeLR/Rt3XFATFuzMQZopk+7+6n7rgKhY6F1+5yjZV0lMxrMljy82ENwzcO4jrImxrhKKTeiVNF1bRlAOVIROq1Ijalng3/wWXnkpcWJRwmEsdZwcKdtuQVO60z4ZYCzXDYdjeo7JOiKYhBRVSdWF2C+++Nrd5J8+8WIUTyDutt+yHPYX5v6IPaEkGHVlRmzCruE0qr55d/+mXMYqOPTZ13BvJthzzWUjpmm75fahR9Z54vMnz3/87ttvvvzkk88/+fhjaeInv/z1g4f/99/+n//733z5W7rzvyT5oYWLLRXl1GJJoiaGpCMWELLXbiYo4aGjHImkcmjnEFCI3e2xmZM1CiCiGzRdYazBCfoWsNbXZuZmZ+EUq6UbdnBsiDXzdCOtq5PBrXkpuVuQUCvS8Ua3DquEZbObp6dmlocf3XbfT9HYzR1qzXqiqR2DzpTuq71/+92nf/G7t49//OaLNy+fE7WcLEWa3nOtttm1oo938uOLly8pTMQSpjWoJGmFn4g9OTw/c3kdRRy6laj8WJLLQfX0dXLznZBrXSah3jkbKEzGJD4CHkrnZ8KpAHl4K7WyfEDiVZCIHwBm/8FKDU+UZgT3SzpLIUCdgYwzVyh0NMN1xzE01azulED6iJY7o7BG2IpF1iR2cbsm4zxSrgx+kd5CwmOiQjp3tZVE5IzY2FrTSeKakpUvnTU53xI2xOzM6t07gf3qdU8e7T8nnt4h8TvKQAhcHe1OJoOjU5rER1CRIvzTsLYXa4eFjepsaBtaBHecX1ZbBMIPvONEGHi0FewgSYCAIxEPF2/kWlhyisq1Z3INP8Q4jp74bA8ILUI75IvPI9ypLowTTn0hcfDnGvDpj7YwiBVmM9MR/Mgdr6w1v/upYwxyJOMwmZM0HY48qAAySBQyuSnZoh8xP/til4jsA7dkPTWWCYKboOGElcHrO5fGJdfBCsqRqAso5sOym70z6rQtrCrIYOjVKovhdrMDHIcK6pzjFfX6BU0vjcZjkJFdx3IYosAaAHgt+krrg+Jl9Im32gI9GoiOsMqc2ZGaCDneTqxsKsO8UEBPvfAnLsToRWvtt6Mw+3EX8zkYwD98VX8YZs7+GPSoCgELJclJi1UeSS6s3BeppGaT6CR9AtWB2uDEd6SKtVSc+NEtbgZlD8t8Ml0aTpAWIQd2dGGP0aHat1FLvQgPbOr5LVgdRHfy7ndSHqCq2/PTbu7h0cDrPM8WhZ9M+dNedRO3WAn5/NTAqvI1Vf8hVC56KjYGHTE7Cjxd08i/AkU1ab+z9gAqxqVxiI4HqR9FR4naUCnNgld5ItVthVS4ameH2YEwbKjS5AobwFn32CkbIBuBGKB6Zz+RQM56hmFc4Gs8cQl6bqk23EupOSZuM1V2iMWH18aPrhK5MlZGYUqJmObRmpZqpNIHgWg8MgXx5vULNzS6G+XNZg2lhm895e3Fte4wzrhtPogehkp9QPN6kpMuy/7qZ//E0/ncopBesQfeeEB3+7VegLuWhK8phK02qysw5tUFdHmrRHMBqbwbKcsyzWX1EmmzIEa+3WhpePceDsVmnox4dQtjwc7mjUahfAKhWNd3kKjm4ktF0xuEx6iRDJTOLv+xB4S8Kf2Q0ISISDMxPU+ntDUPupmgByDni2QtVqQpuphrUE4J2VHOncWig1rEBM6aX3TskYf1/FXazBn5traSg3Ng7CXrb169/Pqbb12NI/STpx8/fvqUGWXNFmvK+hhh4bV+7PQbJRFRMLdEQJmDewLYI181G+QCpackPpRq0t4bWqhcVn/fnRAPn37y6Q/ff/PNV18A/fjjTzzH7uEvfv3w5n/87V/927/+4q/Nn33+7GNkHt/IXTjX3Nf5TRdmPLOea+MIdKG/kxIzNuRoJJ+Q5c3Czm2wt+k0LK9R5mn+pXZUzDmpZckZrl4rT5Yopo7i9qXUViCwY3MGzFjK5ybXxbWA5LoztKAnuyUDfRcMxKgnK+g22lBc9PEilB8f/uybZ//iy++ff//N30mTmtKt8Xmt8Lsbt83f9K45SU2mA7/5TpPsSBcSzhXFkvzRajy3kNewIR9v1nCkfeJFElZeaJHww1vUijFLEeRMuwe81lhtkSL2RKyzLat1GVCc1LI2ddqjhHiUHYIuYp3fSezMLpt0HKIcrKiT07PGDCb40Vj3jdrVVZRTEtE9+h5mJS+EQ5jSOFlgzaSmRJqej5g6DJ8Fcifp2GaRjFppfX2jR807KXHntBlKmDwmDNrVPVDLSgXzuR6ZpcHcPLx1j4/DVy+8ReaRfDnyHn/Te/xqA/zUU3KODIxLuHQqxM9+FlmvC7HKHZ3GCd2haKNAdituHPdxJF4IzkfpVtxVO57bH0zkJnqK27vgDh8FBZvviOd9B1pYtZU2MLKrDm59NR3WV4ANK8o+a+QdoGFTk1cOpwCwHHnfjgKqB2pfXXwBaScQiv4d+fZbHx+w+ghEetv6hsiupm6ylql1HbaggQ1htENTF+HDNgRbX2cvPKDlWoTYEbv4zVsaxbhn6kOPcMEwy6VQR4c7kqwcc5R9X3ux2hGiRB3Xu+CN97ZadG15Yo4cRvHsXChW8d1xAREUanByEgKa2yUorJQdx+kRHLIGL4cqCgQ7TufyZ/spHrZKn+2MQLzHuUwDSOc1F9h+jCfDORr0jVTf5/eYrjMtbBvYcEqQCR9DwLG02Z0Ai5vKjlarmHj63E49kx9oyoVPQD2xn8Tep4roATyy7HgcY7fCWlv42mBs1u+pSVz0MIl2/AKKe+D7+kcUYqg0gRv9olxEtDM9IcZwooVvNx/AmhwH23cYOwhk+wlb8RpkAkOYcjnLHiN0RmcvCXzW5uNGgCQah8MdXJ3baUk5ecE08pEcBQD+Y32kzclzOxLJerRQCq6j5r6wjHEaga145PQyAlHFuixBc3VmgXYArC0FJn1g/8BZb5y2YI0gmnlRMCahAQux2uRW47fjnTYIZ63ViGkiaR6laUpJD3qkzeYP376Ribx47Uk2z1t/+Pr5yzcvWlCmr97FL8KPaLG+cSCBjZ6Ozjj87OnncidWMI+k/Z/w5qCM1I/vxo46Zh9RQXvX19w8urpJ07gIzOAr7GqDadPg79so0kMuWsDc1M0J0KiwQxfLsghwxLriS47TWyQAhka0PRYuXv5LF2wGS/9Jg4ZLwgiMaymFHCQyFckp7xQohn2kJz6GZvNJrjNu/M0POSyqMmaX6hyldBwbSxtuVTdKx9G+6jZrj3KqJINfINGdmV3ys6jszdtvv/vWo6uhGUFdYH7y+GOavXv4xiK9MZAxeIM100G8QkbG0BSy2ZquWDYZKRRcd88vZvVM+TDPOwnijGHV3YuXH25DNxh/+tnPv/n2q2++/r003G3Ojx7cfPLpz//sv/zvvnj88W/+5t+2lNKNM9KQx7flGhjSjD5NsPXmPZZOIZ2wBZgOSVKJJIYInNfdUqWNzRpa2bDU+f3bR1nA5LL5rTL4HJQ1eYAexS1rZLT0WNrUk1aaH69w9lTvLYoLBqaLKYI76yjjKDrIYm1u/ux8RodLwbzefdM8Y/Hbmx8f/8kfHv36D3/44u3zH2WEUr2bG88J6hRCwuSulM5J4r/uDO+i9IMp94giUrKuzM005KwzKVfrFt23btZllRJjX4yGJZV64uOmn9/IhxQ70/IAHZvksr62kwYzbGeJZDcLu088FpQhuSUf5KkBv3NrCMtTX9w3E8lkUIs9YBZEmJwu72J/xdhnt8lMRucvTQ0UP2JFUtwl+50y7FTqikmmRh0QL++9706Txm/XD1zzKDm2orGTJXPBQsmY64xCVKyyG7Nhr03QtSxaxolo53/lymZltYHyZoYaL+TbWK+I2qRvx2sfzHuacmKDd1BrSqcEnYUoqajPyndUxChLeUbIJSFUFvoFDTwwIIkbgXr8g3poAabqlZGGm5WK08AV9wPPobo4IXDxitHQfd2xVSfgyzniCrshAFaGCCYUn+ockqpuqN0o1dP5bueIOFFVJXtxX+ldDaB6gxEJRT+2C5BJPWIL26CmXcyTaVTQvfqXC/3Qn85IOYqi79rF+pZYH6p+ZowBTapoRH2IKZTYkzSYjDlqERScavsdk1G9Kg/TCze44gJsWte7HbpZUQTp/YBUv1G5rmU1ISR1WOEejTGrGp3KCBTQahmr/pnh7+Sdf6ucCAEFG/M7rLl0tYeI+prEP9qCLHQORtLYFmXt+pD8OGlV7DkTAQ+nv9m6qbFgzycaEUxlQdUWVAj7AOs/lLMdgymcUQ5q7WM8AxkTP6pG+pTphhu5MlOb6vKbiTSEI3joSXL5hTwBVxRDpUVO3dNggl1xhH6SOK5IJk8i9Lt2ODaH1rBDmOCRCHACt7PD0Vz7GqlKg1CH6faCK/iz2r5zzqqWY45AhMdteFMAmcBWEKn0QVjkFX/bP2RKkXJKXXlkGs5ilDWSfWac/llkzXYqCLrRv3SdFcJPg36zx0KgmmMENauaF+xpSKtamlG61tEiAp8CKLXJe+4p6BKuS8gea/PC/KFnYb968/yVy8rvehq25nHymdDzQTISwLhoTKd+g6U3uT365I8+/1NDYnmK7AkDH+2hK409+KMer2ZF7b6wzjlrdhIFYOhaix8Oi87CiONpFOlR0S6JVmlqRlrpXV7exjGzyeSEt5G23Ch3NI5gwRQt0VMwWyQkaTLcxcIBdRrxyh7KoKdaDlTKSCarpm0AM548kdilO51IUJxlUrQcIdPMYVkWCGzrKnO9riggY3OzkCnMep1cRxdl1u0uUQaiLUliYcdHHtKA+e6bb797/vxlyplxevqx16i0gtAhjbDZpc9kxiO7UQYlrALIXBm7a4KcyeZeg/P+pfGYAclpMqfXvjXJ81Li6KKl1Yc3H3/y+fPn33/55W8//ewXnzz7XA71+JPPf/lP/qX89Iv//K9fv/nmV59/ml/v3TMNGTcWSaHN3VGtOGQVnGe7PYaHgKxAJkr7PiYTgGRocCV82UOXv/NAcSUnQ3j9TLOhPCuYZktmK8u2Yk2J83D5WHkJo5swxaUpPNIg56ff3f+O1kY4mEzLMhK0pgiJa/b8weOvnv3z3756+MPvf/vm1XM5PxYeyZgTLOEVhU18NReXYTspIpKOAra0kza0JpuIuK/ZlOt7QXrzhRnmtYSPyd1d9PBhqxhNWL55ye+sjqbsjVp8Z33HLtN3t7Ym8/Ce15DkWJYrpAWQJGKPB9IemDh+LJVNMg5hzsUBOKxsSrHzluLztrGkXqiW1ks1I9LSFnRMjmtYhaIGTSTxVJzSpzuF+DBAVlp3MdPVVpmOtWnnvAsvm6cf2LnnVveyYLfBvC64J/69G1IslN2/vPlDWmcu/tLke9hnvmtsWW/5ofBW33kmGoTEZ1aP4naKETDnS1EaL+gBsEZV29EnXzJkKlpmslNbMxRoCT1YHTgjhxhT/8jEZUfZ9uI29O1n2knwU1RzVHIor27Bnxih9EGVjofi+Gwst4d21jrYteBAQxiDRcBPciueXdSOFWB/MIYCzP5BnQy+HNH0tLvK4jVLREKYU9zvZMd6U2lZrQHfQbJFMkVqQenmQM+UhSZ2J2Q2Aelre/MF3PXskwM0Spy++gmL7yTPKBFN3W31LIFFbfKrLZdD+xjVHoxLY4VkOlZI6AJ4NrhobBQoi0ahgAJ+7HoxcQQ70n1Hyk5sRUhUqVh/n3CAYGcEJcfi7S1s5kK8hf/pZiJ6aIEhmJqjJi6oOzVs59qCtTvGI32kqcQ2TUgQwbFttwZdZ58+kc58Aw+lXb8FWNYBIRpTCtid5SIezMgfFuOa4DPBWINuaE122NG+isMcqp0JUW+rZJQO0UEOvuO7in4JpmuxF/iqfqpPKAcF2x0++qezq+InETLAjqbQIXIsMLzV5gC88h49W5oazgAAIABJREFUIvyTZEpq1Gm14jtmh6RC9b4hnyCv/tL4mBBm7cpWaKSIA0jbyVLVjjpFEeq5dX7PmTzPBe1f9HCR3KjmUDddPzSNxSzi5S37TRQCo7HoizHWDAPY8BPbNTKFoIxFVdd/soCSJPQHfK21FtVfZeGRImmCiD2eAjvOehsZovmAHoCob3bJ5113R6Zw//kmSXu8by1vBYlStDdGJP2zj3/2y89+mbuOV9dIR981TReOMMsu0UOj1wC6k2CjnbM4PXUzT71OwzBB1gf3byKVSSUBBsamRVz1IjnuHuOjA4lkk02bRYsohRttUilpG6unOimBa6GWXxlAkcQRKDds7ivU8hVDr0F1Nm1qM8Xzlwmmpl6OWonvszVzyEN58767FuJNXIKCtErS26IbHQyiRlflyyyN7mfIIJcJvvZZ8UhGm6MQCiyfOzfzRIwPX3z5JXHkKN1u3AJE1yIlTw/edhsDfYy+shUiwPVPkLktIsIGTNRqHWXrjP/eKlM3LFiw9tCVao/kc6fCG1lL03WvPXvI8rAHDx4/+UQ4/PDt13T87POfufPg8Sef3H/45+WIf/X/+fDNt796/9GNy5z3PvK8F+sc5RBNBaGVq4t6aZL5rRpAf/TNxXZJ4os72DYXqXOg6fRK36662Ja5lhEt8Jic1AqdcjNcZsu1/mtNLQBgq6g1F0Vpn4IEO6EkvcAxsdaGoCgiG+qF/5tXKn588Ox3N3/6h+/fvfjud+5jwV/oMQLbmb3ygM/WGHTNmhgfWm5Ahd1XlAAfNYPorn/Ozx2VLKk50KzBDsUH3zQtl3BOXZopZa7m6u5/YECTp5LCtw9Zort431KVlNJlDi1cxBIPyveKlD0VkBG1li4zzzKmLcVzTQIv8eA+7Cv1p6734RRoy8YkqtSgiInTecudKLWrEkzesEfr04BMuncXS8kyWxdYu10Mri04JQu4YndRx7ASSw3BIOm8h7wloD0qnAEzpBnZVM8l5Zgt68xP1KrR1YqzLSMBkXaYQuX79dDsdnicENmhSAuwiPA5rYmFQ48mYQ5O2k/YRCY7blQCv64C9HTzDW7Ru732NUCABZuvVEzTw3R0srhgVrq+KQgw/tp2cI6y0w4T1974BLpOkcTIxCW/xCo/BzNPRPGiFnZlxK8okhfpVAwh2AE5Ut2RTXH0Q1ewQrEIOhgq6mD7dkyRiUCjWEQhcr4mteOcVOQzThLolUWM8Bk/CLgdX+CJa5LWAGM/WmM7OmhPLPA41zHHi/IESdyJP3cGF+ekGcidShhbiV3bI30Kqs12FeDeiJxVU8SGj5icNdDDDWDCTvY8nQEOp/RPvGn6E+foR8ZZf4qGkIadQgV9EmI7/vyDjmaGSh/H4OcmBT8liIdndC96MRjlQCuP2qk/fo+iqIs0khNjmg8qA/gc6WpSocaj3zXjQ2sGzlL7G9g863Ad7Kif+ovaT1acgBEc80wCPTlS13f/GOfPtpVEI4wUu0rbUddR4FP21Kb4yET27CiYsgAO7HjGeUYd9SgJtQwzNritN9S5XfO1CM8K4fmPSwKEfQhfRyKaESsEEtBpp+1G2hGJ4xL8QV8JDOy1pADSn8x6NEi1LebZWeniLVNAZlRCXUlb0OtI8i5WP3GNXILE6+jgt35ZmpfRhTwEBzXG5AmzFDAevhGb4CMAPNircO0mu1Uw5Jhoz8y4ENN8vBmtIaNE0dmgtq9/0uZpWEttIIHIYAicERChpkawzXIf3v/ysz969uST9FZSUBW6p+uANNYNrkabehLDnXszuwjoZmH9B+Vn6+3JFUoTYTUyYWyGw9PRpA6GQJM1xtQW6klqvMy1lM9kiAmJRtEGksZRmQS5r17DMj226FzWBAmq7DTW9WgZobTQrQTJuJBgk9kBGAc13pNBdtqwBl0JU5GX5kagph67SmPIdzg558sGlnxat1UOjHwHKdZcSuinqNSBZZqqIbly1mxgmwlNPr158/XX30oQvNfW/ctPHj+VuJhcM0n2OtAiMYYy0VbaZRimzJ4qq5a3Jefbe2USdR3k6hnL7rx1UvDGQjPZmBlEKx0f3b55/L6X+Z3+9Mknn716/t3zb74i1sOf/9LDFyVK1iT8+l/+z9/+7b/9m9///S8+/fgTz+67/9qFaIwWUezfpj0QzGwlEcquyLxUplsotFW3X4ifbnyWOEi8pDyZOsMS2B0c3ZPUpBiJZVCerCd/L54WsJSvIg4cWsNDn/pZArVM5/EoyBLG20N4oec+fpD8TnfWjTviroHf//D9wz/52/efffnV129f/MBkQJJiD3Z205aLzGZVi+U5rlgibk8varkGEgztDSbm2vhFZLK/UHGbrmu1MiLhWtdAkkWgZidtyV0Pb7KUq9rm7pno5qaw3ISltClvmlAk8I03Gm8eUfpkNchxX83V2QE1zVA6bbv3wktU1NZwREC5hWvXTvYefWTuLm/OFAxcvlYQk7U2wj0yMC2xnobkpF0jAN+15ojV9zQx6XxrqXandous+rz093TuWqBOonG6Byrdp/2NtbHrSR5lZvGq5N49izhvb1tsSkQtqlf70PXRo1cvX+jYZtiCP81IQJ1CiacZreCtN3BUJS0VUHQQM10eosNAIW4fqN/h+F6vCH0lTKmJ1IUSdDWQYyV4C5PFFUeNWz0ivGI8iEjUpkkBf0WDYz2IbQnQ3jmqOV6SFgsJv4pkQcAn8/cbgfQnWRRgBdtXWHaL3cH5bWckIKdvJGI1aPyoWPelODjgM5jjdmNXTeAHRdhPfDqpP0wHB+EYtDAWEgcblVkFFc47EsQnGpN6RUldJRbCIHETqS5II8t6YaififA8cq6McAmJie+zG/zEhpIlLmuqTccx8t3imhopobGuL82NzNoWus33XBZanzFJ8kSLZ8JFtU40kbGGA326XmZWl6EaX6pwbpbzdrZ+ZMLngPoeZ78JDe8fEsTJBC2pkniM7bXrP0QHR+5jTwEzYYa0r+a/CZHrE7CdMLZ7bFOM+V8F0/Qb2QgN7HCNnW3f7WHdoGljbzqeveRnpuyV8AXROpnhzVUVxqHtkAwSfLWhVD6ACCwMijF/iVbtKkPvKHJh7H/yarOO2L5wTJawiXEiCvwxmUOmq7McxfMbS0jKjoBLs3L64aDZqMnivgIKnsYBzwKVRsGmjNwNPXdbfSZRppYqB+rKGuvOpsVIAclReGBWalQlnUZIiMAqAjNtB8XXCdm+G4QwCSghBz1rEEJNF9cCz0Q1mVQBNoXiAEGB/+xyMQY+3LXuBENhyZrcpnU/Yc8gkqFUQv/qpKJkpKgymikQcuqZkrO8yxXEt7/8/M8fmVdrltFcVrPs0w/wGNctSAeTShJQimNK1QjQmCQDMGSUHJCgVj8OjZHbMYKccQ9LQ5xUu2zj7ZtivBdtBK9kmLilOhRPM5GHzVCnZRdIgFPCCFwvkMlA84pxUbMtvKJWEqsotQFtZDL1Y/5DU0GwvmPmlQ7CNc6ZvgKcN4sGxC/3HfqRRXvUZ9Ly8QKnNVf1NrQEkrbrNplhALqZey7b/fDdd3//uz+g65aUp08+eXTjxo5ibiFkJ2+kFmGzhRpOb4tpIzzN8tSbNzM7m5RfdoUapueBS0Oo1uRTjesjCwusO3106xmJNyZtnzx95q5j92tYefazn//i6dPHP//5z19Ymfj4yZd//fFXX/1Hwj65udkkE6U8zly2IeMoORNYxCBi1ynNFOVehm9j+0W+PRfi3YIsiuqRBQmh0XQmUCJzUpudsdCDybramaT5mII5tPtzS8IoxG5wzOoWGCKqhX3WutV9Q+M89S2xG/6Hd6/fPLz57b2f/+0P91++/PLtmxeF6P0P7jiRDLmDmLsfuXneXb2FPYM1xepPW8bX+YqnQ7E9d0jO3P7vfp6qnb14+gxzO72p7Rc5Zr0j4MdUK5v0Ur7CZcLb6ZSMOEz18MHtbNbq4D3sO8kJ1pS2JQ+1nT1AMc7UauaHnVjbe+v2auwT5zddDFDaA8MZxO3rj2MnBaf/fS+4E3u7yKuwNsPuhZUjLBQU561JkA2WzrKYsU81y9WsnCzJyPOIkgKpmXRY8tl1YlgSULIsZ9RFmPtGUGDWmWsccYRuPG1C37kKexa9VKq5tSsgR5h0A+ROwbzOi+WQWAAVS4V/oxy4/Arab9u+1a9oJWc/awWVpAOC5iiGycAdqA0kIrHXOV9ISsgQeB3HIWqnKGcl8X66kM2UR6QA0Koufo7n9RS9sNA4yiTM2nS6FCMTAWDlUY9lO5UzjV+22lEh6KCyZboVgo8M2rhPPgd2ptD0uxM/AaI+3QNph9CKwmxq4+wesFhCJUuQgfhodvbjlBNW1m/yZq74BgckA99BXMdhR6i6taiEDqvSYTvMXP1VthqxHUYSRqDSqqLesHhIZrH2hii+k+O4I8KgpvmQ0zS0wrOK0x7WP6+gqiigmPujiZG9pJ9+k3kiJ+8h6rstZsk38cJtv7uY77ajVWXFZPSnxnRK0dGYTglTApuI2HZQ0dEyDcKN3LHCGPBBK78OeABJEgG/kbYdeX9itJ3xUwUugYPKERlirbXGP34q7XawLakqAHuoQ/9pOw7hhcCDU1fzGfiRQ0WkWUAX4aCuJKGDDOEIg/bIjnGFmoPQTbUkBtf3jKkgG45lghyN7BwSWQaVHSTVRWQ2cpBQvutipnwgSa5whu3wbMVkcQRFv0aYfWUOLjmDQUItE0r2Y6jVJ/YJ46Q/9Ed07ScZTilCQI/cE8s+vAmXuraAYzOF/dpbeirlWgBHYAoXzcnwj5tonGHkkMzVja2pc5TVYW+hpAL2QEwap9bg0HxGfAc81CGhPMN7ON+f/+m/bP1+KxK7SQWBBsh2ypbIBHsmKMSadTAj5O7FMsUuqKuvZfRrCKzh5PdyTcC7RJh7jaO+G6b1ic3+SAKafGoyEjgH1lU2EdXY3LQDznXctUXAIyuZw6Ylbif/wNI/dk0plUs96JVo9EjjxQAdUEHRj4Bt6ii60ytNMyN8nckA6yuVNu8ibUWw6ZlyNf8t7xfIUy331A10agElU3SlUT0yhtjeafPmrfuXv/n+RzI/uX3y8bNnj588MS8lczxCNbPZ7RYNFo2gx0GFQPJQR1qbYF2sjSuFOiEQUi4pyT2a93rotW94ku/Ny+Z+DPUENVVL4J5RJ1V6/+7V9999xWu/+LWbZG4eP+l25n/6L58//fiL//SvP7198/FjKxfvexA7FuLmhA0DsxlWTVbx8li3irQn4XVFmGRkJnLGlF9s/kVmJPtyfd1EInnlKeDzg8fKlmMOuF6ekctLTDcSPst77DOAOm3zZCfbdC21N9qdtpXDM3zPTxIaLx5++ldvPvnDj29f/vANmVnHA57qRj98dPtkt1d/8JRpTIUF28QvD9JvR2zsdmQnCUM0/fr600+eLgxqV7CW0VgduSUWpa3uU+n9QCnDLO9fd914oPll3utmd/PlRS/Hpj5xWs8nxrFTSfjhk1/MNWPRAj53hqUiz24mMBEJK/1KxsynVXQZYHNyfIG4e6KPKc+6jjKzqFstILNkRrxSt8lF/GWVZ64XNUb2WkJmoqyGEJ0cUdvUqnQgYdcE3luW4E3TmqQJYztI5f2kdha5hx9JE081Ci9elLmXf+eD+GedtcJ+9FfK6viwHf36IYovEng94LrYaAw3Eez3fwiGAPvQScURv9rF6Ixd2JkzJkJ4UmSrFY5nMtQpd47se1kyoQFV3m8/YRTYQfNB9YpH+xQmyKRJbDsDyJWx8jeK4UWQ+5hPcTEMusq4pV52gEOluzIAx4eljMD6X+M5st1peASKXZEWLZ1xv4eF30PlYhb4bAZkspCm/vCCzhBE8GkGb1QOg3TpcAZrn1HzNb75rKFmEA0XuWz2u3AyUYDDD8FO4mcAmB3p4Vd2V171GB+fHDMdupBIiyZJbXyjBR3iACJZShjRRhZ7WZyqs/pOXzTQO+6p6qwYxPmatfJBg1+k4sWt2rkooVyyHrnnlvOqvbglwSX1TzIoU3Snfb/xS1o+mX3RInRCKM75kRnUIZjkk3mBpqZOeJqnjtpCTm9t2JwR1BfBk3BfDlofD0dhNCej3xBTc4ZMgkAADMrXZf+IJdJBvNu/fqtJ5H59iic/5/9g1GHYAxU7EmVC/RHu9fIrG4Hj/mArbLsT8Bh8sAoboMcvrEXZwNNujAgwG+xrecsRyah/jDLn43JJVGJhfy7HOeYOkxcFUuixs0vc5qnxjtvajdFa26wHqXEjJERMu51mWshx6ZHvCHcIJ1ZGi9dI9zX/wT/BmUgIntrhFsebB07PzdscIaOxi8lxBz8DhXfhj2XjTnYzqZSYHRpg3LLp2FPr0j5VdwUv1bPEZYvtUePm0cd//Mt/OhentBFA67r6iHwpcTA2ORNF3MOBvZS2WzIcHj/VmDTynsRmOxw0K9JKFVyk60ZXY4p0ZlbJagyuUgB1wbq2wYW18FFoNM5YTJ+LXI5ssGzp1RQ2PumIalXMkCklEx2QzS/+DQvlyspDPeWlnmF19zHlQPU/P5FEpqv7TqUuhXcxLk1QJdtyV5D+NxgROoRywNLHS+dS0klTnySVMfAbq9+9/eKLr168ePn06Sc3T25dY06L+YM8mdiWFa/pWTwRcUW304Iz37WcBmFkVbKZAd6w3zgeS/edu7OXj4guGcoMPSnTzcZdBbYirudpu5Xlw7ubVy+e//53v/3Zz3/58TOPv3lC7ttf/PFnD29//O2/ffv8u489NOeR+y28t+2B96mZSsxAKe0p3KyjT0pZk80M5f/RvR4P3oO7Tardf+yFe2JEWsjA9jdmcC0PNm9HHyEoVes6fxdwWtNJU5dtfZEdKleXptCj7jjrL5hbosqDYidQ2PT+6KPfffTZX33/8OsfvjWTVkYr37L41qMcvcqjK+KtDmSf4mhnWIxSF0ygpJ+VMSJSVyMwM0FbwhYPeI15nUXI7PI/9s1culrd65sXqLRsblO9xOqcEeGGEiFMLaMRj3vu0HLFvBwEoSWHcRN+be5B8fbjjtPJVVq7wjyDpf7arL7/plbQODY8EeB9JfUAeTpTTaNG9LMppBNfEJgN0etUoZEGo85gJOXsJOBmeEhbSLlnV4tYJk6hGmdNQvUE1PdlwjPB3KT7crxHFj+EUKCY6ITeKR8Twqr7xDKmh4eH8c/l6lXz6QAOC54dozxTWITnr6aRHdvPkf0xgB9fG69HSCMNMdOyUoG6QEn24QQNSWlGDL/O51xIHN96PgZUlPUuAStqWcERp8paWxQKlImgroA8IIPzlYw+iZzQtvUGQx+H6lIsdUC0RVRdNfUcCUedym0dVLa0bSrGPQYV9wmogWeOGF0lQ74z10+0NrTBmGRRTtygE2AHF8GrZPyOQDNRIkNrLMw+cT7fCitZLVzyrfyIkXxJ2VF1eSEyR9YOVuGLClNuafH4DgmCQOXhAnmuCl+GJrfc2dcQ0d0QkzEm5yScgWvmY7yzzLUmQsU4McXGstSswIpxS0QQ66HaM5g0dNQr1WRsRqYjW1pNuyhdph2A8kGOU0a/wIKJbf46dWES4TJOYLVhhYd03/gnxmHWbv9Rmsku743tkQqLWTl12CGMMQ3EdkcLwXBPScbftpIjMECY+27vjsyFM7KhH9qX0SJTDW84yd0geYgRJYbjfrWckR90pMcCaqP6pexCZ5K1iDy/T4qLzB1CZdXwUEAYLUIQ1FFENpH6rm779bAIKu24djCxA72OrwAfw+OrTKmyviOCx/Ss086SAYUTVYxE/MQmAvVXOauf48Mi5RI5wTi8H+IcokeyOrkoxuw4YVMIR+j65CisKFmn+ASDcrKXClUlSENwnfqDd7IHvXx9m74bLSr5bzQxLCzs1tdluhn8/rOPf/WzZ79OJDAYZrhY+JisUpIpmoZx6c3lJIvWLWE35HVRMn2InlWaLWoAskLf/ZsbmHdLAtGM3zICUK5Mmd8yM9e7Vzb/4Pl9kj9NvVTYKDths9UMmGGgZQcRU67R+FVdHVIX8rpmRinzlDArY3+gSbaVXp22uE7GNlDRIm/ZakN0dvYfwTo3SjdUA2Q/xyYAx/saS+dXFsoYJSzAsxjtxUKOqPPVQ2nJkWte0OXer778ipGtHHNx+YGVaqWCapIUI+moFsNKpCBZyXT2NOzHWVF5CXGbUooF5S91y0CiY8toVGlZoEuQDE2r3pZh0SFHyuHcW1Dvdv/hm1evvv3mDzr3J0+euGoI9/5nv3jw+P/2zX/+Nz9++5uPXY59+PDp+9tyulYM+jPHJcPohcGMx6hFb1JJgbhTRxxZYLsHluQIULBczZQgHUots1DdrqSy5X2ejHN84nI2M8ySJMmJQRZxuSyVctcs3MkJW9Hm5f3H/+HV7V9/58bu5974JlxEgCfcmDq9fXxuAMJRfp8feFOiXKLadd4MGd3sM/LEa51AC3c9QzQLd0bz4P0Pks1esfjO5XsYvAOSz6V0nOhhpFQw8/vgAcukmtdgtvaX8redR7nJybSwJ4pvkLc4tKSvzENsmN/mnJq0XJl/uz9GJrdxxLGy8lpJeVd7s45RUAHWBHHSsDCt6RTszWv0j3vxo0Mu/WNeccJcRdL+y01FZEnHUYXj1BSmlOLpnsbZRInq7F0M2lQVoROebKYR22XcUmF5eBcKorJbVXZRuqocyHcMHI86IMpFLnfWnAujdaLUJ379kzaAASRQtkGhEkpFO64monVZkapORb+Fi582hwpzWdgxjzMO1d1RoqQiCBE7iAPKLGH3PVHhgWDZQmgMRmeMLk7hx2CUUIFKwLMTnC0pjy4XmMCcNOUx6SDHCSFIypyydtVBDP2qVXao1e8U3zNwtOumh+CApLq2ereZecLMFgiO0JF5DC9Jg81WQ5lIE5hrjv7D+0krxcnU+RXrdDGpqjtkciEWBGFT4zgy5aiWn9GcsMXutO6r3ZHNnVfInOpytyM4juEiFOFY1wZaoAwiEsCiGHoSZpEMFZ2ddQqzgm31xxQdBJC+eemiAjdpkVn/FTdzDSOkDFgk7i4xj1LAQ69224mDO6ppl8jwEM5LCTuf4XW8l6j8drATehJBTMBa60k4Ug3MyICvP7OhkaxpPRE7hLZRrpOL5Ip1qk6rYY1WsR1uB4daQhxBjkWjePhNzUMk+IQc7KX+hE1upRXlqHZEyvqsU8h+qBH5EMiRBf5IHcXg35He70Jmul3lF9ecEQ/w/SXS+T3FFaTyKT/y4jyGGTSlAhEUnDH8iRTKJFS7LuQw0EkGvkmn6qlnJMSwfRyX4/wDt0RiW+0x1eYKEElYTV7XobesfcLy0UYMdWlRqASkzk511/4IluNVs0wFgLoaQ3vJbZ6D2kad5ulqdEWH7ZHRy1FxhIzOvpm5JkAWPEuM6hw3QUejrimi+bNn/+ST24/ZpMZUfSZNQvsZDj9VvttnkuxJr8K7tMsttD0/0Z9xqy246zOLYW7Gi0QG6cH11ZxTcdQ+6fU1sQ6mzQSLaUOVrlwmUYnD5m904mVfzdZM0iTKX/WKGYfR3nQfd1eNl7uU/1VDnyx6HCrfykZTadRphG7zmZKI5gcNwiTb9NFxcpLO+pkWTjnQMhnVpQX2mcSBd5SVo6Xvi5cvvvrqS1x7ysrtk0feTsaqnX0UH1D6KRK6Kkv2RvKYZJTKm0Wkx+zsCiyWu0U6m2DHEZsRQrMhh7yLc8O9W5vN+pmUKgkxychdDUJWmT549/r1N1/87t3nP//kk2dPP/nk5Y8/YvGLv/jvv/3tZ9/+5t99bFFjd5mY6Hx3IyPrPuAer8PCXVZcMNGWSC6Ruu642XUYzVEtXguMFrOdhzVSASiFCVE8PuieF9o1U3X1IXQqc3f3jLcVm8eiRKcSWYYlRLlAU1ZHd+/+37959v/94eE3L968f/XcFB8ixYnAkegltMWUnsgIRTjWBIra8rreWUeHFlFkpPKnGht7S3bj8H7venZY3Gfx5FyDDSxtkW8sMbysXHZ4alBifehyp/L4rlnjAVDDK3cVWG8fqJVf9WSi9CAZq0y7VhjQGNggSd3JknkLqWSdAjjW5jv7m2vuBixBYiGj3qD52QxZgkXw2OJ+IopNHzwoY1Y1QsK1l/1kySlonSUEwLXlN6ackSoK19QzopfusdtSRFeZu86MOOqmTk4ayfjMgJ7m1kkEu3tk9zxXFIDMnjkSl0UAWfmlvus03416VMnE9fIjT2HH/k+DjmEBEEZ7O+jL38HLliVFky0yOFS1hhPd01NACX/+nUACwRE4E8I5JRngjUlWZNe6VwZB4BonsgCgS5D4j1N0w4/rWkLF/iYU9bCeTHeIowJpRvqpY1cw8XyRyzg0E6SQuEM4Ov5mkSMrAsRXFq166YQbZJIUYskVnr2x68fO0A+9CNZQiDHiIWYPf0XXQPs+joBcAOWy6PjMOtFOsPp5kbm2oo/KAEFlmImAmQIff9MunKg4tIcnmXUmKiud6H1VttpANzuThYO9BCFgyoKK4xEukFjlykN+RMMBGt+kqN6hv8CMjannKDIFwHDtzxbhws7sm+C+4KoNpG3aDMgeMoEnU1whDztasa70mJj2KearLRGu3Q7jmXVCGrXFZYcclTDBVkfNUXVE1Yx9meOomNgBjlLBgqivFZ6aQwaIHVQbx+xW6v/K4arURx0LzXuEXweEmMZyCZ5G8ykqqWB/h0fAeuDop0S1MVKwz3jFIMlSKn7Zy45CFeNBHFxpE94F0k9U9p/U8fV9IEZxbGdIsEGM/J0hZso1lg1eDmv8AI8cCWm3/zt5TraZYAaAlEYqa4ghpPNDM0jFX/8beaZNXzGCDyNr3n1iV0GXY6Y0CXPk9kNLIT0KqhLBHRf9dRdrb0QYAWbKOhmLMA1VdtoMuUawh700wrB1JjASnJAzxhnvoejGMfizP/4vb28eM0WVMUxGSRFsAAAgAElEQVRcZBzNE+RI91SOc0NceMYQY+9mgAKw9FB61c2Plqi7tJ1BM5VRM3m67kb+bEgkg1fjDR1drfT6lhJH1RMwf8YkEkfBxl6c08qAZ7A3gjZVcXLHxvsE7ykbG/sLKB7Kcnglbp1L/2RLEwNcw7y1fSkKir8NpZGf5Y4ZI9Lar3RbeAAiRfG6+KCLKZnM1QDdUJ3faqKOWyXpNW/Pv/n2h5KXRzdPn3368PEtUyCIImCjagb256ABpODJXPmyCaqTc7CjobfpVYj6r8spJ6GIkk6tO2C3yGCBEQby4XWdsRtoy0GszfTCXzHz7v2P33/7/fffWSngblxZsEncJ7/888//8n959eTn38pqX3sVz3vv4aGGFDSFeshfGQCjeSJ77rfTq+GKH3QTzTBLcdfehe0eCUTJLnSqio4+jbltx7pdGGbJ3ll3BvSGkxyEIJOYyHWShNxi/t2P957+bz98/L99ee/r75+/f/E9YVwTdsutCTiR1MpO8O+8NPj1JbD0sRaV2uhFscugjSesn5+chKxr0WTJ9/2PLwZ12V2MuG1FMMzKRdWMTzQ5lvOA0+KlXOYKPTmwqHZ5mI4W9bFR0Vtzk3uluzhM1w5qNkBi4+4b9IsFV9ip4wGQIOWqPE2+7vNQV2CWpZl7fihPZCKnL6PeCbl/kUPUWAKttXc6RMQ01zaRLBoLqYiXv6KpmB1KzRmCX2xkm6giqB5LQqyRumIPpCvL0clwExuFiGfEJhrj7ixRPCcFjcwzNk60XjblcVzjtou6P5T8FDoJkjuQVux4plNdYa2tMSnxj66AqgoFYGXVjWjFKtMrNisv2jIhsIAPwox3x3mVDU2jefDCtQeeerSI6MoiYGdeiXVi2DaEamURydQQD6eVREIhPZBMOJUTKx4jccinTrSj6Kt9sQLhCI4KUbA+5BQG6PtYuH31fiD1V/VAUKt3PMziqPjYEHgIaZg1i7pqQw5uFI4AlVzKZva1z5FHenE3Qocd9NNH1eLG2Dd65T6IzOvHJeNbMMSEXvHchQSI6dD/bB/rI5Hv6lLBXg0qdfsnk+gPfgrYmaBzRcA1nRqPCnwPHbDtV3scMcURitzZZg8As3r9P65xg9XNfJMmYv9/251Mk7vIzMjxPrJGdVi513YUTLKrAnwWODBxNQHR8YyEzsIJcAD7+ArAAYq19FTbf6KuPNC49X7XXS4Y74nkC+JkO7M0gyzwzwYyaiPAWVG6jJ65o5+0bdl76tg5461hIfJpGuhk6avPoMPSbhpj1xBHYeTGcrxSqBGdJdB3MJ5HvztvJQIQzPLQYPP6MVJMEmJ0wcDXvGst2y4dqoVRNBQpZU41qsGlUDKPYMopX5oCUu++Hh86sofJYKchwEM3CeYg3xM0iWZ4eGSLr58OaleOEUup4Iugjo4MLX1IFPIfTYECaLMXgSU+sygcI413eRkA75mG6YqXS2Pd0dmVL5LrW6heNsMoeSr9zQdxnbHh5uZPfv1PS0uQvM6pDWbJmFFjt1xqJsC+QRYt1wsNbHtszemqJ5bJjZ6AWA7mYuIW4qfwus2HD7pq5oKqejQLdiSydH2fIWezESUXtXSLF0q8jO75Jdgw7G0j7PySBQ3KzTL5GLs9d6M7PSnJfGY64MyXhtf0IXo855UeEIPuI7fLvFZujFTdSI8he+UqqgIt5Z3WDfHJsKw9aUAAsEe8Ec/HFC6xcFfr2z988aXMQ3546yXMHnBjhjeLhgocvvjrjBWRyGzDLAJdNMld0m6iS+Xr+dGGCRQZUA1KNj71ou7COBS4AZSZpYKIUHhmxrtTwaVvc4FvX7/+7puvXj999cnHnz68eexa6uMnH72/ddPvf//D7//Ti6//ugcRevn3R96iUXPTUlAx4Pf2NQxKhbp6a7Ehy7hJrbt+375+8kSuX2hbCchhxRcli1Wppell4eaSrum93FBEE7n5BpVNmRcUU8ZMaiPFvG9u629ePPjrH+5/++NLTz3sKnwjt8vLrqt2RXhZfXn8JoVd5cxya9lE13K7Ru9OEZEpWPil7KWr9v4so1wK5VKv91mnaFbNhHUODOVu+tfe3pzlu1jvUqwAYwqrVHVmguFhTxpqsm76enpOwaA/2A34C0v2gss5U7gbP157sDbmpNf48cSOuXCnfREm5FxWVpEUi22MtEGye/PKbSH/4d2je6ZKKVpuSp0Gyo5hFVSWNKRlrKVyYKwv7f4ShqahdsImcsD6bmdZ3ScOmhSW+QqpM4XsrpRosu+ETTO8oNegPCSRvLWAEmIrOF/JzOGKvWX0WayYjqwCddQ/wV+jyc4z8+Jghgi2HeUzQcCMVvv1d5hWUAso7EdYPYTiqU+otYZ6u6zh59QGteDqmIX9LIHgZ1FY663obEiRe+hHoAglcsXsmfKMfTgXMgd5UFfzTJSKWbuOIaWSf5+pksQ4XFyJS6EgRcn2VlVA7KRT2RRDoOR9Z7xoJVGWIVUjUEBj+4+4zQYaQac3s3kkEgYqRkgklQI/dSztFBLInkagaEIOEFCT76cMft1VJcmhcJZBIeKRqzS+me2iM6Fx5KMDdpgCXNc3t9qDPtughMDsoowLzIWjNE5Jesgk/MAghgwjY6deR+k0kfgiMTJy1jhwq658eqZU5M7hYZY2/B7BVUQufPJsjUXFKdPvGHeQcKM0Uqvq5AEQe/hNxm2hhp+MqZ+0B/AIdGjPbiqYa8oMJH1KxQmThRFSt+bRN0rZfiQvUg4YRFhhFE51IUG79MtZs1ViVJmm0PDdYQTam/BXwFUffwJcKhfO4FT45uk4bDO7nPJhHF3thM0axt4Nrax6FR7UY5XDPpIjm2BpkIZoo3Xkrz+q1UzcdoKOweGeRLZQz9flo7ojIH0KVFt27jBgP5EcVgV3tj2MkyFbxjOdCqB8gbsf1zmPz+6UOi099sEVBaVayT8GlcQwxUbTyNgOptc2Qqc2qEGXghMYcg2iJmkDD6k5LBlNs1bEMVB46puB1ZwKlg2PAqi8h7gByAaJVmNq8CC7iYyHHz/7+R9//id19Zm3x75EH0EyNoCwWYsF85SLvJmrUbfLjTM/ysZspWU/egsXxvQvBgWcdNVVk7lER4ZmzslzM3qOt75z+uXz0kHkkyvRjFgJ2BU2+hrqG3G84kEyksj9b7CkfNJkznSaWqnq1omtJ2OgWQwAJKjBdF9wC+oVmSMxb4PEFSd2dtCaQFp3XS8vLlv1Q7Tqz1cC8gRN25J/WneHiwmV1hJ6sN2rN19++eWrl28s+Ltxi8qTJ+WgEWpRXx7pBubQH+59vmgDYNt8asiX/cxLTOWarYSJ+CR65w8o4PknT7KlS5NLJi6j8maWVN79H1moGLP/4ZW3/ZYHkPn+j2+/Mwf36aefez30yxc/mIN8+Pjxx3/6L999+vPv//bf3r56Dp7OMoBHEoqykJxkaomExJPAuV88sxBYoO0Rg/8/sv5DWZokSdP0kvwss/j0sN3BQgARyN7/zUAggOzu8Nkh3VVdLPNnmYnn/dRPVkPgJ06Eu5ma6qfEzDTMSVD89VtfrdfVmny7/xxJzSUrHz11B/Yspu/mPLDKZgy2Vik5BlCUzNL+339483/89av/8ef3kv8f37/Xwi95tMzQ5pkyFpRlZnIgy211NC4vrSSofHTJDb6WtiRGpPRoGHDcN91QRYrEjjM0/O6777LvY7MUsiZWnrdvEd31zgeurfz0w9dv9kPJ+tird1p8/NHSY0sJXsISoOuQmUgX7DZtF3J86uw+d/e8UufGkdW9LHbK/X968+rLv37xCWsXPnqUet9qMulseL9/6ASuB6C//ukHv9T3toGYBVxEweW+FmYxl0u63buxoZPIBVL3L/fFYQMMLbJP3eYzJDg0SjT41KEFZb+s3ZN/YubyAuozJLNAXch9/uHNN+9awiy/9AWukKW7NWXBpxb2usNuoMZQlXbBtDcnFyDrrvNRugkbVQnsoEa92hEHfVCq6moEm5jv8BlyNkE2gonOAnDEDc7126LLhzBou2lnfbxoa+oiBigg7Dhc1CipqiEjkRHtoNKYrb/XbOr0pnmXhDXCbegJRNjXdjsJnULhSM+0LrITlo7+VtSUpmy59QjGqDErhOssyRpxjGIsi5jAhCZ/nEeOqdqMcXocvBj5R54W0UzimNyx3QZSZiMIHa51U82edpMXi9r6wACIdiNKhyhHMJs0VLMP/44x/Wo3m5QmJCaZ83Zj1Y7nwJpfPjcwZNQ10c4ix8PDaYOZhdPkgETEXuT1N44NYdvVH9OvQN1x5tZ4dGtX22WhVCjM2SiZabQ3RLVZ2Rq8XIP4wgbbygNlN8pY3itdVf2sdkdnvSGwC1ht1vwaDseCC7vsOtslJW6M77jRWecqnlLrFO+dFY5+akTvr5ZDQtTzebarupfCM2ikR1uramZGtn7a6RYvMVgT1eibaJGvxQsdGAXJ8bYf16dPzfnRcbcBorpEJcyHRmsW8zpBtdXnmJkmidE49JaUQHHyKFegUd33sARzDRGmXG0nLkQKYpUI2w4G+4Kr8M7Iqk4X0SdCu9h9BfUUwZ7/an09J5xaeCu6MaguezMS7/GXnUTrOhvsqt4kHzh6xN1uXA3kqE1h9bkxmtVXXyMUEx1cMtOwpiUH5JpvTN1Lg+JiyQpzyz8ue5KQCSLCZCFYGuJFPriuL0vOV1/99lf//Nff/mana2PphSYpJOaLTt02t22eJaLroT4zQNmCiUtKCoVhZeYmtts6J6hlHsjzV/NxzB11GqBxo7tWQUfTvZxlrnMrLqy1ZKilQSiaGG6yC7C97Ly+UC5QZlBk2OLaQFuaSw27bMo3M5RazweJALasV6M0zWgVOsr7c2I7XY9Vpii6ZKKOC4EspnFzf40dWN5DUXmk4zLOMuCPH9///d//HvHrN2/efvstAIFH1IJaFsa0bKYcvvsektm5dxmMzuIFo3+sk7PBuADTvjXi7qNwDdlss+fOoFI9ZeLLycT5vNjcyhnrNXN0i8lm3FdfubX5+z/+9MMv5Yjf/PJDD7T79O7dmw9vnBH/zff//T989/f/7g0e73/6+Ep+kuuKtNYNbSXuki4zZDHtu0g9yG+p9BwW6pRbtHGs6xDct9HNFhmKNZtVPeqQx9Jr0SBnWfYkj4Txhx/+8uPr/+1Pr//LP374+IkXPnT6smjt0T7kIpF44eWQPxnQ4pYvBkIyn9QvMN6aFoV9QZWviBS/eFJuBFOrbHWqups3XyouV49PZ1y//NrFeoUqW7qO4rMT2TJR2i+Gpxown5hGevjqddcgNl2UBCPLxcWTd2NG/Rqo69o99aaMttRzoZj0ObVlyKKCzXJTC8AyPH2Dmvl25cHD/8tXZXi7hliWmR2K6fxThMBMgNuVeuaotlWLLIoWQOti9mvYdJmT3nztitO88fizIbXb+ZkHPo8oqkv6FcSA4aRfC0BnqD0G6Pm9ZvycJU9r7IbBG4Hr/uxYtF/Mt9M+VxTd9eengohDyEEZD1Yv/fj4oa46Tldy7qufjDdWNcsUI1rzCvSw9eWE5ZaYjskA3GhysrTPPonXSjcf5+K0Llszbxtmap/kBtNjF22AFaUP2qJFg0BXPG7t+J+R1jznNfUoIaFaf7X/uaVStTEwCEU4qnSN0dgdwzWNsIpHWtYlIfBa5+Lk1djrkTEeyvKets9slR38N0hPlspEFxG1vG2f3mo9YGcLYjAd+5AcIC0q9K/mWCnakIwkNyVy9IvLmJ4uhTaSxJLFDEOSJrGu0exp9wAnIgmrTq/2I5w1gnFsEkhsR7k3PkkcOVOdS0Jhu0H+rBShfz1+VQ/ugUgkObVGYb/Dw6t7Vq6JkKk8iu2RbZbWYtVDNMS1Vdpbu2u2RljG65aoqo+qyUW/tfvyBoy6cUG8vR1EjSofjJrgi2OwRraa2jqKbYSs0kdcOphFqgmJmmsyAm9RjhoTEdNyR1XErH1TZ3adQQ7I4KfX1NSmMB2b3NHX2AQX/lc6tfBxGCC8GSlPX0GRcDIVV3VE1ZdoxMrHoTm6meohq14jBPWZ0ZHgc1+aMrLdiFblsCmwTRPlhK+uEjt1vkmqML0QtyuoMahyZulgHCJOqzWLkJSNoJWPKMY2jet2mT+y3kTQ2FY1jWqOwm+mOUnXPafLDtlAQ1N5z/swdptjzZpGeXMmFnqDpY6ur/ryi1//8l9866EnRcbFcdLi2dzSju8o1JSddccwd0t2wUp+opPvwITfc0BchvWD69lNT50+rZHZ1tRYbkQhs+wlLHIgGIiADY/xwa90zVTmwW2Iyc4I5kd6h9n6pZk5PsZT1ObIYai++SYopSv2WEIukFLzhrnc9Ks0H4AC8sKqSbp+hlAesxRtdY35KbgVODGxsIymYA9tdVvqQ0ce07G/3hmM0iBUP33//Xe//+MfUfuZjdfvvn3dL2p0m6dMhRDcaNgzEeXcpYnNXU0pvJAi6dAMnTRJRomBtRqiEPe8vUoYNs01aRF2ehEd9niWRbHhUkaJgzm99WRCXamXCYfWutbnDz/84z98/PaXv/3Vr37jdKNLDLnp1S9//dMX/7fXv/jtd//tf3v/19+//dEjAxNmMRRra0ZuMXolx3IR4U5meyR1q2KFWl/jSib4Aog6Ux10QABG0FeI7kcpFqnpn9V6F7S0+/jl63/7ly/+7R8+fPf+06fvv5ux6d4Twp3qJq3+0IVxfj+GSWQtGT3XlDszfdafcRJw6RXCL7o/w+E7nqLJLowVBkj9rN2r960XQinF4qPFP3AtpwDWAzsJFd4p/tMHCT8TsSB9XeSbUHy+/MnioQXUXdjbICQjlWS5CkP3dOUFkFvJg6VWfi8RGtYAmy9xc6mEX1DEFap6jbugJOVZ9bllakmtKJXtFhi8297U1ajYZINiKJ9bsgWyZK5xUzAUqaoVaZa3+GRK2RO3RgMK1r2e2FwQLrz475PVZQboSyYfsXjdozzV+isuviFivtiTymeOFGnZD54S+hzSn2aoj3LA41N71l9pXmiX2RnG272aWSpX46NYqfJ2Z/0OolnVNVLAkh7TXnKO4/RC1phAYTv2xjOOA/FzazqhmrglkMVJKDdaVKwu8wVibTUX69j16mvEsB2ddiOvRTw7yBX+8exw/8PLYG3AXaGWkTeMZfQTUMnLn/qpkYjkwBAMYdFY5fjBGtOHRYoU4pXUKGsPop08VLuGnOF4mR9PSiMKHRJmExhiK6Dz4fhNo6It1sd85NplyZUiTEBOOEfPnHDEaFKFjdbhC1k1Na/HVZi0ZzsgYTncMa1l7vLJ66iPVzQP9izWtJUujcbZMLRPKV4s4fhni5NafRzqTs15+g4xp0+VUbygOXiIlTLjPjNAVhnQyULNTsc6RttAKzaULmLhO8yxGuDgTiko1ugJmSCkQMKO25o8++OYgWN81mEq7nZ0jo6r2hS75tO/FivHfuU/65glQpRZq6vaVid/VM7dPwsIwCUYhyIkjWHxa7yutDgcnzNPcIRY8BSomBgfY5pzTlTQtp5XB8xDcR6cg1fzAG6Ldjv13WqmlYNsdySRE7h3DW2rPfVuF7VHY9SDE1dSE8LCc5+NNzMLhvWFNvwbcie+z+0EQfOVN2zjs2SgfRHIGQvBpxPWKs5po8l6QwziepK1QJFwTdTX4Rr/GgK1kEB5lEizvynAKSjfm6HeHQRaEdUdqafFRH1ltvlnv/rXr1zPlKLNJU1fRALHLCTF9jA064Ar31TCTGlbpVsZtGajT3JCk40LkpA6BVbfiGHfDXJLs0TLTvOlgOh0tqRzXx2yrW3amYFmBE1aiaFGF+GlepfwNQBIJK7zkmC1x0wMojOUUqfYXy4Tzs0rgE6d1JjVJii7NZVNcfNlTt6Sm32aNzzcHDosSbURjVuyqCXrNlH3wMWqCrALGFqW8/3pj3/6wx/+bHnJ8w89ccY5SdOyCTWvoUbPWlKKEtquM/RuaYjS51SzeNkbOVkO8fpAFjUb+zJgLveMHPOy+MsjFwKb9/AoPmBqjadT9rmS7ZZOdTd0dW6DcLvJF1bVYv3dT/8o2/r2l7/+5le/cYXip/ffv/vm25/effPmV7/583/9dx/+/t/3wyWvvvrOz0CvAbY/vuaaH/0WMo38+LPDQZM7yiBLtD59+dl9UkYM2cqCpHxL2iJZ91A8A586+jCAhFLIfvjh1X/6y0///o+f/vj9Dx8/fOcqw1zBUA0gkiuvnozTX3ecCOVuf1ryS6fl91kve6btorlEy2WL+/lBNrRsZl3YcibMBfoiB2fkUs/sRoivVR6DDRXTlX8V5tJKS7KlUT/+8PbtL5ynbjxo+bIJo+XS+gfVOiHbiFKfLR3+1Dlo13e+cxM5cZ/ed+/wM30VAq88Oopoy5RL6uqJFoeXQ8cmRfq+lJX7pkJ8OeVnv+BXiWSt4amMf8MrD+sF+64S8MIGNtbTB7DlBf3X1YX6YxdZFIFiwUGxXi+zX3cpy6z3Q5poMdZ6IVQty7KBZcVm0Gykq+zpOnDtK0z9SJsgzzX2dCzmiCHFwfWhYPkUcWnoPYN5q+VJrqS6ymFoJ3CzSJPG2u19VSjm83GjOvU10A/ui1IdGJc1T+Vk7iDtprjmTFAx2tr6q2d1KimmMeRrY5LGF2T21J87tcWq6MukiYj/7aSt8pormXmmz6Nuo+PoV1PXjZPC1PaeYoFLAyHXYkoKYohbtZOyXtJhtgrtWgHNl4UOCJl8WhkfsFh8hf7Mu1ZrNOdm2seOamzXtdikaxLKu7304tmI1+FzwLnsR50h9hnzEAmXKLNi2AFM6/1NSbE5BRVWvdo+SZvvxEveDJV/kSceZ7RRI3ewlu1MUN+ZEqQgNnURO7A04MVzdCdviGppsMxJNngPdONTfGbZekc6OyhBPNIxsh+DEfY5TRP4UA3Iqkd2TDO3veIjINXEe3hraCsAECRUtf+Hzv7hAJoy/LtQwQ2/CfUe1gKywsqrsZcYByd8ho+rqspeojswbaT4yzlEznYdZM3xQHFKBi9yIpI/oWyZCk/5ShffGDmoIrJEjwm+mWHl6gir+ZNBrA79LJDstLm/WhePj8diWXT3YR87zFYG91qsZZwWBulRfLLE4Jwe1+hRJ7xjB1CTWXn72qJtyIh/48h13MNdyJLWeBCEXvqusDREanOQJuveFNWNRFiD+s5fYvzSus8MryCbZOeCUeTYHoGK4xu2dknR8yE3Re3eRlBMBX3RN0/1sDTDyb7YGtWa8fpWnyqmFPOIoearL/757/61Fa7PX7jI/C5AhF8N+UVAL1uMtoQjH/QgHb9kEcZ0b+HNcNL4AS3S5tqZkim0btSIQetzW/TqgTC88copsHnMhOxnXpdaliY0iKG/vKcW1nSWGmTcfqasNUQkzVEtW7CjWViCojEfX0iISrP5XIJOu5K+FhFh9G8qVs+7DmGQezTeIGdKTbtspvG0WVKMFjnhmYUv1JRTvdzn849Oa+IXZdqqD5Jzkp//4e//4fsPH90e/o0HU1s+7DGHWV9eE4xOuXZjxL5yTR8zkRyC3KzBvvxwP4DRcwe7XNIWWqOzIbhMPwUsi7ZUQxOedsVmZjdjCwKVjJR9err1vJojFjn0qjdZ9+1Zjy5l++rTV3/90x/9GMlvfvfPf/GLXyn74fP7zx8+vHrzzW/+l//1/a//7s//+f/z8bu///rTT++/evW2H7L7Qqbo8Y6FoXt+fSv42vWFO5H/0aV0b6n65K8yCbrIVi1nzaR6bs9cYbQycl8kvvjw4+v//JfP//Yf3v/hrzg5pctUrorLEPItN7x319NixDp2X7HqGZaEpbyfnK9dIDFvoZPfGULwbj6xFzEZ+hAQrGEBtjB6y6uYVvDDT+/9ZvYPP7xzl45z5K9evW+4LlksqerrFhd8fPXGfVfTYCvBbkMSAgg9Q/FVV0ZaK+yrkfStW39JL0zqJ7DzUX7h7VT2rKEP0l2jU/HtqtIA980BNk+qEgBbvNQi4uyGLS/+8EOdpYbdemKUkXLm+fU3sKWHfiWF1y5djv8NfK6LffWGIozmJXIaOjZ0Fhuz7eItywkUT0Py89K+nHjMvas+C+3IG7ao03JsSnGFZ19LgT8xnoy/fmtFs1/EkUM2Rhhe6j91i1rVsF6SM3KZg+tPtMhUAVqptwagFdV21GO/9nXa9dx8GquOKWQnykZyrZKri8QwDsuNkO84AWMRqcKE1GAwBm6yvUE2/A0tQ0Cta/GiwtnmWuLaaKFoEryhgmLsB46oYmvIybw+LBJrFXkiQ/lPt1FX1tjIus1iGCSiFgsAtQ6S1H/FZ9H4kD5DrDgJ6/xT55TQIKPlXuTHnYg4TUgRtkgTmU2OyboASqfksv92EmfLQ1NeYeVRhMqmJhxtk5rXytZqYUpSaNldfcqNi/qhyFT+6t4TOkWTMglaC8+dvImHw8ZkfWoCx8uYg39o9ja3VkuqfS22TZjiNVx5CA96vTpVbFVLEKtzpPp21h0nHQhfLhvcQlO7h020R+y9WWxteVa/zy4ht3PhvMYUSvcLZw1qfu1cwSImKA7oizUDF6zp6uOMUekV+pg/xyHskzn/Hs4HcrDSpC0dtfZeP1kxEYuWFa//HtcS78oKeaNdwZk2Ndq7msy/j3SN6w7WLQa2ov7VhbVXLWp29StHgwjj1V6bfIsuyqonZzur1mwNIAuKLdzD61NRze15g9sElSPa0mRgClQ4cXlc5Ks4K8RvzRfIDftrF4gmIkl6PGNd7Cppj/PHJqVU1kHq36j2FfQFat8GTx1ENgP4UtysD/HYNilFNAmB1XiHUG5AL/Ux7jsTBUzfa9wD8flNC1JSDJMaQLrTtKtzNbt4yC8z6Bu//eXfmRWW4oUjXM2n6wf7ipS8Jo40826cv9qdL/LMv0abMW9aaG1oDxl2qnsLVcwvTJyg/GRvZ5rlX01tpVHEVy25ozEb8WIAACAASURBVDMLQS3nyEJN+vNi5gvVmlip2tSrKpPGIfcEq2U8SInvyTuaYsfLBlvvBSqR0ncTrYBtLrteRUoctC9SCCpMa2A9skNCWktlUpzKvWJeBEjETX0TkAadIqx0EWDilAG4AFHrt+/evn7zzjKinCQvoFkIt66mHcdxm2U+dfjc5NaqVTZuOO7piqnoSJbAjCClXZ5Y3GaK4iTQEqqGCk6HUyzkNG0rgsz+rn5rmEyFTry1NGcpUUD89N7y109fvP8f/+2/fv+rv/7mt//s3be/eo9hCUSXUb771T/78z/8p7/8l//9q49/kjXBs7OLrV2BWkcxxPW0FF8zPJc7bVSUEwuUDJ7TklxWzTUufkiFv35+9R9///7f/cN3f+zHiPsF5/Jdd268fvP544di9OvO5/p16VIoRnzzRq6UB1vzzQLjmV8SYcsczse37lPgtzBXgIj6/MirzgR3B4uvCNAA51GIn9+/t2r6yc1EubHE2pZ7F/E1yTkZEWpcsmSVNKFDV+n5GrKMn+2LUvmiyYmy4JArt/MUmLedSV6ElPCVZjWHxE2KOl3cgG8EkArnrPqFJLj1X62oas3Y6XBRkyJ9FfTe0qwSQvwmcunyzIwp0WDct8PJfEy0LpNjugXKll6W+301860NniKIZVm7223qi+WUXNBo1EZ/UDTS3ynrO4YMW26earlk+mR5oe0gSxXzy29FxPpbyhwh9FHMtmH3dxokA7ZGVPKyo5qJ0BhZYuKsrZqI6ugbSWqT79qS1Eed4JpsTaVuUvggi9MMPKixnOiLGbGjm6g+YbjFrDkP0Yzg4wGyhnurIpZR2d3O9HLskGyMctxgVN+pkrGcJCVrdOhfZMZOO6GrsoPDbX+QpqnonSH4z57/fIw32Nlw3B9y8hQGHyN/AAwjdVIT7Yspqn2o27sugstDU+TkqNkXi1n6ao+h/QlPrWM+9tFtoIpKnAme8J4s/UGrn90Pi5DK7eNQeMWsBseVGllQwXg/grN0JYofW4ZzEuIwdoIssx5rM0XmDRDO0RTwY+49dypLSFKbHlfgsy2+kdgmoxFkjIpjIoyD1EuNics3XrGK7LzjIJkd3PizUK5PdhlS3G5THQlWwc1fle/DHoQ7vsJrNJmh2HdRxGdEgjeGHp+XVpiGMqqxelg4zgfLkhQFfYJCP8jTRGFQkKpMtd6DizyX+axXt5P03lc4KntHPJ2upn6CyOyWrkWqd1WrtYt34RGeOPa3KrzqZXFvi/Cw3IGCGFYVHDvt315QYxt4kbAYH/vY4V941ph5ytDdmsEoeWxXhI9x0xuaczlr1uCYJ6e9LFnEJ0bBDB76I1NYnWK00yRio27WywBXX4PMjyQuxeo6ZEz8G+Msg5QgZqNmHLfGmjrkiaaovta9Nk1BCq6Norj3Xd5yQ49E/uZ3v/7n6Ltc64m1l366FCsU2miesiexZQmSnU9in/qPeauMYaFzY1GztyuUIF7yR/OWgkxC9a3BblazwqSipZRxjsg8ZGpnccGQVSojgjgnmguDxhETk4SmFdis3rVb54sgShQ2UgTbHopD3hpimYITA321U7dwohr2KVjpcEov0m75ZcBmzYbArF24YQ1ozujVsdWc1WRZPAD8y1/++j/+4ffSICdqu3/Zz9VZlglbJsCJBjf1UqTBz7KOqfucjSO15ibcEisUWgO+NKJ4QcHrS7Ah576fZNzMRoSvE33LYH/RUOoRxtRseKJFOTWI+BdmBRYTubfjmXisaH33x88/fPjuN3/3L3/5i994gMmH99857frVt68+f/F/efebf/mn//rvv/uv/+7Vj9//9JGAr7743knmL7/98ltLcO8/fvY8nzsJ+aVzpm88ntqZTb52x3HP6yGNeJHjWtnvPn/17//w4T/+4fvf//G7VuMa4RuMA7plP0Jlht22zFWFb96nC2sVBhxDGz11Zlu2Ixwd66J8na80KZmiWmvM5eKZnp0lZ58+dgFoZ/xtucOlEaYxIc0Z9Si/d7zY/uHzh69cedi2ULcYrvnObnsk++VbhVnfjqyvEKIDthL8xecPW+zxy9uf3vUNYV+MXvlxxI8AkikXc0lESWG+m2wXxeb7ItLVC+pcyEtd+kv7nQUvmqXCOmw/kOO56zzrog7PGC+PBGN9ZopyZEarx9HGR15e0BvUNFulAeczO2hZ2ql1cV6vsR7JCEQjK9/t5vmuTEDHfVGnIUQWXqXmTAhXKXg21rkKKhEOeo36L/J65BIZHS+qB8S0d30CxIbAi+9YYCum4w1gf8AoRFTYKq698pOASrHW4X+qosZ0CEYvvOpTNX1QxGLcExKtrdaxrRvuI3kVDX+fO6iovVqOIN6OckXvC+YsEnVKeOug2oFc0bVllJQsutWm7bhO/Nmvfrv5KCZMEf/IlGcPbWc7oTONJ/7gJzOQEz0hg5KAwKwYg6WrYsff6jkPsxebpMOi6cQ0bBZnheCsEJvTM5jgdUDTWUjLWKLNPKEd9A6Lhqcu1dtvjAdsVt3bWeRsG5fHTcmdHQZCheg17sXQNk7xaec0CoLK80tcDkUqDEJY24nxtlmooiGeFtirzXDrq0e396N52r00RxqWR8eOjvkkHGPmsBNC4Y15oRFI0W5P82yXPjFqI4jVEscUPlacEj9v5Q5hLGCCehUaGbnWUMFLq9knMuzjmDBMH4LKSkxRqTtuE7kgS8TxC/H2a7n/nBLv45kJIq4/k5ycjUN0890T3ePDgI3yoVoThfE8fMf9ZzE7bNyPp5YF5agxPUwdtl2FnYfgrBLsgYMhikwWnjnIx7R/GZW24pSd7lxjDU9o2hS16ad5rPNRzGPveJP7ccsEFZtpok1wJvGWpTcMOmx/jck4hhffmpoTivuCvb/wao75omUcagtRawqWAnquiGGCwM4tuiWxvtwE3gPhynjcxNnVSYVcM2Q/x9rk+ct3/8wtzFglZFNUOFuc8K5hEjeSlbTJWKZKNtFkUyO3rMqan7muFYXmFARmDqDMMTitQVMPlm4I+Pihee7FnHg1+zan9I2rIQlMeWPxwOyuaDMSVWPzjkvW3BgBqebYq/dgvHqSk2vmf7lDjKIrRw7BMgh8U60W9mRs0bBUh0yJngg8yX5Gjw7jgywhWWO+l3O0fKQOVGcGrZh2KdY4AvyXv/zpT3/8szOPskO/odL3/qQ0kHd7UAtZAFii6UdHcOlryGlHGCzImpzgl9bskkHyWzMLPGtpXv8qzc2o9Q+7rFRezTfcf+fys83scEGUmiUNtCpEfO/J0a2sGpd4FC9XespwP3367//nf3r7ze9/+3f/6ttf/e7Th++9OnH8w9vf/pv/9Zvf/U9//R//8fMf/vPXP70H6YME5aNHo2dca2XSkU+fXrkbYiokyKWxJMqsiHcq8g8fv/rPf3j/f/7xvSsa9yPInQG37ijCLL3ycWd5fVd48w76s71E0TcEzhXB9oGm1GLvVd9/LD5KdOZivz9c+Z6keG5dPGTKOoyH4/gt4w2+adwdK91Ewr3dLl2Y8VEp4onOXmH5mghrjK97rvjGBgi+9Dsl+yK0CJGWk+Hqjs9ffFhMYtJVmSTyC0HMi5Xo8cyg3NhaeVmUmHEiW9bM69RFwGKa+PBYHScANk3IOKexckuwHheFfeRppRMOSV8ttfVdaD+LsnP6fYv43jDAbvq/eBx3WuYtMQ7eV/1kdOfri0NoW9dWLUh0xPX6wr8wVXMVwCU4/ADPEwVgOxApal7Kd0KtXNI+eeIqvIFWxOcXxrVZ158yWMR8rMR4UU6/1NY648S7rZEgyzdROZpk2mMVIqXktk0rn307Sj7CZDSAUMbxCRypkvXGWNBWuJz1o6dBbfNNb4+8Mn3dZXxUrGcRVK8a64ivYSwCV0+r2+JRGFTdd2AcVIdvVspBq60kbXJZqMcYrjFIrGYpZ2cqUaEdxZqhEs7eEYXuiE+XHcdIwyMIxiCM5Yox2UGCA4jXiz1pwg7DViN16ZmTstqIK5zlAtcOlBGlmMPGsZwQn7HIJdHVLkF83YLXCwSt1pQJrt/FpbFyUmpHMu4VB2YlT22HjZ+zyWri30gZ1+PgeNAV5/csrlVdgFsTFSL03tp6DsI+9/4ziCsMw4FAXSw0OA1Z4jLTVH6a7mMtapUeSfKKahplooaEDmx1iwKi9YjZ02Ht1a7heUvJ4sUnunkXu3PK6MYsk49p8Cg+o7Q3N9U2zm3b56Sft2S9EDQeaRWH6JcPFYwdPaDtrPWp0PtIfSY6qhGPvb1s8DM0B0VF0rx34N0b9HNk7f1vG6Znf6CD9ag9Lo4Qs2d+IMWeULQTh0TsrQWJfB4M/4ldhKi0VydvTFLR9yYWtxuF08DPzBzDBTJo+jpuA9FSXuoEySseTZWIUgwu74u2GPqLLLwR1KBQqm11igcv2wdRwWWqDkVtp1x78lrnbq3YmVp92zck7/VVv/HQnE37ljdaS9JDpG4/udvYhPHVD7/75T/7xo/smb6o2wCSnHpcnWnn3842O5/qMjjyUzIzdNGf/A+ZOYb+AIX5Jz9BC3enz/DbEohCizqyBOfvXPVvlnxrNZGkhPrvpDoxaYRP3Bpws72uqZiKlnTs31iABGejbCPt5esttxAZZdYm0EFtQwtVq0c+MTyz4tmV+1g27WVxdOqadDM+WLuUCvuK0207PmWvjKuBhcvZKfzu2ZUYEUhQK0IfP/3h97//y1+/e/f2F2/efPvKSk9n6yDIv6YTzEzJbgpvNm/5dhnS656W7JI3UBmOyGlugCRSO6nfj65A6z5Zt56Q1s0Q+SwA+DMGVi1mTusUKQWMD07N0t2Cmn+D7xQnq2deKklaT7+8+aUfSMGj1b7v//xnv6ny67/7F7/93d+9fvvu/Xd/+f4vf/EDPT988e0v/5f/x0//+v/617//z9/943956wZh64lWwsTE2y9fu+nix++/KSvOHR6KQ8ufvnr9pw9f/P7Dj//lz59//ydLhlJQj5immISP1b/yw4BNmH3neeuEtq+V3dbji02PuQFV0s+2kHdVKhVEI+VYpjGiB4W/zvUGIJou23bel26X4WSCgqIEuK8x+n3e6ygpPZryh+/++l3ndluDwKmY8NwWC4l1Gr+qkq0hsQjnPPFnmaKgVGZp2G+I1IP6vvHpzVvfZ0qvJVnFHs5wsrVO99NbZsdEQ8w/vn//xddvJLZdacFPcx/tsr3nyli/LPT49lUPlPn4yQ81WtSzCNcvzMTCVwtLgp9lg7j5xefGXl8meKGemFuXvGBniTVXM87GbvElNkpTCnf73Wj2ue8qOBVLTCXoejJiy/vl+Y1CkPiANe5ffQE/Bgg5W5pvS1sj4+JKeNq6Z+4JsgIv/wSssQHxPhxjpxhhFw4gj8sKkeQJVS+lLCreY/UQ13KNV9Sb43yHrLbcnM2z5FW+iEuj/nobx+LhiBZHtaLpGhYrQU+QAh/txS8hY3KgY0bRh7O40dNrExA2q+/PS6GhpQjVQR51Zo60HQyV+IBfxJMfOUetGlybkgdK3LjC+yPeJy/WOSrSjN/jq+HBtxciXBraSIjUf4MMD1dpN6PXqAEpAiIP3NmG0GAkdzbQLP8p0BD38dcHFdQOj8mIZfPHxrPMkmr6IwnHJ5M18B7TKs/9NRqkBjalRBWrzRoOU8A2QH0Tif1jrigzZ4wCEaOXcbEq8TKEVeF3nBY2hA+qVtW0aZvlA+0axPPCkF71EMThzBDVbWF8QZDWGelqslb7UJw1i9ts7Qhec0QzeMBqv9lZ0UXmOOQtzPeWfrGqZfMlyjP3IT74KVPFvf7Jp6aATL2gDPPeEujwosduYXMbTKfs1JvaTaWneG2qLwID7Dhp42Z3TKqOKsNGuaMOG2SGWsP2q2jv/meLGtQ2j2SCKbV4mtJq1V0LzTSsgfftTd7MjPgExLpNIzpScmPdwVt5df7NHqn7UkF4UeP9HKFpMm7+QVaA1slCWEtfv5X11wgdy1LC9UWHLQh1AVY1B7XmiM7NFa2qQu0YJrSzDY6rYr2mMVmO9bWSGqO402WWwLSwbNHs4TeyWphLHi3bcVRC1KxnCrOc4OEV37z9zWYISM27qUkEXbrGvO9u1CZZXreLFNNLkDilJQ+xUNfjP/y0AwuslSSkFQUgclYGMII0TskO2LqrstRa7TKFt3ZgSqVd6xWUz+51kb5TahVwexILqx/NTDVNbXyz29PhTU8KmMcaXk3Kg3y+bGxJhQKWD3yYD1Mzo9IKT3ly4p7/mSJbdaY4l0SHH5r1tdxoAlWccpayuqaMkeQNKYgPWnf/vP/++//x3/+7qfSX30oRJYhOlUre9fPCaPlAS38sIrRCZ24mNbM7i9zTUqRAKpulOys4HGnWXbQhKhqAsQbllghk1/uo4yj4bhXgmjJtEkyWFEzPcaz7ZwR1pQPLLM2o0PKCQ6iIVeGgbvflF7//7//lD3//3373r/6VM87Sqa4UfPXd1qPevn73v37+u//l+z/9w6fv/vD505+//viBnDffC8Rv3JTMWK+/fvvnz1970LX7X/7xO7dzdEp3kOEQH/2yyIf3HwoIK9pyoK/ewsBiuy6zQjOdzEi0rVdqIfSLy8yWzVobk7llR5/yw7JSJH23zk7G8Z79PrP1nacuasmOkKyzHju7/PjhwwfhUe7VdX7ZQvN1wOfEvbXE+ZhJuJr0YrIAYLrOv0pYWXHDsgBubOElSZYLcLtMrzY5RUgjWyJvIfmm3xLWsOIgVlOl3OITz8kVOwtcL59I1/JKoYErNhs36pNTDnLpRGDyNBvXyeOWUj1/irZZqu+KBSHj6mDdjg1bke20f4YqwH092o/7GVl0U62UXKj2LbH73+uOBjFLt3/9zo1FPeoyUxSfibRfyHVQzy8kGzVLKZZBVVWdt0Y8e8WFzVuljbk+VR2Z4g2SFeT8VUEa5+um7a9T12QdIrExhfQxrwKHeIuMfPu0uc9wP01OdjE1S1I0cu2SWFPHyPP/SHd45agm1QczrDnEBtVaBqiwTfEhfwQ5QpnpH0jZA9MQbocwu+DVlYN/SmxvuqhK8prHOZt36O8aTfVjFsDCYyzjB9MaNLKB8ETQRIxlgG8Htcb2x4NOPjdiZ4E45QxmOeor0Eee2im0ADsXrknNslAfsQ9jurfB+XJY9FWd4OALh1XSAwkM7OoFKlSsRGsOiOepUxUhD/hjBeaLsMKfpbx0SRwGKnlhmD6TGaDazngWZOLwoI62LbsfzB2u5BppqdfikPYp4cMuqbqG2Huh32dSRtGy52R2XKNeU2X1pC1qxMSaoMgCDJAnKpy34vZwjL2uqNVqR5BtJ//5aOgL9CpnkGpzbEIeDO2MrDf/k4Tg2l5tHGbOF/YH4lFjNLmrNTdblXlsxskisbrOc+0dF+4TyG7RhpyeCtfHOnxIMgWKGFd9rRyf5eO92t4rTNajhr2iadXQV4dDeixwUVuGMGV2t6hS/mnAGd9k4VRxDdMoQcv+GjCTcTE7yKMhyQTYGOFz7bC48TNRlZJbgPrmxADHUdMULRQIQ1Ox1qNw7LNFCithzuZ1l6fr952bM6Tv9w8sb+Rl9vOIRORJMn5btXGCy9qVJQxp0C/e/tb88eMX/SKfudNMsCDU0/DHoRILCX40wYhPr5bNOvRE5S0LhSiYDk2s0jWLK1/5GbDlOpY7aIXzD54nA5aFjA5pLkeUo8Bh/WZraFicLTOHvGJJwEyDZ8qiMmfdskom6aKxklF4809TeANhC3udoJ6ZKX2Oporc1TTJZilmHsUzfzqc+9jcnL1YjqTE1ufO/nJNTjIeaULkxnqWOD9l4smjmRnXzG/78PHjH/74RxZ594tfugbRL9oiNncWXbiXGbO5dM+07WQ/SOX7GlYlYwtUkvx33VyXGGbaYTLbN6pQQspkAbmU/Iddadfik7y2E+XpCDPIaThrCFlHBDnalSis0UEMiFtYBbDfmAkeZ1NMxcfCxxD89//xP/z+zet/8a/+zS9/+Rv3rHz/3V8kwm7e+Ont23e/+5++/rt/89MnD6aRLPhJktefX/36u9e/cmfzh3/88vsP791f3oOVXXuXZvIPoZGy7qvobtiucnM++dtdDNe62IX6kIZRyNjQhyTM++pjJb8f+F7u8tNXH3+IudyOOZBKFFsjnpfTRVuG7MxUgZbmM4sIWtd1+JUzyPVq8f16S2XlOkVS5J6Do+HuASNFvue+6t67E8tCbrFn5c5PD2ri1Hgd+scvP7rMsVO3AnKJew69qQu9R+1Y0m+9TfGn77+nJEgt1w0YTTM+R6RLI4sA9x2oS1lFSJp1BRT4OMzTLRQWnSlU5KSS8CjLLyJcYIJex+bc9T8cqs0OG5nydw+b7LcLRWQxn+6g/2B1tsUSixk6zqg9bV2P9VXhvaeru/K0G1VE36A0pCe8cMVk+eAyR9ovluK7/l79/IEscTx0dbMBJrnqgKhGrFrRiPInPeuUK+u9f4iDTWVmcZQZRzMgx+AYNTYdL03imZnWfCywG5u4Vh3QQNamon/SuKYvxYunlA+APpcXA+AzIBwQ6RX+vHy4kqQ9y361QJM5fKQIbL2GiHlJiVeBrZVaH8N/H2Of5LWbi7WOIUw+F+fjlwi6IZ24lMxmgYy+fpKA+GfrE7QBuJqiPMsor4uihrbGY5DWSgCt68w9iGpFvggd52IlaVr6byvAli/kjljYFCe8z3b9U155wFPmUSjgG7SAWwhHeazHhSiUw7jmWk98QtrZGduYePXW1VMp9tg3m0eIcmDqgRptW+mzT1/KJeGlNrPW1Q58rYmr8ozt/YygJCxXnD1oM1GZqYpJz6YzeHXTsLp7qTnsyjmmAMz/4xm3qRb/SpBucEzZeObL7f/M7lEheBnoZ33az+gna/gXk6GodHA7r7ej2W+SMYhXlkhc5M1MfJ5G4j+wA/Nw3jycAoHdNwDD8exY44gnYXrVuxDN/KiDW0EE7SUrZIoUx3FVlR+YomkH3q8kOjLIvnHYPD14cvr4Bbxq/SCGSUnQDA7RU1uJv7TavZk+I25mi4mDialgFXeYecbIW7u133/8BX7qyXimM9jTZfHJiQsQ+duX/aTFJguTup/F2FkvywsWYso5/H5ZkwHwumRWa0rtYkE/Jds1TLrDr37xd2YRycczlw5TsmZ7TVrFRBnyxlOb5ZDlUnBDkEZ9aSOvtRnxaH4yWXqEjQuyCjd59o8ff3j7zrVisVWr15nmUlHi2Jx9c3rplYDFMUENNvGlXtY3QXVSOyCELr7aa6xQ2zO0uz0ZYL+N21waVRpnMjyYcStG5rBc+sR22pUFJI/ckrYe/ay0TFYtEURWUj/CdK7NKet8stIc0I8LJ8np4dT58gtrKv/wD79/9fqN3Mmb9cPlNJjpj5AJekZo9YZMW87hBFfnlTt+JctGsbVQEIq+jVM+G1SzeFAYMUac7TRmqaEGpfhpPqRZ8qu31p8ClmHrV/kysPYkzWN1fEq2fE8o5MQIi3YZHzncZ3m6E4ielP7+u//wv/2/Xr/75l/86//521/+xhNwPNbv6w8fxJNE7cvXv/n846+sML13vtgy6A9OtvKFe5HdDuLCU8VfvH3tFhbZ0ha3Wn6W7nzlMeItzs31DMg53mQcraIiXdQUXnxo8a3nHRZ5LdQXfuzHek2t8jggW/3NdXl1wcQkBo3OI9scJMBeLo1BN2MstL5//8E6mFo9QlGy44FldpJ/2Wrame1SQ65SiCourPSVMl+NoCrNzkH2hGKZHy6yLy2dyZ3nd3P6j58+lIx96lw2C0u7c7ybTnqyD0bZv0E9DoaW13TmSTljP2UiAqnsO6JvW54Z/vkjtZFbq64LrOcWWxD6bbzX1vwUUqPuuS8OPaE9tXDhciNGsdd7i7U6Zt88FUh5s4Bo0xrMplhfMMqLf/RsIJeR8j1LyhGZLt2LwP1nGjucUPucvgX7jKnPPrTR1wSNTw2uj9mrJRbt+NAKlzliJel6bWpHI6bLViOMOJ5ZYSXpuBmosUDRKn2uw/bZ2J3EeMZ5rXwC3zx4Ivs8DPYqW5ScgRRIa/jlzucnIlWAi61Q3Jf/E60EA1JTIJ02nGyfcGOpspAkAt9kvmRnswkSAxSmCY2BHoCRV4BruB5RiCfm2p8gNYmo1TI0skaz2mz9CMxCjRdjpjJY2aRPgrLPOMdqFq1hjBP3yK1uMUnPaoZP59crkj9y3BpeaYDAW4RtPPIImo7HYBWD0PFAYaKV7p8NGwgaj4ezg/ELKdpKQzAUSZgG0G7Sb5itrLEv5oHL9ciZdD0lMdGsflCKjJcNXVWjCDrulRBMIHQvteRUuQIQV3whH3mRmOw6bsa3nX18tq3bbCf+j0eGNU5K6pw16v9neGOEj9KJhkjraxEXTa8IQQqncu97U7s4mDlrVFs1vUagTcQ+ss9qxuQMnTqKF4QpXutETplHE4VhHTf6Nzd2UBtMeluL5216TuCDhLRpUz8bp5T52aZR/gz0QTpJq3ikJmCyIt0uKeDGN/jYNiMrgm1GXmns+i/QlE89M4Dj9eG6mteIfG5FJih9k9duphiDRX4M7r8GBtMmuXbHZIExU2D4jFYJVtTIlck2DvRhn2ijd6doNyq3VCCF8vamn+1489b/m3dvv/HUNPOfhQ3zyE6emYitEDQFovjmm29/9e3fkQBLGtKhcUiHEZ3NfBvC0sM+GwAyvVA07u50ktoSCkUmD5NgWFuU6tKuxXrX2TCGDAZPrUyI4OuvGqWbiYdFMV9aABjl8a7qACQh5/WZ5GY4yGQ3TbgBXj9hKtaIcaMlArteuLjHwOSaOE/761TvyLLjRBaHMgKze0ZKVmlUqmbQMuqgOazh2aL1kBJLxGVQDS3hr8VPP338/v2f/vEfv/v+wzvPMv7FL62Mfd3PSOcik27Asq1YjhsRrU45dCxZ2FwSO/LLEKQ9m+HFEVaPxwAAIABJREFUioxrFaTghJ2MiSXKWjCiOxsFUiP1uBcZG3i94U5itiq30nZ3y7pxosZOMpaQWbfDFkJYXFEXrc2E51YJoN0+IglR9/n77//rv/+3/+U//u9ygm9+8Zt3v/ydn+HLCi4/7dfy3KLrPLvfTe7svxd0LlNz1ljbLlX7YIHVbRwFuTt4vrIWV5bIFnwnflq95zhFPapz/uWa4k17W8S0PxfFJF2KuqWTG+IXhC1CiLuMFQEcEIpQF/2VYuLGXoXMwsn+9++/R5C7+3oAEBrmLchcPssyLM7fQghBNzIbyco7+7ZTFpamaFuH7kAX0O+cM0ft29se/NmXq3ldMoHVro+QNrm5yUnkrj6UXqcjuxcmslUdQVeikLW7ZYC7F2zfGiyd4kWw55qz9i54wKrvZv0mylwpT993xZJyrk5WgV0P0Y0stRYXjMAKLYy6ltSitVBed5MhYlLYd0LA9zwamttdVekSk584sZCwdli26C74wqbQjn+hmJgEcU22E7aZKB7FVZVqo60fMWaTUtnkGtJwe7ojZsF0WIfOt2M+MUczFms3polQO74CxH4No69vt1Oz3F+naLALGvpgrJaQXoTNNCS2hQGj2AQGyxqqSJ3+FdUC5EItFsPufV4v0NrdJnCPa8erNlw2zDbUtIUUfds6AQGEoUyWAbL3LjScpJGlli8AiejjaGc42FU2EMth590YT7sEzR2RTxzCcxIuAMTopmAiEzHGfdFI4Q5ettS9wile8YvCmTa+I61wIzMkjTkTm3qgvVhsoiYMzPC1v8/pv5qMtXEjqdewbt6wXfO8RE6S0yMKBs3hDQU7HldVWvAG6TeGzN6rQ6U0FrXA0D/UE9A13f+/m+rkaDEVI9dgjGIxQA2H6meM1SPVqNcD8ue9KLVbWManAPQuitIuLkq8jU01hkClvNxWjSAvzThHI0DkXd2CBG1sZ6EaDm/M0PcRgwj6T55XMYc+kw5aBOe2F0yVtB0Jslo9JfF7WleNRcYcAEp1596yg1kCbePFoGh/KMarZg7b73/hXNGBHskJnY0GBTjE/Q3JtW7X8RXtPSYJggh9/6Fz+Ni4vUUOoRsMfW72gBUh05Q6dMHOmojPNQ98nbuo6yvoEp4smUNHsryjRnUqGVBj3EI5MLaMuwZn/4ErDNZh5uu4jUTbQqyAtpxSYtAijGnIKG8asiRTBmgloFF5t+V6OkyDoPHXQmETMLIvPvUjGD6/ffNLsBqrOo85IS2qNcnBNRPNgg38BxQsU6LphgaMAUKKUcDEbvrQxCNLFH/tuSuX0RRBli3NW1woUXijhRm02Za5TbGg12kzQvbHz04huiWyGbczp6TKChE0C0OIsB/eja61ppYkQ2GDfdMLmnjqyTut1uBbFBGCvRWR5gbMFOWpdS+fQdim9Q1ZuT45rJjCgbXFvXUhNYwtP8YEmafC/I//+j++//7jr373Lylb+kLSRvT4xmWe7XcL24Go8xgmXmrN8lLJ3fOKMMmhS60yRp9JUToM0rhWLPp5EeX0tg5HGs6yir4ZdzSFnkGtnLKZMcz48DKek9OAL7Y3Q51NmvVbxLIgnOKyl8xZtJY0fPz++3//f/w/37z7xT//l//mm2+/ffet1USqf+9yNPJf+6Ly1gOWv/zuT3/yQyFEdqOsTPGj9LEvJwKVEXOyxKclWLsSeHdYO48rZbWg2godqHCmfH+SfWtbc1rwy+b1JjkKCh2BW0XWbi4Uh2uYZdNr5hKHVsYY5BhmqgxMtX4NiCVBi2Ou5RgdyU/lzfGDEIiclf/LD/0yCud9bI3QnSK7N8XXnnqSx0Z+I9nyxcCysLhV0siTihcy5WFJwbJYFjsfRQB9tMZzk1geXMcqQmSLVhlfv5HMeap8W3HUDCXWW0wiecGjgrJxtGSYyCJYWq/YYKsDcZ4vIi6FFDaay1ObLRqLqxdBGRo/tvA8b/kk8HJGV1juK04rkZW4WOUj1XtCD/sDrFCvpmBdP9zTBMt18z4ouow4Ei//habPtnA2Oia6mrqGzwphKejGOnBRE5QjC+228ajLV5aLVjbvxkRsq6jrRvpEwIiuAJfqckpCi4tNJ0oS0HdR7VGgCnEghIqSWWrrl2kMlaqfJeCCIke1k28nu4KYPTqj0CT+zJrz1KjGXlkiVMy6U2fEVwOHaD3soEeHHq/FYGG6WC54Up/wR/5kT2CianctwdQ+AEmd9FAEv6IrUxw7rdTV3MGNKLF3GF2KBC99jwqJ45qsQ6JDrq1i/AlN3JDMTH03i9EVYRVJkY5BaJvq288CYUOQzNk6CBUlOHXK7QjuuJohd42sthYvGt9CeWHXYJiUqZGgKnm6gbSmaxuXyarvtSWo7eTep0P6vtR0NCMrGqswpnvNqmhnFO2ELdvYIt7nAg+2UxgR2QEfhcMJX0kHx1j9yscj8O0QkyiHeBcpLzhPVNJVJjQ+97Z27aMJa21Wg9XZQMmjRa1sKPc3suEB/kQkPJJ4xUbYp/U4HN7Er3nlDdCrFiOji3Jq1FsXPVUjVBhPm7eHdAIqynIvFZjrjR31N2tM8HhUDOtBy1gjzCjtT93w7PvEXFNFntEi1bLDsT1yYZDqjY/1CHt49IkLuMYTu/f9vejAeERBmKGOWT2H2r0yV2oR2KwcmNvGrazCcNyii7+9rHx5vbFaUWbI502Er11L1MKFlYRbbiG3cm2s7SHF10myd6+/8S20IQAABm+Zq64PiJFfKnDitUtFFdKORqD7WtLsht6yBUtpZFrqWvibrSGdTTMM5nIN62GdZjK1dkxYi3YegJLVzYC0bcXIfnMkllWUvui2cKVrT0zKODFYXhvOLBVD7bdJSzP+7JyxUvpNaaixpGRgtkZiQz8gXXKX6EfzPHABpCRuMJAXAcbJbJUFAGPH6aIiGxiUf/j4/sMffv8PGlo/fPfum2Y+mrNYI7XGbNzv49LeqecyEkNYkREr/iub8F+JPYUBSbQm26xooS0Qi8TYtfeYJWMLAIxDo3yo+6qwNKG17SysPKj0dzAA9RhHnf91KWWrbE4h9uA9V62WvrindR4kiwc/Sg48RNOq2If3/+0//O//9T/9H4q+efutx2v/4te/IdnvULODu7k/fXpvQc25ZsAsbr+TSH7zi/BzRXc4SGLK7SiRlp3DtaTICMizdJtoKGh7kw0zZvjrWWkws7CbaiFSBX0wUcG1TEFfeEQyMaVApZBallcrRhxbMfLlF9+5VpJWKOsHOk5uShIf0d2VhUtwo7Fc54qFhq4f/C4zG/Z9Q5r5/uNQd7I55o1ofjO6RWu5FGjF3yIbw5zpAYQtQL4hbZHBTV9+/AxgeS3fIHdndDA3bpCrEbdZ1myA7+qN9kSA9D3Fd0nieZ4tBBJN6YIhH9yKIBCqMFfSrffFdrZngRTFxXBFF2vBdsMnHFuEZ3up4ALSafas0Hpw96zkkCwo6DRPwRL0fBG3mMdneRqClaugVAReY5CKcM7xeX68fp7/Qna9L2FaeLFRrY9Re5H4/yfbVFO6LQHrWKj6s82/ew8GO9qv3zzlda2Q9F5lQ9OaonHQwD8+DdsKiq5VII/5iPtAxaOjiD8dH+Sohjq5V5GogjuhY/iQpuVxj7NXffdsGa+5RY2dY9nAFuEc0GcCsmLIknYYpkKcGwnDXxCtYZwcXr6QlW33Rp+05VSvGVXLtVI/K67fZOtrVmSN58CkqK22jzxM1A9T2ZnifIA4MwSureoQan0MHPadAJgYNQtHe/CPQyJGsU+sYtsr2sGrYUWDP1noh0BRDdrsbBqvZU7PJolcwEKGW1u12/oE9AEe70AFJYuC226KTLFVYaqkJnm1ygfSmlVluKrm2igYt4yo/V7VPWwU6MoUS0AUHUymYwLif+19zjXjEemUQqEFstr0lh9mtztudJ6C1dp+5l3xSG5nLlu95nXF9A977NK2z5w0g5BZM0QgeWl9vOxH6jC5ytZUWfrW4OJHeW6K20T1vu24x/iqFGbM4x7nh66PQ7ggTJhBy4g0knnmlMiuT6P6gi+QmsUQkBs17Z1+CGcSAlE48FbUwjoNhyIlqNKM1BDVhv+1sD8P5bbKJCOz/ohCzFRxqnoS4j/UsDNYy4eSQfOVeVXKoUzWsXRkfGVj9QYCib5kMaUT6pzUOzeZplm2C7ViE0eYutfBUeWLFflQ4rKSrTSRKUDikmRutHJkaklNzDYjIu9lMtkSWdbYAgMSRGY7k3HTG3kdJyyhlZCSwvYMhbjplDPMcKopfckZI8s/R20ilI3XH7zjWPvTovSLK4uNEjC+ONfzS8RzsdLrSmRl5FvTSWNiqYJVctb7fJ5YcAvUPavFM5Dfv//u73/vAsS37375CynRZXDjYBaPTzbxxZfQ3LRT3q32wdMNO4txvmrUKecJtfVgiz61BaCkcnhwm+uCgbXSyqd736uumjGT7aDLJbcPxMh6lzZuH7VcH7tmCo1nh/ZlEdkZW0WJaw6Hice7Cq2k8fVbecN/+6//8d/92//3H//wD+Ay3ffffe+iQ3dz4/X23S+++cWvPTHcM6+Rr3NixfstIsbVK2/kXxsAtpNC8Zk5sf4LFO9OyvOZ1ZOu90pvW8ZId5srCSKQM+Ypys84k5RALdUuN6+Vk7IZojRWxtM1iA+gHj9UXFNXUKW05zStbjzV1VPuG1gHewym3pnFS2cllJjJI0vOFOlH5dYfPDmyRx7u/TkZTQoI8jVq6TrnYRpnpkC0oLxg65tm3uzCUJaRFEro75uYTC63S9nWhJ6YskLPicxskJ+xE1FnwkHIKbxLAy3BgBSqbLtvfdrXFnVVxEqcjTW+ovjSwPvWiyWwakXbnJjxMeRK1ipWrFDCUQ/zolAw2nUQGp8O8izk+alwXH2l59QarqyQRqRZTtY8DXPlRt0VhHTU3hYMT8vxOLEbmYOsHcGDU0zdX+PCRoBkjPsANiZVPOaTDNQDbGVD0UAZmioa6jGI7ehPQtwr2wQYULsFcLU2+mFRdQTtVerj8V5F6QXixvPoHpq1e/YDLvJxrjaDgVBsaHRGPEzZPVYRqMyN+S78ccgQh7aiLBM7JXNB+42DPI/2lIhgTlI0YhQ+j32SAZ5eVSbGxkzNsLnCcUAKpu3VERPDLtHbs1+rRPZKHR+ZbRzHf5ThrmwV10h5aCqdZ/YYUvtjvjJNcKhpLUgTIJXVe2tXeSjPFgr62o1qfk+WpmEM1MS0vybsmMzYTp63eFb0uLPPzJ3FqtKwvTlt5Q9bNklEFqiDYJHU0uoQZ0V1o03Xi3PEDFX8Dq0mG/QTcQUFShsClalzGGI0Fap4CHzU1ytWNA+lr6CIoqab2+JT81r5VDytQhxZjR8e2aDCCVb2EglIgzzYa7bATEQNs2NzgaMW0bXawcyRyER4y0SLjqS+bGoGwvHlapE+BOgHmrAxICgevcVpHz+b0/ozGM2CBUqG5wcZ15TNKXSqbRu/zGFBj9tqEqEgomKThCBHjGpeySqjqgmKg2D/ab+2lWszL7JHM+ltzT8WOu6Hai0Zlkg0jzVAn7CgEA30cIWjmkz6tTsGfuUCRXcRkGzqwlUtde0cSApSGPH1kXmcomVsXdyQPE1TsBOp9SNVTXLdkEKFps2PMiXXPRmfPv+0u0Qt5K1SOzuu02K31jGMaUzaaj5as1TrYJtgTC9Ot1lt7Ap6UpzTqt9sUo1rCx6LWVgaa2jMBD0/z36Go1BXaO7m7vyAKtzskJmyJsYaUadz38rLILm7i+GWE7cOZe+Grsf4se6e7lLJ5k928vb58/d/+fNf//rdtz3d5p3zrK5C06B5N2yYdJqPgnhpRq5BwE+9UYDihEq7lgUBemEiB8g8KFt89cygzrLekLkIvMh56QZIPSkofZKlmRy0GMacfDyXbyyiM2aLUZqWjuWwZDKvkJF8kJHaq6Bahur0L5uVNFh7koJRSmZUMhDhV3/84x++/OKP4qCr7zrN/O6rD60S9z1A8rELN7V35r08xo+5tdJWVd7fwuFE132WnDsBZFna75HQRklxnUNlRFLqHz77/T1nPDeIkt6FBLK9gqsHVu8JfG6o7kILRYJA+ayAV4pV0LBFmOsherDiUrG78yu46godmrHJopWHLk9qJZu+S4+WRHHKD9R5zfxFY7ef+62WT1TffR7Qc9+nVz0KUT25mCdBD+IES++wFByud9Qhfvq8peQtpO5Ec03mjuTyqJXD3MQir6nsxUQSVBq52ORDvw9e8LesKN208PnB6eB1h1mQxL5FlkN7DrfLCkRG3/ds1tItD7totudn1b1Fkp20LW6L865V7Gzxx1me9zrD3Kgwyq55OKhorWTjiY2rQfaDCY0wuccn3vme9fFO9fvbQQJrWFihhiHX+VujLFVZoCKsl7aH+gpiHEU1xWWe77DycVK7ngvH5UzXokYN7iJqoot/StW+BuN0n0QVOT7GP4pExTeqp6YxqnHEYRjHfayUiZ61rtkjLZX0xUQuLManxnEtdZ4xY3Sys4oDEu/Dexg7wBLbOHVU76/SyDpWSYxorJ+dEdZ2PG8uU1UOOI2W5A9dJryWBEwatonRy7Fct6rNiZjcSV0YpaBQGuTHVPXFWTXEYaZw6Acyk8T2b3KqOfrUrU0Wq2lWXY+ut5F+RwFPUnKPfiJqhk1Be22afFJssitqH59GZmV9Q6tSm0PAMPnjMeWBdOTvpSzKZ4tDTb1vawTNJbPXHg0A5bhfo7Ms+UTca2bZKkBNpyD6XqkaW8RDmpJt3q9qYXPAh9aMhUXhl/ykRuq/11hc88GfSV6q4+eFuKZ0PcgVYxeWGVANhAwX1QgRz5Q7PLUa6+a0DcS1Qz0rDUQFMXhwJczoE+cEG1GyfhnDVKrTjvzwPVJHav8svcLegts2eSfXwSN69oBF5fCdCvzVVrdcO8pEWKN8soDLqJuYYqbPPYa1n6y5LLNzUh8jSgwB3hb4gfeXJc4NcU5jRYe3j6xWi6fbrObWhyYy2lo07oDcEBzwoTfQd96yeQXjZNiFJnCpgXnneVwQ6Ozej5/evv6l8VHNMpfIEIKbV5ousk0leTpFQGIYknhKokHalDsiacxH06eWCSf6BopCZiPU4MDQhe2etUMUqT7iaqY0jbmIKsOY9h7UdQ12ID66RXRaY2gSCqUxKThEQEtZvDonmg2lRErojqbcstxZi3xuekwdpB/TscTLj8BIT88Zmc1rmm94FIfaroDKmtiNiy2LZa9ZrAA20//D3//DX7/7/t03v3jjzm0J+O5sXXbIIprHriFyIoY8qBIUvBw2aUcVhAsEB+trG+myeOs4SW7LQEHl5p88V6Wf4p0tWKbsSkLoj63TifKGOewBGHPAA08P789A+SKlGAgs6tyS+bvIj6s64jkiS8T7XZCY+yuBk4gXMG7fzuuu8dljwGe9wjXJDL3F42wC2b7W4BgDv02QXdMoTw1c4ZnGRR2/NmC3J+HQJGmY9v0kBszYVfg7OcylJXmY0T/DA3mdIRN0nRx6VcoTKeUpve/xn/0tc2UaZYTlHbFA0e6Fl4pJvGrlXa3iLNuPEvewaCunHt+zayeakyzsl8hl3pSnC828yG6dJ8dRCyvVvlgpDBI3x7CT/cX0lOgsgR2bRdJ0iThmOhQHsxGzkKFM6UJuBKWifrLvTJ/cfED3XUqAHCPpo0dtUyPmtBI9Me9M8fjUliO0khti4HuIn8+ZKwqJIrEgyjGQ2/TonFioIKcj97VfSLVVE3S1jkr88M44ybm6q1/sB8mLDaO238dK7njvWmW3Pvx7gdEE0l6tQINy/7Wu9qjiV1BWkPHbqXVUQE3QsUjPNV0fi0N952keXT6duPHuSAuWHKsiZ3zG5QSo4PgJGtXkI9ooOkuEkYQCpc9jOC1OlzSEv/cZM7tuF6VAAHhG85lp+zjx0U8Z/K+r7/h5w6viw1tAnaZ4Juw0isOwTQFy73DYTlNA0LdlxWysICWSmYHtN7XneiqwV8NYVLPDEwvjUeUGJI2u4aPY4IwEMwf7i0fuTtkYzraE9krbRDJPcmuan5T3TsyUqvHoGTFA+JwfalATfxRaXfXbUDz+H1NvD+sDMKWULe4Nj0+bvj/N1Vcwa8Y+8TWBKLNnLy/jeO2CcwCrmN04OxUCEUHcgrytnUwzRrWz3f74JuPnMjsdxcdnkh09DccuZnEqFouIjFfFqL1lxiFXtgrUFFwQ/MwgLGBDlT7op9BE1qwNxUXG9ltYCqeBDLLC5UJf4SRGVKvbLlIP+0vRz3UvO31uWP5Zn8eqlYc5ANXtS+NBXNs0TFruKVtdaAYjmsommMEVGeY6UrH3G/UQZPLjHsE0q6Hiax6zjkcVq0yYE8e8fTXrmbFJ8IoMvdmpkdQ0lgo+m4D8O9FccVNuhfG4yeIGeocmHBOeJUP3H3z65dvfadWAAt3Ye4Pf3EDgrINN0oK167qkBCbjrYvknbibMDzIzeIQ/VG9ftv0vNNksNHQrBt3fFuNbBBpKNG4zK8WYO3LWwaJZZMMa7hfYRqb92iya7zOJ5HjUKprm1eWQJvJ4rrlNuVAeo9HFiqHaHyk2JSNkt47Hw9M9xerpTgULaNaU+srEHrKV5wC04H4TZ4FT5ETZLyMmTIjl+v9/vd/8Nsf3/7q12+/eWepjGTigUiZ3mBv7vSimaMm4I3v8Y+m8WLuByPbKuJb79cqW5Yfgz9Vrb/eFWGYx16ttAYrbBxDiK/EXSpzy5aKNax5Ls7hCByXiXgDIQ8QliUCGsIt6G1HfRaVQri8Aa/irCjYg/H6ld6ihWrYOd+ueWp2PtrKaIlXBFgKojKngrRgXRjMOe1nMhWdO/U3Y00oy3V2pAQmLBRd/9kC70wWNtZO0nDmrAw3//V1wlI5tNFymnU3dqJmQS71+SzpaRQ7+UQXX3jlJhp+/aVVyWWuHviyywBprf68QaVqGdN7aovGXS+Ygn4WhQ+L21m7/shH7vSAhO3JZwTpnfpcIDJ1ln5CJrQ5ta0U9r75dKmhyzcD06IyO0J5pupyxljhn1+9Qjjjs+PsWcil9qaVeb4HVzV2WDXkEh3cfletvPE66SDgt0Ch+ic/59Plh76RzO+Tg2QYCuI86rV4Vjhj1/tzZjBCMkcBNP+8vGOSD1U+OxsjL5SZJaeuKZ/VZLVK8DuckNwMGgf1o0li8pKUlbbNpBUkyUGjiqq96jS1wSO2B2p+UJ5V+bkV022JUDQMFY7HWoUrFgjiMbhDSsqD4jgEyF40yuOgUT1x3TfQMWLVl8ooj1OAVMddJT1waZxrjE1G/GpWa76O1gEKFRHUruOXQyUb8QtlkDJjjL2nZNuZ6AxUT4uBT+9RXlqW4E2aj4CaGVSmEurzRZ2uNgwfe+9Y1TLo21YYi1CG3HtCElMnEfz11zp0prOhQjvCjkebSYZNSVw27KmBmd5XYyZfS6JTx8uxwoSP+coaLw6mw+ojVRDZCCtA7nCSdjgSum17OGsxZaPtu9waKxnNEIQrmT76w7Fxk0rzYehrO2zVLu4mLuHDsFA4W8R3ECM9tvGKr7cBPpIOJzc622Hf7oTVqNKnZ9e89mOmwtFpMItE2oh3JPEtCFEnw/ZgG4/qsmOdzARYVe1eaI+fZkrU7P2AZ5Skjlv0z/aop3gEL8WP6HH6GzVovaKNV3th3VG94aK8gOk1LcInAvFFHfmahCz0jYA5JTmHDxHP1YUOShPeOqTS8Z/Yfu4ejf1aLcz7eL4UzDwdt8F0n+0nnWD812tNNUZf0xitWLyXK4piuopdu1ZdvahFnyaLj34Qy8szCT//4NX9AW9f/RLD8abPon1rMAvB6wq1xh9bAGaNFzhh0kRDKyI6v6m64ApEbiS907Wd212u1nxuWpOZ5Hbljrr/tJPCN5E4sUuHrR4iKCOhgPXILFqXTsmYT69Zp3WgJloTT/0W1HKv80/8C8YzD86mO7ZrFt+0nU1jmDoz8AhJKhfLSQrj6av85TDD4CwhAMYVMcDx4KGwR/bkf/74/Yd/+Pu/lw34DWaXIZYAYYenlKcbH8oXcS6duvxYa+4pdPzHhKWTvQmaClR6dFXmhHw3ffulu4zSa/GQBnRraM4n8jan7u/OoQjL/YjIG0VpWLNUjrOJEFZNBi71+7PmDJq1G5Bql1UCX26235XeGAGCpBKR5vBjRR/ynRcmxtKXPIeyYBSeNUfAfuXEXqSU5GKNf0qUlws2fmotMES7MCCEFiOl+FYK+wJTnMULF9lnQ7V8RrPwUoB+GVHgYmFnww5qTmwqTGt0iVlE0REmhJIe4DXK/1SFQdLWqDWIrhDNGG5MeSOZzv8LNl8+3GKMCVUplAzBvwe8h8LP8b3rcZjkEop9inzdD8Z8/OGDJOsMDqi2UGjdzV7X7/YkDSKdvCYl6XWzQvNxyyLE6d2wHGgarcNwRDja70f5Fgn7KNyiZyKGEsJktsS+72Dsmn85tLhlqZyv7wg54wZqJR88MfL7926r/rQbaNbvY1V2tJ49q+eKnB2GJVMZC7S8uk8K97lIU5ig2ijIFuwW4Zxcl8s8cyp82X3a0qB2OtRajHytIKiJ/dX7qE6bAPoTPwlYDCc2AgX6dbGS6OqVLXGIZRkpgiDEuoCc5KjtIR5PO6rQ9LYXKtVJArsI9HYVtQ9OFG2x6oW575o+28LCCbPYZNeJWg5emZKuWUmUv3B5Zf4YkXQM4S7SK54G7HB5nLhJRFxeKMMxrpVPieD1yqClVOl7sGuTk7clMf47nHi7Gh6YSc5QuTvC2JPe4fg7jjbytrDf3gimfg4YitD2FTgtC6opTnLDcjxjuLrxSB+8oEnoMJm5X6ReHKXgNCQj4cK5Hjbm2ijbKWb8iYkiiIfFJ2aVxPMw7zialW2nPS237+NvlSldx1Ef8IlAxjUr8x5zFaqu2ZhMkjeAxdaqRQ0dJuNFwmHHIk2SlDG06vCfgqjc0Ot5AAAgAElEQVRs/4FEVJw+BY4fRWuXbbxnwDVJj0ogC94d1l3TAzMBc4hSgtj8XcOEAK1wek215MTBQSR2TkZ0z3Hid46yGrSa95kkFLX11+7LR/V3eJ9XeU1HPg7qHDxAG7cmEi+1Df7b4vSE5Vnv+hJRAnDqqB+bJvHri7NCMKmUeWzCdNrrgRjWqXwiiNQ22go7jAl9FtObhDQVJEJjlHr1JhsHSppcyW2SbgtE/d4WKHwHK5psPrtg7CbD1gubvKw5+Nr/+cMHF3XtATHfvPo1S4h8dQM3Y1GXMOKkC7pJ87leFyzidtvjpo1hIFe+HyyMot24PUfbb671sy2uWfrRc++KlEeJHqvbkz6C6W89MS16Eq+FKN0FpPLa2aweuak8EubKAhQwzbW+ciU7/7h5X8IYFfEOEbuJx8/lps58QFvlVZ6D8k4+KaGPZ+weWwiPuNsY78Tk3o1N8gNtatwAU9SzjGe4/Pmvf/rHP/359du3b7/5llxQIbAOYxXN2IUTk2jYEs1Xfj6OkprnM38XZ2zivC1xXDb+ffHIUGAmWpvMohktKmxMkMqUG2XwCtLIRBtxHlxRLBLREbX2wniuNlS3JSajdYtFZolN2MaVRGvBrVopzgyypZpZPeavst4CpF/ZQSIsuttGw4VWiKRFT942U18PQh96850sRt43cwakbvHE/kStVn0zY3JJTp+wsXBxC3pgtyQsAwv7xJb7FjLwsEWXEsp3wAlznkvfbYLdHSQfMgnc+09RsMSb6P78wdFrDwv42nOaclhLaH6PeEuSgCe8RWvQXM6bSbs+WPwvMvoNwddvMSPU9X2tjhL9o1+tbNV2fvLcGU9b7PnbnUGGsF6dHxLuNwrrGnUWt0HRHULlKoKq3L1lOqH7bDxI6Kef3ri0dwk2IH1z0gzCumOr7OD3ZSyjU65JP5Pmr5iSxgAMtNEwclIIoB4mkv7v3r/38PNCN5tfTGXQguu8vxjEI1itcbqignd7NDc2s7jd4dgIWYLLoG1RNMlT3BtuRdtT4/AqqUTHvhLVopazgB2fyGuEhIDea1NRVNWFuPi3UwY7tTWAvvK1HY2qa71PAnthP1AxfEoUPvvVF5fXsHI8gxQjgpd9zkoQEVzx+l1jYwVPEzjCyxMKroyqpc7xt1v3fmgRKCY0H79E82M2vTIq9MM0AdfwOcZqPpwBB7GwWzBUNQ0VU8E7Y/V3r0mfqhlimjw11WtYGaJq7T4szjfFTcEzJVcT7ey6tosSxrINQtLnYU2m4eGpNF9MOhGT1jsi3AAWf0Ii0Emz1cQWDAPJHc4/AznNCI1EddCVxw+62FwVZsWPLRxZUsOOo6h4cdbxiIxZ9zkCTRrap0d5SAi1YoV2NFG2BCXGTYHxj30gev8ZFlG1it84iwIXf7S/vrXiYfeWKlH2f1YtLrcOvqC4t/TzWsRmP2hITIsaqlp7R2M47RVX0wtJ2Pb+6JIFzghVjs04pmlcY5HIZHEsvo+CMezoRXJkjxLDpAHyWWS2zOM7muCx1mCf4zJcYXu2+Mfyb+im1bV4cfMBiNAecdGzjep4Fz/sP5tVQVg152xHqXOpkdGvAW0qNboRpXJfOAIxII1lVimySBxtx/gMoFHDsa0o5MEAReUoasorTl1HTd7bmhjXzODS7RWYIMluhuTu23ACy79RxsVM3aD5+b11RF/6XSD13fvvLPS8/uobVYQ08GStJCYrqeKnESf40K00tDC2zNdDPRgJtPqZ6hzkd7o8Ny5eYSldMASLYtmG6bgcDv0E5cz4Xi+MqFa1jc8AqK5bJhwLU2+WCE1TFLCZmGbammYDcXKbI4e/VoclW+IgCWlRqrWsEojUbR7UMHWD5T/KZ9bMBJWHKO69IfWKrhm0lP2k1lQi8PHzX//4x7/85S/7eb23Lj9L5NTPPeGx5VnzMg7KfpZKl/l1i3NQWuXrmcZbVV3DQxCbWTbPlwJk1aw0hJnD6N6Z4j2zcBaAkEazierykmVzBk3782+a7dZ1mKgftGmcgzI7LRtNLFVslS6j5N9NGHm2K/9UWfSEaZMUgRwW2NTPou4a9laoZHT39qotTXGRBMpltvlmkQj2FFqIlT6dneWnYnnuzn5zTlkd3Q5YwHsi0tNBICcJKUn5tUjKDvOCEMpUuDMDmiz09ZfvJYjFdbkdpim9FIepg1TQA7NLFce1wsaJYiIpPn0bc9610E1D3wR0SWmf1LJY8BUr2n4rxdOta6P3hQFbRrfnW0O/vAwbxNTrWxAa2+eeNGQfk4nrdzPlbhVljGgGsgNaMBv95KiOBcTwIPWDy9LWrvUkNNd4TLpSQ5/F2jFSorNMn2nR/UqlC2WjnnHu51M+9FWTXEgyyuYxhiJvDJRl6Ma6BK6PKAqXlbEtNOYGwrWfKqkwB1TsIO+OQRXjPJ00IAXUxMScntt81MZxQgqkq7BvZ56fSeKSBOqks9pgPcNfA3rRVaHq/mfIPlekuAIHibeDVX3PFmAfUag44xWNjh/9J4oBarww9LFdLcbi5ZMr4kXihprBHMLxF4FGUVeMhHFE7TyIV9Z45V88RFrzCop1nzOvBvyWmEQHIuLYOGhn5mdlDg6Vohgddabd5PY0iHv2rrPGom1V9WV79ZPKktKIEZd18+0MQATRHIfzYCx8i1IcrMzah6N8EWOxwEwN37FLt3bJa6hCPyjxUDiWaxuf/hZBQ9aq44ryZCJSIRbxsYUf15wa++aXmWNcKqh6NIncy2FMc+N9hBnJIjrGaX0vdHGNt6Er90S5srW3H69T7exTVHQ8wnZJ0YaTCFixt3ljMqtM1mwVnKfd+kBGrHZcvLU39Segw6oAiOYo2692EvFaTYc64ATOwuk/NXt/4RttXYIE8UTpgRmg6G/xXpm6McEiP6nxH29HBRICg8cYT378JwPJs79WKMfpakeRGLT2J/bnhgfiRI2HkeZET9/2Cc85sYlCfxqiwkSVWa4qZGnYpsnCsvWqemQlmNI6CA/btDXX1zubWvJbwYxFIsZkffAUmQAcFu1ChQ/KRI9fURSS+iuu1Y1P2DND3aXhp2nC1mIJuiYWS06yQ+eXO5/lLtv3Hz2e4ruvvvrm7dffDE5zKpZrSFyY1+WIStm0ayf+ZsooSK+gTKMlIt9cyh5ap8sA7Ahbe83VTKf9FDbnlS9gkLHj4JL/RmX0k6g5LhEEQZpk8ml1M82nciakUGkpHBi0ZeJYuqu0H++YI4CgT5x7sN5Xr95aWwpZ4HDLm7XMYnhm5Npfyh/PBnLzeVWb9uK0b3PDtWi5ISqzZGYqeE70H/7w++/ef/QDKm/ffeP+FFdSumeXBA1aGqI9q7WMBEYLpW39OIiN1tlBgAWpnCy34ot5mmb5NdmClsosNuRdgzhujjXGK20w5tO8U+BlYRsD9EXTPr+1v6bClqYa7YQAAEkuwFgrRtkqX9I4RjvG46RoBVj9YpCWCLJr3uEY30AkIRq14JSuDbV2Ssm6fcc9JXvgO7Bz1cOzj1tn5Sows4eiVPNZSf5lT5OIlmL3qGiYLs8tSrJt7lskNKfVDquQLz4dxzD31aF00I9+PTpHrAdH0wlywqDNdI/Nv3CKGY/CiWR5m+T41RusZI65wELvh844k1julMnk336p+S31i97c8in7MbSf3vGTJPslQzYuf26g1HoXAgTWEUrF6ymJ7dfwHCKngDMDLgis6Z0o7wx1MhFwrhR8vaALl7vGAUpQ+u5xDAoIFuKI2bX5NVNkgq5TlBQCLBSsX77/0F9pep7EXL4+QbNX2e8ux6x3xqVQiSejFYXs55Q3xHqWLRGTs8/tM4uSuamdSOhYyMzje1tRVI4K9gqLlRggjVkNafVss3Cl/oukIDWi52SibiSIdiwq4u34Z5YE1TZf2wZNwcpwikV1yVANW3I3B0SaoBSubrJGmUrp3yb2+t7auFPzRgktMKhaywVIFZpvQq8k8S2kP/tVkXS2al9NmOCPywRNKweqbyv2OkixgR7cFPc/7FquOR3SC8iAp1Ro7DI+gr45RjoTpP0YxnS+yYoDPJURZY1K7NXnio2aXMMKbk/FXslbRNZnKzpr3m40D8i/7cSrVnW6nzkvwkMe1AlrT8Ek269zvxwgjgHbDD36DRdrjCYMvToWAS9bDFde49XjUcl8U7ea+RDVPCgUmqCoIzyrrGhMk6HGx4bahB0N4jXxmY6WCB4+ccEtqtoRnReKFAWI66DM2TDjWOXKI6x+cCM7o1ZQcdJO0LFnj7W8trkf0UhqocnfLBwvNSk6oliF7AGgskA/4bnl+KpOanyHANgcUJlPNCNYu+vFGbb4XEWNH0B2jpWil9KxuXrve03I0ziPXSwX7nXB/UUS9xmv1jNrhhVlmlRCmaG2r+xadPHHmb/mUGKReZNbP3fQTk4x/rbeE4DYjmcfGHlPStPAKriUTRZOTt8KdKWOkI7XiAJpp5Lsb24z6RvGjdemJW1KCpuKmuFcSv7xww/ff/godfnLh8/ff/rx+08/vH/7+tculMM5eFuaCOuWfC5VzOZGsGFMsQlyZjRTNBsUbVIO17pFMoskPez73ZRyJqdd95A5D7j2WyNKwnnOb0UE1Nakps2Ky0ISxSJOUrYe2TnDZnFlzNts2TVToo6h6zLIO5a8mYTcm/3eXFbruVCDzqQN7TyQPgAm0H+pGA3IyJElAaTghftZD4iX+M/nXQMXPrKOzSIBC1TaO1348R//8I/u0n77zvllt5M/mwUzNm7tV3unKBstMvp+vZd6+8nqzfrQEN+gaQaQOVkF2lVrUFyVUgQwgL9gyj4ZAQIN5Ser3kEqYiJBFkXC4On53FqgZoapU9iXlktrMgtORTWjyFvdvuu8p8swOUaep7zL56wwWRgrSp/rnzRBf/2C1zZ7NR4JoIRgn21b6yr9j31yGkp+/AkvXCtgYGl02VY/sgMyCI2sZaXLtBdyeagAIDD8Ufsd5wVER/KhWS2vL+eWOk9YQABjpwJ0Se0FSTKcoE+Zn95/36oe94hkALDItXCzfymfkMtQCCir1kIjaXXSVOmLls6mR/S0onLF8mJxQMESzS4l7KEDS5bw1WTZ7S7GLQ4xB3LOxtyVf+w8sMlUja0mHJq59qRu7u+MuTroRUusd7knwA0GKpT96AT1RQYpxcmKeUBQaYlsPynBO2dtTX29dMN4ivV1Ysv2C6F+klGuL+QwoifMGah4LAq810WK78ycp5XA0FYoFDbe22ILSdH7Er8PLof6W6YP7d5SfmpSIMYmjQlQnJnpVIKfD9eAbrhGWyA/A0KwkjBQE7m3AQgPQ4kCHQwBXFrBgL5XMBE0msU5hdshrIYKLMynbqqhVT4szxnCkCD3Cms294ciPeeRWuExiQvSR0YAzoohqM9ONkZj8ZjnETkwoUGEIEv77DiVs72awRgriqKLtmif9LiuSR9YOO5X47Oqf0ivRCVzz7hHl6DoSRO/k9HwgLrCleTo2eVmM/CqFQuR9TZMa0FQ/WLSzpSJjW3h+XAd5DNrUHvNoEFOjYuz/JGRKosJmjk3v1R+cjeT5BlqRXPUdbkDZm/qjkntJkF3juV0TJvhTeFnp4FnUtM0WSTsrYC9lt4LgtGVLK3zk293MnjNQcAaLB5cUY/xFZBCpQuSiY72LBoBFDyPQeZJ36T5WxvWBW5tVbbNSwFGOcIH/Ck4NpUXxzDWhhCfe61sqh6zVTLpvvDUyivH4y2qfIzHMNXAcVIDHd2RF0z7ehy1pYbAx8OHnXFp/UHjtU2k7RjsHZVPldpX0EFwR749FpzgGF9xJGjWL7I+2pcPEVHjKI0HBUiRaaOnxjEyzIngaiuauvWdW8RpZESn6gAc7MSlzG3aNOdlqQr4iPzEDuia6pQdTw2f4qpvXP7Wzdup5b4nNfd7mqDJgx01Mi90Tqn5oZ5mdcE5IZfDf/zkZ9A+uEnFVU9m5F9/88+da+o+yqV5YJsmMwNsOYXwykDjDJOVxaYym59kLZ+1MJcXmVI3YvRnk5NaC0ktyfjsDoCU2nooQ5efNEFkHRxMDD3/Zd4nVGGTdPcNtOucVpN25/W65B+mDKEpwlyhAMB9cWIEpbast0A8u2e89XbtuqvaRvYSzcxqLn8lY/vhJ0+q82sWJkGvkOO2WKA0C7bwA5CS0DgICraVjbKznyq2zuI3ir+XINLSTwy7ALFrEOWn1c9dS5bj1WGhZT72pB3Y5Rj4MlixYJMEJN5ENbOoTVx5O9F2AWuulf17aGKBuq0VOLY1ckrFGuqKxSbxa4St4wryQsGIK5r73vKs9pSqpb9fcZuAZrTiqIfC1qiuiqAR/GSWa9BgcdKFDmNbe/km3E5ovkpvh/7rOLLA5BYtkMdZ/tzPUXcjPLLcV6jQlug4buMM8msHQ1Jsy2Om1HLBrvabGd2RTgfti3MMWgNTkGfTpm8hSbeTTfNq62sY+w5TtjeB4vhLvwCoiW9YOmzfuKbIOokvNmKpBMpgLGOS+PNqkevpgHgayroMo8sh3AqsUyh0R3D208vmNatvBCl3Snp+DoduNF1k5vPEQs2CX9cMgO86BE9ezwXucfYLhjLO7A+qk75TER5g6oYpBFDTu6dCltcaKOInvxdAcBMFzB7iU/y3jII1M3wBczf9ZKh+4gVIyqJ0D5ZrHBH7zsn6vJE9L3b4XD7b9QYFSr43dHAVU1/Ykp1R515i+lwkhGlBzPUVBHiuqYLYuovipClJHw1DaqcKHw0F2/JdzbOF4PFuqy9Uur5cH+LtKjIdD9b0oi7itiqUEUF6G9XjoSGXb1zD4ERWOyAPAgdobqTAirh4hzZ17d60kZjqupjAlha8RVBJN0HRkxD3MX4gQzHdhkVValSScg0XQijDX3ir0D5LZLwYTaCPhKA/1rFhZmNdA+BQ9WkLbRwPBi3rrpNqqGFc9UGfg0fdUWAUxzzXnyn+BjW+azJX5Q2EeeGM7jBFlIB51o8km8xEzTodO1jTGQgqYRHMp01ChTdT1BXtxl1RvZ7cwXwEFhy2yBCqCUmeSD3nRmwdZ4b5acS3p7SGEWTg1ewtrHEJYlwfqj5yUphrs7cIVQxShbHe31xUce2FlLfHHX0RzGRt8Y58ZD4UpXIse0tkAh4QR3eaFF6PZ6NiG9Aq0aiOFu0J1zzD7HBor5iCk6DWjt3EjyrhmXoHAmG1KWcoyR7TKvDtDj7SEWWdWPloqoFmTJNT63pghcdbWKtd1xy2YxxtFHsPQo54AROXq6nkqPp4QqKq05SNxkWYPw3Y5+JWTUgCXwQIlXGg8oXLiZh21WC9L7FYdxmv96ysU2aAjpNU+IShKSE3PLoeyMrUKxujWtVmnTH+08TOfGO+8gV+dnWXf0dmld0p6pSPiaQ3axhdyeR+lPcfv/vwUV7omvL3rq/y7im4A/zDL978s1BiPz9sTEruQT6j2iedB8JwX28yGCDBQa0CDZmUdeCP2k/80aZBQtlnP7xgNbGc5hKgTN0ohSn9kjibSLpj1CEjLQvfYaa37rZWYU4WSzYPpe/MAeHSnoswWjG5rK6mUkAPkMun/lK2LfgUWwo4yNF3bZwk20iZT1rHIs7ejLLem35aQ3BbFrIploez8T/+4x/evPnmzet3AV4ihnppYlqe61XUbAn89L6goKBZvVU0r8mQEn3NmVBaeQr5AQKHJZtZGizvVDGgCtGvF6YjN5TsyCTMOanJ5pkA2cKt1sVrr3TCoSwhotGcuTq6KX+WeBkocc+bMpHlIhpqXdoFuUhqmRHgvgVpPav2QQir72S7Ra8s638nLJudtNzgLYXlgW1yjRZIMT0XZWc8QCZJORV6r6coqQkRZIAV69NlUN2qVG3YfFz8rkNFVJaz5Emu5lk2Ov2siCWf5JFyaI1RMU1Ld/UA53Z//Pjhe7YV4bK51j3LmdB/5Vep3byDzwwS/PGRX8gAbPWSAHvqjt7RdYQMr2lBuF2QRPYHX2CU1M1dMWLk14HqY+slpZqxKPzmv5YSmSrIRs3uaKlz9ZfY5hiEDgvhMte8XkjeTN9QZ/R+Lk0pqPudxRY+qa0Du0nne2q5XZupUiC+OAJfQM649cQ84D/fpk+ZRKiyvC8CYkDQ5i8NZhZcNOYVVYVoY5LmGGCRM7GcATFpJ9+EztZu6o4X02DZlI1+zg9AsR4VkhBm31Eo2TYtANB78EnA6NqJ0R2n6fRT9jh0KquOWf8INsqHam0LLkVxi8/kA74eEW/l2Sj6VB9x7/HHoNKJvOZjW+EcpnkbmRfNE0CTK11DtpnUtcE//wyogtLpB3jym0zOfbU4/CEcbkVBG5Skx6XulqODfoqgsfOz/IGcRjW/yxrba+T2ns8KiQnY29xERtxmSTGD3fgre2gDy4Cyo1GifnFo1PRvEz3NK3M0CFTXPtKh8zaYs8iVzlym3jRoqBmAGKXfMQX7+T58EGsYv596XH57+2jXfnLWGr9KisiZCpbcW7GKeaBI13qQAmmvELYdyjgTDRPF89PpufZhbWehF4E62PPEbaCEMbbesu6DpJKOVjtNUTQvJndEo8gSbSpOUJ/682iU5Fd1oRjlDaxjqlWy1qXWNgRap1lVo2+3rc9J2sDUd/qOm9qeJj4IE7UlDwVRzDdKjyJuFfQfwHja+tw+8jjex0u1ovjbqns+H3xPs0UDZ9CCnxpB1yh14+xTXzU3r73jBmmFxd5UCvNYxT4X9qGsOLUbh+oD16igHlHvuaEv2GO2BiOuTRa9RqczSS0Qc55PKBNyosptfvyqpYsyGuO6n27oSyBRzbnZ2jkuv5hrRPcTs5KXLR+WQX5qzP7p1S/e/N2U7qxvYVwICpN2JiVruWvVj8XdvAhe09XCsi7IEJ4MhyqdvnCdnzwE6vUlsdIqVzVLCzbDphul+2fY0pYfpDMk4k826Wbi9pt9opo1MTBllzwt/J203tiE2qntvGNrwKJSex5Dc0ZfrtkqWEbrMo1Q5oG1oPIZla4NIqUCPlCoPqLMAQWoAiQLqbovZ8cz0JEzYgZE/eN33/3lr3/965t333795i0lJymLFNvYWl7hyE8fkdNIW16SvW4VEMLdsm3V6uOnABEKUjC1IcJf4kgJlYu99rMZGaly+BO0YTElUqHH83WV3pbTZpWhLJpokkaBQrr0cWaY94WsmZwfkx5iURGPLFmXQHntNiLQRZ7SCl0ccnctZip8wGqrXWlvrkvvrNncpkUXHtRBFKEeWJGuIA38b9RAh/GoCkC2yO6FyLxefmGFr+WxV6/eyml0ibLS+Q1nvglfIjprX7QJ3X3fK6EGuThJVPcKl0yHTjkDXiKYp+hQLPkV5jcNAf1ISR+pBnhLxWl+X9+UCVQ/J8MGxFpL5jMlvrn5qb0yO/HaUps1Nb+g3oWqXbmwXJC1Uj07BlgvaNk+10ORDjkifbzRUI8pv5RofvmlXwLU7yxVdt3htHht1XOdi1YtWhdKCPu6od8VVphpTpZnMMWXhJqyBoH2Pn/62pcfUemrZb/iJ1UsZwyDeOs2F+rDtBjXWHBsWTGk17EbUpjYk3revP1mNgx8XbcuBTIA9mwdVJrqtze3rfkEphWqKXIDzxMHMwbgaRPFWONIiuNGyLRMXpKyXVmS3am6gukuZg5Mqq9WccZcbXu3JaODWEzIyaxnrlj9EQ+KfaUYL4rbnUlqz141aDfwjWgVXb0Os1FfTRPGeEQZpOYsWhzOMVSNevVZd/08USfsQXBBlPNik0i0G2OU4FcZRhMVFYp4FH3xTp0wh3CU0bJhlbP1pslZlioiIIBjgB7t+SBm0MuLqwVBg0a31bauUKAn8BF0TR/KpwztQAb42YI7D4yh8gkM6c8aXpssUt00TaMAD00ysbG9KFnj8KEdo3ZyUGI7xfzIH8EYJuIpVogfaX3Guky9o/PCQ5ayirJiguaEhJ68LNPmcwhHqgq3lY/qBT1OjTdRX3msr7vE8GkQGFSHrtLcRyHtHK3YHock5JFzwqb1cR9t7fw/FqzC3wZT+/M9LVDe+5qkRFBO1TVZ0CWo8mJjkUFdfel8ozylnoY1umjbFKYydFPqYD6K/u1j8v92+EJ8xSTaKVCHCc8ZsKA46cOVpiRp6t0emg76P5c+h4b08aO3v4gzY/rWcjyZQMnkNYKbQhz1HzPqN2AaVgUJ+Te9a5JpJi+zYBy+jB3GWsKkRJtK1ITXkanOsocx+idXvdfVW5v3c1nG7h+dVv7Rd35PLXvvKnj3L2eH5oQf33395t3r39bAdPup7Eo8kIXAlqoD28+pjV+HNDAREuQ8l9m3a6yYya9KeDRgwxdUm/IysF/YMx22YLDpllhX0reGYG2pKxSdj951ihRIq7TDtlNllqJSTSEwlJX43EiHqpHT3CqNOEODj1LrjSfRy2hTgKkSwzY/wvQzfZIe5RLi6LyJjflZs5yim5g7ZRF1YutJpRT2AD+jZxwUZcDruZNKeXnJX//ylz/9+btv//lvX3UB4hsTE7DIJAL9fl7B0GNiStq+/PqTmxO4gswlC6DscYFzfcMn6w4FWdTN+ZxEX/yklZ26dSKeU5SsSh0aMneiXOcyYzuvv3uWUwyP4W3et3yVgQXfswy1luGNboZmUqZClJfNmpmGF+8hf1orrZO2xsctLnNko3MGTHQVNl1QWBaSjhPXHTs/+Vbzg3RYuhCcrn1z5Z23ugStIVnChN11GdxDy5JdlyBXtT4XFOA4pSsOYcnboAmYjezgOqvq2xC2GacbWYqxhhwsvupstVOomZNcqnph8eWX3Z7bsxvrZWJHPscgUcmEsHJuuK9Tzhq/a128sKvIcih3aNqVHr7gFMmAdLPIvN3XAEZU3tqbhlUvElX7db5y+fj72w8zQmQAEOpdgxs0dvrCHfGeg7gvIi3WApUJNpbK7V5L4Jy6LmL2/QodZ/nnwb78ILzBpS9LELi+tNXmvhvUaRkgbPtSFYAAACAASURBVO374w6hz6B9+hpK0fqSbkAjAwmtwyHw6gl8zUOZfEgLGBHAT96YHqE/6TPO+gWiunZB1SCHE7WDkWs6KoraIboCJtb0KuCsLF2me5wKwt45LJMoEW+5qpADJN/dcayUxjphnSgIRgSTMylahge6RvFYVhsoRW3txAVZS1ksW80xjfkzLQIA0Mi0TlENq46ydqT46/CBlMgFcOA31K0FOdvwQ11YlNNrH/eRMvdYcQQoSYppTAa1JhrU5VdzrHNs33kmHsFVzro6RK6JxyQP5XxSWQEXR7vaBIi5HJXfIYJqxglIUOqZaRrn+vOxQOVRCoW2VrhULpx26GC8FTc+jQmmEem16Z97AF5RxTXfTJAzdhjPVZObbrVYcBg3M0z8VGwvSwQCm6zWRxvB4XUswmseATrNN1gN0q5BzLpDUbNY3paEQdPwEZl7s1XGmsgDUO8M5LXVZoLHMs51sC1grpeySFK89cEXjfQkGbFOzGRmpDSsGosDkg0CmypFcuqRmhsxJKraVY594qogyL8Oc5xqu72wef28MfSmgrUYb3uJQaTtSLVMgSmRGZIKysMKaUIeDOGZpCiGQU2IiU2hKOP9EFWc6Gt/NZM9mp9R/rwzPGuD+7HbsFJRW7JepKysOACpIRV9kgYDFKCQUl68no0v6I80IzwsddScG8b9RYwJ0+byiWXozNBcWLOZpK9Ztcwi3tEuikIwc9Ri7Z9vt/BY28a3a5O6RuhrT9YwRLtjYC+rVO7V6JouCyLvP352b4rrDq0BSBDjrpO8fvurb1//2ipcerr3oNEZzIVEEVPWKfzmyut7WeEJpbmk9HAObBZq2cSP/L1uEYQGBcFmNtbsShBDiAl5sxEjb/FULNUxG6FIEabNKI+27CJOQqbES5UVonp581+aWy6xDFJybLKbXWHwzO0mvzrMupKr3VSZViGL0QYXyCYmg/qPSZNT3qm8s5MJ4L9GT5Yqhbqzjtzw9NPAv4wZOffrr8q/P3740x//7H7U37395vV+ihhm4iQ062iZHmN6OREomSCa2CIN2hcwNN+vY7f4VyKT1U2xXVM4c3zdxXJ+qPd47tdK8E1K3HJf9spCZvXGbH9coM603zwOk2zVY1iyd191FnIZKieEsMGWUfDclYFMJC/B66fXbyTrhTMVUOazmZU3SGYvoMtli2AYeDb7Mrvk6W9pUytwmpU3s3nJSXlPQ3TLgFNTYzGCKGfFUTokp3LtoqCjY11HbU4LTp6LA6IfvnB5rDpECGbhTPj4D3X2DFu+rWU8fmzWkKf2sGjPjxf55UhFDiYsw1NRaglPYQHKm9effAWqj2TGoODzuZ+zY50W6VuYk1Z98eqtJO9H1wC/evuNe6gswAknfECnkJysgdzx4Lx+PblpIiqb0cWjqJMYe0Sj6MdKp/7qByYsu83p3aGCtus3pInQQ2iRUjwChpoUJ+lzauldRrfYafVd2Doh4IHutMIGAShSQ56WxIpCCmWCL/xIkp9Qbyp0I3Mpr51Sz+K2Ae+yTFAZhgMVYMEmGyy8IVbIZbJD3sQw70WnsJ0ZwzGE0flflT1/9cRz8hUXzvAeZeLy+7bUCLOtalyzY04uCB+eR4p/DNik4kkhJ9LJb87U/JgMS1AWz4fvEZlgfQrGMYlfljyaWA/H+HcQHCAnpPiMMiBrUG0id+ANZ4oWTyNSPUCY1feqNOBjup7bTvGmQVoMRHLOTrRUzFclQtuUoDnrZKa4D4jSR59ab/w/ZjNItfX+iYhVFl7w+qwuczxdK+uhRJS7Z2i60+Ycuo8ktGYOTNxiXqt4+Ys0VRNSsE24wpBW3fiTiEXXFWMxsj4eXh1nsXA3ZkE477Z7VEzckMJ2yLLMIJ+EqRqwUIxVYjv2761esWKfL9ugV01k3Ia2NmG/yr7GxuIYbYSOJcoHwfFc8/XOA669ANIyV1/r+zJYbM7Xa6FxkpXMrcbQLE/frD/BD+RG24nNp/EbjyE9uOjEVPs2B/1NfORPW7IetsmteNwz00zVR6rFvdes8rRGkHVQ+CiI44SWJx7n5jOtps4wPeP+TDVhSi/8U6AtbCcw1s/2tz1V2WVEEdsJwUS0t6EpoCqFXZoPmVidPnwkiDZRzcx8icxWlGr1eAaD4t7Yp3lNjkCQbQzo0R46pMNj2rRBWMYqBPcEz5mmZttUQURuHysbY9YCMP+2odllTrHWM7rIXSrnYdjrQA0ackM/kNpY/8nyoQcfenaz3zv7JEX80Li/zMZ087/83b9+/eqdB99kH/9OOUsgUjUxmDemzkl5pEzCdJU3NxlZWjDUU7UUbWfGGheWmWlTDNOgi9zzhMP0SYtxbjp3kipDJM7SRIdgtIzZaNGgUa5hZ0M7pcOg76R19ogeWJZP1xdvqzI1t2amwb6OamSFSYtmY3JxwpwS5rIinwJAqdYg+zPzBl/ms0raHKkRxZBk8rxA7j5iChIXIJp2llb+8tc/cf+7d99IAioF3zqKjNBC2g9OwyJmtjd80+iPqfuXWzaUM7lJlk5pGPg1ziLlEl6HL6XItC4315jlZfxd2wdtk0DBmZG916A7jJunFVj9oXDRc0OglLf4bBkJd/vqmNySUjYvRw4znosx5k+NPKx9DwiPp3fWkVfxlLauOqwHRdNQFMdSqZrIICPN9tp1+0uZTR0B9s0Zs2kZYowlR6Vr2U/bNEIjK+ZryY1wcwOHU6SN6vjFcbEQoF0cSCxTJ8fp+zLh5DBs1u1OKi277rEv82VL3VaMfwBbBs7adpnUw2NARowP1tJBbpN1QRhM1nFzUvxhRPzRha5SQkc5fRf54d04wMW7OeOn/XxRzAWedM7pW1/lWuXNyaXB9Okcsfu5cqDULv3BDLpLEj+9+/IdqLjbUv2UbxWzDDsVb0TSep6sl+6R+Kz346tOnfPzNOVI3uqcMtGuXj6X81RQfKd67qcmG1P5+mf3uBlDVC60lmpcdgIxC+ZSsXQikjPvCM+CRboP3dtvftGqbQxsdb4QNyYQRpNsWkPm2YHjYnZKTrmnHn5mUZ7drlU87HnL3UXZNTtH0dHfymtzhAi2GZnJe5GIUGPxYIQJU+wnJo5KJiaThWGazFUzfi2V6gFrq3opSdCUL9rYwn5N+rChrzIhE6R01KrWkWpn9zyu5mWrAEVtgj6oMQvSlH0RhGKErIo60ayKbEiOPImVP3qOVzgcN6iMo/Ac8+xbF8//tcE0BeK6vQywhj6U5g3iro4m+aPx5qUkCwSeGNxwju0IpoWwj0Fmcry2WbK1BxyUpFEjTbuNZ8lWhpnPExNJqvtMmfyQiGsQjsqSovFogMz0jRjV2chf3QbPMx9BlXUlhw2mTBHAY3O8vAclDk9xxPZpENYxhnQ6HogzxUmu+DFAraJXEiz/DQmscE0dJiWqFA98ntYibA++mg5ooPLsNRnEvDCySlddUyrFgsHyS9J9nBE7XD+xU5PcwM8pPEa1ew58PnYINknqtqfbkVrR6su6NmvSIa7ezi87rOEwVnzYiYrPQ5Xc6vYKamL//7aHV+ZBc7Tabbc37WOYtLT2hi7tV4lljPuLLIEjzJ429NKkysyEjZyoF/ztYhHvmI/L7cd/bRUftjBouA7W4LljA+yAkXjBjDgfIw3IRbYRFWcRs/USY3YJWWfWFLVA05Dv9K9VCvmA7/2f3/vq75InS1vvd2W5BQRgjHzyvX/12/+7S58+bPUtK5stu4it6fMQGbIN9y0UCLdZTDmY5Silhsqa72VAurU1OtPbhVMJ6zNoOTlbe3xdaOWC/tKlEir/NtwgkcOUHGEn4MubTFfL/77+yi2f0OgymWdfFLPG0y/KTPy6g6D52uwl+8OKanWaFAgY6XzSlX8SMVO81RHtTfDUhbAMCQEZnTRX2EThVGDRUnmKj9VxLIwYuls+W3gLKswnsWMLJZ9dgpgJ90jk3NbzTQTMDJuWBUUJyteeTsdny556GLbBDdKddcX4c2fwYZA4a7z0ge+7bVldp/8ghKxptUWElO27CjbtQ6iv0ptehTu1aGGxSpjkwQLY0mC6dNo0f0u5mGxpDQpF6d7e+kk+csQgBXsrhesZZOKOSTtlk9l6f9PXN4Byx8BsgZqYGRz+xXo6TMguPI17CrseD86wcxeIpVsCA3xeVsssU5OfGzoDUl7Klk3qxd3YNKRJqMTZS/asPNpyFX0lJzVCMgWhFuJuTQ/PuwXjWTqVhfZ4Jkl8T/ux/FYM9bWhVcbZJwuwFRNY2FNV4ETfiWnPRVzWxBB9v5Je6okavH4tyfugYf2m1Vm/3ZL1y+FApEcORSjts1TcmmLWF7j9UnK/sLIssJuLS08bv3mgRx7yzhK1fsdFGNAFnxYpJZ8wFPJDPW+KF52qlUeQqeeDQRrooTV+GFFeQZSJfdv0KIQPbm7L5g7rx89AVH8sAp4LbzJIzsu2dcZcVFWPMPjlt7+0Os7mi65YFWsTOik39xRl1eToRohFNTX/liVV2eDjfSE9wovOtUtHdYwJl+C2j6OPJG+nOF1pUGoe3ikX/lUlV01RdWgGm2rQYUQ3Wg/bi0ys1yuxuL6Ij7YVFpYMix9eydIm+8eoN+5bvhzF/iOrDyeAhYYhJIdm/F9gpRArYkYwrqjGc5wn5JmlzsPTfz0wwoKndu0le2WDHbRtcdwQsuKTwvyiYGDtssm2EC0qarpwOnZMW9C+KJe49H2YJnt6Jo8CwUFQ0xf30q5hRpH/THJeTExBlKZExOjZFNYrxrAie9yFaA7SzRTVcWuTmDj50JsaiIucmM2Cdul0vCpToxyzsbqbVBQPX1yebVztDxvytkTxdPbqKPQckWD/Cm53B2s5dge52oFguVrGIIhAOFVRcy/ZVd+aOSwDrujhc2pG7qtzkY61t3raWifZf5DsafyIGKoYVXeVid1hsJvMBz2H7vVwiM3TZoxzBzO24Ir1irLiUGwOUU+XQt3HipONG7Jn5Gpsyq/Rx2Ki2/OXUzruf21WjdHRxdJ2aEeZ8bz85+q/UZ1xCBXdWWjtkKEZnMXVwRgf9cm8/KQW43e8R7DZElHTHZitpe+0QKSJbRJU6XDBMDBTKHDzdRxHHeHyCUR9HbfyEFHY0LSLH67rkOYIRS0oefiG00LWTjrZSi8TmasC/eCyH18uPfT3wezlVRvWxebHr373q/+LWIJ+6xd1dwd0PbSPMQKRdCIvOy06jEZma2edlPdgGhIbnPmV964FkOwhYExg69yz7oIWpekzFjvJiH5qE+AEljNZ5a8NsIm1CWc51lxT6CQ/WehmtAZEOIq90LSQ0oS/Lp7ZsW/ya6iNH1Hh5CMGh2HlzCjpEQpxzI1BSNhGMHzbYaiN1LFjjlwdToJqOBW++PDpg99QYasSBepjFZatCwVS5vDTFx+32scPS++kDm/euDxANe/V1c2IAUtmnOp0n3YeaYscXbfXZCuJ/sJNuYWJJCpdwrnzod2g1O6uQpA0OILQGli2YhCKsFJenDV9FBP+5RBdz3fadF1dK1wS5oKvZsFpJpgveZyVSkBTTJUvLU2ZfVsY7hIUXH2DkWIlVDsWKK0PHqfQgjFrKsMzZuYVDlGSuHWELp+gQaYuqwSkHuIZLKxF2MWzJDyOUjx/0wYDudfHy8fz/1dSpVoHtVwt7tm6dLEoG1v2kS59/Pilp1a/8VN49x1u31XgdWeGxlQAExumdO3gx/cfAOnbWCuLQ5hu9SM8lWTOYvmLT3i+S1mLDmXInwtDGeC+t/Q1ifuJt+AoloIZ2sKqqwuyXuNVvCwH4mkiqBMFPDS1QmCSKllmT1bMfTlnGXDn8djW9KFBPcanIBAUreT/8MNrJ5rluMvps/Ctd+oJBOoOnZbo7LRxQ+T73hI2xtP5cmuxPlGB9s0n+P4mC7w8/JPc3s393wxqrYGGzUcaXF/eTuGhOJ65dbtFTJtgtzfTQFWGP/0vItXUR+vdR4TdvojWD6ucfXDUJke2E087xUIlHdhOyFXNWC8VVwff6Fg6XrEWDwyVyiebCe1c0UlMT16rPsJhqMFYzrsO+sqJl+r6J5jtaBbcub/3lHN8UJMdL4WVx/pF7DzTmaoVnKDVjmhYSampwGgnteYTJcGaZ44uX6RsQqYB+lo0jpRNKa0zQfICYLaJNC22bZwuTbQUAUIijkk6NWSnlAYpAcv+xOQUq9fnvmuws9iaFJvJ9tI0RbezrpBh8IqRwiamlgVGOYgxVHHoFoIVcxtSmLNR1NNYBbpiHIfUnMTUbkq4LSUT9U82UrUbpEq1xb3C24jIoNn1GkeQzFr0kTkOR9MI3cK/8Gh3jPMUBOjHeCrdIQ7hjN8MC237Yz+KOTk06ZrAwD1sIssSIxx/FAdS2Xg8R5PywpaNfpaalcbU+8Gb5jFuZ66bgFSKNHQ/C9WmvGFqDltvNaLGCw4C1q+1quk/3fD6uejnnQiC8lS9sEn5q1I34sdHJQrZRCNviEDMSouD9ZAK/SvMh/FpIClShWZzuVd/81UMooW2STSrX+uaalc8Jj7PrsBRAg0AURZnT7SNoLJYTFZdIxYFcBBidBXmpSY1SwUucvqxRx3uYTZ+KNUj0j56JoXfTPX63g98fPxkPdEg/8Mns9kv3v327371bzq3NV55k6xWBcV/5lhP2TeqZmaSz3QSPt3b/NoZodZH0LX2JldoFpmR7gSW5Q3Z63557+s3mBr7elBcIdQyDAwtj9EleRliOqXcyZqmFVfSiNDMt68OrEFWcAkopLHuydjdqmnlIy2wMOK4xL5JISlWgVKgeS1hY9viFi4pl1ifJrKgaS3NxItGq6rp/iNrFaeJ/9xayTT4st+y+Pjpu+++9zXp1du3HoHYPG0Oj4StzNjFgAwvL9KnJLJZwLOyNygVCbl1KiNYQsiwckjLakwnsykCmmI7x9qKEfKYQZApQS7J76ztiB27Z4IgBZg3D9JSk5K+XOA4h5ZWZF5Ww6nbPrw7901e3HdqHnbhkK8fW3RmdguHj/DOVrsL1g3vfGM4lqEB7qpUvziiDKskMF9a4OHX7aQwZEnLnIGdZbFaeADTUwMz8iavdR5hE485BU43c+Dv1vlXztfjV94I9kIy/s7a0/NCzsWUVN6Nu2dA5ResQJY/Zr0KBsCP4LWqlrH7+uSHVb7cgwy/ePv6tSW9zx/LjMXvJPb4bsuNngo4axVUmIFGWzRgOC9Mf+owb91G1tX1f97dU+Y7WxcWiNsMr1Gxm536ZlFJyXXGmQuRuah4xEut11vxFuTec1b29HxEeSfHtz4NuYiSKIWhHLEoI5tM5NjWu1ykIQ21OJ3hrlPwWIuprpTd0jj4tJEiGm2Kug3W3V0EK9QssGBnPxwqvG7e15JGCB3vK79O/ubd23AWABtxjhAvKQMg6T33Vm+nTt6HHTx3VKg7HosmzSh+3tTomL2X6HJfumbNIhJh7Ce3eNSukiT19xCuvDLHeu/s89BMas1OZPHRiH2pkyaalqAcqypHmqjk7/8FUpP96IRFLeMUeeHfFqCOn8nhIaDCteozOcOfLeoqvHjgL14035C3ZUi0x5k0ewlNEHGsXp49hWd+ooeM7GhqhmAGt09CuKoquKuLS4Momwe6sM/FJvMjram6CNHnofjDOnEvQCZULaqGiYnAZ4GtbK9oG75rmCIxzFLFBIra9raK8G26SB/CsC6AIhz7vDVxxzEuc0kqMNCYxO3hXrspXqTaiMM+BI0czzbGLwcvZYGku63Rt88g2yYjpo5CPWhVHJE2We6luMJF/rllpqVjqBDFJFCZZtvJSO4a1nackI7rcVad5FQQ6WsdjxWetkI6NW+LeUZraHzJ70mcBV7Y0+IwHE4NkxeLBPfaFL2CMStOQvcAtTdybAVRvGagp3B6xmZ8+dDnefKs2WF1B+G0u7JTanXP29q2j3ev8UHmVaf+m8XGzfFKajUZFQxgTQvaYKWMMIvLFc/1DtrSIZiqG1fqMg/V4BZT4ShgRv/y8bTVYPn30gJ0Y3hNUCy4a78lkpaaFgthskYnnXH2Snrod/RcePihhx86qdw9KZ5y46Eq3XnY5eUbSEL1m1/+y2/f/qazl/XVBs/yABGYSxpkp3UdVBfdzYuKmn3VpwRPrVumZtmPleNGgFZ1PIPXlCt7uLktwyXWlIc7fo7m/eZR1HjOzul2s7LpM0CdWMtmMwtcxWFmwK+0xs0Ky0RLdWyvOq8dhw13YUulnFFtu1i2j6OPZl/I7KpommPJ6qCDL5BFCXiRD1g+Dz0IpbbnwlhcpJRT9tO6HiL8+m15cKtvkxZyK4emqOZWq3slB3jPSktNsEy5n7rFZxau2hSXie87UpJTAFU1LU2JBBOz4w3GwZktAU618jCELSw1EpWq5jFYmXl82aT8agB4delrUMmgZfcDt0OWkVbj7FpdEwA+LVJ1yrKAp2qpEhKuBNsnd+wOpho8s1wZY/7TPDBFXVi6Sfy2ruZED1OgNgilba7srh2wC786Vv+tXdK+hTSrjF1E6DBzBE3myvoaFIRwFVhCMm1xK4GGk3DdIqMWHuXcvIMjR3IjVpn4Vmf3szG8x6R45Eghwt/o649kYochU3j8DRCeMv1WlOMtQ17n+1CDTamq+aoAtKzGfUWeu9n70SNQFsapLTXMwnFLzy45aI2WkZw1JsFaYJ4cm/VckHwBIoJlmbVHoi5rJOwrJ7vvW03qQgqkQLabUt1OnkvYPbb11fpA3X4nFzjZQFKmyGNdYVnXAAkvGyxMjllN6to4K8tr3pHww+LEgnTDwjoRqDUkrrezQg7JeG3qHJ2Euaz9ZAbeO54A50sbBQ9PciNLqkI7o4om0lXvIMDbGRiSElZQRjO1rr81DqryVrfHdry5bnCqrb7m/pcbqcqsQzFmf0MU6aTGJTEvqsxB4zxNkpZUYLwfUcg0emm+xid9tOsSg5IO0c5a/AjONVppKka2nnwyiKnwRDbs5siUjUl81IYhrRo4DkW1M+KYH1lt1kIMvDRnsyAs3iYkAVXm1JkDPEzn44FWmbDBUrpkJIDlQnE3mhSfuHZwJok/rleAaDtHXaR2Pi9ZLVymSu+LngwcLY6KM/sx0RNixr/VDsoGxfYzzUNV23pgHGyYxeIh76OCSHphfRYbzeiOWbr4H23WqkEw6yJel0cmEYTodLMUaABNanzTpnNhKieI0jNzYBTgc6SjfjLapwNUG8nAx34HFek6Wr2oOlYd9+otjg3tjeMnJ50mBxMdr1hLkwMY25pyxalll0KaqrmGYz2ShUdQzG19hTl/azmSQQrcS/8bIAXJCMA4Jm67OwyhbbUDucMKMnlsV9B73CL3mRIbQao89QzcRxrNGaf3RIua+yJVaNY69Qu2Y1W8R5QELXvNufHFvKN6wQ2bTQ+Dsvdppu24Nd8cmqA93LdbRMxGE7EQ6quOEd5kIKlqcdCk1W89SAf76WVntVz21CDPxJt8c1BXWX383S//zZtX7wq2zsnGrPizU/iZEVC12qanhA74jUFA+pw+oDXj1dMzTJY0P5hkp33XSEXgpul2umiv3q6PXjcxX3dGkHfcCNJVHIixZZ4WtPwSg4ndfcelCk5Ez95nPWsfLd1q91gtuANd2hBYLuzxCbPU1hbnF4c+TboZUX4IrysCyczak75ybmUo+hr9VKlrZEhgNiAoD5YH20FSJyi3UNVzhD+99zsq332A2uJNngaM9VvvtNiZGAtmWHvhZ/rN3oWGtTS/qLaFup2ey+wqGoIxT1XvyeuGmwBmlvEJcJmiIbAaSOhUhzpPVVhRYLqzxW/8lboXio0QvaQwC9uYVuzfsSsUq+nCzn0Xeb4zpBNRKM4i0cYMN2YpxjZNZqxyzu4cp/vxFJuMDtBJWHoUncipzEDABAjiAXKtuuKwIMgyZ+f47uDLn5iiXNNL5qF1p1C7MK4w1lZ6yBJ9i8h3THP2ZN9iNRhY4yyihKh/PlVRoafwdAmEo1k5x6ea62f61DHyZUl3XwPeerSfutbVC0W7RVofE6tUEJT1ihEd0+WOflwHbzi6+zgXuPTQTcflXok/Q7a0j4PCvqHVS+/XWZBDlfdWukJYC4zm9fRkOqfv3ZNUJ2t5FdcaZdi2GDMSrPkLvzRd1B9uBULCGYAiDD+PPzCMLOHHsy/2k9UQRzeANCvMrkFmYbEbAPqkaTSe0PjO0+OdYi5YFgOLkhouAKPDBkPNs3k7CWHHR0j1TXDZeL1ydWuo8eKmRhl3W8rGNVfYvLHQS2UtGjBeNrUvVYrq1MipP+xQNCqm+HgpXrDH7jiK1nZqVpMaYrgpI5/ErW3yTs7J3v4LQkwR4zIdJ7m3/VX4TIMvJfFbNM8wcSIIMtIUD06I4EnZw3AW0bJyfw0nselDE9IRhzJ6ryHJCS/aRW7D5xg2uL3ofVUNixOzoWJ7Ss5Oc92L0FUla7CTi2fHtkA4oLSPDJi0bDOCiqKqx4Us4OlcbeqnR87O9DSbaZAL9SgiG2Q7Y4RBkZyQRLWfvEkBqaQgs2yreQP4mDds/Y3Vw7umD+eXRlp2EvDJzc9cp0LumtK1IMSWpWM6Y9Dkn2zBayjK7ynWhJSmU8POS6uO06ae3oZVrdqL2LZulMAdVzbF2sloF/mtPswotUBgJNGk6h2nvJ4c33WOaNU4DlufwVsLTFt0HMPhIDZnyt4jH78RYtSf6a6y6nwwRToPLdqQjncER4fqpfx4Ibi2MX/h9Wgbz6iv/CAHZk0StJ1JRlJYTbpWjjZ8xbIQS/vrlmfHlLH1jd0G9G1Gk/E4vsIpHYPgc7vZEb9CwRZnDbzvs6YzekY44A9NxKN5+aJy4o++KnYsehvu86tzza1DfJar7VZTtXv2nsHrmVbINHt+9fVvf/VvyDd8g0Q2veQrARsSagvlAJtrqWELyRQaWmfoMCFzas4FG/TjF+DSUF0OTeS7w8FUneyZM+TSA+HmeAAAIABJREFUwIyhvk5rJxGtkWR4U1uGqyjhWjXlUzG2ZbQBVNX0U/C8jBNdmEVuRdMT9/G+3pA0G2LlC/IQmIFhMKd20OCwG0kGbvoVH4PXE0AA6QDEcbhucbQQSs2ttbjWqszmFPr5jCojozD1JqbF2M2kvc3qxi6cY4vIadkyZFw8SRGpbglEtqvnUdAOA7A2Kejl34lrGa+VMqyWq7QKygNO+6pN3/kmey7KtcaBSrgyKD0zRcavTKWHo0gxnMUV8Rl0OaQTqppPh5a1UBd4Fv/kFC0bbxXqSb/yLZuBlAtL0Dm9SzsnsOGaGZKQUTs5PrICEkirWmB2kL1aUcsIYS0ywjCTlI/sThQ7AKgoLLulOsSx6gelO8BHHnhfmGaA0CFJ2RkH5zbq9MqEDNtJah5gQHdCuaw3hoVLiCHIrngIPJtLfj9gOs9IIhnEU2bcgNLJ6J2u/ZjFUqHn5ngQUq7A6ks/4e1xOYORt6HtxufWm+vYDteFAMoJEKYMc7XnTY+3vieDSx0dfpcG6qGemOObA/VyXnlmebDeE1RmMFh0J02BpMIVGrj56sSAho91+/zka2eNpiVsuZcJ8gjYAfV5X5ks+jvel0BI87eKyOjj46s3rsHs+sRn9CQX+2gK74UAVzTNp7DG1SxuW0hAu1dsV1WXSATO0an1EUrNV6pwqJWvmKjDdHLPKFXGRZnK2Xcx+JBOOcpM4wFDdVxS6sRmJdjuaJC09ql0gmmTXtEUZ/VjHwrXnAdjNK2yBCf03brm3gZtOx1MhQdakOPC0EcXjww3Yz9huUYjrHVHAQtre+zU7DeYsQrmpvGJj5JxrBMIN06EZ+E2RcYYkqcols3/PhebJUIpU1fpBBHyi91IEo7nszPD1H6hjHmsq5zT2wHrUNvHicrIQTwdk7z5V0nfkZKjSWNmnLCBaNDiXdFm/AFIpRFFmJtSOFl9L5roge3rX7gIVJg17rUGoiJMwai2GoTt+TyBd7A4rQzhi0IpCc44A67xQiS4GTJhN9gvSiutcNxhmcmqb8CZiaqzk4DrQ8mr7Iw7lqE5vC9M8/pK4onc/4Kj8oWKUv5J8uxQ+yjVNXbE79rUkPEqCMVU1YhO2oWhkoJmFIoSu/3eG88QzA+ziOqUi4/jSEKAbIVrG6bk3TbrvOy+lAUtWBM7LvHzAuPnBjPA4ZsN5rgFx8L/pDdpNMXGr15WsBkdKReMSjEdmiG8rqAnHAIhpTpUZiiUm0JAydTFYTKy0qSmXP1zW20APJ+OR6YrQ1o3y77HeBoFQw0O0zOiZvpNJZ1T6mqiOkVT73OVoCWjnvfhAbzm+zdv33z79tu/++3/zPqktgxoLgxDTFN8zH0GhXL/dHWqs43NaayA1abJHXU2r7mZCFYsQ4aVDbo31Ipm54LLiZQXzz2braz2Ll3aKg56KICxQBOA2XTusPDCB0FJ5WZPwrmls3umw/BgHOvsqywrnYGaHRdfZjz3s1I2TUtNGQ2dVreKAz2OCWLKkItlOOunWslwsM5EBqI6hEsbn7uec4GCeWJLuCUQEOUOEFs7vASATmb8FlNLw+nXAk+pUS6OLeUy6K41NMH3zBGlAGGIPp8DXPJmefIVRvoT+7CGQsjLZCxP+gmdPZkZBrQ9cjk3N3q82rVoeZwRlaornWOChhLUqrIjUtVlmYEjtGW9VtK+dFEbcQI55Bm97L+miPHypMP1I0BlcxoyZ7GSYuV3c5xvCNdcuQLpcn1MXc7NcimIPhjTOb1cZTi/El4MS7tetVwdp+6JD3wWwqB1R3eQU60sOVbxyr5O3yelEJXvFkB5oeiZvpMrNELTpQIfB695InVGk67IlyUr6deZ1xERaKWrpZBmBfqrd9/8MoM4z+ti4O+/z4xiptX0bkUHNtMvrbfa3+0vjbS5XIjmQXWv3moF+Uz9yphSfseVJZReaZz1k8sXX757+064eFyBkOnLWIZxy5YmOcIMAjn2eGq5V2/4E8lwmZmJXrdYC0iDgqiSoXbktic7Ld3HCMcUrne00rwosNjMKVyBe4uXGd43rpCgZjfCekR2rsLQdgsqgV3YzLiKb7JHXfDZGjfVXas1BDkOmBPno77qYxRZJCVBHD5HaVykLJZP9NrTWeFsmNjaDdsGkntj802pyGJSqIA3qhhXaKtzeaX5KAJN7xX+zJmp2tdklRCUdOQi+tEoHtq1QPEc+IxR732OH6rIVqKwioJe0FXKEB168xccKBSpWsnFS8fpsba4gXAcqdruQz271B0GoPfcjQ+IcQvqjFKDugFZq3CY6EhO2Ujnj5Rhlr7xIEBXII0OrS3kCWypevbIJsNxJmLByaZU9bk+LlNzO+IsixZiFT/NHY5/1BX5SKzucGKVH/kQb4gHMGUQnQQkVRbHYbSfrTg0TcdHUXAiv4KHeZwVxwst1TUGaHESmtXV0H+Hf9sokpxBzY9JaLQaRWpikujzQ6P3uJCQozCzEblNu+yVNDIWwLUsphytZPsxzfZHt1Z2F1t9xitNjpF2IGI8W+0oAoW9dYwwizW0PqWryXZHFtXm27Skay1tk5GhVvCMA4oFh7ocE29t262DXoO1nYbbew7/ts9+Wcm2FqvY8ThNlj364P4S5Ugziv/Vry2RZQn2Y3ZewwflhEc/EemZeRbmwVdu7D5zxgmMWTA6f09qeRyTN58EVhTYEtmsj8/jDNataiU4NNOlQaJuBu2r5ijSqRHnK8lVQYjODBbla0O4CdZa0E9uhfj6jRO3Zp7X73719rfamqsgxTKu26anPRFIuHmr/jyIaC5kmi8L9q0SATdFs5epoyeylBl53ofzrK+7LWPAwTPPxSo2ArvlNGwwyWmxkHc16QQ6KqeJ2/eGJPuVVm66UZCOSsPTMAttKmS35pvrPqqay5p9BBaPqrZDYdyy5FqdrPVZwmotILPEiyHG9TpX8NNwOpw1GppjlkeMbP3W9Uc/RUhmo0lO0cRFct7HUun0NutzSnknAiuFJQttTjRPV8Hc3Nv55hIJt71u/YzCjoLfUlwZCa6pkC0Kjnx/vMaoiGTmSCKIeG0LNernA4WFQQzyzIxcOMUyyKU02WMU6NxUjJwMN9bUY2/RbmxHn9qgROIz+3zVL4s0/eSR+b3kE65qk1kA5P80RURwykc0S9vpHog4XZZZp0NTdhjxFqVoh4rBD1waJKukOT6iTIx46J8HFS53JElmZVv/YZ95dYaigPX3U2PG7cqELun98N66No+6F4lPWdqjAqDS0iFmehpAWa7MrKs7Pn76XncAXt9YTFRZrKRJ2rlPxaXDPWbgo4daL7Jvzb7vURhjtc88UXBmm261od62vm7Exs0ul7qUT0ofGVqe67x0z/mJR9Gk3ynnzr78FIeNQNjnesBxwqc+QxrRevPWhb+yLs49ClVhWO/TpDHU/vg5wHE4UIpjFHn1GE3nvPfmLZrJ3IiSftcvpmbK1tG0uoEglGgufgvgyZ3CyI4YCR1QJSpkcUFSZNSUNcwzDYj1UrIjOW3xA7sGe09yEq69vWIoYgXbLSbSyEvpy5bDd8wSMdiL6RqgjlssV7r6mtYx4pson9cKdXBENuvu4CFBPQ4RH2lWClNCQrP3R0RVsQ72vcWQ9uFRUk9IBZ8+WiJI/sDk0yFyPB1rFqva7RWUSOu2B8A7UsfXcLTZqyG34MgQuPGCZtrqhg7vaCXF5IIA54aCaUtikEAWckmeeJDPMMdr5qwiATSym6YdrmieHlGS1c5MSFPrNJoyqo7FBum7eiQX4KNZ/bbqwPcHVXbqZdfnnBGLiR6x8jta8MZ/tKHY/8nrPQf02eB0cqKtzEfE7c1ONWzbwNdn0fgQrCKnBitTYJVRr/XZaQZC6MjrxK1Juk1GcsZjzUYJf7wnJqKH9yNvDV8AjY2RDc+Dn/Sz8yP0EV70+W8pKEyDHOnUTNLicbwvHFMcIX7oNy5uIn/EaPGSWT2w0NrOXIcK0zHY24M6ltuez5gnoqgJV5FW/dAczfSyy05nlnNveWxagHhjQGxuOl7xKbSwQzCtCRNXuwljcBKoeZ0jzgwzgu1ssCZy9fXatlxVy3XFp1c2tAUa4ywcLEgqOYcs2ITPZQj9+oJRyLRlEcmI/cbmxKWpzsz0ize/+fU3vxNja55A/tKfHV6bIODUGp9TYq2jmG7MLEU+4gs9WjW3Xw7SeGHKsVF+3Y+mh1F5D+C5kSG7mNVoMX+gTwE8ybbXMEam7IFYN4qetE37bMIqiA0osWOELssDyEyIRUaN7ZyULpk0eBNhpzWjESWvfUe9lidkg5b9KCqz3nZEWMxr1FEq1cgp9tapcY1ZkjfUygowZm4J+dnQzMySUiyGKWcSd/Naq5Wm49AyDCH1d01sEpo5ji4/yG60iSiofYIZfQKXJZENEB3buvhS80yk2+SLaO00Z4c/ezBdmdjkdJazb3jdKptWHK5u3/iKPfmo7CYVijTiM/Hmmsms8kxAt7MPa2mPuDAw3W2dT1XNEtoexIH2WzLdFJIDtI5rOuZaVEUbIqcjc2pnJdMQgWybGzQR132n6BBTqDOCIBRDS9dCWz0+np4oLZQSnpUo2fCKoFwNFXkZkJwmJE2c8F13yCYZerDwz/Q17EpZX7U4kEa+DolAO9DN7Fm8qxgX6iFkQOheF9KdN+4q2udZhoZxVQnddagChy6+MAxJvk5jy3j5Wt99s+8MpZWtMecTL+CagC0X04fxoErt/eBkoeihjOlESPioVKTUSjekGRa5JXcLKulptpAULsPF5WOBum3U61PrAXl0fvVZYBtafOdZaW9Z1R+TrjH13757d00CcQYvDPzl+WLPPog+9C/Ait1Ve3teQgfnfBbbWke3ZgRSYS7ueNqOdBMuE0Y5bUeTrzRm2XHIkKqzyxHZjz78J5BIrZOmQaKr3LsdRdufkHab8pH+TGCnzp9+I/8bwqEaq2BHt7rReatNkK6lgKzzZKtZuG4xlpFsOI4SySzqTXnB1adgq281ai9pTmaUj6USGKsh+Ce+jjMQsSU13aPy6T8oUyrgoEQ3kRjHD81Dgrj0zwaAf3W9n2xM1srxqmpVn3hxyZHnLa2iCPYGt8gCUs3GRMC9ipJk+x/D4zWyMNaAOchszmsi9KZFBAw7BU849hko8jRGVydZy8r9LZiO5wWFMtBqo3QJYIE53Jk7Dg+jEZ2cJKwBQmwm8hGMKklYartxK9IBvxaxCwBOF+VnkPpzLVcRlu2g9NdsFa+E56qn+QvV2F3rtX8s3H7gateWjROhJAUd4ZSiqbAapEmrAJyajkfGzEq1RLlxJLindnGkuWbTtosc0j1vCp3RqFcgiqNL0guoCUxIco7PAEYU2UvVtYzj1fR5hsD3+tbD2xwxF5f7AjT9KqhtEUM1+0WPw7qn7Zgq4A8gu4Afz70eotC0IZ5AnLEqwcYiLquKEy1/NvkQ5uOQZJHUSUpBGWFq1VR47AxNYqMKrKHZbKceVOmJ6ejN11958Jqr2d69fvWN1xu3175660G7337z27dvvyVnQqYRlWfVUC4NcrThIPXMLwPcuSoHcz8ybconwHnxRpdpt6Zhwu8OzR4/HPeYNussd0HbXZNrnxBNyG4ZyJfJVGGSyGtHt8SoWso0v2iTfj07o9tOMwwr+vCoDo1yV/YgPbkXiQjyEcaZMsWDhd3hgkCbah/zaprJ4YKIytReq7zBFMhN2JRvwfIs0LxvpcXJwq26yDUh0PLQ7AKxuBuhYSTWnQ3M8ebVW6kOGEE2x28BzwFFtM7mzaShVuUIIbIIw9/Y1O6aZ3VQlgiCX+4moXjTOp9ys7fP7pLWmINbn5OXlCdl91xQpwVjS25QZ5m93DFElptFLnhxKSAWlWXS2Tk0ZTkFpZRkebCT5X0bITpXMies+x3e/AmUwwnZOp5WTsgimWPSFGZgSk7tUUs4x7jVxDSecRxaIL+T8rgB2DoZ3m1hOjXzbPIqPYNCPxOyQuuL9FSQwwTg7Hjz6C45AGrno1t4k5nJ7brgkckx5E0mxeE0uulXdAo1bVnpooF2DiAPQqskeZY1Ct1B8uvPssb4b0wssHZFrI+uh1irjCOAejs+zPHGKYHNVvzRU9Bjym4//uC7YC7qmwB9yNmDPetfhSSDLJo5zogBaVcur4Ox3sUeVuXkJbO7s7ue2UJ4jiR/AwKrblDfZANyfWXQ0NQfi6azszZu637z9u27DSnZ2DaX5JCpBhls1zGrQVOwl8q399KCiGgeFlmE7/JtJavRZK0rS500YuaRxSkjjPKRAmZdnQA7+GXkHSGLcayn1ouQsY8uU7GpXj10yefQwRktkce1FjFdghmE26ZfVUr80b8G3h0vWHS0aT5htcp1+7xG45RqoVxR6vZ/kpOqrSf+FOADYafSF2laEZeiJzlfxoFbIvQW5Uri5HC8p/COZ2QVGa4+5GNFaYR4mueySBZ9qWTX/4o1GBG9Na3THvwVh7mdSRrDANXvmKEufrLWnRTrWYqcp0rDx6PaBnk2yrMHKE8XCONMQSQ6gtrkq6q+pfhkbLt2sSUsNr0fu4at1KsoWA5e/u0CPIfOGo/4qrPgXGk/Vgm0KboIilfoNoF1MJWRVromU2GCVdFg7QZ48iOqdqbfXnNKY4/22XrRDeChOLK0T+iwJAzV1Z8LZp64tjWbTT74GSNAydOKhBGojgOJUaTLUCLI4KhAH9pMfkyGwK6GU+lMiqqB88TWR/J0QgcDqRi92FCCeJRHH8kAe4u5qllljWPYFnrRO22TmM+WhySjdbKwnpI3RGcJJWHQduNHUURGbGQMaYTviZsJFt5kNRtR9ixTgG1C6LOWIibc8Vcw4HgSljVq44DPehJKPf8IEJ+IWMcb9vrYLORI+uTAdEOVs6N5/oefPC8t3awhWPJQ61fBvBmI3735jVWKrEFpyDBPH9OEc2seH1cwznckNKvU9SYrFn67xGzXb2SUuoBpnnCesWe9yX6kbmZN0rtfcwt7GOHSTMVo8DW/L5bSvqsiSyVrOwgzznkMOHoCn7OST2VUmbjJd8NzDwhPj3TI7IRLE0sV0GI7q2pAT4Q0ma4Rop83FNhryYW4quNMiEUpSzuR+S9ksE3SxXh+9NeVaCgLLMssu6+0EYUL93BoSa+rwsohGm9xNuhIC7oKjQXIBGpelAa07JfHM6gPTCmuLJnueslke3BOS1AszOSwlobIUd7sWoMMmDP7rkCOE6DdX1BJD2Eux5VodThn5z6Yym+745UF3Xk96yp0llAlBWcobm1t6FWIS7a+kH/IYJwdLXhIKn7dFEKp4Ie8H5vp8XtMQ4nOAudHuz7LN7cqxvsSVmhKQ9CzJ21hJBUq17IxBQukCw/Ubbe42/NwKIK9tvVcUjUBQ6sSLTEAb7YUpshI9DMnbsgQBvlK7pqxsk+X7j4mQflo8yR8dcVuGHrtFmMvVv24p2GLrZLlp1NQSCJsRXC/8aibwWAF8sP3xFGC+9IxGD+9ffs2XVrxfrybTYRFj1RspdD73GOXUgvDbvPHXDkOHPXhh896W5kWP+EJ5MZ7C5nMVV//4cP7yhihUNLzXe/RU3dQIrce+IXnrndegX34vfQ747e0nP652DtjG0+SUE/ytUdMevR+Zk+dRXkYBBcp6VksXwAVYeNdPGdyFnb6wmOyH0OQvCjUsr3UWNck75qsYBU5FxS6eCW6DoO845gUBFmnkSppCOrmCq/6Sha2muaLE9lulPGi5TBUhROX+MjB9ftxxzlIbY0sUQ0EgllVba3aqiJU44wRjkx55AcUEUtFiHfUaIZtzUeZZMXELriPDaIKT8XREjIREz7FIkm1qjl/GOrQxMRpcEKnrmMlhPhS/7K1BK0wJYZuFLl1HNWtSj9ls4xSu2lM3TXg0RkCHTvNFdG0DZkPcCKq7UNsJ2OHnKR9nZlJ9na2nxtijfHm4O3TtAmqphszV5+BIIMvjiyiFzucZR6xQck8YZpyzzPYYhO6fT5anyUmIXUCkhFeVLgE0dEanUXsx8MWkGi3v9g27DoMY3aj3Ii0x7nDVNhOebm4/dlEG+1MbMerASQvzviTkGk2U2cNW4N1tQmfSokbnkXGEOf4xjHIAldQYhORFi9evzYpjDrbntAUU2BDYEujFWB3HXtVWWzbYDVYoWXjvEa5qUeS2slB7DOawx1LuKOcYWaaKYXk4IZ14DIm8rGwMz2egpj9XBWcJPRxrBpFO695/siQ7U8dIAMTAxs7NYkMSnoGP4PMVv3oV1wLE+2lWwhOzKQ9rmsIzihrnsfKLupPEad84M4M8YnUcRS1Ec6NHrcfsOCw5/X1Gobc4F5/7DchgtKQhYSWpsWCbP3cs/e6E6K6mbIke/ctvv36104emkKUm9fdO3HDBwPkmtLMG9TwbsIIVwFJlpkgNiCgaUxQ+pyCgtncV06WmWSH43INZ1xMaGdJiEozaJzXXWQB5vXqs485q7UTWfLdy1yNiT5R2pWmbBSbWZogQTIxJoLlBgbGsQI//GOah9nVdWojdZicmBaoCCFBGNGcVVlEmqVzfkKMyD4Ilo0mY/1Qi8mT6GSubAKr9xZ2fviiO0hwneKNWnMvC0SSHcWGO6A9afnHH5wKpR0zof8YtGDmHdnGZpo5Iyy04FlLaO0omB3wwnfZUwEHcCYelxslCRI90kqfWUxtOYutaK6IfWTGlfT0nFqVZRF4q0ECUoixgDT3IpwURvBcmJb3sg+w0y1QVjQxjTFFMyTPhtdnbBRXwqekJ1pxN6B0mlQjIBRIYbJrjltvqi0BIovVG/JmA89UkneVZ3ljekb41AO0O+NvpbnUiZmZNAPVo9chC7aFwACw8LIkfoSrYJjZcaMLwxWgn7he3+n3QhjKorGQ2wRrXbznRrlGcfiKRurskntG7r6iDLA0Cqtj4vfrCJKaw4C7yq7thDBHEJbgS0TfWC9saMinduRsHlaF5tXXu7CvcrbUhBld0tAp776h5RLx45Q0k95IkFpUASkvaVQkF42S4YjlheWRLqkVkMyUNStu8fSsUp8o+vbrPC091uVzsgrJdR3AWiivBHbWVd41tzjnZVBZZ8zacZhpofA+PWJfSR8XLZFVubJ7j6S2TCTkIjxe0aWj//tbnYKBr+IhrcHQVlHpesCLnOUxGJ9aRQsIcTwbINfon3BlaQqsaHJxRjJRScE2/GMR2XYXwYlWh1XcHGWHwjoPziZH8UwBiyCsiDutY40d+oNWu+2qj28zRGxLffCv20Ra50OYWrrVSR6MygOBb9L9L3BjcPZHrH1/qYEyw8SAGh3YzTM1WJefGoctIKGuNjk+ehuIwNnSRX3Yp1nYbPX81ULuYGNDcqIvsM9gKGaGRcsYnqQ4j5FxFRuFQT3sZgEM4t2IM71ydfUBGCikdpoZjuwqHdSp21bvc4BOkVTZv49Mta0uYZ90U2zjbmcRjpKx2onixN/7cKoIdpyUQqFl7Ckes3k0piMIZZ2iljTZVwG7DcvTfd3l4FT9socRE3UYCPb2irn/ilfVwV4+/K2yPZUzVS077C3JYRoGsseKG7Tqv/bT5ghBbthLF8Vndi0rm7Yn3qgVm80xJCSlIQVFrxFXW5t72/vtTznHFR1EKBZrD9E+ah7icZyRlUypGhZD0zQXCIcwD+EUapab6GNSxSyeuNza1DM7oFqDrFNfVZzSp3ZeyAjXelXdxFBk5iE2oWDesRUzs8cjtmic8DWbJTLYGDOdRaXG9znW8OyXYN9aG7DjtPL2TQDObL755Te/s3SHx0B5BzwmJUnBIqSucosDFeyKUpq4MkyTJh1im+ChrSeXZJiQ49kUu8sVm4XNN1nJUzw+dnF7Flgfm10LAmuN9EkEP59yphtqozVHrSfE5uIiVgsdOYsFquzU1jC6CrjIQt08t6sYt+YF+NKCxMxp+Sf0HL6quhluKoewtdZyx/7UZwkbFi04VVaYxOmS0fYr8PtsfrFGKlPY7KXQntDYaC6PwGEPriMuoD3vsap4tyiKvFjcncinkGSubC8HlyhlUBN7O5lthmHAnHVbTtvvzgWpaEJSWGMrT5qVwloCLp1jKF1NqueJha/lH4j7z0s5P70gI7k49AtvxKS+JCDQVp6yW5kVaKXoNZaNWF5+3fJhYJo2fS6+6IkN3q7Hc8qYwXFMSI7Ax2HW8Izu3INbDL0VLSiCgawfRMZ41AlGZL/rWkcOiLWqFLE41k1Sj5oKmJZCSrrTQvLExHIc9ryw6b3YL5NSTw8NvLoe4O3Xr99C8frNN1MhHyGyNnm+nmgXJb4RIVb/QBG9bj0RLy3VmwQwZihRy86Ula8BUcwTgsnG7KaKEte0hRbi7NEvUyta6aydobmyBddcoEnB2VdBa7pY8JIvGz4skGZZ+m4C7JZ2fLIUn//Q99sud7SI2yWaPJj2fVFICRdF3C8TaQpj6MsgQ5an0j1fZ9P1AwU5KwurETwptoO08f/um2+hTaXsGqW9Z1Nds7SOumnvb3W12BY4RDUsYuy8vBvz+OsstOpyooUcskXscfCuZpKu7dMmjpH3qkX/jT3b+5nBsFePPLXjxJzzTvrMGAM+eNWSFqsKM8Z6aUIQPDQTiGYU0UR50hcxtU/iIaxKfbHdaMFQmKp/WoXIoQlkATe6s9IgeFMbyb7DJVKWkrltMbIlp869OrjjnAV7JfH+mqI0D/Z4ItrOtZuEdovm2K84ZP0nZEo8h/FBFs1Ts/rGriJlYy32mazeKAQfrbUoEn0s7gJUYI2QiuGGul500LHIYh0m89qtYzqc+LSsBaJAN6AR35R1stIIyVTQZYe4PhErB21ToYIdrLwmF2gNMAlP3lzBFtSaUSJZYQqNN7J1uDPYJMxMcRkfH4lVeJ3vQeF4dJljKB54yLPp/YUwqqQiz6QHLaZwpKYtYjTPvo9xuMbVXs1wNCwdbUPXqaD6VHmYBE1MnM7F7Bj6AAAgAElEQVTeb2RLwMb7R9CjduzW0xrDSRpGjadcvlWffB+cjCQYg5bPHmgDONKxU5qQOLeleh8R1+FjXt3wBC/fRXNk7dtDkaCNYk29XpkxTvYf6uBMq7ErdYo9iIcz2iT5P9Uv2JUMIBhBwbg4GR3z0rFwjkt53owTthO+kkjzBKarUNe0mUdMFe5etILohGa3LScRP2fD3L/sJpVX777+6u3rr9+9+fqbb9/9ekavA2KfXX14q6dN4wYZQmYDnxiHss5qU4CuZR4t9mA//XSaajMW1lfGlHYLUme8TRnKmnwae/2bUrpNshG2CTKOsT9zwXOLcVLvcCk+O4iTHOnV2tHjPmdTNytP/Aw/degY2JYhZR3m5Kb+lnx6EEwUeKXCWG+w0VZFGM7poapa+ZxbfQ+MrHSjn4/Ydt0h/D96CCKONSnjo6JcR04j1LIPE1AkRafDBh+cQgLUsHqDKGvIW8zeYZTTMB3HaklrOZEaJVy8Z0ETuFuJS5VcAxkylBtcd67ZEmOZRFN2wv3kTOMxSN5QgpclL0DLEpgrlKSrLQrSjXxLW1myht15zZuZpiCz5V4ReJ2qrLaMY/eFwCAqUCtwbhcryZHvGbwT+2nVYhN9PICms88liEksDaJIWOOwp25fdkx/JXDOxkw340UfW6jKgHtmkCQ3VtZl8Wf22KrousrltNEutH0W+ASzfEEQ6FB3HZ70S4XmlDXACSEuKIf6ZKGOR7rEAjmaMkCL1h5qvSsByIY0h7ckWRAjIcTTb/bDJF2M6wucKtlieVlRqE/lPJz3W4IzIp51HFcXfGzumhtGIvxg6HcXYUNPjypPmQQV+WdMIUzZjYO5yZFWXSnKlSwycLqLxjsdj0RTGeeGcfi0rV3vREModB3ZVZKX5Na+AmXG+TX3bAThO19Pv/mWFEUjLqJoiEGRmq71mpzdWzjHsEoUWQPNtmJupI7tbWsMrDqdrgBFIRFN8Vt5NROSp9qdpIRiOe5F1Gw3XUI3EmzUpyr1NVRa40aEGve+vWyRkJEfXweo62IR2lE9MBdz8aueAzMLAWl3UAd2sGpCVgBGFqipkKUjm8jBsg9qshNMl+TsOP7+cvTgX+315atRfryQGrvWNr0Jy5bb8pR/ckd7FkjE0zbaCcx/WHQBx4iV0o74rPAAbDYJaEzHI9aiMA1SJBY7Utk8hSp2gZyZILxSmOag5oan5Qi0K+DD0qSpXQOAj/K/lY4ZfePYtQP7yGDtbIB0ULRT8IxZ89ky5vaLMxrGYo1WVOtnG3n8gprRM14nBVRs2P0bBEQ/s8G8oBsx7CfBMSBNBg262HTl3Yxnf4KWhjzZYshskK+ZnSFIu4FQv90jGOkR2J3NKgrdlPlZj47TR0Um/Cc0zLcxZFWJGYIFRBJrcHbJDFnvWLVL8+j9j6GiB7XWWrYsUIUhuF7ykIZiLXJyfSxGC7NIx8Nn7U72maoDvhxtNM82kp8LV5EC/JWvxqwwMBI176VZvrE3Jeqf5B8Zx5qE7GcI//HRstaDklcrqxj7Kh3kjMDWywv7ml5sVVs51fw9yqRfDWDLOE/j2JyViAhsUHC5+beiJnUwKGFlxHNyJQfmH6dVO7PaoQfdSBZfvyMU/UItNLY+TFKHrpHIdVH1SOWUPJSA1kO3WrOcAM+wEUohbQuH6FlrSywOg+zFgNzYXNo8nQmFd2tXqKsBaHaDtlsNGjdCp9yk66CxoSy8tZlk+CKipDWSm64aWZpE/XLuqEoU6ttZnmE1mTExCO4KFlSFQJ7IHypyRosoiwqtGtoDsXkGz3BjRVq22tcCHGgXnJZXWW6ZgwzAOcCuAqSgqVZTBmankhsuLdSz5t1905UBXYS3xaRNqCUMjWdcTH7W8TeEXcCXFruHI7VibGEsSt69OeBUKWtbkvTYpEym9LK1rsy5saSEqQW5jMwHrSbKBUOy1EfC0wVqPMKDyzQRa1om6gT3vooA4H6INoW9SmrRutTPiuZryjJDlvNHl+wV3I7nD+wZkQmV1mq2pTLskp6s7gCHHQoPiQghFMFTlsOionyeilhrisCfwTRsIiE2zrFxvWMal15jiZW/vJPn9WZpTjc/CTOOrkOW5TgL5V18SZhIhBK7civ9w0cNpz8mf/3uO8oyTPnxl1+5/QSK1uje3LPTwZqUIiCXQetHvGeWrKDtcO9cGPWYak/VZjQwnA3gp+lUqLFC0bHQgnlq9c2QMF85PvjBwGQFT66XHZAHPre99Z2x6HhLEUgK0y5yvNPKab3ormn2nBjtQ5zFWzyuL/S9RXqacefM7AeXaAJyJd546vW33/7ycb3oSAF0y3WLqyhrWWSg2hCakSJkE2/V5UTMa1lFtc8GbHsRRm3+TPHVzwJK66Tary8V50pq84JRZeTNcOAEweCBTS2fzYA2HDXO+GuAayNPZZovWtrbUTx2gGiiAh/0vAqmMngibnSBBMcr9tGBMu0xWfFVoWxTWVutk4FvHFBsZprQtV38DsSUqmHjMIJolNlN8IMmwAkdqMiq67A5xkdBkuST1QGiQxPgsXFMRDRTFEdWqbs+qiYt3RYjccoiWmbHB1V2rr1+W1Fsc0lUumn9sQPN8kEor6GPvJLXMks6DVPNI4lbMuo3Y1igpp5iW63SeaNuHGqscs0CPXzRnj/WRmyfOTSI/WoRnP594J4MrKoula2ovxQffV47FNUeEu9oegV/ZC886V9tlwkflnHB9lLDRZdwUNCIPonjQBXNxmsIJknRCk+/WQPZYXC0wEzwgGk8M6zgnwBc3FfoH6jpksb2ca+c1LVMPOH3RRahKhW5rGEtMJo4XJOnUeN30IP4t5pirEFb2QxViyc+TqFYJ87LhkVgor3jyna49yu9KrSZ0oGq3hZRHT5DbbyKC+yf0701t08Fkb62aoVXQ1zs8sJxGwDNbQNXz00slo7beyH0GUV0fRqNZs6nJEGYrysUXjWchWPloMNH4lWQ2Ty2q3z6fdv1pN59a8fLdN6E52Ui8atXdZJphVHAOvHEoU0hdcCu2Dz3qe0+jOZbvSmnS3Z8BWo+lKhcGlGNor7RzD5mcvo4x+WoDMnCpnsafjBLpqPmSGv7QzOVzOBFn3zBDp1++9Qes8gVzT2Aw4ebUGTvcDTgyBPgk0+YAHGeRnMq4sv0ZTJqC42UrFkGlP3WBCMzpAs1ZQSKi8uCk7g2lQuAWsSkBaTdcr/+2RJrVGirM48icwcJEGV20FQhU5ndnPbdhWrK4ZbhldRk6iBBKsuwuLmYzNdjUIIuO+aTtCMBZfO0iYoatE0Zk3Udpc5VQw1IZW2HTnBmwUk0gQMTYGS5xuzHsm12UmNpQ7ZB1qLfVu9Q4Fq256PCYE+ljnhIftNoK7isHsWbEaUd8cUyszA6HRESDkt3Y5Qih1ZxL6q1atgeeZhwQZl93OJDHYC1LUtpwSySiLRDY91RMn6e6JtRfBgWo76u5N8vvu5JfjYWn08znUmstTe28wymaoGCcjFXTOEwH3Yxw6ePH6Tvnz/ll3nAydwPxUlIc7MHBjgStkNdQNfdWjsOdXxb/8wpjnUg6MQHpFK1n1wq+fGDn+DZWX+3LZPNZr5skC9+GnJjaCE8T+/2ZF2029LLdxGIAA8r+OnLHkjT96fdlayr8FwumjcmnVnYUEqvtf/yvDq+3kyrL3Z/Dzm+Y/p60OM+n84yT6VJOytUVaTBBkBGrHdJSee6jQm+kOJbF9HAUqj7ml5zXEwqjT6Xsd9GOpxFIJPnJm8x7pXI9raftQEIxNrnzuy/gmhqNotoF1BvGW3Fgzgx2sagoGLQoytSV6nNuAckeN4JBXIwiIvKvqCfAJ6ZrJEPXXDSrPCJ+QGKwQSoaDvUsX/wk3u4ZpZsodLbi8CD99JQxWD2cWwzV2NS2tl/jDxJ06PAPtB1pgdKlI7qd+0oHW17/pkkTRKRQit8UDma2kXmkB1dZI4bYfqoEPMxisuMXNOkBSG5Vzoxq8LYAStomkJFSkaMVufp3SzgfarujQqxQmpYD21WU8IgV7O90DSkZocC9czQSHMxMlRVV3NuIR6Si4VDu8Z0YZV4e52npuraHofeq322KZs9MktbTjiEKMYu+PYIuwiIFPf67DjlwOy5+tNvB4aZeR1dqiRwgjLhNsbIwXGPskHL3whHXJkt3jPcHfJVLVT4H/kxGKpaH4OrfLFNTRDXMRuCEa0lCVNZXWMjKbj/jAAJG09cNnjEVX/Oj1Mc1qLaSMVD7RAlJ9vU8Jh00DYEla+mgmOxgjtUk5zn/1poVpjkpdUk+WUjoCaNrfuLKOH7wGaLQNfR8IiNkouvGR/LbRpPCXXK4+9w8sLiVYgP7cnGf5GdKJSiZHMVA0VfiF4nqa5XA98EhGwFPBKgkjtNXxv+jP4yim6NaBHxrV/2+uqLN1/99ObLH954As4xItSW1DXLS3WHxNDKXx/em+iSasPW2kiKK2Snloj6JTfzTMGdAgqLAQ20yABZtDo7LZX1MJfmSKLth+A62fgvNTGL9GhfsJbgStVENeWAaVLXvIRMqxJznGKNF0bBHdohYY3SIGC6q7qFwW0beORMNS2bAw8ftEqWvGaEtHjsHdgWz3YYPxBu2i1bXhh0c7HLtmQzW+/sPtYdLkckekPdcJIlawlKGZsJvXSYumUF6url2WUODaCdaO10BzpHbFYDws+4NVRm2J6wzdilUDkSQCIDSvuSLZw/3zWHki3SO+04u9NIugbFNZ8Vu2VktR0JRzzlfFyiJY4LmeoxKYsBoXzlctcdM2ZrWs07cpD6H+LC6UePpKEpXPNU0XW+k161thm0ksfs3n3HxZT32UocyY+nRDBE1XyUkyg3I3hQzs4jBxtQapb9JL/8ulsqCPFjHkTgEBWcxah/Uwm7FpOVQCJMg4nPK7+SZ4UPJ1L7uUXc0prvP38u75GklvNKqtxW5M59xR9r2TK+9PVZ/y4zC5cLNL9+99avpOTV7h93RwlNxR+B+U9k7Wx4653ZgiIsRTwLOufrp9TtL5suepiIvbOBBDZzCuCGrL5MvHr1yQO0C4N1n9kb93RbkKjxl+gWU1WfFoUraYwwOJmE+XKNKMUavqwkieUaklivVDbR9anWViPLBB4rn4KuSXUfNYJeBUwzFjZxQbY4KF5sctoHFq5rMdLMeVXzWDTKD00IwuRtn8dzfJcKpKMtW9ZijXZgX5GCaCOq/mcKRatVOTNljGof4tHffDH2lbMDikZFLS9iYhyfYOvuYfPRp1Z1HbuqC+Nk54tRvnSzzNG2T22WWXQ8Mu2GjdiNs8lX0XQSEv+9QULG5A+Zor9tCAYI1eCsJvzAzL0kdnSeTsu2WgWdrn1WnOBQpbcXprmEdkoHJO2OdLwjwum6nXLtD3M9IZstsCY7ugY6YT81smM9pZtVNEq9k1q7/l9Qndm0rOiY+BaDJuGjDOnV0N7uE37TI54IgzUE0Rl39MOKV6YnKpti9CVnrzF89h4oQQ5zMVRvnAMzVs1ToDLNC7IzRP4YpPGPTYDZM4hjcRiKm9qrZJ9Eh2dFzaOnefwLGg2RL6ccPw2TnBnp+RhuYg5FSp6iKuN9H8fu0KuO5eFLzItSEa9JPLTj4FhEPqYqkx3SY/144lHnxpoxG5fm+sFx9EhLQCKKoUE6CeGvalyTkphIonV00kYR3VVckzxSwNfqqZlPHsjaxiwzh7o2OoYRzZYEQ1hhmeykxLqqmHkpq1/alE4Oyim9t4uG0Eh4akqlmqx5LtK76mDkJqHe4C3AypaRw1Qmo9qfxRs7aaNFYCYs9FUmBVSbU4TO0kkg3vQrXz1YxsmlbwgoGwGgwMh7CSQxXCYK63iU3JJAo00H6ZWxxjtE4cpVpneTwjQKxuZvazaurNPESsUonSs0U6LugXbBbdqSePSgvq3VdbIPmDJaZ+jyDtt0rnApZL0X74IJ4GGwPxXCjmHdXmNzVA9hgTdAkTOUCjspROcwN6tG7FEqBRd+Q353TowyVxK64aBEmHlCMAucR+xGyc7MBrwVuyZWQjpH2ZoWu1T+0eOzmz8Rq294SVjNTJzEPyGCVff5NFVvpWqzMNKgtTXjb+7XkOmp2HunSjvjuxigaHA2b3cVHePnmq6Ls2X/kSFi1BWV6z+XMPZoFZhXMQPxRJ2UmmlVQpZk5k3tstLOoa5QqVPlDTtkeUcwQbNNfihk42wIK4tLp34+xr29ZUjCTH48C+ULZETOSuWLa1jQeZWtZsY8UjlBrP3kfHUGrLOMdkIfrJqlYD2BCwuxGC/m6zH52B/LMqXOlQmqX+BA2iOusUCvXEb0pHRc5xiA1/2+8NuWIHM8oi/6VWXVr3wHa8B+zub7YpN/+zEhypZ1usvKI7Y/f5wF0kus70sFOYu3RRm4dMm8WY8UDHDAzGK8xHiJfmaVT4eo2Wsr0JlYPmcCc5nJzqSTXw7uwkxfGDlrBgZJeRp70X63hyUDw7Spq6iZEdZJyiIBInJ2K39Fk1rMDXoeqFK3XTfPwl+8eftNVxoUNmzW2yTY0cRuRYdnYaYki6NapEWMpI8LLNyDdeW9b6E+DSLJTJEXHuPKTwr2D9yF5wtNKW/sHifPg+N8NqnReMWYckVcZqlrB69ErOYDejKLdAUJmB0QZca9KVuD6I8zl91eEcZsPI9vrygQN/kczbze+YbKYUnstowRl0yPaw2SWVkd8EDHcCNNRh1dAVW/nAJHH5fJy3gdxKK/Gtc3eLrW/TtUkd18K6t5pQsEapA0HXzpDV3OVItbtsswD+/YRqiiojMC2qjEBgMG42m71YCpV8FZfbaIGmyU6yJJiF2rb/Y6jKNGyYjBPo9I9VNe3fH9WeiUHbx/arW+R82U45DRx7zPBL5shNSqonbrF+2mUFuCq91xMh45Ow7HWWP6h8um7UaGXBq3BeHTR9NuXk8YS5GV7TfAvVhnTGIzlaucxiea6TomGNvMt+IBeZR9KRnhSMPRS5sXRWMwO5zFGqaPtPJVemsDKneP+nBWNhlPDKe08WiOuxqytPH3s6FjMQGz5Vjikd/uNVEZPmY2aOaFOzpp68AriPeEe4/tRFWWlk9eP8CrCpxyPYzBrBwcN72kLnRN0JmC6iRPs8GY2opqMtqskARv12EHhGbMOr8sksOEaswaAVK9Q6M/0WUA4zMzj5dx+hjHbnWbpTNAaZYltnw9ByUWHHOSod35nnf7Hp/muCaIso1/icsl6JfYzTm40ZpTukBKcWdLw6L/bohJVeTWZzya2ywrP5lX2agwVWPZpsRNaQt5ZWmtwdBXm/TNLov4oqYL63FeqWf/Zd1M3sa89rLpM52EOPwvePAx91X6/6XqT3+uydY8vyuHZ8jMc05VgVq4RUPLQjII1DKiQUKCf97wAuymEbbsfmFhgwdV09XVVV3V52TmM2by/fyuuJ9zHPe+945Y6xp+17CGWBGxN+TrmImK2lJef6nvSQBCmtRV02HQDkBy2gBLTJ3ATgeoXT6KnvRyL3N+EJEMSXQLSS3Iwdba0UeTO1q6G/LDvGuOG5bWFC2JzYiZlKmR+c3fhm3hLjy5r2tz6VkTDXUwquq9yfRQfP2mX7TtV3rn+dbDWpNrrhGWhStnZhLc0eeDNIzViL4LoJwanGZLlWSR6cEWhzJ3EyrT01lafVsytnkMfstkOe5THuugiYZMI8gsX5r1XEtrdEwsNwp78zOR6VsbLSFF2X7SR2C0ESxzXH6NSXNIvC/QYY2nZCRmYrg9OquyH/Nnu2mRghVvaatMX+MxPWja7WsjW9KNM8qi2UereZqyJu25kxBu8lhxlXcvgYgKlvDP7u2FyfeNZ33f2tjl5ubRlg2Ylk1Yeial6PYQu5/g+2R+6iuwUuVM3Yp4wU1fs4n98J0GJ+FeeYy5oi5Xv/cDytGLXeGWMOHUHmGrF2FCvv2+e4ibj+ZpSeKUQbxcYf/8iwdx8t6H99qHMSKQJTl42vzrviW/mw7zJbZZJu3XskK3cHQYuM1956FwSAeNX3uS2EMemSlZTjXRrJWJ0Ezc927yX5izRYTLiFdvv/9+gdBUr6Vc+JIdZcm+pGieVztKlWQoAqEsYjEA0eeoznuoZMtIe4snQBMtL/ZlheOqKlY9BjjVLMluD9sxVjnuBSZAxA4JGIiLwUYZoaM2KavH35xYtdIsub2jGmUFSTgPR6NJ9QfkRAzPrgPoJSpMAn2nRZECzo0ecWbRNTMfbbK1upWqoWGdWp+ljvLJzg1T3lvbBMmVYFfelmBiJp/IjqoCYXYLRspLUypk52AGDuKriS1/xBmdxna0EWoCUwZ+ljwjH/VJrD12h8oipip9bFoWG0Lpo8tfCEuM+QOSQ1/1Xo6HvOPSdqq0g4dTbfXy80zCdnYoXrIxbd1UOCJOhLZ58YZKAANPdtxaWYfkt0/3tB4GzPZWf8Am1C7KtpPzSIguF7A3JQ8X+b0YbTI/+KslYvGZiqqDEIJwgVZD3fpR1sB1OKBkm9BlU3TGMeCZJ2DjfgJ1hUAS0p9ZSi+KlCo+0Xrh/hKRfu/2572jgrpiNaphvCJ4xvHikGpH5/OLB+CcUp5p1/visUNiqRQX8dkB7QeywwlaBbrJ33tFJD/7I8c09COEE+C21fI7lg533Pt2gNsGS9bFE5L2N4yPR8ViBwxvARizoa435I8i1fT6r1zsN7hWraiITVb2Rlliy+05Rn8pDaqfqAlRZ53i1INQtZGwwdjZebpC1AXNFLbTdx03yTPmJmM24GT2yxYuF8+2dBezbI1vOvWbqk8JxgaMCrrMldFprIISSeK62EZ5I3eXv9hhltnRzaUaNqsPhqtpqeGsbN9JH3dTVqXpdy8eT6HcptEMzH1rXW622hbhBj4EDWJPB+bi2/Uzecoo3e/j8lwyNIt82bd+mFcxvunCM33RWVU7pdLF4w+qKty2htVheqpkKlQbJGBLdABdYe7ndT+9796ypgFBuQCkKy8lrfl7uwJUUzWlbFb0dbPnrk4yKppA+kXg9nJTk5gtcTUn4ChPb/BMVndUYQN/R70FKWILZq9c35R4pQxg8q6qDLvRCNRdF0xFXssGS0BiK3kKZlO6fEaq292U84C5taPcMZvSXqQqrKBI8W1iYoeBjRHHwWEwrmo6NI/iCO7U8UsyO6tJeCpIkfrlyNAtQ5RXn8xiC0biwyH1QG0WpTZvzof5It0J6z9bdfQZ0/pZLECVXVyNjE9LhuXwPOB56hmKN6am/l04ZjPha3S5pTW/njDpMq77HYk8qK0ff/74PmGdZDT/69JyzvjcYuGnvsKavz59eLcc6Kjr136JuRAJX3akrwbt3tOw2Spp3vnp84d+Bxwoq9V9m9K7X379cCEWIveCNiKwplciCknT8kKenAoS49q1WHO7mEnJpGX7+DpaItawerHo0V1Gc2f+ScyZKZUsEC5zSPQbM60jbTa8L4jlcfShKcJvv/thmmLPyGTsU5hBYm/kjmiZmgAKiuL5oSAIVSTz0uLeIWfREXHMqI9JcgAwhygV1IkzOJ7hZxeU0pJyeXwYCFxfG2MadClJXu80mxxWxtfZgqg3ekLbPx229sFD2Z+jKx+naize4Nfb55uRccLqiE8L4Y73MvCs+tFC/lPHbXcAchUp793JbnJTwb8IqohwqaFIIYgq+vsfHp94Zpz3CdaAkHMA2TgPQ4AJ3jYK8JIvQL3PDuCmw0eJKE6QajHU758ambHokJ20J8qIKn/pXdKnnpeqiR6cF1DsZOx4qgAHMdp99jZcci9J8VVBGM9vN02uaSU+qAIsIeDpj7lTMc4JPLkcQAd1Et42G0iths62lSeIQqgO3g0XO4q62sp1Tvx0LBPS/v2RMrVmUqFCsz3G8CkF/tu7fZ+rmhPypEQdzVw+YscV9nqxgwShj4kBPqocbkZRHc9mkrjYiHgbV2BVIugqOzYOjai3hOLfoZ1DVLMTikkL5eii5cQVE7IU6KP9Z/sj7lGNRtUQUWN//7j8K2vPwfbsznkvQMRLL2B0CpoOvk5CV3v+WwTBHhw5eahNrafgMCWkxx4AST441XJCu460yvqQw6S25Dm8lD1s7Um8ePS+c9QulAK+xveYo6eITN4csHI4IWcjG/SuGZlFCaS9ycTb77/7gel0691TCu4TqHPQg5WsFkJok0Dd1ZR4btF6NpDV/e+SsVWzuWoxS0gkTYASbVXAlcc6FRevX2FrbG7ppinIJn9VpNw9WtWk6ZpKEwx+h7odrmgt5AwFvmtkJnyuruofIhOYNHIErOY7HTTqxVVx7CFhXttmjAnQmwRoJiwKFCDYQNqQOTtJb0sO87dx80C5sGzZC1NblK0Vfmg9qZv2d8h53B1gzTdZMdiCbpYpB/MhyewtTnqTBKWn780RN4RT4GLaLMzGIlPwtt42d8TQFMD8vSkXV5AVlVG8980mU9dXq7T+RGmrgNE0uQBQuFwTLAYom56mUWZVYFEwmpKkPGoyKp+zwcBjcqqWW67f/LwVTZillvbU93KbOstuiUh+HAEgujRoqvHZSqRRp6bUolQhaCVZSpGQICkNI+1VpreP01FdNXGFDmDmkDQr5EakT2Km1CSpNuA6t2u7soIchsg+pvxJJie4p4s4IVs2u/66h5GT1nphYBC3KLgbA8oAHvnqm84L8lxOXnq38Pem+ZFVlcQ3lbP5NbC8tS8S2tfoNOMvKPkq20HwIy98YXUwsRIl95gzy0Cz6vA7wzHrKbkt7U+DK+Kff+1Ra88kFfdkJoAZ8WzG3mdx12j7rkqsUjKTly71TQvZiCkro1IxIR3QTmo0CZZfEnZdjvCEJQoOFuzMSFprjuHsEnPM2cU4jsOfhSL4DO5xan8rI1zE5QFvVFhMdZyndNUAPCSzY6JJtxN729jH3BsLeasa6U5Sf+XSHRBdhQ92LwdHdeSS9+bU9l6aF1Ax6AnxYl8AIQNEmOJrX5ACzvoAACAASURBVJWC2gnb22cV7yGtcmLCvZEDgop2GolhlZVUen+ngIiHN0FtuhBVSUPXnGK6wnjemqliHkF0CEXBTqakNUDwxt7H9siD5liqkjBl1Ppshb2Wziiq0kMODP0kRa2Ta5uQ5VsHkMaRuFJzlY9m7uEjiFcUIcrRs7FDAr3JCTonBwmqCcNjwgkSiJMW8Rkc4KjAnnf7XL8Q9Szduxt3aCJ+qZ1pEwSC9CC0/+DPsEd1ReJKwSEG9WivkPCXrQoWJGUAkcIA13ywgxVoS1Fj9d/u+BImwzqJzsAdoLYRTehD3V7GUKP0qX/k0U84CUk/F6JJyP4ecFP+IvCq9Q4rJv7Qjh/8XoYZ6UaKlkbhkUM5pOsXqIS+t0W1QmSVnsvzcOInf/YSyIxjWRVyPkMYk24FQXIfjR2M4iFMuPpxRWXr/cocYlszpDZFRgdd2A6uelxV60EkEPazlDn9Nf3CUNmAnthz026ia5dOjlK3+rqWtUPOq2KZpP1yb0EamihJ3LaJHRlSshIK/Wn5vSo5KypX5TBL7L8kqYI7cW8g6+Dt67fdFzVbNHOTCQtRTZasuY017u1tkkVh8Ez5PYKqNyAvXc91pajNxTQi40e0z0JC9mUWU1bFF4e/BbA3iPvf+lzarq5WcA2hgrhiTW2iq31J4Vs+JOvFeP1Aw6F5RPO5M2E5OQlGVUNaPxezH0h2lZmtMs9OLZwHpGAv3jjPredgt6aIbBGvdE1pcIUgfKEzcDYL2rSpt55X6Wqo32VuORBvAKpuiM5TvpyvTaT9b7hldfSTmtNcH6DR/WPu85NH5jzem/e0ZVruX7CTtq/kh8+0Lf1EM4QX+MnFXzbydxO6tmr3TdnJ5qD0WHtzGZpDSp4IpsP8+5c9FB+AeTUQkCdA58DfBES/LKumfhUBI5v3jKC6/TqLvMFvVDKQ9L67+kId+E3p6ZCuCdyZSDS7V5XTMilKnqneAh7b+s7P3gNgLnVfvHYSAidV25p9NceNKeGJbdzNRLwuxPdB88mfNzijw4BKx+iGlM3h1RMHZSndFDPXVV4J3dGVirvM2ixs2prz+dYe9udhi3QlChmZ0d2cyXn/8f2HD60FckkEoVRbvuQh/UtAkp8pTWqbrnUicep5EkmIZn5Lo5bqg+Y8bivN0hdF9kpfGSIS69VTtzVLjbi1v1m7N2utyANTsRiHqgX4cgSKor5Acx/MfW85g+RoR6WiTLNeX9Xik8f9KHjUiCLLpRlffQiyFqi2yCXHInSd22aZ8pNcIRCoZbQcUTCNFaueBTJc+ejHgS6DGd/efJf6uh4FDwoMU5LnsAuPl3hmAzccJZx1mRU/SlOLATIm2a0Ib2HRMyzdd1wVuvQMyuwFtg6ACMfUT9UkPIVXNW6QcKREakTQ4QwnCGTqqWEbW8PQHhZ/oszjPtpUkXSysa6wnYiFQtGVjiZ8SDNZTOwzc9KVM6zApbh+kN7jr0bCVD3IfXTwbMYK8LzlLQTXnfJFlDG1VUvUxotxVJUqOfa4YdLDWDmTZFiVeFZ4nx3M9iUt8f2f0PPq6QsCEVuMH2rAK5tMcPrXCw2Tfee10/XgRUOtMtsi0OfKqW2PdwcVQXiQw3KVlWkpNgZM9/Cet6qivA9/R6sp8jcXxmDMHfcKFavj+XbU8cWARHWK54vKq5h08OUWNRM2eZVeEb5HOKpIYVnLYFEBV1qzU86j3i5lK52UnKyI807BqKoDQRh2nIAKNNfkbctCOMOR7ImfXuqzsIJZP4cp6j9JpETMbkUO1TEGUHuTOYmRjK+3sQAgAdikjLw/eWHveEgnK2kjPFV4H85AVSFUjQZ3gDemyh9vz6I48mJpkgdLoVn0pWnEUo9GUyzkLQkJmRyN7aktCnTP42t3rBzSw4fRKH7Y66DDocikrMlL1EACUoK1WSgiMZb6AAt4vGf40xTtZiw8XUS6ydCuSq19xLQ268Zic5dmCU1WkhuLL3KDpY13EmMQSmAFDvQL6a2gviW0DdurSVEcwfMljmEDr4wyGplX9bZrYRs+Gzm7oHYOmMVbfzxHpaph2Xe+NO4aK1lu5HYhNkT97Uscp50MbvcfzdxfRBK3a53r9usXu0iXFZKCMc0FWy80qGdnjL/2YEqjfjeH3aQ0oD0hIhYSzcJABzdpy5BuTqw0leoa45dqm9FFx+jEttok/Fvky7EbwvNOF5prZHnI9182XzEV6iGS9dF8uElkXC0XZuVcZHVQSiznIx+eRNW5d1dZK09ui+uQ83sX/EVqd+Hh7EuSXvXbPNb980qmsUkYL9PbM+eOR2elaff4cFNSi3ZLjDhMcwMcJXF9XfOrbsjLLE8j54LY0zn5oQU3i1JQ5suq7rSzrrZZl6n5LRIH1/K4IJoGWvMrwZrs5b82d4WCw/p0VlCgs4+fTTFn6OWE90Ik34LcGme3C6SzUAQm3MXRYz+E9EMsHXX52Jd7v/muZ7Q/d8Pi5oH9InmLmXjytWt8OWqGlCqZB0jLa7WsfuDYNAGwUGmfW31MT6ioqZ9wklN4+y3onka3zBhzEpyzmU3H2MyzB5bdGJCQj5/6Xp6vv+3WSV+FEy/ki39pLLFnxH7IJzOT41uKcm/lSct7cCcnpykLX6U5uobguwUQBqHbIXQjYN9qi+xYX1FZPubbDHjTzY+v+wEnik93DUxndNTQJJDMPCCJwpB6GZA0zZ2wSvyPrXeFAYysVxUS5qSoIYyygzGARxlSO0IytrEwbxx6IczYejtiuhU/RX1MMQVS4HjTl9joviivzojIJaDMIhKRFTNCws8QMiYfr52r2MH4IW4H7dhnbmJEdSWxZQP9L/zQ0a+MYxwOeVyI1FblnE/J0UxNUJadJ+z0H9MJB5Hv5jHIp4RmZxXQV6Xy0ZIGZjoOxHTP+FUPxyED5OnJx09zHDM5gHbmzcRH+fgudcxBux7jnNBRJFNJyP3DNkJggsRxarxFs1tH1PCIAWAd/QRBhigA23nJyJFSfMV4oxiRt2056DA5empXkZJt+XIWVDmgGuOxVHITAzt49z9pp+mFLFvUzeRZyYJQrRVTVgvaFhuqUFZFoBZ5BrTjhWW7CYyM/nCNbeDRYz0aeyteAfJJpRI7AcTd/5UCmsFe1UYRusouFjrukT1Mm+6FL0peqi7andw9liRsxdNAEf10rgcBX9HhV3v223n0RH+eOD5Aygs2XjlEGnElzJE1Gn3vLxTzmcan2Zj0fVES1YXSNAeUwA5go84LQvqrUC5C6xQnGUQpOi8VS2IbyJIZCmCZpnoHiZn0fVRRTaNjROugWE48IXaXsMwwBid3QqswnDf6NLb5/T3AGCpSW1TT22wFxtSNTB8v00CCyeephvUhX4/fm47fEmIQuxhn/SmBTZi6YYsxhrimCxvkOswXHLEnZht8q0+kpREeZHkfE+qpzJSaHij23ggZqowIMgMrbd4ATJOzj3bOz4T0n3kommzGxbwIa/ZkGupga31vI3NvU8OPQr6nFkrKkcmKyiKHpP8aHOqUbMUK86V875PcuN10pDejrhXLLEKzDDG1Nfe2FMo8X2LHmNxY1dqr1Sw2p8e8IMVLHbOutiypYxdgk4CtBg4XN1WpvlWTS0unAa2TcdXiwGpAktjxi0G6+9mTxOSVOQPAyMiasFQUS/PdudR+cwrsfBiGJlQmWX02KWiRknkJLdtibGv+MM/ki7RuPY8Pk9B/iE12OJt1vZ97Ys4hWcX3UoukqTPnc9AWg4mIBTOLrc4u8opvlplyCsRmF+JvNngnQtVqBUsCaANrLhWSlw5hbL0lnpmh0IA5OehNxyh39fxTPyMpMzdTiz5fyJCQ9Ot8vrqoGvcPJCOVy8JY5eS7D+98G9JHy54RxJIrOVXydOtqv+ncgb4x6iwBZq2jo/CknnNakG7G6MxBCc3NJmePb+Dup1AsaoY2wp4T8o3d1/xZ0l+Kub6OgK8is36YqA73GA9PXgsqFMB5jpuPitlmh7BwciqFsoT1e5I3G9YEXdBPZRzYo5Z3bF1mMItQAXXZ0nZejoTZOwJw+72jd3ikK8i3Wv4Ke9tMhbsiRt6L32LQVa0NZRN34SFub7Cd6HGhr6BGLgdOcXKGpMIoqa3AC8E+eZHvRpfYDsT+iihCBespnw/izFQuWBsAMDbwwQap5Ni8vCMR2+yGigmB/q7MdRjBDMpSWXMEXHGveX0dC7tyAZZ8McDQVhDlzHnYt7963pnN8xqD01KnFOyINI5BXmB1uLIhaX3M4Pks+V79EXn/d1ACZj4XXUZWO62YmUQ2XlNCMChdjJKPospjsKOEHzfXjCxb7jWlDF0gqJt9aeUxJgjRmRKZpoFa90DY+smkaxGBgWQBisTRAX4+HAxYVIBf8WAS2eF5JlGjOOZZmzlXiZBVPOtl8PF56TdPRKjIVikjOpwAtvEby0Q7quFY6AljLK5qKOcyTkM2znmCJ18IhgDwKeQDfB04nltW4OCZE1XFwxKbEKnb5/F775C+yTsxq09MCbXpCSNjSdm0DR2oU7m3KqJ4RFBEh6KJZfxL7YtmDCO8ijMfw6RP6CjileS88nQHot0RkUuUDeAYiC4psZ0j+hjmMq8sCl5ULq7J7vvHNuw1nYT1xuzxazjVCVpeeDGICHmozgrBlGHBq9v2d0kxMY0GmM+uxI0KExddxzIRMuQaCbYffvO7N30NWy42btbN8yAxQoKXnc0Mw/CMguw0ieSBjLCoM1PMTpp1PslqIDMGNlwRuPUPBul+WteRJ9yT4CfWbheDjxGr2NJaezu8EpPFqAbvQKpu7AwjpvRkaWFJUBU140ZK8WMOkGZKDc+mkpnj7rBQ9iAIHHyZdJTC76ORusG+ESb/q+C5ycmuZ3/z1C7jFoqeV6DJKYEpTCNjbP27Z//Tzz//3LMqPYHQxeOLGr+dFHhgd7yFRE6AtrE8qq7zmldmI2SV5v6+6rk5kIXM5mEtfFba3MRX4iVnlDm+2Z0VIwxf/dpvYrAud5l+0Ze4NHNp5Vqw3rab6thuatXspB2vnFVkclimbW7rMqUesoj7tvCw9VmNPIo+7+f7cZGeug670025K9dyak3skivjWuwM3Z0VgSVNElSoyCktk+/Oh7jiDummoEunX/a9POAHtXopcplW9DqajpblwCsWE+yKOocH+Jtuy2vClDKUuSq0MirdKeXjZlE5eqh4ZWuEQam++aPbBvqx41aNPxCfqGKW5UzuySC3EnZUldMDyLsI3jdMVQKtyaBGl8f6XcR+rbkHXJrPQaqaD6y8piK/BWoisroVuJZZ99U5+TRlzp/isj9WipqZBdblcvrlWBRlS3X56Np3e736r+yamlaz84lEimBJyfkoRFZD62Br7bH4Yp3CJKkCaysF2s83fJDCjIhV7HJMb93syPlJqlKzgToZDN7bCYlgJFHxDpmsoKQ3gnOLwzkJRey9eisVVmVXkROp1Z2gh7GSOeJ05p6TgTWY6Cce/+JB/qLGTzUdwjNs7A8pxcMBBvRqoQBj9rUTe04c/qua+3BuYz2T1+1rrHAovD6COJrPlLiqwHdjbirLc4dXithBYoIzO9ppe6rJGa4reQmx2ozvj5rpilI+ViAB8NslaW+oLkA0rTBo/VWb0+SYo9VM94aM45og/UbgByYDCKVlAuLq8AFz+s7ui+tKyloU+O6zvbwMK/a6kVUlE+yh3/v5/URQGI/m+FK8iJIwWwSBfJwkp44x0xz6OaZ0HMXplZ2Df85K7iFHg/+4CZGA8CcFDdGna/lLJEm8ZJcJ8w7WNixSq71UyM423S0y5JinUS9om6TtYx3BMKJOO2R4EWO1IXv2feA7kNcGIyWBvv6X5mPrsGQ2cK2OlUs0dOmqS/dJo0P/Z34feKjQc4VKFj1F56lqB3omcRkRyohex0KAktLyMfaOUVROxxgm9vi8p03J7Y6T8FMwWGrWbe4o2nUGGapPqDFWUsZJOmc6JVUI2hOzdagxIKa/IuZx+0AnIraOWK0D7mBpxIfHwg0zj1tCQrvgAx5KLX1NLrKKUVDTWJbSQAhSVVc5o4jpBTtcGxLG9M3Xv/n+d1vjmSDAvOZmnRMZCYQ2J4+9MiRzd4Nf3/LxANsy5oSTr0dYuGNcQiSlPLleqiEc1GK0hhs9S8OPwqxqmjiJmnNL7j4C6CACEqyZn1PLo8Y0s1WBCNqtB1Zt5jGvM+WAc33LPQ3QN1bPzUm9Fm3q1sDa6D7jAqCciyjMA+eRYr2MqAphXEwyQ8h36ykhidf3sbzrORXriJs05toD6UpfYnNiFZXJJAuqVmUaoHNKpM1RmGp20FKSr0MJERev9xVXX3BtKagloQxLRPnRQg3Y809gQtoFx9gyIE9yVFbIgl4LQzoY0AQuVBSYerq3L6puH/Qog4l+CZ+f3YG6pcQIzda0lk1uE1Hyro/SJiw05o50SSCJa+PDkAjTTqiKaVzz5yQ1v7TumOimY2YqJqlcs1wDTwPoINHNGjXW4BocGe/Jll191iQZqCIr+jFHz0jRkDd75fs0ZGaXtYOQInKCKCTx8Ew+r0B0Kl4YcoAL9/miJ1T4RoZ252DV7aDJTJPua+NIiPLV3F/7QbsmdlClqy/TvnVBzWljfAXW2iPOyWZY05sj2tUgtYIsX54NWHCXN3zadw8VVusc8klu90pO1341Gc7gn9nxy74SydeOlmXaCFMXS5HIw1prSp21ZXDcW0IM0tkrFNajd9NIF9yDCJnoM58PO+IPH4tLrnTFQhJ6/qmN1LZpxqgvDFBAlWPWvljNzf2vAKALxqyqejV7I9OQE2Ps2cpu6VERIbdds6imIGwgrSpK3iGNo0arl9DgK2SVdEg+yhzCYVHB3QeMEzeNRWoip5SoR/ghx1lCWka1nQz9RUznmZR2TKxSardPdsf94wGr43NGXurvV2cXGbHSsiQD6GaBV3rHi/9p8kJzsq4y4qNJYWxMaxtGnXcbNDxkGCOVFrRaqzOBEpLE+8Oq7WFCHcblUnIutDoB+bG6+YAnr+xEPIw5FydMbJiRdhOzcPDHcq2uO2yni08eL3FDKVtBRRGGkSJsE7g3NgzRY9uMfGx+gGYRD6e07dr1Gt156jJL1eNOe4QpCtScdccPtlSwaSAmc7AwdLQXb1LefyWcrE20z29JB3riE7KdqbqIkL1NHmChqPi0296OKU/adAzrPPmQT646pH0A1/4Lhwr90pegBnJWYp9vq/KaD2IuO/L9BIKABqCJBxCOmhyxkE4XmQh6z3p1HUQX3zjb7bD8gHF+IbS/Onxi2o5Sczl/oOIEQiYN0Z9uY5zIqNouo09O6l6ESgTbobqoOJxdk8+ztMYEuyb0BE/qVnKsgyvCa9JizFqi4xVvpo2YtKoMf1ijqX4kOjkdcK8nL6aTximq/ATeUDMFCf8iRyIioZyMw/n9999XmM5rtxtUespBa0xvhY3MGg0kuI9rUuA1goknrOGziDgLMFcmCI20KfQ/qdF0x1azok18Gi2MTfE1cFqWSEleb8jOuPRtweYVXwltAZ85O00OmlHTgxoTfvllTDVjsLYxU41aRKW83gE4s4v2smvPENxy0SxCuhljHFZRKqyklZ1kEsIdOuBKE0hKewy9TK+qaacvptn1TV1Qg3wDdEB7APnnn356/77hP7KWk6pp5ZINiZh/IbvlnsaPYIQ8CE2XW3nUppty0MXVTQWrDQ6Kur0UdwNcz15km3ldXaQ4uMjLv4hdZ43/V9PE7kwEu/KH0ixp32QonVv4ijw/NrNo1klIk68kN1ngaXGUCkX2MrAguT7b1kzxpqWmvISaJonmZsbiktSowVo6JfpNeJYP7mEzJzI55lO+ySy/NVJyJD2++SSmXW6OiP1fb96tW8mvWe+uyX6NZjM/atxMGeqkfjJxjGuWl2s5uSiAqIwzlz4Sw5yiF2fzejD2WWsg5O7sjCJIfa+NmzGsQmZm65HdNtrsvNtE35hx5kxp56nnokbzMO221I+CcP/7eZHwlCeVRZnrIv3cj49c+2qV2s8c59Ai80kTiqC7ez9/IrgHXH796kMrmUnrCyObVRd3z4SHkd/yTFwddvbR1LCwhiIwQCdoDir3sjqP5wTe+qXr41KzJRXW1xB0Vr6bmatzXN9C6aSFY/aXcHEOj1OVXK3NRZisdSWS85s33/cIc3LXaGrQmAnvzXutg5aXwvN7EaJZyuiS23Xgv6LtaY9LSIftd0zBOiDl0jGO5xXmdhOQvBOqJAH54yjbJ3H2VgeR2FEyzj4BnaAVoMcwggxuq9OJzT6c1EVZeR9zvPIp2Scba+wSPkUzwKqwJtMfx+j/iv2kCc/JZAUEbXbUylYbizJIYVwVtDuvrGCVYYBHPc1EaA5XTCyQvdtN/7AnWLEz8Spx87AthR1dwRh7qz76zlXan6wZ3+6qSMqSGk+ftiWUjpZE9FNNbk0paD5nDjVj2JzvEmLkUYwVtnaGZkXnsoGO8+rS80JHtNI+1WVrf9tSVAZ57y1N0oDX51PKoufH7K+L06ZAq7y9KL/YbY+C4fY5qBEe7QRtl3jBZO9VRwlU2xGUCCSpNrblG/D7S+gyqbo/pRchwehN+eh87KjRTOGjQ/IlZUfSbyojGE1HOYwh4WAADLP49FWRdyoeQ9B0oasyuOHeWsFUz0UsmJwTOusUnPwYUuytjd4DMeEZSraehVWUIOufkMrz34mbgIkgproYUPR2BH1uZzRHOMloI7nitZPxZ5y75JT/qdrzkJwZH67zTD3+RID9+FZr24n5VA/7UDlzXDtb95H4xbf3hAdkzaxklJmn3RhFeMfptVhpNk6Rkj7TvSAKnK2I9D/kA3VY07qwn0NSl1CR/fqb777/reaoPZppARLCKWhAajjXvy8GSaKWnmBYmXDY7vjtaGuIHtkNOLBtKcgsZZc7uUp8Yp0i3HikXeOrXiCTE4rMtqEqYlONBD7b4RiNXaOVxZg1TwkQYfSn4gsLr9LbQMgw077hr4yQ0xggWltPamju4ia/1xcme8uEYOsvCr40mdW+29DPrzk9Yh/vWf6LV6fW1458+ty3H79/985VxIbVnlb52DwytKZeJxzgsof4PucWmaJPZ4YVnZd4CIsOl6/yKkPj8bPav3SVOb8lRqdb7JqsIHKlUSzmFh1d115TG+B8sQu73GuuIHsM35G3yiguxTrKeBKc3qZCk4dezwK25OHDvNFefUTTtP5MYXmq3jUQqKOd4wplGphGA5+GtcPHkjJrP5fXTNackPR8LAqiE/kWAMwT49jkMoUUuOWxWUhiADeS6NMLVJVm1UBVubL8X8JfVcTNTkEt2ttCapbYNM0l5p663TibCas37V/s+bYpKQvcjtfNr0HyTdry51PfD9DULbc2o0xqs6MwOjloDpz7kmDg9C1I3TibURV4AqZvRrRMzNJ5h+d3+hTY4uRhZ3EXUE2MWxI3KBmkMTRRVis0tQtTybyUG/6kZU0BjzM3XcvbhTFOMkuHCkOQlDj5f7nVKWNS9fQ6vlBzgSBdDzM55UG+CLb+8C7r13zWI+bMfCrNsWgwufTcGgkwHXlfLxENL4z4gdrBuo+chdZr3qxUTsKjNM9VkmA56s1B9pxoYoPm6CnbzmqV0dvHmkyo4sw6ImUr8aHCYRsTjc+revy05eTTy17+oCwJmAFANq7eV2Jd0Q7SVb8oMyDl4eL7aH04EE9alg7AiST18MyUULQtT5QDNS3DYxeXeKYOwAntQ8YMzWHPCRNz5FUN3WzKPDS91jzn6f+BJhnyssU2NaOnAJ6cTRkV5MumsagaYzvP7hO6Ybu6tNKG4mB0WAuqQNlLmk0tI4pNfPvn1xTGjW4SEmSUFezKpkCeYmCrXeoi67g/ThrBunvyELGCptGPZylRhWaDqCoCdFzEdLQiORP00yBx0Jfiepm2zQbTpHNbTxbbIyyC5NZ7TtopAOyERza9BPpn9fR31DEQvZ4eUTs6q1JpWD0hY5wPSCBxzCdRc9H4rgyUGa8hVMHa+YSMFK90vazDiCf2TFAfQIhAvA0Bg22GWmbPiuNdB42WMBJfPkcPyVBu/jSZ1T+yLxCJO4xj6E0cojlBqZzn48lOWIhb5YgQUkHo9itl7mxeFfH9ZUHvleSR66OqeLgVt5vrvUNniCXXVrx3ID2SM1rpPnGLJvokREbLzosXgw76nJLJPBoWAmM7AEXc3MtADV5AXv/2t3/B15rQJaonXMk6pwUSTCaMZurdo1Q/xvSsmKd4rfE5jVurkiWN50S+8lNvDfCtNzQG35CcFc1xzKLcXtako2mNhxXmWlKbvjWp4iRLR3K8Rw0YSb/ahsD50G2C83qKAxKFoe6GjgYuEkxvweo1og6jy70G6OV+xzSlK5qMbUo0k82iOFa8yg4GIWX4FIlNnJMnKougodFsNbqs34mznPzcktE9f9DMtJ2BTlMiowxh+pmQzyzn+LmqVsLyT8pp6X41z5D69ruG4+ibf5wPm2S0YJWyNuCsyOakLAiJr3aUTF0+NY7mACO32aPA8UCgC77cqwnk7ZI/U12dZHg7CdsCHl+eZOuFy1SzOh16BvJfQSq3RhNmVQlLOMNS1bzHw+Pds5hXdorRpU8bx2aaBAuZxT8OqSwIeVLdZkjZts1kJT9MDtg6sjXeZoDN3FJnHiWoskW8eDCJnuxmEbvSsM1DP4LQ9LHpYDfIXR+XLRVHVgzMr7J9sMo9XcVnz6F3AZ4Skyez883zfrF+i9xZSGujLX8uMG4OME33gPzN2OJyk0MnDn2YhS+C+vfmfSb0hLfFbqJfnjkp66djbvKYb7hx0lmZaE7gCt8/lTHZnLmeykqrq+SWotvdvYxm26H0u5vZpZUoSATytU9B2DpFRwlKuEQKc4s80RXS3CIjRCpd5RlNbfmVd9deopV4lfl99kh3X+zRIa7qoq/hATqj01TUZK7Ma+5xmQAAIABJREFUn3gCRzKoRxzVYhiuPk9YQua2KMAkxudh7LCdCuCtvcqM2q8Ob2VRMmicYVFWbE8Q8JNDArKl1WSPNEUaYAWsg6tr8BVw0DDMDp5+nBYVkMndohjVUiwJ66Djz+B18sV0jiIzjunQOiTnhFCjiq+uNSWtgoFkLPCk5SgC6BpoR6KFxndNkD07NVo9T9DPO9eNEBkVCUlzzsw/ScOfrIRSrOhorjLiqYgqhOcRn7YYlzekxgyL/0GWlBlVTYpiyxGVSNiR9iY5cwIQJavBQAe0+t6mA7aqwwYSLSTYOE+Z99l13qRkLJOgllglFecN3d1BYG9lQ8ktzwNkk+5tCslvt+MHgiM1gI7G0f4xmPs9YT0XYTwk9qIYbDuNsZPQe7LyYp2O5jGgEZzjpmlRZEiSpjf2wesN8nN6H/PWwConWeFoZzS+27aHBNHolPNG79M3vyiL5vimCk0axSNn7iBcHaxnaW96Y4jqZJ9g7yeMBvt99sai8tQh+RfcyVcP30vAx0Eo7scwNOm2vYR9XL2N+aHmdpZdK1YjTRsAh5+AMSw4s7ZyiYYn6nlg6dqxIuV5qfo2jQ1ZjYlPgoKCzAvieEZXMWK9SCIii0aX0VEsYd16Cb4HrA9Slx9gHNd69g3Yc3KCSKEWpDXSSFsb+e7tDxNvoOGjBidpViUQ6/QAbfS3CKFAm/QHvc6ovUFHPrMmfW28QwY1Whvs+NLPOSQCqVlq7w3BGZYJU2i2mAcQbMNJI/P0hsuDFGtCAzxux/HcvDlEVjiS1DXcBxvL4srChjTqOCPVusTNAXQw5+Qq2lsvc3SG0hk5YzJhq1AE15IbvBPR4ykQ1neczMinZRnEwHrnHiJ9/84dhK0zuSvMsiPVoVGwh2AaxUPtKsvT5eXTrVW52FRh/9sy3eDcR3KKDC4TqV3aljVpF0eX7Zv15ui557TxfPOPuLNTNrQ6tSmQhavmhVKk2UY1HkGx+sT+F8Wmgef+V92CZ1aV1ZIrQdEsTdwS0PMW+YJX5hq+0/U1Bd3F6MkLQOJ4QBBKjyaj0ewKZU5uHrzFsAg2+dTdNRWuHKBBT7bdrpyWXnuKdgu3vs9TeG729FU/cNKDQebLufAgFeu4si6+CinVWmz2m9dZ+ctH+c4yoog0W11/sED4ku6c2gXki1dnLA6/aobapd6miW+bQFYVl8U/a2YEL95mwP2invQqiOn4+ttSoRtP296987AL67pMrN0VKSufuaJLxTqjvFFg8jnhW/UXrrDJAWxJaxbXEizvTM4u3VfY4nUg8nfcVZUi4QlbQWpnbSg8quem1JkcvFRVfCLlnpOEsBQw2WBHunCpfKgkIIxfD6LHCEgq87Ll1TxNPxipGrd0RH76Ecc0olA46GgTBOoKJvr41wZVqR94Jr1UV7h2j7ra9s84pnKzJv8MicfCbiCOALLTvO5TXOLLrAiiB0v8Kpt6SiqmjPRwD1jJPaIOZx/8Uz7aNcIMe7EcKXM2F4qCE1c295A8d805vKrWNod21OdD8OK2xwjo5kpeYgZLFRFF6cSk7TlIcPscFbjVIVu1tAhHc8aR7x1JTbgigqF6JItveUFG/EpPVe9Cyc6lALPjQrH+Nzu29TMT84HKqyc/oUPBt0nUG9ztm8QnqBaLbCqQi4XTM6UOz4T2ZXglpWf+ijlp9bNTpKAXoyvg9xhHSexKLjpGJr6gN87J38eOlLTRc3KJe1RNNmGb/1LFG87v2DGwEfM0htjZBkpVkA2hyVia4nFBYfZEwn0V0trLPvqnXbWbqOt8t6NgmkbnYEu4d0QhxQy0VWrHofa1NHB81Dxf9dHHhkm3rGEq70WANwyHr8rt0WSnj4lBUU0dXnIoIAeNUipPxHzVvporGkVEo1jNCR2uyRn/5ICltUzZY2RF62/oYcIyjqWIBoAH44lvTlWzyvm7Okp8Dc8d46lEj0Ec5vamceKig0EomXGIk7ykDFMMhu1q+QXiLLvPmTrYJ/cFHx4CVT2a+tT3SJfBlSUzvgJm9L4XfI2hv/nhtz98/7YJTvZjgd/MAq4NHhOejIYT5tbVkR+1fsskFMGUayGP7CVzg0XPw+YCeWbATWIjbUsgn35pCIymiULaBood2ap76ZUYvqrBNvlI7+RVXy/TrVmLDec0HjYJrH9pYG3+hS1jzVeShhlcOuYm2NqMbJi7ncoUskW4iJa8QrVom5/4QnJ4KosuIr+oFpwEXJwraragfEoQNvMLfMwk9mRGbSIpeTkkxuZ+F/fdux9/ev/hXdVIWiprNM0uFzHvQnxTIoallO2aVXblm2+7JJ3ruJw5JkNNJLMjnzApZItzjYeVni3I+UmwiFhV1zorngFNONDn1fS6HzTAPO65Cp1kCZl+TuTUwfi6CZaHVLhkXmyVeYpDVoDNQovvAiziMoP7gkdQf06srysLGulnSICEkDeCXdJG0xKpyTSCBWR3y5kp5usFY+kBo0Q3WY+JjlNlRpvXaSyBS4wzu4PNV/hSYlhEnDWFnB7tcMHmzBYRlxXNuCq0CPj6dfuhjuebN/0anqfFYwx7O0Wy6RiHBILx1lxnoyVDruiL4N/2ZVKe5naS0L0Qy2Wu6A5C87Sv+3aclHaeUFZzfSa5t6rwVeQRk/b5vncZtZx58ybP5wXnF+5klUlNNPtZFznRL6P0+9+f3+eYhHLQV61GN3WW5oHJA0RqYBQlPBtnZdpa+spVzKkowEKpScqdvB7wAtCr4EmB4UqFMMngxCWSEa78W/CmaajfuF4PK9UCLgKyZP6PZVbi/uO8pGgO/yRqb7LFlsW6uu2NP6GOLK5yXxqSTpVS9BRhl6Y0qSBsJEiHfsdKbWHXr3iP+2GovGpVOJn3iPCpEGdAZhkANmvDOc26DyCGhMcFJ22ThPXoRomcHUlhGuBII4J3kpO9EbzjmTQLz4e8BTFYqHuFAla3j2I8XL1DPbHekEeYd3vZwzXq3lA+RyCIDcnelyZ4Hx/San+q8LWX8T7ar7ZsoCuY7Z2ulQyOngM/zSCwBhb6x4Svg7mJ9PYKDnPb2zWLGLFQrA/lsxM2/4vA079M4epAC0lwqKN7W5ylGzuf4xFd3CpDSHhov/RvoAxtmtfqHppHwmVrB+csvGuGgUfB480Gw8wvsxScCw/3YeP70T9JTD+LGRBAQ8pw5Zde89QQxfM4cg4aAkpT074w8uXjUkITxfTJOHzDyK9VD4K3aZ5GCAnsP0RAYUDPglk4DdtF+kep49SFosLWJ3avEwQjC8BUxxaY+3cw6dXO6asmSDmK9h2CFs1tk+XIfxSIfIygtwdcTjiekRimsJQoCKSc6oqlodeLhAS1Tw4G2xBH26f/sOyufGA3budy4s8s/srknXJV9MxvZjYjIqI1FJNfs3G8rQx5QRmRpD8cPpK4NyF5jvp40S+RJk5tqfT197/57ZvvvkdhxJ2k9uBPRwIuSztsP8bUb1xtRFsvtwUa/tSKTcZmIRANim6jT0xfgpay1HbYwG/8MAxJRSwNbNufhqkwfrtYtQMaWrjhlgoMaYGCqqFhbm2aoyjITYmaWrVMknwE/d3HfaawoTila3CTwy2XMpHwV4eiFlvlrbo0MEMKJ88HrC39bVTMXpKq8o6I65YYyhvcF8YurumSmiF++Nj8oF/abQLZ993YGty7WTDOlLsCa02OA7XBFHNXL5PRRAOWXslJ39xhftBfQ36940AJAxjQFKfuuWzORECHkZoaFAxvbnrLrZtqOu9Pc6N4dNe30E5HUuXQdCZ2NM2O+iv/mtn4gmiNI2xlVXBPePR5XA+1WXIyo89eqVBu9H3nnoPNUt2YK49SiXEtZPK6v65T6xWSwcl5Kc+bCJ3E7KIk/CzqC1yYzojsrIreDmZwRuwzknX5IZctZoqJaPJ0l27Tn2WZzM+sBjkx878Oan7tjIdkjskrzfAWtJU06W+uX7ybNZoWZ1lzXMkYdTPADx82m2xR8LVlY5zflhKZn+EuUgs0doNdSpIP75Lh157vcUnYGLpJXjEJAsdYX19H+vlD7orR9xr1TemBi6YGJ4VrTU3vsniBAF0/EbFUWNdG8PzM7CSam/qoe8iW+DOKJdXuRfP+4lvD2LlWspaphG1RKa7itjAJXPHMxGVLPpvFIsfXWlHjkmoyMr7CeX1NzG5bRWPPC6X3EMU/D6dS2ocWRVULL5odfWmb5p+LiQzEMUoh/BMShtJGKLlkimQuwqtn68B/EtrWrx0c9REP+8hoSVZiphnXtOIbNJKSvkMiFZM7QhVHzkHSrvKRRHNoUo+56mXNgCMK9sCrSCVBcPirYMfDOlNZOZ1w7k7fQoGP0hlz+7weaxDym6zpo/PQWGqfxa7ym6gcH1wMyPRIZh1xMX77svbw6GXDEEw+4JMO7GCbXXNRVGTKXpSP7eX50A/P6MGm2z+wwrwQYE6mgHqV7R3MFv6KrlgHRq+30KFWnDuUWa3DkIDb7BOACF1uX1wkq8PepoFvAlDhGs7FBsWa1gkZ2qn1VlmJlQiyiWl7DLa7ZkyfKiC3R98p9ClTeDZZ/JNE1azoteZq6CApggcdzG2mjo+vY2hkXr6RklCip5m6ISV1XYgP8qsQdJ+nE8F5DQNgXG/3/oYSkMrm/TXVDm264D7WO1wgKqsA6GmgaHuQq3gYVSpvO6GrjvrKKqYxIvzjXEm1jwCVHNlxPF4zf2+0nD9WGd3CeqKX7kl9XhkcbUL1jV91L3c13HSDi3L415RRloV5aAE/s5Kte42shqE9ceHiS7IDXCioWHRF+bBUDOp4KAJ3NKteQ2YbcQn5/Otvf/hdY/kqURspGsw2EhhNDBxBzaG4QnFmz6frhCIAyR11A2ScvtqM3Ng2h7VwkQ0VFdfuHuurWGazAfomPvUTt6Sh7TQYLw5r6humJmTAzx2zj2PDZc5p2kNSQJt5mGyIX5CboWrnGeIo8tka1CzlHIdzrqWgeRxZeSmHzKDXhtG18bjdatunQjAMnFVubMhxDcC3xuOBVjbHE7Cmft2B2W2Y75sfNHD73kRpsfrA5BhKAn3py09hWOJMbZ6OJDG+drgqHeHzBYQccFDyb8uMm0JtCjv0Tc/qtV1FHWijc9OP5h+gHu/NDjImj11EpYdZfjCoN33hosrqz6VFPSGHBLmDLoaGid6hR6EyUE0hWwErKOLYU7FNUOZIHgRWaAbPnCzj8kpVxZBs3fVApvrakcyFoaBX30uqaI2x0Ed2vWj6fAc1JRmg4zXfdyplojQS3AZ4H131vzjukZjGNa2q1WqLl4nuuDXFeQfXV1/1SyCC++uvrQuGuOeUX79+m+v6ccQWkSMOU1pbw21e1Npwh0U33iaCmZZgM3mgu8fDVDlpJU6/jPLzTz82OdYI3QzK0b3sNyUeXfevZnyPtVRZuL6wd+04askW/es33JLPudBaWmRUG0q7J0EMb2bcNylm50Vk/s5jmOJeSxWAwAcg69wbkdstSOfwzsfydC1ENMKfO+SwFKuy/Qp9OENKHBsVVulZe2m/ZOf/yrg1AgeETJAO5/aET1vqrRXQNojznmKLHLfpiVaCbju42hNBQh+FV3o8k2R3dSsT8VCsi27nAJJNjw4QsTzFIpmUr7YqppOvyDvf7uCkVrtDvglPWlBTOIfjYbJKorXHVJ20ldvnSOJxnSMqMddqO0Nnak0DFWnoMWIiH6g+aTcOIat0hsFiY+YX+xx4kUQofNg00jbl6hUm9HaTMBnoIj8vPAyza6zDVGW0O2mJlsMWLJyrn1UJKydtFBJtn9aHZ0wWFvSNUZ3eUT8keWgAGJ4QZy4c2D4CHLWgivpzRLj/dFHaTkOGYzlwNEvBQSJwYlb0sr8SYM8pR3B000su67lyn/IhWrm9bWKBIbHKk8OzMtFWz3C5NUvqpkpB8EgAlDcZsJNNFVScDgSnG0n/9y6HI1yHpWLSVmXMmU+uiJYOe71kzTATXqnyYUZFtshSR/tV9tFxhWLAyl4UHUXUpJz7JgmbnYijilI3eiINoI+Txk4HanRnhGb24Dzm1ZLVzm1UP1zHTsWkrp5d1PUXT7JUT4X9QVpylGYktUXA8N78K68E5nqxw7ZkKlaODYFRtrdjxPsn3ahsQrUUgMnxpan5G32B2SsJRdubDF9NbwAMU4El1YataA/p1UHgWCduKvD1b377Z7E2utcRNXSpxWieF9ljs84nWUYSoHp70DXr2HoC3UnoL36zqizbsFF7NbwZrqpaMCOYwfOtRSM9YfSENo9cBxS0BqXzaeWPY8OzTQFwmWGIaG4o8u7BdyP/5ACgE+fI2k9DsinDStcFNLWyqpLmIuUGvqZdsQLy4gCxykHhMhwa8tFwe/+R8mPLesmUKrOZs6MxYdRHVeqyI0P10BH2OxY9qNLDzM0U77ohL0kX9mRD3zQjQ+LaVTnzJH0yP6cww01+u6pYpmxOFvKmemkQobkHbzRm+W1iMV3mozkimurvHoLw99pNhJuOCVHeaskpA0zjWrZsbpB/W+uzOmldKkRdxPTsTAoxLOr5NwD0LiJnO6dYZsuhHqbgBX4wkUxvB2GHuqMuiFvZ6s+olsGJFU2uVS6ou4Qd2r6jJ1WRkUOQ1jQv81Ty2J6vcv2+NanJnWAZW4weIS7u+WTaRLPy+ftNtqU3lX3MhzWRLCp/LVf2cOmDtgSwxtmvg1jdTIswyYeePXrfTiwJ7SL8mzdv4wt6EUxvYH/phNF13m/NVjtTKjm3ebD31eui/P79z51HVMZD25zjBKiC/sMGTXdrvCq0UjpMKW4ZPgxUOF06S4OWAD4Mkidvqm25tyfomyEGlzX8FpeNOkqlrjXUhGRENEdr0StraTExXLjFO6fmiLWLZGozgOY5za3FIfxh8I/H7DAhixuDJh5HMi+SEQ7JSDS3qsq9IngDfyVRjniYC8KUwKC4t15pwMfKwhTnLBOk5rw16D6OO+oi9MIcleITJLUdTwEJOSR/8TOm9VuHnz3CO6kwDFKswOQSamcC6UCqmCosBMUukqvHAD0WtCP8Ip0/cE0fJEzVkSkb+dSzCFJQ+6hKNdDe26ry2T+E9tZWn15zFL6BdRSABQBEpixJcCcykBr1QE7c6nV36JTk/VSM1yCRUUedLACQHG2RuWPupEjaq3LUP98PhkQhX/ZadpvbzLA6HH1vUBlxIV5OUnqhBJkT9tc+nuQmvaazXJ6+Vci22dEbiQ6Hjjo8JZm0noyIq87ry7cDM/QvhlWU6IrQt034Y2ClR8uc6RCKx5znE5OYTMIJwBO5LxqYdzreRRlHowZonhzyS1s+eQAcBLqJPTtkxOFMxmVhsqo9t5mnjxuCF9TbG/J7OxXJmSwYiSwPcC4WE3Fd9umTBxEEwtYekI1jMLAFusHkwW3SWWfcefjAH03SjrIPG5mL1ouUle5tZsXqtS1GSp5D2WDr3V7Y16RE/mFhbOn/eBHgCrylth0mbP+LhUEqHY3BYJmb9CZZx7bo0sgCKXZ79bNTndLTDU8UU6dQDhq1KtEY+4ibJXz3AjVZE33HEbOH9x6qlddYZHQ5nBX9osPv/vx/5DDi0BpSlvAb8JIX9MoaHln0ArZPo6aJV7+HIA2hSOSTivNh85uMqNApDZndEcVYY27OKaQGyFQ32Uh3q1NgOUUj7xqcyUFSI8NoKNrnskKO9gMnqdYYE19V9H29X9Oapynnt4aphiPbORjaKHnZtVOzDCsiFfUg8IANAD0JuQQrh7HTQoek4b2No5NmBOruwMtBfvAcLpqcFs71KzkjGc1L3v/8c9eZW01sUG858ZeuAyKBazOerpjnL+GAsfUoMOZ6KnWGTQmt/dqferiraxKWCvOH6JtR5iBuCfbdUJc4BmRIwvvZEhON9trEo2vE5pSWFjNm8wBtMfps3jXTkrSLoX3BiiearWllW8llJtAsf64SDuJjgNi0EZg2QamGIuL2QhJvpQlqAu56q+lWtTJ9NzXqHhJdXLMxm/qev+Tkk2iK9XCOInQzNsjNO2VNcW1L9G7oTE5CKo+5nEheZha3pHFaSMHJoIJwecY3+WzWmyfKUWuQ7t6Tfd2b+PpVEcyJb970iyaKasd64/m592SnoGcy3nz3m6VU3NF5S1v50I/WNC8EkGvKlu5E9JQJkhtM9fbh6r2ZJas1vTVIHFKLswUE22423dJpl9ibDKYiH9WFfnj/MxKeFflDoWuiR1tYWjB2dkjIIeQgnjGb14dZRd6zyDxVZmaEQGjTMM+JBAqR0TaNNNh3hpP4kmhapPfwy934LtcqqzuQ1op5ITptT950MOJ2dBSOjoz/uLVUqYAJqsYGexCapazpK462KtIGgXBd0Pj5Ylr/KDwyqQfOEjmCFcWBGHUt6zDS+8jt02WBObe3tosy66KPI6BxoZ8MNBInLdsdRJY8W4Ng5Aac6iGPsh0KRxSYoYmFTMIhRThwoK1XqH7e8j4BL7brXOJ4gQAvzvhuFKk2idCF4dRm3wVxisYuI3bdpphvG5DrBKGFuz/thGXIV1LjExjq9P+U/DE/ZiGPFIK1roBzRfCOjIuTw6/kxk+qyPOzEjYn+pIEF8gJTAy/0SgosbUfdJJswKlwHO0Oz65SvEPZBp7dNjKhet5WHCOyh+5UoeXKXtHKhQTk4Ecg4gqrZ+UctAxyKAFGiEXDg5icXHnJoXytTVWuR7LXvc1vg4ELsontbaAmEqri/tS33xYZj9JGz5gPtn2kIOwDu5ci2/biUvjU0HZVhyCB2c/w/u8tcvtt0zb0jjlg29pQtKS+EG5nRfFSeCKqHtvl0CNhaAb0gKFl37PRT4BX+4QB9tSP9GmyCeeakxLFTL5owp7ytYbHPLLQXmwpI5LuNCWpjwusKm0Mc6kxDQ/zoThM5EiPQ0fyhWFSkBwPz7zspq3eKbmTUItL5dk1sBQ2z3vzqkeY673XhEz7jLPXSrLgzIQxxaFjKDnArBHy21SuUbSv669aDBoMbCvZKkujcINY0LuP3rLXh26mN96ku6H98c4ZIiuM66YEkbRCYVpBPgt1KRD08yTu2XOWuC+N416gKU8cyRPLqzxhUtUuomAYjhf+OY3/81eirIm2CojTFr1lqXUyS5ZImNjMo72KYyz2fEX2/jBlZlOfYNdXmqVljyGzdacP7/uiu3D34qnGdLMYjTiqZDb09U0mmR1KmKpp0/mbIjetCWHlbmHsNjWWNPTKDfwdAqi0bxBMgoemzTDN46o4HbnOmE0UyQbvpCerXoUHGB+QZhLuj/NVzAXLLZ5d32xhT4KsExFlzuaE5BSWZgpW+FwKb0uBDR4sUPVugmUJz7f9meUmmse78aC6ykQh/asMS57l5bmYhYSlqdlNZkTHr+nplZGXGwVAemRDeKid2THl1dye6HkoMNXQnhFJSIn7Ije8LaASKNYk9MXS0XEgG2MqHjuj8IR4TnLNtKKeXC7w59gom85KwjXv4h7Tqx5tTgwdTr5kW7nbW2uPbk5tec8l2V6hTuytDJRFnDQwnYpEluP2g435VuZIgnxq/oo1DE0+z2WmFfnT/OibTz1cbYW7KPYF3X0FT+BmEg818c9DfSxrt+LOcsNLSNekJzswtIRHNGria7xOKmKNdz1hBETr8K9n7CiLSrge10lCIqXZmujFYhyzUMgnWwV86SJOGgdj+5oqw3ZIUM7yyhVVBcM2uHTEFblochWMUbRHYrsryNTYHRNKzhcybCa5vTOJCH+YV+UdmGTm5bSFn+HWG4m6yeiYeouk2niSkP8mSh5PMBntJ5B/z/DrkCmcTnp1HEwK1gwdHIoBh+b+7R6ZUuTeQVqFeRg5CU7MAM+maCuMjpNZxLsErJQYemwyQ48Fdqx6/xbPYzysI1Axam/xzVXtOaMV1PaGd/J0dnZWP0QhS/V+9WSmzruzkgDUoRqGGTGBM2Bx4M6lSoRaYh/nMUrjXSQWu4RMrQ+dLSCDkoXrFid57MzGOdKJiTwMgMSSR540yaelOesD4T1NtFZ/G47jnK5JeAkBcFil3XjFMnJJ1gctx7xGqOMz5ob2ZZvp7EwG4oJdUI+nT655IY3I0bnkKjDAc61F1mJ+eEgBHM/tzGLmzTrZMNQsAMCrPWzR+FjJDJqg2flCGHPUMrCSUGAgZ6ELZKUToLB8iBJpg+CE2p+kai/agRjYC8VTe4hI2kYsuglO3znyAVjp4wrnuCyQ+JuSTMzlwrHPN3KOnXQZF40x80V7s8tocW0uo8TnGuPYop219eY+D/x2wZOb88jCKhHamKp8fd9ozGYeP6cqJeML3PAttIzaYR8RnNvIqjQr+/z+ux++e/s9gO4r4mM9xkC100Z9tU1l4ExOFE3zYIrfhZ/S13PE5nMPSMKbyhQ5Pg5QE4Lk8ogZj5E8RUMGZpOCGC31pOnSnKaq6m9c2I3fKWnbuKbFrV067E/6XmgStwmQwrM0j+SjB7f1RfFiQRMLq5vVJKKt3SDZGahGVuOrS9yUJq7VpTG2ugZ7ZU8m8ursSrSbLNOd15oOimnS+dCTNLlXfJoSpsnkuLmd+SKzE+DZ5HiZVwhYkjnzBP6QhG23f3mUNYGTRnh4ubMJpevVrktO7FJxFnVFOwFu+dJ99Cp4zWZEpoUrqhbmlDYN7AJ6W/uVNX3Lnna7IJnH9Pw65vr9ZkPmQ/m8xb98lWbgM2NWm/Wy7A55OKOyLJg91J5ZvO558DQ7GXl+GKIlz1xTiHpOxOMpW96L4gZOk6CcDg/w/JmC8k5aNo1lGuMgyB1ittZXpmbjZXTRSXJcWSKMppM3vayIQ4prJYKutaQ7TpalBdqXUgC2Ytfdez1WzgrLdyWqznlzjjD0xdc/n4i+CShtWRo4l8ffmB5JHH5wx0LOqXMYyiWWBc5ucBRXgS64i7fJohTpXs+AtTLXc9XfJzDeor8uJbubeL4uWXC2GBnyYikVOS+yPvNTVQwjPPWrAAAgAElEQVTe2t4SjKlDxMM6AeBSVkA0BRD1cikPOwfclmx+5GuBm7fk0HTOZ/k/ZkbyZfpT+6rL7r7o6mo0lIWzj2GAhVoZtb8oK5AuSNuWCAoq16WAZ9Mj9TfqZXZvD1QVeiD8FMNDjZzG0X91OVbPvDa4o9jKEjHAPd7SZvlV0cDg7jXJj1zeqvCOVKgeOcm9aP6jnhEc3sNCD+GRLKPs+/dhz2eG7fDB2sFJTnVnWmMfbTIeZce397XObC1rotRS9oaBsVNxIgJUBO3PQbinnoU6lHHge9AEGDUh/eXkCxu3VuR0lyfnDhzCEL0zIgztr6TSHZZvcfaDQDt1WwiqH62WkCgQoo6+HiEB220kG/uELH5fLEIfrCnwPt7oJMQd9tnOZsMEmn7AfoRf6JcpgztVWuSsPpumYyUPG0kBZTtdvUFf3+QhND4zAY3maYN6n45i8D5AV1AsHOb2eCpyhNLOE45YphQkEgl5vDHeCZ09Z1WFqz/J5FBJiLzglbgvvzvMy5c8eNjjhRUQHwvgjqK47cR3FPGJkktl3JGt5UzR+aDSJOcCcYj+cjPqDqlb+aICWv8vyH0O6Jl7vGPDmkwCKF2vQNKOyfiyoSFT2RhWU8HR6g8p8Tpzdih+i6oBDPdazXFRs9rRc1IySi9k+WDR4ZXsnaMINLnhoptcJU6jYnmVtuBxT/kzGfhK8yiuKorkD+L2kK6dSJyqZJntEfewryGNYm3pVpy++uGH3373tiWN6WvBieSkpG0W8yIxGrbRYuUJ3g15UVY7SwyO9DqhC220Eb84bRlgNIrAeGI2yyLT7zRzUoIbmRsCG9/iboyJ1kDECAIj6M3g1PxGZsZHE28Gr6kFfZA3uNLTX9x6DdJnhiGHb8Nl+vcS1AtomRXxsxlENS3ICGNdBwWWDtIr5pjstT6zP9oTuolsP+vb8qEZzKwb2DR/3LywhZ+PH951K5hvCNnSUajnkymLBZBCknCjrzWwLG9e6Oqei9QJACAaFHpGg4IkyeLOOgqLvri5TaUWAMO/LUjNZboeyYHccYAvYSV0hpe8L5MGs7pMZTla5mQqafjbzR0ZbH62ufS3kVKaX9wwkEfkwGY2LW75emf+Mi/qu7IlOaHE2Nqz4LiLkufQFixzZDAXX2EsDMmjVybs5KF5Khgm/Qj6KLwmSdyin4+/HVO4fY+gmMoEWdm7B3ckYao7Bolj3KaZDjPguU6jynxzSvfFag5CgogDeIOpb2tKWxMs0PknCBEGufEti5Z0KfnFFLtfFoT0bg/l1Q7C86Gl2g9ubQTDfxpXU1Fu6ysMyeMz2jvrycX5txMAJjVrrKrsKTlDllUuT8uM7PNbzPhC7t4O3o7YiYEJZd6frzjLJLvAJHGwTKMTvlDxlGl5VhSMnJwrwJGsRR7gGLOsPYKWpbmGDXwltXZfpon79TqoaJMPwK/BUkgEIetNwaMpwUMqb6a3j2dMgyBJVK0qwsTuvzeFKIlj2ipoRQz0dMUtcHBHkkAzd3nHGAHqPeR9YEAlHwk5qdVODlOWTKR3QEusJuZT3v7BZDrtZt8kdiiolUid9odPys7KOWEq6MZQfbkZqKkgtYSYn8CdWQvChBF3jTdW1Xmk9+JGU3oJARSC50B3FFt/PCsAwBMj3tMx5qxcOpzkBMEaPLJ3UBpNDk2KMmDmVjwBd9I+reQ2pywZoqgJnM8pM2YQl3v2xRbxmnzq+oCi4KxIK6AVqXuMnZzZkswDER0doT4i75IPwpkcXe3nEQD0TB4xdQhXSCGeEAmykHDa9FAV3zSiubpzxzFXRxb81I6fjoxDnUQxORSVT8iX93MykPiiJ+PcLFyEJuNMJKNqST6XTWGMizjuE9EnGd402uVJh3LgtheoCRnai7MGfGLpXCSoVhSKjh+nDB47aASsphvQUDFxIE6gI2xabSJOYmzniWrb9mYnEglX7SGHcaWZGx6d6o4Jje0aGxL/5zT1w7SyhQRo7Bw3HxKyIyYybAsUDCYpC7TNc0r1Qf6j1VMcDFvkGpHKdM9FlLa7Hm9ZSy+b2RSdairXe1a4nguaEUvkyYGOybEe8YPWuAVcZJgNAiO66MwAzYm/Byl9P/zwu5B12NVf38OnK09JUhIFddKeXeYbdTfC++aLwQWywUoOwWJQrMhY0Pi9uDelu+O5w31g0sA9VayeB9Yr73eEE5EYBojGKLKaGZXcXkcadLo2rLdwkaNbRnIbnJbMCcbFV9/4Mt56v92/lR2GT2Pqxvfp6ZjwJgegmCRoj3NeQnpxAZeUApsDB4iGBsl+o68rlfuyEd0TlwoP70XSPEfIhCJ7TJiUcWrvrR/e88ylx2JtsM+KutdUp8z8j3LmH7sh3GRSj7xuwDlGX8WXhozKU77KZI/adLyJw2Kh1kQiriY78+werdg11sZ5/gd7uooI7zfJ6wbKj5t/uGPvtckWtbHf9duom2HExeZfOaGFQTeS0lm0zT4rEBVdPM8mp0lbM9vmKVwKUg65J10476aMzaoFcYY3OeOBzRe7xU3Eq7O6x5ZmpQV6japxpW9+MXC0vaw1RxOWLbm5ptl9ri2P9rPXFh2zLlSlH0/lblJ1j0taV7Ka8jWBk2BleZFz86LbM4Xd1x4FXf9aJNcKahEeOun75i0luiiszfTNiR8+vu9bjYg1WePk6+bevH7Lz5K1q8VuJminBpi53Sn4/sMH7kpS2Ttn3a2TebeykqTEEsssvodmRsOMymYI/+w0oPXF7P7gJ58LU7PkoHBjWrMtVy6ZBY52iZptJWl5YwYaRRbfTbB9hLQ8WK9mBtl+AbAWj6MxLAWa07qXVTlp8Gx7ivhAsmVSk+N9CaKZPQiVJlSarIEv+EaZolN8JxzUtt7Tj3yeSZGd4TiKo9eMeiVC3uX2OPgLo7SN4Xlf3d6iqx3tJFdLWuOdfWpjXKtLUFIcDQihY95x1IOST4qs/sD/i9oZuWIYVZ2n0Sjg9gL7mBNvzuowKvcMMJNyQtFCM4mL2MaisxPFAMbOL1zq+AGDi6T+J4zJFGXWVEIxTdS0affpLXnP/vbJjzhgUxE7km5KpaP6O0ugGeBKH3lTqaAYpIb01RPYERgBUbTQVfxYorh8DIXcJqBto0zkmy6K1/J6gJdF1EMQOcGkJXpalVJhk6uH8GGA2+uwYdlRnXL9bRGKpYIlC+EKdNgnZiZIitCObWgTkpuzMF66QaI7iu31oTAD2baq6vCrWeFTTvHQVdpr1RHOAkPqSabg3CXYOUa7BImeLz6IGKDz8WknlazuNsuIP2GZ2l2BS4ZAncsGVmy466RP85xB2eFP+GRFgWMf0/TFKkbN7iQlDR9XXj3JAysNLm7kErQ02vSf6Bm9fLafAJC+vG6KDa1ybh7oPx6Q8AKO6tteQAxULA/QVZZowSD4pdOUCwnhkm1Jn6ioSp6TxT5Uj084a6NaRXUAHaCMFHVYG5rWSyLrr9IzfUhuxCVKCqpOt0R6BsOO4uCJ9QYSkQahRz8NsL406CvofQlLaL/C/N1viLDOJI94NsMD2TpBCwUD1REVsJvoFG9KZqPigD1sI1/vwcDcRpBAuJoZ2sDvMYgQ1sINThxndtDgbSDSta8V0jFrSsjw749E/Z1XSKznwNg6XI6qSRqHdB2/dHNV7cJ6WzYyP2kwt7fby7bkU5Fx3iTDlC3PJ8yc71IJ+u4w2+bphFAwpxu4Zgg/06snWNZ2STRN0WSw3hvWnGOcPm+JVUOppGo6YPWwfsp8sauBbguLKwAcGX1MQq7Xxr1ortz3tiSkucPGiHmrSY9rsmZvZ2owW66LktHJhcdUJouSlwU12a57FoymczQ06xKdil0nVURajyq3Tlm4EzPnWZ4L2Xqcykw6OwtIq+pRGS6ENcPmmW5hTNQKDDanopJLD9O+MO2yex5IclX+acuBBVdWTJUkmK4MF3f+velvQtBjOCvSLpREWHrsU652usKuXBfiU+QLpe3NpAqX0Wq3n79mC2bPQ7vNgNL0B0Z/2UwnsXk4sZsamfKWQ4JMa/xFofOTBHQVuDl3joZWx9IyXkt6mgYncEivOJtClwxSJQdUUnkGT7KvJYLNGZfsaL94XRZZWpZiM4adXc/9+J5fYM633VsZlm6D7D5I150jWJ+SA/Qw14OUGhpTtc5WwmLuWm+hB+HlbhJoywFmLXmqa/sLCvDcljmSKmqjDIMe9xNncVhj7ht43K+ZOJ0HVmZKDjZkWGIqAb29HXS8XvehF1mIqcA70zvos3dvlcbINsdyXkm7V0QVKoKQy02UU7o8GKX2E92QZV090jYunSqK5yz4iCRzn+thFxBQyCX9nDymCSObIXdwuuAZA29So7MfPum4ZBOhKpY0W0M+6Zv2zJ7B294yHWjmc+H5YUiTESMpes5BLIhH9CiEAdVjuyAxhGH70Lu04195sqJd9Yyc8JPsOLIFLZlsZq9wFHAByEjJF46Z3Al+jWRN8tqWqWxjlKYRuyFu8rAEyhI9Xx4YDS6pszjhwzzT0xtd5RGiFnfsyttW6uCxgQHBWm3ycgN0EYK0bEDbcdJsvBP5Bq1IXyDgqrRD7zgxjKljrx3v7TBdbd6a6MM4wuMK1xM0NuMTuT57Makyip4SODZsZOkZXpVh5NA8IvuInmHticIT9bOP4GooGp1ddkufRw0cvQBQk4gOuExxzUfB6kfzyCuaxX6M6/QItCEc64y4bkQ/KkZn24k7kUCkkOX4FJ6lD2iy9D3h4J6VLiLP3gOGiEc5IvtYFK18h88ekSmLI8RDtVrFF7Qd8oPhgUO29VFzPnmKyeCxSR2h8WmlvZXFKmYcTzIBs5RFzGVKRzphLOhPDank5i6hIfPxmSM4elv7Xf3ExUf7VWlT33z/w2+IqCShmim+dhqjaGpsMRzfb420BlMhGehiM+j2twaoZv1FR1EYLXZdr6mh0Zq49DZGQmXqFl+zokYaY4jIhaIJCrui7DDRhOg4xq9ctKpIUo2M8QZLsHsUw2JH5YmbgeZeIN0r0mQKFmZKajKVLThwrXZUCeWk1IaPKN85s/bn/q3Gmt2OSUK+AaF/r8d5gU1VIurAOLBZgdim0nW7hs6vPGLw/oOJ0SLE6oynlnOStw4kQ1oH7ekQ64+SNPtNmvLY48+i5EtV+M8XDSJA5bGdFC4EgFXCvWoQVI5qK3lVV56NxSVwTQn0JIPPqXtcd5lQJLoQyRtG+dPT0zWB03bdrLgHHOYELi64xSP/tMvLC1f7gckTpcjiFXcxNp+wJCbtMsn3IKaAFzOM/wGDCvmCNoBmJlUtBkLR/sxxrTk06y/d+ZdXH5jEsZwojz1lLG3pc2+cfKruBHVKEJkE7C8PtYDoGvUGqE2BZL5hottFfrFYeIaYhuZrOknIjJ6zttrKxT3P/W2XnjvH6ykNv3+cyCVPJobi4+cP/c5ONzUuJuEgv0xoJ2eYjN0Cf5I3dQaMA0xeOyPI63Ofew0KQPt5oPOAvu4w7/cY9R8bYXJfe+CmMWIeySklkGMxcwuoFdbgl4k5kAuCH9zXmxA7YmJe7fOCxNt5TAex72DvsBGBB5xghDL/FPvc8Ob1q7dvfrhIKM6EWaFpbyenVesUiYv5ELvA3eeOORQrX2loYz0CUHoRsmp6QcgrEUR+o1ZYtisfQzE7qiWNv8c8Ofa56vIhkUxTNum9eykIIo0riLhPeY69Dds0hnv+OB2paitYoajkEUoMohctpKFUQMiNy/mLkpfX44/DcqYeAR+fHgIo9P8y9KSHmLNJPoNB0UnmNC3EUYRIRz4C5TNwHw/ZYsaqaZtfsfun/VTURNur0eWj9HF/kpYhNPO3D1gwSA60pAJnFKuHzg990nSl7ePOxaUeuYOABGhpWz6xPhFTPo0Shsz+fFSmt3y2qnhqAiqkka5FaySXP8P6ovCcSft0RTHpkwOeYsk3eX36u80s6pHax1rAgZ35lxKrj+EhfU4LMnmUmXijVxSTNeGqdjQ7xsyloHD19EeTVVv/SEUekKkLHyQ5KUnnKaI44ZH/mHm4DsRqmJ28Nq3nlLyA9ym1nrwTh2EM/UqnfU6m66Fl/1MWdfaHZ97kwdg6UDh4DqckXrr6B+SkqaD7j0cI9upNTbLEgpD5OdXMV9PW5yJFpePAjNmxbU3cUJmAZSOhxx/hiLPk+jaM9ZwRQkNDApDb+twOnYl10Ath0RtBCRm2fo/V1ayKLk4R9ncyAYwzrWM+HddyFFWoupc3Q4iYFQZVLX/sfiBZVX3A+mCh2YbwtmHxqtwOot7FIlWKpoIl8TW+s7y0crnKMHKgtvziqhmDM80yjm9LGSbDUvvWVwyIj9MpSmb/xoqSud11u3FpBBtBKwVj+kQn6o7DAbWRSf/Tpl/YvKH6KSXRK2aTD77tr9pE4KgoQqNjPwzQ9kBZbPT7HGLuNwMbOjW3SeabSSpkVbcLy1pIn5Gkrvnhh18+tDhzxEzYZEWLDJWThMRbFNy9Zc1lNkE3Oezx4ZA1Q2xxN/XmLZFB3w2OTSXcHAYK24W0PdMaUxE1zV1UCZt9yhj72Zw1aJkzwF287jnf/HoLVOaFrm5mT5OyVPVmDbKSdPBTWRWkz79+TGMI3ebWfXZmS792CXWQ42m7iOah9DLkhmN15YNJuTlHk9FKCjt9YYg6zrE07VyuFtZmHrvs0Qypr47c9CXKde2znCmJLD8zN9u9JS4nlkh0hL/bEqKQxFzo4nh0oiWtl24SJbsC1kw07QVr7uXJopOUJU9qPIDyTc86d4m5b8csVClyn57ULdbFQPwZ1j8jQzddv7x6/V3uSrWruB/7GRVtaoFKWeyyIeTc+IS6ci7OA0UB1qiT6wSDYzMi4qo7R7oZZ997eM/TpLtkm/cjjAh5D0z17pnocnquCSmvzfOBbC8lfWbm9Cwc6crECnNYqd7y6E51mm0rkYdpk9xMJSzRPUJjphtrRSl9qjSxuVaYsn9pFBcAAyE+Wuva4nindnVkTH4kq5p5gxD3Vd4nGbGsfV+jTB6LI+qf3vQ7ejq5jCD0GQ6GeL4dRXTpg5zW3sdYMJRf96kt05jM4elgc5ooHzZOuZYajawT8Bnig8GkRTxH4qsATBpqog6i2J+3yCYgb9Ox7TAkQc+FoNdl+QU5ovywYlfscr6S3iPXJfEYvVDw8JQlLhVCWq3qxRplRZy8b2XqU3l5FnFnU3pkINlEIGEZ2r7NueKqN0DhPM9HUqI6EU1cj7VZBZiHj9iEETbyCuexzWG5qcIDjSDppx2sTNNh2Jhb3X3m2nb4gPipyF/tGosrGBqn6WwGm+6Z1G4azX1RrY7f2omEhFTEnRTqVkzko/dx8dB4UzwZbNhRH165iyBNpc9IR3hYYB7ICgFc7ZKYLEZNaPD4ZfLnu9Vwr3IBiZ2PkdC23JkikMbJiMgm8T4QzQrMJ/uwTN4oe5ts6M4DDCIQAp6Xm3qfh6xEHYVju8MzhPMizpVCvvTuiN3sb2+vo/C+vuWR/LSQQSfkoX2RN0dotfNVR6d91cnW5V58dmtO7CHhUzf+sJ1c7gnVnCDl0i+HIdlINV/HogMvcbOwU8XHIganhyfil6xtDkhT1Y7AcnQ6kEbTy6hdI0iBruVx2k7HYL/I9xlHOKMP1SFV2RHs2d1o0s1Ab7//jroYuRdAqypdGqshG9fCe/OG5n4yfIT5KsxaQZOATRp2axj5tbck6ATaiSaDDmXmp24I+KJD5G75d8fbkxkHXlV1STYDSOaocx9V87vMbVopnVpda2hXUffiq/Js82sqIJnn8xccNoNou3mgRUfOmauhbdm0tRMB4hAycnbDrm6rqZcJ3c31FpJ6Ktq8Lj6D5LphW3FOh1u+pivnLXphXpzZHmPwmnZ0AKcKE9kmFmHuRVmXvPuCleYxVqToWdJcllQTq5vqEhslniCt54dBWq1Wn+xqd1O2RCYiVfkh85qrBjBHz3xBUFgmJMsyGyQ9TDG3hxCg5LBJ/2i29PrVd3MBKDGZiCbiAlAu9TVGzWuDZBG0ewHzWMC6pu7ZapOnvC6XqvHod5jNePeM78ctM6+9NA/qIQyXiUOVjclYY0XfDCkLmDqfUv7kgx6auy4DQ5lp/aCLJ7A9IPKh37srwFH3JLZ7DxLGM82EKxToObGSUqer4QRFSqdu0/eZz+Np382gpcrrQEBj3iwtSy7X+qWWLq+Ad3XV9zkmqjLfst7PKmrPpWQh/Oinun3PNqXZmIeTk/+tGqY29yc2C/ryxLd9l1B32c6ESF71fTqf+oU909buGc3nvoezNit5vv7WE+6dPpgcC5OrzBfXcjvlmi2VdgMTvrqxbKXRYzFeRSs0JYd2IBdFQ0m4KpPK2DqxGbUSice2JPZf2tCeK/1CNPMp0pXMtVTrYTKBe5IbW1QpwZ/TvC/3hnAC1lBXjzPEl3lXQoCQ9QJsuwCnlL0VbUaSNcNylBfhrGfGvO6DMgdD5Cg9c5eKgUCUKmR0AeNAFsl+KnBlVfoJjL0CeNFEvvNCLk9CUuB2gtEO2sGdGHJnLEF0dVzKalrk7jUo03CkUhpQmRjJY0glMwswAzQQxI1G/tEE/xhm5njHXt1ATn8li9PjA3XTHr5t7qpAnbTcOgQnDmX/kc87A+iykuKIe9fnzSXbD8xmh8w9ixPLCh6poSaMO6/1sfj88URVkyDmsm57gYr3iRcROyJ6ml/4+We9b15xhskxpUgi2tGGqASY0L4F4zboK0WkTz22EWHIQixhhuFh6WMMox3U1S0nCJoCLkEY3N6EX69Yx1mHn19A08yRrC/PqBTM/fMAOY76bDgkypuOob8Hp/go8so49IS0tcdI+h3elmvlqorVP8jGkYi2ym2n24decrlmKNp+H16ipuQRf96Z5Okd7gRvSDwy2tr7U6lZpr+xiepxgsFlwpwPN5QgEIw/4pupUYSkXUFO+F6Vzejc8QLO1Ie8cjRCccmByOsxTYSA6l0iRFGxrm0EugKstY0557w3jwC2yNW7hk1Mbntyjuu+OKk6wgeRHZRNZpolQCCMXgOic12xN3MFdhivts2piupoiW/P5KC65HewgWWX3VoZcGE4FCHUs9dvJeiXZiqzspqmGpLnYDY6mKa41mbWxX/V1ZKaMzSXGIo8kQxJmNBunW/F4utvmzKSMKcBxlOLQrjXV/JpcyBej7W2V4UlTq4PIMmxb6rXrjlN5jag9q3VvnC68GWZcSUdEewCZhbVzl38ColpCjn6lrWAqEQUElbq4vSV5seWaba8OgKtgfOkRePo7sevQvDc8qWixzLmIK5Mxr7/Bo4syD6lMZDxKBU9TqKyctOjfseEa8mprguRMsrikNWbYOueFkQReWXtKuSt4mRiy7RaRIlI1bqwUG5qmGxJ+KyPRtnEJhAx9bxFU7E3pUG8Y19+ytJSpaUiM+yIA9dnvi8WuqceBGnqEMg8EOgUeni3ZdSmNy2egdDl0qyytDhlXO9LBzmixbNEtRLI/HnERyxhWheVlfZLsLz7ktHCGjHp2mcwTmsqywQT4q+/6aptkJvZagwSFmboUl6BFiOQF+gOmkibr6sTwxCn5W3PVUi/faWOL58utV59/KVZ2fsQxNvMeIXf/vo8owO9C9jLOGqD4kdlWkNx7qOpNWkD2M2CnSOVte27WGzu1XpqkHLnp+7qM+ucaUlY5uSXb0qKbrPdU1LRpZw5Mw3izAu7JGGe2XmW1ka1ArfnGgfgu/yMzgmUqXmnBXHG3sw7DEtnT8aYDmpMlZ0fNefE8en1JrJekHpH5N31DyHZiVb+b87oOzLJ0qWPpDeeDthiKOID37td1QDNjNIpeStWDSd1ciCqpY4SFZXkhZV7j40k/uEbEZ+gDtUSP4kRjXyNUHew2r1P3R3GMDMZX/aiWkbjVjcwp+UwkK7wqR1DPHQG/08NJTE6T9khv+4k2KzpSKiPnAGREDWxU+GgOCmqggaOhcdRVRM5tjV3QYSprfYxbu9mPBxGusf8Z140L7LIq4Ph4NvLkuoonCz6q58HegeAdgYAH4iF42hXwDrqB7rdX/pt9T5kKevO5OZ/PSxyppV460BxbS6ws5EIkSsbfLomnyNUwMEPrB+KGghYeVinsHRVUGMvX8dhhH6Rsq5igib27GU5KUaQhSkxIGBP31SJQ6YciNWO9DREfP3YuKTkCOUzkRFdkDoAhEPROJxDr4mtBqyjii1tHDCPJcaQSVg9QBVxR5ugfCFajNg2W6J7pCIhC7miO6JmjlxkBg/feElO7Dgq6cirvzxxfucUperaxhe6ASD4GIp9Qs4VATzf4VKNjF9EDT0rvfvEFgQlauY+jrM7qpWFJWYumi+UPdWEnMWE4+jQLjjSYpJOdMcgtInagHWoTim2POnteefX9JXHgy1rIVOEvnYQDwAdGf5XWoYlqLiNLt91ZEAkvY47llopjG0jRff42DB/3q6IT2KNMmZxr4x2W1IfutIB3UbzmoFFrI2TFgG8Okdq4aOf+vBF1nnk86e+fMNTtO3pUICHLGzlDFF7mSPAbNhPTrb68+NyLTb1XS05sImIGxNHljNMJMB75p9WF5KhN0wwUbrJPnbcsOIyZzI5MlFbVjkogx2+HtaIJb9y7Pkg4gX1WmDFgA9Yfg18lAnLI5TcVzcLVTTzLJdrrvnd5ZFs0aPWBzfObeFKbHlZbOfvlgtQJ82Q39hn9AtR6zeV6uCaG4wne7U5Uzoe23AuYhPTp3iWJc2zrNm0cBfIPfbRQD1DQtjs2biazGZjfQtKK44ZR2MzGKjyQ1KyMfSjdI218gTHYzrC1S3rjALyotIteqZ1HoaIu60s7MzHJJgQomb05mfWecOaz03crSO1gQ5jNkiGnLv5wd3jpza9Ic7v5dTBMwcKreTk0JvIalcysNVKXE+tLNBTWU3gJYMRZ/hooZpFFQcytFRkckpQRpEUrbJcyrFRpXQzFM0AACAASURBVAiZx95biTMbi0o+hJs9xe0z/1zfH2fI6e5USRj9FHK52WJeaCyJGgpyXRkiLTpp8ZU3+fVjRaWE6Gs4eCvNbULHByX2N+/7ZZ1WARJ9M8LMdMopvvwJf5/l1PMDyjUKli/3kpBInuhrLD0I1XcJ1dY8nrwv/05+cguHhJ8bEPfEdlIzdE4vq5PcMqfJbJJ4oZ7ikR95juK/gQ9OAktO7TQ1y9mUm6Bo25EGW59XfVza2uvvv/clRJFuJfvikiDGxYCnXX6zKyy2p2oO6HASg6CtZcr8LD2UE32bklz3yNL7VeVoGabtjEXpeBj1aAYh4wAZMDt3pHxzp8U68clD3Oepqpoxj5bJA3GLW6MFqgLNKLSRrqNOetHoXXRYohupRsuV1dWCfcbUJwT9UF/DKO8qWGLZm9+uxQAH+4v1QrZDGcjvyZ6wRzoxgX2kD3/k+1uQqgrRCWyPGQ8xGu4a4nbaU4B8QWLNVBkg5iWHcyyayYkr/SffuDrxGcrpXBVbjZd5zAAr+F103idGG2HtOiXsD3ppS1T/AeKQHXRIrNKl6XACrn4BsU9aFLPBjkMgFqs8cJTKpzpW7mt74NzODFvxl6qnviBA0b/q4G6KmBXVI6mUFaMGCnYh3L5qrogIlF6Cv4KVKUzSOoXR3Jusm+yCx5vJm4LpWtOIK2nR1JJ1zWvGD4ilQFW95rvbjf4EHaZwkUHPA5HqQJXHTLzq9inCWBGCM0HhaBQSuH+mtbcyAoBSc0R9yumFKl+uptpTgG+UfEVXBVGMaCwKXgSNdiQPsEMJ+SzuA9LbUkUc9rXlefzUZ/71BmVennrJ2XxN+IsAKTxli4mJh/5WNvD3iB3oF0q2wQ+GtYH+nCc6+6eQwPLoGtpSCsxLBnHU2Ku/ENS9QMFjbXy3LZH44+rDGNp0IfM2wWicbMrw0Vf01ek332hoNbq2zGAMW+710V3s+yrj4WHFFPTZYNL8Yl5M3c2frENooY0/YpFWAwkrrWz6aJOBAWuxqQNFxvZAhhh9/mNYZ8YswZSO5WqesW7UgDk3WBqc8MMQVpdBkxJPAhA+/oZkAeuY+STbSO14PKYmTRI6oo47r0OP1e7sQQnToYlXg+laOKj7MjyxS8Imh/VEoLNYH9J+drbPgXE9c/ZkbMZQuWnByjPgMmxW7EY6+SUk8YfTlU0N2UQzYXMnq7s4m1ebrvDAbGXkuELS8M/SzGpN94NHW7pDLLhVQCVp3Jlnl1fMe/IwAtO+tp0HVeSx1vJvmvqN4CZB+zqY0J4PY2jq4eJrj4x4CsLPEqamTJKBckEtdyQ9eR7vaOJZlspqGdTi2xxTlZYiR849UaPSWiL15TjBbd80Je1NVJpbh6yize6lUxVERH8nHbWp04HH9CdpFRTHypf/jeRS9LSf/xJh1r55QVd9+dEEugbTcmBiNJkgB+fjp/fVBXOxydjE+uqcKDAJSGnmirB2yAsRumMyK5ie19dY+vkT8uaTPMXgVb32vTnpJNkpVjXMCf83nTPkqIwtgwtR7LXnPNhq4uYBohxBlJBwvJbSe+xVccs3rYrOv6HYFfolbhNr8qMAE3GwnZcAzLUx5na7eSGzcklUTT1BA4iRYnVKaZp+/WvlXxrF6gFCkISRMeZKVnyAdSwd9m88W2PtgBbscvrUVUVQB2hP7MOpoiruB6GDtdAktB/LEBPoUME2yipcs3lhJnew7DzknB3DiHXjAj0pmL8InIEPNFHDE4GZ41Ayb0LpnkMmI5oJH3SEGPdXuTMkfR8kUHALy3otbCRlRRWTUvE5CAEZJfmdViAcJo7Z3GOMFw79SSI0HWyjmEPncLJSdxoJTZQ5ML/pBPher4+3t/BkZwsjvfyypTMYy4qNjJs555AzUvms8SbXE6KZ9PdiG/QzKE29TB1DvJabInDTOGmOkgBp6bQe6aFQjixQkPJT/wxWgOG2FCGpmBSfLxuimbeC1VQUNBKU7S0nck6ybRMf/PmctCNcx1H7wvNCG+lknmVa8eGoIZw0itgcaPdHk34KtrjoSI4AYvLbkSZ83lF4DthJHyFjrn5KohohIlDnRcJP88ZphrKnwIrHYKtHT1sv0RuR4NxueEYpM874YWErr8fcXh4LBhnwQ3KwkIpQ8X7cTMbDGRPqtvF8Qf4UvkhbdQMCtmjjH7AhrsRwQobWNf1z+7JpwmdXMqaY5nb2gbFuPUqn2GdkYipb/anLOp6epYqteiagBtABU9ozi08BoW3DQumL4igJWE1vkygEeWYo5zZ7Gk6lL5vxDlcRrhmststL+2IRd0N97BdvA+7qppmiBgfYwmYeltO1Rk6221wGtCKBkNwYs+cG/rSYC7RexT/x7Vdlg2S9yvILeSqYFVOe0/LCdlb64M7D30db43Bakm9AzUdM1KeYNZgcGArLSyxbRDGJnJIMjiaVKSUyipaddivYoifhTX9MmluQS+5goN7kiYsrtcyaPJio5wQh3yXwUKWF5rDQH6OZhGt6wWsY3ZQ41dEZfTkqgD24UyXXNcngzGLgIiDhFmN81fZ73z6T4AruOnuXs6nLiKyhrb0SKXcazrO9xcu+986NfK/5aw8smyWw+k1yWsKM2p1hX9+vmDRN7J6/5ithCYI1tm4eSMLizSGFKPYgANZWgXkJXxaMMiasqV58zBEZEtpqhbIlpDex1UmFM0BWCE0oZeN1ejmMP81tmUZhEHq1JubmPzqrqSh2JpuZyYDWvH3jYdYp3Rasc2nepivNcsu8p/lfF3H7Okmp3lbGSnETH1OfDIxYrxUOxmlEZv8BoY6N/fnWawHxpTZdES7aYUZuNpUc2ro23cVVD2YltseJ+orEpTtv8THkrdP35U1NWd+CGNA9kZMo3uvJEvctlGIq81ulXXGW1Sh7Esg9vqGyKtyPRLcAnGfGlYAkv3//Ybb3nZFN+nNXU/Pn2edsYKDJXGDcusA/X/WrgFWkv01s82uZ2J/8KuXMnpcHO3MTpOb0ugnfu5R1q8vDPFt5MALtC+R1EnqcPDifSg//C5ixY/2BSjT8PNZVa1IKtbVkPv11zYx4fNHa/cI6LXMxQaTJM3tPzZSrqKookt42EpmzmN8n1l3JUTmyMH/Z5yYOETtpg8ZbW5AYSByDK6ipqsgv6R0Sh20TcnvK13S4VPnconBgJ00nf9S0rLeymJtkEOjr04ToKcpvBmhui/hg6jUODhm3vzkUppHydbR4ZIIYF+3H34g0gxFzy7kQ5ipUVlMpoEFKIFwIeWrW0H7m5D6WIqCx96Gr4BRP2BBUoInSQkewbnlgrN50vdqJ+tnrs230NPAD166jXdLpS65zyED2VqsbFwYGzJkdgJ7gs69dr8ROk/esSPssAWI1KkfQG3g2on2u7iwx+e2Y+Ps80fA0Ia744Z2PhCEqVs7QAZowmI+TGkWSB5aKbVQ/osp6bnDYv4gUQfRZGOtUHCojKSGUqeKKAeJ+6hKhh6+GKq5LksF5U6DNZILBsw8E4rwic3psZ2P56g8QwWjO2CTbBddWhdDwuCRtm+j6l7nmKbjmNudRl4T70BAIr0xlb7L3SoieUnhVqGqnsnnk0UQQfn6qB72B0eGklCmAnLbLKDWTkYIppx8OYjYYzLirjMBYMoDntHm3Xkg4lwxzF2QNxoQoV9WEYxyJ51absYOmkUVHdMIBsE2vIW+XgxDv8pmLjJUiaERqXriVD52HKUhn/mYPoIDQUN73qHlYtbroN8kMTE4YYjrmnRhiTEdP4PoatpKqwdLQ2ZumGT4PRLrm3E6YKvASZucbyWw8C+EMn1zISfKWnh0GsE4mWcHrum+mWauIgoLHdmk8BS89d2DLXcPcZGkeo9nEIlIS3YOPKzdeLBJXaVKvNTJzck75KgcN10biWWECc4Je8hhSFnDBhSsL5+TG7HaanFdp4OdKSJKQcdm5C37hEFi6Al3EVTVyx9yT0R9JFioRmSXi1GGoe78gx5Jd/SdAGCytue7MP2IWHstORcEkb8Rh6VU4mw4ZDGakWUVxIgJrKOhAA7/F5011U1BfnnUjDMi1NOiXo5xsTNu8R4ZwjQvQ3pvuFSpzUy7m9Gzh+DR4KKSSM60iTjX3jgjGSLjOXQezdCNIVnKDj7mfB9JoffNSwiSREl7dSrkEaN1LW8jdPAQAW+oB9eZp8wxNkvYYVqq13wQkt+JYROvXz30Jdpqbue2Qvfu5nS7c61m6h+Ond79vrZGK/nueRqQnwMQspm96xIXpguIycCaqyEagu+H1vWbp980/FKoclNoaWNKYvKt6UHL/Ywj/dayVbUdtGZ5ZzcHdycrY5PjMJjfyNlEsEXK0jqLTwi2LzqdYB6BbJjzKzSfFNMmE56Z22EVBQZ0PhyxVQgID1yzQCgqM7FN75VgQsMbnHd0eEZPmMPEC3K5gVpCjLuvar1FBNgYS5kanclnv/6ARgMxRJNN1TLEMZ9RJS7DtoeXAKSSlYrjXe2s85NOf2Oupo5SIh/JFik+FatqMqieRMnBiV7JCOkAYClmbtxjmFYFmvzeK191VUX4x0kYJQGBet1eU7e/tiKR4ew/D40kuHpBVSovCevkKO6HDH6SxZkZaRAFZwihITyWyrS4DP0+xb/4erfxhlIYww+oyalcpXyvBozaZVBLb/lbdN44oS2hB0cpWn9o+E5iSScQeWMMQcLb5NsLO5PceKuZCpF3Ym5G1CFFgmB37bTs1Ski7cXDA7FUF3Rl+R4w65XQqo2ZAgZ6S0QelTwC4M8peyQI6Afq9F+0Ucg5idPUX9RgTSf5YZ0+CXoRc6cJzpWYXFCUr4/SpnVNabtD7pKywzX0AkLq38/+kzkX2uAr2XkZVnj/y7UyF8Ngx3qg8j8QyqAkQ3dk3wmxD1RaOtsi8JgFhlekx4ijr9YVqFWPJXt4+UiW3O5FVrSStNddqEjDypdaQJDM/8H/ZVQslp/98Xuz3T0RMfJXDrtlP6tpJNHFMDXwX26dNnrQBH/zs57e5gMj5nfBqoR5KnycJheJeYp4SbUpZw6DluMohOjkR5NPRNSDIoGUTooluLvLh3c+qEtDHx91iaDXFpHD5l35fflFJvwHWHKTKOQd/0ho8Etk8QCTyFYVLrfJcCNLTeN0tR2Y6QWu07xPRV321it8jTm0rE6QlKWlM2QXZduyW3fdUg9HOXCs9U5eerGzMzj4ZdumS45IN2DWKfKv5S2rsEp3Yq023WXK649KDlMSVaXdw8Dq7jZOG6DY589jVx0PUZ1xVpgaV0xdra+ifYfWkNelpQAWumUQDPBFt5xEPajiJMt5zEixVtwfUeqhwNenhlzmB7VC6uzFKlsoAeZuJjvdsbBQp2cnAztGQmaZcc4jsogd4jukvXsBmSo9f9LzuLoly6HIpugC1X/RVtVT2tV+xCyMKAUmDC6zN0IjttMJ9eCZqTgisWJdgpn1NYPgNwPAUw74+mt0JC8DSObgWwJp5qL45Sioyu+BEmi7RtriWrsqHy9Vkrqk2Vk0XWAlmxpQY2RZv5DsbYW+biXLQGbhI6wDEsSVVOMjemuWuvCcq9ZvdLWRrR9kP5qQWbqc4H7oy3OTYyferb7oS3R0CHh4X1KgzLWR9XeIm1BVuMVtJqOcHtkYv0CZkmZlvS1fnq7NybtWA+uurdt7wnUX0FDVhbIm0+Z+bDfgnjeYHnAYOu8y1h9k7l6wfz/CIq01xnwyd3JZtLzWAT/3C1xSab9Dk3PY6imNlu6HNgqXv3P7q7//mX/27f/uvE9765XRpLAvEFEtdR1T3URAqbieawUKk9oZrYkQc1RN9ddQKcoDGlswsHtOEgQZk/x2XJxQg+CJrail6eYVknUwuzCxpxm7SR+GQuf5sBlCCn207p66S+WVFZj8xVIahGoIl64CVss3OkygoISavClEwTxnZJibTmonqJWGveJZgE6bzWKJ0Dg1u0cGd/ORqZFMAQIxqZiMNa0NID6UaSpBF3eH+AVq/U2V/KEaTxerns+wLBB4k1OyIOmeC0ZOq8xoDAYqZX6xFGdgQIcsAhNT0J4SUxjiytESfAt5FxKWDFh+2Ntki8WhYtiBHRElCeRGVQ1t8HXjnlPbABWzkhGuV3oHQWml6+ImtfIJ6W6BWT8xKBxVBh6NTPLZKHs6ZOlSnBvVyAY8NYF6rX6uJZpdz7Wu/UK67mw1PJsaHLNTDoLPRFoJnhN3lofrrXfpoEOjPFZyG4QEZwBQvDgd5WVO1UTKZwTayTLzkZQj1gjRTKR/yHVbEUPT910nlZy6PZG7xEfDeIyJley9t7MRmYqVeTs/bOZRoK5RLRBHC73z1CJyGxeKLPgwUHcVpS0KBnZA4Ztu14IgJp5nbc8o0O/WIasHYm9GPARDUtwGYuJw8BtlAHWn2ktS+dKmk/8w/085H7FkGzNQnFCOcc3gweoOejgTPuJmSoHQrsK8B0A3EaefAakuCH3/8e0pXUH4U/832egTEtaEmb3UesbfXIL02QIkc6m8IbiANq9nlVDYfiJIvaWQEDWZg1okUJt3lN6MSQHchO8IGPLA0zp055pOTsKvDGHkyMtkDiO5NOGLIwnL606emkzOW5vlUc5inc2ZUxf2+L0car9uMruLI6nWbqu600VfZ+VG1KkxYTkfqLE8FZoICP7hmm/Pmrs4dLh6quAcFgDKTsbaj/TWBoMoExdAcshD1sZAcwHlbXlRuRehD/vwlhxW0OJq+FIsom53lQf+hDFMg7btrMMv7fbVAhTYKTk7jTgX3/SxmTbmlRm+RzA1/PU4eIVdGLDpb6JUx6wRzZrKS4h62tYJYtBDkU0y3629dMc9fpofWmVjXNVMXPC3CNftz1T6j8r1IVZ1oJ1mb60l4QvOrZTkOCLaHoH2kAKoehyhPcrClyohj1xXuU3tKaKWCey2HkiiSvS+dUeVHjaOLwgPLVmbzajvNpZZxDVohlNBC9/lTq3WVZE2y0P/y1evX5s1LcrEvEzKx9vL69RtTsQirLaNwu3FwJyIBz4fk9MN8DKy9CbEr7BnYM+oUrH8PbklS/mczxAtxcREFLiJS3yMoZplyiq/SK+oRBD1f1bY8BSVMmdrPQOfqDCN9RdGkY/L04VjLsT7t2uIUenvpSEO+1jnkXyF3abrDtiSNNAhTZ5URk5O6wqV1JuTdj3/4y//6v/j7f/Ov1hgQFOmELWIZVOR7tdFv+bEPUZ5fhmXSD6GU26FatifOXv8ITuaVRCcHEuQFoNZdYeZPxCDkm4oW0EjkwITtg4cxr98gWthXM7j5++WgXdymD+unwEqL1mFbdzPExF2V/oGEJGrQiCFcr9BHPFSJLnykvnhJ8Uw4qMMYp86LcPb4D+wyRsPJhgWJAo6oOmwr7IDFFQt4FdeEmAYD48Xm6iqRBTOfWFvJhE1V5TXGEcMxufxd5QxljwioW2ulob044eGuupoJPl+2a5ZT5wFCnLGmDQuP1dOUj7WEKikGliY9xhlVkpaGGLFNNPF2Up3u/DS9TmoYl5e1VjhpjGA26XAqEAPCkh+38af61E/EiHu7Te8yy6iqiCKfU0+UDZIXzwEDQ0JB81b9OrdjCgDEYI2WTTeodIbpgsgtpOoZnRnLXh1E2+zvncaNYGK1Ax1e47+RaoOfgaEv1HrT601frdWAk5KsA41iLyAwQwKolQHdp76VLHtyW1U0y4hj6HBNhnMf05O3gCKtOO9zsSQLdPIpQjrAU/mi+IUtCrjOO6L3+LnCbZjKlkJ1DtD9qQs98SObrPaZOO+OadpneHSQ82UEOaUEicfB9M7UyeqQCELmuOrRzILBUTefTFZyeBGcE1ZpkUtb6pYHk6oFJebovCe+41iKspo+K7wSuTulqnKcXl7PRMbEeBu8jqvnjzbXbqyy/Ju//qu8eD6SQeVQ+XRCqTUHLYkaQLtBsSvQu8Qs9mGmGK+MTyDpNchGu6XD/DvgkLicTG9m9VU1U9LMZaxZYyHK2s49IRHapFGhfwAP3zIn0DFpjBxXVRSHEcW+Nbo+ouKw5lOD7s35wtB8gvEacHho1RVzdrTNLGeoSZz4hjMDvXdgJ0ZzkBGFIP15urjxejJJcg9f9O2V5sZygbDutZ7EFEgF3c3AJFR/zFu04lUjE54uKRg9OJIqF3XrK5tnhCWqEhwYVxjT0DXYeyw0teFsVYgNRdhcKnoMFb9xS1rdZbHz2HAXN82KPnk+t6AzuYmxZ1fzj7gELglVzVlM5Pp9mXaPmovLciBxyf30uW/v249fp3L3RAYyxvwa8cKXzK+cQrQ1UUlJD/FsCXnoTBFSvTsKdEr1RUFhLPfvIvvXX5V8CW2iKU3zsrsSPTsrp5pk7VGqQGLqilLx+NbPw5gQb2JDQ1enuK6zYrYtauIXmERVMpGRdFFloda3mXslqmOCRYztOa/d3JiwroPvjKiE7CGMfmgYvu/efu/GTd7HaG7qlAN/65HJjKU7StMg1a9x+ZYA84SoZiFgIeBAsdRhJqvfTK+77q39JFdZdfU5uFlgEuS0LtCXIMryvOZOU9+UKbjGzEf+8JQIxfccsLyVpuWY5I9AHGoLprIsr8SKpYRw6ano522fOjcNVp6kJsdI8iwwYkSUW+PPDz//4e/+1X/7X/7bf/2Xc2PezyxoNbpeHDaXpWdDbfVks9X76krhZdhTFk5QcVY93E9Rx+PCKCVPMsMif+RFcx57itDkEx6YyN7m4mwhIr7nbUBBQUkRzeumY+HtKKdnLO3HPR2RbetDo16Tr0C7gB68Dqt6HiY4vsM70KrbmUhRuf0BKEWqnXJfNFatI+1YufjpiEypKn6EZGy4EVTUprJqf4PivdiEc2zUxTqnREfjMhN5NUuwyqqftNTudUdz0eSbR0eQ6p0BcG+CRkpbkih/RKi6EO7sBDru1nnGkV50s9fs8ClZT1ZV+V39Jrs6qMkaBMhiP8EdaAv8zsJVSdr2RrPOpTwHMsqpnMG6FoB6Qd33IELzGHplHY9i9uREDZn1U6OubTQ0nfIKwlpKVB5bmsI6l6RutIfLUe1ZWaXdwOLHjPomBX1gP9hUd1F/qkdt3O176qJJP35mxGT4a6+v1lj37B2YvnGgb1rt3vxypXtw2t3tO9J66TQw2Xj+SPf5teIE6BCNEDq2eubmnK2S1Ddx/tlTzq7LYAPgAWEf9wsDx4SxwuUiqI9jUP6xdlRJiCMZCQAd5Y6bHxofyK9E+ZPnKwrLiUK7TBq6BcXbg+fkbZxJgI2o6CVe4YHs8MVCR0fprDieOzd/qebYyoFlhdxan15mOomJLD5CM/p4lsz8XXSIFuzqsqNjOsJyXc24MdUB+e/9RPqIUR5xM82UzAoHFHo72Nw7HPL3m6/+7m//9R9+//vf/vBDWpLRSFo2WStswqTXWDv45YOztlaP7gykodFdRikNdSiyzkpJI1PDjMHjcqgJqG/I+7qZVwZ36lbjQ7C22tRELuBu4DHcrFeJKHD6jU3PziKNj3dec0FcpnNhKLON02aTHz7EfYNTdsAsVRpq03bfwsiH3Y5WqucKAxL/cEnXBWRkxUlf0wiCuTM3dlJoMhNAl+ceN8cO0KkzVeJip9pZBP2O9rkmUPPMAckmTrJ7kNO3wc3hpjjLiRpCPBROQAHIvQWiAVg7cw8Ngj0J0XJaeDwj09fuDbUf6simJtj5pyeSW5tqItV+VuSmopps/h/wnOACH0zmI9kvTzgjkXwggHv6p44l2yrqx1FykBmP9FEdYX7hCpsZJOYEfvyY7tKTA72XF2UPh2dsURh/R0WdXoa0NCsH1st60CGSXU41SX0lQtMCZBUtTMZnukvxtJgWy3GRmI0lRQAtMGOWHJkmVZoy9hGheDUPVAu1RcSYg/2J57NED1fXlqc6bEaZ5gCms7wLhnsjgem4pHpVljWDh7BRqqdemtV980aL8eB331zd0ik7gpWjopG6BbrzptIy13HCV36Ij1W8AdS5Or0lS81ma43msV8nOd09YuKCNRf1rdjaUlV+Qy+dudn0vwdWMjZpwWzZVVdd3BnP6oqTy9+Ugte9nhKFWTNWuYwsjn3P5U780HVR0DjDuVpZ0+sOtB8TTdLkMPfsXRJYktD2kpXrmiT+9Dd/+V9n9F/8w/9ZjSGVejRMAZpYZ56Zk/awhLXy0MoAqoZ3RdTM66xop9hUybNPQWwSnbFrDvBf1kahdYkm8YqrKI+o8NmHxmEVwj+pK1JdrQZc7UUqScomOW3kTSypiSFoYpWDRESAexPnSjrAfmg4k0PaSMks4hjq0B4NLCNth7OdkI2Jka50WcT0qil5GW6TN+0TlCXJCAgC8ttrdxT4pmlBqCrBfFx9QY2+6GIcynsjM6ACNzsnatqZGw0ziW2/TWz3ttqL4LkoOj4mae4fZ8c4wxhjuiFdGNvx50WDKS/PsGx/fa7pjXmak5N89BGNd9ZWkpEA179WnjANn6gsPwVSCd4r4y7COoStyGkUsShDFcTnNa7KSfVeXmrctkhOv4/2U8i8YEw6+r3GN8snR/XQ0qCXqJf1xa1v37bs9/ZNj8b59aJmh87+EfB2Ys3e1vnWgl3CMKpuppiaKJtSNkq9edOlkk5GO6H2dV4mjElgmX9Z1vWguSQsxanWkJC6MyfN64C6u6hvj9Pz6PLwPJ68rFliJ6xexuipjuc1uNlViYIponR6OfbxzXx4R2mPSWrJbmXzI08e3tIcu6P+XnJ8Xj1PThdG8hdAcRGL578dJZaK5EQfFOV45ZLp2TEMxyVdaoEN5GP0th3s5eeaT9zUzVwwL29Tf8Q+OPnSKQP4uDIYs0Q8z8oost3rWt6cCVu0UxRXynvpsZ4m/iieW6qpMUC1Lk2PUax/evfzv/z//bdaoAuOnnKdSKhaNiF4axslEuFYy6N+5KLlELZz43xRcPmL58/x9qo2Hs6PrXgldPOACrYYZ0UirmVU4/fQpxCYtwAAIABJREFUV2InrDcCueWRzRMGlOTt05uP3rEavE0+bnwyqpBwC+q9d7ffVtR4qpcpV5ICk5iayUzuGqItK5MCRJWGxbXsKuIRmQQvXNfl8vYWHXNMn5vVNg4G61M/1NHiU8P5solwg2n0nYdZK/U0rpsyBULrtKg/GdYyl1482MSm5ma6ygkGs3Kw7AhK3qtZNUtz2VFwMsW8eZf2ulWgRhqq4Q503+mc9MiC0U45XadRm2VhkUkoT3Jl+M3kWNoA/Xg7m1naG6XWtC4xr5Rtmj/f6qYkXPJCCfElCnnCAhL6XN1aL0K3IVZbYgHh8nHmAxTEakLQlDrZqcwiXvFfvdRxMZtjXCjXOdbhkt4MP3OY6VQkNTltXuVGx3vSVrcUsxwjdA3V7CcBRXtfAC7k+USzCL8otJOo4iWNA8fgzMlqyUS3H5h5Oy2meuluWqbVhNJPpxQvRHUzndnnUya6G+H9u3fvcpdJZCI3OeLEOUTg2dvHfO9bdU6jeyEemXnw0/vA7BH4HNEJRl/Bvdzq0nkCh6lZsebDrIB4v14/03i/u0Krz0Z+bquXS7PYKvf0iSV9noZHqDigfFl4I04fSU54KuPaaxcM6WK3rsMvxnx89+O//av/77/9q/+uASSqxNLIW7T1ETLhBkHRNjT+CK6RtiNBaYuAx4pMMcLxiMAAB/FfbCKz/84K4p+wKY8iK4FH34uQKJiOtINEUEY4eyuRGU6e4Bt9vKqKVQknztOr7wCFJMAfhZjmpJcSYh7PzeVHq+FE+DDNnh0rWk8ELNhVGSUTci2PISKYZ9oIiYJp9GwNJHgH3olTPiRE7aGK4+hiW2xoYDsJZ+68oNk6ftxjJ/GjIoyT2kJRcCDpQGfErnVkw8hCZsHAiHlMc7QM0QsY2e/kYasXSXzC0WcMly5adNtpT9wk1tuoHjBQQKMOJSEzKgXLHo1M4eGbhPTGMjuuh2Hh9KQIe1KyrpKRaWCk5P3TNoWndu9pX4Q04xmLnrzHPfbIHeIO2EkW8T4kOcbZvHfDX7O6+sq35nSv37567eeWtn5ohre+SmbypYRNRB1SHYQxpja6gSyZutFugY5l0r7b9eXumW+S+FwPOnODIp6NC4CPf6Lq6ZoV7puUmxf2JRGOOjF1DtyG9jGMg9nclkkwjUIvEGGSFXM0p8xtjlUtdksUh4juYz5ZfvIcD7bJzBOynEReixWiqjhEBE/y+XsHdp8EIfWRdR9p1hpOfEUvjY/Om51KiSMYDDnTjv3ZEqDl52L6yNxVm2sqyyMMM2WNMh0AwdG/TH9JAcaTU31isUxNg6Vkti/0l+wjFWJCbE8iaVj8XzvE7Z+wtbz/7r/5fzcyRe86bytbr964h+G1n6wQdoNAtqSr0e35fsSyqnmV1Sz3GpqHtfNENQiNA57GqO8WYyKut0qMOUYsja0tdiViyyo1kQy8LU0NfEaGOSRD1oEkBtxwz4LMiyQVnRdlpfMjj7Zt7ec8mJgxcgxpxuOSQvKbK5pwnEDnO0HqIIOaU4FkoKwgPrMYN1HlPZ2Dok2zhCPzKgqfKrWks6XdDbrfNkJ/KBYaka1iZvZpbhirsOQ2b6uuJiq2bsnJ3LyaiNeqmvzZCEnHTsITE748vnM7rjBiUmG9RxuwrOQD3NC5Xi1eipjX0qBskR1K9fJpIaYnM167668KHUMydSmDV/WopbjMbE20lUU2xNzsNx9mmfzwYLWhkczlU/zNJpzN5pYy2IVp89PKWZvv14tUO19wWRGAl28zxdlwyqWwot2bMLgdsmcT7rKknkeMNolJGniOJDm/8zxYWWDi72uPXK5WwVeBNXGPgNXJtJ4qqzlgyietaZxcmt5yzzplKamnjqGvkikYr940zY0qqLWLJnOe19EQimwc6cpXoIa47jXG+lvzSIazE5bcoAuX3mVzRb0YyK6U+dL4bKzOadhwZx/xGjUp8RYKJ3WTV0t5qDjREiId2SZw1oppkBI+NA0DSe8XE0rJ6R0A/6ObpvyjJhmxtS9H0n+kBO1RlfD0U4efPrz7/V//93/3t92PeCt0w4GLUIJYkKQlT9r5SURWTA+SfQzQRmTqtLfsf9r4SoBCXy3MHV7+l9MlLvwnJ7xfRD620JLM+/C+LRV5rHfmt3dQR6Rs6rQy3lNZTZRsG/HOAArSRIx5cqrNWxGtLV0kaB6U9JLyiKhhVVCl09l2nj/7fI/li2Kd5llNwcnLr+EjmhUnbIePC+xfEEcwwpnCpEMR5DWa0x0DHnC9JCAEDVN8I2Elg31+EEdz2S8O3/lPdFWuOyrY+mh0MAKhx+qQbXmxrmvX0NU6O81E9/0IyLZQIK6kvE8hBwzdtf1UERbb4Ts1aZ0OMPVVcFdQhnL1cgVGNTNEqk7SShlesd5LDsxNV1FplSLbzvYn5awb4VDM1QOAO3iCJZuwEj105z4+nKG9a8U1dQt9m9W9/tay3yaHvqFBh+Qur5pVcDkyV7otZ6NfatpSEKE+tv9Gia6adBtLp7r9nGozTvcgNh7MPVJPOKGt+3SXs4mguean9+18+Fjrft8jsB8/vevEt69m6LqSkbXWLx6smFnzBksrmFGXusmuANhLo4vaF99x7Xh6O3cS2Xa+yvVbq1xRFRlGeH/2HsYM4HAeRseRZQdHz+fkQUXmuhwaVyhn2pbd6tvkxyQRxdHbxo090t4b2bQxEDOsd5hFtkOd90a8BCb++rE81cH0IicBy7YUgBDBWaqcV3YGQ3sMW2mIrV2Knfmvhs4Y6Q1raJqzdLzBmJ4BGJ/iDn/6/d//V//Vv4iuA3c3lQt9767vs23QLCViWNs2gH/sK/WmXIMpG0oNI2ybYTYYjKBZ5pSIqavF2ZaQA2EOhTeOekkQWulhEnfsE35ezYBE0decwi908eyCIZSzOpXlZwyBa+gt3+XWRlOCBysmee1Bhz5MI56NFCp5qDlinvom+z4kuvL+2mpaEbdfu1EmE9arCV0YfTWd8ALsPbOMpREyq4E+PEnrL+LmHLYaWjNaRRqhu9i03H2rCFGecs0OC1+JzvXOvj771hJ2WRVrEtX0IjzzQm4M5dZki0p6eCkvJEkSDFyrAz1M7tc+OCpsteeIXZGc3xiL2nQng/rAyDvNSiMXPnexpEWUdTF9gI1PivRuXpiz6GJsJN26or4phxAHbD50Q173QUaD3KQqP28a2mkrE1LIDQtIbi2Z/G4e10ReN8SniS8bfSZmUQwtbGPdjMwpQcB814z11OwjoJDt6/rK84F1P2j94VLI8BJgZzE7F95S3OdCVFeZ4HgZsJbrNMNzwRzgq4k+/pxvvvWsDww5IPidtdfBXhQKYv1lCPKtIHpWHeCQhsvvFLXCuDl9M778kf7lJG7blnR3Vn9xkHcZsrTURQfE9/6Igkv/zpdi7f2Xr9+//zmQGdm1nhIpDMLNa+swa8jl2u4GEZ8oNOWslfl5vvcJt+act0ndXDz+oOvnylICg52asoKGVOCv5Fg0h+wLafdZsry8s7jw4f0f/s1f/uHf/T2vta0TmaRTRCZZIKRLzYquR64TmuYqR6UyIh/mCzs6Dryj8THHXy+srGCc4LVog26F2LYTovZZ88CQU6u/noSvjpysgEbm9RyERFPiDLVLUuw61bO497J41VM6utWxpSL5Wx9PcGztV2Zrf1DQ+HcgtGtk29VBkUwt/BPiDR27ztYjaGFOxBbsyUeit6mbXmfD57w1BOm77DmhQ0DHdpZZ/BeKR/UsGfDtBazPnbSl5oEZcfucsTN2BvWadUmhtkmkHMFdj7F4BeMgzQP62OlMTrTYeqOpTKkzdXZYUTKInh9q7PB6JXWFcVKiEDgI1y7sdIRtYIyvO6DSi/XRdIfP/D1aQeivasz3hlAhZsKfukfWUZ03r2pxwTCFQeUJIutxM64Dzd+ZXiL0nI0aFvqr0xVZ7e8VKdcKejl/kCiPribwnDgrjrieKX/pdfKDiYCuxpCwfpu3NDADbVYsSxLtSli9mG9R/vDpfXPEn9///NPPP7f+9P79uw89NYk6SBlfT5p7uwcn4Tk9ITNvCwRVCJcocXj5DAb3RkfX+Qn0Q5tFyVxx9FwaR2bgngV2tjma4VSwk/srDBg3pFLpil54Y1iNwknsfTkDHmfj15twLn2TCgPYlD1nSFHcGTonbP4yfLTHVqG/9nbVkm1nASHKha0/+4YNR7p4ZsSY/e1XpwtvH4eBN91bKNqohUJ37YOY/ibhkR5H3FrNcoXfJ+err/6b/89/+Rd/8T/+R//Tf0z31z1f6ZJRun75+E2LhF93hxOB5l75r5BC8PXH7o1KU530qSs9Wc6wrt/11G20cU0JU2+vScM3TejK01jLlUaNMmQrgJvzMI23LU3iLwgmQM5p4K9TftIHvm5wTGX66aS6suibnGrokEnqfuevGSkCSBMg4ROag+PdrFNXo3bGVBiIGlJzt0R3pEH9ag2p8kKzMTgP+aM9thj5Xb4EQ6S6MNp+r23AiCmOS6omHbxXg/rG7VnyqUG0WzU/fwoS73jqk+f7+QxOQbv7jndNNqmu95UqIc81geNgX+Cs2WR58zazuggV6ii2Vf+mRT7LuP2xmKQ86cu0m3Pcc7JZ863OJ6my4bIuAxlQAtf7hHPpjruZR/OeprAJT1SJ2bPXm7V2FZuQuSEhuaGg91N+uZ9ih1uAjCvc192AU2cnUBK4O9fWh8i6WnGeKBky65lOcW+W6phiu0nqotAcLwE5UNsLNw+Yq2sAEnker40V5URlURS8HEos27pO/amVVPir4qUqzSA1zTxQxNjfK5S7ah/GOakU6wGidrMi53TD91tWD3+i+DFvZvPX33765b0z8FYWk+uJaY83SUGuv/7HYe4NRRIEOhc0GU1rVpmFW7INWgJA3Zy1azyx8wnh/Wxm1jnhjyBT7UNg5bJ3OUt6ZgSzsdXEdRhlTmcwRT2OgM9JWS9DijQx3Okzx7IpaTXACcwIqaJ11JtwRZHKiY035uQdl9Lvfvr9X//L797+8Pa77/HzThAFgTQ6K0geJziekqpKINT9M8DOIMRcsFYhaMwartEpGNtYXygn8oRVpLVRbaNQE9B/ja+iapkqdl+oeJDdhxYf3/Aqhz3o6L6OZuheUMda25RRM2J6z7ZHzKjpjxLJInholBSD4egtjRJc4iwaM0zvWPk2WT4Z+CLpfUYYS0yaNI5JMH6nQqfB+HSspwBCeTK0IAAd2rWtYp/Ggoq1qKrbw9K20KS4g0YvLqsMCuJ4NPmK+u/VW9BdbFCXjC94qwGQYe6i9XHRxpWktnlBaVTQHBAYHqXoQKYMSC0I90BWNy8OqkKM4OTCk36UihNAOHPWxdyJI3z8RzrxRPSZzlJil4MU0ZaHnfAVOV0ersOaWBEhBO/gkTK2XeSKs+O+T6zbwZr5GbY/m5/eVHgGpLzPnBhfHV3i1o97oMCOt/5zJP8BknWPRh/FBbZae0q+8fwNdMGqHXOgjjPYTiu31dl8eN/fx3c/ffjJ3PDDz+8+vPc1/X2LXgrwMLn3HPSqvOswcYpVz6DBkgrhYnDHx8g7HNF/bGxXjbniK+TRRwjKiUT4J5vq5VOVsf2RtwrD0nS2P7r4lsvjn+tOpYZhTCIgCfmJ5jODKQ9SU5nI1qBlj4qzFAWeFQzheO6YUTn2FIjR4lNpSl8s0UsOPtsN1X1ocMVP1lZqwkJ8/5D30dt6fK0KG2NR7EIwG74YNVIWVVhi/ov/4v/5u9/++Z//7nfKG3267f/b15+cVvR8Sffgf+iRWn1EXXo/JLalhB6MNWGpsMw0fgSkOcNGq1yWz4ypTGz4LkWtdnz7bat8oeqipHM98xLrNUl93W+0ynlHM9JCV8NK+Cu/IJwt/FrOf93PiPnFtjJX3t/4baUqH5oRWjTqQmco0j1D8mwtcw0xAYZGmvYyyciA5r6VtlW9PKG5pucsOgjWf5Y0Wkx25d+1acZClbA1xo/X7NZeBXTeIMFv2bm1I35dnkGYLnHRPTTzaCHTl+NEkM49HauqqOoozaL2syivWrWC/c3bvvTOQmTt00wXYfjziR/tyK0e2y3E9Rjpk6WeYDCNSH50Wvpu8kk6L1ccMDNDf4mqtPCZTlovzNjZmJJOADapXazaN1siMZlxXXePE3PgeT4ctbRUmj0kqosiYcveWLp5Ic8kvmsk0baTKO2v/0V7ihdJ/qIotP3lh1AbxCsv3gMpFM2EVtZjfd2NmZzmIjGSy9vmlOhvha84TmZaMpNM3vOcdX3b29c/mO5xo5dZzozMUZ1Xp9eZU01iC7AfPvwot2lvmPgQOYdLjJTibZk+bYWsfrfHuEMymfnPRZiSQ2pb+7w5qOjUGEM3D5urWXSW5BW5M7iZeafmXVzKaUsV7skZGZJaXs/dnUxo0TXnTXEvFdZJlI9mknmlkKz5XLomNtPyY66I/UxPaIVId/bAwalAFlr+FqZ+yBu43cEsBXO+YJ2OzGzdOhNFUYtrWvzthx//7vd/929e/0/+UTdlFu2JnNinW9QnJlgFNCXP9eztqtGMY0tN2xI0QO3lG7UVHUXcw6uyLQS3k+3ttj+5cvKRxLIWUuBsT+H+4XjySFZI+KmB9mT2MVURbug4k0I7DamaQdJm7WJz0gEnd7zqTmq8WtQ0zb/5+tgXbW4ZetRG2hmeCk2slpS0nJ3YQ5w+wWLOGsjjmfhgXK+QN5kzHwzGWBMj9gyMePI4UWLPd1zO1uPjQkjUtzsShNvlJ/36pOCqtP4tVmhLlrDcluQCYBAiPuFBoGfKojSGVLneoopY6YimHOndbMgRy4AlnOAUDZqi6iAADmD/yqI/SPUM2zmeqjifcJQLTP7ASLbwJumUkU5UBdsB1XGbDnE18+jIicv97TO+Wm8JpLejU3hAJ4KQ/FX/0aaX1MoNrLXzTlX7RtRacAHV8Ggze+uMlfnBVYE8knq2hDs6UTqOeoptrla4qFgfVpte/OMNmK/j382FH/tRqI/vuhLQ69PHVg2bDv78/sNPP7V0+O7HXu/e/dzN1R/fNXuYkkI4H6V0UUicU0FOCtjMVvTs2ZHSPAz7TMe6Hb6qvI6OBe15qRuFfOA3ydIuAyc5YZGtjlpBG2P7OF9ExBfiPyV9ORjZKJMoJMT4fBw0AyOe2IMdFjrL2GlbihQmrGLb64t7YxOgiat4PzQu0LrYkyFJJjZ5AkwKAQThO5nQBq+a41qw5wLykYJsR/25wUF4FPPay1ZP8dX7dz//p//p//3Hn993E0MLNKYDXVn77rs33//u7W9+9+r733773Q/fvPbNGg0jXZTaRTh3onaPwQ2vemljkqd5S7HMTINOyKTKBAWsxj5PZ3Qp+zuDLkdl2Dflmuxg2XCB31ZlgnTQ59ZIJElwM8ATqY+B5euNP7t3z3KF8TOtXRnkwvZNhHjEgZzJI4bab9+YS8Vg+beJscu4zS1yUSNxzSR6U0yzrnMo62LWJYWYG/W2i24lw22xJ/5c8bk207JfLOkcaGJ9hZ7vH2n00lM0KosICt/2174ln5xci7beIwfNs3qbM5rr7kJwAlrvSYlJ+ZNevOJW5Zo0QWXVs9zFb5mRqyn1MAoTOhbunqL4xTeVUHQXrNvn4pZtuypNToxd280MMJod1vUshURMtTE7dzUPeZpbDNbzwqzfiSKjOCpJlgyb/j6NT1TWzmMsfNywFMiQ1sZisTa6Ni5IRLWE2+xtwYdCbxWMzS2StNlVBRZlo5nfZ0ucPZjXLlASK15ohI0ZsjVpie8U5xppoUtRtdaS0575gVnEeYpeEi4B+My87ZvXb3/TW6W8YcZPU5xNjPS3Vo498iweW9ktX7raWkfKE42O0j3J82u9qWbFrP6vZeXYTfXEpda1ZiaDadn6Plsyyq9H+m6gGisMW5fU+HZzZJ4LX+alZmdPaxIzzeqkL2kqMr0K4jxk4TgvOCvgCA/6a7HyxFR77BFOsxiFJifyUk+CczIHU9duPjxv95610Xz88e//9fv3PzlOVjTJo13zbZtnUqxE2kJAXseZEU7HlRM7fsw8SRu6DhGPfrQTpJ4KovibXOZhU8Zywo1pAp7qStGeSOdBZCiyLQhDm8LkVDDaaIiPyUTHJ8ZpH/x2oWyr3iSybYjD8eAa1+nhjVpuwyp8o054QJ6BFh7zr6kuDJt+zjWCHpRdcqx8EHqI/nEvFPGCmoT4q4+K0/bprWKCSWt/Jag7xlq2JD5YgMUN5UStUyiUfXqtmPbTVOdMEnCVxXvxpM5EMqfHMq0pDq22MJB7F4Hp5vP4C4q5L4n8PyQPnjNqwIG97eQhXCc/THx22JPHfCYiWSuTD3dMXeUThJG3Oz6H2s1UG/6JIGR51ft5rM9JPovaj4nBenVO1YQqiv6EjI1dEGDqVZ/ntm6BdVbXeGvWx6ESgbhEETT4dUeRRw3t1OoO0bfdhw6m4d840jJQt8r0PQpGcY0Vtk62G9n6kt/WMrrFsDsO373/8PPPzQvfmRr++NOPP/78e3PEn3/+qYI//PTx/ScrnHy0WAAk7Gcbo4XY0JLb54/UFEqWBxF8vBntrWPWzynoF6OVqtHwiX8K7mOHcQvN5InC5HABjeS0bX/iUbaj8bdFAjnCkW7/GI7nQUb6JGoTYpeIFV0y6nUTmxxCAWDhMnhvp8mEn3aMhWSuItg+kfBdtNolq6xAO3lLAOwVTE+RC3PBW0pwAdX5D/zhS14UEAtL/0vBpAlXlkaZU//2b//6n//z/2tTfs8NlC0N400f3r599faHXq/f/vbV299UQnA3TXXj6fufO4uoc9+aijF1KZrFwUqLSZvh2riy5Cthpy5KydpiQUNsJA0nzQZev2HfGlkWoLB6MYwJy54IM4IlpjglaZhZmqRbRDQGp0CjzErOya4Lb01Gc0mOcPS5EyKHZmFzlVYf8hJVUwi2/zmfklSqorv3ObFSIRTBBCYneNnbwFkkQt8sj2fxCECimiAYoe06wd888FOdWYud5Hua+WMrtEmMMjSp6dCy7MKm+Q59lF2ITFjKk2itICua7WnGW/Pbep5pqM5UPBbPrg/Uuk1Z+HzTFCYwtYmRXsfEa9t1dplcjc5nv0Azp0VsmacANAuwEtblbVNGswddo2v6ZlaZnB6WutrOn3lFcppRVBXWhpPGDAjCkJH1SUFop+NMSjug/enxPIpUJLKAUesFhpbcGblbGxnYyt/uvhambpNxd8EGzCQPVetztRaPk8caouJRc8udKekHfnxP5HAWt33TzQ65+OLYomArpjeXzZYmeQkqGgnrC7RfvQ1MC9g7ccqQfJVN6XnV981m9UZ16rsMU4dY3+qmSr+jI3GwLmVc7Be+WuFrjcK5ivYUilKipmbGl8o9SBRxP+5cRx1NX22RiO5+zRMcWHcRuoKy5ejEL9nzktqgVrJMJzAPlLFhLYkCc21Iq2tO5x50C/XHgld8GVJZNhqXBV/jqWRT6ya0zqe6y7HUvtm/llPYfq3f8J3kJV1GJO3Dux9//P3fV1m+pG9uuEysgNa26orUCGSVsFP/QvYwRnvk1clnh2gQ954JjyQyZXsyg7/3DhIK8elZoajIJBJGPvmyBrn3bchw97Hiq1H98HE4Zx25j7xHkd3NhDhHUFK7slFOzcNVVQQTgrPN20MWFtOpxyZZKI1HPpqjVU7fsVXWPi9UKowdlwEPr48apw/+4ZdZCXLJ7jI0juhrP7XVSa2k6l4T1kHSZ1JxJ4oKFyQxZudyZ27DWOYO2ToK/ULVqS63DJnxpH9Kn3cu6HzjsCfF3wSTjPNWUWAZBhLOuY+1+NfT1FTX6mUV0iMHhqcq7Xy+qo5k0IjWCdk/RUS1ReOHCtLCj1NM/YAp5dIdR9hBesirBgdl4jsjKt5elZGurPf8rMOviHf0g5XhJ8y/ryHIxeRuwx2zc3oc+hGdfy/5V5keYKLEot5WXf8r44c5vDJLJ9Z/XLjcqFk/X7elu6+frIfo1sMWET++/6m1w5YRO+f9+d3PP/7Y7YiEJHS4qQpYgOmxw7QzsAJY/Wea/sl+H1knmX2OHqEBiyOWh42F/YWPEZV7f4jao4ST2ig9ZTz30A8J1mYMR9W7zm0Zdyo7vj8yeC91UzkZkca9TnAwIgpSruM9XWhqTUcqcE0TpTDGZZugx9z8DkJQ7rN9nS1r9K0SOGYXR+hEOvOqLYws44R6vrAXah6bKy4lRj6NW4SYBeS2TcMwzMsTX80aTMy/fGoV+W//5q/+2X/yH/0f/vf/57/4s7+oxPpPWoybaW/xuiU3v4fx+dM732b2oec5Wv5oDSPAJsZuLvQ1na8k+RS6xLQLfLV8DTH7NpJoZVxkSSIrGm2bB0BTCmZh/foG0t4bKPlnpCz10nMg6NJiudfxwqhhrTtrpBVpMclLVDnKCv4MpukHHKG/ABKQM32FB0q+yvBu5DDAlP/Nb4iZIlMrohHB0sHinDk5KfZi0lpbJBE24vZNUr1/9TE/ZWNeskmSuIObIKj6rHfftFhpv0Hsjt5Q/NpNoKW2Fbd6Z+lVCORJQ7bB76vX3751zZ5VkS9t4EOfuoSZ+oQ/GrYJVH1Iw3PjQAAzL/ld2QtRNjUNOYAhLa8pDW0R50xQ80xwXV9OK9pAq+kVvpZM6d6kpJmCk8KsCPSUD+CWrfoimG+7964r+jjD1dwkowT5tlS0iMUTJoskcEqTGnuZpRtrNwkWBdMjVJovp7pMLLvywS6FJlhU+dBYwjkMa60m7dKvXs4UCrMHI/Nq85cmcG31eqzzq3qe5MDgzCdnk4LX+lmi576k3GXNr7968/a72knnA2ZmJv0BsKSavT0b2I3cJk9NE/dLNnm+W3dCe9mX1VlkRgptOpuutbZq3iYObVMjSSNaoCWD1b3CWZmJdaKK2waDuFIfZzt16LvLIjo5sU3zaVV2F5gTEdqUlebyBdWABcNbNtdsAAAgAElEQVQ5viO7Kpqqpt5R5pVpTvkZtRVqnSHpuJxngFrWAdgSbcU6Qh+eImpC+fndH/7+l3/wD7954wYtEcUpbEMxSQLEdn8+BVgT0urVbAM7HWh8RteuAMHCm4RGPREOkOA+2pfqSqMdR3t0bDsHkCtEZIvIEoy7iFuFBFFAuYLKM/O00ojrEa6F2AYq+mVSpLh9qNl2nnDW/Aiq6tyYxaPQIYiHDZqdkU3KZMCyDYUGC0PNFrZrecsuZNUztT9yIokFtolWPGTVXYlQODsf4AzOI4sBVsrmkw6S4bDNR3LGMkNxXdR9aCf8F9GcOHu4tFRLGP1qRSXF6PuvvVQNsiYfsrHuCPgYNABc4RWWKZ7D5me4BnKfrASgjSvJnvMk9skYuEsy/DMPhztCYs6lM34VvQGNNbGkKZbB6/bmlpwh/LKtOsqKDGI+mMHtZ35kCai5E8awbGmM6CNu1z+29ak6CfXr9VTmh7oD/b+1BRhqGGumVn61R11o4mqtytPEqgWiTiVL2w2fJYF6mv46E/cFh60mtpTo1sPWEt+1atjF5XfNE/0I2EfniJNSrtgltA5pZdywgqVRQeswQ4Vuu+5Ul/aBO/vlG49xTJwPPOK/NGyp/GhpJ/qqcK80d8Y3TnqrkIEw7MMbgrl2uy9HV0HhxWtKJknnEx+/UOTAUFOflqjzYkOTwSOBWVgkjO1iVS17EPe5cKShKnTJPHEqKpMGvG9IH/f5AWSKYzqs7SSQbWQp5crlWYeRqySu/wSPKLFh6e/MCkw7BEdrnjv6ot1s7N/93d/+s//H/+Wf/u/+T//gH/x7/SRZZM2c6sW7Ck1lA4dVlW+bHfYtFe/f/8HToKVLd3N5LFQKOMUpsM1P9pCsAsrTyCuJaqHI9GZXvrbGwEkWOkISWUKMGk3XuHQ2VJpMD8Pe+JLNugPSclqOYFzJ74H6vkeQp+LrQYcAJ/aTs1vqES420R9NZHK1UkjC7TnoUFjAC0iHWpWhfX5O3hqgyC73qjV1SFMzDO1G9x6A9ijj5dxhd/O0rcW5vlzWB65McVWceSsxi4619ZZZQdIIG+mFiHtDY5EyTJnfjF1jFxiVu4Vyv1kcvuzp2+8SbTJtDllmBUgymuv4jsYKC/0cn1QCVUrAVJguxN5wX/g6/UTPsaYkje929cM6ljDn0Ib/+imriL3SYUhOoGzsubai3v5mtXmrb8DJ0pryt33BVjakSm23CrQQyQc6NwDyzVKVfefwcxRLEp2kPZ7MMevTDBJgWS/LxS5+iksYxLTzje5nwNJqbt99jT+oNKbKxkkmMv52r+GvX71pbbvLu4KbQFox9haX/vHjd2/efPXqTR6T4LxtLlICt1MTyFuRS9+yqJ0t5hXflv3qVj+8f9d8sYf83GUxmpK8RdtwaQ8LH88vbCHpQekO082oQtoEue8cMEhGvCB1B2Se4uPO4YKXFVxlPbsYrebQN1QUgGJem2qCnttycF7iyrk32pAX4nmXggSnS2Bo4zghblXBT1y6hp3Icr2K+WfLt0s8nm0OCNHH132FeC19d9W/dnul6CflQ7e1f3jn4Zs1l0sd73kzqe09gvULZWYiSo3FYrmAomSJ0s2mQhvEoLP7idpLPkY6oUbbKFBTYw/+0yaL7at7dPfhIN3LxWoXa9WjAoYUTrLfnj6tcCmmZwRoZ0SwqmFFfI/egCVsBxqFmc9GgsmObtRxIcr1+yQlOrafpipVSIQ+wkMDLx0MB20rHazhQIPhGtw8tNZR+YtyFs88JkGJUW3aOuEa5TqaShOTCibGLzNwOEoofC+sK4S+MvDSETNLEF8FETgW0BWFkxT1PiQy4EeU4XQSkYTJbWcHl0tpigDrpDy0YweBpot+Li11Iws1QNgfLWsHSRGQqX7Ku4WmvdvQvmAa/x2FnBF8BgFgYUlIaPSls6LSvTglrboyPDEUycbjHDB3xFl3WVxC6gStHtDVXOOLHoGGuow6JK5q91YL9NzZaCrYuXmq7VsVYCzYkkWWT2jC24xzdY5GSMtH/fm+Q3dqNzvsEoavcv3YZeVmiB3Vx4eCCaavOiXGn93t5WWZgiCKIK/XaldIV84/DNkL3BHGdik46zU16AlEMufsyG5/pwIRo6gjSJ/gGFciMhSB5jqns31dbmSLFBuUDQGuvToe4XJihBO7WJA9AHlWpmiDvROTkGBpWnXAnACJ7gwCtGGJebIxLAwSPI7+H+Avn+SheQQ3hqCKr5itU3/YEnwsUCGYioRxh5p0D+vgOKpmHFwTSo9H5KfG65//8If/5D/+j/6X/+v/8N//9/8Diht+GpO+etM1vKyqT+261+dXb7so3OLxL30Z78fff/3NGwtC8rB7860bdtGsL1bRzIjtkNWBKmNzSke5ydRkV+MaXLMyi4LecMV7KGUub+YrViQk5yUDc0eMkxsNNTrh0azz3kPMSbBY0mxME+ZYPo/VV0m/TuPDjT+u+q8kt01PV78Ds21+lC1XR7vpXEN4V80ArgVV0l+UGeegJcfP3yaheUAtiQ+ol4nh33vwr1Gnr3WmVps2Y0p5U8PuqGtpKgI546piapz0zTEZlcZQ3GkgX31rxK3hX1A5BZd1Pjt9GeMvn9+8aR6/9bRsze0JC3lLXN1IsMdNCLdsZIIXl0UcPquU01Qkaj+g3CpQRdEIAqrRhNfIkdxypBI+yCdNBa0n5vWWDmdykkK/GXHyux5d/9bXOD/TxLOr6sRZVLR6TU3GzskuYWJfOCp0whBZq073fG4YamrulpQeQDZV7QdFEpOU5LDjojD8a02dsTSRMqowiYNNZLOL6s85fpdBJX7reEVOv3jfZy7+TaC3IlZimbi3gt5F4e7FrKMO9jfvm1UGzk8LfuqhInJJLjqvK9GeIu3y8Pv32sndzzf3RsjY+mP2sVL/5QJSrc3ts93W00Q0l5dkJWT18fet3BVmQBxdpO6qT9/R8+7dYpWv475M1agKXpK5uZ2K+wbGDssa3o2gfl3mrhPDSUsuMRHeOu4yXo7UpAo9u+IUHM6TmYWjy/EyJl07Xk+8aYO18C6gpygo1Heb+/sPv/6A38yNb4PhcEU7JF9cVN0mmJHtIJVq9LzKklAtMBja7fih3SdaDlGrOjKH0dMa+0qktfxBpxjT3KiDEI+XoiOZKDCYjJiqUmE70zg+E7+HIA+MIEljmMAoqZ9WfVzOg3P2DNZVpZutIYFbLejPx6OdHXJ71VKL+x9jGGf3RX40uBTRzglJtseCjkuYdGZff5NfaUkyEhDsgO4kVmBPjrItq/QZ21SkWtGwTMfQm0lIvWSc4kpnkhKyb5Q4i0++ZEukFIpYPcIUd7yiDh/7nYiQFx0VNlqT/MxuSSENBHIT5+yLjyk/odi2tzFXjY6avNT0v6eYEzNDE3QGUDNOb9sXLL2Go5DxooP6g/oBjdMtIimCJ2AB11RZM0WkMdjMypnqutfrX2h23rXM9W7YLQT1shmTGFLql5GshQtPRuKrisoU15301rkyFUYjmzP/rhx0zl8vuIssvsDLwmEXlT/83MGHqnu0NXBJ4b9d7+byPMWW9Gz3PiuJrMLe2YUsFHNq/fVY8M7+3qNaPHpDSBa5ghoXC+ioVP5oiPTVefU+j13vprHgbEvjAy4XKIBwbJCRtiKE7dAlMyiYPgwrnxToCXkRxIMVraT3F8sDSJC4l2fF+tqH6zFaEzUkIQuOpGQTfqR9TANjrxKS4qr9BW2zGfSIL2XS7VJvRYleY0nkfNf7RkFig4rrPEbRjBmQZE5imdkI0dMn/+I//+d/+zd//b/5J//0d7/5XacK0dafG+r7cmXrNLzbVPHXz68/vfuxO1Q/f3j3bV/f/vZ78TMMN4VyraqjUotd/ZdmfcGp1ZFvUsMHYU11w/AOcydUtmwFqbbHW04UQivtb5pT1lv60KD2ZTcdt4ui/5K6OUcO60CE+CTWBs5vO6tpkDPMN+HJ8VCtxQy1nNO1+bIXLfLg1Cy2Q1xl2lUC6926iyynCQk96zt9hQzsKE0LUnCznCZwbeEgTUszqDaJitZ9bzxhkSUd1Jo0WJ3KV6aYh3BtO8ZWkhKx9Eo78abuBabVo19/6ceA82fmr18T1R6LSWIR088Vwly1VS0kua8VK8tyRo5A5Bo3mXDXQgyQuO2CcxNut6lNRo9WfBS82R4YBohVk6Iu2lrzFB3Hb9yreslpBpk8sDmuGFvt+5iuZrjxN10teJ7kuGcychJlN9hwapGoSnBMU7m/cKSnx+rmODjYIg7Ny7pdD6CE14f6teLlhOvX9Vr7jZ1AyA/DUpCklNQ2Bnat1S02Hioq1n2tU7nfjH9TwxiWY+HkpaaUVtDxdzNB3zb/usdO0vLt674o++dXPQLEO801896n0qepVp1qmff2TecGTsIXIDm4kzEtOOLScalkoiYynz93I6NHfFoP/LZ7K6tsZJjfA10Gdjb068d8Wyq6/vvLh6Ztcrcvr3r1ui8mI+jbVy1ccpy2JdapLn2EzfCYOf0VrSilUGo7iKhmZW7Pv0f1NBwej08r17wHNZ2ExrJ1h8a+J42SHNzw+bGHN/10k3vr93ClZfMeiAwVuIlJMV1ycpjK8DoEwJuUyclWzIV8EdhbFMd+1UESyEmYLJLhz/8kTsqUoZdc6gA08HMF113Hw+Iy4wwnMjrS0I9zB2nnKXJ6L1/m/LmU/6Le9tS5dLHxE24CH6gg8MJD+wXqlFW8ykq3rYlVspGwT9Gqoup5z8i7UW/hHjS1YAM/kbjp1+HGRUO1Pmhgg08ELKp0usYd5AoeORVj0iFEjYxYu0zXU89Ih+yddxCcn0lS/3iJZG3SYTYUMQAOyTPKTlVF2cqE6PuoXx7RNDxe/KMBSRkkqGPYPq1KO0pBLQEifoi2Av98qXcEsRyvoWgpESJKs74sqknprdEDBgVkPL5ET4BPSmLSghw/qFY3WZmWGdUwbYyRMu8RMZH5J6daWKgvClbtL71862btRBOlo3WuXtu2ldd67DrNbNDbXCOmWdYtaJRc7103Y7ba1NObcctkMW3vdwXR9eSufbjx0H/N12XBuhLnmnOilJj3k3wuYQJ708u3HMJBs4y5qFb9lOzwj/PvVXJ5pgmmQL54ir9OwiJ1wk9f/k5j+3DUQBbCONF7ie8FbQAmaZrH8zCiXOZWA3RcEzq1hPIf/IpH4CDRjES88mUULNnatmxNbhS8sKRIjkF5CwJ5737otmpZg/NSRDtbPwWKMnXbD6SZxdTyVbZVR7x4tz+QeNqJo7JrZH0Mx72BsYK9na1TpOW0BvL1N3/1L//7v/mbv/4P/lf/5B//4/9FoxrURSM1nYhYbUrdR1enXr199aYM6ezh3fsfu92qcbGv2u5WsMb1EnGnjjsVMq7Va2vLa/Blk2vNHWeSm560vsHVKXBbB1Kgnd4acjacGKUraIRo2zC25G3G0ORsub3VxxxgwSNOYBu5GcpRNSuBWKueuz0fmvQ9pJ1DmdmWuvxmvpiEUlKfUDzBCrgVdDECnVtD3EY9DTe3EJFvvnnbxLovfyzgsSKOuc+7pmnqsxOX1dV4zWtSyhhAuo7MMbmhCh1AznJBcLMBlwuoS6wluYT2w5uhlVVNK11dNQ3qqmSyppp3G4kj7/J0zT05zaL6Rmc3Eug0y3N+anYSfWvGoU1yD0RkZuN8BFnkwoR7CHwjbAFcaExJnQvpY/hAwHq1lweh76Jq06knnB0Xu0D3Y3kIk5f65StpMhCS/VyCLi4TObu/e8nCFPG9L0qPuK1KW2I1d/0Hn3NlF0GbroQwo/oB6xIiWgf7EkdA2iMQFk9ddW+guxVcRXnxv7yROpYGQ+dSftPdbrxtWmPa9+a7WmVBqu81X88Dc3ak/VhV8oMXqixtuTBMqaikUPZkkk7XKmkNOflNEfXc6RKznViktl7eCB3yzObeJlev+8zgJnKy/utf+0aKkkSe0t0JWBH8tW48bUuJdfIXEHE1pytRMkwvnsa4yCE1/9RUY4gmQyM0Qm06mSU9GrVIhDbnS09L4G0LqQ6JGChLhhQGtlTsVOfKv//+u++++6H1ww1W82JxirsbMZcIWSCrKU2BvKhYjKkKeLloT0llWSszOoqW8bOHqjmKzwE5WGQBXdlYO7STds2cHPJ4noosqDa5E+ZTBWUEsLH6Zw5GXHRCY0OQGYtWIh2tglTqh+7IFFQrLbmwzJ0dFHMEfeNuT9Vj/dEgUEqendCJbEIERwFWIq4HILQjKX8GJD/taw1QPTX2+LXDqV9+gKEE6oTSqmAUdHvV0ZzS6sae5HUDThXmm/ilKBmxEnIHiW2/3Lmok72IfEEyc4p92bjI10QioqdMTkjQJgljBk2DZnTQUkZRVezdXhxtUy99QrUsiDBeRBJt6hO+iH/x4ThPFuJcNZbenHYmaMmR0CFFQc3+7ZZpfVAa+mE1I0R1BdsbCaOBRTdLoikmmm2dUL1vwGhxWTlKl0giDnnv5oX14z1AmIgr5r6eEtC76xw1wGxe4+JWzV2rb3PvtIGoHR9bjUldPaIfV27tsO+u+amVoQ47vwVkX/gnHeRIGIM+6yUIuGzug9d6doGllFsmbXuCtIgupxakCMjpSQUzz+gjPHfwL7O25ZOFG8GLjpVcrPFyLS9gOyZwCJcS5dTOPzmx4hN7MICUO5G9MKJPypWqmVjIop0FgzE1idKeoaZv1BndlngBFale5iSMi4D+F90KBnO4Izz7YtMOifCO/QUkCYps3nH3QeD1A1cxv170SUXBEX2OaSOhAVHxwx1kWbqypgJGy2+6reA//8/+2V/9q7/8J//kn/7Zb/+81eK+AqMFjw1chd/d9XVF5eCbH3736vP3Pb/ibtWff98SwduvfltDdnV6vo86qTm2TMocuVgOmotwUXdiAXbmMDuP1rNoFPA9NoQ4bXXlJiuptWYej4ZWTffV9Vuva8Pr2kxoDG+LZTpKtK79tmBRaWNAI1a3wn13AU0Tp1bj8ePKRLCGIYLx96cKxLJES203CF2VC0Cth41dX9SOusiYsMC3euMhmy7vfvuNL4drLltxLa5Wtmxp1vSxSWwLhT3N0JI9yS1QpdoE2plf60xpyvzG33qeIDWLsPfaIzVNe5LZdLmglGxqf+3iJlfkmkDlQH7KjqSEuCzpC8B7zMXh+vyvvmpW0cVyDbAS3YbRJXPSmLVbbAuL9G66H/hIqsiIJjIcpF9oBhy2Zo5s04ymgNNIFc56qhy+LNeXwdUzv2/yKr9xeNe7v31d37Qf/JQSPN0ErO/IbC5rHjq3OiHoltCmKo5p2kl0rjUH7GDnG6GqhrfzRGibavK9RWs0e7CjHM7SLMu91Tk73iRnLbmjNLf9+vZNDybHImNzQrS9dQLlEXMPfDRHd6dkzGVXO67slkef+jqb9DaLe1MRK3o2pfZQKFO0tCxOiUy3gE1363wcUlKXu7qP1Ln/NdAZZ30QfVpcmS1o8dZ7txhX7nJLpxCVSCSdf+ATkXs5x28ghShkKBNcotKt+rVpWLaVJuGfVwctcik04RpuWdPIIi1yQAyaXuD2kcR1cY1ZEUZRxdKN5yIJwJzw7fe//c2f/e7PX71tPp1aUcogZxG8oDWRL/2rICepJdzLNQveT2s0QagaEST6SYdXVYGwP5QE9r9T0+3IvXGPeZX0TSrBVcpZfLN2e4t8x8bT46aR7rSn7/akh6L7bB+8IYNOTJGe+8ifBDk4JkYgrgYckipoJ7RrRCcwHdJ7ldaVOf4LS/xwCSkJHdW+toPkUKKelj5VVcw9+HD31j8g21lfq/CLFDSOEbfho+s5SLHCOTfCyVOkJErKJv44Frun5CoRZDap5M5fEWhnE7ZqaIuxjlJ/lAsmHD0NBWC4vFUdSe8YN3UhjfAF6/hKczY5MArUMpiUltIfX7WXY1HQUUltDLVmrp+bfeLX5Ykz8mpxDwbq/mMmcYiYSSWhxNpVInt781E7p2opWzuQQXU8Ilp70UyNDDkGly07vGnk+BTtdp9J1bzrejmr+SPNM2rJTpTFwoTXkdQBbjCrs3L9msoWCOttuuOwHqbvvnYHtT7SfTccdQYFpCHb4azh4rlOvBhJs12jT28sV+q9NldnkVntqclw8IqdIEezkGB6uI49kl2MjGFCq942Ge3BdboqKVRxc9Ifqw00a9QjhQ8/kGA9hig6h/KeXqlYVNRA1CiHsteAH0M0s6JyXbn7v3UTiUgwuXrFfOUggmp4oT/aw4i5D933SW1/csQ0qsgV7C1zZo2aiBfXatJCBwSkwpfyGlG5EVlW61XRSIlTSR7xEKZ8MCoZLyHCTKvzDidf0XbB7K//6l/+3/7ub/7D/+3/8R/9o/95I1kzg3r7JDbi9mM5pZMhLTFdU3vz22aKH37+6VNfmfnz371+/cNXr94mzyJa3x3svitjQAaVVmVbCctrsc/uvG4HBD6Cy7mObd5SffFuchT4PFLEm1j0JZ3ZVYFJAsfn+hS1xJVDYtGe0pErJnwPL/hZOb8omMzp8rVwGT03rB1u7cRsNMFFwKKRGcCThRqCrSlg1/IadwVek+x2vPzmt4y7A9J9VlubKyi5NE1xaXvu9a33caMk7S0KFi8XZpurQZS684To1v+0NLUL32K8wEfV72M2+GdyMWgSkOHh8RSqYV82ZV16NXFPpTT5KEsvf3SU+sQanZ6CW+T8SbDkU1XuCvAtKuXFYtHKZWi8Ar6uyXoXJ+wZlNwknM2Emz/dHMhKsLvNMqcng2Nsjbju5nXXPPcozBSlW9+fCXVD37oJ4Zdv3zQxqrwZVtjMTevm2GmCyyyd+PDVr4Wtw8iEPpivXnU/TGDW5ZmwCgsva0atlWZZjgs2o5mZ/vWJnbHsFsMOkE/imzff8YzWoEPOxQInpftm74LiK2bI9yBLoSyKQfE9RLSW9RlQX+0xnZiaJ+WHz4W7Cako1+W7xGxWywrrbU4SOulP3c6dTKC11PxZBoV7J0X1yyVY965rqbt+nqgyp28u20Vw84ZOP66zrSr2C257yeisvzBWEoYSfkDqqJ6NQ/pRn+Vn3lGtRel/Wlre+FELYloTO2cIJKWq7EpcKFLYVzB+3LXgnFRW57nP333//V/8xZ//2Z//xevX32XGtC4IsYFocOqTr1MIxI7mmgqv2A7cS09xuP/Cw4EUr2xEj5xiWapTkBptjskkkIhQaftV6IwiRDFF7RZMu+2sRD6PHjsJOySxOZmzHfKqi8a8YYJioHxto+JnRAAXCCq8Ux5N+w+mOQjGtqJXzyPLy+c8vH79GGuOB12DtzXKp4JVlC703ie3ap7o41w1m8CzBlHxlJ3zb+qpsZMz1xBxHEnR02ZMC8BikP0xk9B2qiaRY7KHwkAsuuyeiufjWGLSIZ0YceAGnbc/MrYu8IJwZSgKVCimAC81pJgIVLrWjaKyDkHjEwKFbGWwi/YMKoIzcCSRbojM6zW8jcLa0aCp0aQgmGLNu/QtyHtIpSNwIASK9S9b2vhhFWpuv5AFTOd6b1ob8T4CmkFrbPrRNZOZc5JCENsJDL0TQiNVLTRZ2/kitkZrpNnpA7kLVkbV8SbfqmHyWyX0rjBdrV/4ViqdVIsYrR5u++VD88Z6r5295YjoZ/xy8qBnZQiUs7KtzAey9wzTXu8xOUa2zV0C0Qs9Eg7IRsHDm833USOIrOoOF6osXWsT1skfa9UpyXma3Im0rlr4Jyc1fUJnm9osIXIIFjaVDxxEQj4uB7ba3nKZUhWpk5BFzKvSikamphK96jBefHcoJZPa28b+F1H0J5TUMOtLHPPGSmMoB6ukYm8ddJTXWFGkzVQksE4lBSFARgiFsl7D4McYDDJrF8QFdaLbIyvStHJhbJCyzsxKYyny3dPQ/eP/2f/rP274+ff+4T8sa5r5mGxUbREv+U3XSDKw/fpr37DdV2F/bh36pz80U2zB4+vv3rbM0ly7dBnKdDbGGBIqdX3zJYV5UPwyMMHzyHLcOXOxWf5mSdrXLZbGvuiuVwuSdWmzNSRbcbButAVMwptwdFu/B1hq7svczfd8nQpfeS8LmzZYxqC+T/bxGkPNXzZUL8w5Ky/t7sDs0bMFYG2gYAE812Wuy+Kx1miX34WBufUmuxD58dOb131xXQs8TRw+bsQNiATjnCYK9ASh2YePGVoXZGEyBe14us2PaOuUNBLDvzlfUoILMEHNLbqY+W1XGn3E+PnXFrSaNiaYY0HOUc29+h28lL4uSGd4AXimnsk09cyjPXzUMmkdR1eNWQbuV7/2hX77Dm/3OxZDMwBPQEMt6svzrK7bCXBT4VKvuWDTYf+Vr5cyEWza0RS6HyDczFpuNk5Y9RSN5DS9TgVXMFPKXqedroA0bcyEnAKYSWTBi8uV8VCVn61lxtbMPfP7S3ISl4Fm6o0C5YkJTeHaVKgvKoJAUfR9+6MpXe99SWj33eQmUW/67mykp5lf1xYqaE5MuEiUGB9f9bzu6+8kRkdfd/U/o5tt+0HC2LuBp4jky/YL0Lk03679ZShjNORy0uojnOF/2kcCZWoZ0dcIeKwwt2SOCfxXX3vE8GPXbVNbiIwpskaTN7Kn7inuXEoKD6yVSb1FCRR9ftA0LvNyScbl8aQkpjNQrT4HGzxzUYGPta3ah7mi1hS/+bp54V80NfzOU9idR5YWvJ9Xo9zAEZR6A7kNJYXZcQDSVC8vkpURTH3vDHGIiiHmBvZgXjO6FIkicrD39xBPdpTjP5n4UqMdVfwcxXQSH1rFyCpme7veS2H2zxwTOb1TbABXLanSLw87JL5tkWCPpCvFTyJpA8C8tgUrwcYCGqirRg5AlrsTucXdZyYbHVZ/2jUQGGZ6H0oRTHjgCckY3lBxJg009qSwdJV/HAhJwc+8UGkCHXFBlOSL1Wk8OgfVcsL/n6g7a7Ik2c7znFU5VnX3wXAAkIYjgCvt6xwAACAASURBVJhFkZQu+BP0/013Ml3JZCYTbySRwMHprsqpKvW8n+9sRWbujPBhzWv5cg+P2HhbI3QBolkjdie5Klaic2IjMhe5wEUjQMWq8SJJRVcgDpHDGZigq8FPGW8tDsMH9ThRHF+zJCe1Ca+CIfd5KQpYDHKHQkHjDeImOthHAZ2OnbQDkwYAisURHSMB6+gs+H0UuM+Zzym7/5cWTSLOD/KnjD7FnnaiICKsYwwMCPQjjTaZJKdDSiGaO1fSRHTrEqgsjIcb92k7HsGllJYhc8Uii9B5Vi/aQnUuFbw994UPthgqEmHEZo5/GIpD9B5zJIF+sJKt956XaB8uraFXu35RvmZxTXb5x6UxWg7jQdJGt2iuNesZhxfyGxhXk5aC76N/2tcDd6sO+vCFMxWqOs2JOtNteFAD+Fqugf6/9lF3AVpZvkpoA6I89afqYCJn2ouM6IjchDzrCrHG2kbYjFOjaBrpmnYfSo2Ov3JxXC7igkdURq8DGqJ6j58kFQWVaTdyUAnSOs2pIYy+WqwjkAhjIzrWD4aQgxh/zrKUKD0U+heWuDxAGyROamWcNgA3ZjCn/+1//V9+80f/88Pd/Qi9shWBQTNI+cKAjcaCWVODD9f3H3/0Rht7tLw68196Ic7tpxI8OBsL2I+h09U3e/ljLNMolDfKu47qpDLenVvAi8gMpQaTtrBSx2zZS6Z1zZkjXvcynrGsoAW2pIwqetgDECCD+e3b0+2bFC1HsSiEa6fz4Fx303UvI2xFR5jClD4JERQ3Uw+Rw90+uXbsOZJtgz2N8a3W3aR5CFp2wAvnZr3O2WMKnufguXvyA32lg1e++szLHafsKSm3JaUNqEXHFj7H3yUutNEkpJ578LaRG29jjgUyETa6E4xu+aiMRBpUhJCYWhZvnYvlLlONOEQmArPFbYxjThQ6YX6zAZFillcVdJbdSdFaBuvWtqqbbnCjg42QO4wIQqcFrOxEBrhcW5kZKMIAlrwRDXCLdvREL7TU6mCQ03kOpjN52VhZbiYqJcVx6yxS4m+FmU1th1qsU9izdmXANWx0hh41gexAByEsicRI66GFUHsqXkx18oYefrYlrudC7CAEhAX55Qt+e6ZqkYyKdxe9TXh2K7qbzE7ebq+99b2pM3rMjiydLgG1budEYXtACby7OIr6Pr8nvVCYIByZi1Ni8mWlCQNnFcWBsQpMeEjextBy+lTcQjJ/l7XeWJkE18PrOM3a0wso+QVYOpNPcCYu5ZvNJBeIjtBV6WvSllqOJQYDGaMKj9NNvEdzfFwkOwfEFCbHQdWfP3+SGn7+4UfGSYTji5TSSrooHnSSTbtElZNo7nJmMHWgLXMJYMApYtG+ThVVAWMnsRKlUR8RLp1A4TOgG54r3J8mY+IM2rqvvklVjFc5eBeMORbY08aoC9MFn5qO5WkTmoqa+zhEIWtU4SQeVGugZEF53SK5qiS/I7SxwV8LgOtjUghNrKURzsJWYy9yi3JOiFTd+MvgDic5TqS29eSIPN4iKSRBdK41mmYo4a0oPRXwUj47zJZiOrreMRa7aRB4PSIEOPIf9AQbjXpni3P0wBZFYy55Tz6F94S5q5gJ+/LGQQtcTIUhia0FSthLnfaR9OJFhxgKFGrrND6c4SVCAbuQF5huY0WE4hHLToSnGKCMIotDbZWHufoAzMPnCkw4oYw1KIqJLg9ToYnYQ9+hKVgdalbd56Fbq3rCavoqIfPG1MI24lBYFheWQ6lOsDbwJykk5zNFKHEqO99cHllN4hsiQuIP8CwMtP5Y+SU1FKPF2EWk3VVepig6FUraJe27MTSZhlolzRbfjXtUoQzE7WVKWDhWLMb+SrJah1ZiBKKjaELAG/qIZApLUyQedZAlNwBMqztmMQlzljNeCnmneNqqlV5ghympdjmbJJGDMVjVFv3RWOVgI5YMtU8tOcGB1b9wBivUPifIoNc4htLqUE3Cs5gBBY4ZTU1aEXTkBC726z8afVITpwS8ATH7rDrbjdjss391zRjH7zGC4OnYLbV5Sm1Scgc4OdCF4hWN74DGhKPOk8S5iKDDh67EPkAgalY4rledF7gbSjWvx2W4/d7msH/9w3/7L//l//i7v/sPDFFlWYV+SBkan80bFr7jHQFA3PgSlt94I44Fxadffg9Jj7W2SFOqgLF6L6UbrcmToma/2oJLAGeoAgxZHLPHljmo3RA+P17fvbz8EgWE2/tNECaOGAytTeLBPc346jSpsMTe4UJvDbYmWBpzKP9Y2hK0Y6fVxjkTT3oMdpLJ3NGQLlXARnhQ6S5cEAVcs7j4m1jaO5ekGvISh6PrdrxdPcSpNE7DTCKorU61UqUWIOJMNpaj5N8Jo1w8zW1xseQs7ECgwg2AgNe8E+lOXkYSoLbupXd0cnLQCFFokN6te/4qEMmOE0I89YfI7IEcdXSF8R7+JTu0QeD7l1pag3DObqdLy2OD4TnZVrqmxijEYKIhwwwS8u7GtnclriyllmrarBdrVjlRu7VDJ62TEQLJAHEcOCEnlO4SJ5LMLy56lPuVdiPNT1ibWMN38EOduutAo5ozK8DLI6XMVvAkvtoSfS3eerRcY3s9P/kGFLoe4NLUGGYpKcLO266w1NrdY1/tiLfeThMi+oMFNKTCOEL2laTbLAgHRbdy7A2IHoVhb+kIAQaEaZkrSSWTDDIzB1kp4bVlgSxbvcZ/pYkBAssGhQoC9cYYq4akd/v99vv1y40N5W7Qd4/+uVvSU02PN4NqtUFSSanjGhwWAByeopwc+vSxFABzRTvULdh1dlTaaJqYNcy15PJy6Ou3u4cHqeEPnz+54eBRNu3dwkoeyzb4cCKi0NjDkYPw4eoyeXXRZ44239xlxVEWmDlbUtYnIn3Uw0WnWtQ5j3EeH4WB4wiHNyWA1KfK06mLfHd8D6jTwcixFvHBC2bTgxnAIsEyW5fJNQIZRpE/sESidShimrPu7IJX5JgURuUgc9ssrn4g1MxBbP7QM1Y0lumPqcylusC3izRJFgHXlCPgd+KpS1RU4wg+Eo+cMxqEZssHx04KHxrna0fSdeJZteknAMw2zwkm5ny4HIzVD5PrfJ9t9RExaNAUNelnaFUcwoDMVxZUAK1vRIQgax8dVDr6hyeri/2aARuLgRxFkYsOxWuAXh0jwkfKXGgIdX2xWbytuC7+K295jXAy2HrpsYrZ3mk6aJWT75RuoFRz1LazA3SiOPyEosuaVQJEdOtPtLRXdDQE+J5jLx+246YAndi13g8bYhY6KLHLaGAKH4pbPWyVY5uPaI0wNVpbZBz4rJH/FpUFYWNmLit4GqqK28r4YXlh0amlwzVtMERpvCAk8TV8s9zAJq7Ml3WHI6ZIeuXhrsUUX0dE62tIVLym8kW72GuSHa1b1EVfJFpgCEDSJc2UEd/TcGytAofZb5eQH+UvjOG/XuobjhJe1E+IEa0uV1OSDsZZtWvxzjBxBnW4+ujML6k3z4f+uLSTQa7BrETT3CLA2Mgya50wYPBxuIjiVUbBkqGh53g45TTZHQcfd/qMltiPmUGquWtQxnzCmQyAiyMta1HrAXYVNQnDUXTRep0hj9SEc0AfyEFATFSQMa0SNWgVx0Ndo0s6ZbiirKt//f1/VQyJ2toaXDwXctX8QrdYckSW1AJop42phoe94/f++emrB1le9s2zXn6yr6bFbQlU2DJygNHqvz9jkdO4DmC5Z5EaenXEn0M3C4pnqOjUx2ntAkAaWZBLQFmXbhzKpqnO8imAl35gwalOQJUAxYCK9qI1JptbKVAkn+B+UaXxfmDhk2looQq+DeS1QUEjcM7qRjaCeUXTu03bSgUIefL12r+0k4reiW5F9KVHYlEJkJ/dck08CKuE1qxjvn27x1GXS3kLHSXGbkBKPfIAPMmfynG2yksAseOFMsp6fPsYXfcO5U8ZS+KVlWAwFdz08Ad3LnG9dt+XdCMVOgcRegKakT1732EqKsMs9SxzQoUnb7aOtWdNIjE+CGZb7nDxvSc6RCaG0tbDHnyBsMxv2FNdz+f1ipn4UkysaaTXo7hqox6o76bT0inY4hpzIihNw9Zt974BaNsN0mwJcr8IKOrJmFNA901Y06bOhcdFK99Vc0tcb1ZmqZFY7NSGd7Y103kZS9S3G8ICLQ5Rm9KzXHszCrMPNuNOsyhXCVGLtYVi0upF4tTE9+qF7skuGywrQn4l9GYf0FUPPAFbWPO/hPXlpS9MxQz5WAFFufXmPImttQ4BLyB2FDw9ysuftFEJaSDg0olULUsflU6+jIDJhoVhN6aWiTlIG9xuJ4D+HlrYcQNR6mcwHyf8777F/aff/Pjjjz/c3csLcdU6Ru6ANGEmhsA+1j9jdrpRQU2/SaBG+9AtsiY2XaNEoxycg2aExKQ+WyE9BS2hHSNdm7UuTHdTJJBrClKt2Y/PnOQw0VkSz/gvdZSb41c42nS/tNHbWBt5HXXIhubLwSC7mWasucptIn8izTYWURN/yJLfAd+/eAxiUQ7IWcIFy8JhcOPf/73B8/Q3VQl8ojF3J+dYqD1jcZXKgY6IoYLkstgopQ8ZlPs79UcOYUmamFAcNX70fxekjpWCvX8sa/SH/TDf9bgDfd2P+WZMUXLK+oQHQZE/7pTMXuo7oSVYRg7NRWsMOG7aohLgSTnjej+ODjIzjYJSs5w+LEfE65M0sgHDI4PCa+1Oe6dEKFCP5QM7EtYmm0lr0dDHYeW7GduFghiqPuG/H6NmF5cqxKyJMnBK0LxCwb2Gl0037V2pXaxkrmJOc3in+mQ6JAJHri9Wk+z8tijjdCYNeBqL0aIb/vyDpyn8omXj0EkKe1EN9OfmcpV82xGuphw+Gy/8VmowTgwRVsxLAVNmymn+uLIuWMTa1Xb6imbVxN2MIfUASqiMFVkir7EEcP2gQ8MeAqmBI4A4duYP40NTd9Sdwp3AlXLWJ+2kL0UEF0bXh1ZCiuxVJWVHMp6u6wLBUKzA5Rlq6oCRET3jdH4xxdgGoBY+0NmT3dE4HbaCMutart3FHPO40uJAiIJ9+eliQi1sYrthoJRRGYPr/MIlqQxFstzwAHuirXEs6PJOFNDKowqHh+dAq9dZn9XmLZOXooRYzKatizzjJ/3hG6gQwFL2mMKa2hgSskVfvicxbM+TQ5LUrcj4qUsQztjzbZv3A9iNsPuHz28eDL25ffz6h5dXz8h789n13aefUsdkCxMkcJYDRAmi/A/wBNrFiDdmi/djrEciooz29UBz/7TCdl0dgTeC92CLq6V33H75QSFdLWTatrrmbqzbBNsZg0niDp+c0qpQ2u0pVGow4kHigE4jjmUU1J+7FSPLZHW9vr/1JEkjayy0Xc9z1t2Ac3Ndb7ffDZ+Y0JLvAnR41zJExf898oKZOYUdZpaFLMdIguLKfpdb39VBVZpbh7vIauaiHqkv8BtetDVye7K8Yek8oGAdK2MqE5DBWE1DpD4WlKZvy7QeK6b1o32ruE1NM4FQIUfHUnZWhX689z/FxAVTOvFHQwx+62t4BKGCnyaiAIa9rlxqGHSRwUy4fOpkNNJbniN3RHYibmlSwbzbJz1SWKELMd0aDgS5+VNbs/abJuJMRv63/Zq2Ski/QAPZclZd9CsMdUT8Bl7/M/E9S66NN9Q8PCS06TlOYfPtJc+PP+sN0cvbc9pvjSUlgnT/cI9rsp24+vR+ykaYPIVEbwTjMoOwNh70LQQvzyi4O3kWAqMl241gWxp7T6TtjQp7h5HgS5Ce7NbstMSOiT536f641Y4Fdt2TdkR5O+YXb3nCI7CtQL622hrvpGs1S6MxlqsRH5VTCWLyv4kle8eBdgRK3ks6k56ikx1mt9F9ffXD54cff/rh8+cfmYfEEAuY1pOm0Iv+CEtlFVBi04+uIqWhOxUm5cLHhlUkx2mV4aOJVIgUQm4c8ZPhKtVEyXQ+S1zL2up//tJzpeErTo0Dn+tfnXypS3g0y35SEsMIz7zq2Fi0hjBvoOnzkQRqE7KIAQi/ChwBJMqRu/okOzIgSarOlYy/RV6dazHjrrL3n4Na2aKXM/J5B1IEO41hih57JprRBmWCT1SJc6Rlw0BxUowmiOqiZn9xcE6DX1kjQcKSCbh2jq9V6Th1VLZV0PCtf/QgZF3q2mWg5LsokaWwtVRdUpCwnI7chjxULpKnDrxkjWprVo90Dv0Z+Vwn3PEVrpL48R+96wcGtcT2uBykyA3gEUeoJ6dkMkloOxkcbU35R26gBJi+gtM4pesyp7Ebo7Xozs7o0mSI4Yr/yzE3G/NBGdba16jkqLcMvtzYtXz7eneXBBFKNk3IGhZEAQNRCm/Ps9FqwwwvU6DZporllGkoPRMHreXBPK1cMBv1v1FcgBDlnedbFiQkiEL0lgznSlG/MRXuNIHCPvwStMh2WUEvjHQoP3xGNXaRkIKQTOVxukZz3UkDNA3XhqijyfKLnx0jyULCbnINdkCZdxqoFzjjMTZRU1X1+5v3JdDCBDQJrH8ZxYozBjmvQWtmh8ZgnkOTMaB3feNJ67qfgsNJloLjdQ98OgrIBVHGH8fDd5S8VWgFajqAZ9p1icRgbTmgy9XWtXbJno533vVKlKXKS2mDDwnq+M7OAvqCV9D8qlVHES78wFjSTDrgHRkN9GQVp4muhv5rLYxl75naCNctUR/TD3fEDtTNx4eHT9pHimDPPK2RWP4YAeENIL7LSEKW7dRRPPXPeLFZ2tX1w+ePN76u9qenL3/4+V//G9szDLCQg0anKBS/JuVOy7YQm0C0CaA7ulHRXbrRnDk28CyaKSGwVubXYcRrrkl74GSBWMqIQOVnmRqWuun2dlvEQm2Zv24AhoRsRR/3HJOsS030GbVdN3iV1EaesdxboUOWCFvVu5DX2JgQMo9jI5kedG4ptgaIYHB0XAIndywnfbY+VMrqbSbREIxupHuOhPpKNza++maNluiRlaWwnJ6WjZs4DV9FW7sa8RGAhL1YW+ueO8BOr2VxUKoqXYZCSzAFnFWt97GLMtoeNJF3yUgglH8tLYvI0zrQSbz/YSggvb1aKYyXolaxS9jyGiDsq7XXMEvolkLWmRwm0jg5MygCdr5BBLOa7chP2qpTflbKkdZVaSBj8ebt8pCMr6CXpsEupUNn8OOu53BbsfUtAFFZ2tJ9ltdvDw+399uDiMXKkQIG0ZTDCnqpGBTRFiXScdkYkMQudZhRbZWoEgO1gO+lSvLgN48A0glTacWbHG0eVWrYbCvBBs38F4vo8gak3X+JWjxN1i2ZSeUbK8h6+b2dwiZrbY40HSEA4wVrQskHb84O6nQIgvQx6Rw3Ks3HWb7TqJ08evglHgCWxaZyOMi1NcCe3Cq9dUKYlHYgJcTc+e7HH344kxAygoKYwKKUKM92E37KDAoaBoNAW9nrOsew3PtubxXEsgMdRVPdRzwYmlehcOezsVqzxApbquyiVCYGjuByvhPz+le1ipgcrAa9sOAcGUqzkmqhW4Y10wM9by8+ZwzZcPbV1QHTiau0wFnpMTMZtkaNaC7nKMlRnBkO/QYY5wFCAdXqmgBSO6ExtgY0wEg7BKduesSjjqq0Hg2uKiHumORdXZ/VEsAVNwQ2sSzJHkmVrnVqrX20+3Pl/3z6tAQ/oaCi/zOAQq8e/WraZ+dKsRD7AatwNRfBq5heKrzIfNY26OQ/bkYLkY0CLbWN2FPdRUACoyjGp8m1iJAEFy+OCWyiDhgIyarysAc27Q3BPmjY5UhMotVMsNrpD0+8O6VErOMUnCwzlQLU7FOHI5VOM8D3Y8BWP7gYpY0A1K5QWYpoh9HkUyhoRKkBdqa54Wpv1+JLXslhmugHJtWuJSpjtICYl+a1YOe7ZYpULzUs8LRuwFTdzAtrOWTrgWg5BPVJEjrE7THf3GSlBKSryJf5rz0SCwo+90OxyTGZ6J8pJD+FgU8mtkGRoSbMEHIHqmylbze9DUbuc1mDn1DWwUKdnsW+xC6MNoBeSI3rTiMk/fqcip2sfNqAKbkoURnIuBol6NWyTonNeTwWPUCtSa1ru7/TIzR1q0Wf/nfUtw4l5aeh86rQK9zvpA5qgczIoMn3/G/MDf2p1ULxqAFBU+qtPVbCFR+DF8JLrzAl+sEOEI79zTJjLPOI1GE/OlGgofMsanx2fRAER1sIDqNxoCaszRwcYNZEm5T68e76+o9++u3CtLKLeFAeDghm7WwGGfU7I3ntGh5nRJGnqqENNe6X3f7JtW+H+PxjlnMkHj1dYVrrzH7JUAEXlgQkrmVZkW5QrQjsnnnRJsZKP5SgRiKoVZLsf/L0sw+xLULw3bQ+nLWZbi1pZOOZfcit+XECxgiPa7mc9a/t/1MpaciHRyQ6SxNctLg4HtoQAlYja42xkyFY6ZFLwN7a6kC5XCSFVIm8oQ16+JjlbHER+mV4QSbnptjz/NAlH/G6GVFRoDu8JrEaEaOMo2GgNTPtSnN7S9HMQdeQYJM2grND+ECukGE2SkKEVUDYfj4RxKotOHjDUb52SaMNQTukMwb7Y5YhxQ7FpxRXkBWlSgWPKhkbaKlvgpButmpcYmbL3Bb5EtxJq2mHslNy/hFnaJrKMJArugapsw7JUuKThOE5PRY8cepG8WpDjYwal8FkCQdaeVGSN+15fXx++Q0jvb1Xj4t3MLjGZSueEVVaZmdhxEB09+DxFGdZZKTS7q23C8WOR//kXvS8wDFTktQ9f/dlBDP1It9FUGQFR6aSF6KHFwyFBqe8p5gxviGhlWAMCO+Wk6WNHyx/y0B7WWlJb8ZxZYnxGbs5put0FZv8x0cICh3Ix1LRp/IGJncEWG9qdsMgLHLILEL7elONL/VhbJ8/fXYLO8oSNAKmm7RAbqQwz6pP3kw2pY35LoV34wHkFMrRtJ4fjC4iPIErIeuM9trtSML0kZwLqQnQaYmUFdesqx4hDIajtl0HJsvRHKMuaxAo/y5wahgZirMNkVC2uV2DmldBDHkZQ6bJcLcK4+giCw9F/4arIvavFV1x2XcGlCMrDhCS+8TeRAsO8ezYhB+FqrKX0Z0Qu5cx8HWYgRxtBC2sVEm0B4Oacc/gT0sU03XNQKJfaup8yklmg3ygh1cFgAtsgNeOfPxrA1ZNK5tHHgan6mNgAR8l5DnOTkwPhG5KwjbBh+YCeQgPH5GbAcE/pnY5/hCi5Bhy5CfYA6weNe6z9sMAAsVNUCNh5YfQEGgHIQXpqENnAV3fGaDa+WxqTBk08U4hweSmDsX1IgpP9Tld91N1Ob+0q0rD2VV9jovXPKIzOjHP/ZoSP/6xEAh6qaiSWTNLEtDPqOKUH5Kmj0k5NAFqDjZLxVB5F2sly9LA89CJgp6AKSlcZmhJYfY9s8j84krfLCJ2EUiIyRKd5LCU7kQzDCWXQkgmjoy0W6NlzU1FdB2gyNQ6pSbHI7bQ7K0eDV6cySJiy5mv3l7Xt3VRTLBJHa9JryEhscfvNMqBLvSm5mRUs8wqwmY/6UShEWdyjiPkBrmW+kTgumkXsDrj9AL5gBrygV+TrIH6AhI1Fy7DE2BN5thqomCOAuWhJrkeIY/wPC2buNBwhAmsokiJEOG2gg21yiMgoi6KmhMe2eoxaqMjIvpwviOKz1nSj2iNDilOnQTxwFy7WkTMgRjJE9jqgrPm6zlSSgsePv2otfmGr20+ishw6io7aWWr9JE/TSQxWPWxmYhdRWN5xm7l4sPVw+efbj/9kGSSRxF2rHuIki6zx4pBcyvMo5oze/lsXKGp0edMr7Mf85xUHBf7L0hG2YWTWMdB/eiPqLquLTDg06p7xzIr6Aqu6hsCSd4sK7kaX2UFeMkVjcqCZgCA4scn21AhXVHfYAnoFnViDKCgEhzUoVKoS6O8d6a4BSmVufUmF5sC4Sr4RsCYRK/bvlREaGJy82BElVhZa/FoB0qMrF6AZ7Xo5mlfVqZzWHKmQJQ3YED21qOvmCpB1P37y7Mucz18ze67/VqZxIUacSFLEEXiiycej0t6ZLRHZ2iyV7r4So+43EPFNNKIRACvxYe+blGVV0VGCh2xnMJAD5bLxmDpFZa+H7CcllxeLZmRHIEkAiLBS4t2ya+IQ66zrcFshE6cijwPTn0TvmiYWt1Ml6mcOU+9kKFTpkM1iCTlivAVBL+pfD9gRqrPu/KfvWGnsgMCQU0uSMo3f8AjlmFFJfJRmDOwYTfNb+8XebVNSskw5YkoROSb8s5K9sdCoamyjK8qqeFBRB1ECHC738B15j0A3roOSPee7fKEsCNrQp19n3pbci6ITEHGmbcPT9Y0qdQrKIMcndRXlOi6r41phZcNqM9uZ6rxAKOvGGT1ZkeTEumotpmY6pmQXSIovrfFULtteBuLjICdlaVlp87oLsbTkuv+pZnuksk5bT/BRcbCdJBFMymAo2AphFN1PqOimmwPFHWbbxgB5yyn1lVNSlzIOx45k0/6jaqNLYSFDLAC7l9+SbxTHqQd5T1151Z1ffNSogq0WXnNG2599NMmRAOwHzB2pODMoCCo12J/CIsmrkMKHFnPP91Zyhg3sGqqrGQ92SHgGKHPaOZEZfDeYLIlKqz6IdqFTW2CMgZ8QOJ6f64mfjMHWMpWwUoctKZ9bGVBk0RksO0sbxQLI35r0dnEoLuqMFcWgdGZvNQzPOY50Rad6Ah97aU5RB7ychAl65vED7SMq1OQfKJ40pklDHGKzFUzjGQYwRWl6XRVV1pWtWNwgx3MS8u0rEESECniRzYXnQdQa2GAaD/JXwYxZY6IGhlBS3Ho52cxvt4nqJ7e+y7X020E1PKoYJcxktT65yShOuKdunIFztXejDLE/pTxFw2hzT3ppmX+xQbVINVg/8jiLAxTc3OUki1HYZGllgs2xzadbfnQ5FG2uOCTwWM3sqCgCR/TzIWuUTdBz9Yz7ew/kSdg/yMiEeVQA2AlYsbcZOSIaEwmgdSEnQSQDBJsaK2CyAAAIABJREFUAt2CZsmqX1/b58tKpYekcfVyfXXr6y3si9fO8oM++AYna0gYW2MFBxvDHhkda9r/qEzSO79IquvIHjnVx7BDSSo5tNV3F5VVWWIQq1PpkMW8Yx/Z36Wz1ZpcOv8/1aULoZiYasa0s7R65sGE1PChW9rUd9Z1qiMmMEwdt0muWJrHZMbgRFMtfEyXtZ0Ww13FqNh/aMMYuFMTihWt+L08wuKvVk5Dxza6QFlfWAyEIK4mD6QmBYXdlk4s+3ZXt2BnzBZxCp5Da2S0C8p+LMs/s0wSyRLYWb4EXENOo6ALOFuEkVZKFlt+ODNy3QmrCOXMcxF74fDo0mOKQTlKSxbbV4V1EJIMOCy7phNSUif6rIr4Mdvo0apFg54ikJfHcTnYxdxcME5iRn3XyNRHUWvwyEo/yMjl+V64ttUnXrIHeUkkLJ009MlyiiZtodMrCaenadWyU/uBMWgLImeN/RrMpiKvR2w5cG8GAQen+kpV2sHW+2tyHMLo1rTYJExMCb5JxbJf9lU626qV9cJMrvjFPDkfaykPJpVk5SehIqtRKubinCRPeCqwSATtBTQ4ecy5fDZxSJSbjfZFhmHRJSaJCyPbWZiMOVOvqITe2/u8JBHUxZVuHIdI328GD+26m3zteZZWlNpmlzRrgPGXF4tUrrthmgGSjDvUhmzicoVwXbyTWXbhskSnnmUwtJ61SXKxp1ZJQohhas8OtQWRkLVMFeWXcSxC+U8ujP1BApTo2ARrjP4ZqpyewK4fX54oSGqON0CygazZfd7U0e1mRaZBKQu3ZHcLZzq7u/n22DRZe7eUeiSIFjSIZl8p1OCqrwBeekYZ8xshFMXW3IqlXp0jMfcSTY5YMCb5HoTKd+EmN9lIO1Y1Lp7rOO5IplWjaRuL0qvCAMFTifA7vfuftZI/NbYTNHfUr0TwY1+TrV3TkYhK3mmTUCNZBMgjvDmIVWR54xtFhFA9KgASW27vvD3Kho8G5YXDzEdr0ve1MwSBLDYMINEXEzTzDytDV3GogZ92t1hVi9RA5BQ4AyoSa7WlfYWjt1aQVX7uIxRkF8IWbXNrLTbtBGvANK1w6FjHMkNKcGqxY5bdwBYQKhsN+UlJ06ESuegCtczHH1GzguwaDfMH4DtIId7Ln2dRvCNBZLT5ETDW7i6TrndmVBW6C3Hgpc7ERoCt5RdHo4ExJepRESUYtCkjELVGjv4uTgZ5tu8cQk+TpnrrfVgCVLmOlWYaCTtMjRMx3VQdm5XXTKMa8qMYWc+RUmH6TJm6EVgdqrJf/Gg485r71DToyWUBHHhFCfZgiISAzCAr29nsJzwZZ1bBVGYyRJNFMKnRqTCojZ8Z19gLU5xEUyQB0GkHMy5HoZ1ch+EkfBYcurMj5ORByb9j9gaIA+ygO08Uffp/+TVamM7zrJJD3yVAtDkaWjURavOiy17DtoR78WxWBBbqY0742TFTzFILa8yVMAW2Tsq/JGDLDTWoV9ymtNESqZ2udMKI6TRqCgfswNStvzAfyrUHIiEVVQUQ8JpgAZZ8x3TeO7OAjnJrMsdw4gf1BWMzXLmh743/+HT41Q734uJZkiieJz25Q5FkpIKSGaEE6kGNAYWVlTJNvuk09cziaEfxqEyrKTCo2uc0azdxVHwgOsMM99J/uFYc0HmyftESEUEhD7R0OTNWByjgs/QqtBoJnZEkoAoAD+rAA4setcDNUZVWUJuKfdZQ0RgDj/dVcHpHwzGbSUXH4gNGxw6SwUi0SWmk7WrkahapBxmH+JXmkQO8INauxAQXEE5DGTcev3j5zW9++3D/STGjrV93VzzW2U3BdGNPfc+Kwhe2uu6IZCGPEAgtasSjBl0jH4qxWMJxmuph9cUFQbHAiGNl0Ws0MkDnAX7xl1tSmCFGiM7sVShCdahTZpLI2Bm3jpM0OiZSDRx5eMDKMGG1k+9MJuuotwigowEiSshRWQQFA0kUkd0mnEOwKjDxqmTe2Oq4RvzcxkbsLCvLAHAcAoTj5/XVmNuXnUS7DHxygAuiNFpbSY5lwkISB0KNFbZmuzB1jzvXEces+GPnKFvCpC9fTgiNMMX9aVPu3pezCSyyTaCOo4ZoLcNaoDRbK5cSkxImzoqTvL67mQroIkPTp9TU+ZhKTeH3WgZLYol4UlaUHpJSzwrjQE+kenZXDGzuUfSRLHlQpu968VpAxLU8NQAxFfwGRycE02iGUOgc573ZiLFQ2iMdhUOICmB9H0kb8pAqlOKRJGGPRiSBFGvTQszrFBcZglq9lgWcB2ViVFvtM+Sbp++eGrFKFlLyQm0JWVlW3kSjmDoDBzE2I8liYKReo3ihPxuwuiz/9e6np74E6LIUMBQjB5mh6xeuct/GrhUCmGJ9khbNwMCWTLVMHEgU0GiBVKtvZgW9aJGuFW1AJAdgp4ICXtlA1I7musQobjI/XyS+udpZsWh74hoUmUnesBMRxkChiZ8uyJNAkHDYJKK50sdeDEddx4Zab4wnSDKedti2RL3Bt0YWDlrZajp3nDb9ufar0+zTWfD2lwqqIAXN8krNEaPvhiNGwgTORGX9Qlx/8tcGu50FvBEvnOnGNVk1udL9BI9gB3hjrlXfLYR3v6713wKQnxzaMdrIN4IKSkf1ehe3MgdwVDbhTnrozUNOKrFPTxRlbzN4tnTJJ+PrMgjoXSCL5XGjPBaAFg0QPS6Kb8mNv8TxCKp9g1zqUXn56V9WNJkg0fU5UJ7MwclhRlOoul5kzc+KQkEn9yA2eGgTlNGxxoAoW4vFsaSU+ubL+nQyWMk4OOiLCaKEKi3VP6gI9Zto6pYQa7vwmMJPEozQC9mDRWXIiS0QkRWgENR5F4ucPDkE0UvLLrQ4dCeAqSOKJvWqFvoKK6oCNk1G1eWd8wHCE+JVD+v5yLKc+dX0FEWOhg2ygom3ZblXYNQQom3Llia1eiFquBWQuyXvWVGCPmJqFPNTmD6BawNQCWEBcaPjPGsjZfubTE5LlAuVmBx9ySKDTIPxibzo6oPZNw0CL6UVWZ1mF5G9Vs3/xrC2Z6wvoLVzF0WTZATOdLp2c0r7TKVoewRUtiePeIzTw2KJ8gIDyNfetOzW0gzFLBvJaBFYdQ7x0QuYaiYTTZIwk86AauGqgniNu6m7JpnCkcI+Azclx1x1QZrJqwj8iqoK02qZWyo93S/l2h5rC1udLvgnti7qOeSHqmhwXMT5bmWhzOuC4cmtSBkV9Ql/7ASn6l+BVTiG9Q1eDSpD+FESiWitaBCEbs1VjtIKWUUufGkWsMu5qtz90hUMknWRMBnox9/+6V/+4z/8p/vdr8x1W1068RHpe/DM4kGBJx5GfjRHOzWfGfli0IAeBYWBT3C2w+/a9zHHQyxLMR/THQU+tkRnfH3tfXLzBbZbMgQdW2mFZRkM6NOabDVrSmJ1n5TiMvZ1ykOq1cTIXSMXLAcQBNTeOSKs73i4QrB/+W58IxciZbxKNCE8skhYukbJNI1TLl+jcgKJ0R1wapRvJHl5fbq6+owF/Q0sljAD0hwgbkt30wWvbrkQgWoFf/TshlQA5WG8li/leYJOttBtWzEBYy089Y3N3putPNtQuMHDMN+bZBoPlaM4ukPXI3MJMaHXpVqA9r1w+C37L02JhZbHyh0LP6wp2SU9D/DVpaEEOvOFm8eXrxqrlJXyfhMKSM/GOA1RlkbjodVI8b2vbvS09W1fyox+FLkUMbSsFQxb3ZQmR7wb2H19H0hE0XsBxS0x8TRrXPTbVkpWQPzzj5XkC3GYduFH58sHLyfPMNqVU2DNBnT+6ccfzONprsl7PtYq7E4QLmDfvHmPT4zT9WIkScvURNKeMUy6huOsYKcSQmuzkX6MJBkTfKOazs4Kp8twImUwNcmbAhUeCeXtt/s70YIcSshk61WBZygBrAvCyordkrnx+qGtxzEGsVhTAgqycQbzHY2F03X4oseFyqXU0uCsizLzAtvXcdOiONsmnijSXTgBFUYo5hGRS0ZiA8mByrpabtEzI8r2CER+ZVQ3BPTkNZJCG1XAurM0jyakbKR/x0sRsdB1SnlLXbA7qmWVoylJz6Drh8U+HeBr2m8nNa0iJz3RnSQGdqJk4plG3AxY/DWczU20bNBtkOyfJ9DZDHhSRlXFwdRQfhv8SO8NUFGD3IjtHwcJYxTNTE4twjKlCO6shm5HVBJBQWzkLIpcXfUd7aopFrc76tIRXocAIDhqkse60r7i+SpQnTHLg77YpY0DVasKWcd0mg6z0EhNWSgMYJgwe2DGdFjHdIwzmyY2xTP9XPuoa7wXryjAVYytk/9dT4m6+6lHl3QO2VAVSRReLqPqkFZwRs5ARmr9d3XaL8zoGAwkVvMOYpSqEXsi0Y+VghlkyVO1pxTWIMbsWHEtVnq0z9pGa1nKixeB5fqDHtfRfYQSnI5Q67HzKdtZV5t2iyGis1TQq/ad2EAkQ0x/PEacMhLAkyaSPQIRjbfCd5EPeYWuy+952CWztCCfuRpU7ExueOhxy1Am16YiWWdOrSDACYdV5ZJ4BrhIMXECDrzTPEyYmRNplV6m5G67AHTuFVzdvF0/lyPCMob71Aw00dJ5l6mrk1VhyCD75PaHvTsf770b76PwmhZ6p2uU9a1ubT5KBg2HaJ2hDMAuk2wsAdhZtfq72sepPFwuQsdkHfrYSRddFbuSw+mWJBR2nTg6nVnX5/SoC11nYgdkgaVOONmtSf2cb0wiMM2Np4k8rwzIxVqEUUXJ9MJc5FzMLmgIxlx0DFgoSGPqKxREVf/BH46k1yAUwPCM3ioP2aljYnO935B2ll2s0T5iWQE80e3EzvxPn3/66Y8/PXy2cc1LkX/z4x/99NNPnz9ZPmS2XlItFzTc93V6+AwmpsQIlGQ7OIgFDImcTWvjayZ0ob0bwxAVVKpMrkcOCjAx2QQkYkFWV1GmhG6U91lpMvdbeNv4t451mfX6SsA29rVKMm7V8iXDlWBOYnx55Qu6jeJzXFQTuqaBJ/yjKHFAqkREzDL0OtJvEZDyyC3qajnNRF4aWTziDEmGvhJCTOgVfI1bAjwrf/XQLUnM/lz7YkO5FJeBreYbi40IRijTzFHS3Xwh4AijLYYTXQQWszrEB7XyWreoMxsbH2MBpwUc5KAE2ruepfD9u5FRoIt7QLoLM/9FW7JWnW5KILAjSwwFGqDtjHVGbd5bO49MfOt75TAV63lWQ6owU3S1+BfIfb1Kve+unp9aXrJxrQXI7x9urXTGhb/pY7wtiSoyhkGzWUtxy5Bc2pQGCOoQM+tHDMwJBLKMDbJM8WhZoaMrBqQ2F4jrQum3b/fmQ3VEeP6NBZUSHEmdYK61eDmhlgOhAZvcI9eMGCbTaqIwj6qWnAKSVUgrDmNF6yD4HcXSxzQAC9sIymqyGRAIwWpCC5AI0qtveIlwzZA0O7ny1IjvoSbknFm9uoQJrbNiOsC00fJYZwk3fHNHN0ylWQm7wtA1Y6hJ4jJQlPaAsuE4KFGJVFZSnDfDp/9CfG6Nb/ikQe6gghOqRoK5motSxaYN2FYZx4A5bQ/u+o+txMIrcwqI6+0C9OJrRSkvStfsADgGoLID1+fY/xA4Ec4iqNqiRw0OBZXkD9nvTGRRJeEoLxTAxBAacTO0Nkn1RYbu12UdG0prdwEdxZlu/0MLCYKzCiemA8cnqKLi+lQ7RecuKKqw3y5HUaJoSTY+tjZT/MgIawSvUuor0nQUn0gmXFvNiYy5U9YwXJclxhqjM3wHY9lCdIZaOcoipTOgc6Wa+uhybeq2q+nJ1RAg7XARefVRS6LH4CaFXaoysCKUdJuAcAlY16WyIxzIk3m8DSoUq0vaDnONUmGdSJN29xMRLG4AakZAMZPqNtvUKEIBgtDZ6Ha9RkDUXNnBG0kTwxQZEeUpBVwKSNIsHmvNUkoQIzQ1BHNCvPCRAQ9dVAe+JrgGjpaLpPyipcPWEG2Atn+l+W2gE2d6Ag/N7FDvkr5FJs5ZCGSJ4gkDddbL/89Jbcy6BJrNe2Mjy4nCaJiOs4hDcHSx5QjvCOBEAEGiy5Q1mIL+/1lO+tffuIDjgWTgGg/oBcV4zKhKgYRBXRK+yNwuoCP1gg+vSiyblMPz/eqTPEoE3YYddGMqVAaKBN4/vyO/s6H3b/RAdhSXyN6r8qedH92oeJ/Ar1Ufpx5J2gVzOAYgMLHvH2FEddcsIRLiJwVdkB1xMNqMLMO3q8OJdvnqSCvIr9cyr4jOEy9YF4XDAFB/LYJF0QYz3RmZ6/xfx2jRfdaWRiuMTr+r8FnQP+XwHzzylpw9zZfCgLBIM2+oY+x2D6XJz2ZEvkz24c/+ze/+4t/+1Z/+6V98vv+knGGFFld508w/UI1+HklPTt3BaWBEU/LJLgp/xSU9aNLOqI1SCSm2iAiFTbU7T3byBRUAZH5RXKiO7rgLeK/jTjb6NKBKjKxLrCkRS0oKW8gyNSGvhZvQAx6uVANuizqev6Ak61Ho09S/xrGO9OZx00a2GOkqPYLB64YZnPSEF2PbxosI5NPg5KAxHhSNoABCcys4fJxsEm9GnbzGRm+z8+VrQkF48eUTZrpolNY96sGSM2EMg+ZWTTBR4TlV63lwOVJ5d1jOUiGe8GWtRyO/hjD/9lV1pFaMAWmSr2+XoBAlSuolA7DjcBNgImONtEaI0/2J7bpQ/BQNQCtA4ItpLZ+kJWEhXTKzvqWpdcwSKbLJ7uYM6E1W2Gm9s6HLIIsVoZBoMjZMqjQClvHPmxEb1TqmcY0aBuz1PAJX2mrltS9+zAQoaQ4INkTd8e5ok+W0kxGzy4SRmnoACTHAEkPfv6f3AiLOXHkFz9iHQnImrQEkTytXOiY60pS/W2tOuyBhDiDO7x2KNk325M31y7enLWkTSIjc53l+fhS7R8keCqFKAHcv2BD9YU8e5ROQ5sl4aqeH7yi5z2xKirshEy/hZCWyFu1vb33p3wert8yKIrKTpYDYrqGxLTnNtQryxoBnqBZzVsh/U6yxFuPdAp7hba8nlXq8RxDLFzK3CbwJT9ke1UcreWp3a4eectMH85Rbr0DI3QYY0hxHTs1kchUsLmRaPyaaI8CsH7IcEdSj+3EyhedIuXqcIIHIokjjgqQOdK9dvSpT4sNRzdwAmTl4NpFLJr71Ih94AYzRiWms1gwcMJcOuk3XgNxnYXC4CnH4b+oykuviAlJgfFYJYVdD3Kw1T1ITkcXMdFFBXGNm1E0wBS3sNX6muMJL3JaLgxKFk7v1xg72ADL/yEQzmwL0cDSibEjoktDW3Alr103durP8oR814UFTf1GK1sTeZQ61DnWKEwAgqFGCnU1GSJdx0dE/fxehOM9sHXWYaKoJWCKKoMKP//XJ3kN0oXMtyNwhAKbjME9pYKbP3Fnv1rkrB4KQqzELGQ2H0AoMJogaZeHuoiYKBjrI4pWbAxeW2RApmx+2pUoroYwYey/yuY0Sroge2kPwYSRIAfa5Ey0GklRbWufNSw/LDL0zRJwX2Eky8kCLsAwZhaJW+40yPT5OOOYtGaT8qY2xbdrxKzHMYDVML1Q/vUw3yEAHv4kOpHYc6fh31iaHKC+ChnuTuFs+0DmrQ5aUiHDvv31LaTNojimUNJhnqczFD8Egp+6WyjpKd9IHprpX5HLk0HC7Yq56A0VCDqh+VNaophQLKTaX77ZFRIfRP7h2lXSVT5/xiFLtkjohpI0wIe5iSgWuyNR7iplMIF0/oI6UDmPOO7oIGvI6qUk8L3blZKgNvLqAOGnpRJlucGPnwIluEMAjhDjJVVzGuLYRHYQI62xiVcmrpCUDV+d4OU2gAiBmtB6z1Xd/drSSX/YDeNQ5dENOIDKNXLVyrfZLqxkbChsNPOz62z//y7/7u//+t7/9CylN9MzNdBu6lnaLo+cWpmVqS8HurzUraf7sQY+gtzjUZvnIY0jonBBZGGxnkM50shgdsXxGDDgG2/1NllIWRzu4JrZJMFM8FwsYR0FgYyDT85M8OxTxnj1PPbaz4QiLIvIhPhZeWLeGkUQ0b00kg4+YqZPPSSuyxihoTFgmQ4FgJS8Mj+nJEjOBWefYdZRCobcOchcJJMB11Q8fMgOxm+M+X/cdeG5T3OGiRCpKgcgR80P2XxxqJCOIMgEJAX6SjEYNMPl+EpKQCVXXfW20Y3vGAMNvK/GJIAFlWVw779CHPzaalV02F93WsZqo279sbSxoXbINVsxlnfruLjPDmQZKC8srbQYCcfbXTfMFaAlNjBfJBC/n7njYudpDzdbWFkfSAEFPQK839lhCjeGCRsvUadjWychhJD3VRJiK0qb8L3m60YwdzGbI8lY8ktBcBTVLY9qop2MHVEs+UxlpWYGN5DN3ldSWFmVUDi/3i5JYI7QE1QdkPcJMjR4DbzVaIpgscQQVEdot6mEFwdQSw76mXBk4QgTpbbNg9CLWl2lhJxdTgeNsU0bVGp2hyFadzJbhHo2wCq9wLytHQltC2TnKIzATm1Xki135dhZZLFJym4r8X17Y7t8YGj9x6hYpo+rrvr0GqMlMuuh+clMnneHkklct9yYJtDiaxsjf+b+lUa+uRHC4jqhxa7+phQB5f88edoCMLxZk1GtMZRD2GeoeWEbD6jLKp+e+P3NhrKUgR96A+ONZ+YefaRDG9C16xUxiScjlS7rkFzUj3QRMcBmq34HMxCsM6QoL7BqgBF8qq/BLjk1ds3u1sNWY0AOeuh25iH+goaIzgALPDlTGHVSTvxaxEVpVOW/tFTgSs7+dwgyegJBJV4LNDBLyS5dUoKyQusB12gCBIUTEaEI/9JAem9BysIKTajVFZ1RryCIZS2jjAhgQEr6mMaTYCSTDkNBiAXHUpuWF21mGivpFUAzVadV1L9JnexWA61+/iY6tNxSOAAV1mpMOdRcaNXy9SyjVxegkDpYvHYjzwEaPymkiPEMMTpXjpo4TQkUYIJ2G2kJJBrBKLVnNKZgEdOKOVM2w8EvjFrX67icOmrDB6uYN/bB2X9sQgiNAdVqniUjJkUd1RnW0WAFt5LIpmr21B4iLnN/gFQW1KPwRabadTZNkmV9RlUFKBJW0n0R2KOR6qVWbj5u4N50OfqAmglDGfUATwFHZkSfS4ztcQtAmQKEqy3RQueL+r9mMBVzy2k+6wxdFtRepBJDeKByrTk/ONOShzTwTCQIq6xyk6MoOWwb4+vVLXT988CQeHmKg+OKh5u5Z5A/ts2+ctmJz8ZVBAiP2ZiJ1bRzotstG/2GM0gY06jn4+1eH0w+Ueg1YH7G1mhr7ieUxm8rrdzw4cVauI+UuQABT4Uykk4vhT/AutWR1SUGHORR7yTDi96hn4QW+oPYv2DsPVj0xmLscBnxqkmY7ajCUMZYFLThF8K/1IRlri0dhzg4F8LAR/jJrw+zdw9/+4//493/7D2YtpYsqo4IOOM/AjRjdirg9PswkH3vIdCYbm76Dzg4tEfbNqslmWnnOsf6yn0w7ag07MxWuIHVpTJXPLIlZNblEWpSNuqys6+K9EvZhdWpLhjNfq1QN1MHG6HHXMsFygoxc7yI/5EjBUjj8i7DAUgJ4jjl1EkyGNateA8jntH3IRbgHBQIqpBVfS1D8X4TTS5UUziMLx4kKzOXeafzoBlPwuUGsFyKjOkK7LxBzV7ZkvZg8bv3c3WELOb5Yt1mrRr7DGvtJw/BqG0lMwn7U1EphtX6w5AGUvnNZP4NnGVWxNbqhawkQoijMl/3piSPEd8PYSQTJlr7bQ6ZHjlnUlenASzIBwfImbzplX6NltaHu5S9AjKnsS22pT4PDJKivQ6HgBtjNh96Sg0j/6MWJsGa5yWfyjOB9YRGO7QggCuPM25XnotPAZrMKGYgoBKz4aGu3AkYwziZ81awxaFk/OhoUuz+TUZVTTeOC8ofnUmHUe6gaNHsqIr+coKBsdxBD95MAS12bZlCZwAVX6maniRrDrR/qWTZ3eVtPSaBDmlx+mRN99y3JaCBY4om8kubUIdmZrixVg5UQc5JuVSP8+EuY2AT6G6Na+v208SKjdKm1/QmAcxxKEaI+fHxaaMnuZzSJAmhssparF5YJGovR1G2yLa5L5hV54tVa4NJNbGpvnOB0FAKQZa9bYyKgGfAGEIraOjR4Brq2VLFpjx2xyLK4HAyzgExxOK0k1fiSl1ZAN+TiPy1mEapmeMSH5wjaZYNEj3p+00++bh0iejJv/fp0mmha5usEOIZTSQ2CLhcM9dF+ikNYswXU0QnhyJPQu2+kHId5EqNFk7TCEYYgAxeoDCDjCRPSj3e7oN4RXiNHyHP3CrWvNTvMODT1j6xBAS/dH3C1QmrtR3k6KmkhmbmS/tU2yTwAFQMxy45FWgtSpEVPgoqQZKlTOfEhBEr1axPitR8tB+p0p22CC2MEBS+2NR6QeOnsCGLspjgnbVHXyhm6wjNui9EsatejsJi9WEVtwwNF3oubYRWm85aIbDgjASeUFn/dPLmQA0rEjQk8Rm2kRktERMoA1n8UZyCZV5dHfPFXn80tDVZTv/6Q1UWt+FwXA17LYpur2cMQuDCgflLpLLaLq2h14S/9VLGLmhbQ/VlPCKLmPi9MTAJoYnzH+TqZBXpG1FDcGxGYozzOOR9qH09beRqYwjJwyWPocioUKPUXu8whUWQu6Tn3XsQLwMKxPIyx+ugvGDXb2FkvF82rsLbBhBIoIkMs825+3oTqwmbiT2UF4kLjoYlGiSuG93GEi6enx0fuFxRV2cQ5H9iWdYzG2Abo5uRVSIuy2BzfnWFymj/+qDI9zLNCWWX/jhpmR0nCb3Xh3lX61jTFVpkoq+wf4fWzqomwKr+zoSQrLlSSecwhoe+agICJ3GArGWh01BzaVjP03p73FSS406PKERB/68xy43MoIitVuKxLjcPQPDoUB6PiXCZLHgTXGiE3jp0lsxyLpHwf3Kd/+h/+87/767/p3ZuKYoM/Rt3AMZt+2RtXTAuCAAAgAElEQVQELWDLALq0H0bbNuHB0ak+urt3ircoQ6Uhpzg49XZuhLBpuxwxw0leyCsP8A/QBFP7BJJWpREVTYZAZnQ6zFRCAOJLsQ8NBUoUxl6I64FNOd3MuKyOyTZagh547HFuPzXTejSQz4SocPmE3jgLnSjcUxrjqqAoc2v04OX6RjvfjliEQK4wIhC04KUeW+lvFSeJaNJn6LSYFg01aeWs1IEYC3m4Lf3szh0RiRVOMkarMvdupya/Fg6bPUc8OSO1V/Z4EUlM9wlygpAjlEpUJhVGhMb5VdJtAcaY1MJZCnQwChrIgIwcIsIW3rJMCVqihk4uUVaHpTjPU9ajJ0I8joDqRRHMOyu2lLL4TSbUkNTgpKtNyVmSW+1NUveGE+/m23dQ6y1JxQE6xitYWEk0iRNPH70Q4fHIn/IDO9oIUXKayrIwMQTvTou+GQfFHznGfH1IL/cJJMEXHV1X9uHm7tNDyk5Gk38GmzhdMuKTx5XSkX8Y3fH78Pz81X5qYJZ4knEy3Q4Hr3zEfjfG9dDk+dHbHLzOOpISu48MJP8mrXaUatSCX2xbV8BgI6ApCJMs7/fdMw8tgboxKxVkCb0K4/rlaV7T6ztLa2WHW00s3qA9LeA5LnID0AwqFBATN1dPz5LgljCghjfWl/hqCaVrixRYQ28WTn+ZvSe4aIkbevsP4stz48WRDNOJfLEHlq/3Ekduy6HitUFoFiKzgaqXIsqYE90OtELrtDGRBBJOFDvIJ5TePAABYm0J7dl+pk0xDpi7R2zmNcMrk0Owz+5/BKVLiOjmmJPLiwmhpYQ6s2v0MZllOcGMYdZUCMkpVBVwln0qazgAFtNDNe8dcHjqXUiXH/vf9ZCiIRYIKXc5lp2B5U1aROKFUDKsdF3hCNiADLa6MxSXwdQN74GuN8hI9hF/Fa1bjpX1klWK+O69ORzk6C0tazWxN5N3Fj0HXiFvZ6jxPwSzBAQ0cDAMQguHmuk/n3S5RGFCpPaF6lqgi2NHHf018iSESiG1P3mO1nkEVMfByAq8UJe9jx9w0FBsHMSoygaqSyMQOaZcsGriQvEkGFwEK2Fz8M8o/Z/EgjtOaNt/ljTYoDUOzMihcPMjCZrWWMWyKE4Z5yEVXSIiUjp1TDShjo6LpbYCBSudiTHFqLGjS2IuRud32VboM77WQvhrBXJAOdSbFLHD7bziKP9h4irzXsiHaVBx3DrMNKU0USSr+ElJSTP7Tsxhcwo/+4bOAZ5mgEb5jqLrTlpHKKhmh2GKeJe8t7A4KUwI8BU2jhiScvE6ViN0/Q652lQD3tXr0/MT7ZQnD3nGncs42A4M1D7Xa1hKiif2DGYlF3LG7hxnfCeT4cZ3BETSyBoRmXZiSyjOUtwsprMOalhp7KS9+fzR8zpm4YkWcg7J1iK4Aam4GUV6KAfJ5Qr6d6mJsIt8tcwRQpdga3A6B3+dV7qzpJpZXXj2L+rRupLIJ3nB50gfLAs2ZE6MwQ641gk5M9wpaCUEYsTN3d/+43/8m7/5u0iZGaovczAM1Q15DeCMcZZtkVCK+GSHgxrcBL3Iwn7c7WIkqb+AHV6cyaTccfaJOqNjQwsuJ3sj9xQy4iaYsA2YRkvLRvrqQcuJLfoEtKOkM/NgFu7otWa32xBJpTEABdmSBmnNf4xb8shlDNrBQRYhJBC270ZgJsMBm8BV46pfmowngtpewBj93qYxXfUCGKCAzNSgMf5GcDIr5sB+RBJMu9IKoCk4B9zqVz4kM7LigqXh5evJH6xCeDRFCOxbn/FiGLFA5fF0yET21JUxYLKlUABbZPXWngI50bnNbchDl8jRclevTJCQ9l5DIYBYIGIvZnoe6+kEha0Fmr0Em+hrgiurQJi9CD+V6Bct9ehWViNnFxZH3WK4vnEL1TpWyjgqz8DOcq/AE+2k0Upy97ndF0Gb3XNYK6CbSxBgo0KvFTTcI6BQPWaLXr6VhN1jX2OUT7B5SQGlaAgMRaGwET9Ql1vMKYgeQ7P0RgMQgEhfkzbGREW3/r0Hcb5FSq3GESu3IQShGQwZ6u4yt6Xc/RyMsG9kdFAWkgiCX+5tLn2/d1JiaE/dEEINS3p+Bq1OHJjwEjfqepCoe5t0mVudehL8zn4sL6fGkmiH+/gNDn1jJOj45qooaK+H9hmt7kK8iQbISGJusCgA58zuohietw/uNY8Wy5V9fR/oSYZNuk+0jJsszxBYrsO2ymFrlO+HqZW2lk84hwg0M0v2GVdmkiqz0ZC0fYqVNqAVSTKZ9oxevTzZe+A6r2UEg+U6/fhHql7HWINintXWsEUfHnxX5Al5ad241BQISS1zFmYtCOMypMASINmQGLnkOH6mtKy0YKAH+nvLNkzdDinIaQNVdFmviZ6mBMrWHalqUmLiZDN+5KOzhCyoaJRig1HLjgWoYG50gWhkaJ1nvN+VwpOWrv0jjfpHEuIH5QJqV0FNkHgChHxqGtNQeA0TvIkxALhweAVSZG6pOHx1Rgrw87GBqu0ybZDGgX4FxdbpMBuxWHYEF8rkEm5tD307xWosaJV8Dl0xtEk713bwvhqgkWaO9Y4bSIZqEDOhAi4Mk7QOgzZ+reGFMn1wD8DAYfmDGi/zo1iHBLlRfUgPa5KK9SD2S74o1arxf0BXA7bqHdHRNk9rzKILa8IbOFSzJx/1IoKEtA4+VEY4uIHK/JwMZ9G99YVoL4Lm3Q4hsgFVYHMxwTJf/g2p6CSCcJ/uKUsNe7f082LKjLKhHWgk5FkQcaTx7QIVKKefKBx5I1FxsjEnKLpA1wsdRIHhg04jUk5gZ1Q6yWx+XchqDM4k86TaSGmjYChcAn6UCEOtE+AIUHXIpIBocyREDUZ/VPac5i8Qp7iVq2mBovAkCOIsy3F0NysXAiexD2uMH3zhHAAtikKunPmob58H42mzxeo6rO9g9eHQsbZBiqNkFoZzABTheBjgzmtSie4hybZhUxpZLGwKUlQ8HZiDJwMNUlRlx2EeDp/BGciq+gk0xBeuVkZY2jT6RFHZdR2jT8EoRnWXwVAUhjxE+0EfzvKkt7c/+zd/9fd/+08Byh2wVhBPAJkLY90PHxZYeyLW5OS1m56TC+Rtmf9oxURJ833nRzzhwxGwYsneNaPxKIv0VuNyPa3MHbs/FTcz6SPLBna1RZMYGV1CNhDMoHt5iFW6xfXSvkMxcJ0VQWacmWreEDM53rptODE0CppXHgSVNfoC5iR0BAVrWfUFjtIUMGGOCOD5ptzFesj5Lg4+wmBDM465bfgmz8K4514+ytScYZtNaRvbBTrZcAx1BxJx0NumMe87xNvF5V6t6dl8y2oHx9C9gerQU6RIOL61ubvSZ6jOHRU2q0sMKP1wm4LwFHJ0apn4SDvkvMW8sk41OeKWSitvLCHlgo32TRFLsoN6/lq7IicEjaoEcIk98g8xZhGf/nVIKdhNd0jqPF1kZKWSLtxDjiQ0FhpfS8BesY05wBXrG6KtOFJOpK0Q5evOHDeFRWYQ3HAn5QEYzWCmJIEcsZMLYifKAI0MuIo7q9S1OHDrwYq7c1c7y3KMdgLUWKfSuU1M0kLO6E2E2YvTXtZTLl4GTMKtRG3dPc3L0MqOxGKhvUd55GoZRkLeggJekBk9+GdAqSdNKsg+kmftwwgMQTAg5dRa8vfdo49fv/zCVYVscnRQ1FYeLDZn5ySWEPKxG3sPU4yezzJCaZEdAl4zUxh/8oXRDRX0mCRp0kgYCZdV0dRy/SZDJYxtNcoliH3e2sKKbLaXu5cQZifJDAvYPEHVP8NPuXIW4aVBt+2GvGyYi6gYx17SEivi9XhYEHa/2yuseINml5UlNtB8IzWpEB6wipGlsIycYTQ26FB0T9OAD/QJx3llJTpuA0VqSE51Qlb2VwSpBerq43+UOYAkozzASXD9XS6mvHxoiPuXwNZGyzlETRoTXO3nYqRFj8jMBZymJ0gTQm7VKeQhTK1dBYbL7kTn5tOptkVftG6YkFu0wATs7rZAZxToM4vrBgB4TZL8m7KqkfMQRRQTV7YwxGAMkcskkqPGZBIOa9tjwIj2ON/QLdeJULAnNf/lV9qEDkU4yp2P14RlZICOseJJktNeeSD9xfzk2XlqHZzaxxI+jpRmENqz5AELbq2TbUf/2UtJDbCJOaIGLkBVhHVlcVBPj9Lyl7iZChjnXumAzV9XEDPXdwyJ7NJ0hbFxxFdYhz2pYZLGBE8Lg8+mjoXm9jb6XiJi2YdcUWTp71mIeXl5mgd1i3nLIuFAAvoSgKvoVzac4yRHLJ4kPA3UJt1a4hsWB1QQeCq0zDP4bhvke4EVZ7zdy50K2t0sdhvskV6wCiokeXspb2Em1kZAwqiBC4cokJb8V7Q2a1akiyYB41DU7Xp2a5P5lW3mFgpQIQ6KKJxaF4j8fvPoSjPX5oWHjrEMj97ZB07j+eCPkdBkb0kJ0SHdQJEFghofk41qjS/9coVFc3rJN3hQ5ugngGMvsvtFVrcsM9lVwFnkptzVa+7O69rOoUPgqhItoQzipaC2Fe9TmVO1KVlRTQ+Oms+B/Ms3glhi2JFs512a17EWg8IbLmTjlkaUx2JEgE1Bd59/+od/+o8P1j/cquPVBc4wUh5ACrakDXYGCaFlEudLHsojx4ZGLRo5NzgIDzrTuMUF5uacWW/xK4xbyIFEeeMEfhpLW1xkVq015qQqNUk6flNcLILf2Ynv5QdlGEh1FrsZgYc90FYUqHECXyhjzC306opjrSC0OpbF9I5A9tfSYV2SeCj95SetZRJWnHUXtptVvbAj3akwlDY217rCRJYdhjV9gF+pAMWOvbZAYGzXoRZaoqLnhp/fPL9v2FHi648lIs6FBOsxZ/0PuaiBqzF1Ch2rcPBkKJSV6pllEqubd7+GwxpjNtp89XASjTloVgSWTW+lT63apbRNl6INaEhl/zlZniUCThVGhdZacJWtpYmiA0gpiDrP6ECb3eKEbHLZsLqGH5+MzOmq4IOnVL+emVnJqgphyFeDJIzpdFQPw2gxJcEE5KmdhaAC3SbSYTeas0CKF2KTRkBGRC2X0qbDECYCQOM1MnWmrEMiQxB+noYjCVcFlCxHtAQS0JqzpZ5bnCdalXI/ZxAY73YgMEA3OwOco/lpMmMk2WtuStRaRPSsNZ2yDjwTiP15eAKdpaScZJKVIUJ8yQYdyTn9GTuj7e3bNv3lNSplbTItxcwZUCVEIi/zApYomT16eQRgk9BltGtAcN1VpBAiGE+ywr3NlFIRz/dYYLMUlrklx6jJuKZktfghTGUW84JU0KUa7+rABcvNfNkq9thsXzlDUoHYDvqWD8twE6L02nYL4kvOjexxHPzCnh8lQGesSG5ZqLTT7vRMAcSyHBIK+yinHJBotWfE9lQGFi1HoF20KrA1gQkM40AVEpJlVh8XI0HcgBFYHaEolnYej7XOoJKD2nKvdbMoW5AZMJ8NydGl1v8WtQmJNIZwssPMAmloCxnaxXJckh9HnoajMKhZb35dEwV4H8sKE2qQqtKkmiKkgtyfQbQuxYkYQcHNhB9GQXBd6QlLFNVQy15ScL/fDbtzGbBbqcfZqBjXmSZ6C+X2VnWA5VDW+OmEs0RRjcBCVlRGTf39obKOw73qRDqjCxBNpP1aIoIA6s0jtEfadEAEB9ouY/wc4ZtpHyQ6rwO2UpKj+mBH5DCEJUIGT40RLNYywyZQSuqkFf3iCqB6ozAdRUNgTt1uMbuKuHAN2zD56GrK0b9D76SdXUQwF5QbCisvty83vjjg+qk719bbTSZL8ylRE/OoZ//lbzWVv4U5BaIushBENweb6zAodYT0MHywx2GMOBabUVAsNW/rcRew+0b33bqOVwz1OrSNaFmY+eC+9srpngABidAYqgF2E0bMWfGAEofRMVN26jJiIrjGF8pcY6SRcyUjNdFmRrB339IeanGGWMw5tyCS9EExURy7oF36V05bda9upF/A1lJlH9CPME2V9qMw1Sap95J1m2spX5MLhQHG7eGhPh0oAiVYUe7cn9PaBnNdVxC2FYzQ3MM1sg9pQaqtFicPiIosTJP3M/9zvAQYghqzz8SbHUTQgRaWTZdrNu7OSUzWKw703Vkg4F5gaZD8s3/73/3JH/+WUWSc3X4qQ2tgXKTMY7oxQ28a1Ea+l9ySp1IRFvSGgESQHkkHUa1IQdl4P6EYLeoSc9LOE05E6BggEZqOm0gMU8WdLxdwoqcLNJPG92fv85MVxDhQVcQ8z0Hdmu5uSHQuiUhZM0cUDltXwUwwkbTTevIwd5kDu9LBShfCWVpZRYlToV1XIRbdNciyMmzy4zmwGEm7h8pFHKmq4BS2sSdh4RWN33AK3ZgycJFLfxs+1hA/SOUFAIkKVoD4hLUWYyE1JRzwd9d+IUa0bxkVihjuUYsMDsSYnwD6nO6jupWdA7mxVca85RGQu7MZkPN7OjqnSF/xV5IXDFy5dgaje6vqYyTNLnDXZGpBvKCmjkVtkQwnhGyUSnojprRrJGogDyvKTby4NnHdQzlpSw9SmSYstt0UsTfxkI2ZqB7RRlqtIGkkiWTjVBlld4RTICqMRwdzE16PiWyQ5MG5eYL02fOD0u5uMffVgnd3vWh9v6jodqXhwXR9d5xNGKSKxKAnQjzXIRWONvmRGUBuFc+9syFyDGwl5dmDYhHYU3rC/fwncVANm0hpzZiySv8kfyDqgiIFTW6qrkARX8pZIxAuau9Ouru0rfz5Krv2I2Xk8lYUQp2N1U3GwFJak2JjNPvzH/6gB7lC5yBsJHo1pvfs6D7pZEk05NkXRNASCc9aIrPxKCqUap4c841wHdrSneRVkTY6kIzvj/ny9dEIpNOM+dYcgL9OhZUVCHLiKIniDENnNf3gadqsGaWpHpUYmhgyYeTlDRqHuQH0tXzEWqqFxR4pyHuDyOP1p6xCEnEVlpKvKwlJYUdRJ67Dm/ZOh7B16T+x6gDhik4rQHTQxWWiqc5lvaLttERZo+Q61h6N3CIpFne0iYPiab8xi/0T+4Y1mvLGhA7G/vtHmbWPh7irs4/8iw7JoXieXwaSlpq3NMHKkgsQgOGlRZnCO4NmJwVJzXL+hpu4SKGpT8ALBWT5HWnbV5H4m1V2mfEfr0UOfo/Qkzrs0aAoEbXMk7EFbbSFeToFHYx4DG+NfGrTZ127QF56OzUjVXm9x4xKWsRTGpkFxzq217vPbCGZq4+0CBi4jDqqB1krQUxBEQ8AmnNYqL5j7Zph2Fft1Xe6K15kdaM38jtbuBn4+sJx1DsTlPiJF8/PsiBq/fjhbhPCXnEtljJdQUtKyG88CLlZXeE1zhlUZpv9QncxoiCE4/CZTCDnPIgilGQPoLR7YTl1iNdSUXmh5BAWR0uUBTVAqLTcwHcOtE2kx6xhBZ+GHamt2Q6HYRAkU5lLgopvyDKXuI/f0yORHbGy1wwmNDU41UhctWa4tAXG/O7lfM9WX8P1mCV2AMxqScIQjYxM1v9Qw1cJ4lJ26gz1RfYTFpSVTQ8JT/XOa3moS6g1nYlETxYMsNLxCGyQ60X5dBG+ML7DUTK2lbCZOAlLsqgnOKNtl11RThGgNvXUJokAdiQ5cldVm6FevJoRRUOkanoAx26kv7M83Q9tgKutKnV16bjQEi5f5Pq73/3N3c2Nb+Jib3x4pkrWWraSpDMJMGfxJFhK7VoDLkUIEv4YQzMcWNhit5I1ikLck5MOixPZr5UiPSPeg4fFpg5AfbCzwk+xH6CSDaWLLIDFwuyT7F9LE5XNyIlasEPYwRjAgAUndEklIsZ3WqtOHyO3jtnx6SkGQdG2Ef+ZlnS1mnUfinUjDzxFyHGWbiZqlu/LJ5zoLoEo/vTMlolu3cLO8MseQP3VLcKUcNoY9Xx3/QCumZq77ra3fXffOoqiI+kTUcBLwojSWmHEX7c7EKctmiJhGPFuJ5zUNRFWlV2UZgn3k27uPIeK1Nrk7IWXrbohFMaINHpROhB5u5+ju8hFhyMXaEADr0hIzGVgic+F5ZspC/gAONZJkuSNjEn1cENEhINfyJmRzMumSPL5KDDxkBZ3zRltrcMFlq2/Xt8BOORiGKB6Kt5uozYJJE5U9TSb1bWPHvcu0w1fN5p6FoFAfepZ4J1mmreziJm2+upm6nPh7OPTp/v7u56C2A9QvV/wybc7Es5GvDJt8ejaSwnvv78+ie2w3N4+wLBY5fWfS0osOzaoMF0cGDsxR42yzEsGiU7RNlLIO9eJ0DSfDREq8crBNPGF1G5cmGbnQZaYykpbVskx7u7vS72/99pC2acX7crfvz2xyVkjCM2uSXjB1iDem70tY/di2l++foFZ0J8MkjTtcj1kb8KRGVCpQuaS41MMlAu8qSEf/WZJYRV8L+OXgbS0PefIjlsPlXJHMAIfn56+Pj3NVjyE/PD2kelS4taXijlCzrSUgtLQJBeQVKcb5BDA4nv8urlGIAwjt2fYFMwAKIfUyNBzX8RFfMZUPfpW7++39a7LdKl03my3oeigN6YUFPq4kktn4g9+EdOdAeov44l+5FS8QBXJmnHc2QwAZJMip0qtj17z/moqDhbqiIkJ+yVLXrmzoglulWk8gkKWaBNCph32OFSMOEe0X+wskYegbABP+sCUMQS9NNFJcHRwkr/ApwslnnC/7b2mHPYdpPcmVewAhiWfwIPJPJK4wz4aFtULOK0tSclBXtSqXRrnor5sffxoPbKxTjoTSTwQw7x4QsZw5ERd/WPaiYR1bMdxcq4y5Bpw2Dzh4s1qV54Q6qNlZAarD6VHLliYeibKQ4nI4iTRBlZQQlRnybJC1y0bZF1poskRmXA9aMR5zZqQXFSpZ5KI+lPk1NkojmTwHJlbJ2V/ZpO9QO6p0KLs+3ULh55EKUFsxr37y73EZjcrD/gjMSK7zNGxlAtwEjASWObDoIPoD0s1nXpSYYI/7sCqLUvabdLyoenb09Pj06IJOQnKlg+9z64Q2i1mnw1pWUXAW1oFVmCAxGlDkKr04kwoOdirjuWICbPukYqFQ2qnHRN5VqDNcCQkefKTvLDXQ3QchRI7KlKeybwHY4i+/ONoM3KSgr/LSegPikGfGtdo3qKqn9S3EYZqo+aQu/M1U6K8qqPOcTQklQUBIERkGQfx+J25pe6EEAyfkO0aDkVJgxu8Gwk5tlQ0eg9DAR/vtQnAeI9N4QhEbYk/s6URtUMTmdAdbUCZMwSObYbL+SJVaWi12Y3w+OOnH/7kN3/M+gSLPqGwl7nlk/RO6n6i9pvvii1xclMnZwDKUlZk+XGLMwPWTB+DI5S7TRTSGWmgRnaJxiQNeWG8xArxOir326pScog/1bv32lx2WkC/QjQl02JNUs+oux+qKEXNKhL8oJDFiX8HZ6tJUMykMXVSYfi3PJPgUmdginqvQiK+2XgBQDjgCjm4hTaIta0pol3pimTTsKJTlRlqn0entTOsE5vhRfksYmzCJRb0kg7D5v0neiRGg5M5HMo3Eqc1J7EjDPnC3wSNZ64WqJJglXASwdI4ktAe9kOmBxcazuu/KZ/HYBPaGb1qWIKoll0lPsKxqKYeECLK64BSQ8PEDmFJTKNhiQauU3BUs8UtiViH+NXSCj6Z4MBnxKkx6s1GlymuZ1IcSZAof/t266sM67lf2a3MU7RGRre+wtf999CKaxOokFo53ZZsEUT6iQdjRa+PKULFX+zkRBFEQo2XEeWTrEDqSuOyM30pjb4UeSt111mb/yCRT8/0IERy7pU3yWpJT7KiEFuBVGUCxGV5tReGP50uK81MMoYwvz0+es9XoNE20vLm9YeaVku7AYJVe4iG/PX+08PeoXv0M/8y8kLZGw0fs4aO2GE7pn3oSx7wIo/DtEdWECUVjyhEbOYR8wBmuEig6cuJFyAe81VD/QUAjbXUTM/zD+pR2zQPHzSSndiO3EM8SVbUvoNhsHvx/pfH5z98eXruBrsOuL8/zoYZ/QGZwHlkS1D5jLJsuuww0WLGPEjeb7PkbcnHTamxG9jdZNdGo94kFYGonSt7IPJaakiGDKeEMUt3I8we0hzXdaunSLfTH00rQlm6h5xM46NwMPAojND5X5rL1Edb1ecyg0mNI31xuOarz5D0z4DPoUfmo5B4495BIjOkgc//gnfxqfqtbyxOuUh0nkmMsoSd1OpTX1Q5y5Da2ttdeBTAh9UIqW2yzVHczvRILlXZ8EMKzQYEaoNCJ6J83lKQGZ0JJktgO7094f6OteQPhe0Jjvx4vL7WupnHUnp1kEWPnhogIWGsgLwSDYJ0Ikn602rHkXgNqz3MxWGymDCAPBwjfsBCgLqakPAadgEn2Sr3F+rpqFrHQAdvzcfllFWXKgOUmA7cg4XWijsVVeDtYJqu8YAU9xlC1I1MxE3BkcHOV1iHmGKLtipLzJ6JNb3Zjt382C5AFSY0TUvEJDZMAsDVEUuhxQaQIaoMisw1RQKVBCo9Jz6Ln8AneyLYRGkuYUdyi5OvJpYvT4/PX73I/8nrjrPU2zsWcD9Z5spFgf1vqgliu6liKN4MIVSe2yfSBHMJrAXeFJqGVE30+0gHkZ6Uxw0QAk5NmzpFOhgUYGP+q7R1zUfES2Ro47lNqyX+RLW+tLrABhiAEZGgEwAJRRCWw5POktasrOUKZ0dyqwTu5NixRwtZfccglVxJI2qitAanIrXuwmfNT5fSh9TRdUxqE1nsRj+aTHeoqHGkTfmpM6BVlYu4IoLZToBO07F2pImsWmpXVjAEgxo2J9l8bBHmwKeqdo0dUdZA9VhsXIzhh0+frZC09s/a5roMUCQIkRkCuP3Kb6zHmL0sLShvlFiEs2CMvK1KC+VaLm8SMQCTdMIXVXQC65lvHL1ERstUiunEBMbwHkEutZ4OnZPBZdBaTVvVKqrBljdKfZzJGOxe1Z3gsBEco1hzLQSmDB4QmagwopC9dolL+OkfIgxm1SxJTNzh6EIv/4wRpLeJw/MAACAASURBVHjTo2OToKo8NE0kH82aO8IyOVMgx8sjF95Y7reeyswiMuIDYd24IwIS+8mBNZrPG9XtALnN+hThpXISt97EEc0i47/XAu+uUCOKtROiqBT4iElG4TDUzYsN2905BUaxfEYEZ2/kkt4NknBkbY0aupkaEkhqxlxhilhLrGOKLBJmRpYclFtFtD5zTD79lKF2Dy+Agp2o1sPvyIsZIkdi1NWygpY9MCmTga9nYG0g8Fq7MHx/M9o0GHzz1cx3ABmnUNCd3966l9IMiMRSLtqyKVUsP47usGCzLguPCuylcc80IRd7lv+VfMeXQc36ZtxiphyI9PP/z58e7u90YRQ9KqixUJptQA25jXSvT6GJvGwgIiYpBCOAhHuviXz9W4+lszXzfxiMz4+PfZm4aM9NQkYOGVokxEZmYRNCM+fJljK1mlFqot2c1Igs9UyKe7GiuK4d+h9ZvlS+Z7CMyGyDTuZxcrdtZ1Bfr+77f7BA4DRDF98zunZKoAEV2+yD8BE15WtAejnuPAfU5k6qHAnavW/oSh+TozZ7Uj6BZk1IIstvj0/Pv/zy9dH9ZXctMHb72V5oNCSxEOQX/jtav5y9Jahh2fzmSJr0vF6H4Nk/q+81BCJZMx6MSG5GOAJmF5ke86L5JYgZ5gKeRU72xbWdcJc2JFpfdC0VAq1n1mOZqCIER1E4ZeCxWWTLRm0bQfKMIsMVAIs2wzyfyOLHEgKyJnaiMcGyosNq5M2JMvgan1FHu+qTbjY4Yn6VTp0L5WuhipgV1dpf458gdaEpHvz5bOhoSm/CJUDG5BovohWnA9pigRDB44rw7pV4zNz2CWaQk+Yt7umDRTvhV2zJzC+Vt2RsJbEmw02wbLL9r42lFHfsLhYXSaJTmwn1EJiEW6IlOKLAhLZjDAda74WoY3Pc6xiec6Snw7bCajLiFfnMbZWx3YNhFKwnMazxVHz4T9+ByqXHxwjZxFx5KjJuVUn3VMeGAA0FK3ZikXySBj4XSN/O3v/yPPX76N5cDEfadANboaY3CNTFqNukXNLeYyjHbg4gXcYPArXrAipV1U4mueg0qoVzH9GrfrygAaF8QOsiUT5U+ulEjui2sqzw68vzL49PX78+IjI3d8/RdxjE2gIMylK8CrRUlhgjMdtTnkH2aOAZNyo7zcZtjVJ+4TGCk4GPRh2n+60QCK1AxWV8LHD3PSsS6BLTbE6U/7h8urDEziBqPGQqZiRsZlbk+jCfp4ZRwfSnNrqO4cRbIoKr+iTbr+N81m4XEaJfJGckQh4xdLouq6guHQzV4R7J01bGU0mNj3lZy7mc6LLVBzUxHoxMKu3GVEJOjKFwHYid5kZCEiAgF7NCH6v+UXWenSRbnOis+hQKYEc8B+ecrHHSefj0A1osEGbXFYQSBoERKnfrWA2PL+/zzb+LBMCqnjRawkQFjFdvbTG03NhoxNxMOnvPblVicrusaNKfofEYj9jK2KU9pqSAdTMrhxHYIzuxJ9xGHByoQJg2qR6zxo+km4FPX2gGvgWFuulYozgWZAtwYypaiswSqBB3mB5zhb1SOYuZyEOlb6Idm4VkYq8uZGdpLcgVcOEGWcdcQYpwDoy4K0odbd0oheLsPCmqHfkNidUUQcrEZnnQcgW3rUvlutWbVH0GPVcgSSPhypDqGjRmc6RadM8jaWpJnvNQkrZRP1jW7bCOb10CqvcSwXLZbgqHRTbw3Xs9yp28h/zFy6s1RVbkgjsdjWy0rKR9Alqnr2BmC3kc5rr3cZhFaaNlmWLrCIftSdI5p0qUBKF1+m+CbMAGrVHcFMNLYwBYYoFm4OH26pk9ONVoz7SyGFm4bwav5QTbMC7njMzgRkke40+DLEPRRd8TiGy7B0cOWUm7+Y9w+u3t/v4e4++0EY5EpFW3VCdBvL57vnq0cBLEFjK9xPHZS6MACB38t74BgMU9MllS6ZEhNHphNAdbKPbOv7w5ifIeBAYJASV10dmlg3bZBKSpDl++foZOn+1hd/u7vH/CVojr3tqtGyBAqAkIq08FrR/NkyTZmQOvQXdBdreGk1qkZEV6kxCB7ZPcmjNQUKFLJEJovq/Alwf6rshGj2ZNUqbSMrOXuIcX1RniFGE4kolxOcnh46OXH0lTrj7ceQ/5PWEAHPvgnr9Ij1xjRrrCfN7SdcF1gmk0EfK48euefmFg13SkLfRRCHGB2zkCckU+zUMaDDmomYZrB6k1LL4+23KX8SVcFiiKW35tNKFq5Bh1xI6FJB+Rw//xifY8CCloD5zo00+ajaW4THFYSPxdZj4EqjYtwxnntMOSCwnZNEwa+T3NCDuJawhYfWuiXwQNwkoT1OneWbXDlkOQRpZWNT8roU6bkmL/G6ujPBuZZWtpH4XBmyHaRtIdeZl3i4DwFTCu5Y6Rnt22e9qaWSkhn0nknm1P5NflPuI7UrVAud6T0CEiLhJviTG/TIZjMkMboXic/BrkqhT/caBLxUoSOIMEJ0Hl/QSLC0W7yTBZJ4UUIf8uggi0KSMgjgHsFJEhQ0SkTObJIHKDAgYLqUN+E3URRl94TQ+qykemuhLiBvuaKdX0QvDBmOVUSdQLilm5YNDXLmkNaoroPQImrDjeu6wUeu5cp3gJYvFJU+cTVdbuIkN1cjSooW4KwSvUanvau242HQ0MgETw1ssKOiOHnAJpnMOdZT7hNYTPHpd+8557+5ccCRrf+Tndn0gxTgsWGy+b1pp+ZJ7QRPJkkFRR1NU4XURO7IRuKn8UUIOYI9PqKdkl/ios4MgsGse9R+Xj+cYlgS7216Kul/NO6qJSv2yjmizpSMin1qOjcvAvIk39K/ahjL53OHVd2blOubHTlS6JMwgBqSnkqhKXI1zyYKDImo8EYw2Yav8z6oEpxdN/bur/fvRfiwKvdjr7FwrQXRhtNS/QlBhVMz50Da+qMdkVyGE6zuB8J0Xp+MhrAhP1mUmDvo/Pnz/7Z+LMZlTmXGbERWCdTCLx1WAWD0YIionK7GKMtW1PdI78lg4OYZyY2YhzLM5h6Ajf0SGOjv6BaPeaLVQjpK1L3YUqDMVV7ER1tEZ00gtjy2nGTqGbhfOemleKvrWhBTecvvfNs8QEZNot5gYkH65Q/IKiXTa7dWL02n4G/+uV9IPlZPIfFAMDEW10rC5QMsUGIeF1yTRaJW/r1if/yuyZuLYbPDtJnjUqAC2WyYd6RswXJfvXREgptrmWvDZKvBBb5l1wNGhnNoH+fn3nFYYbfcVm3pygjXGCEpTtgaOslAFhK2ht+So+ZD62gJWjxCPZrcopb2e2UYUL4tLRmwxMXBMRe8aHH52yHQ0ss+GuEhd7SAUVBoaCcHBpstT/5btFsgmoVIAqEU/qSVBUbKNIXeYeDK50+oVysOEOy43NLg3b31pNRINdhsytPQL2xiwXhB1FvX5vSkZJcTo99b0sjvTod05CAssZRl49pwEdsVSbglGZW7uoTk/WYzvVDz98Cj7qNDD/yVE8NvtRVoQYgri9/WT3IZrc2+3b9lIsqbizD3jzFmIdzKyuUQA5/HpTI0ktaFpnrVKN0qujOUvz5E8Sm+8JtuRo01wP3ePDOI2Y6MtDoiSXA95iKlz0q6H9kHqRZBYgG3oi7Q+9hyDK6oY4aBnwsbRMersDF+w4DnGqV1vrNl2k7LgwUiGmiGcGUmTImEyRsBCzmnMlQrDdBB0FT1qXVBRVrB3+/PXpy5dHhg/j9b2th5+QlE1kgBkHQEoKeC46nNQ23alfaf9C+aG9IMRoRoq8LLM45SmUHhfqTRybNBFQUSQTb2y05tP8Q6poRXNzOE+X5zhWo0nQArakr2GI3ZFmy220s+c1qFe8Q0gG9E4JerMoR+/QKQqHS75wqJ8MI3dcsq4ZlIK4ScQ1S66x2l2FmiSKYrITbQ70+XmcnCL4I0KnVGSUV8FgVptSuizvYS+52qIhEXE6nBed6M5slFUvrequT/AUZ6qgUWEZc3fdgdNFzMnSLIvrCuvESs5FuKsSGi6Uj6eLWJImlkE+ex9LmfT4o4NGF9znccOEDZeJMFUf8eKHRHK7fJM15jNKYkSrSWDy300SjXWT1ixAHVFqM5lPemtAUiQbvDQEaFVrBNwsS58VKEdJFyOjwNIVepMRmio+mjNmtcidCGTHW70CVk49x3KahvqrF6z9LSY21ZSAWb/3zx3dZhn9km9NmvWYZycHnbK1OkfDxHayDBXpG2AYQE0lrpIG5jJTBM84UKN/N+ooXoNI0LKxI2z+spa4dqJJuWtvVmwzolchKOQtmUwBqrwQ5hmDk+wv0aS76EBTOZy/znJnNKPbkNBtxSQ/u0yGMTYREU/OM0GfILj4lGGDpWmDVtLIIoxj7MwbVbwFLnkE4qgjZtGSYpNDcbES50dOAxAYPzCqPG2RUVWNiYR9JPbZmTbV1CDT6Xy/9UateOvQliI0WRzUMjnm6DVONEfQVSxdSjz6qKyDfnEXCWGCdjQHIbyVqQq+/wFUP9BD4LIeAAGScYf3AsxpdIWqjh2zzAAMYXS2ilulk0CsfToxltw/fFZh0K2XgX23q0AcOJzYje6B3KyyXEInlCD7tqErEhQJq+WUaR1ZwMgINW/aP2UfQ5yOJJ9CE7oywNlMPUARRC5qYoIJqBZEgAKfQwRaVZn5aQG3DQpPR2SxPtpCoR/5h2diGN3YRY5Ip3f2ar0gdSeNmYN+Hua43bu+YotcQc6qa26wMAyLjvK3OI/tTqyHSNcIICnXMLVlsYLthuK4a9z1mpvpbeQnpMZdCtAdmigflyHYGbKMoNCbqhtdo2BhergbuqGgMDilC3EJo54Y9+SpbEBRUs1Tdq9fnm6GT3Cl4t2ilRsaSbXrJyEvIQBqI0N5YXfiRvwdYU30jb9Kao5ebKOcbZ6ZotijcxZK8T1z7Z3+Ray4M8oVxnKjbKIgEuY8gywWUxNs0WsC04bALWJLfVhawZIb6hTIQlxLjwRXDB7LVjv0iQDAFy9C1zCgqDipUGPClYOWfDdnbkvBJKlXiQIh4s5P4sB/nn/lGeaIbCbv7q3/oRUVNHb/1yNGZBF9s5lUl4b8Sw6928hKFX283n3/bs/MoYX45W3tSnx07+bp0epdppobNhIPlPGGsFo+yCIQTiLqYgfLy2o+WD60PPkmi2XJ2AEBp3X3vxW5RnMXmCR28T6Dbf8Z7pBSTEjQH6+910a6BM8sKD05UyUEkzN0WmoWawHKFrTxdagQtRqSuEoc0SdKeFAG44J7fGWW4KYI+jQW/vLl+YsdTQWab1e3n94+kMyUTk25Qbj6Iw2yk58lGAFGqxoiYAS15FJ5ouCXPSUHGbxtMdQSZX6JLeTT5ZS7pIfZ9YAX36slARgI2Uh7qiNCxAsrd+tDBuruhyWerid8wR7bU1ikkAojl9zD2M6BKt3ZShzsvnqC1hOmIpB+UaI8rwhQBqRe92DOSBBCFsWxaFLr41QlGHRVUlEAfSZ5AGFrxCmUqocml6RMVb2Xb6PbZqt3wdOxTedcY56SUTghEgi4dJQVAVr4e+k9QU1Kyg2WiZNQbBHe27UG3XXkrMJcLvpNch5/o6y0k8uG3Icjx8vPkwRolTf31lhBqhuLZKNRxYfStVbjWOsG2MRCSFosOIRo0lpZVpQDJ5rgpnpNXR7prJ+KjE51xCRsx4RjvTQdqK8chioOT0f/YU+yAkCP76hkbS146YOO7q2QbGzFeDDzKXgy5ETQA8Kmuluk84Zr894MUrO4Arij2WUUZgqq0DLi+ghutJ6aODiCmvxOXVRptF4tvYCx11/OEiITjXys57vGqYuGRJC4Gw+JSu+7KbmZ7Jr0wOLAPMkm3AlzspAIAIBUd4DAQO/mIgIFG0TlglE7GRMyeIE8jFBJ5gEc8TTiusiME69eiTNJTpOZdKKM0ObNvnfJJpUWsiqh8UanaAvLpKN3YbBxQWEyA7yf3C9B7d/ISlbjL/ziQKpI9iDrnu2M9Hg+dIxalflJhhVhHboUjoO+j/X7VUWZgKpEOezHlE7rFabKZR4NBhLwGiMlBuHxkbQQoTDRZLwTCpIbaGMCMY22YUhp6s9FJFZ9ATRQQYrmqEkDTrGXtzYTzPJ1NnJc7X1kE0qCzO5N/MFvDee6kN56oDunrQiMJELQPYCBFfHLpxMqL8aOwOBSrIFlA414ojFbJViob3RIzX0im/68M6kCFtlFTEYpohG7FQF8TlunOScepVqUZ9Dp5vpgoCETFY3c/G7qPCSV53LVqpRnVFLjyT0jmBUlFGNS+99CUAu/U40OR18pYllFzrBSdjhDjOozXuLBtMsdqGwNySktKF2N3cq4qT3BrbRoimaoBD8jnsBNeo3rIAMVvuvr+0x/uDUldGxYNhmdzMnwX+JIWr4iBasI0rPukeSnOGJVMYbKa93RlsS0T1GlbqOqdgg5VB7xzxaJs69RIeqAXXK+oiKLiPbEEGnMJqEFIa3Gj3JBh46KQQk/JsAoPkF2bOD0Ni2UGbdEh8buVVrfDUO0C1qxL4tN3QUyC2rJoGQvUyyGtV3nm4XSEow49m0oe7hHs4SYPBQjO3yVJPL0vgqLo6GsjWHx5qcff0JdHbjDTjTfs9V84tr0OpMepKB1/9LaYdGV6ryZsuhIZIiM5tJue7FKj7TwXmrfIZXQxh3bYElb59xNujQAgr7pMctIcrIgG4IVokk+lMqy2oKEyT4sqCA1clfAwgEnGZLHZ0wAlHwyA4xnHHjvzQPMJvjaE+hML63MPHPEnLar4iwajoLL0qwZyQat299aDbTD06/94VZr11KNVbqWMb67T/Xzz1+/2thk4IG1bxV/yHNLU2IW7umiIghHIcspeiHML9fHgzvUrqVsjRvkncLbo0VtDWgkMi4yYvwVepCc1Cpv9LK4A76m+MskLUaw/tcPvY/x5s2z89etbgqSsEyeQtj3GzcRLMFHCGNb8OxioiFVKWQRcFxQPf/KlyI5pGzOR26BlhTkpCHvxJBq411R1jve85jcxg8IEpApSlEQXShNLompj3q1g6XHRJrYKFopMlrHhLVeZe0mHFZcAUj7ExUQCLVCAAxKsG3aW3qOeiRgG8QX4VdqSG/NWFqiHU9o5gb4+XB1t0DyYg9FtzTJKHMpCSnPc2nG0vTEVASqinVqurfO/h9Jq0k+KT+DRWKf4CS7DFhNVXHYWSSCHgEpvOuEcfkPGhBJ7ZQmk4xJqZJESmTVHw2ELaFXRiZ1HY6UOQDZVnXR6NSyYb2j7X12B2bI3fAZ3M6ODURT1tYv2yUJCaLlQ/cd7PF7ev7ifddbMUSYrjHfoVO/K0GmX8qNeEJfEn8E1Gcd0JG84uD0qkBpCoiACNUS7SXTtLN0O12ZLCT7hdi8KMOdrR1BjQAmmwbmTwiJ0CYIbdkdloEsVnMAnc33K3eMpKz9qChtZwMNhvlIDVaTC+Qf6zaiXBSN0D1RqxgbOoBWWfN+z9IYMdp9Ldj6abjT8G4iCGt3Ew4N4Ul+Iy8rGhatLzJO57vCe4WRU6pX2frhZjRol8DPAdykTLAK1Og7FcRe3XV2ekxjF8AHcrMgTaeZRJDeExl4qVDNArwsEUKXHU6zXTjJ0JKNRtLpdQjAxSFjDZh8NpCddxS+dxV6B+GCFAgmBGpHvJ1KM8UmdLlwsBIbu3BqdU2KUvqkgUEl1XOd5hoAih7tKdQO11nTobwGhTRQkqse7Czq4tSgGRuGlt21QcZG1oKJGQqYetVP6OLuCfyS0jh1HbhsQh3xoxEezla5n4bJzMznkXuDU61nWoFlSJ5xGorJqlOWjR7hz3m8QMCIuyiNQgdEWKomwSo4flWwnd71CJha286csddihcJRGG3+TOjF92zZ2oN1ixyjGB4bKXemqFuQYlRnHI8aLRxntJ7+jLY4Sy/Elq65aVTWl0CiodfNNGbLCs3m3TvOSEcnwvKdOllB2bqwikZQumyVECXHQVMHcwm4w9B7XgiSmLrPWx6WTLINd0KTgKtaxmY2GPw4WvmsIpGtLkPc0k3pVoQlcujSokGoWCZtTfJ2p+VfsqnmHlb57LcbtxkZOpqgZgSSkZFDcJjaGIet9l8ayLAGRQNievGbYnWHSgMF5S5KUkYjtGIy24w0OX+4f3hQUjREEQq94uH2rk1+BAfUd6+ioN2oxrYcxcJ0+jia4Z7eXm6MPUsDxv+9mKIVq5mTG9Pwdis0284QCvzISJT7l0U1chNKnOyIi6Sc3J2TYTze+j4U35FY4ggdYtrDtPxixHR3KMLSWmYVgNmgJtsvCCdL62ZhlJT5teFhuFbw/GrnpF5RiU6Spe2ba99D6LsIzUbU3nrTO7dDsHU5i/HLC8tGvbjs0StuvUmnp5b5iKdSrj48tB6cVcA4q9c1BfvlxflC4kZ0HyFVmu6qYnob8jArecMTYnoYrBcLtyujXokor9uoASA2TaYapzKbPe9FUImSdDVvRNAp+izLYwIZXvJrN4VyBKjsiGIyp3xYyDBlzzP24mmnIjRTSUB1kw3jRPfSeAXFhngmw+JXGlUcgyoTAOqKhrmgqhjQT8xhBrlLDhNfGlCWti7621Qk860Es02cxCvmQ0J9fUBP2XlQxJ0BQZeVtj5FNSfaDvExENNm9PO4CE8e7UsQJ7dKm4fLV7vjFC3R5M1a7be2UujCe7ryE0KMUtph6yiw6efl5dGfJFzBdJcnjvlJFe7DfkXIWgwOweID0JyCpvLWybxIP0stU87e9BK+UkVmM6EFKHNZkBwqtQrIM5Fztkl+BFcYATXTKAoW/Y7PpMDsMj+cZdbSpY9KIywlteG+lnTTjY9UvUhNEWDmeJktDyhVJou9Qubx6/MXM8Wvz4/CQWjm/oNJhI0bkQtDEgUdcFoPS1YyetX6CVlNajrph9RPvSNDvfJxMVNGNw6KrPUNWrRfwOTg4rhXzpaSCoWBdMp/XHe2q8n5ULElXYKPWUpqVW/fEAr3TJQ0QpWDZLspFt6s9UJXZdHYgHd4hTM3KxjmLPla53FTShTBceuE6NZYSApZTfbVaB8+vjQ3LzxiTnhq7jbgyiaF8/HrlY7R0V8/Id+RlusYzSHoWNco9lPqkASQ5G/tkBU3Oeee19W8zknhAPWPGDPSGNnQO7C6z9pPagcCIRysQc69LwfE+QOZzlGm3l8rtTmKiaYoObBDhZcL+ZltKpmDKQtXgvEBEReTIZUhXBCCA1I/+bvHFD7ehyY2OX3TuN6L0SEOFLDxFovzgncgWXBC0dHOV3e+zowCUml8Ei9Q5lAUTvuaCmEHTXEhWQDJwBJFYLSeQEdaHho55d5cTTX6BblMN2OqY/wX2E4/3WBtyAn68sZAbkjWckfPf1gXQZzgifDaluwk2zELiASXFKwLCJ4tAEmRpU48jBs1rCacCQR/S4KJHfB8NCklpnFAHUqsrd6GJ4FTssymtwckgFbjsmbgDMDQM2o9Gl+GxCQcsLJ2su0JABfw9sBWZOjAp0337cvayhnmWyFJJ7kza8zuG/8BTLJaE3MoWlMsQqC2DvmhD2yjVLQgPtCDlEzdqOv+b4Kl2bVId5rr3rcWkyZzKb1rE16DlbGhnhtWu4ksC0nY/lRsruCGoZG75dNU3FDUcp3xrnH7zQoZtZSCtCDU2mpEegNDYEpNLskWbjxyzjASiPSkb29zFT15xAwU5EI2J+CZ6JPHZKixLzIqcHg22YFwcYc/uB302lZIMkzaXv/gWbqP9z2Ggmt5yRawMXvXYzSvTyVQ27if2UHjW1oen2mLKbizjFpWh6NEnWhxSYyb6uTzUJC4Tq0UsAj6Ak5f1pMH4XdGeBEFwpmbXXRss5mM1a5gC/EEaFSaIvQtx2IIPJErxSRlEW2SKWGIkpSZieZWCbistWVVIpR+eW+4lOB8KtuPvmTdpoO0mS21SDloslSv2nUvvRf7yiso9/rh+4eeWabhRLc+6CnIbTzYKEU3rqtkCZlNJppRKO8Pi4iugd0FZS0IJx57Qm9v+3aa+2Jd5Lcci7SmVv4PBFy9fAf8bg56hWS1Nt1KiuYldl93OlOGgcLDfTkaoRSlxYRzFFgSycb4FgRa50mLBjRXtMp/KirpIurYITAF2fmOE3Zmf01sp7wpRdOiEEmldSRnKwuOSMgmjujjjyWfAV3b0F555lRoYBmW7nwduqJodylf1CH30CqZNtlKBJ5MMdx2U6IFnm6G7nkztuC36bSl1EIGOemYVfdA2u2isCjqNqmJW4//lMl7mUH5sceS9n1wZgctnZkWsFTMxxMY/BCPSTs2fU6oLYojLFlNyhXWSRkDbnMj6elXqb+ZkqLadpFcz9ikT4YU9MANh/pNialVAZh01b+Utu4uCjgsLYcMz3EIklKlmV5SubBFu/9R6qKqClvbzwAyc96XwTrhFe0T5ou9yebJo1q/PP785evPP3/5w9fNnthxAAciUMOtJGPOLzcIhLsitcrTwnsfpMRMmtcmjHo45QkXwqKf+WtUOERea+WghimFxwxDanyR91tkf5ZVuVAoAtguYx4oFmR2+QwxNuWKumj2/0jxjPRq91u7iSlh+ysdyYrhD0hDcZ0x5Nj/sVAfbObFlafmRD6p50ycmXYSi+1QvXjv7eMThOeIwWBrVoGw7akIfBJFEwbw9J4YYA79kWhnTllMpr1kYyWa73+SStl1TWb9CxhZ+6zsAkxNOgAm8Ws0+TZ6EMkZ/OIm96x7LTsywYMhQCuChV0j2iWE75hTv/6h3HCdv0HqBwgYE4S6aSReXOuKj2g6gCMq0seEBvESAZ2FaWpKOU08fVfwpj2smeJEm6znuyFZrCsDYzs0BDmMopBO5LTLBipo0mCBzaG8WXnETQ/1TI/x0t0MF0Whkoi0VcVhK9pcmyxAVWFOXvRPxHqHI9OASVgqtLE89C5+geZMf/xl+O2gytzwLGLH5QdvHK1c3KuJ4pObhgi6pJVhH4fBbwAAIABJREFUoK8cZkauAfygycbCBC2MZgTuL3iAlMxzEl0P42nNRSJElI8iryBZUKsiejThgFkNpmYhybTBo9DBkB8++koJ32dIi8STQs8txYQARMMAqAnKpycVakRQa85Z1Ia4BbjThHuXaE7dsdn0X5d57RgnUpGkofSkFWpQX7aVmahDFbrbdNcwnkgb+DrQpKCkbVNR/+hiyluwSbkzgSgqNnXgthzFIOxICscGEsKGM8IzwVb8jD8JiFlKKkbJbqoKL2PQUrPwlAr0myZmZxqPtWxD6jNzAAuPF4JFNk3wkjL8P6NKTWTUHg2pWemQH+Ot1ZGpNqOIWnvx5Vuvd9uBB1fo+sPMXoT0+vxw82B8fblqc2F+Q/fT4faBRa3xgTAatJ/cYibAIhxdZvmzifSKthSWZscfRltdJHhcpz5UeRxDlwagbtsxWV+gUk/02CBheuChH+pBnKd8W/z5aGMs/uLFyYKp3sHkruZId0zA5oQPN3f3MkH096CQd9t504+3dZ4xwnuCIm4DA1jhayqVCI60N7T3ZQwFnlIFX91XfoLnK2mZedG12+FZTnKLEp2p7hhIYxoD0DVbTyKZ5n79U47ZxSgtWqBqWwW7uLp9/vh893qvhAXSRjRG5u53lzmKAOyZ4RHcTDLTAKTb5RquS5mZFnuHi95WwtxLSQ9S9JYTqXPiK7NSXPRIFxXP5mOYwinUGQ0TTvuMhQNYWQGZ27MXg9oVEpzMMoNKgBvNwAA0IveRcOAIccP2mT7SU7c/SvJolfybTEoV8aIKwbouJJVMFxMiNBbJvT2CvYWeIElAg6CDXQdENL++oSDW5UnRTDOPzu5bHUAATkHr3j7uuJWssmzQ3l5gHn23PUBt8+0AsVupTa7YgZmabD7FFv7VgVWoWduUQ6j+Jbw0MgjJ98iGGGopeqqcEqkoaM6LAFlicThXGgilGVUA0lHcrerEoQO+rgfh/k9HDCcTbP998MBAGXIXQQR/lSClvLXMOmbGvwJX75tV7fczBPjJ/50SQukx87Xe9dLLBR+fvvz8yx/+9Q+//5ff//7LL3Yll9KCjcvRlBv4FbyZC2knuE6H/p1ycfSYS1JEZWO0BoariDzszbSa/xXKozwGWRngiWWKCGvTHmGBcYXU6xBmZaZV5YP3u1uwLcZ2MlTCGgoiUxCyoo64c5jdXd4goRoZbDQTV6lNmvK/gST9ESyrnvjjcAeiaFmXvCCIcaImQSeRDHC1IFXnB4C+/CUznLXrY/x4rzZXUgBqq/s4hzaCIiYJZNI1HoowJaJdRlen9T5YalNVDI/XQ0AFKo5xVJ8YUKt8Y7+rE3yPHR5o6xOG4MFDfTULjrM6g1JsIYsYT2Rx2gkROPNvWEmrsAmllgEDwsVGF3quV4ADdVCNqcSme4XxpD48o2D93wwAUJFMe1hYUAuEIo7povmiNZ4BXIoERzf1QtT6xAhtI0RhcBj7mDTCg7Aj0IgdBzSi5XSn1ShHtf8I0SCwxUqmrUcglJUKRUGRLU6Sh3StCef40Vr70tk9QRUnZXdJd7qAWQ9cdTuxhCQZA8iyayYA2MvVSNevzrxZAYSX3+yJ7PSKMSEN/RHGvoDjvEmpYfsQLQ9rOBsOkSBvTeUeI+BMUGAPbZEkY5zaFyd7frK9ynkb2tpLBJEXLIuCKQ7wZs7ot2Jkq08xWk0CAk2aYeaPYcSSh8kdN1d8bgjOPWtLz8DisZ/MoOdjYoQgJ/GSSHDhwVchaOaWRFPBPsHhVPl7Ky6VrwNk5xHmSUYpCYBMq8xDk70/MtWnwUwVV+XFIz++OhFEIZX4aeRlxhOsRMpdSwVGWOMXioq1Cw/WOSQwZTUbd8trzdpbw/Nci+BlZTe4YI2o1oZ3N9IM4ZsNd0AhbEMpSg1RJ3JlVnLx0vHEcmX58IdPn6ybRM+MAn0h8jSeaC7YwuTlsd+Ngr5DhVKSW1oUD7cxFOSAVvDhvLnL+CDXYh2yw1++fAls0kVF1pGyuZcHIySmUI0N3BUKNM2JeKgmSoCl6PKPqaev1ZPC0Q9Y396erKXJyRhWFCcc24ghIJPFmoaSOeZE8fnHT/e3f24EaJXA0oEEokedyizGC/IT5ejMaJy6ZNPOmg0ButzpmyzKLcxRKDu3eIlN/po7WlhqY2gpgyFohpR+9M3hCBiKcYm7XCcrR7qjFJFsjcy8sdS6LLJ1qM4tSnoq5PX69cajP/Y33h+T0lcnWKI/Q/eRJYdhGBsYGnqzf1vxCzV2K/BguBenQ46ucacZi7djd3dBBqHYYlG1vHMWzX00j3NWWdTgj4HON+JIimRPdh7D/U2Sob4sbsWWXyv4UF6ifirLdFOoH/ULnTHBbL1//FY4Ru7WcQpoCMEsbmreKD2p5pvNB10grXgR2YFG0dVd5ppi4xeq3WiII7Mzwk4AmrM9IISsiU6W7LAiE6pXw+3r0+13G2w6mhp4YLnXHmGjUIn70vm4twlVOr9ZQ+YiIkfWNhQt8rSnNDKDbugJHvOzF7l5fgosdGix5IPFJCr/nChK8s3dV5ASlECS4LIY8l9eCSC+l9bDo64qLWOzlpprGuZUp0ZjJ66LQa0QVDTSUrNGeqR+jUZenTpMFpsRNVsJod+Wz2XKUsPeHPP0/OgJNV9e9LP88F9///Tl0fDSwkFe1ACMl3wqUIsB0ZTZJiQyynFGVjJZKBgtrZ4gxO9qcQR73VyjYmyBhIM0nsuVadeW9SdDZm4rQVHWargo4FbBvTd1Kf944xul/D64d3DnuTvWl/khNykXjpI+FKZArF6xPEyeqEHKi+rIdpFk48GhAqtaVOsjOVYVU1C6WHHdO1PnX5Jo0F2fPgcn38F3t5OuL/EFhLCHaF4RhLZ3xT8EzC/VhQ6iCdxHtpkVVgpdFRNQp9N8xQm7FqMF8Fje1ayU1INIiBcG+GMxpn4dcMAdiOGNmBz4UBPGAuhpeUB0HigfIzSmkF7TPhtKFenjX3Ri+9Bfxwy/pmvifyDXV5t1qqxmcYDqWtchfP3zPWwfbC+iTs3abC3u7vZli4A948EAUiKXNrjaZAHuxo1sMVyOkg8ppY9LCqLqAh61EMCP9PGTweaWTDGbfCdEA74rhBY14ofJ4jNsOk+UqJhzNnpgBYTdFEO3NEQcjBJqN2AhGombeGX5oKlJMuiqbyaglZOq/BSJ4oRzGsbmZiw+O/CZPBuMZGa5+0ZcLSNMSrOoqpGcKVCB74siGgJSmqKUnaUWhoKWYtgAWraSpUgQ9XKNN1uFNkbIRO9R0XSOppN867typJa0EkeoUZzEuh8KWt/GsryQTiOtxw6Q3l4kojGMWAxK6DGT/LUSdnGXpuioNFfx0iD9TQa8saVmlGuF2Gm31Iknm3n/m4iLD0BiP70ULj++vD1PNqjzVI0uoQzTbgprT9RUNi+Yox0tRI9APCUZYuVCbpIXXaXaJbh661M/r3fB1bIm0/EJBYoRNmkLxt0VsXqboFilrWRknrgvLB9AlJk3ZQfXdzffHtsTB5BncG/bVod0UZFk24xRup4dGBmZC2Ke4fMQSRSxNoE1w85UZDK9FtsQnoHkQam/uwr4JmffFHMrnWklQQ5VZEggeGNyjfemtvFC9e3fK0EoVAJvmmStTJNmNbIvRkMFUZV9kmgTmJihhRvu6SEAknB//HTHXNauOgeqlQPsrPrHH378+OMPcLh9jNymM5CO8GwA0RcDaMQJ6aKc/jUKUotjrAeoctgCdevmKQ9phyzr93vbWrmBuiZuh4hSlHyiqyhjqEXUqqGZVYVBOIKBzTcbbBzPCLJMqpe89dqq5SKTRrYOZkKjhHQ8NQeyEaqAnmJ6eYveeYAnPLaRwCT5xRIFo19MP3oASgJVukhkQkoa08sf9ZAVa9vTe0020JGjMwq08b0sWlSyL7dFVbhlS3JElFeBzqQRC+D4l1dmtec+cp4PQagAhdq6IWxWdMdRxlB5mxH8by/EsZYIC5gQ6TlsQXU3vTk4zmXpsheTqBtLhNZ0LQ0ucrNO0GbnFk7Rl3iAQVKElysnO//S+fRCHuqdkvytGyDPt/cPkiCzEZSmjthrat3eUxFOPonV/IBenCTOgjdlZXG8f3rLFWKZupO48NIMJYXFpXZR4HDhsh+CTMHpRGEp7zRshh/JerKojDh8AM4qdE3UdWZcNVqTNABcBkI/WlaDR3x0GnD/Uh9RwLkGgS16Ks1t3256tQ+ed1fZ0ycliN89TNFLBZ/cWP76yy+//OwW89OXZ3En5w0mjkgBKOoLRcQtKkbpkDqhaUhE0SpXkYT8aV/jwHTfIBeNEaAxN8K1UKztYXHQIdt0rTijIBJIP67cgntZhkgdbiubPsoO3Uzw+fDgabTWrPVC0KD3b1aqAHw1TJd7pbGUGei2MNRMB40qz+FRzEDJsv+Bod7N0RV0HctKdZ+OkxA+VqMuwCOY5s8UxTNmzydJYZyLUMRq0rN9VUirKHsK/UCCMpEnGeVBPtHHae0Gv4qDCJrp3+WFsUNFoSse+BASWeT8Jg0cTYGTfWgzWIDV/xj7hZvYyvcv9CRPFEy9UXrkm7ErGxCtM/Y5xIiJlOqOJN/FRPIwx0taiSIgohEmZeXi8SxedOkcizm1eQwmikEtsn2/vfu8m5uWRoyBnEPW1V0iMdnXVm3JgNX56tPCKmTmEJugZYmCi39ILYjDyzMhTmnw0a9TvQAZLVr0Ghcq12yUpxJ276cQlc1KI9rSwh2K8HXzaf6XuSBrcEibmdpCFmDTPE/PJIaoKgGrR4lNLGexIlnC3K+6/ERALx3JNQMh2AVvF2ppXOrTSRyVH4zonnjsKVdUZpOAA6DxpNIL/UoPHtMdUJ5PU63t12cb6lMgUkgKPReOFv4EEQT4KiNDAAKpatG5GBcWIuXpxnu3lJueEVILedpxXpdapZB2UhYfQxIXRX19i4AA5Bpr39pbG+k0ay6sAZeZzsBB/wThw2aa2Cdx4X5bCxIU0C7REymGVRfp/XIkkNQBsMEE79lidYhRF7iL9gAimSPAdJTZtHvHbdzAbvWRDaJTfK0x8VGsyUDfGRgCcsnQkZEyU1aoLZh5whd5RsE8qC10s7OMIXvLMLIrZ0eYZTbNWUyMfVNTL69OgLLD2pf+chOQoRAWbbVy5iRz37qcgdoC4bTfvMRY4NFg2EsX+HrT1eCbk6tt1ACIe0V4EilfLkdPNBSShBNHnSwW1bV4izzj//21vQP6mXRSf2bAZnkqbdISkbuNPEVCbP6A/ZBRhDSEx200hiZnjPnDyKMMa197TbrFEhaRbYoJ8DbiogsAEx/epk3fZyUBxXsPe0ASIS45AON58oqjjDnU3ZnohxYa1zI142x3046nw59YU2OOj+VZUgaTrueiiagfVgY+MtIcD48jpDa5EaB60YIUxeb/9oQn4EHSiEmxWuxqmA2Oa/g3xYgB6bu14KanOi0eaWmYAaApNQ+MPM0JJQ25mrXKjshDAYh+cjgSSh1BgXUZc5QAbWEjCaGq2Y4EP3FO5YW4UAclvUdiyqVkIItoEKEQAkbnhVkmL2FlAqplbmNLM5oYhahqukgIicY33xeYEOFbMJrL+ZqmW+G3dx7wdq+47sU8xO2HlWnQS3Hq2l1Wb5QEorc4Y91YQPcNFYkg4MVoOvj2eGWF8Nb35D699pIj9OaamV72qX0m7F+KYxm7Waw3ENkJ6sBSuB+CIwe6n4Fqr3MfjRWENLPCODmPwfwrueVpGIi2CogdV6IWyGTYjOQIqsA1e4NNqQtqsOjbEY+NERChGry6lPoxxTNCpdV64S0ZbRZQjZZwUqnhxLd+WztvBdHRLXbhi10+funG8tfHX35+/vL12cueWEFxZ9aD6JgGfFKapKLTiegRF7DN0CCF6qLebOtU+XSGp+QewQAFBW2pPoLJi1RLxTDumLgvBkx0cxEisIqoEzncvty/3r/dWWYgbjeXHx56Iu3+znTadkRWyLlL4SM5p0pBEQOWf3ldimDJxhbiOfaNDT9IZEAJHFfZEgIzvn4OQ0gtEGoWpb8ep4BxhUiIB2rrO+uV1YgJz+4IABuofiMoa92vXHduUgQkiMCET4v+HJ3VF/Byt1T7a9nk3lURbeRxz7Ir9p6kdQuIjwtQuA8MzYtmegLf4KVgA28NYUoMVYY2wos4CkZ6lIyBCNF/Jks6SX1KI6DInCyH+fCDHhh1iaZxJ4Sl5EkiBaxHlHRxEUAz3ZQ51C/PX3QUWWtJv8ILxN6sJvpbI9FTRNhhDph1MS65ghGa77VoFzIygiD5jERKhTKS2CUL2jhBb7GZ2bL1CJubRmN0oWlRtyvrBHof0Asc0+wRXZJSc6acYyGfPINekoFM57QORbl5fLnI3+sZSdmpMWUG26jsemJWZZptzm/YLaB7TckRZvTiSb1ldbbui5B0Ib96isgCAowNzqnOE1VFIg2y3u4GffAylGUqYCSWjXRQ6tbyEeU25MldSxC9aMMDD0aPNmuZskv43hfewkY++XtibKRO9A3MB4jITnKN4o3KzZHKd5EpW/INb96Db1pvPYF6qtsi7uSCtYUQbWkt4bk1uSeUJ/AERCYk2nA/r2JCRaH0CPvRdSBJqXtFUxO59cWAuBMd0QyIMXch9NjChBQ7aQzannvDUJElCItuTcPlHDK33YAGphkC10rrr6VrfSHH1Xd3PqKeMdDibXgzhraAjvrEDq41t74Uy8BKYnjOMGKxtCNJ7DgmYeOd18m4y4wsVJV4OfOFK49PcLSDmxVuiM5yc6nMbvaglXET591RVafcQ7yWUewcEFQJQXywN4uoruV7A5s8i3YZq19+XwKQNxTKo35jv5dRPX37Au3dBzsdy93Rpq/hqMi/YUoiobNNC6WnmaSs+94zxEkYp61vlygfdgtTIURk6iUFfGB4wpHPNbadFJB1g4wjI3ko8FpgIda0lZoX+Hqx7ovlVTR073vZBunavtYdK89qtp6FTrfccr2QpfDRlhEgZRaxwa3tK06CnTVAhiXX6QnG/IbDPdNo9zttSaBG/PEIVnHz8k0i5Fa9LnDIBxMsYXb3v0y0uV1moiTQgwYspsFNiaNwd9KJibtk6AWZjCoS6itDpPRJT4UbdCiCU0G05diR6T2Kidftd3h6CKR9JXDRQgSbcu8Oc65AqKTb8+ikR6mgboehlLGVuUWSNKJlf/yRhSMLwvVY/CqiQYXHgHUnKHJoCsq0i3AffYoftDFoGaoDWKqWiI6pYls6qGUPZ4FQo2UpxO4ouw0ATh+/exapRBZtDRWJdSpOmOTduJe7NJ8XG9+jSlcGlJjnBboclZQj5lDSmcCAMAUsqruJqVK/7AWe6ZRWWZ0CGgWL8cag7gFF9gDn8cjKaA1psZP1Jx3FgkqVrCV+eIZTKtIxPcari9qk3uhqeAyAMfSIAh4Qb7y/pofabMUV/F5fPKXlSeVfvvxi/ZB/NGQgvaiB3ECkwzDD4vaESU1cKInDsqmoTNosuaII0brqek9n6a1l3rGXJUUvyhAZ4VrWg4SN8w0PbGhuzrC4KeEQ51DAtTHQSmHGar3busvNw4ME8ZOvlrq/7Ru3e1StF+uXqJcI5DZUQn8shtEmPAhQXVKCyNlNDQh0Q884Ggtx1PDCJAPhiBIKnH1eyI7++V5y0TTY2mQiO0ko7FbQL+0Xhq6utsU7DEHqXzAN8whTItupZDBq4iCB0zJqEu3k6yQrO78HM5wXRSRSFGq/NuODuAMXLIj6AccR8ponIsSuqABcu4seQ4o9M3tj+VFaZERnzK+2fxfCw+KIuf7lp1FDKzZNK9FzlnIhMGYjdB2c0UNtyDJceo6JQ20Uff9v//xfJSZETH0KWAZLGODGG/HoxZqw20Qcp7fTfZD7uPtmzP5oERfUaC5mkxfDQNAm1FCGNzsr2I//kCa0NDrZwm6wWXjqC8hiJkMeuSJMwSNyk5Fm4hzWjp7gbc0vPoO5GMzIdRZXUZudJBBEJB2tD20wEkwXSXwEde3Xj2u0FU1U+OVBhPzeEDsiQXPrgCTlntSJle3vRy8yhAJjAYKK60zYSqC0hp1yN7RCAHFMucLe1B2sIjavsXaV2yYHBtSiLc4uYVMvFAWolhq0QoaenKN7uyZzU0cSbu2hnAGKcEXsUiInQDegDUgSmigSQWhSPlA6JFbkRWHRtDgyg0+VXj3DCFvdq1mSQ5t4cApOVzeQ3voOlXQvUcuyIixF6oWmUC0HiVflQQLW+oh/wHsv8eu17/qT126reDlVo5qkB1NlZslxFNSz4UYsViD9QrIJQC7acySN9/FbVtJ0a51YM3Pe0pGxxR6+qcPIWXrpXPxs2bg4akVxXMLIBQT2RhAT6L4E2ajvQaWtHNiURf8ipp3nvAZlUWslkma7z8SJvIOm1w3maOk4AppvwDGiMtQMiiJgyBBJPZ0UelvRvO0ld32hpUaeJPGtqLh2Sc4SInQbj24+3smOG9jQm5mwk9vHr1/SYwsalbBwxqInKkhDLEEkx/3mibQ2nDQyIREMtpv95NaKZFLLYBt/bdbTqbXSzGZhlSlJ+aiFHLLxAsPoYwRdQ9NmwU+3b8/ffPtz2aGu6NYDIblrBtNQqF/OlqAC6K9BKkNTNn5HyM5dcjCPMrfCZiCWGjYgP7+gxh67UjPzpY/FLhQgK2r8H+iLs3d1JOL+Fw37xVQiXZ82V6Sx3TaZ4HKtM/YVJgp+xYt+ijchQBZfwQMZIYKJtfTaHp3GUW5GpQyLIZd2uw3NqLQmkVwF7JlFgwRL3E3l1j2UdhCdU5PP+CBWSQOLKJz4t1f9ZyTpFTvmRBoxKuEkuqNunPnIK334jEHG4N/MgpQsHEpRP7SYbvdLzXIpgp7iyCSHTYVFXcKhnewAY1nOXLyaLX/ndJFqbSK6Zt2F93yyroAjNkvLqBzxckJKWzP0gXQEOilWHmKwNSYydXlrNNIvGWhVj60PjLkinbCwbrPY0wXc9KVxQ5GWQOQ7lZRoReA8IaOJLrU0W/uMr2aDhjZXSYdiUa7ixjeN74Flr/988r2SvRP/61friaCXF+IJsa2Z0qSjIK5z+lEfwBxgGtRDgS5hRDLo1YdTaWXVKRLEK659cvGLeNYxdxrZQ3pEqc+JN0jZ2SnIAhhk+1KAxe7Nw3ffykR3Papm82H3l+WIbUNsKw4uClfMRGyEn7IcSBhTKB1JhbbsLJISNDoiDs3JIYKQG+oN2C4bWxXWcpYR4bpTbaWFnMGqe0fcB0uvHQokJb5o4WPfZLoqLl6ttudbtuqgqjC/JcBDD1kRM2yZz0JkwrxAdzIAE3KdE3MKYKrNJ45FBEE7vdVrocslqHUeBD/QFtHWP2y1Vr2CzJoNHKZUKq2Jk3VYMxiyvVVGSDSuy+DrHWpiSoAa5U+r9w+QSA7XDKemgQrkemtd+NKX0l+e2e2T8b2htx7CbKNptziiwfuDjMoNcp4JUiAcGxZx/O3qxasuWIFwxrAlk1EC7dAsuEtFjNZQIyqTcKI5QnyyPKFPB5UxqKqYEu2TR/xFs+JMqwgIEERIj64YaALoNBcFQtfaBwsCoyWxIBuprACUBd+woWZuHGWGj90u50UJLbAixcwwQHN44+kSvoU6xFgKaQ9cTJ0GoQWKQU6GsEVZK3xGnfZEiu0OkuFKEwd6ByAt+BMxCw5iuJtByNeGHlrHNSFslXBDDyM8JsJPGj8MPXlEsE6+NWEebmeihZ7RFme1x2LLEQmp0C2ZhsodurJewFO4cRvTEAKdYHVtgMoklKW/Qlk5wjSTvrO/hepJWBd0xZ0aJdKF0NWhCOi/q3MLsK75l/YNBv1koToVL11C6CBKI76F7Pur++4KGGuvvlkv1Bp1EoJkgMNEG98ZEo00iGIvY/MLU/enI6lgFaoYLcVOroHK+urWI8ye3WLPfMEWHMqj+uiU7Oqy9HvdyJeujcDdTaZlOsfvIjEK2GApowQUpt5tYf0MU5IFc2/w3XlCfA0kBB3pK65nTozUwrFmjINZxMB+M409U6h5sjgs2Rzi+Y/XJ7OKVjLkhR9vnt+e8lfZmiFVllQim7phOpZbnpn8KSWfwjkxLj9jCpkUZhon8oJSj8RFN7rHY/SSyYtwoE6ZwFAisYzmYAAuQ0IjUgmYBK7vPoF48/jy8Q9fvn15mSGBQsmTvDEWUmhyjLSojkCAz5YqrzFtLRAsCCztLWHEqhHZUfIvPexGvjOrtgwAHbYlZOLUPGsDDBzUYVPiBnC6a727GgsxGZVARTSZ9xAHSOEsKoHlT6kmWeTgiohUtmewtEqR4DJ5UHIxbyWVIORJ0S9dNOUWJUw5uk3wbjqT1uBNH5yvR8mH04S9pz/cYsbCBe3svdFYQZ/+oV5p1MwnynTPCwrvKJuZMnD7+EE/ItUOOG3z2vkKi2GWwlXPfbTLFi5zh6BZsI9tv5klga03BqeWg7tY2kHU9EndRWY4WpTSon0+epUmjszFGXpXBfDyw3KtVA/vJfql/OTBugT0Y1XA8r6YVbH113hwkda4TDs90mL3RyNhJGa5KZi840o5U1LTj2MDgTYZe8YY4xmk8J4Y/a+nDv1pX7PIXu/WnWuTR0kQf3l1v91bDn275ONXdjl6S2yiz7/9BsUvotC7wOnfsh/cZ2gEpkHKGcJmHUmi6+KWcypZi4g5fI44ODTOK5JlXjw/hD65+8mITtrUf5LN2dkQDXPqnpmxJaEHjnpesm+Vv/PrUeZtRLzzOFt3Q8DMCkQJpPCius04ybCwyZamELUZ54hHfbSk0TiZ3tUhuLgTedrlmtmH+k7idJKq7mI3RzSKlcVS0HcUfBXRlIcHszS1ffsuMfTevsw97Zeogyrm1Tkw9VIfnGm1s3ibCwVVm9SRgNfg8AP8RB60yFtvMIJNKbN7yF2n5eQDIGONbif+13O9oFijysCsvIFpZT6isX+JuN/6jqYDYHWdVrjHKYULAAAgAElEQVTaAgf+kvZF/xmSv7rDgDqeMlXgL8ZjLgG1MPThoy+/8kjV588PALWUkivHSlH8xguBX8UTRqarxTmUkpbACykU3rZaZNp3++ZvsY8od4X6xthQ8IQSQVZYNGrUEEDZQVgANBUOHWhaxEDj1xKRVDi+/V/rXSQRMPlq456sNKjB2ImQbMAk8sIyiMw9USTedJrQdnulGMgwDKOk7Gi9J3ThTK6hXGgYSZKjbuVysuw8h+3HlAm5W+fwpAA3mTg2/Ao44Fsd2OqLXtoiqDwv7/Pn3BIBfsMeEXl2R7GnmwsVI11qJatbNXraG9fgK3U6zAgMjh49MXCA4CW4Zni8nIvpHc98dFvY9eCoKbXsv2RhnMd0EcTn0qaiVsds6zTJ8Xm9IQxYKSbdLZKP3oStgfpRRDwgpw+GlLSSLxJ7wlfHAFamLWtyWQDLUeOQCpO7YNwrDpWodshQFrJb8kL4S2+DSYrXhn8k1HcLKipbNfVATkk2adm6yjEyymOK2hrPyAGWqDNkG2itTpTUlGeNr6zrYj/M+u728w+fvVUvCBHk/nxtc08JrGmTqg8CqZGkO9eN3CIqNfWc7ovZE9MhOmTnhkobeMgEEHMsezf4D8RERYT0S7Ov+/IV2Ig9nJpysXVpMqMd+tFY2Z4ZIGDUNMPAVTee7749ntuAmQmhkwHzCFFmexnn0H9io9woWwNOdSiXDkUqgQkoBCngYxiLiVtUSIiBrZFcrFG0upyaLlvtSu/bqQn1Juf0GGBbJzTLk14/33784U9uv7zc/tc/2LSPySkgL1ukNVe6eHZihwHOzmqYBjqYbTbF4NiWBPwZrpd7hrFNiBm5WQV53pgCmka0Co7qxHm8g2EFpdy0JeiySeP7YE/4OSc/1rhL5OM6HRdP8yRiMVVwvwW3SCuaTZGkY7W31cYRS07ZWOKBmf9+u/2OyKWtpZItb4aYELUUHzA4whhPgeVSktWHTj3IlIWyGYEyKDqKXVAjDz2ZDLqxVqn1IN9Q78LWaLGCpTHY5ksJIdIyDvxlIpRc9zgFKIoiP9mJJoCJnN7uDjLCXQAa+wlFm/TkhMYSGAIa9esTbiwyqYYXPFSnUCK3qV2DoTre1JynqIIMcYJ6dls7xGRcH1QCDovsMNNdUcRHuWo6TNWFoEojFd7SnWpjcMUkXwg3VqfzpOQzA3Fs3gL67H9MoZRwiWpWx5oDo9pfeQgxGn1C4jRLubr55ed/OQ8rCwDAar0I5/5HZB9h0XuiCZQ/h3+a5dydQAp5uydrFpLEtFAZrNPhKGEyXvfkmkOiLdXGREXQaFn8FapGSqooaqUMgz1ra0rdBxXZjtFO4W8vnlhOcczh2p3lDjeXHbJDr5HIJN3mKR45eB4PzlggNPHpe/WWqMdNM6s0Cm0eMqJITFOleJ1Ku6ogCP5FZ6QHnAi66tA84azlSi8t10XrmD09F/Jt5Rm4LCqrqV8IshJdBsbgpoKsXdPgzO9Ydk1jYvcgLqDDH8kJFuFOdAPXvwhuiAwq2a9dAonvGZHPlJN+IjtxYShuBqF+AxOEpBooVTKWi+ZxUMK6Cg0u0gJnXjFFUNxZFRtJQXQMzjxEJygHIKmuJuCjIGRxlJyExB9+/OP7zz+ZBRC6vbTcRQQSekrU1kVbUwVD6Ldb8wp76XoqduSRZ76TzzRVKxeYsdnwcnnCYNwb0hghM8qdjk+Kw2jMHTN6Wlo0BSobQlcWoE9RN9Gksk7iuhhmFqdRGk0R+QJDr2+zy5SQ4mJ3WnBVnpGQ9FYakETRqZ7onpWkzOhsPnaEV3ImMVk/WM2mJ94yKp4tRUHH7Y33JDdSkeULbzmaIIi2CkVG3Vs0aBEgmWsIKr9d+grVISf9Erh68QTz3ofg05OKuqWxnCu6klYLANNwK/t77VP3bkrIGrIGMMdfOpPecZNYMwmUKMGHH9FDJidgBHkCQYMTYDLRSCPhTQ7R3S+qxSrlxQUFG90KLyBBo8Qn6DP9cpFyIMJJz4sVFtWmT464/ZZBRXSaJ6fJOhpC46c7tJrjdkITiH2RF9FGAJ2KRlkcUmcHzpd8CGeCWZoi+dlTdAUfkZhrBTRf0qSx5GIVcdUqZUuK7q8YF7NaURMtgw+t9ogjMefHQrPh0mP5ZjOWnmsWO4HXosU/g6u70kX5mQJ741acq33rtqx34xgVgEYMmBGjeTOMuZIVxCyK7gtaFfapZHbrxIqzXXdBz6nNnYioAOeZnhbTQBPOW057eZTOJbojiz4zzWMIxybSPdLZtCzGqDkmZw2ESR9JoFU5xh43FC25RLOknWuwKDl5qTfYVIYmnM5lum0MdPZPfFLSTSBu7l9/ur/7o0+f/vnnb//37x9f3P9ssG4RMjsrRGC388wLwoTQWI9ahlcbf9w/orUoKb/xSu5eyfzy9fn54fnlznt+bnabOaxxT+3AFLHqSI476wWkWkhOih5wQd3dfOvp6SITY/DjKxh8jGHQESiGyESZd2X/FKN7EirY6Zd9CFsoFFIbnN1mLuPp8Q+/Xu27F7p7zSr5uMuPeySBlCcblQNOcA4mUnLhxTIqmo/4QZKa4SeBpaDYjBImKRhuqCtcp8uk2QdWJDNd66sqPnANs/8QD2g9UBMKbzvJ4uIr55UMmAKJVR7J7kZkok892XZnGoV91kMQSeK0IAoYGnkmAVPo6CkiJL9Ep0DPSOJAmpWHKchsMr4TmSdhpSwkXgBr8aLVwhrVDayRE7KISQ2HKHzyr36iEvTGJK0T+8xJ8EhZ1dYl7QWA8bvM3LJG5fppUwkRd03bNYn24by6+fn3/9q6vXYJJxJ01qXOORL7owAeg2q/5bNUPkYHyEdUMYy21Q1ABYU0v66T+BL4EBDAOSgo4c2ICmdEodtMBkLwEClS0GL2gzCfzhhma9MC5+xhsieW717IawmRtTB0h+lFnsH8Wz8sq9TcU1nBaXS8sq2aH6XqivCXlUE/3RwaY2KmMKeJ6niJQTD6rO+AjanGviprdarzRwXQZaurIlm8wUXBa13pjgKJSrFvWJJ5zhe+PT1Z7oH0CYrIhzyCi1kHaxRVneAymsCmSJfOXCbf2VipW10vYk6rbKtGqXxxPEDFmMSFtANnuwUzB7qL8yOGvHHchcYRCOYXZfH/jmk1h9ywr+n4iL75znQeEeMn6kTtuI76DLiGYWuaF4EIKUa2xfDjv/vrf6RpWmWxZJgwW8ygk4IIFucWPX4pXrDm4upFKsXtRseMLeeAisMce+hiRJdQzo9iPIvLjQlmjOSu8ZxgI1Hec14OM05JMcdNrxFCay6O64bNr3K05MTNBoUzbbO6vNAZHiexiEqkATpKGdAj8UaGD+5dTnzJdCiRKbwWoMcVcP4LjBq/6y0ZZ+mliSVS2CM3CUHPdqSN8qT00HEar0OawU1uq5UIEhM5DCaWtkfo+FhCmSjasSA78uihN1KlV046fogOHomVEjcVO9E+mYa2JHGmGTGTuHoAMpSWfhJeHmyFI2+YPLtji7goYsYNi/VFWzZXvpIzGVedI28igGR22zprhJMd6aWtWTtsoY2ohqqCZDq/WGu8ThHJWVneAZcEEGHKQGNeBlVrpBo2te2hnBZgkmmqPfyW3jX6xziQMVam1Q21ZjuRgK/4UYfzEnw9XQmPSJuqADQOffz+NMPzxvJP3uZwp/0ioP+OczMwThf8k/yEV8YshNbYYl7riHBaPfWNKQkaHG+xzuU+vH315aGOZ1/TFxM+j/xjr1GC5pCNolY3mvXwFyHZlAMcN//O4s4o7i2Y5hG9zVi6ybOa6JY/KdKupw1vIJM2xaq6Uue8Or1vhDyqJSs/GlAUSZLePMHVEqk4VNkjIJGV6eAeAIJtgJlkW7G1BF5fe1QXYbKC4kh+JwPzJdJemyeGeE1Lcxv5693bn/9498Pdp//rn70VLjGTXrrSL1uJgP75jwRyINT0VrU2/g2DAhbdN9u6e31/b1XSM6IvD+6A3HufUA/im9FhC+uNIad3UPzFeVsYHE6zOaCzF343B0hgmIrHTc02iromhFqpYqkq0ZUB45dt2GGUcKQbiYug5MYaVir0OmKo2xA95o0nQz0gyMxU1S37cQrt8EQsnFy8n4i7/GawLQQChI5IqeUxn0SoLU8sfiFvLCuALjx44Fx5tMXsIphAH71A6mQrg8kMqdiMaC+kZ1p7QWL5MTs1U0jyA6oq9Mtw4FgwwxLnpB0fjgy81j4WJTZBjJPQFHDO+WlBBt2dPF1wPShFmZFmI+uFP7KM1wipu82cpDUcfC7k2oE+HSQAfCd57on9pIKBGUC841gQALDKOkVutVCo6tMx+wjtbC+uI27NGOcKT9cbT05FwG6T0bvJcmC1RmFQHKBG1KRDc8t3E2rEUA9y0mghMJjjRqUgLKnJ7uo600wuKEp1jc9xRhJ6EV1rAAUDHhKEbiYYsQmNjBeuGNWNNzyV/nXNyOI5WDf2I8gBRRyjfJnhiW/wlx22+8YDmDBk/Sj54HG+zvaUJroWy3DFaB3xGxsaTnqVjFcd8hT8AxEczUipfzWuNN7XM3mLYadlHXPL4K5Z8SwfY5/r3NmqadbNJwv3diVWqNeRTfjs2m2Z1qIAcSWcZA4xAU4Ki5OZ9ehNP4fWEI2ofHkkTLfV1yjLACKLo8DoK+2aMS8NgYvV0bNGWNCDTdazjseQMHYuoVKqtt8RAKBjVtj1qdN1WKMP8M6d1AEn8VSgYFvByEHInf/zhDVsR8xcmIeeEPX9T/7kL/7sL/4yIlkj8oovLNlhb/tdxhZf5ZVLKFNNU3Y+1F1X86P520Y3lGCwLX2eM9jaVcwKIrft5aqqMDezzbumvznpqIUl6Y/OzkRinJzjEhcmQ03qPG2obVxP2V6P/IQkp7ZSknsxiBORAqFAj4FERRg6mLEuNCgrMm1EB0qc3dgcEXNANCfbgJBMUk0faMv8dl9RL5J0F8gKENfKKrIdJunwwZN3d6kbbXpXinbU5aAXJkKgdJ0MVU3KaYlBNXUvkjSiS5jsBk56ImBbCcP73aYQ2cYwAY77URlbiO02bUdlcJL57vpxDKfFfB3DHFHg+T9X23DEYrImR58TwahHsgLwNCbCbxLWvq9srbLDi5CsryqFMIWGS1sLXZ7+rT8KMFThoGSb+0Ou5rGT1whwOmbmGTZTWw6Ld1woKPkjmN2b68Fot+wlefbLEitblU8WD6kKxoykPdYQJ/01CA8ChL8WObe6JOmyyXYpDryj3Rcxi42To9jYV9vozDj6St8e/mh23402S4blNKp0y+3f1Y0x5xW1Vijn8wgIPcWk/DCWpreVxXWmvfuYoBGr84JH7+crx8URHgq2jRnx+OnTA7g5RZ736qa4WQx+Yxkc722xdO6tSIb3iLPVYXnwbJi6NdxAAhvXyIBZhzKkpp1uVHGLWEpxZzuiWvTXlQ3XxlEo8LU9yUp82BE+T9+XG1v+LQoBkDGWzreuLCtRDIVXAnx/+uHu9m/+/Mf/8//9+vufv+YgdDcVpa9cMx7xn1TKSaMnsoi7O36FhhSN3DYdbWunRUGPUt+93PkK6WtJs0FAvpOaTpoW5EmjTpKdPnlViRMkcbYJvyE0+8RFoyMbSoxOQh5hW4PJbPFl7uKsC7Dl5jPdpARURj1nqLpewgbBFTqYOdFb9eQqQYe/fSbdsO5xFn0JUStZtVp2nEUkRaLptTusccJAUph0CyMgpTuQOGccfmpA5FGHnmM2ye10AzaAlJlGUZKjEjuGmDDBhh3lXrCgB27sLMrYaIOyAM9X35WvRa7gz08iCTjODq6kGORVlrcknFpRQYO0k7ZlwpforUHUtghaAlAuisDAb2Q9HUOSHDOPDALGEamYgSALHeWFSd+4RgJR24CooPNFvCyrTDAOI7/LJrXh2PVFevHRsc8C4KSuD4qARr1lV7TqBbKGxNRZhJnCAZmJbXmRWqMGCHXJzzm0Cm0ltnum/ml8/kkpwk9/2sVanRw6TJgRQnyVJCwf1Wd8A+5aOwOeqrwdW6CV7rV0yKpb+Y/bYjxapJZKhazsrt999IalclTzVbNdE4du51g2YWY46QsuHW6avVAh+PZ9cJj+oyG1x+GhEqLJOdGGla77ZKTnMqqDW/XG3xQB3zGpqAoCECeqBnvtgxSgHeM/vYkIpqTZTSLo/0SoD/uy9JPwB7AMp/6Dp7SW/WoZgv6U1uCUpLEEqwaaIag6Q6Q85fDkwaS/rhrpMkA5W6D70dJ5PX4Flb7qqkMxdBFpjXOlsdC/BD5oeYTWSSQCzlV9EfdrTUQOX/4Y6LBmQSNPV2hc8/7bu/t/+vf/E6cUPFgtm+EuOmQvU5FJ9dkTHQBkdBMIeKaVasApO5sARFa99E6zp3BU5hx6Xe1bCsDP25g8400OLKolaqFGx81DiGeaiR/QiombLIyPwobGzJ1vTQxgQVDWZA8cL1Mx3gHLIjJyhDr8b+Sqet6M0YxDz2ZI0g7ht+lnnlq/YjaJ8kqeUltkUKXUWV3uuUC2G83E7HtlzXezMFQknDnIonzTudCWVIN9bDAUlz+I9vQxiglETCcjM5pEawRpZG0lxsNAeW6RmtTzd4Qjf2H73G/u8qi6QZrPUoeVNg9JtKqWYDBb2NGonJg6MZsFZxAFHgXGzh4EXgKUQdJXl7el2iA4z7S1S3BNM0smZlf6A77P+DCivNp2uNuF6VtHsT9Usrm6sKEEnjZHyHKIDCcRaaC+cINfY5DlnQ+215cAgd03C5cbdr/JV9t9//hiTtJuKjbsO9dMe02Hpw4v9bynXfokMXoxyOEc/SnXyIo+MyEVyLCEstc5xXU75xZyGAAsNJK8sgse4ZTNkIwE8akXmXlkabLhOCm1G9CexEA48CSexxIzy8nj7jovVHjHHpuwUY915rzYTqcGg2Mas3994SK78gUbHm/vzdxjuSSyaS9Zl/oY1e2y2WKP3Mumh77MBIuIuPI9yF+S2AKY4a4iZHItg33hhfmXGQDk1lHCL0dqyG+OMclQ0aSH/W2mHLl5SQ889FwqmOy1J7WLHsQBMg/PJMieXEogS5W9tylmiQgsO+FcGUhoDKj7m6u//u39//76+s/PqGU1nBa8HVm9q8gkv6pqoHBpRwVZcj/My3RAauhWM3L7fb7xzvLcAaGkcrStA1NHYK5PPa4XnCIZtTQKF0N16MMcWi4pWdwBRgYlwCCgkHFKdc3dYaLWKO6DZAF04wH/OVBN1j3hpztpODG1MVEHoRi0sLOUjAVVvhQ5c9xMA89jf7ItKLG4wQsuxBEDaUELYpXe6s9JVxksGfCAR0Tx6EKOPhsVc+OZXvXIAcwnm7dchOUyrFi6E9SDL8B4HIc3SGdBaDEksgM9wKhu3GVNmV32qFcgaxAi//yUy4ZNI/0aM51tYQPuaX1qr0lpBovSJLkypEQA7ahpc+SBojJSY9u/apN8YX/S0aq9zQlsxGpM0mGCN9jbMpUNpynUkDpgWvtXCaqiGS9OAA+Oxskg79KWajGeoaYO/s9YlTi6PEeFrhRVeVrq025yrsiJFI4D3PjloARaThdNQcuW+61rR81jnb7tGVslK2tYy59DPZrLwo9B+WcmIwT0rzLMN9gltCJAO89c9aMITj3Ztr8IQZBes3LL4G6bHUruSo6Jwujd9vx01nOEAa9bauYwh7H+japh7Oyg8hk663oqTnMB7gxUNXIcrUZbTjh5HBzTxhEdvsPXp1Jyb1n3zZ0LwsWKH3WLoPENZH/jYyyPnslVoeKLgAfPdTgjLnXzNRcQ5UK7ZF/a1GCGheV39nK8rC9zzkZr45P4L9wHQfU+/FM55MeTUK0H6a+4NjUFELxsIX0E3Q+bRHhFQAd8m1PLFMJXTWLoH+Md6wr0YAos9Hd//Y9/+se/9Rp9SotDuub2SEsr6Z2FMAH/GD2q/Lrl0BMX7UOKoeaQF9qLiQJBaw8Etj/dWNc8yEabUgMjHfCoHQfImmQh6IQB89H5/qH8HXRs+4l5WOMsx0VRaYjiijSIPH5o25ps+1CTtrLI6YDu+V6nJmY6hrOoKOeTXnRTeD9E6pcgSLH7v6UqmirLrSM/CCUDJ3uzNCRStHNfk4btuI8Yh/OCn7EH/QkU4/WezNAF4z5nQAqB3+xXT2i7Kwaq0SlBHZKwkmaoRdI2SnSLpFguwiFs5oNYRKZJiJlhR3HBv6SlNuRqMVUuGLQE0oJlVGgATg2iWxJag2l7IhgfXEHf3dceFVksaGbImfDkEGkOuAnJODEdogEyUPuj1vgcqoijxFKT431qp/K9qhv94G9ukEF8e3t0s5IyW/ozbTFFMdmRdZSpwOvpe4ssHsZjH5K50QH9lOwjYnOluPNnmNkmuEwRPQrlPvZjW/gkHMbWuEB+9MukgzKWWJAs+LlFRJqSojUIFTe9J7EdbC48JIHOWPT0TA8leIpC7PQ1rKiG2ycLyVCz8TjTp7vGDUuZjUQ6KbbukQR7F5IkTERfWGcYveSnlcLdj47Gmw+v3nudXc5y8HTV7nEqbU3RxkSa9yQpreTYM4ljIUcakOU1/mYOGcsRS/ROr2BFN9OXH8dbQrTKHbqUnyES4hHkYsiJfRB2PzMoFZC0nXcJEkdK5c+/++3nnz30+YSoDjRmdRoSbNR1DjMNqCMq2J05NJb9SPkhLhM6yzPuccjh3RhXgWeXtWVUIzCoevZRe4WSy9MkEQQ1tki8gbDh01ja6BiMeMw/slg3UgggmVGl036IKPqOS1MX8hN8Ski0tIbtbpSUH5KCcVpeX3OKIjo2EptDpB8GTd8QNR3ljqpbX+way6HLF4oiyrabyBnhoPFA8tnkJMmVsgLlB/06OjQOWklwvPhMsqpn92oZflfe/c7b/EDfs1YUp12hlVUiA6AkjMEqYlX2mHqCd8GVAo1VtQS3Vq6PCZJhuEDw/+g28lSeMBUgHbJb3OvXwAhKEacjkvsXWWGNyhmbPhVkP3PVLOldW3hs0ubwEW0DUY9IzPxO1+6YgQiD4uTnE2HEPT0TayRHYUMCmVS5koHBo5KKWRo7A8lpV/Wp2/nNr8y94J6yt1THgjqYYUZH/2N7hERQPUkiMPmJApYW2Ooaw6Ee0UoogR0daD2SIv3nfwsoYakyNq9aeD9XsQfh7F1JI1uUqHU0r90uiZj1/qtRYiwvaLfD9AAB1JjWceEyf47m7A9RJOYvmU66moEeHfGZWvodB4eW037RoQoJnxYb/EIRwPXzEc7Az9HTv1DgW1VWTRi+FSHjQUUeIaMNTKS4KmHs3NGVY7y7mrrefX3ta1hzoqae0pkwq+oua/Rko0UNfatbSaXEtnYKhweiYUVHbReJMiKckEmoCW1CIu5YS3hVDm72FqFdp3zBxQUL665lfolRpK5WAXqitDaDGTwe+/3bD3/0p3//j/+p0UV4buTiasQ7nU88mllJirGgWAAQ2CwFtEyEwCUoBeQ6QKuBu8kNpWEcB6PRdVSyBZlYz14AmxwNuAAqLZuwsvIQkJIT/Q3Bsh9Ma0gErUbUS4VjwTzpzq+MmAK6c/a913gnLYgz1TiWMfSqudQ2cJOtNsmS5MYFWEgqbDPZ8avnsXwyKXMo6csyiok6Nm31III3imiPxFYB4zjh7c57fkOY7XDP9aHGpf9zqdESL8WKLqZ6V+Qd2VgSj0rmkLGgvylcFB69L+sDUNgAxb1DcGaC7r32FStcN2bDS847LxKDkh0jntZYCZVxdT5baDdqwKZ9EcyARSeGPRiJpZU8iyeR2U9kiCVFMNrSgnAQmiWo23XAkz/L0xdS8LMGNtZCEoo3eqq9BN7ZGOBxneZ1J1vNL4sO5TfPyf9ZqtdKBmO6iMvFlUUMrwuRkd2Jae7Fz1iw4ItmsyoISYOaUoQRMPvo5i4+QrSFN1oAnyCSmmbI32Ft0uqTHlIPyUxWKhtI1Vtuj05G1MKYFxDKFLXLD/GaYKeDhDnLLjvHGllk3r5QgZCIm1mEMrHgHyPdRnc7ZFtinJnuNgymjlbvcwVGh/ToH7rsv+cIkrkCq2eI8sobokFcu+usX2YRM67+x7zmabOK/souKs5oooeQo9/oyszKK+qVOGGPAH+xyZysOztPemPDSi7XalTatjUtGwoQ/cEdnnv3xLXrjSnE2uIFnIGZvEn/0/3bn/306b88/WH4QhkqAgdR0bD6LOBcCGFgmXB1GY540P1i3RLO8SXS9AZtirZsjBFSWpdR4oq6TzaD7rYrhLAw32snnfGc1InOdwvvRDW1hDTDRueom+InKL40RSVTXBJ0NI4ThsF+wFaiX8BqzCTjlbR5Ta4xTcWxW3hNf0Bpib/NI2JSmZgQJkuKo2wusezhaChDNQJnVskYaJ/O+igtMHAhA/2lxv4l6TwzW9B2SwRoMC07+hMuCgc1jJYUcOULWpoF4Yhl2i0w4DVpy0cACRbGwc/+ozVVsRds5/HjP1A8K16JIj0iMl+c2pGTReWtiV2TPsYk9zUJTjtgBjHKi1KnZUBASZITNZFFS63xKqgnmIBBv+A2WUIPtzY1m2Tq5nJqrnEMXJI7Z8THj6ewCFCvzfcbKtRqTfucXWHhV9V2eiqOSjKBs69Tt3wCX35NTUTafvKXeMyXJlWInPWRi5WGcyR8hT+LqDLLikRFya7fAndW1xao4eiGiZ/MARI/45xgal23dLLjBDeAc4aaFhyrzZZMP4Xs3mTrPpjtRzfd0+nBzZAErOEmjSaWS2gvtqayzFJNf+qsaWS9bHcEn/KUtQYXaPlDrceKD3hdDoJmeAiqn4NA01jWnu8/t5V21eMj6j88e7Vs42DnIFEfstOPJogupAW96xgHWSu/OvTh98yaCtMuNchDa6AZnYQu+xO4s0U/J0SkwIuZzSlU6hCd4YwUIUtz3I4VZMQH6BP7TmvcLisXB0++A2FoElv9R6z/BceKArKjZvrvT0G0iVl+mRMAACAASURBVDH//j/85x8+fXp9eiSuURsfjj5Te7lgggFmWRxrJhWLH8lv76uAEGisX7jrK0O1zg+mLEHwxK5iDchFoRpEST3j3dFKeIYzhkDDtwCoZeFP1QivgxM/lDzxszqo6uXHEraFAk+H4GwBEZimtu0tSxCR6uPggKw7I9iL4WOxCaffjCjls4wprYWjXgmdwzRENqw1Nc2DYkSahAaUMqboqkVAUwowr/bJN1pXl2tnoeOEHxnUTRTDJrJYBNvQf0ikfKHCw2PNQiVibRWn/cnTMJ4E2K5rUiS7KqH2Z/GvkCjyD1r1UYNcLSjV2Om6ArCMLd1ZQz3JoDDDwEmASmUT2CSC6qQBZDIzFCSkJC/4J4jMMvmU7i4dBIcXOBrOSk0WcBega3Se22tQ2fLvtJDWhiTSEqOAttShwdISTs/oRHhZVzhF1t7WQaKeMnZf3vcOY7ubUqxnqRPDVM6UIi7ukNhDHhFQNB+FjR4ZxUBSeGGLUSVdXglzVSA3lsMdcRAo7azV6pJs2V7Mtmc3eP4azzekC+g39pa1NZo4HaiZ9BDw+OXLSjL5JvBarLIgLcdtaPXinugvpESTJPDh2jO5VLAF1rCxczcn3VC+ue4VBPwDyWi6ffjCHbKVZzfoYzG6aS0zmT6JgK4JebpLtuo2JnGcfHotK1BqMaPJTG0yem5FMUmbEnl7+zvjoxGve0oaHiFDqjXNpNOP3o+BF3ToYcMiIKiy6NV2d2NL10H50x9v/59/ufZ9K2UXjmhuYCI94CqoXxytbBDXrO7696JmGdZ+02g+pDjKz0xlOYqymf4SACX5nP45/OJ4eWEMsx1EE92wcbDmTYyQHvkQlAlWnfotnLczMAg1cJJV+xmvoJU2NfeaeEWZ3QeEAurxhTfPBlcNBOAqYCM79BdFRaG+tlfjvD3oPEJSmH+jNimjm9LiN0tIYHHNCdpB0+aYLJCXoSr+Dgs+ncPbsycngJTfz1NiLgzaz4QEh0x8U/d4h0JUZKRFDQaRXeXt5McwM69krGtLSICQVhYbuEDHK3IO6BnYqDocbO6R8nVJBWZU7OTdBoZljxhEfp7Lng9D5RZZ04guylYPVSPnwsHYT2S6ImQiXWcl2FVND8l3QlXPuAOzluDqlAMS54TtGl+ZSuFc4/nM4UTr6RSEiyTyYVrBR/I4FNdEPwXA0GEkG6ht7HWjjofthkHNUfDOZSP0QEzMJB0jQ5r9HRYHs37v0lF/JmcMeIvjVlAaRYpWbXkhn7kLWlGg1z6Dh5GkmtYQ52PhIclO7mi5bj9ET70Hgbndvt4837QQeQw03kbfsAR3NoyLhm2FGAMqfQ9NvToPl1rc6dJ5siHuCT2OwWH6aecQXY+qo7pEzCdAqYhyUqFswXsRl5EIX5oKtX17aC0MxsEmpK3iRPNuTtW/n8LoKBEoYVFcIIh28h8Dx50zB7VDnuzqiFIELBHNiKJnAJfRjSCsBX0UT58HPPlEyBBNCseBFCYZVZOwqYrTLrUtMhNtHd+FV03TCP/XabDDMsbT2IT7l3/1t7/73d/KnwiNxgHhyvmXYe9dzsFMpn4LLiyf75d8OLFcpPaSRXAIdFjAyIOztGNRR1hTcJZWUIp/rSJGZMwmcdEm18VHpViZBmvfuXbUNLK1TMQ++VAM+djdJNA6rx8FzT+bYibNgzMS4k01noYdZNcXU0lWYxY5U3F8gAmjiN+b7Qwxe9RGOpI+d3dm55aNtjTIt81j8Y0OQGilrT8EeyBvgbN7GGAVA7zn0A1E4mgKF8ezstgSg9RLcjxaaKXq2tfueq1wEjBH5aoOIPNLL1pLA2y5h2qtxOgtETE8OzGJ0y58Dq1xmnCbBNlQmNzciGeoZRSQk19kRQbaJ4vy0t2Yjofy7177q13m2EPELIdR2BKYkgKLyJYitnmrsKl4a9rZ5zx/WQfa6BoyPBBzqNhDfpPcEIqcWQugxJBhYLBPo8/uuaiGhRe0cbYBLy8gddJgwdZQPfzhvrBwKhtImJBbBWNm6I7P1qzpEQ2xbqWtssYefwiBxb1mC1GyPxr11VIIww65yOKQVayWaB6DihfJny9TibN4/njjy+xzyXZxWLuzE+65abSHmo0OCTBoohMJkyWF4iVNTRgMKJEmxnJAQxBQxe4AkkiDiA2pKKaRzcgQ3T67PVJmGxD2v1pRlSM5stVGIvw5UhMKw5PEsNuTK6tGNxG/SeAyStJsyQuzRIWSnnAhi9SWbXbTwGmf3SVLNq9PPXxDLoB41MJe98DbxkGqFo3Rnd14fvlDD6fIbxmudVfr0r0p465QnHdiOIF8unv7dPfx65eTC6a2XJEhO0sBC6MIXUW9KpgCSlKmz21+Lbw0fwt39QKX5a6kjQRHIsmMZWAS29wQjm6XFXWU52eQnMZbHtsC4wyhAbFb+HDrOEoIU3ggHR3UJvaUiurMV4WyzpFzNjt37yPwk6u8rN/U0aZ5hhXqQjOqIMk6Gd3p3mjS9CWvgzPufNYQPsmFq465TQ9ZWU7O3DtWU4cYDkNcbsJHICgPcSNmMdNP0mk8ae41dnq5XVIrx4AN55PCtI0ohLSQFdx40zLPtFhp3KjxCIjiCrLqGkYIMkKYPHUDeRariyN5Yqz1kTrp5gQNYagdEIipEyQx02ki8x+4tD91HJZTFpmwaAAS91FMl35Swahq004CBD8NjawkAoi/HCa6/QWbEk2UKGuU0hPKijh5zKJhYyeFuYjOg7euypN6jr75LbqXlpJbZuIwc2KUBX50DpvuMeZc6zlFxcWuiSTceUmo8vZsSOipzXopqelgLwB1kwQOxyU91AJnBvJkVD+EHy1Rj5IVDm71mZxa8JKAJDM9f+ttnx/38v5bL1CAp5gCWFRdSOlcJMmHIiz2Vp8uo3E/K+zM74Qb8iOAXANy/UZAlEVqxAA2I4jq6J/SMJ0FpgORoKabzNVkMouRugemNLUV9oGrf8Y0vKd+bYa8jcPVpZVw6hG1QxprtH4YyRJOuQZZu6bH47S9wKD9xtLjSBqjn51hz8FKxmmETxir96E8Q8VbcqkKfuCxm6iyQhU5stpI1Pi062TA9lmjEHkV+j/8w3/ytC/j7FYb62xiE4bcoFiMXjAb+9KJ+O57XisuvzRGaSKGFNl00TUa52/116HomedFb+31NapZDiGPsGzhIh0kvRjQrI9jADq/M8HsQA5BR2xp5RC+rYqQI4bYx/MeAGTj355bLGGK5XBE0+IWOgzmCVnvZOM6fy9zMDBYBkcnsUCUItXaFW6lKcg6ZSKJwnXOOPmmgKjRUmCojZFyGVLEzdCJpTxahfUjraBsxjgzKwe6TGqAPtr0L3kRTZNN4byvURG6IyiDj/fMw69RRQxOM815tCe6wGSueXlmEp/l+qkCCJ2NLTmF76NrR8GKygNGGTEnLagEYUToiLWE3cKF8iaE9h4FlvCtRLbpiux1kgYtYjYOpcxiaJyD4RJCPaJnMmClPXc8GamLNOd1qllHjOAyTtWpNeDC3qgPJ/F55DWhlIJEpRd04dx0MCuJ1rS2UGxb6YJ4CYwBTx8amKw0WiiDDFycJt7GlUwWnbON5JkpFUfHK27jSWNgbONzO/9eRQx4GwSKzEG9tHwMC4eGBa05mZE8/y3guvFSImWo8BaW3TQP9CJn3QZcw+zTYr0MSh5od6MuxbJsyAMH9rzeLbxvwSamMxo0+/Xl6al6fuz/45evaBX9fQFk4sPPcv1YrP3CJ5mhImYTnaEoxU4DJeV7+AAONlvOJHZ/96pByXmORnZYbMmJ2NTA1EMXphIYNiwxJ1/892ADX/wnyF6ve3v72Wphuzs9Bp6WAVad1WGDFC1D3d/tzUSUi0612UVmm0WwjRGPJYQ5Zqn979RNLRn5t3ttsDftpUAd+8jlyxGVx69J1wzvyFOMwBFluSyCI3lc6OXG84zJJzDYbomnQSgk/QHjOuogSV86dFpBFDcBmhErGqHZnposUBa+hxVykcIpwkgQ8OgFwWcsTDqdoz9muYG6In/O0kriRCzYpuhUGtfMQLs0F+hMpUwT/QbyXnDsxQL4LbMDUoOcgVYJPtKCFPyiQ84AoaemTXBcOE/DrcqHr680EhWSQ6N+x2JHHFiTLnEnhuKA65EetEgrAsRRl++Va1XtYYJqo7+YtoFGSyMX14EXNw2FYY6SOAgSQWU4yUpllhLwiiaECQhfioelfwiCQw9/KWxE1SFWahtgTEX4sdfsr8ugT2GxoVU0FaGK5cbZRT9tCnWUIgylgvwV8EAAGobEA8KWEkZQU64ZJx1czCs6E2QinJ3pFWXO0QkDeE4QtN9YSUCuToPYVWY0vryqphjXi2wchJjx9Z33hhGvlocq9iI2aH0ey0vcsAFbFx/ZSJFssnAHwyJioaf7A2yvCVd/oJX+ARKAgQRjBxYCFaCYIc/Qsfbq1TFuXUNbm8OE6/w4NWtq7Ar2oYYyU2CGmS0EeP9TsuY1FJmR4Q5LGxKD+qFvitMrmJhrFUF3/TSeFECJ1uwpkqIicWsw0WUyCBl3p9GIrwfyVhfu4KX/ONyY7GThBcTUZ/ltOMLQdGioEa/buAsp42+1Qln8Bim4s71KJrVRIjEBRWX4OsLcSGcCVOBI3i40YoOZ5ce33/3VP/zRH/2Jm8sstUSKHOwONM1sTjjbdZNgS4QGpahisVwfnKOYxo1pObZhYV/b+T7/7yZOOzLMYm1sZGV4QNVCr0l45/6SOXNhJonU73wzg4jx4XS6hFZYYGWgbDFg3KTZEhSLYSJ3TMsXZpBh078bNw0tJIAAeS677HKF7twlMbbs1qHG+9WMG2ebmdTSohxOHM0YNGlkoYaWTFxr0JoI74+XmPC/sIj+hvOGY/HfI1NPLSVuWxpMEVM8ACi/A1m4nAhyrI3MeFkgABDaG6lAWaBO1sQoiOS35SuloKYFTrmkhxKSYTSAkwAMlP4AG3Fn2DnWNHOoUapGiriGyxL1CubhYLCG1Ox/eOK4zLFyJtL6Vt4r8217JwoyK8t0Wsa52Ekiz5afnBP3viZ4qt/HZpNSH4ZDSqFAAKFFLXPOWgEHYf4rojaiw9vLaGhriXiCJLr2JvqmH3S5q3GnV7QslhZny/3cfbtrKEv7pc4AjUqn8Z6mluwGzbUxP5Jaf+2+yBQryFufgxA71Cf46du4OLEotkwo7UES4mAA0a0aL/kjUktl6LGoyFS0JwpvJrp6IpNemUOfEWCi7rFoN8Qbs6FkGUDhitE3IqYAswFLCdf3ssaeBU5WICsxV2AGKJNQXj+9+M7MbrE3VlNZeiZZf47dpu/mNL1nG4rS3Ny7GJOU/KO7LW83lEV8urA8Tvj2J7ggQDDIs1gDiLv7LFfDD/e+gss3cZnY9AgmW/3/iPrTXsmWJL3vzWFPmXmmqq6qrmap2RRIUaAESIKgDyABEqAvrxdXwL2ggNtkk2CzpWZNZ8jMPeSg3//xyMPYsSPW8sGGx8zNbfkaohT25vrO2WQ+sUmx9fhkIVyraHwJWk2j3kRSUnbb+uKJablvJQ3JfC7f0HLGY2IyNx5JZQMkqCHWwmdvVNljh2meCNUdPJ1KmlSUcFUIGaez3t1/EYHY8rU8DslDWeNxLMMz/glPiJ0bXquGMu4a1Q4sbedcHSc3Tid4eM/piE/EUSIt8ehOJ5v1O50WC1gWseQ6n8UH0Mw/MGFd8QNDBL44nqCUAyHFiZMqnYjCKW1rnH5FbzEGuxqoDD5mzu/7y4UbBP0aVu0a4YTfDLIY1mC7RML48axd2ZmrlnzhuTQIADw58QZf4BwVRyrKdKN8WpIMI19HoGTzH2AGnOp1nSTUyIbNCErBVrgUfsqOIx9Apy7PCKODP1fs/nzMSqPURLUxr3egRUFzveepgcX/FSlg+EOJOJSMTILVF3UElpAthGRI+jcNe4AW7XLHUY4flQoPeXQEpuZW+TOOQ6IWeqkrFqKC87ypgLbOhIzG4TqfI2rs07cOgMnS4ZTX1SsIc8oUsFVho88HN9jLvH85fd3A3Lgs6HtmYGfzexncUZ2N4p+wMesfj0iivbmn8YTqmH7s8aMfr4pLHq9YuAzMIdaIOXaN/HpeZIscbn3V2GfcL/1yiMQJgZLFQ/LynelsJtb5TLq9JmIf4+EjR4NBfsoKjZ9NLUr8PgV4MrCzzX0FflGSsRaASNdMRSA+R9mGRrNIoqDsv+GXgdseL0xymON2aQbMBOAp6QjrA26yZhlF0ccE07ZGOeln81NiN3ZFzeCrXdQCfl3P+DhCBNlan07jkGhxH+0kHQGK3ty++qd/8y9jDZj9ToWVVHw08JHKNp+7sN2vuNY/YMoOT/74ksukXIEDzcaNjslYZmGrC4mllRatQxGpZgF9BDv1EfcHPjjIjFIn0dMw/IlO1kin5vBpW/7Q1AE3o/8xSJTidohZBA3zmuU+GxPuGnGiUGJRG7NbQuABp5IiTZLHppkuuHrlHTl+T+0IjFM8CBOEevJnAdYyvACvLyrJmbv52qWIgpT9AgBlS7s9biNU0yo8sAmk2PlwaIAP4TNm8lN8ioSpiShzlFNjDd+FiWKu+V72pstFcjN0O4c0Os5fW35gIgf6/ZwW6sdeJsxaranPYguHaM6BhrYDsDQvKYxaEplK5ukmdcfDpZ7HHdlwYrNvRCpsP6sEcCacTMGj/jQ2sLCJveAkyZyxdTm613DCBWGaJ+uOQ7IrZ+keCDNO842amOHeEYgMQBf1JmTpaGbu+TKtcyZwLknPXZS82UFZPaLQmlfJQfo3Bk4US6AsRuxnLXxfeLUWvmR3R8qZjOJleCZ1P1//+OGRQB8+3RPa4fnnZ+4j3lIrn7p+6UghiPwiUbo898Rsv21iCW3pw/wjuMFTwu66o4jnV00RHIEi6QgyMuUcaDR7nXdpgzbP/Thqennmk5x1bti5PYm1u2R5zdN9mf28LNedW9pHMU2yfwQ7pJbfNQQ8IWknDLWQIt+5htsFFTi84hWv55MlygCSEO/VowBaRSSNLkPf7EDUnW4ILlJ5zStJShZJF5LLIZiPXzUhTKgj2DQ8wZh4yZqb2Ep8zomjgib1xFfkr6QQvKgppKglTodABZEWODfS06j8RZdQRa5RS4wS0I080soVbAYOksWOY5LDVwZeImSxZRMpJ8GilKIEesGhoWOPQiRJ08JRC3325EUni9VkdUmqWwK5g73HizSFbIzQdELPCfLXUdcSFEvI9C0KJV2nB5awd4gI7yT3V/bH6TVkuvBtllNfPtAxZ1omHvgbYrCwsYA0SHNKPohHNsUe9nErwho7xZIcWYNG34Z5QKe9FhGsk8uUsMlmqiq3FalDUHJky3baVGUzl8w47eGUlPus5YF6a7sVGoSJosVJEiNlu8IR2Cc0WtGYUec8LFHDmIE4E3QkZiwwfUleKEYS0BGLfAjGJFdLqrxmBBXQrWbRsYJo4OHn7+gBr2ztk7TRibG92MwnwO5FBJh44nStxgpJpnKAyCgZM9cfsUWoVISvz4SJ+d7nix2VhUsSa9Iz7aWE4jlzMuZJCS9rD42MPIMlHSCPRV6C7PS+qDslTlH8pgpTJ4I9JPai/5Vr3nvA4i4xju0gTqIoln7xZGhArfkjBYob0fD/JdjV2BCy65XzVKcVGJrV155k88tRqYj22td21BIfApGI4cqqElccDHVjEEuNbZT9Wpd2eW8iYeklErARZ/jZnlVrEzSbImq0FCObxSFVah3j4MluEZuOk6IW2OYSw31QTq6IR06LDjOJM4zWqzotx6T01eZUHdOZQy9EabeujYPgSPM4gm+dJ0of7WGWzp9e/PLXv/3mm198fHznGNvPfYmRvCwHc+7J2auNn3Lb1j8SWzhjltzaRWimLcy40Anx/Miah9OUraEf+Kernq6C0nGzzDGVntiIWELjcOgwP/S7HpTQeUhkeW0jMGsERLpDdyaVtFi16ugWbZLqp0etWvUhLfM0UXYc9qybp2R0Xqdqvh9KYLiM/qyreX0zhV21PpBkruVdCwmlUMcRIxKinOXc4kSGhZURKqnSknRnMFDOMpIhn0GM0blXTjp+fMfmEtdK8qWRBpHdLnhnYOJY9+gcY3wthVrZtaw4tAy4Ht2Syzrd2QOzUWuVlGzyY6LogGZgaYZJPiYHac1izhNczs4TKf7Sox503NWTS0b1Vbpu4Acr/3Yu1eHWyfq1b/rJ8GntnGNGaU7VibLk5SnKGMJsDbRQdRzfikIv0iWk1gX3XhioytigyRhJDkAVLMqetA1JKneqr1ebTcCtGXtWYpR39+SnR4/Zc2lgj7wRDElO1KZMCAj3NHeqd2fbuRpOWrCqU7GT/LhkJzsvgiQtMbjGyFDKEUjrxwOhUaKnCwFfi4YfHh8/P1qe/+wJOVo724Km4WYamXcmvqsGiQoB2XluZ4dIBRyXnzoQScD6bv7GdzN8ajQGXLDhmXzSlzA3BJIWiQ8f7uGZAn5mho87QCpdBiA5y53jU4wqlPPpFrEUoSjXSYwXfqPOoO3SsE5t+70Ki5quLJDhZQswWR+s/V5d0G7hcyFBX0bk9s2+865M03jMGHlUtqonxzQgWJFKRG2jsZ6nzUP0aroFqJkQhfZBAXgipHp2nxVyPCO/SxprF0g5B4J1btz0CEQPQfSUzKfrflE+d1WzKGBl3pFelpe45FcAAcqhMmP34YjhUJVWBHTt+XZoNDIJIDmQy0m6YESshSBjt6gwgSkD5eQpKWy12fEzbyBeYlZe8EmpTJ4IOTU38N+wDx+Uimb5ov/oJoFomb/kJ3AJYf8d5JKiC3DsxKRFT02iFNixL1zXlSdELQx8fPk/+5oWGfPFGBNOW/LGQ6bS0G5MRbtbVs6RmrLQLQmhLnaT9CSOKWd/0NUv1kngbS8r+yyLJkdk29v4s5EwayGqkGOnDMDSWMAtUrysPsKL5mJCUhjrsUSHJEmMOYBylj7E2c5DDbcIRQV8JMoS05ZyWM8/bdRvFDNoznAU0mZSZeV4kZAeLNhe+xgbU6jkUpGreE7hY9QdwvhBpOoqafQ3PBKpsEboPMGbaKIXmqmSHkeicU0Koig5VeOexw+IfI2uxPfZ9b+dkBJqjOGubpyFN3517n6D2iFkb5ImBHFivY3wCs/kCKlJqq5iIwSjYjsOxl4fGDogo0sYHPl0zY4XW2f+mP1MzkY2PEUDdv5hPx3V4INzBhwyhbak2CCq16mfjDUAw2mie36Z3wUH6zQIO7+xR98chNR1xid1zlTZ2NkQ1i5IR88InfZJbWuRK4BUa5AbeE/2lUSDK5/K6uiOWCLSoR4jrE3EEhpYKZqfkchLI0WQr8F0j4T+felVhZrTSoVm0/VAWSPsjgiJYWVImRf/qivT/8Uvfm02fnIhjqgtXHXsN2aRwrvriXZgaISbXYb45EbWpVMIumkAHK22RHOHhVKOEDZ6UQvAPUQEtJ0LW0Aig0GbAkKjnZ4H2wDgOQgmIGVSFHu3yregMAfxKcvLvgDa0Mq+kUrw2mwrUM7RdtzaUaJDo/IcMeumX0wIIXhpI62ZO+fowcoXuBeFErTAbcBoxSyEwjwzNi1QrpujFTqVBu90D8JZ6diz26T7LdwEIDl9IwvoOWpgZHkE8E0kLHcEfOQIDW3gl38CIKdty5x9WuiF4IwdPgmmLRU7jK5TkTZ4AE7AyuUHOJm8u4j9JfOjoY3CpAFtBM5C7zoF9xEZJkrys9QxSnJcIOY7Y13GVXWujtix0zbNETu9HnX9lkRwE/JZeoJLJomu/zTU7IicAXK1cAINEbE2w6OudeFHpWdZuTQC4fK9zp82J/XULRNni96ePth4dB7cmd6bfjFFvuWWx7hN/Hwlpw0isLVJ0dgOmZyhKMq7zwMbNHfY4JIVDbrusLAOZHoVz3MGmOxROGdkkJRIhLZaSHdqS6PLQiViD/eUXQLqt5s78NJgE+kUg3SIBFjf/jpZ3UVju+QAw10R55s5ZVy4d+YY3JI61zU8vNxzPU0ArhcUq+kZYuiF3xe820t55PVKNubqev9i5kzCH85lAFJVC9W1Pk6JVuB9emhpuUGoQ9y1KZ4NQ0aZ/Fh6hybcI9Jn5zotdNrUyqHikOtebCWc4r1nAD1zE3r0imdERpySOBVlcdhnPp/ulcwBOUpJkce9yNMtI7qGpqzs6eqTpWA+3e+XuNwKV8i2+jmJkrlRxocaN7FtJc4nz1OUS2iuXnNIagki/4RtQCT0akpeJB5xajWxULO7Knah4RDrIK8XLtyuYTHIOops0ZWx4qeOaEpcmbA4Z5pKeyPR3xkv6Kc1gZsbqkuBznXUPTWyQBJoMU8tqNnpvrqOEn2c2kYBSyOuk8LGHd6mSBdOZI7YRncOtCLOKJZIMQSJfsDITWPK+QJFSrHIhBcJG+2U8odwOjkIzdFSgqCoh3EYFHbth288lbWVWZcqneYDZeWKK18ooL/jPQdUa59Nj11FqLYajvoMoHwxG55gk0CFefzq8TPXhNKjL+WZmT7ELoEsFnHII9VcT226eIVjf2nUIWnDDhV9+i5A1RS2o0O9PKFX9oAKudgkdwy284tkiRU+PlOszrZiGGwxGMnYRhcJ31lyqlar+PIPiw7rHPR5lbcxetlnyZyvOSGCdJ6zjdnolo3HcnMhVnOVvuLdCMQ8Q0MGom70M0U4f2UMixClh6WiqjZIz+ysX/sRjp0XWQOJrxyy0UWzgT8Vuneh3XWcYThmnTT8QiqXsRdc4T6xJ910Sta8bJSjoIWeeBobPSxtMYsvpVOVrSmAdPkAS3UUorRBOzR8HtFjV4DIAbHoe/x95DvjoqU/r/x71dGJ/SGSGhGsaC6QENrxncp0oVZBZYaOU8dWpRcxAEVy2UvziPZLG+FXdY2qwWndR7FuYzXP0wZur9983WG3M16WjgLm0Oza/08fH6JdXsizTfNqu9eYSisdigAAIABJREFU8zQPxqtCh7LX13fiGKcmk/NqqZDeQhuaJV6J1IRbYEgGLwo2XAnua/Do1jqQh/pqhMoY2io+1rzWZFhWoH+Or8lQeub6iH75ohhXmGi1zETul22dU6uTBKRDzuxEIlGrCBlW8qpwQkiq5PF18UHD5M4fBPvYDtqQz+VrTpewnCukFhCmjhHV2bt+VKNBfRoXA6QBBOdsSZu7W6zCNA9ppmxMhuYGoSK0QyRFihJiz8Z9ItU9mVKEbxhspHSJJ88RSfwyB3L1LiIEGinUiS05c75tOxxFR7dOdxMDLBBDpdNO8LD4132pQCdP+jOa7wpJ4+lx8h5wFkNSAfHNgECSIDksZHjY4k1USA7eJqE5nTzQyEM+6AVxXKWn+TQdOz9LV/NM3I8Tx16zyIQ3fTag878m/q6HIL7G4ReVLqUWil3VZ4b6dH176zDm6sUdTGFuEawhL6zp2l0C4sCZeumptkOmBeaWDzk6zHAlOWoW4G6R3s03YZsSfL/7n/Iv+QttrbT5dTvrlw4WWpPLeumVaJ8fLF9J/tZSgZeWI/70/v374NYqQSwLu7tlj+TBv9IIZKIQg23H+FvTznGv+sXTWqVaMdi8ayWPzzFy2eJami+p2qj0m8QkNxtcjlhYCnw4c6gZrAmwNJO1SaIbqJwr16bfcSFCaFttcYi94wp8EQ4OF4Z2W4w/ux5n2rXIwgMbEv+5pdsuqpxr+Cr2IttjujEsekjE4+nFdiFseDtsefv+6Ye3D5fZAECDxAeIpnbeO/NvjAZWCnCWgSm6oVm26/pUZ/JvXj5dXd2mb0NjSye7dlOY2gJtZsiXmvHTY2GmJXZXcpYNLDVLhjXABJcBiCJjXoo7PvXn93hMpQYqbz0yGYEtJxUS9F1SNhINc1Xh5pA5X04Qp8FdwDrIJlcRtICjKgNBriOGHK2AK3Iwdz2J0ZY+efigaNwXajsmF9KrDxmvA3hngeqlBTF8aZCajTgl/UexcK0OMDgrW/oXAzIxqIrivZHF9fLZTQWIFCZaSt2atlrokLLbH5wCbyUJhZgDTevDWK96hjBYQm7bQ2I6riWhidS6V/ofw0fraFG8QKMr17UOV6IYuOV1+HeiIIAmXozoOZFJUKThkvYJpGcy2BqGWAbIsnH2I/iwthn+yITemOlcn6bn2qSFvVAsu8hmF2M1nXEC+0mglB8IcAeAmVD7vdI9kgvM20qA9FSKYgxQ1ihPRmqihF6jdt5Dm/QzaJex9Rh+AFrbc+ApctWNyOESNSY5+1m87T7xOn+zXdxjgPXPTcgAsyNTobKfm3zpsLy42aZXDUpyDLB1iy7yGOy/edGrSFHFpKhA+WGlaMNr8uqVtdVXmuJRPbvJlmj1tjFZlSkIpPwCi+yRk/icJxkhXXrubI+yLp2vnovjLVSWIPZpLr8MGzbvNfoI5zj8rOGPk07lc12/5W+y5Dg2VKdQJxr4B5hy6IpzqxlqzRVFOwk7QuPUx92nUSEW6ySfm0cz585KodcBXTRJqmMw1V5TX1PrYJD7zVsivVUqJ5IET29PHu7w17PWQOInXDvvBSaCP1kp1LHB3rLZ58/dramPLRfI+5RfygWfHu+D1pQyoF++7GEfeO/EGJ8nZ0I6WEl1oJKBqF9kjaMs9enB49HoRftUSKn0aoQSQi6CEDZDiixFnTKYbjTJDMWkwhAtW9rT94xIOCAWlA5m6lDM0GUMcjgz67wubyfqNLFRMIWIWTi36ABPvG4705Y6UMO4QtuVrfk9pV52pmIkcmO0l3zDsjQjX5o+uGcLs75VhsSY7OpIlZ45E0uQwQtHyz+ZxocsRnQpxek8GX/LsVLtOFCW1e6oLvqjuFU2wlQ2N50likMByc9r3vG9TdyK8lNB3YJo/K1ZOaHc7ZW9YBW4+ZchIqhonwTHRU5de7izXSihnP/vkoCo3Uitmv0aYs0neXxs+jdCHLNlY29UVxw3BChAEeXCpz9gkLpmMv56fFGnzcBrBHvctJcdvR2SPys3unrWLwY+tJikpnOjqOMEPsMgoW3vOcnGSd3LYwfEuKAeA5JPImkoAKzvlAw2Hoc632MkT/i7ljh7UMv75lfKePmIg2zVkY1LED2Eq7b4cJnqG8tGx+AoPF5KsphzyjkJaYzbh2u/VeCepfRFExb7vUo27KVdNOCpV7/v8vyjpQKNZq4yJDmKVPBiPkwa4OfA+LMfMDHyEfWzcp5B0w1ssBDZpYaTh79zSHZBguzy0yJ0W52vfbEFQQZJY2ZjtK7yDRyO4X7zaNgxCuU6Z0Dxk9CfksLL52d+FvDf/MMfH+4ltTXN9rPCMQKx0zk/yCtRy+QceNVF0MjJ78sRPYT0/v7x7uburjGYbwdrPuwO9M1Ymdlr7Dv81yR6jlkEydxvwdGY4nC8ZtG+Jb7c1Dvnzz0H70TxkSoVhmxeNRMlQENYRCCj7T4zOxXcayQvTC/bNBJVAlDv2VMvxbEoJPLJjkiFnykeobNxET4dFx6wIwEyc9gQF9p6DXEj0TAJK7QmK5v2dB1INuROUC9ixSDYUipT5kchb+bvCIQ/4K9GKwFFm/QqSF7Mxi0aiHVEyqgVNinRLWM1gVS9i2S+46Nl/YdGh0Yjbo9klzwmnEilpb/8njjwyTGTJUIJXQ1hmkfQDNh5FGkCsxKKfWGqK6qxSQI0KIQ1kgoSUrVQNvJYNFTjO0m1z/gwhlwSpMJCDDHwSpu+al6zvrEftA2Galm5tpk3rZQlzbqmjZ1Iro9a9DWPKVTsq2KBWlSKfZ/Bq4x95sqaQOCSp1njs4q4MGcUZ9aho8tEz45osHvCLNScGrU5Q5QTAI62LhpjfyqzpuQThOawfoyzixD7E1RcIPXshetvtO2lPxzrmVLm5E2Ean9WoQE/yBiSeFgzW8LWJutWrteO4y6E1LWYvPaT6YgY2UrrStJxuWz7ijiljJJ+6XOimWzwaqqkalHTGLKcItHIXg1h5IJqB7O6+MM088bJ57Yivq1zZDKvLB53nHdCX9aEpCJts+E8ddDPoNGNevYZXWqnROXIXXgtpiChVaJZ1UGtJpcRSNgRj0uijkIEwjcwvYOl9glwET8stn7YJF38SOG9EgVkyq37OKGWCsUFhfeF38f3XbS149/W3wtbaNJy8dcy4+uvWhr56LqlJpFcSZAMmh5hDROnfowNT0MTqIzFGZuw2RA1u4RpSurgtImfpLljw7CD6Y0ci383HjZHudxc7G7yyGjmNp8aN9PUNQBMVKHQQUhgnQV3DLCsD3sS1IpUQ90FkQOssdCFd/lh/DXzm1h7EGDxKb5cZ6m6Dr4th2hl2oXcDtMfutc6CZI98aOMzpGhTtkjqfAfVqbcbNuSRAbrBB9HbdTsNhln+UOm8EW4jtUK1R5eFp8etiJAT1C2Gg4HvTPQHEy7hwPlUr10zqB4OSnWcTYKYGGA+AfVnLZJdyDHekFZihBWLbN0X4LSyhtPjrBk1U0/K0k9N2f49bSUJtZRB99QRt9om2oNqHAmEuVbT0qYonKBnvLJbzegQlIOdGkP9OoJ6dpZP6iW3BaTO26VKLh9pTGjd56XOOlYMpu6MdsHf0REF3w5p+nUg3KQIYu5MIw0dY7y5XV6GQvORGS4DrNKeaeFVCmnPcZtMQvTBl1q9uM3Lx1abQ0nrIQbHI3GkoBPz25uHYkN/AZaLqHj/CSfYO4GVqOhFKIWgc9MiNfPc2P2sJ88SZATkOny/v3b7AAuq4P8Q2NpGDUtRcPdAWFdg87NLH/845+W61lbv7+6b/GQcDsTpXk7a0sWGWpM41tueHV9awiwo1+7cXjEH/uVQpXSEtHLTmNb59lXgE1rkYRtjBBnwPEOlWc/3T/+/X/64ce396FCJmwKB8MAFnMApe3j35KLokxhINJtRyfGRGHcTzE7ve4ccz/JzA58PasuchpGRf6OwQIVgYyA1RkVSx8MamchGiFZzfjwMswR4IAJhVjFAYoekTZ2TA/8wX4uXAWX0auxoX8wT4Qknt9pLrFpCDJD89xU21kYXBK4a7wxySlxaF04KDlyw4dPLvfgzWEF8DNmEkdf9KiaoZk6Y4C7AwSfrSP6ol4ytbkexSsenxjJ3LhTcg4UmTo3XgQvMmq5iw8bVC45KnxZyzZgnzg3CPK3kkG21msPVA8UqOE5yTJtQHohqwhRgAVDwJoG8NfH9v62KfUr7AX8qVmT1Neoz0BgPi5hpDSGUoedB1eBgh44RrUueDVGiZGRx5B5MGi6KAUqCEJgmXQww5qwCR3CDQIwQlFLb0XxBMj8bQl4zWNzeiOcfnW+NKH0eYWBF1nqx717IRtGI2t7Raf5weaQrifGNNMzOQpSeXXMSNXo5e7Ni8ZnA1UsaZkEAoWSNQiqI2uaxzqRE+/nr3x+4FxEQHkY17WhEAb4tk4E8Vg0ygoJHnXXeW07yRJt5v55IMz0sF0x2ifQ1Sotc6Zt5Xcr8Ml6VR45k/ASZiqrAgzg0L5t31GoIkBOgzrXbjoPrY2QLt3WtM6UGOSNFmNGVLG2ZprpUIsXblKI7LFLIRGrMEo+/fcfKT6gUlUJFI0UFBNS8MJ/RBJaZRocQ+eFOWkgJHTQGShRrtlex+mGXev6anqNQkRtHWCTSavqJllSogTbjQ1O9/Hd/U/KWu3z+6SulNfF7589Pjq//OlJ2re5tUdpuJwkp0KLv4ktGs7KNw5HrICw7c3da0fE5UbGjzskrZaRTPbxdC86izk/ZT+T2u3Vzd2rN1/5WCDmK34oAl7063S2YJ4Gg8AnHQTShmsBEYgtGQb4sK4Zlw4EE1JBn4yaltVdmQ26EmaA9JngxfQGAL/MK0ggILsuC1LuKkjBIIRMx1qKQzLw2CVf3LRRL2vyc3rOvdSg2LIcpUCSV0lDRPqELFiXtOUDLYzxLRlSVolZmvTClUAjd3GfVdBIN9wR6lSnBM+y942HCcsRk8uAW5VgLKwlGmLQmtZzH1JktU8uRM74eiVjJ1jnDvs8MqSmBrXJIB1fRlxl8MOkNGW+FOqxJxtWkzB4cQn9y9JX2XGQW1hT7g/LWBsdO9EA3J6Y22A3G6oUoxLckNlFhLncmTD6Ohlqk/BU+yIGWQki8cgJirxEI4ZqJzfZYdfKXXONnkH4zG1YVz3q5vmVRTtJEeu7Cq0TgWM0SFuWZglpRPKk47xgw9JQAEYApfU+mv41T+tTbNTo46f2rm5vl7ZIxVooTTYgEalr3bqhOFNYun9wdZyjVMDtPStd7LRrA+BoTAimgFKOUQ+uAbLF55e3npBp/Aq74dDhgSt9NwEDqhMjDrqE/Ot+lb4oX1giSOs9vayRNpZz76BPoGZxydCnT4/3nooXYZFcldjuEYbu9hLVOxXlzGwh1kqsRXRbbFdK8+HZ0+fHDh27yig3K0+zUkRlOR/bmxlMEcFoDDLrHIB9cOz/w+e37x9+/+cfv3/39O6+0xuhmhVy43x8I8ymUiU7Qved4+1V3EemBkexlCrWyQ/F825nzhi9ck9aswY62YSgzTzbR6z+Tn+NWJjal/h2fau/hoKYcx4T7UBTppOMuiRT1IFdrPdCQuQoEyoYUDplaqPR6RJPh0f026yBvMcLDdYpQibt541JFCjaFvRwbtxvvLIckoAIjGKGxI9mZVj1HxBjDmd74VAqKOT2eNaSwgZvyQimUSgCatqskVoOjJOBywBrcQHZBkIDlRSS/10ClPT8xXGDfL+8zJCaWJuuwoP4zASH4GLVtDsDO+EjFsshdFosLiEOMaw38jLQVC0geMc/LQmeuLxpE0PBoNyhVst8kDeIUM8ygDERGCnrV2Hsh5ctflpQC3qZQbw7OB1IAeUFHX9D1oeeHWNNbkRi4IURGo4UDVw0xjrgqFxtXrNwSoEYqMnc9WbPrsc9fQ6nmidQI4d00yKZRi+nPEURnbNpgBYOvVnSgVubGJyUiyGGCns0EGis4GSIE06v0xtX4uh5LBWxKqbstIjsMUzmjOvRQaDo10+ZHNe4lCG2dCkQWEiMsYrsCoVDIGXiDg0qRob9vDlVbRFKgZzmzE52Ao3q48yoXk2EQ6WdqCVlzBTHqq12fNYxhhUo7h2MZRP0K1a6d3Mxy1Q+vkwpLSw7FKLc+ybd0SzuXF/f0IpfvhFr+uWAQcjGLKP2nI7TZ1PeOqwpwadHIgRMLlG3CaVoimkxS662mQNAjdN18ZkSwLkIEBy6hXEylsuksmZs9QWE6YzZHCQSfOxPf/jHj3/zX/e7C88+Pm4xMOERdqa0C6yDrJCibTKwrMWhDga4Gp4HQdkPa1Okg5GGfRp52JvEVpr98sPdh+sHRD74UQeLjfc/ffzpz2//3IoGeV0MdXv7Ro548+o1kgWTBOvD/7BtdzoEgMhR6cy5maLTWwT7/NFJugSYSR9N2GaqYkTyA4sGXV8GL20o4xBQjri0BflD/8BKrdRu+JSE5YxFMIWkMoSCugybjuCwkooa6gq7CyXPwK5QxDVakygVyG5F4R5zE7KnTTBxAJX5a2W2wnWqY4ummlB5eQNiK29SWJd81oh/9RNrcBV9yWVc5zAUpLRFmi3xJqwCkdGInHDOaO5ahwXlnJdHN4Hh3rUA+Hd6PrBKuicIomIR4RqkphRSS/MzAljNFf12i7wEri3+ach7TEzzSFsmk5fuyDO9EKY+WXAIge9a6lYElvHQLNHJw7sUbCwBhF6UGjqtQDT+5nxsSRJTHVOHEccjUz6QQW3kh1Sr5LTtuafu1rCO9OKlG2m5H2fIf4QqPeFLSdNk/ZhiScSy22MDjyp3s7CV7WJWM0NYf358srbWc/5SqvtOSlWNnSJO+GTVHV8ZEddcqCVWUSYtoOXqA9HFrzDLO4rLWZkl8pIOCyWGhkbHXLs+U5tBpA5OxRdimtlb4sYH5wZ9JmIUx2XRfP7ctY+JqvQz7a+enj+WAuAo5DZiO9LAEzt/SZIFFSSsA/ycsrTIGMOXXcrvW0AxY25yyYO6WpYlJBDdP34uTMt3wZK9J69zp6WVJAIfWvOvQMpsm/1aufrp3f3f/sOffrBqmHIaahy0rBiVGT0HlfZCtlXCvIP6WuXJ5B5x+3OJ1oLo7tVRPgbis+7dFBd8jbA8rjWUgkZ8AiazNYJptj+OzCSaAKgoEoIk+ugixqgnjJcmwcbqdtI6P/KZv0zMPJOAp1x9KKxtnyTI8TaFFkDQzK/HNoTS3icTFDkx2jFoUw5Mu28+VILmtMuN4t29UcDAod4kIW6/AeNARq68g/od2MteKZXfeuHagEIJOb5ucBKnmIB/QMUmLBQ2NbdkUBeDyG8oWpUeduZ330XOyMQcaGdlN9h5BhG5RNWNFWo0uRyUMkAjF/nYHmzEEdI1egjQmfiLuJFX10Wb5INaMCGULpkYOIVdT9OQmSDHS5s10tQfwXzoEK+YBTciaVhDSnCbCLlfobVVDWIYPM0h2q7TxOQpUesYLIozuKZFySykCvdMg1XjdkPhwhWvRhna0Y28bXdnEaStWMZ85QFS4WRR1nfuVj1REUhqQFQQJAES2/0NflgXrKp0wukcgKbvAITtF2pR5HCjkSGakuEZXU1ivC0dqZZrzFqrD704Nx8KR933YbSJBI5kfRp3PD3BvUjcHfFT60JEDS/Rogbc6xAO1/GorKwoChM6EUOWQI3kiK1r7cqoskBtTzMFaLNRY0oZQuGXBI1GLWuc2XpGRE+aqHf7AmAnlzd+1Dhz6ilGpQIIGB+jgE42OOJAQXTEOYsh9GU52N6xmIq5xyScvXeGfQLUg03bLizagX/aJGxy9/IJg7OZGg3TMT9o6DLLgLCjPBrXJ5opfbqPdsRDImpX3//5j+6gtELQYkQPXS6jKm821Fwe8OnaE9R2lOlIVFnnkmyMXGvEs44rou6KTIYjkqbGgmgjl/CuDHc6sRNYHzxeosWaMpcnU5T0xsHRZzdwfrh/j+HVjw0DWr759q9+8bukD0okqVAkB8+BNjgIcFRCpPzC6SVz7YJJNqJCI68OUPJjUPab2vlMgAalqTQOm+saQhpmAGjHTa8dbHSEFsG65hYU0MYo4+48qODB++uAmXAQpmQ2BDKQrdnPjRkir65I8SiCEU8VTfSdftnDYoAvZ2miUtXsmZy46wsk0vFbShA5NePrlb0mVRSX1C+N0okZQETd2keUluEaB3RaIRaDZc47zQeijmuab3AiYjPeWGy4GOKkUdJCYhk205p+lgqbXZLXnHUtd9QPwxaHbPurtoCr7XIX17BlV5OK/MRZKK/SM92bn4Zh+W5L+/1l/GTWbHsazjw4xCJXMO31/HNNtRlB05qf4CMq9Hlvv20mcpvNBHA3DsuLeiBJvgx4j2+FKp4s3dzCTnlIrNMEW+TaaTGk8kTRkJu1R5xrC/ByEOuGYl6sHT7NZ0r6DC05xFLSLlhw2CS05Fm1eHh/b85ujp9DlpSJvq5clAeUV7RUv8oyMxJkgCKrC+dqQzppZg96dPiw8906kD/M2FrPvI5rlcKTPhfM/h230GoWmkOmZxWkCm3RnCIlfJlPnooaJJ1ST+PcMCfRIWeEVYljVp0td0J55tIKcBJwguRyGbnlRMqKseUTZaWC68fHTlx8+v7H+x9+7PYyhWHMn9HGJ9PXrQGjJDNnkP4XbHy2IJU5L8y0P4MN184AsUppbIuv56iken0Nqs1TNpMQjb7jmX3jmmdtqPNtdiwSdKjUpc/+HAxJwjKm8ecAgT8E4aTU1CtrM272tT8pg+CogEOZ9AYdaNmJlQgUNEbMfBKtoMsLG4RJNLSZyQAeJes0ahufIGaS3eljv0Hi1RBMiYZDZzhOdsgVSxKZXpdwMRYGdLJJ3abuwC46sS/qFfI0SwWXIAomvkFOCDiY0MCVCC8tGoWUYSxl7KDKDMkcvCBzueyhuSbv0BzSrSrorkApjebyWQLxvjbm20p7X3uf7cnFbGWAyhO9SWB5mMaQ0gl3wO0RTQXnGYvQwyt0G8wzM0Gj4tAGGqeeCH4Tkjti4o9AOfGMoYxQgWUDe/5fb/hvUJSi5jhKHKBHYdYbUBrV9eCxgb1+tag+o0S7kEiAccyv1GjcY4+Uj2nIYVvjiRJRtXaAr+uwSNEDnMp2SoiEBE8mlLBxv9WfQ6XyG94XDkhDZkplHjyiG6X2fMYy3trZtpXCK1VDAhV9sWNpU6sFSIss4gjXlhP4zIyZgM9Hv80KevWJD+mqa0fZpRrTtZvPJAo6G8M2i7bJFPuRn6gKIty7oZUidbOdyuMG23WY3BojHh92MGKoPAsok8CIAB1wLqjYZKGawsEWrehO5kCapUeoyKsoJWb3qDGPJsps2E3JuiTpwRhiM0U23V8WSQfaVjZRYxXU048Yo3mgOsTHtNq96jo2h1+IYhaStjYAGncvPr17+/Y//T//4W/+5l+4jj7Jw8BF7zfdtIhEU1JnA7vYxZDormRHeK2LJSAGiVVwM+c4KhfXzF0wtGbBvQl+dXVnHN26Ot7D717ec9cmZjHtQ+Yjc4sTZo9CR6Hbci2ks1cRMOGTU7tOOSgnfSiA0eb06PC/4NyJ52Q2qqesjrtlNYVzPMTmeK22hM5INQe7F5OxgiuTGfdORLYmRDqHxU1tSvL68EnizOQNDi1s6i7K5gR1wb3m5ROWXKaAUeBk9ySnIm/3cJSG+mTSPGemWj416j5tTt+dvIuiSBtfs4e0WmVjrJtKbwiwjo1EUfuianFBwDRnUFRwxlyu1InJ4+7wErYVqiC+bsWaYVT8WaxvzmIfC0OuCk1VUV2Xts3pYr4/tQJ922FKiQ4ObIBASVGUood9HtgyA722LvWSrxmNdeyUq4YYsbp7fORzhZGWDjegQousMc4rUYxO41qpRrM+UConfrVeZMBxTqzMvcyucnNo0kIW7M1R/cyguMXZwNoFVlaAkzDw0fAj1a5ZKz/MqVjSg6fFN9zq0ZWCiAdi2OQ/5pCnG8cgeaZfRr7tgCoXauR4d07WfdQf7h8/3vvNOeo9PtxzeStbGTYXyOhoGmKQTwy9O1j95GodMnE4+kkOQc/UJb6lwA5b8h4Y9RgUtuwiuYYjhB/vH/RyCaDl6wwsRX7hdPN7A5Y2kgPiJzsrLBfUF8vGYL5M7Q4A1Nv2xc5NFmQoRzWEdQyNclO2b5lxp8+zS+nCHoBup3e5jSuRyD5XmZq7+FhsZfuPnx7uH+7v/XR217Zm6YYo0QZJ6BYB8qw+bTbuZidCcNMm1apqeWmyjbyva4TK0TsptMuFOqFank79LKh9HfOtdNorJ0sEJI/35Y/7twrWMNdWltNU4Coa1p1nrjO3OApMs0YAHMGZc0ZVo/j5yk1jH2keX1WDdsk5nMrQGjwa2qFtqX0WkXEmSgozVaFSA46HuuNkDL37b/071w0Eu6VhyquqlXqHKnY6uLYxjRkn+DfxkEohVOzqZTyX/yVLh25iSRdraLu5EEzJ4DoWfuqokyPlXXkqIiTnlxQxIpAJ7MvwTkW0jzaCR7mcvYQu0PkvIQqoomDYTNDjHDU/x8THUiAbylTQg9CFTYIzFp6m80XBVIiY3jw6iFXqCBDBVVXy5djGOPM3JdjHqCCIqNJh1Yc+Kk/YH51jV8cO6ESVIN3WvbuYi11xTbpqo5qBy52CPXLTFVK5+yEOYV2abbBtqbbvCYnMtgLBf56anKtENfrDoUZxrTZ/TyYQg6FlQ37c8M2711yv4Z87Jl5/gzuKetFnpalyxPDVi1gqxuwiRtNK7IqK5sqNIEuVTuE4gcjDD9MspcNU8MHQF+H7Jp9BeV5ET8p0avCfQpXJd/4n65on8YSlVMLVpI/BoqQ92wcTve1fJK+111RO01o2utO3h30Eb0e0RfVde1iyKASI4zxfw7qAIWdZ3wzbNt0u7HwfsDgvozu+JOTWA5ILTw7AlpOug4zUAkX48oqGQVySbSqcPgldzbitvrGDAAAgAElEQVRWR3NfgIpiDRGVhkacRMhVso/VjUoF6upNLp7+6e/+7v/6y9/+Fx1GXLtmqxs3jeQ1Kg108nlD4upZj0TRvFNom4GUi8pSxmam2Ps1GmMwURqGOSssHRCbJmWBL10N5rkqrc+bTvjHiZ5X3bJi/bYHcfv1Liemb998gxhNio55V8jyrDZ09opfPteqGVVUbdwiZIoqi80VNAVFs7h8VU1kjDL4RDRAAH0YBRe/i1AYXXwouw3ZQPdS2/ixM/JBu39qdgi/qbRDZk11i0gZUpT1EGTMTgWoThh4Zl7cazNZJk2REzITIOdcDfB2iFeYbQkH9aQRupZnEo3nOluEnHQkwcTaBp7fhnf+mWk6uC8HajhRMvnSiuyNs/ChRbrTQaFA1oB0D+NpryeiOtIosrlOKkI0Om1kn4Djin0mZaTiz2DNQ5tKl0dSz2Dqntd+RGT30xW7XzC/v+c3N47TCmEsy9RoTeWET+Ku98esF0UnS93yEzvCSLHX/2WWZ3Dd9IU1A/koGft4/czzatw74aS2lPnlzZ3Lb6XI+RVTOrQtq3VcVATFrTXHxPGIn+7z27hqooV6ngRs340FcgezVxayIj93NUacVXaO3Z1JMuGb7ObgWbu5MT06dyGxLu8YwtQwAXchgIsLLe0PcGwB3nNnziWGDQQuSzuLYfQV47MA+XadVkO7JIbbW65rIADBpcBuTFYVHpyWa2UvIwWw2nQx1l4xIyviGlBwuaB6kwovkGD7piqinXhweUgJYr6hYfcnliliuWbroesMOPi4TpbqtSR7P5B4/+6+azEJdiDN+jYLieUVTduEyb+Uqmq+gXPe7JWhjj9k0zPbEEhRpQUiaOz2lMVyO4tNyVyLXGTvfJo7IRttrGWeUR+y46NLIX0+OL7CGEyknw79MnKjSsbIz4iRXBzStBGfAtJcN9HUQLEPwBa4qBrd1nTCrNox7iOF9Zj10XRRRCsYLT1oKKeBhp29GZuyxa4tb8zP7DQSoxIhrhfQfUgQiaKGGqeaaGLNwmbWx1soOLLBZiqRwNyS8bkSKQcylFLVLp3S1wqcA+OS5Va0yw+pIFUiYMrPcAuwA6lOBbGs1WyJ+EDTYzQxQXMxujbkmEcVg/xhnYlKqkIr2oGjEY0vGbLyPBqKeBvdHZEh0oRFRa80QaAtBKI/6QMzDWOSNBQgqILefXvtM1kAUrNanwanijA9KLtBe2RlXhZhvSydruySuUUAWO3K7IZuZstcwlEhPvudFwUnUF+XzSwbX19HgqrsTuQUqja5UoIU+LagAIbmi/aU55g0t9WB4UVc+3xYA6+a9J+ZA/MUVF5B/ddgrO2ERoyxj4cPtNvi3Vh7z/NLGQp+qa9xLaPVZySDBiECJUK1SDZKUikoVK5tjW2sd01UV7mivC8xoplEp9A+4xyKSaHxZF5bfCMxMuiqLlg2kprDFko6vdzJ5bIZmUaQFUlrmwvl1DlJjGcfJcdMSUyESbmVBjXJ1lBV7EOXutdbUxQWUCZ5TTSo/9SaitGqdKrVLCKh5xW2q0Ml0ymiRkNSFS5qGzCnBxMkXDup+/2f/vD3/+Hf/s0/++dKhfcuZXEN2+1dyyY01h9TJwQSr8v6cAyJhl5Hn3k0CJltR4o/S5hOMo1BXrAA10vJpnOL5xft+CWcVWdpqxpA7hGIflXotYsRW065ODoU8DSBxYMlGU1EVKY7FcIfqDBMABKn1gWNwCI7UgncNWes1xoGlXIWyU/H7SFYDQU7iZzGmPatKjTO0KaBmYWswZerEuiA1GSuP1hwF+EN6HAwpsEekRknUg27pv+k0F8DGlOqNlG2v0BQic05ayPCX+/Ub25m2eQPAoNKDVK+OOlmYjHRo0kmHxp5WFEOscTjK8OnrnlPsIbghhwALXPZTjVf3Wm7sxmhmzshhIJOmC4rmjwjyTClftaYO/WMIIxW29nd7gDtjHbs9bUQgcUu4OryA1lITxSmTqhp0K0jnmj9ske4V0LVQdRYhWzQsBtFBnXypkDtwLezubXCsyaK8eVg1ipr2GOTn5IpPwh+UmJjq91mDPPHRvgwZlokO7ZpqutIwzyyZEkXCAmdKTV9TZk1fnl3J1OzkUzgisN+VS+x2bnDgI8P73wILw+P7ydhOZnKAlIU0SzFzqdYm1Yt4R1kGKMHdRqMjlyfv7hRCW8WAp/8Kux3ofBO4hHY0omFs900ZtKBhhXyW1e1ut8JXITsQB9TvevqUxsJHiUJ4VBDzteO1FAq2DqqTPC6O2PCLFEvEtfeju4EJzVa2YrcxNq6ce5vxbqhZKE6dxVwpFPvLB3e++GWz69uOnJIqobs4kckcr2sa67iJNhkBrBpkDfbq9fhVjiseEJlRyzlb64rcJjPkmBb+AhCqtZuY7AuXGIKbNRk/pimj61sx53G2EDelTSen9GqArA88IuLE2KJPjo1xCgfGEkTQFCAceOVORvKDWYLryesGBJneOveLINv3X0hjVKH3TkGl4bOZCunasjQgwmNWe+SiVjZ3bxlWHZKSKnPXKqFgKa5/uuWVFvxFUPqSSYEzyFgx7GpX54LRycJOSNSEr1a1bZBBaMUpHOCgMyrtYFNFkvDUichAnsYtueVpItLPk98FAc1AE6Myg4yrUa13NeFkja5m345R4W+CGBv81OXfY0ZadJ1dnC8ll+feCJ4Fu4aoCijZaJgNzjTv5IOYo+wRAo6tel+sGu6CXMIHpm3mTxeqPoklT96gKLJmGDqB7FgZLBiEn5RwbKryuuR6+wrm1VVi3r6s4FxYuvso/aXjTldjetc6dSsUwYCL1aTaJar62moA3vZ1ivs2smMk+aQGh6xqVJtundgMgEukqzHbHlR/YiYZnMKxGM0HkUKXp8BYhn+iZN4pBb7tM21TDN1sJE41daub58YDtTLpjI2zC/Znd+exmOqV5JXPiZHwG3bvwilBxY6NvbyvgmJCTkqCY/U9pEHlBZ2GmLesKGVbC2pJJhOU4gb1DVRG2wc5TzXBJ9Gt8I25lIzaZ40xTLj6Zsi+ZAa4lfcX56EqrqZ74hZwZxp7n4AqMllK1jqy8kQausQsOF9BnATZqRZoQ1H1//mb//1b37zV6/uXunVfQNP8hdTHcGFms7JWmYJMMsP3Y2kG8Uyo0m3X7FmzRQNusyVYoTvyFrAc8zVeHTg1fnNVOcXanDa2RDT9mYh4uX0LoBzE4ZX+UfTWWmTsNVzZF4+s4qG7zQLWH1i4txgoc8eq0g+ChO5Ff+TjJUcZt0y9AOPZoTtYmjaVyjW651B51wOoD35xcSfl47qCO7u40buYlZa+s8Yx1AI+CsvI/aEAYifuEdpaUMHgQrKQMzNYjfiha28pIO4vThA44UcGzvns8ilBE1JVteRCSwEbbL92CPcEnGdsso8gYIF17K56ZSqmOuZCPM/DRqdAdo1SUd73p3jHTSB2bMCRcsSdzr0CL3LxGelrSUrRAK2yFPUVRK2A2hVSWlqI6IjVZcxOLXXjWtaPZLE0/SyeMcPrWCxCI3cTdO5oEMMGF1JSKDZAb6O0ePiy6RKE5UFfgiUtKkYkuE/JUjBBfyuHUWtLHZtn4M+6lw5VHh5W0brEdj8tDUw4HskkOuoUwAdORVzGf+a0kRqNOtzTIgXJkzcMscc6PONTA/2Eie/v5ybZjBmqWOuReCMxPHoS+FWfBs/HhngaYPpl1WKNog4hsrjmvhhKvPjpLg7M6plo6c4Z3X/tuU7d4OVbzF2l1reXHvMH6kQyq/sPn72BMCulgNR3bretNuYNmY6rTHD6ZTv5WoDGN+eQREXpxbcQS03LGWkls/uPzxHWqUBHEBjVyTXdSPL407zLY17OeaQYe5JCDDwB//cjLVcneG874PnUTqzXKnVXQ+NtFRasLJ/iTV6iJB13WtU2raR8RsuTJXLn0vJTxWCSgp41CxXgW+v4oUX9hu/ANlKLToL6yM8E7drVGe12KiYSMlwhOEpRNz5a5LIiORiQLYI1iuLXwC1kw4r1YWvkXgpN9lzL8u5+tWheSzgfCOfYRes6NLBCKK5fefdNu6wmwloNwALKJAyd+edOZRXy41Fmx0w5bMI5cvRXLvFSn5jDF1/9PvbydBQt49/B3TpSf9B2sxmShPQNEsauudd+U4ybwmlBNKmzkaBgNcdzfrbo13oC2JcvKFiZA7SZspQQg0HW1p2wAaKdc0lBnyxX334+qbFJECn+gYTP5w1qTmtkNIjO0YTMZeme1ib3UVjSgyO5i5is2jjIWlDuif1qEeKG/mv7TbyyWZ2lHMH/wutE+kozv0EbbpK/UiQ/L4zL9J6HMRy36VyqBqE0FqDuoV5Tpq34lwcj6Xl/ukPAMYppc3qGS3bHFRiloQJTEQKz3pVFpEAoUEs5m76mmv9hf/axLyGKWljWsYuT07RZBevfUbEf+TPJr6MPwLVri66mlxwiRogBoWP2WUUNMppTsOxK1LkvC1tk1lZTcg1Mfu0Dc9ombNz1O0SJ45xaopYzKT2Resz0WYv6mgyOgRtdu1CmlqmY+VpHIG1Ts0CCoEAnyM3RaRr3FI12eMT6QNIBtTNbn0bWblFu6VKPnSoU04wx61fIwDrUepTUSTy49prEhvb8Ko+y2f/xBxMKK536qjuYOQIf/nc3kWompJHUfilQWM3vRD86ac//5v////vv/3v/qdPnoUxpMneGSJIdV2iJ2WIZ9eWLfBHQ9RxP1gxhXalicsoT8LRUo3D3VLr1uwa/QBL33TrLjMT0owrFLV23bKfQg6YiXHtKiZtQ88Gu3SGfilUGJ5S9SoDG/04kEpb9zLDAQFRU8wVQ7ubFmqtfnEUo09P/t5X3j1Py8GWxZKyy3Ga+WQpIqCWozwxZtp46tqoUFX9VFSar4tzVlUh2yDP0CxDt1TWoqvyeROAcZnDRAMh+idiKgR/PGb6aS0xMLt24s70I01wL61K/RhB+jHXhHOXfja8Ka23xNhkYN5rnTY/sh3olsrMxJdhSZETVrpyLE10G5SoUIDcvvKlTy9cA2cgUNIsqzcz6dwoap7ioEbuZcGMZEJrAOetXqWXEKjRzZUDjN0R4rFKSSE10JO/pI9rlsrLu3Iz21jL260zdKQBWDqrayOcAt4Y2/g5Pjm86tcsDQprblmKwNTour3WpfzOB7O62NYnOpxYZNIB2cdPTzc3V1aYQM1zWIRIzZBZwxxqzezFbTcxi/MmDNNES5tEyurXcuUwbpGsFdd0k/iVblVeYOuENE+wionA55cPj25M6d4Fv2sCLg34XTAu7daFAFaXuMYcAxEpnyVA6sWHRhzCM25Yp4iSs3E3Ndfa1ZLgCe1rp7AzCpk/UuD+08Nx2c7md7LAc+k7x50v4lfqMGu8fHZ7B6qOFTPj1YtbWWKXBqBBLYVChMPJLo4kT5GsYZLraM7PLTE2kjit0+JUaoDbzjpytGYE+IJQsHCms6VQ4V/h8199++Y//vEdkflNvrtBkWcWfGaQXKTydoN+HkMmInRCg+/Qnr/aqF+uWjZTNoSz9Ag7fuHF71hYR/4iUCB4ogKqoOtAOwEaGcIHyWtg6LFEw2pfOtjTXnUtECyGqg0PY9jWhEGwOLDIO1A3bMq3jaIdYIl8ddStzkWPQlVTu02MCVoDnhJyiQbhMi/1Q0mtDWrtPig1jsHnp34iuvGarI5M06OlZO8UysCRSLbos9Lld3zQauF6GE2oNIhFw7s8JQsN9oG4Eb+lxrBEk0PrnKgLMMZ2z98GXYOLxB2aTw8CmQkajdgV/QSeSOclROsAD5pDXtOCHBiFYYRCym7GpktEG7dpVylGjKdxsGhboWuZUtqephiG0eJufq3tESmGwBJIFSjKZwtF1ovHK/2iNshyiSoLmBUEFovVMTVIxeK+lVdpa20mefIXKniPNfUN3CMHkXPeL6926pmnplj6JkIHvhQoluW1+89dk1aFLrTSIIeqI6G9U117BTOgfvZD+ZhgbS4s6jXJQ21KYHLwDdtU9Q6LLwK0FcWkHAsD0N8QOz0vYlW7jn3Usg+FRM4TqOHIDM/oXKxuFLVTbR2qDUFfM2aSVHIhV22WVjAyF49pp1akrun22lkvBIZVRqm6o6umRs2x3RUdw50/NS4HdU0vqkzNQX6Rc1wIMQ9Fb+80KL02InjIECRQnGuQKCyU2rlufpsOiyZ8UXXjYtV1mMr2zBtDZrolAkrH/9ZmLIeP4lpCbByjF1/OZ/Bg6i3Kb5Ryew3//b//W4uIv/n1X5v5WuwBkEEk3kdYlJDQtIjRPNBdrpsj84nqjuUu8BgQ5tPO8mHIvNNBZ41aGOhRI0PIJ2ISHJp2mNq11gZ+eZC5HOGMMiIXz95ojnvWHA3GMdPUOFcRja4+d+dcQcvMraRM1USOU/SerNsIfY3kDO0jPM2a0cSfyB25WbzhDEE+/N2rx4ias8cMp2UJkNOoTR+pUUaI3GyYjTRUGM8sLpEmjl0YZsfsiimameRCe9KgH7whhn3RZQucUBJnlaIdVEDLCZCyYfZJ+ciEo/Ckm+PL8K6qFdlcF2Ui+G8uWFcbZskER6CzOXGQGR+x6zAHjZAlv4j72CioqAEkQCuuJRbRiQ+2AVHm4VQ7+tH0yffoxFfMPzp7jnP3gNIzKHDPwfZkQE7j4OORzuQqWpYAsVHn8VI7K2ShRM+KTt0U92zbaDP+QcyR0ooXkyf1Fq0Nxw8mLYc9bqXnSt1ujJDMjNukMV/34WFAF1uAJW78Q5aMoBGx9QRitNLZrLFLGNkIGV4U6vnew/Wzm5cu1ZhJK7O1/6Q0REw47p15fHAVC17HTAAtRvS6eGTWPICa30o2sgFsSQUajibNu726larxsIHZw3SU0mh2KM/mNSOJC0s3kBVgHQVWoV55ADUbC4O53OXm1o/4FThkIT2SolQvzLM6V2PWIgVr5H7Zi0xKCFkLI6QGWjY68K2pydlFzPWw1+g0KPBIqy4y4Uf6/foXb356/PDju12SSH1Y+A8E0jRoJnWbVdkNmXwbnZRhJLt9Fus0EJDKqXmappk3d6ojqtwlk0W1nVRBJI9ugr1UoJIj1sZ1FC0ebS8+nXhloyBfoViwjC0MrKNyEeptaBkpAEKhR9BD5SwT+fSG7IEpwRtMPhyKIY9wwEWt050lzegkS6KjTMv2GiDLfrcdDKxZbOuVTg0JvB2MZVJl9hCIBjwQahiELg+5ysunf32UaSV6hE3jKBNPSiQb1lvWwWTwa2ArphklT3DXI9dyAUUnamAFg6o7/iwg0NAeLJPFFKBv1jRzjTeR2j5apjku3oWrvPoI5zuzZ+iEDBDfCNEiceqN6pjEjbKXA9Gco1UXIpuCoF/zPiGtU/PLEa9cO8Pb27emZy9x4p9AYxN7nuEVsYgnD/U3WmBC1pBOC8xA1Ha+FGPfhQDk6R/VwteFRjBNjwh6H0vaqCNiCrnJRYmS8bNZSpzlBltFSCYzwzUOZyslvVWev4aRFtlgCIYvPhNybdM5Gv31se5RsFPesdoza4LDfnMBPyZrQAXNeQWRqeQSSuyo0dtkN4fsY9aMpNJL5ZajEvALJdvHfjpoh0zts+ghRdaLoPa9aTNXnR4a29dg3NeSUFXBG5XJGic0KZOGGNsnQE4Yhlmxotl9dfVnsMOs3iqzeHB9eSu1H4mqe02QITjIYxS7uhzqtta4PX+x6Ntf6GNwiqNVgd0UzQgnK6siUeNxKMJXi428gCEhlrHBt+HZKP/06W//7b/+1a/+iYFluUBVTt5wbhdXR/6ivOjndkjkAsrDNRy/miBB0mMIlZoeHN6WMYlNZMhnRYWgYzUilDQI0hzv5Yu7huliEnLPemTK4s5O/RIs6YG+EUm/opi1s8wd0VMizARCr86yNSTlhy5qSzGYVD4O67QF0TLg0qBwjKhWISF82+ydnOd+BFo44egUp0fR6bWMRwRDsHit3TDKtBZYSHrS1WGjDO+WQMzJpur3leqIZdB5zcMzfjKY7NMLgnVMbvQKrvhsVhb4mn29inxY+ish6f5xqC29TalBrYEyHIS4licgglDGkUW/2EObxwipnlWRRPMrliwH7ao1AtkImwkiKOqYzHJPJXZrRngleUMb556HJjSBH+vEZGxaSz+kFy7dL7NJ9dY2YtxscfX54d7tKQpdixapfttN3JaphBNclKBFkzb4ZLNWvoPS7MX08jmLmlBLKBimknaJF9q2Q8OskJPQszNengnoulgZQ2CT9/5zj17wW9N1ioY+KVAS0IpLJ1rBSHtWMX+0pFCOYzmPaS3t+rEOIEg2889IJkCYAsATlQkD77BuFTkn8oz2bmdw7n6ZG1fo8ZxefouZcZtbjjn0CYLoNj3P0Br7peMbC/vZo8nRsIuqdg60XB5gnZKbGKThGCYvHrovu5W9Tgt4kW9WyGQk1qIRXU6jpHvksXVtZIdtXYqYe3QpIaEI552rtqlud8/EnwSNppyQryC/0ToPc0wClUbYCU3sYo/Ehog1Ov3w9fr0N7/55h/+8O73P/hxwl6LP8VqHhE9r7wCcfCeHUaDwiwvEpY9V1vLfAQ++ZxT7bMXFIlR9oT0zJQgFWZc/yNe5/xvu1R3zXXbxCj6XOiWYIRizqA8EyKkNnD8lfgXa7182inGpXPmzdIl6xDofzN3DC+NYTMyTtIEQuVJ5u/nr8nrg3Rq4p/X2zdAWvbeHVfV06yByzz1X4xOwg7hZsHowu2qUw9wLPx38pplCAQ7SiQkKr21HlTVxpl4Jy5loIRQq7UHfHV8HgunixJPft0Yx8lATVCFXhEOJAXo2fPlsBLRtIECn0+1ZEClAVxr9raLQpqNS3wJqC8287nDNvU0iBdBO2aQ/3WpcRgsjdbRoV5pY/qmjj6g4CYGl4F5vhbjV7WRQ9rC1GwTDu3y5ITFjUr5BF3lxxfvxtxRrUZfREksTbgrnl0DwHDpEzhBfflIgxytUtFh3QF0vkNupj06Ak3zgF997tY+DQIrJ2wvIwdA1tEyWBIkWqFJp0BbGBYdA9lrAEctH9D4uELAquuVKu1dmPs2MlE5faO4rQLg1MzvVzIKMdAmdNCOW56hvpBDTq0VHCIBv8rD7iLfeiVYDC5S9V1B2kWzXof6kblmeRs5Gxs68qzkWCuekAA6kWq8YFVNBCscn3rb4i6FbeU1TZWkPTANtpSSqnVgWWd7NQ7yeZxBkT9zpdXkSAyVmEfU0VI1+I/NkzNvW5sL47U+fcdkMkzQZNKSlofkxM9L20+4PiZOPDbtWBlQ+eyv//qfc5Snz0/8x+vZZ+lYp37iPi3RLEffPJEX2Eu3IbP1EBcsObkR/fRb7DbVfX7Edcby9LCbx84+KWlSmGsEDkSbxBz9eTmcbvhE3KuZEqKNhIvwgV0GuGHcOHboXp4HxXSb8Qx6g3p0BseZfDomFH064cVqzeF9Z6epGG5BslUiI7HLB7F2glKkq9KL2Zr8NlQNnUKwC5oIQfpiSeasKYeegwk0xJpQAyoocvKQVVx7+PVLX7kV3sdM6d5CjITqRsLR4k0pVkEmVjkrXUnS9F8WiY6oh/FOPmrQgNe/cdXqCUWwXb35/gw0JwJlCaGrQProgjiiYjG3bbqG4iDlEKXMpleSN+UpxQHq0o1dZXiGSWVPOuqKSKc+cxxKQUiqI4N1E7HbhDUpVXqQQJDU2/21UZPdf+giRSeAnz05G72rFzToCgHCA5jRUmROHs9j4s3IM//RkRxnmrSRn2RicZ7cZLFyJq2akVTnrpwZsvJTd+JnjbI4PZRn4qb8HQX5EUht+4sMnjlZe9mMBSXsm7GcLd0kxwBck0RM4NyznJhPZoJG82blp+euwINkeO0XEbNa5NZivhfCu8hvxutwIz9pxnKWOaQZYMbvLBUyMCKvvCOZjEY5N+C6tmGTyedPt86Uu1Dy6QHUGJGn+YZKxljW50s45JvRZq3Jjy0dtJsu5TaL1/koAWquTm96ZYIsY7ews3HMBM6oN46UMo4x2+SkoEcoXd90QaQaHTmcvq9fXf2z397c3dz8wx//3EDhhzl8PRcaGbSTkwpomXfrut1aHd4nuKgvJQuhcoIsoF+fDWHbS/ODZkgkwITPvLqml67GZV+67MO+jjyl2oLPsYfkcAuimCVpMaU7ckOCTRPTUVZDogJFRQ+jt4xxQyp4+49pJt4YT/KjEytWz1opjFwYNgRJRYQS1ahu8M6CQW0uOgOgJRoEHYNb3Cb2XIeyZOkgsnRwEdTTzpvkyiwdzDsZW3gnIGIZu0wDUuIzULN7NcFAnmw/zMIpDxgb0tZLDaE7yPPDpOWG1A/ExnU67aUecAxw5o6Q87LuUOpOOSr4prDSbGo3RRoRYT7fRVzpQTxgzSCQhH/xpddy4os8BnAWog/ZHT12Ge8IwpNVvYs5/jBb7p/HzO0Sc2Ik2EQOEuR9bAq47K6RUiuIAag6pWKpv/2AAlEylzDXW9nwrUnxwiudaqK1pjlhgdvGeV80q7MWa1yrmtnxt4GjZA4UpSaHjRV0iXsIaNuG6sQ6HOtbQbsp3l9Yr+VkXy38m6NjfmhF8/Sj1+xL5ASojZr8Jg+xvx7jwpT6rPJwOtwXZM4syKCcdRS0CIY1p46m9fWfACTUdKzqHQzlLjVQTJNIdPTRvk4RcJ0OkrlwWqzTqRwWPlbBXRp2SKds/C+eMOhD5vI6AFx2EQq2HJVjZUR8Crh8zH9CB+CUUJhciCdLAJ320UU04wVjvVeZrOlTVUIuXAT16pPoEIb2Xuhprn/DvhmuXpWd18UNV9AYQIeQ/9V/8z/+7p/+V3m/J2z41ZjmFwhugneSqgnRq/v1TBFqJvOSAHI1jAId01BKW1yFXo+26QCUichrgJkfdihpZLCzpSzJKEq6kBaHLKqiDjRIZVVIJ/vSoJiRIGzCzbsWR1SLIkgsICcg4VsLMUMLIL3yYS0HZmysYPQAACAASURBVALyCRNpq28tHaTiEqcmOYAgNSnIJVB2bldX1HKPyysJwOuzB810woyraFDHokkjohhTh/hHsx8r4yI5T1qud0JFMs6Dj07ToCv9l+J1pdfyAB3qpMPmYTICqxTNDHrqhiEZGwbF0kIPXiG1FyULfoUkdJT6kFU0SVjdq6iHUxC5KlzmAhHgx8Yo7rN2+FlUqh09CmhZgvgyIUsyaolVIUWkXdfdadsl71cvnj75jbuYpryLALrQ0AG/HPHR/QllCiX8HtpHx+YSHurejM4/Isb3crWNZDaiAyeHmWl3uhQwsm0H7MGcdxz32fgLFCfutrBBJZeiaeLG7RKUnlXkWCCRZLF+P66BiFUHCTjP8aJOD9m6IZKhQ8jyoN7udEkKkjXkq6Wk3CRnICZJvKHHDdIl5NrwbO2o92dSpoTG9M0ny52azkxvnlnYD+EAnABWB29u7qzqWbSUzLLLfm0v5KAJd6SsxhKOYCNNMVJsOe/p041nCZ2YZD21aNXJ9MYNZTfsMtpcu8sN88pyi/wgx8vdaGJ7Jd1YNBOg4ZURcq11CCD6USSd8vBOwrpDfEueoYINKByJ9eNAjgia+q2nRoYlrp7/7tdfff366j/+4ccf3lqBbwW8IZVNF+2LXaV9Ex6HEpuERzmbxaC2aVVaY5onQBcg+j0NUHV53iLniDJbIYx+dgXOKB1OIKJxAyAHaTw3Aohio5Jk7jJbO1jQac0xL8txHj6RkAq78OEKG8QFtM4tJGF4Qm8t84xxhmcc11cX5LqOEFuDPdH3ozw9fy21IrP1T7KnyiWhzgN5RNH7CBvoOV+TpZIyuhhjg1tbqrlpyWg89Z/7QkJ8hKQWU8JQREGHdWSOVUDFiFIe1cYT4QlAGE5AKK1zG/hdODUNU2V2wgEU9bExT7Qz8RJVXM0EyU5o+BfScOizQ4DivsESciEe3glax/DmJ7SMCNnqlYE1ZK9aOdVNcEz5OzgDYemrwsZIP8EylI/lg7uQRxtmD3vEcMM6JnaOJlrlfbGxruIi/mQG8bSwmanTsSmKOfNnr+bcvQjGp+MV0fwvzdqsW46EhBL/q8HVn6lodGwOgjMoTsONXa0nYZ//ue+YzmDjvY8aeJFJLWlGBOsg79Xn5X9atavxKby01idAxnPiwVX/iFHMV3XtFG63jdnxtPjmcUWfwk+hpjEjLM7f5FrRWGM9Mc7kBdGBPnkZpXcsrEylylj2rRS5Oub1+ca2w23EjkDzKwUjkAJZOXHrf9qdkvxhhYTQgm6c0qeO4Zb9iF2sqqE/rtJg0SYrl2ZGsOaJvK19XtCG2qrrmwQH57lhPWhS5KoKTW1oi4N2/s9G3VOaF2QONY28L1okUcwbLME6PoV3G9/+6i//y3/x33D1mcCTCRciPOOwQ3zrbakUpdYXe8By/LNusjAGVa9e3i2NXKwuaj9eZpt5dtZAvcvCrLJ43aZS032SNxgLakXcSnuFgC0aV7WzEuxeKOlQj6vgFuAp06V9ROBKrmGLkdN2Q4UrJrQmxkzQtTYmgnlSg/JoN0ZCjxLyjDii7aPGZdebO0PIhmZlsXU9L32lG0XSQC0rUtskweCJQULwiR9oj2bsIPrsoRFDKv29UdTJ0lLsd1Z3+odCBFNrcskV5W6WP5PQexf51aoR2KhoHpcEVED0+mIiLO+SNd6SBmZZFk+DYZ4iWeESWG2W83ncms4OEbT/cKY1WUosCXImhrbQmUeuXd2yQx6nIeplHgp7oKCOrWxRt8XLZzddxdlJZ9hfuT3EU266AcJTjvrdPrd3mMJJ2bNZhGXj2gJkqiEXA5Eeay7aU13GcWbJky4WzaEaFj33xxQH3pjlY/M2etmqq79N/0h9fohYvRoEHbjnABZcqNAqnOAuuc/pvWCZ983QXUv34frFq9Fvvuiw56rH3FirhmMFLeT5weUPL+9e4dnlCnN8HT0bOnhKLdgP5sWJDDewTcJADvjkyp/nfeHAwSqEYHcI50N5AKH5O6V13HCTMqkpU8wuJGeN6w+f33umjGEFblUGXnQXCqLpOt08FPHoF076JqNpjlbhU0wzBlmDgTnVuQ0FnC3/s4v5lpYtryKrNG9gylbLsiJrY9l8Pt3Uklo+qsA92eOTXxref3H98hdfv/n992//3T/+sQebc0jaASwDX5TKVLyrwZ4mDSr/Uzg3TfshRtCE6l1aRaI+s1gP5+RkWwtveiLwXsnP+/hPJBlK/Al5HyvxTechTC215ajxn01rtNigE6dtKIss2jS8YmMI5XGHS4bTbpohqXYQ+SwsTqnDTRiEnKx0uyk+bdO8pcHiYzn2xn58WZy9DOVjh3BKag7HVpgnAWty9FxHRZtYJqv6BSbG3pi2T2qi9qmXZsnJw/ANiJqlUHNeGi1p7aDzuVGRgk4dc5/PZpVu/5+U+KQ3OvM7ThWJBeFj0KJKpJWNg49Bm3FXkrhlYeTKCYbH6TFDhjJxS/+zUaZN7dwhcVMKI77QMcg5HtBA+44WQ6RrkrsUhGfKE2ux1XGeoFn6X5gV/20mlq+EahhWJgifU1dxr4V+DhYJIkpupZ2EwbXX3ETfwax1PpZEIXte6XO00Iy3YBCIUVdT+wPCwKjyENZZFeVn3CSZ9+Qf2pzJRsvk7j/F9BxKa6DNaEVHDX21rYlXU42/067uK51/58l2VcVln9GsaUAoCcPqkg+lATAfKONrlaRLMeSGncUIlZDAwwDGoDDypTw+m9/HBbFCzuGaWWKpHzmzul5tBlye45VpbbNI+4k0QbNNA0m1NWZ1qApPbnJMkMlT70EbszMw+FZSxDQXjORxxCoarF71jX8yrpFWYTZkL+FsoPIZetXj2Jcao6chSoFfXM4qWvSKa9+n2Syjg0IeOfcJggrsimvNqfYmOTCjk0i+nr/8F//yv3t1e2MI1GPHY9EW7LqgWwvFxTRLO1YvINZ5ROI12sqeatCRsmSIpg1mmaZDdd3K1YB9Ynq3kTr7ZiIsZ1gkCpN6nRHVXKjuSgjfUJ/LpUQWu5iQaoW3FEn9c7c48KzqdDzRaCZ3hxkt63U11VhsKQqCmcOF0aRFHOedc4IqgplV51wDaYj1n01o1jooOqzZmG7E8pse5xY6xdXDp2GWYDVoUmFTBSV/Am0LGJJZyjLIzLQhEtRpGPWUqxo6Fl66mcDTQ1zcZtLt/thz7jMjYdrtgdRxWWfxnwzTqNN2gXWMounUmD+Y2s2FFC0NxL+Vm5u06RklqXzkgA/jQioD7xYQG5EPF91M0jyLkJuZytrrR98G29SEK4nwynKqhFHex3ttzCOtFJYkQYUr3N0aZ0WIFuDcLn3zdPV4/0635u7b21uXvHIQA7qxGaonyOcggnrIBmMtpkoF0y6f59u2SXXwIIDqxZRcAQId/wjLnmcjB+3RTg4t2Oal3/NpWTNvbjix841lRiemmxyP/ZDM23DmtMZOQyNl+7VRf5IWp2dt+IkQ0wvWErnOds2qpmtJlbTxXAsYwN7lXicdM0AaMwZfLmnIAY9ZCNwFhfmpYYLmJ7facJ3nN+fHrOGJU8HPsZwLIn0/s2GFSd+810pkrrZxyg2c3yxvYy6vrNfxTEiWCuJvxnb5Qa6p/ERapKx/WsuCOvpAVK9Zhs5IYGmkeHy7VnJ7JttgUZgMNBTUuwirsUuUPJmROgawYNx45J9HcxJlupc3z/7Jr795/ermX/+7/9sDx89c1vpwg0XHKDN/sjSqG4vKMwsdRIUi2HkRs7zwMdxbSaTLskTQOu51p/mnPXpgJBoy5KXTgMiN6DxPzPFwic1hNS8PNk1zS18k9zUB2u9VftQxUajR3kdeeapszCgVxBCz6J2U7kBnRxl5tFE14UjUq6oZLLchEr+LEGTCFwstOtbJIo1C/aVGrJOQ+q/JGrk6YgfgTEvZ3DiUI0ZsJxiYj50uoOQBBKFXumIcgwI7T2p+CL0WtDvscec0hDHs9wl5AQB1C0RGqzuFGrAGiGChOMnGNnqkyF8UR3sdAiH3WNvxTdXRUVPTxs4KOEY6h4T9wEUFlmObw4dDiOVU0zb7lnByj5a97cmu1eUBcwLNcKEtqdtEC05ZaHZAc0pkzFy4hp190Ww2qRlBcl0CiSlGxBYzJx+M85Faqh+nZE3uDLrNAaHM3towLvmSaQHMFktMxtrXsW4joQ3rBuKATIfcuep6rJ0a3TNHA+rSMf7xbfc4euKz12Q42/Un40bByB3x6sC8iA6MCi+Epr/yFB4+vmumniRti9FW2nFpNhQ3YFNVFIHqXM6MNeJ10mC6TI841ph6JXShUIm+5zVdLtuxTHJ4JH+7UTuukSApFrULlqfGLpgiOOlrc2mGztFhkfGQw4ED0UVVrj7xbOqreMGz/GSeG6vEDfWLvPNnlfnTKnFWGRVNbPZe41O9OSQ91ioXXTUchMeJXTvyqh8vnwlKnYyKMGy//va7v/jVXzXSd+n6XFONzOP648unp/v3ZoSufEKVmdxHp6OBoEVUkyjdotwFLi88N3G/M4aFYIx3KdYC1Jinlj0mIGEeBw6idoxYDEimVpYQNEuks95Zd90Sa+y0XJBKu+U8EwVKDbmyum4JWHCvp+H2uRMHm6hwCI/FNrYaA2AIZQW/FjhFBa6IV9wyZTr22iO+i6+FyiRN/wCFthYN8gJvYaWL+fa3cJI+tRd7e5IdWFh4GQGiTb2lnQXjKAZr65EwlwSUIJrIWaWrEFmlmyHW+pKzNnYiTnkNtINeqVebM4oNoaPkA9etGdBzpmlOJmUCgBFboDQy3F8MKm7cdB726dkkarGK7dApO8Ru4MgwWt4LotlZFaVNts9Kldpe4AxM6z8l5K0kKW82K2lu5cZLttLxIPMVSF0p6BrE/e2ofUu0uXWDCVKkIdkmp9yJtHlox4tzED0zH7H0ToM8qiL/3hnU74B/fgIisY6G/biKxp8+3txg5HDHxEagtkUiKR1w0h0tRk6CVhWIvclLvqGuyJsCPLA5PsIc22W4weWSRHkkI7x0+4ilWbnjZyfWUaOAAwBEicXcCbftzJqSHiWzcWezlV0cMyfO/pE9ONkiXL4n3RFULU5YKnu8p4Vyot7d+SlahBR2qRW5OheeiNXGCLtMzcOH2AoAnaG4WM9zNk12FYpR/vHeneYitjr3+nTTEposaNnXKKqpdnlIizIsHuiTECPkYudDMxvSB6qhYOUx18onGcvUTDCeT+6/+ObVb3/59d/933+42O8YLXEv8YGUadPI9Kl3n7mlSX7RgsWoVoq4/xaE6EYShTZmVNSOR8S+QdE5iUaCZhklrhHFpNhW6I/J/DJF0kmr2A7MnCWnTN2jP9+eC+Y065uN64SGrbidKT4qA2KME1UbgparaLVXVjLvlexgTZoiCx90TYLT+y/cPGWlzp5jK1TzlPJDu34rsXNBxvEnZ39K53TWRIKYVF25ODu0PbFY0ncDQEkeD4KOHAChiNYpsX8C2Ghzj0xLe4zk9ScgESVBIia3r45gIRsCBXX/4RDnWbYBanZIQhAkDJbpCPoarGnYqlphia9G4NAni/kjYwcrvjLzYl6cwgxZlA610QgwSDTGuYYQ4PCO0w/8w3XjQW1YoTKQfBIi4ZIjE6omXhyqMW4XXPODHoe9MnH/dMltYNIV3T2ZDTFaB1JcOmZso6YJFxRanJc22XuEVKdglZrgpDx+/ui6vslURjMxiIlmnEk5q43PkItZzH0DoUZjGhGdyZvPT0+2jZ8mDFjuUkU967sK+zWNK3G/vBpWyY7SEWherUMtVWY1Y19O6LDWWoYLUUQ8f4WXZONaiWIVKpdenzwzHinT3BZPGofFuJNDDRm0yULzp3bOK2c+IoYxl1VTXRj//I1CgByYZ+6Iz12qSJ9MR8B0Dm1UEpeQ+aBgt2YYVLKeqcOpS19AGGklPmNrkOi8/7rkGjAmU40ne9pGwe6FP47ZK/7JjXYmAETfyqaXkppr14FrJBlwfHLH2sxjf/nbv351e7elc9Fwqgm0kTKR3T45qv/oAqAt/yPWazIXP8R0/CtdxBcK3M75zOVPwpiEy1MurAaULCR9UwAZdXa6rUuz/bCKHX1j1mYN/O8RHrAdGz9Ttsd2bWbDenJjSIOjul6lUpTvD4FOIVkjdESVrTHaA5nxWXjRGAwAGBSaLYz1mzD8IbLhxCwmV7/s0lOowypukKHGIjC6jZJkNhM2LFoUEew2abceY9ce1nWT1FkGq/PWLDjx3BmJhjWpvfMbZkK+aX+dELi8KPjccpRLz4CKsRtXjZhWlOb7RRUSLTORTAR1YnY+LyeS10Lh6trMaLKkEQqtMVA+SZzWTT8DT+vsKBZUQ/jct1SSR1JOt3zfV5mFxolecllKbUvHAmkVGiryEJ0lzTN6s7AUsydvP3t4eFxIKMoj2v2GOZvsFVO8upfYSqKY8P7q7aNFoFb2PnmukLXYodvTJstKzSz5XiZLh/zDZ2N1DpV8YbD8NalSBFPhOyeBbpMrPaQoTZe8tcMVOQk05YfOyuUhGjx9vr57013MgOEbnGkROVTkQc4dX3skYSg9d1fW09a5uD/0um3WZPNBCvb8yh3TEDjw4P+h32KWMpbvBWYJrdYm8xbV0DYzNGrU52symiTtgk4wBv3HxxuXdmSVliSyVg70/Or2JupsGSKEuvr4/El4vbm7I+3jI6Y9KZqSPk+yPrt7RmZogIklHp55RONjt0jDBW4ANlZcyeXizu4xvzhtd4Jexk04cjz+npcU6/KFrmzNMczuTbYUCPYuGslhhPGGQcQcJxRNtCW0RLMBlA93MBAynz7+9pdv/vHPPz7cx7wwiUI82Tezo2IjX+3nM/LTKi6V2iNcPohRWawHbvXjMj2l++PnG/JVc0a/lsjWXPfmeKSRCQI8cMGbCy1edEjc4iNDDQY0bB/N085mAYVUWaLgalsJmnjkuGfMzcCFhY3X6upcC9qX0WaqQKu8zRbyVRNIWFNGANSyfk7oro7cJseLsV0N5zKlhO6h7BkCOyBRnjD+SNRV2GnoAKCRNAWmbzQSCQ4yzyyDUT0PIkG0uAp3Mdj1A1FrCd5GOFZdIkt116ALGZ7vRHGidqIE4eJtcDdw80ywNC+EQBTCz5cBj24WaYwrMhzXaK0EKBDIgCkyh0Al7WnE01HUK8wGe7wiGfPemmZ1RPMQW/TGo525hk8/RhPG6PS5LlCb11VaCA2gLBqdiDYGaturtQciqO6lPso+/e9TTbOX+tLGdTP3IKEvNYtDK/zyPaJHqRRuN6obqQkYRkmVHFmDZjyiG5QWyftUXJ/ce1aocTRanckhxmIqtZUPe/FfciB4dMmbT8MqFyXCIAdJs6Ffm8PrQLcdveo3TUmtUyr2XfD2igfMFo1MDtZKHPXa8IC0SYkb7+9wpclaRKM6h4jvpjBfdqOSHNEsxE9cH+gGZ0LUQhPfCbpXkAGsbtU0tmuYtRKstvUaZV+IL0/ITSs+9tigGoFaassgPLBG85AMENOBFFGc5lrbHBFteaAWk6rEcXSyZ+h6J5GQA4vU3/44hOshCYXaDYmwSZThPWkWy0idKKN+BG43pRH97rtf658ljMz1pkjXUUH3DCsti09lNwRrkPRUW213YhKRpi2q5ZwCWjgzZdbocVr0E8MEUjz9Hmo2U2MCePZoGpM80UsJnvAX1Rpx6UmVZpsQiH5KLexQpZntgNOM1QpJe2RDSyY2QzJuTgD8LUthB4SSuKwU6D1qJEOXdpyYQgh5w2OLh20KysvdB1zUqSD8ZQ3fQi6axQItCXmsIyuanOJzjz6hRcA61d7AzDpiNixKW7t8f6KuvF5ZI03OSy+iWtO6kS/ITeRPRofRsHRPY6DYND5KIASn4mUnvUFLmPLMRJ7gbDXYGjH+rF1JgqCe/hGgRS4S2EHfvJw/pOcy7AD25gDUJT0l9G4Xqk3nTuXzlS+ZYimR6YwLOQ1KdbNRbBXHtlCLc+5JXdjR4rEJg6xOMwukPX6ZMHwDk4ny7PEe06fPD80PnjzkV/joSAzzXaEs3MJRIUfKd7xyF3aRoNje4O6zcgX6Qz9H6Nlps2NpZwessgbQlOY0JyU5WOibD/ts5S9ox4GXyAsTBqyRX4ZcwGjYNqNnmm65AdcTjTj6rPTCqZEnq6Tcfb1nClUl0CDNwXKZtNrQyCAx6aUSPW9G18rjry2x5ZfZrmhQUOcCc8X3jx8edJRTWhahesuePN4FsrnTy4d+LgZyum0Eb9xuJTXZu/pyv3moi2MTribxbCWHjzxvAMsGCeVei2ePbosxmEMb8UTJJXhVXh1LuXLjJgezm9s4XAFjlOo5IfsdZ9aXzSozdLvus/Td7PvZr7d889Xr//TwFoe8MZlR8zVXbieU88msIxCFHxbWw4jsXW7Y60O/Si1Tfny4e3q4+3Dbsuh8u7QL8UIy7Sd9KPORqPbeeOIxHSLkVVmsLCdZ4l9h3Nk1EXPBBt8lHHF+e6fZIVYPfeOn4AzClSyyLERUa1kYCbqJwcsWNf/5BfIElgiyevhedb2H5jt+T6TSV9hnGGD6aSFCZ3Ag54FFb16W09k+dBOmATWtCxDTQ3XJep4VEtWbEXTTYnqt/YBXj+sQYB+XJ0lPDGehDxxEdTFiLlcYTQ6jLHkyWOatKnyPeDVBvzkE14Am3VDDoXmLGBkDQFWg0tfxEK3XIcJeWp+NtZqyyiYEFeAhdq2LbxwoFzA9+hTuyQWJNCfF6AWBKJBIiW8jtgXjNaRHkFhu2YBUmz3qnx4cK2Y5nLw9EPZPwmIN9oMAU9q0F7DbnIZ5S13HXMlcP0Ot3wwTgeVClEriov6QDdia7sXOUynBe18sMZKJqpF+SUXseiCVPD43DCpKJxVkqv0hjNuCVCJ5jXGoalDjGkV0hjX0Vhwu6a6FzYQ3RXXA3ArJYpYZYnVFELORGKRvo+NCtq6kcchyhG1sHIYKJmbMo58EX7TKn+2tTC2uEMqWh9t8RnOiza0G+kUvzXMGg9vwY8fgvFysokcGPuxG/+KilaT4JcyTC0BUmCc1EPRqKYJ50Rsi4iDeFDhyo5Y8IdRWOmOm5xplsSHyReZqEwQWvjpoyzT5RLoqHcc0afghWfLx7Pbq+puvv21WSpzjNIFdm9w+d/WLCF2D4QSZqbcLy/jEJkLe3VL85YA9/SYnifs9DP13tVJ+zylAYWZ3N6u5oRdAUsSH/1BMP+G2NEiBSXNQAKP7Q81oKhQNrtk7/8cy9Vp9S33lBhqAWCnaWtciUvSw/JOSbvqUsGndZBWJ5ipuYsmC55nhrNJNANG2WOwaGq1AJAouvvsoCc4buj3Q9WcZpv9ImSoSBW2/1SDz4DI8LVrF5BTLMPp3ua2Wx03zRTWgyGaA1zHsu1aSfxgelqa0ttfZu5xfMtEtH0RFbR+lYcC/rpcNCPiSbpWAmBrjXEfpYDN9jMRtGtrtuL0RvGN04qcAV0XPBhmHbcYi8B4Hk4+0r5Wkt+cXZoFyuJLsTtQ23Xx6dMWXWSkTSZFhBjsnVUe/ZcFmBeyzPMqQP2mCRzS/evXaSYVnz1/LGJZRv9wzpYW5fg6kOSGnoo3KHCj6CZClN5hDVjKTq+E3oNPHbsyCbADkIMt0NzdKgAgfbkbIno+ob5ODbq8m9ZLchM1OSau7NerHx+u7V2Vpz5/Oca7G/joiSYCN+w+fbl+5hNdzNa0A31CnTFSjfJUd80datZLMV4HVcEKiD3wCKpFLcnIpJ61WCcatuRpfqcCOzHF9dfsgN7dQ1t3fQHLn860Vy9m1ULwMzBFIgWL+HO2waf4cjs+e//jTW5lUjnjQ4pBcjMsBPgC8O5bII0ncZUIS1SzIZDwsl2hnV01inKd12KCfHIVsudzM0JAT/Pt1aJHI/OD06BPkEGFU3PU6lv3q7u4fn71r1Htp1zFUTtVe/9VQgp/Sy2bhX86q8+Z9wcqcIkPmk7y0CyFUcXSuGjRtJFMjZY7SUG2cFiB3RDiDHDhKuU4W4FMfXiP7imcOVqJfFvSf5ToyJjkV/Q3VWtfBh7L6rG7fbNOiVQ9I6DPXb9tOGucE65ygJJoIAwHqGLsjTJBSaZNRoZ9L0bqjHtEMuTqumOconlpJwwFSKfQ4Xe57qBP1YE32QokQMwlOYK4u/iWh8xkUIr/Jphi8ZQKZLtLqfQiXRM2h+nP5bBM9XiV6UapnvpbvkCGd5uRo5RUdmqhV0ZxcOzggEo4bzRWF7QXiwasJahWhRqSQS0hU2kiEfOUSTKivcbNf9jnSxMkL8ygoCyPbkctzIhQRlBPystejGXvFuV4XT9Na2cEoYfdzmUbN2tZ6ciGfTepLueM4X2gp9Dd8ouRd3I4/sfQiS4DEsrrcrleUYx5whK6+Bmk5KrUZ2BREb1xqql2dYzHTjEydJ1g0Yp3lLgyQjnhEa3awqX1oDnmtYaxHhRPtbI6RSLyXBRLXszhzxmHMZIqpt2tSzFki9HUPlmjK8xKHkzgxSzYjmcUT67ITq3ZjqgttjsupT7C5bCmmzRqauDRWxfMa4b0bIclR+WhEZ6pqO9CPN0Rg7PsazNrpl1Wi03STr3B5jqS0Bd1YIB7hJMq97J0d3cx4BfFLg83KbWuwTihX11tjL6UVHbQbe2s7wTRMFi9loUXEcTxczRxX17eNELPdhpyHyUaxGNMpcQsGc2W8U2d0VjlXEV9jt+FTAKPD5WaFxrAXds4pWKUxS8giTAQi8vMHM7J1i664SItxwL1hgbaxcNRKZuKyA2P4b4DYQVZUjzqJNgBhaUzjpbHvtC2tIotwWD5aTbJY++kiMJ5lSYX7uwasPggWgXo2Sk5XU27QD7roqin9MpN9L8GWYFhGUN99TFS+YpVFAC94SBydtrQeNmcL201LpkBeWQql8XVCopuEhgsZdhH5MQ1fNe/i3DwxSZACjjmjxypjoZogtW44mmJdfzNIKwAAIABJREFUUW1joBJAWp5hciR32bQYR4mUVcf5iaHBrhzXDO75kEZ4FROm8Jxmjz2yHpNSm1AN5p3wpClMyNNs6+pCM37Tv3UCqpecwMYPlmCDnoyg9s7WPrppwq/G+WXv3aScVs7qmrZ7Hh4tMHr95s23v/jF69dv7l69evn6NdObIecG3edUcoGa440d2Eynjd2LdUyMbGvYNNLSmrhUy0H9L2cLlIajEcXcuU7HLWHaEHHLtrsufXk4do9256otwSRG5OCU324ghbdnx0tP/cqQhGBHCCTCtFUl+yUg5bEeCJo5JgTPJ9gni1j8+sVNLZdpFRuy0xKfLJIV8nOf4uLRqPxLaxMOq/aAni71k3llZ30bLmTuQsMUlE7A3IWVYUjYblTquKIErrm8G7n0pLwxhCFAgg2Rlz/88MP79++lbSVuu7YBVLeucyiuak8Mzexs2Ph95q4NcDNyJ4Kc545Gi9x7QrKWS2g3QHMG3t753U6y0zdytCasPgVJEDoSyJc7NgN3Q+bzi9tb64uuT+VywMx4jaAap7pRllH2shF68wMb222y390p5af+ea1eKPdtgJyrKigf7LpkxzZHKPN7/oEUpIMibKinjUHbQf5aT46461SLWdMGa0QuiTMJOUl6aNurQ/zmnLFsCOYz+C591V3ZYlSVka8b1SaEHhvVjWflJSIks50QnZo3XjUlqvEnf0eCObueBYgJVp5WIODxCBCGKIjOCuJUy5A4Qb/AcQBHj1XQirX29tfrIkutpywfbSt0ChpsKeUnTsldWWx5K58xjSCUwiWIekcnKbyma5swnnSJA8xNv0oGQ5AAJKdsANOqnpHJ8EHlFSRTKnEa97PBhsxpGbQdwwzkzFdkKMhpeSBHkoDxH0PfOM2ekyMMYhhXG5FjjITsWVQU1e+4tyIqL/WqNor1ZYlUTzRU6EPpAXLkPlS/dIh4XeproCzzrmuOpFjEvCjakVRxKhjARo60hwEQMfMuMF90PDyIofFoH2+rfVrVM6XMmbFPAgUQI1UKKewCh9pFsFh2yCRYTdGMbB103k55SSI0LKoO8M5ear7VkI4iWgwpEnV1VY6ICGx2iQdDuSZanOXgszG+l9ggPYh2zhmwEfSR7WITLL2IX1WOngCxh36dyDAta7g21WCXTj5UjkCdbKHRZLPKo/cXAlNlTY8A4R6bgkg550iOa9mF4mTtK66KmiHy3rlBvFMAjcZUTNtrU3bpcL1+vejZ36XBF1lP1WSfG0QLu4M9rvHflw7Pb+5eubBqTWZcbRuHfCMAE9Mr8SHvakBwh4NhWLtc0F5Tl2irwwE6x8IN+volfNeOLANx+klsuvrsOqynQsriWJ6i7aSMlAl8SkWaS9do3kbmi6DBU8hMzpRAiTQ15CE+HWv4hYqnftylFTOrBomh9xRBLAx0lMhNUDUHktKfYpUVSxfFkagBlYE4Z7JicXEzPEtZWtrLbbetTJdI92HsL40jaOup2ZfYiAm5cQcogZCDWrah7rQgwuC1m9umHwDIR4ymSrJYCg3q/CixzAhBb2U3KRMm3DlV/coD17i2nQwbccxqk/pb6UDQdJlLIWOoMp56Jue74Tvu5g8O0Krw88duY0ldT6QxLE09HMBHF3Z10+yXJZrgfHLbgpk4U/qRuhpo4vSe33kjqZSy6m31cz351csXb968+eVf/OovfvOrv/zNX969fvNKjvjyxeODU6XPn3suTM1yQngSG2VoUD18aVTeE9JUx1GzrAMjrrBBz3G2mAwiXUheIFWvj/OgCPNVnqQ2qajcIyr8jvT6D4745J1lwR5kjuVibhkPrHkEOte3pTctmPlRchbZ08glTpSlrZN8j36H+eFB3CsZUMG/It7A02vGlVrN3zhPFDYmZX/yMLZ1tuVyrl/C9EiDm1evrZZ9eHyf97pQ9ebm/t071xFaFLe+hya2+iZ8T8whxrAmWTklUbsLR6Ka9fai9bmyweoeNDpa6QabjqDytLkT0TogWYbKgZwRPityVocceu6iD9m2lWAhvjwz+wyAJxHAj9fcPzDA/YPfG9yFEUR1wsg5UGlzt+vEhlDg1hOJ6639K6hwAypDILQxlwMUFmYknEwyVjQ79PUQm866zmPmpDvKyBsfHXHkvLI+Sm/YRrjz+3hkgBjZSPuSK07KbeLCbXAqP2R1tbXcZs5UUDPsc041mjZgOnREI4H1RHPdfDYakawk0saKj8KRj/YVaiIZ1WG9k2j85vJjvBGOROZEyBjmle05qDQmNFw06KA1ojThXEpT+kJXp5ElxiJAQhY2kxMpR7wOeGlWGMz/Nwo5gvOykyv91weBRbyUDLvcR3vUC0ARMCam7XBNVuQLEbyMxCqhEQiRUxQwwVNznCNKtWXqFa80GlXa0S0XjsborW+bOV2DneRfoE2z1Bm/pqW4ZUClta8qoyBVv1Fvs+yuyL16eFF5EsZ8DX30Cjwidv2y7pqgaTtfshJUQSr6wsEw3HGXrQqrWmckJnV7tqPnY//2V6S0uUQFcTPQxWqJk3AbM3lBXRNJ94KlvV5HjHorZ/KA0hTJaoMBbdsTYzujstqs1F5WC48JVNnM135C9T484zoXTUVdkrbhnwxzSu3qdWm1MxSNfrGnCFLgq2WOxAdcnc4TewKZsW4OyrNjFJpk0vCi4zRPtjYu47rtYXCBwd4sUq8vr6GaZtrwqSNzHMaGC2wjho24gZFrpH5RWzUO4VbpLJDzqeOpoXRk6JvdSgzCAVz5ImqQCnsvJPdq6MyoPquI9aWVbkHnRfFW+PxdvDuRolCT2UI8CocEO2JEZyLtiwN1Qte2oTuOhTANprYe9cO4+G+xQ8NhHfiWezrfUt+Ml0oXQetbexxROA0Kc7Z5PuK7IMykSn3XQq+ok8hf+JqIxY7wmUGy/pyTY3TIMg+irxaknwaO6JNZlC7mBe5xiXMiVeZar2K1pU1z25yHaktqrGO1AEDUzEjkgMIZlHHqMusdZYF8hGUhl1/g0ExbKcOBab0BxyGRSbkzTTo13ZzUdV893G8nqRBbBLdEedOFVtgs+pPlgocoCZCTmmExXyMg+OrIypHgisUoDYXcWdblm/bFTNBUIkMVux1ayRfylkr6zztNiJogxZRUYP5smvoljC4hD6fhyRqld8zdhKKwCEa7nayT+z2hpdpakFwvPd1+/KFr7h7dqet2jZ3D3pKhfEozOHCIJ/ep+CqxLF3ozDSIm8w2i727v//xp/dSP4uIloxe3b16/vwVZQiZq0guHa4wdGKnEFEVS0U3ODTJFuLD1n5tSdEHnxlunjMXClmXadE0n2WUYGqiYzKq1CtTGfRhroUrCHGRm2XdpKYlQOMUQx2dIfrw6erO5aeFMfUdVTkFvCVSZguCJQC8h7nv379XInfKX5zep0UdicVQZJTJwdxPGjdF60zEPodVIQa2GrEyj82DEejhMnLT9/fvZ75uspZK6oGE9cZdT0Vseaql9NbI5zJdJIpZlp8/UJoD9gN7T1GzasjgW0f0VKDigmB9EkRfk1j78J7kzAEN8nuzL3j9hqEh1ZFtR03Xt9aIW7376OetbyRot3d3nAaiulAfI/qnEqHSy0fgpERAgfUM1KncSCwwUL/aambxLnhTuEjTMJlUOEB2zpsF+dP8eJ5urwE8F4rlQiVM0T7dgR25OWnpRayylK+21EQ+T8kSuUQmiYKtNTSvcaATHgvOSChpqPWqVxpc1FjQWfdGNSCnnXYEnWwY7XyXfknRgXWxZJe8pEB9w7CRO0QdTjkqdSlpXjjp6lfdOCNT2KGiO+G4VhSy6xckUEtebWUgO+hHVzOCwSDkWFqLkDaOtAiK9MyaW5sXhIu9tTci26lfI4P6OCVUQCIlYQRn1CqNcAa26fug2chthCbicPKZwgmoeybQbz3sN2ozmtaRQiumkVVXd936SOA+s0MNo11vhgvv+h8GUzfhxjGcs5h2k1hX3yXfZbEU6mBn/MTrGFBbl/oa13XpaCI5bSmv1UrjuOZK1Y891ppUuv9DL/xsGR42lMd+niG0jgaNmDpt0GSTA0RiVxjYmVCn9E3JCVW1V2BqsZ0UWKPEt4F6VI7wXCYRlPvs64DrO/lqd4mXcUpH1L60X7fTcn1VgbNXOWGR8UQHGzomP7fqQHKxI4n56+ajND+KjNCR7iJR4E2To0duenGDA9kELfyEk89A/0KFxkXJCvojROJiGwYjdLrpuxZYrsnR/EBZ2ek3KQIOKCGTB6iaNAwyBapNih06+RqNQU3axkdaFDPIkVin3mcABUnUq0HVYG+rbjWNE4q94t7HXBF1vRJRxGi+sdzAWvCvaYO3tTIsvUIALY7leKdrvzqoxWfDb9JMJRY8jKmnl0/Usctf14C8HXmvqh/AVf5UWEu7+i7nyLFQktM0NumS0K13kIFsfKUtevAYM2s6GGTiDRbaVREFQd/ccwJEUaBdSRLEDHHvGs2J0UR7xxyKNgFiDwA3bwbFuOsYU2OMrNmuhQn8uPlADA9eLknSvijSgTWme+3xH8caDGkDyMmj8S7bCpwjPPt2z49s1xcCy55MYn13dT9vKUvz+9fXrpODiZPZSuNlbgAaheHZhZ4l08U/vWwBythiwCAxsnZTeI5zbJO0DmvQ0jxudGg1Mc+qyL4pPLWBUCoIqWarhdDmLbmUtO/+/n69/YSbub6E0gNcesifVE7W6Ffs0IqDucnqWZ2CoVka7xBCV12Mbtxw3bTz9u39H//4Z6eb37z+6qZL3Pz0jtXJD57f+OL5K1fw6e66lI5uchirRBbLyKkvkhh6qVsIwrU0KkbcPB0aMbXRfGl1VuY5ZTEVcP2d/9o1sGI499VioygnnDsVrijri75Q41roW7u+uWnxjHqCFRPgwyhYZU/G472fnV9+UJs8czxiNNQXAolnl3ALEl2ZYTcbch/HdHubPa1pIrsA0R3ujQ6trNm6ZKotlVfXcq+Hx+vb6/MTiFkL4i1+dEROPt2fP7uGF1sa12ROtfxl7ODblRAeOdC9W9o619P9hMYNHyRupw2taAZIR/RW7MAR1F1GOVJrtbFTmEevBr6lp+z3ySqiW/SvbjmXx/AzZBcpHl0bZnmhbIP78zhKV4d64FRrICfWDFlaEE4A34yoV0BmlZyv0Yx8S939KLOnIXozhxdQbvOJ6PUf4UgV8ZvfG/gVREj0yE1VdjpH88O9vlUniY/w8Krv8TjVW/ZIkEO7Zv3VHhktEzH+yU/SpOZYGyW2gNOhtvrJl+ad5hAxmrzDY9kJaBP44KNXPexFMz1WE2IBqlgZ86YO73LrHtlStbZt1KtBpF1OaLeJF+YI9R8CvKJ/PTJPf6d3+ttKgA3ss88cDUVaxzFHw4bf2XfC0PUahTtNI5+MEVmBj4l9kTpGY6g8NdbHZjaY2Oox1poKo1YMJ2oITLIpqmoxrbNPtTudazRVEnOFhNnJhLSbxSOVvpMjenraOSQM+IlCmOMKPeZm4cFH8p5e5CtAEZFqHennQ7a8RJu87xAV2ZMjUgk2HliFcxwT0U4zge/TyTZBuW9ZWHU1EYMO85yld80jw4xDTq2qU0oggFG2o+uP5+raGO2FrzpNfPa+4GAzCkt9E39kddBvAKXmRQENlS7lQCdFv7wSple6rThI8pXzWcgTb2olzrurkGNe90yyLDSUOk6fph0ZRauOI3kBvhCx/fEQ6jveQZBshpOXBrwhYfubmHXVpK9Fo4CMSIjmYgFcZSOOahN39WmvwZAhhuzydPVV7z7r6dtQRxwpeHwROoVqhie5fNciERKlOG9nI3JF9odagod/zStCHgR2sVCadPkhmaOsQKs4jlfae3XAoup01ZcFwCNAoOQIstYcI5oHdl1wKiFrnaNJoEZRil678/Kc0Z7GRGjIJXEsiyH0j6dP8ppX2giwRoPbRnvAhyiqslZFyP7HFp36TPSoFlCKKa2E9aJIqpTsyXgSzUQqzKLcospy01bLeoSDqbtHkFBY04AwcogCwJiIUmGLgrqWfzq3mGskP3nIUCuL2jsrcpmhOQbX0g3mgropzexRgz3ym0D4kCt2QQLgLFYZg0Xcjr40byr4LO14UQrlzzz28NhiTg+hdLLaTQeuMZMFXPXTHuWjh4jp1c2f+Fj/aw0yRl0PSHhEljElYzIQVOkmoVzbr5xRM2UlDK0U5kNNS/a7xWHragSNDN0kpfIMWY159sOHB3ehdE2g2fbzp4eH952zszo4+8gRWwXYmWcuQ5wUQrZkV/qVQefji5mNUnvIPpPQyEO6RBFli5Tyti5R9hjt6yc/tVFcMpdB2AWuVzIbLMq7tiSDCUJg1QZP6klLYgkJTeYbffLXVsUyLcAHlx0mQZzH53i14RXl/rufRiUfLREEn7WWiHb+dKfP2C2u+QBP2JNT8qUcnEiyW5CiSAZjB8zv3r6VREv2Yt+vQDeIcgKydLRm5fSu7VZ7OVHJ4JXbxXLVErH2tc9Rsym/v8rlrwsWH1nnpUssWEuVxMTP6z18uke3jNV9Jw6MwoieBgeSHNvTqdy9RbSS3fV6sR/l8yMx3UQvoctbKXbrQtFO9tAIhakTsaD1kVTGC2AbNiife5LRsNcdYDOCxgSvfXctv3amFzYfP4Hg05baXRlM8T6On9IBWdHjHhjKOs7Jc+e9GCvjUfydZt7DJMma4gKpizI7yCk9/OTwo8Swix14bUcxvkHl8MTdeIiZdUQu/SBbKmMAJEykEQ2GrKRpR9Tt9JlxLzOKgKJt+UYerjJXosh5VXBpXki8lEZCdNE20qlO2szqEKxiC3sNmjYLHJm8sCGMHKlKuAhk31WguSLhm98zL6zVxsF46ACAd5+ZSB1yagKwF9KNiI41GbJFWNLUkw4CtagyL1jRAqYa1Kdl3VHB0u5G90gryAs1anIcn2QaU37exQlNyrwFGcy4vvvCFqcafAfCrK1vIEff1nnZqlPKNSulcZvaKQr25O1rpXrNSU7fNTh065JIwxUWRcsLowAX8gN+JfrC7whRj+FHL/Fi9oi/Yk4nvNQuhzFJOXfWbEqlI+9EOsqFhppgwwnugaJIc/3wmzDg1kc5qsM8m8y7xo58tVVWSocX0XwvFIZcNKdk4ExXhCMZhAmTfjZZfV6Z3SuPHJZrWTLypbXmZNYoqBJxntiw3ij44tntf/FEZYN/XQfDQD0UQR+YaKUGH8Qqa4GgTX3G2rb3QYpS8O3qWc9JcY7CpkPy1o28TAh10u3YymeZeMyUIRyNmlrLTtFM71tJH2UVaabRly4AnJESaMkahMnslY7DFHbnYC2ejbK1wyI/mG5ZiRxGWGNS0IlxYzFBVnOOOkMgOHxRt672zyuhuBBKF93yvVnu1BvBOJOxHvgG9F5HNY3xT/AvkQ2HmuRKEyN1Bpz4JvTftuqSLGGS8k54SQq7jgn9o3uWogyd0TG/9T3d495Lg6ZBkpsRXGlWolounmmVJ6yW5E7yznm9cGqvHgndPXWJbbawcudIPvUJTTuyF9hnt4JaN0fbg30qy1EKG/7Q7SZWSuhE5rGdP+KdOTRKEiqTkSRBGsLHY7OE0dTvr+C9cNrgcXCSRgAx1P0472hc6DeSEy8dy2lcNBbpo9GmWAD6YV+SuvBrRuaxzs15pIvHQFK22ZidYk3fjnUoHrA8li5yiE+P9+975p1USaLm8XWf3Z16bYr3UzNug+1woHvjiAeKFtI69KbIfLFA0+Vc3XI0iJappvQS2XgeUFqBFcv6XxrJcKZPQknOAKURY2riZ3WpR1srZKpOstFpZeB8+HjvbgNNmnsljSbcsjuYgoWhtUn5bFWKOrfK0xjyBuQSYvVFoXNIIc+5kQUH0o3Typ/Qc9oWJjD24HDuQABLWub0D88e/LqvWyMlGuzlkjsjzDjFzjmdZqbNLEzDWiUBo1I0bzk1x+ZPPqBFQPKB1wbXmkvzWh5B4Jd+0yUgtdpgoTNMdOxmEQch/KWo3mncBr5fIOiSUIbMxK25Xd+9f/82WTQWxHjM4wPhti5P0UaIdyL0WywtvxXiyk57dCUqrRPna0aiddndqp7gObLO6uSFJO+wL7hZ081ML7iE6xUcYjTzAyb35q5YGHila/qWBEjKG8sGUqvTIbCLHIc4zN2p0vM1IZYqTgxfWfprCPU7GTApI4Qw+3Bw9xbKsbpVewuG1wjijV0DpF529nadIXYCfEuwZmWHGp+sRn646eAIoOCiyJbEDIqO054EVkAVA5J84+qAyi79KczmRSeGC0C9NKvTynNvWubRDsNy06HFYyWJBoDrmPREZaOmDAYGQax71Gib7LjUKgfSdC36nnOrZNccakcZPM5gGcFRSEwOla1GoFiUpumxURmnDItIZTYMMZtD/CiSQAXIAECkVzkWmqk/0W0xaBcCdYiikbYNc3TqcuYlDuQ1Ih10Gamx0UUuVrdk1GZq+vALefyio1BF6K7KiGbZpAjyiXMsM/Xmo7EoaJMRfw0nUEomufC/49iEQRhWauKcKggDoYkuCol6Oi3y1gy17JJvn+5QKcRr5y/6+XXmjqCmYdqGvcLtBI9hrpNEQlEbI5dvnxYdc08hgIR6pp308VDBS1BOJeyrT6Qj/CEsToAnPpp/SXUx0UYJRQ3VqTn3G+kJVy/tj/D13xaaBbHgSXLigCdl84mE3kqGKtY5qygl0LyoZHwcOSXgm8uTqL8QA1OHPRMx5FKJ3+V74FrP2NW8NwYHZH1GGH5R2l4wtjEzt9nr7K2whqdlYcarKLgm7URe80bRRTNVgVXDqsBLOifxoXC1J39y7tgXN/u2l0sc/VIjbxrIRwpGS9W1OXRPpaK6j0vAt+/j8tluO80FivdR22QzyjEgz1qnm/fFxqFvyExnxUdUuhRu8slonc2YtVZRaBk1RANkQoykXgl4ijYeYjRdmq3zCZ21x1xpFYgLKKLteinOpo3JZbs8QXfclHvVPjd+8fKb737lEXsdoEY+il6mKJElmQiJ3ZzK6oR4oGd+HgDsY1m3cTLmLajoPaXWzEcUAdjMVBU6DYe59PpzR7EPIQ15ZnGp9DSaGg3a7FtOYyY6stkN3UwYMrsrRaohHSGaiWmLIP1q1lAvIAZF+YlnqkEntUt3C4XhEatp2ileI6LsQhspXIm4LE5hmmzA95t74VLaWDcyISkV9JlUVprYR4AxlEDh4KaX4s2v9dMoX+rCvtpsRYUMx5ewGbx9m+5dzechba+EbZsal3LdyEiKcIMAc0mRBQMnIaVDnia4DLgsN2FIWFof8jh8YmjlsSiF2XAhhgUU2aens1jt6xK9EozuriU2fnKOps0uyItMzwVpgi0LdNMDi5PtY2cGLcOAS3sLUWZc296kQMOizayfQYPA6k/LQFmdI5VFmXh2r4az04a1DENG9ebNV999842H3YTz4PHl4SwWfRxcOKP6EuHudSr34C3N7x8/W95yQFZa3LJEFiK0V060iQdiFXPFBjRxCj59EHeZVayQuwSlsgcFFHRauyYmTb48cg1qDiiNbuKF74bEy5sPHu4T4O0CH5D5kqJ+RC7+9/c94sUFiLpZjitTzjPBMZwtBJ6wGA3+2JnkyYT9B1dyPX9515BpOScFIG3Otk0eHaW4FZpygZ8ratN5Ozkns1riHVxxk741ZshHHMbZfSpz6PyHtB3K7ZnsQ4rwXXjoJRMnVfk3YzVAuJ3elkhRa7RIk6unFbW6sarsPb7+FTUAOkQy0CoErlFcfnrrKgF7LhV49KvvrNYfCtJHFtTq+b2Hr0MdD2ZJtSJgVkbL4MVew5C01UBFP6nCM1K6lDsjXS7oM1fNdhsRjOKecO29kgv9aOcfBnOiIqw+Dm3nVQnRR5VY4ajJrK8QU7JmRi/Nqsx1opMwuZZCNJXqaqzS0q6COCmdcOnQ2lPHzeUvZzSOQfiPaeTIBqjodFTW9W9Rmad3YUkR74i78ZBAUBlUxjE31TjpohIqSVCXvRf/arD1iSaG9E01KmjGlPYKeMrOXICzPYTIFv3WdIy8GBG5AGCzl76ks5GaEUyl4ZU8XqoUkizTJ1D5d/zCNCVOzxyqsKul2q6mdORG0KSMAEY2++81BUGO4sUkyR6zBKaVGBHX8UjZ8VOXZNX0oTUo6qAW0RpjGTQJRtGa2W/xvHFFOM0aBpNsPjtpCDcnMLHQ4rwTLpIZskZ5THlJUHSSaL51XJxytc0faNkFLgFQr6bTgZIcTJXl4I2OFrbTB6KO/SZuDBVWlBKM6R/KypZLqERGmwPVJLN58Rf8KGbM1jcyqM3Iw6/dtFRZHUQ2bi4cZ97GSLAmFDkjR9DM6s1mzxye6CqeiICqiaZ807VmFgxG1JfGBpL38sWZaOz3AdiLPVMNorilc5WN9HwiPqc8mdRUpeSYKWETJIe8gGOnAj1PXTs2M8v+RpCwF2oY65jrRglMZwRsZM00eUFak3WkIqe7iL90jUgpoclIZJXEzeZ1tGmy6msCKyRJgNno0/fk7MOoq8aWjvVhFhvizG9/+9eWBC4nIrcAFQBjoAF0nfNJeMTEeD3LAo29jGxDg+yRkGmhmlWCt2WhZs1GQVBrrN3W/yQ6QdFMkoQd+pwh5VtmcHskNDEmIGloZbVtGheI6gmQnNff/Lz9kOKW3ZFdAHXyGLDpuuQgG9G4uJHMReG5rZtOaGWRpgxSN8KXoeKALc/bPBHOEdBtDxAztDITLUygpZqhow9YLOEYc9s2A3k27O1NQkyVPKAnv/SAYlLx8ObbhkjvCHhT2NKUPGFnLV3Q9+Bug2fP/AQHvTwcUP7leguNmIWMwoGnURN/c/c5DECDIeB3nC+YdMa9YVC+GDzsShgaSkIbQZ89HbqfqNUQpC7Qynia7OHGB7tM3gr+Zu7k9NTz7kExlSyLwseq2J4ZGO69MNvw1LNpxZ9yjpLk0zbFl04wnbtd/ICwqqvb2zdgz/JQAAAgAElEQVRfvfnlL7/7+quv7izc3d526jwEmh/FC9FApk5uLunJI0DwY8c3fr+BBeRzjZANyxJYaY2Ia4k1xUyZxdcOcOxb5GNhHmaySR1k2RV8bASK7HZ8leu8fHZ7YwUxCw3FlNXFK3KugfFk7/yN+4XHtYV5a2xlxx7n5GXV07FPfCxZMRDcIM/ZFtbDWmXUNMnpkyJWXfXruxGGDvFajOyJM51G5O5qNe25D2TstphPndQ3t3FniTItunSyIyK4ncwIaDs26QgnX5H6d9ktWzWEjQMqYJbDQFoLtAsb/LYn3jggIXOG3M3duBIv+l0S2SrFSQezcRGcZP4727yKNCqQDPkyvoSImuoDeM87/dzvSzoV7nR+NmJ5HXqw/rN7/xti6M0GDMh2k7kmLFAiHlx95AjVFkbCdxFKiWOaDmS6B7/V8jLUOTyz9DObKWc8D9Uxmg0y/zCr0maGTQoSZDJlxWt1sVz5qiOmW33LftYndeo/b4F0BBfRGjWRyIvOgDlhDG665weXE9slk3H1iuYIngxj+osnJ5rHXaWoLaMI9T1/gDBFwLgU/RQ3TxljY2pME4y8xY2BhlvNPQknx8rhWRnJbEwLvWRTrU6QNrG8lgciWmynT4TStwuKCqhfsCDbGYZzgHkz2gkTYtoVxbSOf14SpXiW4SjJayZbbH9O6JJ+Xetu+5hpW9seZLXQ/4iHdEbwlQLrFvsCQl8KVC4TS5hEuHhCAiVDXXg7LalTPNUMxQZuypColXbECnmka7xtpsmQSXZkmltMgmQL3TCOX9a3n3y9kZqwmrXWXrU2G2PGa027R7qrOl1EXWXpAi5in5JpFM6BT8ZZDFkSJm6yNV6J6V8hCoMLi9j0n0j6DZjJU9cZC15MI96MVTpPWNWIJObYjltWS7YIJFWXXl20XKnKw1edDZR8ZIjTByHhp3J65jD13XsGcD25wa09q+iaenOG2SHxJ1nfsU6EIw3i1fpQkSqlKmIcfdDS28yxDnZtbTtSmhNQjm57LwW9Dr+BMGZTNz3yXI1ZJBM0OvP1rIDLGZIjgDEJMBo/bROLOtlnjdtVO6EPw/FQl166VRP42PhMh15HicHQ/Aq9Fa6TuenqKz/C/Ou/OiOjrigdMHBt8avcDbnkj0WjoGPX8qjgmAuZQuKeT6TkAEgkuqYTy5gP1r0GRFPFdydvxOtUWuYnXRPf/JHWvuR43K2W6FCr0IM9PVJiH42DBuNhZ8c56usen9FiW+WTum+6z0mQTmC2Lrx57xhKaXrjStZuOJV0FH+TH3ELVT2ng8e3htaZsvIGJB1xHaWTXVpwhvmiSgGKVbmvf0topmoi0X+Rq9zZPIQjFVs8GnKJuw0tJ6Xp9uH5u7dFbR3lGj0A2YHoy9tX7uo19Zc7Fx+wcPqXtMLv8gxyNpFDrSu+9wy5wHSLyyMFEduyoIjWZguFLQrGR9bilhS08HIOlMAhOdhNnvqm48tn1guPb7Al2MqwP0iXGxoTtk+mp6P25ZBdZIedJ/kVNzKuc5pOVl7vrvCuyUOi5Zy711+9+fqbX35n9fDrr1999fr1V7e3d8hSVLJawpox+YZfqIMXl84K106QjidTgzFbfr6hFJ0DpCMZWpQf7hIVYeXKClLzX8A+c5hgMzGLjXmxwBI2MjmYFiMzJV2OQzJxsBEmmzsny20WFoYmEdCnaT9aTNqm0o0MMO5iSZYC4Pt37/LDk2zx2fzguHXO3voAURQDmsNuPa+pJUpoApGFXWuQUVI6NbI4OVmMKrrnriVufqRwrtf9rdIkorvV2rWb7J57FJObsxoojjTUxmJXnmgs3YXP1P+wxc2k4talj9rNaR3sdAa8AZQijbv0ZnBOwXTZz8+9KMMCx3kmF+hPN4cwpcuBfGPJsstaxWADhB+6lNIvGUo+P7/44b2LG3h49w2dcYQOVr2DuG0Nsj8PaGwDL6+vKL4NVx3LjRqRDShHRdatHXdthFpJlXOzOEhZoVWaBjr5s+YRP05q5miL51UmQEFv4oydfa/Y5T3Nb9WtIcc6m3EJi4RLUJ9tn65na2tvjZkmk9FI3xRhg8M58Up0zuTiIMlG5s9twmXOkJlR5hckUh6pdsjS3hFAdPWnomrlE8mCblQcRnEnvPIeRk7S7l/iKzgwdyrRJtbROzQjk1a8FgKuIDDIHKusKLGnzGmiczQQSGyvi4LTI3I2oqY3nx+vJpay2MSLScCSMNX4AC6jfwyDmQIdTs42HKaWj8ggHnNfxVRDf71tFfRw7+C0JrNxPbRxfimKR+8pHxgkV9SX5s25o2uRI5XqmajwnBeUJuYNBupRCwg4ddSFQ+RwMIRspFc0A3gvXhExk9eZvpoSDDk9kV9wd1wuBLhepeNF3XExIiMZ+Mcl7ETXHniaTALt8lKmmZ1k950ECPm/7MdL8dRemz4O/X2ty8xwaATiGjPgheC6EYFsgTVqo6gioDAmoeGX68h6+QcJOmGPQ8REhgnV9d79Cmj9PKChvAPNDnh3rBS11NaI0D+LnCraqwJMxYmcaAcGzrCOk2j+U+veYzMBK+FtSZukCVW5nmPXdqKW+7ADKWkw0eu25PvIoGG1EZmo7DtP3n7WOqKALqUzgg6wYNTFAHKkQYJ44Z8j2Jk8RTVOVeBez2F9dKhfr8wvxo1NDD7/7p/+i65p6yo/l7Uh2Knc4kfBYaaH8LCPS6gWH1hpAY9spkcmSAIzXyOT2291Aq/BorecRQN9qYKqVMGZnBoHV6eUHecMVZNTGUYCriAMQzvXCYrOZwd+pUdtJKhsvoOrhRWTriWBevQTuix79fDuveSnZUU3YSy0RX2Th0GZg2WqdKxwoFOhxGt38mrR+kszmHYuJbS6eVqVJ5EkcVix/MMU7oP98981o0omxIMAHoeHAWiturn2n3glXogY70n7zGVekSvQ4l6ks21BzqPiljl9eHDp14N7eVtAur9/R7+tJHUSkAbN6y3+kL4AoiNjOPFrVC3vyQIEO3lqlJdp7f6PHj3TeWbVoGQddgFjO3XWfYbLBeizxGCXuos0DZ5sZS002zeY8p/MNgd1RaCBPcj54/MPpWpbRpbLtBAFdf+OG28+frzvvLazp6+++e4Xv/jmm2++/frbr1+/dooZ7YS3FNf6qx49sW+pbSky8E3yFmXJxk/ctAO6bhzJUorChDw+lUuq1o5wWY0rNB1uiaqZh89nSkmcRCrEeHqrqmVr0h8f/LZMnXbAyVf5987L04QrUOvm9pXbQBBtacrFpqGyhc1GVefBGb30UfbqVhJVoywzssHkGpMnx+68MCdtbdgpXUZo+HUgpQFKH+RbAe5iXtdrsviHJ8cOiOQVSBmdkp1uPbau69dQ7GZLAtNIYm6pvgXvRiGUiiqNMezLrFIcRwiaZ5ACOCPxPK0JmB8Q1VFUAc+r8VH5ZLOfZ5RSogoXUiuoWyhtfdrynbXxd+/fWqymzJN1VY/v7pZr96x/4+AU/5JOOWVid0bl6dPLHxwr5c25eeZsdBUhscnGSuaEfD7TByYo8xGwB65WyZoraM2GDALJPH2XIjLlKReKmoLCkdsX72zrjLcSoHivSpkeca/h8bQLkxU3KgKnfhj715Kc7NrWCQ80SB7k++xdUM0yW2lDL9Y1ToYI+o5SssT5VCNXfR6dRGpgjlc6kW6E150TpPh08Rl+G+yGu21B/aTf6FGbgdUTN34+I+s3Tzwup0SD97NzMuGsMgc8ymCZQ2DkswMWcqExY40UhY4KTdf+ihMGpdIOrQtppOo75sfSamI0GENBw5CYOSkYlYATRUq/7Dl8skxRq/K9oXB8V139wgTMgVP3sOPCKeKPBfDyXUyGRVgeGvlVbYoVkdU6/Wt6xOsbXcWoZubot67gKwhiosbuSFauqcHcCOzdUVVfejOi6kj3MQ5nP0oOypcuzARNWx2P+Tj081l3oUE2o7jUN/yPEp3FOAAc8cZqmupyprx5IfwriFL2TBbEi3zWa6dbABwFCRfoYdRAT/3BbGNID2ubtRhq0yfNw6LO03OlBcC6n+YdHGVAwk+aBGGc4YhSO73yvFHvOFYQEwTEjWgX6PN0Ijb4ZtXYKtCNLVNlUk0WBbrkNTXJAgm5VydL6qTeq46E6bP2faHnC5cQ8Bez2GSCRcbEym+NCdV6odBM1deIrLkC0tvXROekzqcySh4SEkGRoBFYnxieDklX+8vIgcaoJGSu1lcD63iA6ebCVx36LU7B5Pb1m9/+1e8+9zutqQHbAnGBo3iWF+SBDQHC+fDqK06HrVIR1fTZItnxyKK5SfSCTUplisYqXLvsJ17Fn9ZDLDoN05wuGxkRnnWxuDOJ46NMWoBGyhoss4HGqWvOWzCEUbgsNqHezuQ1oGuuc4XZ2kxl1ukc7kE1qkEjgs25Ckk8iRllBODv4mvkbI7iNP+4RTD9ToqiIq9MbepkE6CHcC57NKt/KJ5sbKxBKuD0wxjSBEBb5bGE4io3gReFXB4mcH3+2Ty6WdHFatdPD+/7Sd2O8cJccp9w2uct6SfEA7yVM3nAE0fOmhKCXlLA5j93iToeYGHpwc6iMok0aFlOJg9YUIYV/IvYGT2LEQsYtjHoiEWRhGhrbxwxYHG3PNDZ1JapXIknxulkn8331Z05oJnYDCqOSHlu/D8+vkfXFbG/+rW/X0gMrR+64rBYvzRQqMd99syc9DUzWfXMMjlviVdCa1GOqLCsjkvBJAFE8z3VJWPKobcgl9dxjEK/cRGMFNW27WcvujRzL+B0u3gGLz/m8xbvWIiOmd8NH5YSCudddbdMXeUsImOVTF61Wmy1StZO1Ez/iVnfKyGL/gRnU+XNClijZS3QR/zQ2Voic/RyCaKJmSxuZ5a3ecp059lfvrx1iCSuH9/O4UzdzoTsiSejDKv9bIkBC6KyBivtRZsCFfUzVe7RKO8nIpEiXH7InbpgpEHstzZo4zn3N4BhbCXEOHU+s1DXWnGaE7KbfLMN53FM8vlRpmul8Kcfvr9/7wnZflf7+d3dnYzWZaV2P358d/Xy7Q+3P4FDB9a/vX0t17+56SmJ37//+K7jpXlgDo84y+ZXyTaz+WqlTUZYzCGMgeDoEaiX/45ovVXP2HrzKxiWr/dKf9L6VRxHma2JFnIKjpeQFs3MkOECKL7+gkoTGwnT3mkyqWzaDRvv/thbER+F9aRUmKNlmOLrmVsXNXFmd6jHKrv9rGueC4X85WdRjjNNuM1iHEhXzBpxJCvUIKPrHCsw5MeqfCVPlJqoaiE+mQ0CMIGxKuHRstx5qqJlx0hihJ4GMYwRilHWoUejcnrWshmpOmzSI9soJd+XgY2snuuctmWHFU1kn+0dBDJnwkQL6ONGq/EoYhXQVskTohfDKIVgeu5g5lITNuWmach31xCvIyTyLQ6crtBKll7ThTBbJhhZNGeKGqTTxF7LcR7Z1ryInDGiWL8JlypiYZ+Q/M+1CkjidVLGCNFE17o3sgQK/3oVNRY0rEQIi1miCNRQcbAsFGzad5U3ioSr/5Ccx4XsRa+EGvFCQpxTVFkQxbvNPNcGEvtf1xkjbVBSSxro9preZ7OGM3lU8vpLdy2Txbs+Uzht4jmCNc0DM5ytWWFsErQepcO20RbXuwETc791QbeWIrpEJfKf/E6wW/vQCBkd0u+LDHOLIGsjRfODhDnf42M/3TuGQXwjKWmTwH+aZwiHVDl4hT5xaHsbGhUXGwQJawqIhvGSdFMo/x056taw3jnywTJSDfiaeGX6IU1k/bNp6SzF8hcNtD4HxfEf3YSvLflacvkC+MmcvqiQNlqbS579zX/5L7/+6uvPH93euOUMx4IJTORNul1mjIf1pPQxmEWCFDMlBG7RxthO3fRobSfkakhGKSA+xl2vpKLzHvmGOQ4jVlDKJiEURF7lCm65QNNgIRb0qvePmu8hQcMeWFELcd1spGMN4+/V3SpxLMsxsTlV3Iy+nFUrF2mJt9046fnDQOCL0arDVuZN0T3UjWeVvjTV9V5C5o7ghnDOyEO4ZR6Jy6LJKGi7o14cP7upOcUtalr0ozWQ0hHHF8+d1ZJHMKSp6P7h6aabAnnLcyfZNCESQfWIvU8zpAWOB/ljwnECE+qcwIdXRHd0lGENgJ0a3v0irREyQosjmavrI4dgX50DTYYIQN3le3BqTTKDxjvZum/VEZgn2qBhij4rlOrnhbzB0Cy/jRTZSgzFXt2bDkcZXzIFcsfc9gqpMhnrV3scnnOXhTQeYRXz9Zvvfv2b3/7il999++03b+5upQcSBekXlTMpf/efG1Koaz3jw5bWZvMukWOJeWOt/9wsOUnHfi48eOoRz+7SKWt0w6BLA4lq/cMFZ13YzBsLp6CxledGPVV90sZNF57OaCGqNp1rwxjx3FXiTTCJ2u2thEz71i/xmUgQLK7IspzJfHzwyGltPF78/u17RHhaOPUu7GDGpYFE0IRn2k6UtBK8qMvZjDMP3LlpoD2z5Gx9cQsTgoNg+KE7mUz5XBndRvIeAcA8UiC10BvZHjtI9sFpQFisOXDCrV45PBfolcNORkqYR3vsdgEQnW5QSzGbNRMYRQ8yQ6xDpRYBr1/cwU6Ze9zLij89e//hJxgS7ta1ud0B4xe3/bpyT+EWFMqhXUXQo9YfWdcRzcPD9zd3N29effXw+flbC8x0g2qeztWylQ3B5HxSLZvlwasiVu16he6OplVyf1bsTnwhjnSZppPNvrwZ0k+v5wqMqjVPmG/QD20cvKOYG+g7L1lFe7E9ryNaokDIV3yS65BovUB53llxsbJ/EDb4mxvYI1pcVVVmd4FEItRYU2r575ghEVDy3UfSefUhZgUMmXwwVyfaScK1FmFqlM9P5guR/CUr6Zf2yZMD7IsEWndYG+8GMwM7pIm9hmFyYYx5XpBEKTWYahGovTKYSq/qJ0yheolTqGSyNDA+J2Hs4FIRjTBOgNHRuWnSbvuIImcLkXRW2iSrh1ckz0Yct32a07nuiRzMteuFZl6FTvJPokERGKmiWYX8fs3tz5L7/CJsRNeuKK4tt0KWXZIz20QRnqbbMRinNr2KCg3sRFNEqGFga/mCL+04i381wi9aBeH+Wk8rojAiBIYRFwJEhKOgCyh3AN3eVEKwqn0QMB3CcWiMu7KZ0/e4X3YPioTM4Nyi/bNHrJCrRA+bX2j3fZooUt52cmnVxDrxuKnNXGAeIj6dsRr2fGVEE6+wNLE5/DY749BR3VDtSEGt1pryfyG5AJskiF8sgD0a+GFYYktc7RuKtTt+MWWTaHrkSBGt7eU76SdHOc0aRfUwsp8Z2Dyyk0hR7ceRqD/7ECqJ5Y8F1zsasQky4tF/wgUC+loFcaaNZL7Zlq95eeavHxKQrapaUSNL1nZaHxMkDSGxblpypdHVL3/9251va3IVIcsFhaWdUFuE75xaIcNc2OpNpxKQsgxhP/8jxlEFeinVsD/ctU/KRbTKy894e/jYMQM0HbGjzCnEpRiFwSIu1KgARn8zWIEYqS8XKFbbK14AtKvLutYqEEXCkpPMjVXghLWr+D3Q+AEbZudAcS+4FORqepk9DLMGM1LkMaKRo3+pYOoiA9ETEbBTSSXNSNE0H+Z5QftLMQderMqqExWU41tuEYFSiH/4ww+m3LIl1LThS8unUCAFljIpdzzgYuMoozwJM5YJBPMYZr0zK1A6H8r9lfMRWN15cPPdqxA1r0sxCyReUk06otwW5rTTjZA4zlrykpf3T4/vfnrnFtgrpyofe+Y2tyM66qWYUeoXgYm0n1krVbI2OeuYVUyw1EeYJ4O6LIgQAOlQt/Mhrh186VeZ7+/f/+53v/36mzfffPWGtH66Q2urneXc7rQOOab4rFmjvFPkkuAOFB+f7iNI4dTWqamsk63MsbPtuZOH8Vnf/NAqrKw7/+R7Gfe5hdXEojzxFlrLRb0mp+UVSQuCfvzac4UgyrucaCXKvCSgdQtG+bxlvARhlCsgWhQ7g9Jd3lsgMOjyc811cX+6QdeTQM9v88yhmZgUjRFmSDqZWxxnbHnVzNSJ3fLEm6DM9qYBebpag/XaieNnbvW9N06JUUIryr588XT/8OhXW5xvamg4ziUnAAjS4gAXc8eGy1AZMx8sTFCo4x8PnpKiuS6Qc5OfpXFUTVG1I2K6tNi8GOVOI9DtigOWf/r4nlrMvLFBCQEEke7mcdP869tX2dH6qx9r4XAOCF49f3hw8Hf76Hjk/vHF9Q0nfHr0ZE1PFL96/8AT3R5OpaIHNblh9kZYu8ZjMS7Zz+xegzPctw7UMspGd5GoCJJLtazqc6eZJVCyqEcn/h2/bUQ3r8KhYQ2PE1ejL00ao8xfqBiUSZAcDWTbvXwm02aFIllFCdsFNpwuqhXoYUAtktS0LKWDr9Y+o4IZ2Obg1JHddmhep6p75zO5v1f7bY+vT6PMLW8xosXzaw8whZ0pss964pQ87dlc+OMgBUXwzPEmzBilVlOL/4KKWog5nnaJi65JGhJcKHWSatapk5rLJBg3L0c5CRzP2q0s0WG1V/KTfeB/qVRCZyNIoy/CEQKNRJxgUHPsp0NBNBmQmfxB1X4ypfOlitQdLORDXqGm7yrFXaDAo+lJYREMjaM90eqZuGipLQBNcgyQyulSOxwCxpaOXTDhWEP7JLCJUd6TfbWIXj0KQnlGGUXfG4+Vwlsw1FL5iBPbS4zoGFtVR8L81t48tqp8iEKqz7XJTcy4oo6rwFqa2G6fRbQkmVJaTCqfuk6ZmNWzT9rXKbVmr7p90VOLqjLUCP5cR0Hbe1HadvJVcmnX5nYHUHLkAMqEluQ84/aMbb4ZFpdBFEOAajv/yyngfLC6UIx07t21QzrHIvZjPbgz2xStQ1Y7UtRLSdZC9RipTis2FR77KoFRflzVKrOjOD0FlmwfWLCukSoH0TbqkCj8a76XZNxQXTOQiokiKmuXnDKVPCKyVdadKYFt4yJUaARYfYIiEnFgSipvHjZ+5mCVZxYkRjM3JV4i+rkKP2rnjNSHp3dv37mfzwTxwSMwSKawx144bVbcMTs25VuW6JpxiJScHy/kkmrM9saQebcBbQr66CF/8+buAyEppmJN66njm7VtCXN8JAw6C5YzkNEcFHqks1260kyIrgGQcaJQLTyaFQupQwnpA+n8X/tObbqtzqVXIR9eUl5kFrw2JroAn/YxMqQKz8sjGwvINkJTJ7Di2YRgxxqHuS/AL+NcM01qL9XhlMHuZbLkULBCCiDWrm61LNfUwINlMk8znIVGz8A2NVOtB6M03PoKDekTKS4qt5hIYJeXndIgsFXAcAGa22t7VErhwcJgT2122pfbSCeWhxFKCkhOzZufy5LcA1si5cHT1m8I4GpzTxLG0B0hXbzBEFKcJ0Hys3lbfiCF89PB760BPbWMZFrIE54/N687EYiqFCwzf/h4V7ZqfY4i0q9HEBCUVxEDzfJdZ8Znebixy9317cOzn7759ptf/eZX337z1atXHrJncTcPZxcu9fHROut7Z8b9dF/PNbZOZqG0FaDL2iEr4HxG5EbB59d3dwOwNNTgxmWH2Fkz123cXDkkCh5aEHYDhx1kok2qjpx4xJIeZqAX924/jr52b0p56qcPD24izwfQjFaj57NMOX8zydxev3OjT4/1KRfZcEVAOvL0cP+Qq6RjMyGUrKZmV1FsySumLeR97jHgRjXDuYnYRXpbllPjViqXbHLHG1DxD7zBIKE1E6WnSUH62NhBkqc4Y+7OXUkqrHybKQxPryVPBpuET95Cjvx/U5Fbf65eSjNJnD+CgBxlfzzNGfAuf/dKPPp/+GSBVI5Ju2Yq85kROv3CvADHIK3hBhf2Hkq1F8d7cl/SN181iDgwrJ7c23T10XLth6frm7vnt6/BzAYe5ejnGRuzXo17ZNoLMrqfogzxc/BsNGbYQkfC51SUS1ciM0qXQwtvMmPu5JDD6+bG0CjmuTueLGmv+WGxuRYUc2Q08Zwo400Y3wBBu4JqwNWY5il1aVbsU0eSCRA+BA0Nldr3h0D/0y+j2Vnk6DQuKwsp666qKFOQTEVAbjpREFdNGnzV20sALI0WtvIPVc4576Y7S6z/CNW7x/AjH2L42RzB5sGmoZDulckT76pHkKrid3lZHmVsjFg61m3yIRJcdiLON9AvLmuT7sHDMrGKZxKHjV3pG6Zot4FGMi0bLqRgVOOGPmHqTh/NZ+nat32aZJYIxS54j1tkgYrU4DWmdUnWzJ7IHQk2LFaZGFomVnGFJJqKrBVGEzMe1r6B3Hn3tiOoNrBsNYVWtldf3H6NmkWCdELqQM7sSwRFvTsWjA9TG81Lj3QoM/QuZDUDG0J9568xL7IgQ+qt/IcTBytgYcyCUZ+RKpjYYYZtkacJ8jKckgP3/U/Ps1vbavJTX+qb8r2Q0rPTUROdGHTMge1rOmcBRbX1apPfMUo7SbbSQyudiyRevNd5E/2ppk9hsxXZep6PoG/qlAF0JJUdUkdCor1xPGc3ATcVY1EDLBMnLu3G+MJ97O33QrZGl7oVHq3Hl7wBsA5r3hZPOOqcXhl5dk+5AtCwGyUK2QmDxE//SPWBbI6bDyhoKGec9o6omDGpsnylsvWynajr5oOmaWQrHc1aq53EUdVr7WePkVYkQnz48Yfvv33zptzv08O7n/4E7aub1y9fvm7MtMjnKM9gN435PL+l9k43cbSoV2Rxby/QpCOCfHc5sslLCxjCDn9sVarnopmjjmSpOyCEKFJlLlZiYMOvy1oW/5ym9Krk6MTIVO9PcHMCNBv6b3yKefyEsg0XslQaSmvqacmNcCvTWhiYkJ+/g7s/YvszQBriG4kBM8vMQpM538kryE8A9PxNqhXCNJyPIrBrzGV10sOrOnxEZbNyFxh24rupl85mVNd43XSHZs6drzScCJXNEg3MArWFBA/nbprPpDOjtayPV/KzUmpudOsKwFYCbh8AACAASURBVBbbbjPA7Z28j7Q3UgiKdwmXnzIraVVJNAa6e/WKsuCSJ0bXTH7LXszLDo06YcHS3dPnh5fPbszyr/OqTtDfvX5l6e79Tz/R/+GlJRe5S4/ZIr17a64sMd31OJrCYQHjhUxSDmRe/fjhlRU+KNGKvX2Gc/zlAHfy1PwkeZ7/5ld/9dXrO4uH3OP9+x/ffvi4H2Xx8f79u/ff76o15wC7DUmm42q+YUuAhdusfgKsqQrBCFv0e/a8u1zefOV+6K++ckP0DX1kzxKtzrqXH8gCLKxcs0hu4SLQsskmdPGqqZ7FuF4BM1NxNaGlsay1ZnCjTXNTBbJhOVBhF5yVelCL6+rcidJlox8/yxQhnqs/3T++e/eOP2OnK7rNM+zNO/hGK6u9mTWvpKFB2ryIuXOwL26ee4ZOKxwbNdmR/mS7em7JsKv0NDwCJ4VI2UuK7KndO0w68VIU3VEWYR0rOMXa2MEmNzQ1eDEU+6BBvLRvwPBPzVvSxd+jHJ0qd5VsP0oif9OSR+5pOAGQSB58f8f9qnHAWJLx6ZkjFLfPLD2xRvz4/fs//vjjn2nr3nwPcrIajYlz0LtF21AiBzo+2PPItcHFp1I16MsLio4Ni4qSFzphqw+VWi4RdlkdgbkpWNe3g2H+xKPo4L73cqiNiBZfTOqgaHTQOzlikUXiMtrRa2dkL4R/bkGwU2FDG5A1zBKvoDP5QjWiU4aE2i2vZ3Bj+Cy4g6A1WFGEi65pSgutTUI5nl3SrVB1DlOoIWcI0EOLdKqFD29jxfLfENAEm/l7wauMBw/msujUHVkeF1BUS23dDy90JSmcbtcedijgJZjpy0s7rPLNhSSi8Qw7HasmZdOfzxTG2diKo/z/LKiMfa2qI3SU8wD0aJp2DcnoRzcUJtkoq4uyl49I9B3gWXoN8VzzPjQhFF0FxJovpfgiVrXUTt38CLspcWGAW/3VHn7JQbbNSCN9xNNp7WDdDL6nLVQWvzhOvjPmJh4+OW4NhINGT4wm6bTcPpIZKNKFE6OmjLDzIpmsuK5nuVlXwudqze8Md7SYsyVP7AdJGo96jOaFSG/rNNBSg8t7hiD7EQqLaQvIJuJcLWGn3c9k032+OYkRrnNaKV0sybLBwV92XNKxwxEkuTHwcRElMQgv5AdUfiBC5V7+wWW/q5WopTwnnDefSSeWHZN2xW1Sf+hhT21MEl+qps5/3iBgtV/QGRAxRT1BorP6GWpaMIESEhQqcxi9LwilSXpsdyK0m8Rp4isP8RW3hkqwHfkKxdqqLW+uQWSnv+/5IOZNxomDUIy0yiF/3iwTAsSR6wgRqOprY6uDjtSKeXiq+vjv/t2//qu//EsrQx/u3/Gzb3/1z29uXptIvMwXWJmiPfJXN4XX92+xNGRdTpQyT3571yTu7lHLb91oaQrye7zXN05mvbfWg4daiSjPZefbu1fXt3KOEh5CUcOvKwzyhqnbGXCBruWw4TUlNz5hZ3FsrqJTrgQgCqHfYXnxKEVtFZia+aZ2s2nuVQCCqekViP42q+Vz3Ck0WSVY5k0ZNJhGI3+LahY4J8JR5gAARTmz7qMWmqGCozObL5xp3TwC8l39HkkS5DaaqLRq2Ll1tQ3kxYFiISk2Emp5cvzpdf9JzmF2dH5Upg0JNs4hW8IVDW5eOTJ83o+OaHR1++rN1vZa4DFLl7UDWf7jDGH3aiR/KHcyVABJrtYLyUSUrXc6w9blt5+vXPUl1lhZ0ZI73LDs9Z2wYxa1TuiYN6Q2WEwBNw4RSLInSlr94y0E8CludK55Z6Bav9AR7nV2y/atqEaOV69eCWCvP3/9y1/+Eoh/+MPvv//Tn0oH3/30459/aKaWCTqxzfE+9QPHJrAOFXi69K5H1t1SwxwPPZM8pu/vrXHKVax8wbz8D/BWWT005/Xdq1/84tvvvvv2u2+/uZM53r0OS5pLrD77WT9rfvYdavv97I/lvzw4ufOU21dyMoB8dAZXCORbKrgYDHl+j8MEYKutzp9KIguZ3JVgfH5hq9OoBo7LBTzasqvr7u+bqhuMRe+GJ8pm/Y6RcrvFDevnnMfkW74Ht3pwh37KvEkcmmwH84dH59ntNQrkUkYMIe0ula/vnLQxhkIeGjjYpoGceflLv8ZDF0SJMe8bdXOQQw0DsystSg2dn5Sf//Tu3dPDk+wdDl1R+vLq1Z1DFQ7lppMe1ImObvmiSyOatjq6W9rOC5IkQRwH+eUkkjzrpuY///FPHz/9/u7u1Vdfff3q7o5b0eX9/QM4X1zdvbq5efvjO33K9Bp2J9fYgAuc6WX20Lrxzmo+Ue58bgu/9Gz8UbhymrYI7VDMpGHHZ9m3XNHjAnqUjgpafJLWigTkC+88Ids0WkWhTXzjEW/KYJLZYqAVEAlTuBr3JPDyeREvHEizaMRmUCBFHlWwmj840iz5N26QpnbEm0kQRqb9ZgpgXNZDtMqo8QiErBgIaSwUPDlORtze3jabbrunMnNcJuj9aFm5X3pk8fyhy69TpoRxkmGxgYF1qdFay6eLCHls2WkT26qWlcY1ACZ4KrKDWiiat4iPo9pRgzvyIRfdhlUqTXcxN9c9c90Mrm+NdFDljwRthUH9x1J5r+h2HK+stpm3z1rWA4X50JFwHSZBYTJ7hHlH180h6dgIY8lUjb6dcI1yBINvXzG0F5cd1q/xpQMBTm1o7EhoHDXBpoa8zFBuWk/OzCTSF7izgjBgUJl6XT5lpabNHXGqbSE+sXnUrm/yWDKrMiM1VYMsFiFts5GSSNPgAsgBqZ041yiI0aaLfz3IXi+Kx6tqRZUckn3uPUlm+HEbRR/Jlxt8aV4kjllzUSwbbTvmyEeU109pkIV1dt9PP/E6ytRnGk2SaIqMpZJgndTGkRSqy4kyjYP2EpRsRBJOE6fpt5LDCpU8OPn7Pi7aTppGqFcgeA+BUYB8U0aHdxFMpZrVlkZNJkRHb5avCZAqu7Rj6i9AAjrXQWnDrLGHcXzHf3JUMCYX4yYKuBTFz3ZDu52IwgkXTdqqgVcNpNWHqrqj12D5x//n7//9f/y3/+TXv7Xc9+b1r65vXgdW5pdUNbnmhCU00car+Mr3nvulCinCqzdN/BYMrpsyEkCkaujcvPnwypT+eG9+ffjpT+9//KNfGBONA+TFcwtUt3evXSl1/er1To6++thPxnWBHeyW4iEULl7DUWRu2yvNhrftdGucpOvReDZIhOo0th728sXD004UdZ8DeK/lGwcAu/m6z4JN0/QJQgtb8xYH0GMv9cZm1WwYPAmhV93byBxdLygVaWo/yYGIXlyrqoNjiUvekdhpqbdI4y5ikOWQcEQhHpuVhjam2snutLeqJDXx+yZZRCw9q/HdBv4xMC3I3Ny5Afy5awZazwPtq6xu3+LitQtJSzt4rTjiMkFDb6fJ5TFPVm0IIvXk/ZMXXFcyAEsnUH/l1HXj9PmrD69+fPETZT/cP3zvFO/DvQ6SAesUnbBz04R1y9vbTnM7nX0tT4qYtcBSiRKvLZu5zaULJd37EqgA7Ko+9D1G8Ob27/7ub7//0+/f/vTT27dvJYO6+k0UMlsihdANNefvjaNygC5P5KLv3v3kfg9h8LE0At7S78WVucXtdb/aHHSfP/7w5+//+PiH//Af/l4bhXIXa4qWPT2R+/Wr1z7fvH4jrd6S7HVT+PJL9r5xAWiK5QN5W37Y+GEvo1wS5MCIfa2WqBxxJn7hKEsHrUVxQVresQtJ+VvhQ/66iD3sDG2SW9xiMtQ3HTTclo21gNelePmeyMg6/IzrbRa1+t4iPTcwLlmVXFbv+Nzn3S8M6mnR47JlPuzBN4zMHLGbYMxuRZ5iA+rsfCJX1NmI+/EgNioFb32R036yuOvB7Q9O9UrHyeFqgddQ7of4uonHFMWm8lfCcuBd8Sk97aR5WfJ5NE/XQ3EzWekicz8dKTg0BBzxfHB8+e79jz/+8PrN6+++/YWMc27pZogmxOK08aCIsCUKlkAb/zQKkY3SSGWmo5RVt7aUmB5KWjvxzQY5irPKfKOjCgDlqP4dizy+eGqpcz/Wjqofl+ukfQlurtWon3FgCPsSmfOKZ4Qb+DlI/nGpquk57BNX6w5z4wYTw6Upg2jK+EquxdapR78cohiCViqlqCvsKFS46ESEvkiUW6CA8qVnREdoxq2wqLc/VCxy50+ZL9I7G8dnrC7nFuLDAOJbnGkHDwAti0yCCEVnW5Tt/I/yGFxSRspxP9yPXj/X1tiATYX9kX4WLO7lfKSx5QYms3oOAoemFYpBZiywn91Divwqp1hdpyfwucZ4h6i9idl5PtEakqXfe4+CfkEYjZAdQPisZ/gh2swXV/XxqyqaPsZ9m1iFDbfij0YKCeI9otEk6xcOFhqaPNY9ECPWcN8cUGnzmc5JKUrmtZ0IIH+usBrtOyS0IN7SIWs1arZYYEMdc/TRmEsOywNdRtt96mSJVFxKqTbwQdS5JmLk1UlGVB1MBpeXuqGQwgqR9M4M4TXYLr0QqD7UE/TQO0RgV79ZoRZKY0nLvsIoUpDp4obRrbbNy3utNp2ye01PKx3zMctTjGvjWKeBlQNHO3TL/HiathWcnn0JmdYRzzUx9htVORq+utpeLsUUOeehjHVO2vQx+ZL8NNYa2jv4GDYXOGs13wYh+6Wmhq3tx8GI76CPV85pVVUwWFN4UhNID36V2hcCyRhdozKUj57BGQG0012FzwMxB7Oz+gqqjSphmkXCeVxmhwGamqRtPen5//X//f/c/fc337z57ub2jZgZgQyBRPaq5OjSoW3DSQNVGpm2XMQ4rqasVlNiUECD5y0IhSALWGYZ1yF4tJkzha46zwGdtH777oeHPwrNRDUBeChg56Vu777+7lff/pOSnpAoEhsgDe1hMyRCME9Kqf0ZC6a+C55pT99OoYZSpviw+dQkYTWrqyoliBuDtZR0Zae9ArxYFyZeWsLa+BJEsJTddi9F8y6/AQk9D7iZ3E7uWGnnH11Qfyb7JaO5iqzIo0EQNHXoLAQ7JdejXZyaN612R202IXLeRATLhQtcxm4zSXltk/VFb4zcpsDNkuwJmt8/vn13dfPm6zfvrl/D0wVdH56+tlTjp+rqV14vfllQfHH36jUdm8Sl4+H/unnS4ftiTqdkuaVHushKE8WBqfSm77tX2cQaz5X7R97fvL9/By5kdZA/Ockt8N8603zn0XoOHij93EPuZOjWk9CX7UGbBO4/boh1oRJnIci11TTpLRj+47//t3lIfR18vH737sPtV29gZgxL26SkbC4PRMh87sYFT0kRHiG5aCmV/ISaBMmCs7zEhA8eR9S8WXc4S3HcX9GAL0Ugzsc//P4PpF36mAGJ7ZErqLEylZ3tzFhuypDxXF390//1f+4BivlY/fMVL9S7KqYscHGZxQKFE9mntvLi0ucnaZOU1F3MZO+MrF/H4WBYGjHHw9lATi4UkBCXxWiTNbmYmXgI5i/BNz+3OGpVr9RffbeeqCzt6ScT+5EWaaXl3mKnNeBHqSUGlho4OEbO+QKMpcC9n67L0aKLvpAKgLy1W7xda9AKn5MCUnBXGXbCYU//Kfm7vpJh+6lA/hTsNz2whv7QbO1PmaEIi1iGy/NPzr8bEZYD5YvmIWO44XRtwZZD96iglw5ZHBK4nuGH77+Xy/7iF7/ihA0OOO9OEsQa+oYMAUGXGRo5XhXGXGE7wmBWwo8zU6zQ4diqzio5k8OQh376pzSRm1Xg0lYXPn70TCJDP5NGzVq4NNGyMmUKjlwUhxYV8UiYsLKZOyhPimacxMmaxlQ2XdOJWWAL8AQm4pEWIS1yrNpyLfWmMcM+bzNaY4FnMlgYbi2QcFDLpce3qaQpAqXysDLHjBx0ZArgPrn84vwExydZ49RRm5GqUfnF+Q15T9//UADUKthjr31TadGhjlQu8bYbx+L7+aAxl9Wh0TD68cnh63R6xNd1Np2FPpOkDRQOimGhmb0UBZctWBF+8tYueoEYeZ3CIGv1qjHgUr6SNdC8agCZu+Bw0V1xTBIvC9QmBe1ernC0WdiODBaxHWONsdxwXGesYptUyMRyn4fiMTanT5lTHUH/kYOdX5hke0dyxkVDIpKtA2qcUBfRFDWCTWrmDoemxooRquQUFxwIWgtdGl2SY5Nfc+iGtedakViIR7K4NO6k1np/2uk/hhSN6xQeyETNuqfgCJT8U7NvRKZlYJka7K72sLh81kTTeh14sp12BYm2hgh3KWSki60ohXkts1J+lkPUepIGKGorrqFxS3VhtL6ayLE3po4fOexzvMd1O8ccwzxhl6DbnMAYhVYSjkGDvU2VcawVuQL6i4YTc9BHd832MZGOYIcCQQ/qZEl+QTGnDf8Ra/im4LxWyfTuI23D6EilZ70b6fn/dC9VSpu9E0jb4EI9l8SjvpHGtVZRULNQNrF0qKGO52WHIwnE/+f/+X/8q3/1P/wX3/1Fx7gnYO+s2cIJMsQUm5Z1mXs8+JczXt2K3Qia19UhaG42Gl1ONOfI4rc3ZQZu33RdUTdHmmhvfIl07sn4ZOmp6366GNEgfvb+7bs//v73T59f/s4k18olMCQC1NiMFW790Slc4EfvdEllYudMaoymHkbtrr0no4bI9EWp+ChTNL3s1tpwckZP4OWFdvQIRt/zEAYSxCKdj8Yzpujo4HhsXA2Ag3cBbTR2xX0IuG+g8RgCVlTYAibF1qw9Sk1MoYrq4k2D1z0JYCTA0dGk7kVo0RBiQECtSZIYDX6B6dmdM57X186ZTlTrYVYOzfof3//0w9O7dz/+4R+Bb1lMfiY9lRDIvy0n+lUSaQqLyOro/Or16xT//PzWPL9lKpEn2J89u3vjasUSLHnATPQJBT9w8uOPPzr2tKD2/v29E75koJwEQVTSXtwyOGejT853Nx0xg9t+rz+7WM251qvXPbuEC5mGLNiouXtzyy7WoP/qd//q+z//CR3P1rYS9er1w09vvzeDv3v7k+dDPvjREcult3eSngzz3AnNzmVTpeDYaVCtetZgexITqZHpk4NJTHuWjqsMmye1KYvvKM7kVIjvsdFlcl1q5qEr1om+/9Ofgfb7P3hoX6dquItzkf/7//a/uGtaBsoajM/rJBX5YZ5QynUSF6I1LXXWw2zK0tyY4TuS7+ytRV8reZ+754bwnTGXpXk1qCQyTfVZeRqRX2p0mXLiZIlijuDCxK3IdiTRCO8oRi+SJVIOgYOdPpuokzBfQw34+CZGZkfPjyz0a1QNKd7ehJe/5Yz8DFGJvnz2fReC6rlgbCibmaSAjv8kc50G6MKRPDMBmWLqSA+aqhpGJCKGgJNhrpzQVoM0LnUyVM21Hz2mrBbL5Ex9/abfTz/9+MMPP7z66muEPQmHyOg0/FMQ0XSusMFF7xKixmpH60uvKBSk6rQvvfDuUp290tfIb+D10SEMvwi2flMFLFbWrGfVdlE4JYbxjiIb0UeQWAzrUsKUit0JzNr3t4C8cZoZwkW75E6ifRcPYEv4OlbuwFrcpWWK1aOowirWyFKdmQof07hGNciICNKgANMxYZ2TLQgo5wXn3JIq4kk3yTPy1nGJEdUWWFvD00J6VPAjT06Wy9vNOydsghf5qZynW8S0kffki10wkSC9dKJG/oTCvKFUqPRsyqLWmz+ANaTWelSDBK1BRaVgVh9CIx2gg1d5o5ScfWAcQsGmQX+1P2ZJyTEEzQZnHkCPGqR+NGa/qjem1jpOXpqR33cLm2uqZDWhaotKydcWrgmenc9/n10LH49JYR+qta8HuYr+bW4U9V0DZfR2oxpYNWx4dJhoMm2K6JTyjsEY0/wkMXJIxnHrG6fSkcgbbB3ijFlOhvALVr40GohxWgEZLjLpibOdgdlWXUjmc7TiErhfIDv0oqK8w5gyoOHCk7NDTHq3tc9Y9raTF7VdXZy0j5UXZqMZMjVqlMf/dCoRni+RZhwQiRcKXnFhyKb7DLgmAtBpMyUi1Gp8jRD6sgCWQFO0DU0oiT0ejZYIHZG+bJzWcf65hNTtVRaM/o5qFRz3TMN2vE581L6xkr4YrretOQfOtcR9a79DaGZuvSJ7jvg0mgy2Ihvl/lZmAyxqZrhsUotqe1GSF2ly2tbdvIzyw/t3rvDicj2r7BJdEuTMZIieg7aR5mviVuFwKx/4tejRHLgppsb9nC7dltbwaO58+/nB5Wmc5UXPCvEEFWconTj7cHt31YOaXTJlxnl8/doPZ/yGE0A/J16wWcQ19pw4dnqUCFtfmYEWCMibaYodTYRFQyWmQPHE/TJdcdCpk8cIgrPrrQHkLQmCg40GNuKMrmzL7UEasJrmVoxr+PWy3mCURsrEY8x2dJcHZJqgpfLCmConcXhaNzRYxyqM+MwHnVZTJJsMVRJG7QwvdASe4vUMarrliIk4c2kHsVwsCzQU1LuIvzsua//iTv7nmJKUDw/O9VoRcS2ndFUe71pR54TN6eYJQjihJmvEtRmdNRG8KtdkhDevXEforuR+RPhWKulJhF0zulXADx9te47N1e2dI1ehya/fSRgsGskXuvrw+u7l1R0WRLBS9fGDS+Koe+N8IWys9kHDql4LJM9fvH37E94t3Xz04x8v5Y4Lah5m4+mAbz99fPjTu5/oLTMp3zBdPUmtaJejlCZ1VaVfzen6SDZndAaXrLLDq9d3fMbFZQInE4bTMJd0ksdhCjsHYCbOZ0llratdiaKJ8+rlN19/K8tyX8zzB4xcekVxK9wfPL/wxAkey5PYMcu6y8Wzr50H78cAGzOyL6bHt9OmeVkj3uDKIQvcBl0uARY8iUoBrLWhBnUWyBjB4U3jl6NwwbnSwiMNa9vLPm6M7JZpLkiR5v+B//ThHvTW+4Q8KXJ+agS1TFaWIN6cF86WBQtNCWD2KmXnqkmd+3dVpXRculyG0T9CibsBW87t3qQuMWxBw2jop4CyDek3+TBcC6LWpztzj2QpGhW3SNIK4q58zOchJDFwMxQDO0FunZiXPXv2lZTUvd5cUXZh1LA4szVqSZHNhsU2MjUzrFT9qho8Daf1Cb45J3ZUKTLxsOJVqZMDFPa04RJ2nwWQnuYUDAdv6Ro3MwahZMxYwkN7wBUgln/wBwYtAM2wNap38aGIY9t+U0zo2/bd4K9RgPvUGjE1Rbkp2Y5X4F9ea6d1V4yU1opFs8laFsUGgY2SXXE4sXVHrviTGBn3vJZk6t0qZdwDxgihkeTQr2F73IL72jtY4V7KRnqAHIF1LbIhuCCcYeAZ0xWuuqCFT18aBYXGS5JLLxubigEdqUI05jYaQ16pHZ6JRzFfRdwhTAPVtamzhohFnwwZBLNcXSNGGSptr6UxOLCWsc5ntFjDGh9udVqjKMV/QyiqiZAMicaaBekppYyOibZWEaDWYVVhgjm7kYjx0pwRldZcfbodCWNsmzb+vFCZz8QNwYqMNkfijknF5vZ2bOZLKLeZrSKeGzlIiGESbmPl6GMyfgf4mX5ikIQKZVRI6MExwhjbDFNpH4lXfYJ3YLDdlOp9mtSsAba9lXEtjSssStUHzd6KE2uwrqbm+w/OTDNeZ91rU6/iPC4JwHou1UCgODIYkyxuvejaaBW7gnIcObLOBo9mjwkkb+9yROMEq5SfijVaS99JG6+JZX8ajU04XlTFjE9rWj9+MU8JTmXZRCcaJXO1WsnbrV3Wund0MsuFuYa2R2Yl85IaaCWin9aJWl4bKyRqqDpi0TIAuEdA66QgRL6YBYD1qwy9xg9fUGv3dDfJbeox51/ffvvdr4netNeBtHHVmFpAEQM9FQPbsBE35yci+RwPng2QjoxMvo/v3x45xVcTp0lddlhgcFXi9Y1J0iPs8HZVHKkJ35zgxGvidGik4auvvrUVsV5NgS4UkFCRNOejJEUSZHAoKBhNL/I6hrOZdnsLiOYTv1x8fQfNJB2kxpBmLnXRYzO5ct1CcpQnbkz4vVUq4sHEnOESnOgTL/Pk2zRkeiWpsGYa5h/WqHAxMSs84m3MZ0HLps5i2TJXdwXWBjRqefxGV6O/bLik2SRF8K74RCY80sIhFCMs2+viqU/XFva6zO7W+aHnsOXr7Kaw6xJN/8LH3TffMBwALV2BREh2X6/ZVmy572y4AfTpp59+0Oatawo/PFqlE4D4AUVY0OrRqzd30by+6bfwPjze3dxaUBKQCP37//T37oy+f/+jpSTZGwvd39+774SlyCFasQLJSUKifMK5/o+fLXE6dYumn8hjCoe9lPE6J3+lesIOH3KzArekvFlHNJQ+OsdJquCG5mfLgV2B9+7d+7Jn+XZnzk2cTgU6c+3HAyUc5iAu9EzWS1OVpaoNKf1b0KKdDShx2oh89JSTa7ezkE0x+k6q0kSm/ObVXaMrW6i0/m1t8iw6PfmdQAKxHaPLmnCvYpe9dlTW/BW13LnrOnrET2S16Wmk3dRS4Cj8kErLc4DLPZv8SmWKEy1SticMGnTLfDVuKUHmYyCgwit55tLlROwZ8jcuQVgq1GRJmJ6U2BE3Vv1pU/Tw3Y8HLogkQzQUmhxOQOtc89JzSsn+mXpIOzTYMoYlDSiX/BnvZCgkUlatb1cc3DYi/l+m/vPbkiW97zvLH1NV93Y3gIYHCNBIhEhqzQvp/387WjNLa2koghIdCFAwbe+9ZU7VKTef7y92NZhnn70zwzw+nngyIjJyw/zwp7vGIIkDiQ6qULhldJ7vtgKhZ94U+UTjhsC1AkRq8ciz9HEtJRLX1rCQ34ve45onPs25xqJ1xfGRTljUVTQvR8jTL7RJ+BwgMsbF0Bmcy0JGDiiHk3Dqlow+SGjiHs3SEFcG9BFR7+p85bPbDvAv7R+qjpPmZ/74eK2Rk0bQRkLRjRpIpeX28FNuP0QTNfOBiT2+yid+IjRALHdH1OCmVb9xU0yTV1tNNNP6SPMNjNT4zf34JG33HhWYC8vPzmiqhueE5gNmlfy7agVpzwAAIABJREFUqmNNygGejVYlmhX0M7FP3C7ZHNNP9irN+3GWmjlJDank5HriMHVdTiyhUi5hI8yQM47rnQ5xo7BmGFmBU8xPBM2QE0MlJe2jmqOkIER/PNUW0b0OPfqDBb/h5ErOChQLbucHxFS2kvW6lYtOjSgJXqpQnXn7wVjqIFQYFPAigYueoDQk/aFmKvcAlFulYvXWHdbu3DEr5b5s50nWbTPeWUTyBSy1BBU/MGRBQYSwxL7jqJK7Kj9SVrsaFztLEjWY5VZh9TupRuVWXd2jl/gN7PAkhm6BhyYtVnZEpZbSK43yaQmm0wuPyjTgRKnkUElAU2SQs7qJboXQjIxjPE6SZ41wRtKd5zxmYGBKsO7LsyIQ8sWQVpqnkVb0cwkF0ArUUZairkZ/DIc6NkA6XAAWYXDXGo8z+uqPlVqhtECoSIMj884cwwxSqCoEm8bD+M/NJ4iJt7Is05nMA2tpLLzEvkK+opGU0McIlFEoYzJciKz8GlDAyFhNIUBmrxQoqT7GGIdHA+pUrEt7/vLbGORCmkUar7m82jtoaAtiFGDMV/oqyGvUUHdGvcJNjsXwYINWMB6iTM2pmvsPdZPOLjVcc52AtMidm2hlfZ2fAAUlc3kISNlIiN4cVk1jcoiMFDu3mEQCjctW5oATvXrA1t11hy0EgFFgQRjlY8YYST11FwkCqqqBPkfjjraMQge5i4M/thOb+/VUpvNyg308RsXwfoFQyypgCjL5dEkuXzzNffqaWu5ZnhVZPCzsjTdx5ytg5+qL5we3pWKiAgmfxeJ2qwkowtAbYRTTk6piIdOaj4nx+fPnwiavtaU+CzoRhg7BsbcY68zfvzWW9MEzJM6xazjHfPJ7oB88fm5ALnGmAMOFLODdXbPVEq3Au7m59jTwwxt67ZbfQJvRwqeNsj2Va36Ya9Ku3M68f/Prn//sZ6ajESp20K2awjbgY9Ma0eTbN3cC1vdNNBt/eeiS3t+8fcMi0ZRgP2ITvfqkx1akwp4cP3/xUKxHkt+9Rbxnsr1w2fMi3TovJBIu3F3Zk8favh4vrleQS55v7+56AJagPJNhoPpjka5ndd68eoNBWhFGizoEsuAIdPh+fVXb631+YDpb5GdPn17hcWeDQwvwnoliqVSUw9fQsLhTtdpx5qkt6bAzCurpr1bUMBQzs9qwbHdYBkozOk3mPYm5t7Cej2tXvsZi/ws6rqXrwjPmbFIDKyJ0FKw3/JXtw68pH6/i9HQRLS0oUqlpi7qUKpKddjzYkTGhmU2IatXUoHIIralFk8eNaZD5N9hutrnJfnjWRkQoK8PfPKQA7ogeGyxO3m4i3My1jtZBgNknErS8urFabTA4IZac6foLn0suhMBwq0BFyI5hd4/opuk9+u3hU996FRT67x7D7cFnI8qbKEva1SFo4FMBMi+Nrjbi3H+3jJl2Mst15Ir7SqAVyA+rpD4zOFQwD0UBSILaKfhn2IxvZiYtW8r7N82bnw8pSaaOuSrAF51BlBcJCfoOxK4SQonhPLmaVfiiv+4wMtezJZCKzzsdWJmaYjAEoczKV2YouqNKCszMs0gYmpthFot1twQxE43/qnfQhgRtu8d2sAQ7oTUGGH3DDQnKIjrt6l7y8MIcfNUlcH6jE/8Ek5UkUI4FmESz/ufoGsPMndRSnGJCUswRXQKhirFfdYnZUfShIYoYN3hBjOUKOktCKjGtVJaIZKQ5RjHDwyyrjmUFoU1mpxbg0d+hbuSQ+oBsVuecXghVdFDW3aBhfVF92MgcaGCr0s/+QkMK2nWp6B8zS/3cm1Qg6+/yhfZxG0VKH9Uk/woUZ4xYP7rqGl0N3t8aPufWBeM9jW3tboBP/fjWEx+2JY3IsITocFDiISYrCpuUBLQfSRWrYkdSHGS55eyvEyhoYKKu3Cm2k4GMhIPxmF6yu9QGPEkrQX38i5zCtwN0K/uTyaFgwihzuXGQXqt7qDm4RuUZ+ZxeCbyu4ZiCZqvx9jAgGkkx4zZUbhgmC4Jmqs0vpKXD8OFn9nlYGjvlrblWawcM5HJAjrJwHMb9xiciqLSDodN6+FK7voLdKpIQVZp4Qg+1KmSjuKv+FUm8Emq80dC5XwRmaNXxX/CgYP510VjM4bXvfQE0IC6GMj+E99IOjCDDTBufPz3/9kd7XNSudTLLaaJlhARfh9Hd5G6753qiq6bde4dhN3fMPery5mV11Jpz81k19QauwpwPhb9O65l72rnmfJhazQvmeVpu+9S2I0CKoBo2QU4DGbJxnmspIeSSkoKTuARbFTJOysqbJjNyqwj/Xr9VFmAaqsSCvCNKsIqnAzLVKBalcFvEBlaPTSStDoJSsYEXPCJkPXhq6f+oe/QpjtV5hyyl/pgExo6ViMJNoU1qEhIaSTW8Evm+1r/QaYMd+SCHzo10ck/hABaR7EplsiLwdniuoP63Rx9MtlIH8Hufr3DDo7VQE4FZdThFRfXjYoIGw57aa9BrPkyMCnqyKwLq+SEBmW+rGYViV1fcj+cdG2C+ur0x06f65/fWeH55fntli5hf/OJXnNW333yjiu0R7Stz9/GukPT6CuPW2AlDCd8QnZZIgIbunj95ruNPmJTLq22Q6Z1nYkQrdsmxEgBD0D56+PbufoNMgpwedsevoRGxSKrEjy7e2zaub1hbMUrr6J7a5XmOObUYg2xGuuXJZmIeml8moqRQN9O+P0dHVFt4SqRMgWbVb2jcWKmnwJ+/u7FY0M6gjZi5Iev5G6bG1/SgdooW0nrNR7dF9Fl/0MiKIdhZaz474yVcGGHJRVGpsWOieCv8nGHQOGbiu54ki3Ief9GW5cDVDupsxo5SDuk0YpCSh+NeigtEJWGJqqw5MEWH4lqvI9GjmMqnPq3t3gLZjcWiWCyYcWb9DJNY1B65QO0eWw6iYOyWQ68/BELB2kA0ulch23qq+SoClEDV54grxGOo9P2kmCwUKuRBg+FMU0Ms1JOc8ePCDV6PexZk06w7jWLWx6/uPJdk3XP+M6prhzkiYkJOrShlJogabMJGw9p6LXSiTUitvJOdOycm14UqtdZ5BuVXuS//JJsRBXkjS03p1lUjNV+rbiFk8AVMYnTErAYjCeWoUq6eATilRkY58oa08dJwhdenDrMjmLBgJ/8wl38GPoGAZwkJbAFs/rOhNMbAQhmLG7ROGsTuKiEpOseZvzrsZlQDnRjiPvpi8ABvUFEndnhgkKf/QyZ3SmcKQUYEpDHnjFIEj7Px4xQPxuRXnFgCoNApgjnWS+skS8K1wXDUMdB1sONu7r24wVGpKXfyoY9aYNDA7WyYKxdlMmQdEsvJyGgHVpIZvakE4Oonl1AM3FDVlOJuDB5AkU5OQ5DVxcvIKeSo3OiNzDIr7Gywj9chjVolc0NZdSN9RsDkJPQnB1WUK0lWRloDipqAEY8VWloYKLUjH18Uo0Qs7j4nOnJpCSAOOkbNfqRP25JIIypSgFJpLn5yN1UqKzri7B8jjBIzmYrXfarQST9VceG7owvVM6lzLi0UW9WjvZ67EPxNBBEl3/8ETEadZpV+ZyWqQppWJ2YmOIlIBWBHiLmT5l7GaRmxgKOBdYJj16gKPHzDHtw2pvPwAoS9k0C7SKGDMspoBNRxMm7U7B79MJuKLySMmUoklOg7QvGb4YZyCWt9R06JKfnM9DLpEMVjyIYAz5WQQxopFLqgRKBqo8/lHvwETF3MTWxfpTdwFdS22Ne0psjoAarCoYgUv76TTpdqOK3E7/zOH/DaJ2ohTzvh1WMYh2siuDkKNfQEOclZ3urGgPplf2l5Wc3/sVdTmLh090/aFKHDLOgpUmnsfOg3u2TQiwyEFwZ/7IjBAjPbtvO7OjYAF6FS6YUTHsTKHwScsDk5QH58i4tElvXkaBoPMC5ZCKX2k2f2QGn8rwVhVhURgqBJ1zRO6pmT8po0AhNqYkF5f8LinhNbd91diAIqzn4Te5bWbXsDnE291XfjMWpmP401wocxtdJn16FzSsIeeBDDwKiRbzgidfBfUrT15NoULSTJRmQRXwFqsw8Fxb91AFZ8RlHTr2DVv0ZaOzZb4Pfi9kXDkw8/vXx5KzSx2WTRDNzGbtXZKJhNS26e2Un6uZEzigCchIxMKi7M+ub5cxuy6CvcqYrRbm+8A60wTl8tmhTz4Z0qvMTN7O/mTxtJgsJTL4g1lOtZlqxL4zOevOkuQYbpZgv3PvVKFMNpn5+9SHa2uRNv2FnPMOKL5ze2GyEQDhDLSAW2MA+Wxw+3R+Oj63bmy7DJSBhq3tPodVHwk2fmlwGsn5y4eVTSyJk+Ntn98YHIyeimDV9QrJ9oucHUmn4fvn39wzfffGNLa3P03//wqn2Dntq9+aEHnLGRfWTSmzwq8AG12xsRLkJoGzRhN88NZi1OUGiPRrrT1nNR3WaIVul/Cki/VEbafjPiogItK+ePhYwxm6mxKAY1sUmgvWM5hCz+bLQmOxUUCgFhQmDP3mh6QPUIkMfExHYK13Ie3/TSRaVaR/uum0FKrGkl8OixHDOBwNIA4TPNB5wYz+ZFqMYuwuZSyJ78JbMcdePAOFajrbPk+rU15IZGrSSIHaiiPuEQz06Ob8jg8U+MpIYa+Nrk6LM1zA8ffv/GcGzwo3zOZG0pLMprVch2HtAccrJaUyyjAhF+KZDeAlFXa7G/NRwMvi1DKwO4hlBkUx+VTFKLBom4eo4oADrdCPZBmVrLqarLyEiGi2jqscYoWI4wO1E9H1Pp5AQFoGGqdCBmOUtWQlI8LyzESdDjLHSrzqywt/UbnFthv/OaOSNDbcBzd0PXdegjikZiks5HOSuMJBSoVqxpxDSbjRiVoq5sTm8Ud5rmc8p4CaaiClZSTiOGUnPUl+uxLj8UCiqaB08w2TsYE0G5kpgsWWMs/JNnwDtyrqefUy6UR4B46IYaLcTcTxhGtp/IagVIDPr/Cmrgx3MdfhFRAI8UDpPKoifSYtyfzGio5E4OaBADgM4afRy6KlH1SS4yTaFgtBGrCydyqhJ3JAHk+Ix7jPVVgZjQXJK1BrdWlu/WAhuc3222up2pHWkJcDgPfa5iWNrhKHiRl+IrNiTO/fUZvmqWXu/VXWq8JLeOxO1P9dg8iEA/teVihd/PHCpMvVlnJ9WqfLASQCwOQsyG6zfZIKsl5ZSGSmPOVpLPgSxXdvUO3NCeJh6+bDRUTiGvyowoirMdXB3aUNFWfYOht1Gsp3m2oOXIIrHl9CuRbfmTEPEjncijcYQefGmtu7ZonYQzqFXOTzirJSI19vqqlrKIPjQr3aBvzJ56F6VKGMYZ4GpCqkzYVa+lZfG7GjvOowSQ8iMlCKFz5jSyaApPLGteOE4OtMKapBlKT7T+6Me/IxgKUjZOQgdEYOIptIUmR6lAnLHDnKuuSZcf7XGjV1I/2PUdqNJHnX5Uz22AighIRk/DyD0rwH1ZIGjISrijNA2CZ8Yzp6B31LSIoC5nBKzYXEiCOBYWP/G9v1KDsVYltc5YXf2MVvXog+dvxn/qPrJKqsd0YzOZVaJ2WH/BYU3tASW+MsHWtvvmDnmpxlmqh0B1AoZsIwKuzZQZV22gkPC7JweDKAQ6rWGitkZiBHcGU/OPDp4DYQA2CchWBDSgQJyCNxwehZFc/M57etrYuRDRTKv9/DiM1BQej4o/eHfXJi8PbgWhj9++L/5ueleXdic4+UjKFnhFkmf+NwUpnLRXzSuPhnz+YlmgXWaaUf1iq5retff2hzcbzyNUNH25e/vejG1yMvBoGaM9mttrpkccLFK0uk6n/vTjY+6w5zeQUd9qo8O2QNcLe2qmuPKLIPLmTLHBngsUade/2VCkZkzZb9/1oLSFk+xkJvj03ad3OvTEXxv6YjM+A3wcgh4BECN9ZGJLvuIvkLy65P5OsAII31pHlswyALcG+VSDl0+etJIpSYsbjdE99gBN1U1GCwpveoWgITTLMhG4iLOhiPBR/1FscUV7iaOL3ZBqGpslFQ8UURg59tASeqgGzgdWcNJOPj2Np/4Mlrj1YSgpZrW7eIYhP0roSKxW8NvSdLDF+O4PDCRmeDxedgFR7U+Z+w9BIAFg1T+Bu1uIMyY+YycoHp9pYoRIGk4cKXtSB3t4mlcBGOOtIW7Quk13MNfjSiiLx00NU10CLW2hI3eupMukmjDWF6iOkriOXMxuTnnhCDJFuZHUlwr4cuLRcuOXXs/zwH3ED6/fzreEeNaB8kADh8PTCI9GgoSaeaOc+1wnI1E0IXWjpdW5xHo/+SPtgXiLcRulhr8gEBCFsGBguCbc/k3Un+SsYGGBMZgANUMCiJxaHeZU8Z8MfOIOrNDX1e9QJmKwVm+mDF3tcDG1BSuAFw8QLBTITDyVh72D0rtVdAewBZRM19M8jW2jr08DcokUGzPyWlyG0aKgr9DLBgcknHXfgF2VHfHuziHfn4dGzbHZpNg5djSGRlW15/Eao4EjQpLJxKtFR2t3hhSdBVuZ0NeDp4PYCqGM8xXmgdXYHaNVBRfZb+UOgGirO70Aczde+UNLyck1plYGRWGtAwzpdFRuLKY1BB2pqxRRYcl+Kui0g9ZkAVtOyrvABwa5c+eyYqOfrAeeapEIj8gjMJe4lr1jkh0s5SOgHqHmmQCCX1Mgx3NvwQK1m+7NGkpkuOkB5soknbHgB1NgxrxPyCIkujr/akYFXTFQKbhi0afTkxgBri+WVjnpoTuHE9AGvEo+faXS8oEL6sqMm8B3hFJCIeCKR9qOIDmgQWD+wNSA2ZoMKjxKzehDeY6q+69SX2NhLiTeCR2I/U1Z+dmpLiaKMNiIcYmsKTDIdqa1NN1TWjHSYC48IGAa5hBI2ejZuD6VFZMXIQ50Ocnqnbt1X9Sn1kR8CqbeI4rTIRX7Nqy9AByOesE4GbxDlsGDGFEmFfST0hUBOZbSu7+aXifOciGEpQodZ8aYVzYJTwwjGKUSspEa6DKsSFE9GOD39/nlj378/MbEXzZTS9KH5j74B1KNkUMp3KZojxYOBj19rgQm6iwUqvxwcVg6nnoOS/Abw2DSPXwaRCN5gJw+3pDGs6vbnpXmX3vUsWV1rAupKKgNHSGhP1/tvhZ1xRCAYzZO5mAnSeS16j8K8nVEVzPy9i9uX7okYZ2bA0Gd1oVsVAHgIJoMItnVHJN8G/E8ateY9Dvz5U/1HIqCXn8L/oUSHlvvOH01peWUoMAyhvfpozGP3GeMm3ksiOv11qZ7WxMGtZGxMACpg0lLdZqGW/euVDxHV9GAVWK1O96VeTEnTBG9wbkn37QiDIS3b9/Z6FkfYa2hQlc3TfcZSPh417MyWOZSzDMShNlhQZz930QdhgC93A7P7zxgZBOZx0/ue+zaOCIdye2hFNGn8RxVnj+/st9JkeKDx16hYYMkcnh28+zu/Vvzy9Y5FhrKfvbUFCqZgoBvRHtmpTEsY2ZP209beEvBHrvGphWEnjQR29U7b0iG2BW4f+s5XMz3/DKDMWxpNSM2RWrel2f8r5laCzE9XbyBMjtdGxYkQIpAB4kJcMERlaIII2Ty9OrpRxvxEZfe3u5rSdVrCa+894dmPIxshIjLpUJi/q3f+u1f/uIXQgIyePfgPbJFKmSYBtBV9NmYNHR0KkLBkTBhtsKYe7SK+oDlSwS4DJfZ6qWkMQybe4tpmAYeLIg0wc72OHv85oKmsMyxGpQHYS0zg2VPVpd+/mT4Mz+cZ2E4se1wlrntVHNgSNhpVwGNpaFNI+i1MX8qaqT3H+4K8HhL71nQBk7D6SYIrevEtKNBlmdYVFPICUVMrk+YmKwGNJFlvSytOVPA50o1YxTXanMdOb78RC9RAmC9YJ4vK8+HEpGWG6hGV4muJ5c1LmL89Xfv+AmFay2RGsS1HawAnRrqVtStI1AqpAH76nkjQA5+GipQOwBIS9qpNdpnvF7zlylGkDIpvL+gDbG2jMlUfyKX/FCRRDSNitKVX9NVKfnlLmKR0HY1yp1LLoYDcvXBSLaXYKYrx5RSAVX3U/Ylq7yGChsi1r7Yu9Hqhuk51FwykhGnFkxTXfS4zKDm79QKTf6wKYnwxco8rLUp2B+UwwMGCm0Q3cjAsdMJJ0EmWFCJKZoNFscd6aF2eVDCAknYAcjlzpMrnOLGrWbJdgCJEEi7oVvOgEJAWAUWdFPKICSXNM3huy7xlDu2kIotj5hIM7+UNBMBqhs5V9UBLYDgZBXhcakLmzlNRLhJ35XdtZK7CDFvEFGqJa1ajOqgaCXHZiJsljB3TxJhJcpgZDVp52BUV+aI+I3lJY/+J/fLbUy3Wbn0ZOkrYvvrAyZ2R530zLdPTO3SLIkiSSWgq7IiRjlQF4Ag+RxgNdcUkdyyXtnO+wa5kpfrWlJkw3tQ9TshKqVQJnXYqFR0x9KoDVixdWxkSd1Wq6sjLG5fcjzxCvHl5FDhpxPgoPFJ7tVb8iimspM26UpKuG0/MTwqmdYpti74o6qHPbCyqIMgWEfoDnigYRgCVcMYm35dMMggB7L/LNn/XFVB5gio4RTnzgaCqYTCih5QnUca02+mMsEFkkCHZmwqMlWkBaVm61BFGkAr7wSc1Hvhu0skqaETtaTjyGqE1gqjIcmSnRo5PFf+m99BBA/i+rd/+kcG2BKG/3W6ySI30cqevNVMHvVMMXfC85BbluBXBZvaBI8bj7EvLXVa+x30GNDM2niIb4i+T/dH6Hay6AaRNbSirltz08FsPuwJFWlJIc6npk2XGEqJKw1jAp2XqcEmXeWIykDZA0+pHk34rolzcra5KRrzBlxEol4PBgsmxLZZVdWVUL/udvwXs4Uoa50oFZiGoOs6GhNC7SRp1N7Nqnz8cNfSw+blQ6Qk6mJkliKxD7E2g+yhgZQw5xKoxH8BmIUNMjzzqEGbabfkqWAiAW2+mIMQPxk3oo1CMRvMvH9v9+KPX3o0B2sN6D5tzM3gYazpR9qBz1MHPfCLLqzGQjZgRu/pepwPJCKkMK7CMEyZNmb55MmN8bazmZ8u6Mvnm6vbHiGxb8uERVxgGKli4x6YVrKnaFJxAQECDAfZuSabjjcmc1YHmu82dtz4nME6kWauUV86cccpQixwtFlPlH+yoJB1CEcFKGjQH06oNZVYaNMC9yPu1YX4It7CctEGhQgNo0JM1cRl+6tjXuxLvXpVQEgStXh58/qVsFhIJEgOpLE6F739JRsRPlATXC5JqTsQJpLpLl28JTQPdhwg+bQ69AjYqmcTxLu7efdqJflWtq3wA3cGQlvbeUtEqPE2sSNEBBYyiVlbdRIhajX+nWRlyIfNFtlm0DPtL6aVrzegdM/cWujRllJ2KnLjVM/LPBWCGFt0py67nP1jpGG0zLib7Rlt/MQ1TeU+m3suCpAs+1g5qmoVZJgbJyrFuZEibnQu7iu07NYN62eUTjJVm/zrOXthczfnhKBU6ujuq5043777Hv81BsFjrEJ4WnwMXGQygXdXhYRcWMUzCSeN1p/b/uVJGN1qKqIYVMXOadGjoOuF0azvEAvWB4Ry3CvZIKLz+NMmITsEAYWAhBGhLnIqfXIDy8yriscTUJShE2hk9uc6ipNZ7KQJ1uM4X1lh6Wl9d8FAae+sS07tmQAd3HH3TeibVqswAGx1PjPA64DrHLUE3eUEFAWRwAJCr3prjMoKQE5yi1DRPFoPN7UXR9zlegGO1XFe17bCxtSN0jT+mljWU3Q24pGYOmE5TYlJzHq4vqk66SqpzERCr5GTREetwnXDXfhL4U6HaKRUKzAnDkt4lQmGX1ejdF/VT2071KiUY0gjEFa6lJzs00oKzDbjQk2XwS4ll6A5BQAa7WSAdpHpFjZnNQqph7LVytcnRMkVd9F1NlKjmVQ2ZNSN0gJDDYgonfuti0JXBsa3JY5kkvQjxon6gY2aXORQFXhHgZLSE2hnB3nScR5XCZAPGjcrAlGwK1r5nVRbpqSYPd3h16SKLleB5Q5FpQPXRT+J8+tl0KtRJpC4KHbMNKHrE2nlVqoCclY+GArIWYGR5jQCOg9etYKAC+FxjglsgUk0whG24atoQGmb8tN+tQdiAPDIF3AnE1KZ50MPeYIVRVYmM+zpIbL2rUiebrqdGJWKjxWohCO5D38cLoF5nJaSPwJUOQ5s8Md4HVAY/CXnmh9SQjl73VN1a2yVO9Xy+gc6YIAofSy7UzktBvaCk9vf/t0/iFvWaWCsgHdiMvhqF5LiBoM0+XddArgxPJew54INNSQ7DaO+zLhVPMSjJUgNN04kugfp0Wv/1TxFvH386C20H6+NXdXkw8LKbdeS/U8+4MBzHJQS+irppaheVlc9gjEeNZMoMf/rEpNxAHChfXrAXVZxgSYt+ee8QUlTCkg7zqj6Aoyj27iRvKlJzTkumkia+Dg38gtv/dUUGyD100jKy4o4RyNJRnE+2z07WmrFBKGXNR45/YVDvQjORuqT2i/wDMmaLjRwuqE4xVq1RkBNiYHV8FSLRB9c3RoqSzftnGIjwGe3ZMB5GGXz7uvWon3+8PrjR4+M6AJJGB6hEmgf0P7oybsPtnFp6SEJFq4G43HPEdFc/XhNqQ39Hj589ea1Yb+WJBqMbcTrqenluzf2znx48/zq6Q9ednI/wQvPiqXevX9nM26FP97Ug3kso+iThOnk02eDjvbBRD/ItK9nE9csGCuqohEiet+SuqIM/R+OUS/GQ6MwAnVwWcO63uWBBzKwb9EkQ2uELHf74PrFjV8y03nyzWbtY9xe7smvjp9CxLmZwmb8G7WanL9/9f1Pf/8PBNnv7p/ZUpLh2V5xI7VZoQWEyCO6vHQjdgttU3k+uE6qrsoQsugqlW+k7fJcEWrxYullyj+2lyGCw6Szu5oAONQJqxJoUjJt055o2QvMHyEsr4WAzTXrdtNUMhR/oCeWLO9tjDPDSvhOsh18enKIuQpytvzDCDGU5AkgAtLG7JDLZMjIcscFBqkI5wkWmVF1DV4IAAAgAElEQVQ7ehMg1fUkCSHXCCEjaWPaNQitInBxUUbCagQcD876uJ0YMtdcDxfD5NznFMIXkSAoM27Kp1afGeA5n+YqXP2tWfpVpbvNkqhoPqTmyldESi0MarpedYGMRHpai0XLGGK0ThoCN92cpPgBCUIoviNdUX0VAujAUhc5Va0vPcMXP7vHVch5TBDIfI/SEOGCAI+LV3ltITAjPM9EZI5A94uDwDoPKbVqiMvJNYoLGz5sLL342qUrBx2oH77qTgOYTxGoyaYaUM5nJdXBne/JAzLdosuZTNfRQ+Nx25HDafOdiy9TP4a1BbIKmOu4Tkr56kutk4KpWChR9iQzR4CnkSSVEknkEIZYGUkwee1Z7KNfCMoYcLkZS2Bp9Gjpq+SO1L7iG/n7OtRl6p2tpcZnfPiTNPoOqeLn7B0yEoIrADVSF1GqQu5R1egEJZ2XJT1AJcipvt84Y1wNjKcizjdzyWtoatXLVPrNBTQ9Bx+Cqp0M6gUrnBX20y2068g5aNGe3/ADd5D9jJrql0hA0+mcVDxnHxUihpG6cl3UHR/sKo7VQA0e0e9IciNv1yD1u/Ohq0yRZ/LbmevU9huqxtVklFUP0qlfQKogUehpk91sTN7GMnA7JNF1oHEPzhK8z2KNTHtW5HeFc0MRBMbYIDPnisHAuVdp5EzEXOqXR/dPdHm9XkWlOvRsK/YvaysrH9JA+p+XP1ymoaympJOXASX8MB9xO3EAcEZxpQ5R5pJSIqu7t6N4idTdF0EGtCPbVn337oM7GMpEaYQGKgwzkZVN10jObEU0iiK8X/wVHh9i6hlWqCowPvzJb/3USMlGsxoUOKBnIR65aAa5oCRpdqMZDBFeT26Gni/hAyyr0EKGPBIwVzvv8Y4azMw3cjkQ7UIHxpVU14MjibJHK/QsmkQwbfgXR6cxJpEpMPtAwZFDjSYxRv05qoJJvV3RZ2NNdaxAt9JPqMEFF3QbOsOMdFWJAx0AnLYNPOzoqc04CNC0aAFTBFTK46PzgBDV8kned7amMIXs7iNqFpbNXPTGhKd3hVZZ/niu21lOnPBd1vkKstq5EMuko3oOiRnw+ke9WMkw0MJrFM/NhGzBaB+ZNtwBo86arzF2KJYQJAEWx5ZteWNYs89u4h8bfoMLv3ghAVD0id6J8vLlNwJFUhG5GiL70NSwN5180GjanbDQNt9BpXpu81e1w9kAeUDEYAqb7D6C6xxXFmBem+VbgfhwYGxW4jU5KnKKjIdKeD9KFd8KYXOFNL4DYaawC70y8gIpQqAJ0YNBSgEudeDFDDItWWg4bRYJ1XI09fefzXcj3p4+OeLGIHN2uCXEaY5a2s3F6CPRkdWV6XhHem4MnGqoxNAqfWRO64xFY7JhbyGjzWgU++xJ8Mf2bJy9q48bckItAzPnxwbvhJx1FJktN5+F0KnFkBqonYNMeecESLawqVbiBNhsCev51TqPRvHW9Ne2ldoIV6avEiWTHC5FXG2FmHmPFSzXF4T4kTWhaS2lZbQOcURVntqiXmiI75lUfbOG297Qqk9oOImqNIGQqiLg2GdxodBJCqSRsinyNZ0sUlHjyzWMxV7ks7phq9llJhKy0gBLba1OtzouEYRzFiFMiWYFQ/1lmx8RUQOoEJDN7LLmgso6kyk7mRUTymRSQUsSSmEEq2vjfhhcV/kvWE+mMswDIY0qmPYXkNM1ipCsMIiUfMFUK+RPsvrkFwURCaqftplEY0WImw75TCTAGNGNI7vpS5irxUGtZLkx0v9YU7sMQOfznIRihx2szqjh597nbcxwjaWzhhEz+kjpmHR4PIY0cuZ+ucmUm3PEEkYMkWthPLxRAyIufEmQ7DHk8/c55cQOIPHPAABJvDjNAhLqIX/dlFMcjuQ491JnuNQGIsXsPhmdQzS2QxCJfTsUwvbSEgITihuEWxmSr8aZwmsjznLfoMVWAixv2gWAsOWVAUyqqreqxgBIkS839shiRg3AyhNAWOvrU9LAhvTgyg4bZImUEYJkKS4KCMocQsVTJ0nEw5ObZ15s5ck8656z7liqMJDBRzTxx+7YAOwUUlARhthtVSdornHB7Qonw+Y8YFGroma0KP2YGVyBVBFlnQATe8r7Dk5nUXSOCrsqbSAPpQrsClURtsqJOoKV2z/kFIygkY7mrwTtLJZW78CpVGchhSucRN02SieF75zuK1HNy5FtRfhSKjFcaMPSwr1BI4Eu1kYvtIYgOgMWhNgkrkwARGbS7bjAsL/RwKdyRfnWZByb8ygxW60a8Sjpqn9AkkJ2F4ErkC84Yh/TqTn3pnh2EaQZ2Eiq9oDzNsljYsDu7CmqKz5jWr3aD9AyKqw0XMFUfjXLcF5eRxTuR4Huux1JUnYNIHnGQVUoOB//+3/4p92+69G1xxh0f5ivYF6sPe9R09H2uMJFKQKdEV1P1q0bcIyBrSprRE8SWRrsyYj5ydAUmAk2gqT3XU8kTnj/7OltMgqrIZ8WBjQ7XMtE7QQrN/4VkXB+j4JSXQRLKwNsBcVb0jvWESHBMzIfjAY0XiMqmneSi0iBTzKurTW8ov/Ggmr1xntKIMKTmyOYCUB/R+fFWMrQJ9xh41DYQEKqNTJHcCeV1QR3jxb2pIbCjb/oH3hKotC711ILwoJS5x7ADCDneEwrwAXQRx95D4Hu/DF4DbNh+sm7t+8ItmGiJiofvfYAxMcvz66+ub29LQJtwaLnei3te6wkuvR4Bkuoht56v8Wn5j1R4pHeNtC2k/aTxy9ePH/zxqpE86ePvUP7+rn9KR96UJlxYAFA+6aASXGo/7XJXw/qZqdtb2Q+udBOPLQuNkYfGb37ZCult14f4vXPbdPdfKeQy7cBzrfv3j5/7hnmp/fvHxqGRCzqyEddXbYhVPGZa4oES6wgU1++h5o/XF3deJ5aVGgbmrTzwOPGVwRhtPK+7W3slU3mTSC6gXjn6WYbf97eek7myl4/23mRpTImXF/vdXwGbU3Z3719/fzlC5s1Grz4+L5NxeObobLJTNlE/PpgLebDvYG9p1fPH3llUIZie9HiM/pozK2gkL30aHO6rXkZTm5RKZjYqXO3oyTQ6R9oXFMHBa3hy8vQ2coWxvSCnOtsLCtRW6PxfpfahTjB8Gp+3/i0qfH3b60SNSJHNaX0cIx9IqNHB1X4L0Zv98dCw2I1TdjmA1m9fxQU7GT+8zWR0GWNxtDVWgQbzhGRB8isi5Yz1ZEWYzXIOYB8jQQcZfwEmb3VfFJuj3o1k26bQSx0w5DDWTx9XCy0pGhLThWELoDtTlbtGszoyg2BifClQNJppNRS0eAXYLlHZX27iKw9DEc+gqOoXXPObHtHBbS6Wb6FNnFa90w73FnIknnguQN/UOJGyyoj2HDXYyTlJk3GElk9oWx3ImrgqgI7lKp8YDtbX6VGWHYg7JwnWx62/ZXEGPvb2CGn7cBFfi3RwjDroVkKBDT4wPXnxGXlAajvY0rq+mS9RXmMUHLppToiRNU+5DjDBDX/hW93LQMb0gm2oEBKUsciYgisFlYyBEhULWzjEG/DUCOJRumKJzf1J4AjBiAGUu2gVypCYsYvUBP74bTkgWeD5DUjCGr1IivAiKU8sOJuYi86HMpqr5NVU13GKz0lFHVBVXHyLaSGu7yEhvfR0nU8SipjptNNS0WfcFb81uPPTyy7Jv7i85WqAhsbF8r9RsoATKzzADzpZA+W1hb4mbW8oOxQXG7Wgph8gcYiq7hhZEaPEjjNVUZ0rqrcEC23Eqt9KNtlJST6AXlchW0p1R8TAXFchAjGAViac4dSUJa+oqdEelhu0C5n3Vzu3Be1KTjKqhUzIC1F6WAsTToKqfsckw0tHqWM6GMrZQxYLa0RQ3a0u7+FiGvHOoyekA14DLJeEaP71+mUjiXJLKI50qhY2Gu2EdHl/sdYhWIBJ8iArTJ9xpPCrZCdX8pU5Zy2PghxXsHKqr26xAVeSBhAnvAikQpCyPKY1ID7SQKUrUFGQ7RdGoyCVZxZzFN3d3Qy2Ubxl+zr25c//q3fRVXcLDvvddxzLi/PDx5sUKqFvjXeGhQY/Sgt3p8IjJAUeznQM6JHpyJRJXwEScaAbIFRc0mN9nGrWkoWIfzS82a8mDmYNQQdWz5KuSOBWm+MJ7eLbTEoT8MILqAyKmkUbeOF+b75Ij1P9KO1oCroENUDY2vtKV5Tw4GnoZ4Dqjo9PQUw84eJxehY9zncRrKppSHl+ONOE3BOXBPOye7GVIoAZfIsGv507wEFcUADydxE2Kc9lmnhnhx3MaMzxSI1k+CILdEsRjSO2DCPLBCOYuASPClqjEpAgOuNAj5698M7g4jIs3+QwAs1IkaQPXti4E0XaJ7Xe1DEMe/ef/Bo7aNbE6qk89n21Gbb4tweeMgqEHl0fXNt9k0BwLOXLw/e/HDHlL558fLV283S0gyZrIcb/dlJ16Th3SHvjNjZxohON2/44IFROc/WmOUU0vXYiYdOTKF+eXZ9/bSuK/fZwQZyrFdX3/3wgzWRKd64DE1f34rIrBcjRpLGO/lTooWMUMo3gpbPQIMZw6eeVv5yXef/6J3XOjcG+bTdMj97Y+FVC/tbDCBa+vyuAcpP333//e/89DnKs8yeg7YfU8EQ1LFU89oh3FlgTlUmyesyqAdJaMdPe7Jmz2A40UD06t5sqYdnz6wQjSMvs2HV8RXgcEKzZizLwSTgpG+NXcVGC+mPRSFYykyo1QQMEyVsFnAN0uaQEBBPd3SDng3p20Soj58KVTEUnsZ9cxFdwaN9NQTIzNw5t8jSokZJCCP2TE+n26Ri14hx1l2A89qvw3lNtBKjj/Yl9r/IK8bkcTK1OMBIiZW1irq/3s/eXRCO1TmBSq/0I8nd5mm0kRWlFFsLVikySGbOI06TZ+mK4REW2bDGW9nVyZHE6vG8fpXGizIsju2Pj7xZMXfqDE5CmrSBmZ8gybDlMbkLtUbXocppaPQtmFHBjXYMJwo6S/JntBF1sSOxn2iGaQaxaxSuvfs9U8lnANEdHT/j/0RxiS77DAxyOrEe191GhC8p+uOxO3ZSz5Kxonbw08La2wVcgWPjAn2q3aIEMJPSZBiRG8pmsqlBmW4z8qdx4lA07cDKYkgR+Fp0XK7jLwvJkirNnUTJwVDGgeMb7Pjy1aDKV9BO0K7gtC/jIB3CeAwq7tCWCvLkTUcnAZ8I0sVAFiWl5CdmXbOIkGQMkXryD+KioRLStqqhVhKabCPSks9YrU8KQTH3EASQH7PQxwvR9ZQe9Hv4vgH9+txlqg5hUSvtRUHXQZ2cnKEBmaXETt6gNoWIc6wSJJEaQasf9mQKitNoD+qo3xmDT1QoncX4dlQ+NBfMLoKiYrlZo999SjhqjHFFwqr4kJ/rwbkU/8ds9VTw5yTVT0hxW6Wu6l6Wm/8MZ+13jbDuhfYudSlpkZlqGWHwiEZmTE2OF8cKZpAvCC7ku06VEoFcz16/DM92oCPdHjcNnBvqZBpjGWIi7iyRdzaOQwCMK3IuNVUhNHnImSCirWmYDSICQrDEqdIUE4WrmAzLnB6WTzsH1eGD/lvuFg7/EdktfoqZgynhq0z7PXWBnJouAqrqqR1LAxZAiTmELw9++nt/9OL587rWeFA1VzMIGMDSxon5Yn1kTrxvvgNI8DVNoKuH02qjwv50EkRyynGFPbys2kR3GeJ3+13U+8lLmF+Y5Gq2M7zoj7EnT7yCLx1rWd12je0EVdvNQzASvigXnsFCu4a1+uAgfe1URkxK5hw9zhovGVsTsY3tKBp3URIr4IYpAczLNx7gRA2dmYy0EoeVw7+6mR0SIyoBl4ED9HLHXmPQgwK6by46a0ItYIZkq9C4yHFq0TrhERQyJkATPabgW9DWCEEBUH1k1MKIbmjFVqGJmd1NcuEfPwnbYPSyN+NY3pL38U29p9Ggp0+uSUAtKN++eSPG0dcZbNOiPt95yLWVU7gjHaGb3Wm0CaNc0fKoYSf9tQ1saNBs8ruP7598egbxq1evPc6rgxEv0QH4AlBPLQgoJ/P6deMuHrXw0C++oDaM98CQn2HLLe/qCYp7Q27NFBMNNW2U0EPEGOlRkI/eBPHggaE+sSDhmDX29g62qaQVkIb9yNDOz2JX8O7u3tcjeyzWxbMnnqaefZHHx6fPeWKxUnLErIldFN5/sv2h1wl+7lUrIvUG7z5+eKPfrvcgsDZofGBq3KPWrPTq9vnz169eUUcDdSQzzV9sUeUeFkVYGhJCUYlQu1aao9CwrIl8TnMNjM1UzT2r9P5dD2inwZxg5kE6rGExRtvA1HUXM0nILy8+7y4zS3MwXuGLt/kJtQscxbXiUdW5CPcJXJrH3tto0ahputYobRzvEWD4GGSGVzvNUYnJ27w9j0hVwiu50K6Zw+5GWnsnQRsFNg6GJP7H7GttJdRa2VoNmtRUFqY5b02jllHcWHtzS3BalQYiA8aozbYdNfEa44Dz5nJJDDaJ9egAuGmwYfszb4Ys4G1EL3+acLpIAaOttoGEKA30/EMkKpAMEoVyCu1IB1JLqRY/BlvFEun4MDxfww4DkPN6YPgLBXVgka7DGIgaU9JzGnL/yilGmytNqc7zR3VqBFlj71m2SLo4mKTVuZ8ARE2kMAQapqvumxo5ZJ2Xcz/u1kIS7HQcuCDSzGSbXQ0U441BdIcl+sLhvK5v+ssKdp9fRjmAYWnRYxIH9kIYCTVgOrckQmQMuaYF6JGcc0xoCTI3y9JTwsa85TtXOqnVWCqZVUKQfkLJEl03oOKTLZHleqXw57tVPOBVR2n6TcgKQpP8sNptB9bl5wQniwQlOzwHQMI4MlA/OxwRA0hKig+4xODKTIYqJLoLvS4lTMbkGAGEWME4qEzH4Pptvyj3o56eu+JpWhXe1IHKUwl5BCm8SXqGgTzXZcQwuLkN/KRgSMrFpu+YVOLC0AVzhlTSDDQQwegDYwJZ9xyKAKA6+juNiZCuqO9kVuJEGWWXKlVcxkgP1Q4V8D45f02aHiBVFR7HwC/B6eQz4kZx/PWvVBSEua+ImH1fasuv0BFPZ5VKMMPA5E6Bce80Ysk10/sNVbFSR7tfxNVhNlXU9IE78HVZrvNYs3UoTusEPDiHfzh3Aj2yZ3ZEnfpr5/E8jCksKUdjabGTNvkM9WuvuceOE+5VXPmZ+PSaJqWdmqfjAyOI6uxsI3zB76iodIQkc1eKjHlJEhTIWeTf0OxLEtQGmhQ0JfaHf/znVZGupFbHNTjLME5rnbFIicTYACUQ1Q53+yAWEh63ZTBklCeKnVWl7kG4k4TWqVS7AS4TdJakVMIUa2hrIWjk/NdW4iy2YjRa+BV35gesKvEYLVOF09Ne5ItW5ooiOL5y6TEIU77ZNedDAghoC5tMoYL1BwM31pCgMALk47BVO+vLozZkFAEeTpIHiwrPLBKcOZ3qyElQh5vQtsSKDw5hH114+xhXPlilJdVB5v3rqkCYnEve4TLCItjCuyxWqMSiehx53ZIRLFvPCGtuXtyY8/TSZKHb4zaffmw37FnGZw+OqN50p/eUexw4uRgsEol9sLWhtXGFXXYT5NfrLPRfn9+97eES2F+9fes5j6gXEXoBmrETMVZv5/NMrjf1WSOYPCmyqdUiOM9JtCNPTY0ffNbbpW3R3HLJYxvbhtDuM1ylSW2oiSgzMA0N3M3V85c3zI8W7HforhvQBAD+E6Qa8RT3tTqiu/Sea44244LrS7Ne+qBIsSbihYOJzsMxHwSmD215+NbjNfytsWfb+jx9dntj6jaNHq3bt8f2NAV8nrZp38YTqKUtdnBRSesnNuBSgyiSol92RfOGJOvHalgBRR61sh5Jd2/ejM15qgugbquyt2MfRuXrbmcOBMUCS9czOK0zJu2GzLv5YY9i257pYQLpy8hok84Zmy9qFUkYLdZMZyTrxx98tsc4q7Oyc+uPNUB0p7ljaxCRQoQ7gPY7TgBhg8sti+QrF+nzwTWfiG4+ja8TSNYeIxvXygwaeMGNbHClNyCw0ZZY6G6fpazXRIB7SSgas2TuYvqkD0G+Y6M93Yy7I6hRBLccXKceZg3qYUrK+KuE+hUZb7nUeIs8TSkWqexrxK+kJObXl39n6/TVzqOzobGZhI7mave17XUm2fBIMiLR3cEoAr32NmwQav9px+6hIj7fe1M6kxb82Xy0Ogx4hJ22WGxIIMWGPMcMr4wcxdoxQebRosHBsKOlE5toctbz11PxJFOAjpREuu4qPSYf/HRNMBOhyz6aJbAAr0yCkzhLWK3jvRYfpvEEn4ZVPbrx3XTYbCARlB8kB5jAYWSYVylpuwr+IdKVGiOO+DvPqJwhvfTSEnIjPQmuLNihCei5ziSWgaTuXHxVd6iWRRq108xgNZS4CGL44FRhegEgXvyMlVMuGg5RMsl9gVAUHENw7dRN7BN3ZG4MYnReu7vwYQVNiD+C5eQLjrBHxWRxaA7iuSOJjLiQEG1x10lWFk1LUKRcxWpc4ylrOazzWcGQfKK28lULIAKUMcQzoJNyeMsPRe71UnZNu7KS1jue+oecQ8iqqH1RgcRRGu4d50fnPFIivU+pw4VeaMHPtkrnO6qnQJYUHQdSp5n0kYas6smbZFYsgyzlJMWjvBGf144CusO9waTtMwxUdPj4L5jpNjJ0eVs/qvoWxtg9yxlC3aXlCCPiyAvlh7oVh+1Ea3kx/dG0NRikQw0AJyVl6V8bZwndLowPYMYv55IKoIMlVLFQnbDGtXPmI7GKIFYtvKetpV1lByHS8FQK+whKmvX749/+/W+//UmkwIVtfqZADfAaxTEXvSmk3J6KZKMyuOgWEkbW/BdaSa2GMxZQzc80i9g4YI84zE8oSrnZ/McHG4whSb0LRiAwhtRjj3mzSPORkfALzLL1RJGU4ihyEwFoRsDUkheTm9tC4QZezFkbGznL9R5ywHDNEnbjnolkBuQwubE7ahpHT1BLrkd6RcyeNHiyje8RxzdrAzqvKmQCYSbdLma3SWkHlskVAZkTweIJnU3rEGAldO3FdA07iZZpWZHeaSFFwPmlXVwkN7W6MBNJlRCJECCeER6EXlt8RZC28fPWZDHf2zsPGSCGFPbsSHPBnyxj393qM3PI8SsafNATzdbiPX8hJOpWwbChsBBsWboV0YdOyoTym0+v1/0neeEeh3VzfWv3vLfv3xl7Fo9aVkhvv/rVq/glh0KzOBQQtn81IQsL7Y+9DZIEq/KKAgVz9xahGou8UkEmCV0/9+7mj15wePf2DcU0LEnFc0/GGoWYrE5nCVbmZjfsm2cf3wt9nv3w6k3BsvlWSjUKigfjr48fvfLmZVMF4kWxHXs0CGZU9ZnJ9Pc6ZPsvUiUHYd9Ho5KYIzbDII1rYuMh0fXWFsEy6bH9m9tbwWIqIrIFaz2HlS5qyO57mMcz8Z+Bf9HN06s2++lt4/fWPRMsS6DLNaUe7gaDNlEFnm/sHFMhZCFgdimjJpWdCyFEeLkkDaJp7o8mPsT96KHrfAjqLSpoCP+xacIeb7XVFEF9ZPyfPVkDOsb9cQKZo/ZpvYKdMLkMEA1AUgA73koAitTu14rZW8upkcMgkYQYrR40PRzuO0/pDdNuOx5ANInf9GtxmU9BEbNskXFLS5OGv5o+uEXMrN4BlsFoA6BCfiAAxhRojNmXxZ9e/Uggmfcw00KfnFv9ugp1HAECUUOrr2ISQMwLk/Fq5FTWSKK9dgZegFBWpMpEoz+3cyZEkgYOFqfVDIGZAZJE7b3QmspwAO4IBv7IwTy4W4LJAJmqoqb6oVU5026MTIJ6o2QiBUpGek7Y/lJx9yEFh27mNuybrmpyOD/8RTSxJQJ6ao1BDDH85JyfciSlBAZkqQVq86mxkaCUiPvRoiDJFQ8lDWkuAELRQGEARRAWvA+8ipR1rCsFKSb6AHDBXzWVjBaAx1P0B2PS4Hi3CgquxJICUkmKSb9LLWPIyw5MwPAT7JPjqpsVxTNoZTPd1Ynh6jLHSHanw6iCUtWDM/vRlms/Ia1alpmkKtOBEn5ETuCkK3LOg0ROlUhcoUrZMksYLX25+dHCuX+PY7pSJ+BBcidEuZwthVK8mioeVz/8YcrG/Axtv6D76ePrcixtRoZTb/8JtON8J8gjmrSpe0QaT6eBFtagGoFKJpU+wE59Ke7wM1jL6atoBhnRwewq31eaYx1+kXtonWT+kUholIsVv9XYWWmEcSmr8pHdoQjraapvqFhMEiaNrkMS232l3ovyKl8zC0PfAda4M9BzhLsyQB0ylFiUUukx1Z1O4Yx5mN6c4a5Nv9sAW8telOoY/SMdkH2yrlhJKuVm5lNc5+GXmEBXd+dVnzgogv21rgPhI20Vwf3vjzFWHVA0e5cBPsYypJlOAgaTl2k4nj+YEBQFcTXC373d+Mjkq1qrS6jk+Cd/+i8sK296QoMoiJlB5YGtFU+qJK2DScitAiQQ02Q1PqUTO1QZNG0dC4tC1aLDxDECecDWvPOeTz8JTboF5evdRpoqMnoBFBkQ5tZZqqBKo3GDnGJ1OgktNAnowtTaToiy2n0lI0XokQK7x773DXukSg8g2IJWhIOU8cZV/Z503PcOxiSstx3ZyQyCblXUZI0JB7pMcbSMxALftCld/REYplM0Ny5nd/qbs+NOEaf55+W90GLFAK1uI5RHLSw4iag7FaO2ziwz84umVBdh6Ugfy1c1uvTk9vYFEs264umhed31J488PNx423aptPZOlGNTQ3HG5weG0MwwG7b4cu0pk8ceHLHPHMKKjUjh0Sfxn+GH1z+86WmPL1+8bVkU9f7uPdMi7PetkkSZl+g8NDhn+E8w52W/jK3nQoifFqjPkyXPnj33oIyxC1PfSEe3KXjPI5sstFm43f5SUmz1Mpb3dqsG9CmxaY50IrJ8eN/ePdZzX/di6McG5UiiUt5WZ0PFd3Z/xKV2zxQ92vlx68abyxZUwStO0tuM3LIAACAASURBVGsKGkWEX96LlsEhoF5LbWzLqse114TsmZXmyp3OGDQIyjR0+qMf//abNz+Qj3FZetkIWj0snZCtZ608tExNzM5uMNXJyaMFry3J0EBV8fTLGfHKJgo8GUCq7Et06JccenKKIXTTmG1n+cAJMuhWUOCNcC1B5RvbVs5dmQdNajQMvaE6o0qhtr0U02uBZqW85CZ72hvAJ43aRc7JTj1uHD71JLWdy2dyRFvEqxhDTZ45XnUzwqFhq7jK0uPTh7GRsJWvHlWxOLARyjhX+BgwsIDiIOaqIplAYp2U9cTYjtbupnL5mYeLQmA8OCt2lOgLYPeQRriBUSOuuZ3jZqtVSeCGh9g6aooVyMA0UQhUhTumEnpwcZHGcjEhwoIfcCKVOFJ2HFcgvPkBVBNP3MxDQp3RGNatXTZwToAj0nIz/Ug7vE5/qCGD3G9HcpWAsgQpOkgOgeyiJh/BxUzSeCoHV9Qoo//dg6HOMbIRVQVUIHsn7nuY0iSYDqN//KG7+2R0ZiPIUHp1J564QwBlV8h9DoAe8zt86mK6+dlCCKQdNlJcw7f8EG60NSJBSOG0FH8hkAFIjMU/dpJAuLLqDD1dyowgPEtLYpVUJruYiDpN7JGTBlUvfwnreOSHHMZQDUm/Pv4uh1RWp+4RlIwKl+1ral/BS/VMGri4QA7kwB9g4wD6quhu4yHhgOJrZbol6TJ7G+y04JRR5GFy4bICXKl4jCVrPBVhQIlteZ3VWmorMZ41yvCZ19hZcCTERmeJZdxQKlpCKmOH3wQDRKtmZ17sdyxipqxzRDqAmHLtbFYbmMsBamV9haxv52EdM3IClS1cClZt1anygDm45F8yoiKBBBCBYxfkFZdUBvCklOoHQ/+QOqqxagBRUUwogFvkxHOEXcrLlZkRyYwlZYNa/a8H5VBatsRCa8hBoJI2qwvZpXCV9e2hUxm+A2Moz6U6Szy0YC1MY+Nwc6Fk2JXMRwAeb2Mw6rvakWQrOJIjmrGN5uVfaqarI5EQlX24jJtYqFhm5FiD0loahxhW5Y8DrWYkfP787U9+73d//w+6jUIP75OBGnobKdNi53ILsWr6fFR5IZqWSk04GTOsukiQGxWYxLMofXaYoJ7p70t/4RnMpzcayBa8R0zsVoYvrtPmlbZO8eKCchTwwg3dNJ6Q64ECntjydwuVCL6IsLINybSZkZX1b0cnUgDKgMin0KOQUm9RD64/T9zird0O4YjjreerC2IZIYQx2eVa88zgBxHvMQBhgI+sc25JCaMGD8pexpleUR2VurriYIKsL4F+IcIIH+vrLr5GGZUGQmzXbwyKI+oMxCb2Y5nlPbh7++761ltGHpiWbRHhg4dXvVWPN3wsmrBR7SNypRFKWL935pd1ukbsKPnq6ZWolXVZb/furn2hmxh8KjJrBplHe/3m7YuXt0oKBQHx3p3XX14bh0tZn2y+fS/q0l7oL3PSOXhquBWlreA0lmVnwsdXNJIdeYrWVtAiJHrY/KYQoTiaEAWjhKKJWp7D3u7evUeecU3h4KObOjyRFc5NgqPw5qqHXcwmFyCSRhPfDz68//jYgkXvGHn6wFMohiApkeGmEGz2csAijB6CplE2aoleYzIfTcyDQ2607GV9PQhiHfmjRz+8+f6nv/eHOBK9ekuNKe8FhRmt7W40VXD2Ll82s1uoBoZ73QjtaFeFOLSQ5tge5ljWx7u71x64trw1o9J3+j7GZP+OB58WXzTrrTzbqJ2z90JceiCJjcyqO2vz5MyBLNorhHz0bM2FzTHgvA5785zRe8sxnz3rvqTliSjvpXmCk8ZrQ+OfnLL5XTbyDzxlZeCJBLBaSmU8xMO1aBUNIJ0HINowk8Rc15/K03AmyrlCYBuTS1YxM8ewMVNqAxLrdaXNmlJ98QdUjD9xwZR46afJeqCN8xJHd3YVOKSHcjwEPgRVdELh0qOs7jsxJtCss9wIAdGplA5xbuss4FQxKmD5xHyqFn95jxp9PgfMvrQouDt8n7Flqu4KWEW0A+fsIpcOT5hAyDl0FWZkjlg5khd31U6U17DR73Q0lW/kolHqyNNZBQMPUVrZgggJLT/IsB3GDIBJ7FFLW92IB9UfsvJ1WWZgcJYTaqiR7LXSatu7ynYEj57Yso+0jtAO3UkP3mwTDMCxkSrrnqboi3gPk5GZ4EZD9yfY1uacIDIQrksLVEMFEhTPJqgwUTmR7/siU8Qc9QUqURFOjQjAjLW08EVZAk5ZXEDpFSWPUkPtA3PgO3fmqNEoWYraKNxFWcFDzUWXS0hDJ7neS07lgp4+ACyuG4B4l81S3N2du0dYnrYrQS0tCX6x7YKZI6qtE1V0Ulv7n5zGEmCLo0NwxAd9aEMwNg4+34cG3xUdo3GCOeSx5cMWGAqofMRBfGWnGVUuAEFOcK7gWvmAVgnqJQRh8Pou5dQNVuuFlxIeiKvonxaGwNWU1sVJmDSqzwIpLtvuXF2/fUk6fwOBcFen6mAv7AjVhb5DpSInjaUMCppUqsYR4wwnSoFbzSXTgZsfMT0cGnI0trUbbs0+x4WZjq5KcsjaJ6nmHhIGFmLCbw2ukhL9ZmenVtdjE2nKyldc88wOo6cWMCjOc2bBUPXQWQEiipYJ94BslDRajmBAGSHyRtEqrKFeSkfgXFrUqjvQ/+TP/6XZPT0uo8eOZB7S4Px8T/0KzOjw666V3lUCnRPN65Baevt6yEGjMkyim0UyRVvGwAPJ5HJrKeb0rXgjA4u6tgVgsksk3SAt/IS0jiEBh9qBuq8C0oo8YSIrLCGvP8ppODKLPOeS0QzCRmlbqlaf0OC9kSQjGfUFel9Qc7MNveiTwFEjufjNpyNBp36YnsOow8alImwbAv4o5BkHpBnDhIgZjHK8X8FX0qR0sqsYwurlM5iccou06vlAQgSmgPGAgqNZYMJrksm6JCNbKoS6E1poNgCXAIJmb2wF4UFjT0yEuz1HtsVgL0p+cmtmru1/vaFEQCU0aIGX6NBccsF0MtdB0EUC/PKQYTAEKfeeVPHmlXRYrAmCQUqxnfweH/EU/NXV+1xuiyBR8/0PP6S8WM6/1e3addtO0y+eGn2ECEng60uLR6nOO+BEIQK7e691adSDe9QtzaAza50aj9qehYJpGzwLZCmyMe86kFZYEVlTl9hOE3ZCaSbawi5PaHz49PTqsaCTuNBvV24FiRRh3pzXNM/Hz89f3GDIwKKBz5cvXwg9KYxZ6YMNMYrREqd5TwPeb16jn/5qh7rN4m+q8J8BKqbx7vaGCbvDKU9uMVbtRSjGdFFoSP6zYFRE2q1qQgUm9xNkdAaufkQef5S91JTqyHMOTUfSUKbe2xVN7meRbLOtLk3pk6oKSV5I1VhT5dMpu5+ncSHfwK3hUvb09MnV/f2bonPlarWMisoENMVhQBOWLKsvQEDA4ao2gHLNZE4MtUSUFLrrCx8d6ZOVbkfvnDv2GCeTKyLPNHDF6mJ87DJYSOtubX8GALyQYTxflTEZd4fji5fZ1KDFkmjIf86XcqHOR7AwJbzjJIqAWCkGUOtJdv7oa/VTHSNWOQMCf/yD9tmbDHOylCXczSRgjO7O6ZBaIh2iBgwzKQrCmhvNtNSXouzoEkfltuiCeskqY4SzQAR3hAB7aipdAjoRK0FGjI25vBb/XEVHZZELw8pFSby6rVkr7oJjSAgD5DsUc1IUydFgjUFBkSPyDvFCR9LPImk7B7I78OLEVBbNeiaNYl02OZLzcIcChJZCYHnp2XxSSrZeL4QrBRBOE91vaBC7yCTafR/GSbMyTpVKyqM7EUiIzOSVsEpSbNCUIc/DY8hUXhZhNiShUCRWKTbRthaweGwYCCV8w+t7eOaWlUs25QQxmpyuOe5a8vKCCP5KobG8rJb+Inh5w69AkqlS9TQA9gFFaIi8XQaa9SGG7KBtLZO/BCLye4wJ3aDG1SFqAqn1SAhBeeFAxZiCDTRAT7UkMSkM7pxMlqYqCFVexQpVP7YAkAwN2TpiszKOUJzfU7trVY4RLhfRURX46fBSq59Td1FfQMAEVfUuqrHzobwwlBEGPEAyRddHNgfERRoBkB2NI3P0BWzk1EnkS+akwgHRscJVH++jVjUpA1QdEtSOGH3uuJxcVou+ueokn6ewhM7ISmjGjF8tRj9mco0hhGnooj1GXV9sLkKDBM8MVVPTSllEtwDpRumsG/+ncsVrPRkBGNkO0DP7TG5J+RT1QqH+YWz182ZyAnpuFDPq4ADEwI5mXemOouvFt7/1h3/yp3qCvA3XWKylICfmJA+rUB44X1Gw6ESSRRLqkjPAnOKIC+VKHRQmhSVzBC0XA9C4QmSQwt7ITBJPrix6I2i0ydIUojo/lCm6nS0kGidhyW4dm+RN/RkhXU9wMVMcppTOsBxsQFDUWNPARdPu9+INk4Bg94yFUFFMBt2eWc/2uQmQsQB8d9HhHjCgBXITRDZZ05cnIfpgyVYftIFzo4JJLFiMKnc9g0IKgnwljajKAwu4CkyFAj1zKlywqNEiNyN6vZqNMFhyx/yZywFOBiA5TxF7oIpivCgPIDHNY49+99TwPdJMwgmfxEnUIADSvQl9QLu/v7u78xRz44tM2hPNFtZFktju+vrVD29ZyfX1tc20jcmR8Zs3UszANlrhUehn109emW9+c/fi9sXV9Y2nN9BiNNFOgVui11Y1De+RXI99Jg1jlu0p/aCdcdof5skzgZjHUARkwnVkmFBu0tSKQJss2prHCJitfzas6BEWQrv/3ky03WdEw5a3EbmYtY7n8QebNd7aG4ic6EvQaQNFms/YTVvHrwC0bb1rN6zaOsXC38IZFoYlqwoz00+fDJca5vRm6u2t7cHqdGHloqZ6v9HuT48+vnr9hpFZ4/fyhTdWa2c0kV4hFIE5Y1T0ZJ0Ks5bC2LY0cGEEm6tr50Pqaj1ArQHd39sinvaLy+tKs6S6NBSiktkYeqYOrNFOtkDx+SrRZEMSjbspSbzbOtTuP7IVyZw+G7+8En2GraZUN6R1qAlQvXaNqdsVQgh61IVC/WKOjLgG5nvd5+BuKwCoKzwDxyGekZAQTCuLiwgl4QY9s29FIjohpyF0xclaSd9ZuIaHU2h2hH4UKx8NhNXtgBizV79HTdzlko0BMxVbqafZCK9NJ6AqlTCPvOAkFmIMkSo6kxBz4chJoWSdbKxUb61SkxF9sihbOeVf1ImJ4BPlRrjUQw9q2vqp7qrQdyd5xQ7o4CAfol18FIwxwTxiSpSmeuyTmtAzwYbITyRHONdxqCosYz+ku1zqyuzVzdUwQTaHH0olgMfRuHgVg6VXDNGEk5zm4se9r3jI2pLtopdMEhZ0Z5ksRU0JUTfTSkXsOxtdMJ9vc0OS5GGja6S5qFCjkusncmOFPRKFkDsyi9YvjYdoTDX7FDmfo2t0VdMJ2inLTXsxMSrpSyaQee5jB0fz4U9ObLDa0/pgJ5XhAco4dZKdjU/CcMnnW4gyujviYzLruqaqJKbKCWMn5dR4TlegdBjBXYm+AKmBSETrwAzk9jLNfqJhtjLKaPTLswfXVbJH4gd7k5ouaVpO06WKmhIgwB7kMdRZlrmzJCZhghtph0Ep/lKtGmv+K66WI9ICfJQ2WAcGopEzuAmCIuAZskCHBXQynw2WIHOXE2ink4fEIVkDXc2IOhAGppJhmbgr7CRngcavhLsOTJc0+/X0/JbMChJyMXa5oEm8AL+cXVDKyROkCih/c0yoS8LkJVVapbR+Xnd/mk7Y3VdlSDX0XlTxpWcbH396YlnTQFZpzW0oByMBn4CGCC9yK4Wd4lXmZJt71JcPiFLMN0SsaxalZJTVDCJmFJSGFRAjFpgad7LNIlweFtObqtEV9bOVWmT5wankQM8WKhosLeSP/+x/uLKdu0Vj0blhkpFHhFHf3i75Je4B1rgw1N/+iLuFXWTjDhR5kYiUeZAorY3pIKCrVQFujibitCQQ3C8WXbluYsuP7pUjtM4FKrSdVVPjBSsX/50MtqQ43YdO/OpdbYgm434lObKy+qQeO8Ik0cOI4iz7ODvUSKo8cmImanFb/WQ+wrI1ylvnLaGmmdDOEahQuapKBJpEnmzzFXIzQANYYRlAVM0/uiSUAEIAuElUjyvimBC5f5MOm3eYIWSKNZvkpHAjR9mM60ZfjO3oOblmXYbnf/eIKAUlLbGjftmu2D1JU7uL6spbXBsXAmXARG0PH3kyV9F8lJEmgRrRxYChzjaiK679/OGz6M3uOYjwpAY9mZZttJWqercXLTy4ubl98+6t8adHH58YuXz71hpEYLoHvnliu8Ten4tpEarVdaJDo2h2+7GIAO3G5Jqtzn49DGLF9mMLR8lVNDmCH3rvcpZp/NCQUUOeovXGyj4Y+sosn7amuphx+3jbEMccLOh70tmCV4FbdwIN3Dw0+/rk1uvl3LonH08+k6XydhEvHsjOe0CHiPTzxyeQTkFUitCFN5MuyjSNLiqj5+6sao7dapBsXg4ZDYmpxbTcRz32cOo8vOwZ5hyTpWH3bz++ff1Dhky7GkW5wlFrLov+GFZK81slkVxj3JmFP1q+3MDA2g1YUWdej3c6nDY+akHkh0/vuxGNTIOIPVaVwbX0kzYc3TJp+91LNCsNZ7PD2Uv2TeqAZMOZq5+1Ao0FYRHdg1+1YCgJHDRyUtSgG5sCXV4W3gNGVakGwTLE4nudnRq8XzUBIAM63k9+hkSUJvUG5DSKJ5r6Y2PB0YKaFGR1KaporPK19ZCXfYgPfEz4UiTrcqD3AmIEFeVnWUljLXpiaVzWiCHVGns1dM7uxk7PEM77xkdc12EnE0O4wUcS84idmFIlwlxEkYOhGNlt6BcqlFCa2L3VSwulc1VJSANHlDMSQbizjCKVOMlPLj3qlCy5GwlEiAuFcySCjMb6sO5aiQWh8z6aczqMnBygl7wUtCWQHGCDm7UKNxKhvbznCk7cKMFCYwXfIKjYqHF9CAKxjhDKQwwZYDq5Z4vgKJVUuyOJmqXGi+T49PG/VMyDn/rKX8XlLbP1LxlEMhm8jDNE+ajQTKy+nMZ7MAPkJHUU8WpeUustTrpiIPmqUFnsajNiaNh4BYJnSxEjP/ovSdEV+GNZq7kkxeMTtEtjGOzw+J/1VzGFJxRTLbGbmCSeDrGzsPA/H2hRqN+7CuIgs0q39f6JGtC+jxCHcvTFk/QR7CfYXVHbFzt2hebkVTNxJiRII6jfPtS8OudqYjzw+1Y/zAGpIxuxCvY3YQ3cV6JKC2JgqxDYgwZC0gYqpVdnydNHyVWRg9eTnkVsUqFJyYlATkLp3gbIwTqFT+XYAsQRVeCMrkGOi9EdohU72EdraQ5VSSaDR0DTOaknUK4Lr7OUYIxpFkVP9jvX5fLRiS8dzMBPkZiIjq/ic11+GJXtNDkNJtpCEfi0dVpKUiKvyXu1FM/2Tu2JaGYUPdrf+ANOdRdpbLhHbdJLYqdSZCg0E5wsMFbtqPj86ebFj/7Jn/1z/YfCx92Ahgz8N3OZD+keq84XHjy4tNPELsOcTel3W2BXTOFSuYZcTy2kbtJWRyk6mchydDk8C6GuK9ybm3wHnkwcdZAOoYy2ILFuOcw4Slb11FbeWTeWMNPWLCeG5dTcJh5ViC+A8QJUk5Xocy0jkzSgH8b5VsVmRVMSjqDRreZJIYUu+zKIUTgMJhctnKkqDJnQRD3k0ZAdIRUCwa466VkH3Lsc99ZN3ciUZUhPrzkKt+InNza94QyXrTxo3CfOZRQayeDnBCRm2baPnTANMWYYG7lB0G5J0djQ4L0hsTsDgWIT0aSleHb+E2BcPbGkT6T1+P2Hd6zt/v1bc7VGSjx10SiUIaIni6fb77DZf7GN/auR6rmR9FJM2f7VHualN7cWXzym0oMjvUfg6vrayj8ht+nmN29eHRNEmG724xNkeHeft/Nh0ptdDCj2NmQO0LwztRgENb0rXTgx7arVuwF7uNhiysrXe9qjUUjBcrAsTC0Ui2Y7v9TZeUr37u2dN+GRP4KvHnkYxqgOGzi2YNPtZ1S31sYi7q0RhIVRC0GMzRS/rqDnXdCTPT9oxvzdXf0yWXiC5+bmBcng9Giaoy4UQ0Q9OhUwKp0uZW3sgggyxVooIzRkwVz04J6Pqf19/mzQl72Ra012AwSAZB41JitNPb6TPZMYrXVrWatry3IGiegCBxBJhBEWXvBT5E2DGtGTcqXXG81yLP589swsui0y5bofkK4jfPjY40Hmc92qIYJ+MiT2jQ6XQxEYap2wV6Y8tfPNa2iQZLzq+q60fN8YK/JwWhOuxe6yJtDg8hqm5BUuP4ykcEbGTkIS1fCBZeUNIStUnyYk90IdL6Guawit77UQlB5sa9IBdcgtcYTkomq59JU3Ii55y+6SooWGxYZNzE+rip5lMJzZvHD2V2PwVWdwgqqN7ri5S/dlRM+Rwmg7NHhwVYHmjrons9KFeZC1GmKy/Bx/1lxsbq5MWo8k3/532SKJzEwqyef+CAhAdPRSFpFEpBHOpC214Y+YzKu5gpZrz2thJd0l8JZ5dDJbhJFJGyhvnYPyMBcF1+ZyxmCELJiRi8XFXc0Z4zG6R9TlKvz5Wr+NXcUd6SYM1dAAlr6mtPipiefu+b5YS0cunU822aWaKMkJRwIK0vLaW1d4VjZ1Emlt0kkqGtWVXGoV/AeqolKrsoQazCCk55VKcmmoixMPp9/YcpSOqeHpcmAiOJmQtZIR6IA7hGlS8UMKG44lpao6mHvQG+MSpsfm6ewTzAt7ecHGrNKDY1FaxF+Ogeh8Qj4QEjPYCNEkytIlMTkcxcxYoF/mtmKViEhKkNsv0k5ZJE7GylWtEmuD/4g/icgjiyLRA0DJJD5sh8Go+43sAh2AvoLqahSUtiZ+LESWvJIIJMA4DwP9hLFczuFSSEbpag5IxqYfZbdpd0CGQ/kL8i4TTnlfjzIja6TFC5G7mLkqGk7Ne0sQhToIsk7t8YP2ZOOZPYjWyheb4DqqpvhYGPQQj5KIdOcWMxUc76xIXnQSUjaScy9CdKyir2IzKisR4LhMM9NXTuSgAqbyS5UfiiAP5TJ8VbSEmWXNGQmZfPBK1bx4kAd/+uf/8vb5rZc5aIc8I7LUiqjapWgkx9C4nlGCgDbxF1pImXnNIJfSNJhqjT9UnaOoiWAdmZRKDkK9yNSqPY6gvG3k7BH6LMffEItWqVQGAM459FjgADfGEJ0RgO2ZhskRKpmcV4o7VrfVU5XJ8W6ExVjQnZX4+KrVcB7xhk01k/i8TiY9tEuuHyoz2JF00LiMpV4obO/uSUIxJwFq2M9+KDiYziJA2ZUKEPnpBlXWAc/JI6perU0H01tukYfGIAj1OSWCnXYQqo+SJSGC/U99DS+Z06xyrik1abNCmRtPaTz18ERNQt9pMxpjURYI5kzjq+ceBR1tmPzk/u29YbSnty+vb65+/f0PFC7YMnFs10N8i/jA1rc/u7EGkQi/GIm7ujlbZ9uZ5X29xtNHt8+vbK9oCNA0NEPxALOQ7e7OmKIpaYuKkoNhxRPdshiLFg0X1tHYqcSP2WLDFXvLlLjQUODH95YL2nbbC2AwxGiaIEY5sJnkp08iPCcf3wmANtaFMP2n18o1aujtMo+vPwversxdE41RM8KBhgnoApUzZkmQH42GBPXBixe3m0kXvnt6pvnWxJz3aTyGjcM7HTH7HlKA45uXL777BWze8txwL02pBfL8PpPJulhlBpLW4Fm3jGUdcz0lK6oAmfbg9bu7rEy5AoYUzRzX6lTMsjOgbrniQnODyXWF1odj4RikFLLvfkQKa42KPuAyMAcDIAooRqqCizrcBgjBd2OgOF3QWtCRz54zt6pB5iJ3Vg9+OnJ9bjdY2dXcRT5ysoMlALWcE57GanQEh8B62zVyetIXAGmh6odVw5AKJM1xIkHDzbT7Gz36SJnbFoAAXtxeE0u3UzNvXonvuShwPV2VYqPG2UJkwP0H6wh995jyFZCsiiFV7Tl/V+NqEDH1JyxdQIIHYW6vdk3mqaGDVTXKk0mndBBHbiYQR8kj7eVEaBJ62Rb9WknSgpruRhFH2t0uU9MQZ+dOoNyBhkRZXbIvNdA6JZJ00A3ZHPsNPBpaGhuieK1TR7LaJaEGz0y2VPfUUtiGwJC4YdFsA5oREehn9zMnhggpC4s7NOcUEQ7ekVy2Gti+lOgvW4zvhhlTSNeAQpdH3tjAsER9qge2H2Spwpj9qICE6nPOJYDqx3e0D1bkZOeEkYVKlOJSZixn9gnBtRLljTQlcFWyGhmI7BU4/FWOZbVVbZhkHcx9d0AUaS6n32SVtNpnAMqscKSw1uDHR2T6ZSUjH5c98cDNyFKRgTjnBolfI2mcrMR8iy0nzJa4QdoGJdXxnyATdIWchL6z8T8ZRMXKJNDEMQnE8j7SVqU65/+02FBGbyKJ62E6puOqwjU5NxnOHOPNedLYR9r0s0ZXfdCykjp4xh7DR+ajNBUMyj/CC2qpiukUcVawhcOQQB+kSqTuYO4vG6vQMb5lJwx/yvrfSYxfyPULVCJgRElzBavnzP+ghaZYbNEDCSAJ6/MZJQYreg6pon09kz7EMIg5h8eP7i++DaFTUrJ0op6TVDAc86POguQgtCYENyxfysyqkrVP1xU7/A9mNapbapzNgyWtqmRoFS63tEQpOQAwrNSGsZQ9LTNZMXkCcah6/eLbP/un/2O6VsdDGhmGkkqpUp/ElSFQVFevkKVXch2L20VSJVk9XkEVWYALcf+wTFNZJR02QSQFBjycedQPj58agNFt14vjz2IabjmOdvCy7Q81k+g7ZuGJERCBWhILlpE7n0BG9mTIsfTkib1YWuJbetU2GhDVY4GvVpvjn3vlldaz7kJpwnSgXydh8M7YRUwm6OQ96RFGzqgRg8I1QJudm61JRtjsriVoT73lI0qAUHMw8SRmFmEk4oe24ntrlKnsswAAIABJREFUBjbZ7q1iEexRU1vBZB55XdDIsl5MWCYQEOXgPlYykEntgY2dRWcCu7qJ2s2j58+f203H7JwCJC3qQjF3Y6SIEJ9cGQZ8emez6x8M5H148fKlPAv+BHwf7j/9+CcvSNr217Lqg7225Lb9lt/d2ZXw0c3V9cMrL1y5e/X9a3sGPrl5agGfxX+vX73BovHF16+/j0iSYTP6QVOtHz49e+61Uo1lohk32oFFfpaR2dWQZi0oI7UPzRbrDdDfi7P7sa+10lwLvTwWkl6/+eENcb1+9QPzM5CZIT6xus5W4y2FbJxSxNlM8dN1sZ+MShKoby+O9gAyGxDekbzh0bY25HYf925osUt7Hd7fW7Xp4WUK1i9+vGeWn+tpGfEnT4i/vnr2h8LKly97sfUxyxYAMs8PPcpiDrH7oKpa3Hid5JnQ1MSYRO8KR2rvMvngBda+auE1hrXitkYryNBW2TuzZAPZiJZcBNbMrUzpvb7cXj8s1qe2OfkQ/nYxvNhkDaObCOpDWmEOMxAjd9/Q80ZGew1BC4JZZ76k9uVV3JdQD1XaDeDBzxTzN0ghdnjcLNrEFEe5ksLOxnF1MVBufUgtIIjbMErLD0rNyo9/AsBX46MEUk7HcCWN5jprtBeRcNCCHxuedyMaqArX/9zujXvuKBojO0BzX+UGc6e5jZpj36spvQxAqlJPnq+bc5Pexy0N/XmI1ECvjaqvPl1NF5ybHR/JnBJqypFOWTTQ7Sih1NDCPOxwrj9yST5z33QEcRjQkMA1LH4zF1JRQ6ok4MYosVMbZWkjLjmv+bjkSUpHUS6SEkaynELtOdL6LdS2vjFlEcw4p8tAIHV3GAFJBrQ5N9aZkKRCLGag44UZaosAA5gdseXY6n5zjOxHwpguDKj/jAsmy0XJMDbIPk6J/BduUA2Mg60BCEH0wq2sxCwpPHrmftYOFv51GxAP0RBx6k2ch6y1mAn3kJaZ7D/k0lVOXIjvmb91UsDM5hJoeEDlVAPnKlrmWhERT2pXuI6zI/TI6awfvjleD5aioYwvQ5PlfBcpq78RVgnnPaUVrJWAwWntu1vI9ZWI4iRtpm2qxrtWODuLKqpSQd/DvMuRBWNIg4fFGCfWfpWvl9Wu5PgfJVmG03iWkEzWuFdEFuH0+VoDJQ1TV0nxoVazbLB9dYISVYYk9V6y/AR+klKKr8NelHZewsiu8A5qcmgZri9J0kPoAEU6DAM++mqLCmZmB7+8gY37GJCaTQ4IyNPOUFcuSMEKfEUixtdkU9FulgJ8SM0UarLB74yu8MLrd4/FYtyjP+ETzXT0BN1DfXFAgcyIOssg0JDJx0yCuDC2jAymQo6EAI8GGzJWGRjfB7m8KhdwEEJkj8YqKwVIhIXRV5Z8pJBVHdr9zpplHxEoephWchxrnH/yZ3/x4vb5x493yC1xMqyCiwLCw0DjBjBujR2/5bJR6joOPZY8XTF31KqtcESd0lH9oc7pEBQsdo1zvaxZxcV/uzkPSYWTvAIwT0S6wnbrlbv2CTIaU5VCW+wHYhLLo04gUV2pqiT/fEvdcLENzFu+JovbTxGH2BCKIJMhfMqNknSXWgDQRrfgOxAzQvBj9jz4PBXE7OQZlCE74HyP4Jy/Q73Y6QY9KgnAUKhwxCJ4EKEXNDS8EgyfpoiSlo64yBuOqOIaMkk59POxV94hnIMVRAj23HAjNwLtfnhlJ8Jmh6UZ9RaOehjC08b2sWnmVND60F4wLYzTs0HdNtcfPnolseFk1bEidj9uuOkzI+ZmROcOUHB/p5bxNSlahnHATXQ++mI4DG31mIabBRD1KHFQEJOYepgaLGLxwKz9Z6ARtJsxY1rmdqW/e2OjPpPp7QUt2ePCIyMjEKOLRL0r5dX9a8DqmRu+SbqEIKaVgDsNiIlWuUc0GjolbXGz8Fuv/7Slh4lfdT/2kVCf+vQZPV4tUAIxbWa5LKM79k+PSbLNpSXXLOyf2IIK1g64HjEzk5VZNCxHeSSA20wsi4RIz3baNZHlcUD3gdoTEKgowlCQ6EZNCtySwpp+EHzVYtxCFRl2K9njvdKM//onMTGxq+xrSxW7BVDvkuJl2T1Dh9h8vkZkTNQ9n1uRFvu38AMQCDzjJKxGhRY+/lLaTrNlg78kBWj0dEK5ftZcIZt+NUgyR1s+aSX4CFljoHHWOufucMTrwHjTYzzgXOGijkvrRWMAYerE4hBXIjCmTse91dqwp5agO/NY+o1J8za+iV1qmKGNyuKN0nJr3bZmgKkl0OkeVQllp34RPApYEOEIv7cj7OwzQ65c8dbaHwVbMJNlU+70lvzwEgFrJ6Fxms+at6l2ksuNwp78cJx/OvYiRyN2laKICXl5MKQX7TG64Equwowl7+eY256syDFrQSoah0wB2qwVpBCJ0ZJUc0KR4Zz1ZmVOWXOOpDOnczmSCXEBm/nc9n34KjQDmzJoJCjzwFE1XY5tGVk54vN4h2prjbqHRmRUjJg0rFTEKA88Z3Bhvxh1NJIDI42OUKWiQYgV54F2Sgedp/1EW3lnZCU33itCLi47VsJvKcljcBSP6lGGE2cr6+tYIikN0hChJLhTSmqOaTgAnuQylwQwiH3LlnWWaSkpZ+ChmG4ACkqMZQH2diVatFUonrdSu51XzYxYPDQJDOJkcKFk5AQYqBgb/YHFkuRMqdzRylZ66zwco6z0cpbbz7DC7Czulk8AKz22Zk2ru9zkX9FE61jHnLd0fkHwtSzK5qniDrqIXZkojv8ux/d/V2FJytfCwBsibDrFx7H1+K11nspQRFYgfJxSc3/SOmSmgS4VKflCRien8UTIiofmiHL1JGZhSbGcYvgVe8Qj+TPL5UELbkG36BAjdieZ6ZBl2PKLOMiyI2wGGyVRnysdOsWGPcIrVvaEEufnT6p2l8GpVM24DCgQp9KpwMSHRrlmAUHrWpljzbWKtYvDdsIgRU4tNm9efPtP/9m/bIU0oHPJa6g11sQGWeEOs68TXZ8BvrskKSMfzOIwBXuMg9NWK/SSCIWy02c6X5tlMxp54YCRlidXt8YwCjTVEUkM8UryxWg3majX1CWDmLRcyq032npHsZGxoZkL84jgMCpRv9QEyCirqpbW1FCzi4jOoTdxulvoGMzFrGF3EaaiLXhmJ+hPfplHblukgKVgiop0DDo+xfDpV12w/PafAAoskpU3GDKPJKFgzyu0qLBR2BSUZhvvSZzjtOrta1PVTb7vYSAgK3BpgrUuk8v5atsWirSatfJHrtDDijhHbNiYxn4xhtSshPbO5esbo2YfPnjksxkQdGdXjmkQVfq7Zx4mefbwysJC298AUaCCSI/QiSfsVnj/3IjN02fvvrx70wPLPWmtrzTciDoh1Pe/+v72xY2yr968sRkNXSImztKcF6jYEdBMsXWNOqJPbz/diQ9cChALKU3XmuM1a21AUJXPjzxqLXgGxztYtATR7iPPZ0e4eeQiMHPfFKEVfn7XsxhmrgUL9aptXijscR8noPQUy2fLFsEUYqiO4w/vP1w/fNaLRlwqXxfVIx2Pnj2ycJPctocIg6VpS0o+2XqicIpp9pq+uzevvWlQMFlc4onsFgwkRMZCpxoLZbXHpB9xOLBet9yg7If3RhTpkXYN5nlVoCDYeCXI0AgYF7FSYoaYBSKXfhgkG9brz2igaeFhG17qQpiKHbax0Jix2Ezh8hvAE/l1KBAhsc5VeXHObnhYztZdkNKTht7aryrytRGF22gQOWo1/RXBKC7smEt0EbAawijtISyEVi183ddJRyeTQD1RYKlbl0qzBIkA9YSKVnXGJNgJrVZFCUCKp5NkN1EFJZSTC4oCSQLEdbXKAMRQb549fWt1Q36makMD2aANXumVvTTmYkH85S80OxUKzJQRgVAbMvI2JKF80JpCUYBTq9Xgak0R/Z1wA1o2K2z8EDJIclKHiPDC4iKWuabgpg7HktV3lc9Zl8F8tOuNoh3a4inrTNZfoczP6ZXoVCRBWiBHEU4uzr5pes44TrSUDP6j/xRWMTWAjKSjENUSfILrB0qsjuugZBjRncBowoXlupVUjQcTlgcuh5WtJCvACcDpHGPyIr1kHc64Je1IGwnsOpZ9+5PY9fl3vnu8QvOR+pVaXKt8IRZPaiTcSf7QPxE3LEol4Zv4oY356nYdi378AVe1GE+Wk4VyVSslip1JyK9EygBUIMAnLebS6QFb+ZhOb1lO1SKyE5e0ELH6w6Wsn7jgC3oFFlRQNOVZdcODcLUmUzaAaLuJ5kiIFNRJdZViok9HAklFid2Zkr6HOht2yIrcDOdC8kpNHkGpRsHHJCN1n3M1WSe3Earc4Wt0B7oDk8u9oOmiyv2UEzEONSehqOnK/7le5fRwlDp5yx51iTHtRST+Lo0xgMWk1YyysVaZWvbgJ+/xUaHZQMV9yq4CAGrRTPm1/RHZ5YoEspM+0ZuGavlreN3Wp6T2g11oyBvUmwgX+1Pu1MzWprfBzgRHCdDOSxvJcwVpLzzhjxgk1XpTzVFw2WvPSXMiUrIqUbSz81veoV0ThkSBCvJGUcLrVixsuenoO+Jgo58//8mf/8WL5y9aDe02+Zh/oR0QGu2ehQxShOShcVfdaEHDnlSo2ZPReBNzFEKZ7+WMVAAjj3u4gBp5p1E2+qfj7e1qSD1GHNlAigiFXbUhYMnXM7M5Gy6g8CoGEkYycFdaHR47gqSug8xo4lUtZPef/Veh+50BqSSQIIhF6p+UXyRaARXHHrriUm1UVLHpzUXViTIBJZhO9QnU70PehQPhqLNYC0tVwQjqbMMVHIieK4wvpVMKCyExUs2rtkyLx5XOCn2LbafShqn03IY2pmLSAKbE7JNV9QhOBAHiUvDB7Ewmcifv770HBdWUYLeOgL32NrpXb9muSOjd+w81DjQ07GQ5oHDQSSvT3Kwi4Vj5t9+8cAknEjgr0Zj3qZjtZTrDKcKzvK/nPzQK4i3g25uUDeYJ6LOfCfjN67d4BJ2B3L25gxduQdK9yU7ToE2zdzAgt8su3DP/6NuXbp6FksV5Tx7aZIc96j6IWvW2gXj88OZWlOb8XuOG8LTc5PrlE79qsMcjx/jtpXpCXZVtTNuixtjXCbIL1NJh0XmPeH+8vb0mTSsyqeaMzynHWCA1AU3EAALPBmeAxnbTPFGwQsLHC9vRHhoxawaTaewv422UFY+M4+7urWaiSJkzcD2xo4V6JTTk3MSl55Slu1TuWHCkFJsKgsEZtG6DdIl0B6RnkzMnNtMUdmbUUK2QlmEUtxXmZY8MMutZZJLJqX+61eOeq6pw2KSnw9oXHrXWWjj+kFszq0f/1Fvx5NfJR23EVlMlAgFr/m08Sa3xzin45TnxFqKIykNXFr+a1lgf3xoWsTMzxjmz70k2Y9EhqMeoPnXwNXlD3mAtKwWNZ4UqUA99YetgqSv2ySuOlJOK4saE80foQ9dEkFpSNRP3LRxmN5siRy5/G/4acZDyjHHtFJuxD/oILN156ZN8IR3l1E5Edlp2NpE0Ekr3YEwX3jC5M4jVBs/rfdxqpGVtO4n5rmaNAzTDfO53Pnrwy3JcD61L3Mg6JApGl6KIRC+N5QsjPI8kvdJB8bv1kK54FdBjpcpT+uqgJl1m+ViKqSLG9EcgdIKFOeaWGslNuSlqWkksiImkKFZ13uLYz8x6Kou7KqGP3GK4vAO+s6R9yvTdaZJTrgqxd7Gp/GUAqzNPGTi5iSOK+mQhSwpUupRzqRXNke23Fj1AQysRCrDiAE5ZWV+VV5vtDLOUqsvfQaduZEtgD2qocsGkKVpSk2w0u17u6o6dqXHoPK87X4UHS/moAfZcY0UbPrji5JKlEypCUimFzEqROLM+GCMcQAUODcvFj18fOXETq3mDMA705FJmXJ5PUMBdWaep5kLOTP9SQwUFI3DlQ1GV6p3SoSSMNboBTj5Lqo+tfOLasVJ8ShQkhYnDWSD2P6CddjVBOQlxPHWdIM5vl2VWMLSn0AhbdSmDNunD3r1RUNDG9nML9szmqriHHHcHVxlVGToGBjoog5Rh0li5EEfD2iFbwW4lMovM/dwy43FudNgZIJ3hO+pME15kkQWpMJQzqDEK73g6WHE888y1OZ9kwx0TFfP/+fr5N3/+z/7CoEHeSIcK24iAJvBKScIG3IhEiFQ1z46x5/5bzJlVFXeYp4WRP0kvpoRq7pENvcXoEweyW4DNJz164qEHWw82xp1EeJ4ji2x4CMEvRM8gIgHB5KZsQsgHKb40/aiq9JLdR2WLvUDBZU1VTyHLw9gxSE0ejWwk7HSQsXcMo8BIa1Y+jdNX6iQBt8vJLkqGImuOR0qHgDzmgSocKPyRgO1g6mVQ3pupYmc+OHBabvOVSdylbjsS1zMgnzdoq5FmrUKR8JESQ9xhFyiJrgjy72KPLbpl6SmWj2bZDPqZr/TOk6xoy9/Ed3PotVDR1f2dKMxMrgG6L89f3kZvb5xzJ/Dg5rlXp9gNZmsnPvcAsiuyguvFNy/xa50iQ/bGFLThgIdyH+vVJgbAXrx4id72lN4jMuaRgBKI1Cltn78180RoNv3mweMrkRzzt6qv8fdrL33B4/U1x/dEYEoJt7dXnoDBkN7vhx9ee6b53b2tKwETcT62JYs+hJf80I6PPTFz9/Z9sQs06aOlrJYPkpXOsB3uS2UvNoZMccYjedeb2+sipXdWJRqDhNQz1EZMBXKfrBA3ZU4qTLgmZ2VCY7qNeAlSe/tfHblZ2j2vcNaMGhw17lqHkL4ylzbFM8Z48+QRRL3iz43aYqXMGyLixQ7D8w4VTbvAcm1VKQbALvMXGfSXXlfdqGRDVYwnS9vNXvGsiLZ+qQewDWdmFkJbxgwWUzZC3xY2bbUINxbECrUfi2ToshubnmIGENk0QbBTLmup3w0YGhJdzTmqsFbaoIdBXngACFx7qlQA3ZkndbS1SkJJjCWEinwilPFJC1It1WGcEe/gzOSHPJ8wFWiBtcQ8S67Gq1+0MW3Ct5yPD54/v67nAynicrE0kNuNiFpNgR/iwwPyaAu7kkuqV5ShnUcQCC6mx340dc24AZt0UrbIrC6ApigZhzF5YUbduMwGKtsNcuzFZcfCp04mByiw081KD/27varhFJIu49TBiEh4MEAO6rycU/TgsXEyjqYgTlaYAi5rLKcRTsxWVRSJpnmpCuF9wNxIJyUpRKB67ohR+nQnWlOff8pn7uYCmpXn00KYLTrWg9FUwiYyJjZCbXVBPt3kS5ExxTRgkRHnkxNoprhPvHfqH2PCezqHndbqE0sMjPtXpKK3y1WMGf8XA0MVTaEEviBUP/fpaqCOgeaXdQvpM4J9BYWNZfZj6YD0nVRKYh3syhHifhAfiil+nrmkI4STn0k6W2dKEQHOziJUVShdl2ygQlZwlusr6OWs8TRBT2RPbLWsvbdFrs0/u0Ey52JCqpYaqCr5xo6z9B7ucsAV8qM6wU+8lWiAOVLUCPcpOqrUO9eY6nRFBje+IzLYmADlK0JlQBjRJ/bEaLl1dBvCKB++DZeP1iQdoABHScYb+MOP1PpXlx0DVaYPJg59LlagKrO3gZMtISGM0KWFO5Z9qg02A4rWigQcEeMoAcphwFrLykfgqq9gVCWuUSL5MMIPWMTdQ8VMip9ZQKgL5iQuQWKDNvAeTg6+TC77iYwAdSElNFmr1IhAcFGNmoxomZHg7xhlws0NjpMIjnzfVSSHpUstWSra4vOUjulLAYIHusr+o8vBe3769E/+2b8yXfjBRidUM3ksnruwgTtFFcvTolLkZ46v6YYGOMCQ4qY2NYPfTe02zEMK0uI4QvKcEz0ntoLKavnGPa6Aju5YPDXGULVQmuaLILsvl5tHKQ0fqOFB8obJKLsXIeXG8wIJVRMNrDrZqHMOKBh6aE4tl7D7V9IpKlXIu6eNz8Euad3wWnGEJJOE61O7ailfWlZY5kDmgGIx9HwOZz9R/6MBymnq5ZBSpYJOscEWHZr/bW8XVfJX5SatVelePTeid0JZUqh5MTTXu2UAZ7vB5X3GMlFDpcfyZRbX+BUHQl46Fz23/afFXmyNYzHTyW1f3z7+8K6JT+sRLcQr5OkRrAYNbQ0jOONBPBrSakUBq2WbPcTy0Z7YSBGJ9i6Tq3bPQXGdW7vDeGThk+X8CDbjfPfmbeJmQB+ExRhIvj1snDqcPvz4jhA8xe4d3PGamthnWyp+fuy56OaiE7Zxw/rgB14PfUfvwtyEbTGdQ3hEDnTamjliTQkYJBkdt2KGG6GoN2dBFpQZFLwRFifNqQjH9l9sSaLub5Zw321JwZ0FoZ7F6SFuISm3EvbMn0ju3969/t03r3/8rbWat2iPm8zBV3bhq/sNKxPx0z+DtVq5GCIZUDfH3uQysqF4/8a22zRoo8Tm2TNUMGYxymauhI82ybgAwPNMYVMiR0IkJsRpGteFoXnAbjaUuVijHYIauvdW3B6yL7yiDhA8Oi1kj2Am1Mbp3ufynhoq2URJ/ffA0UKKWLvzdNsMlKAjwSRAyqx1G9ASqBTmJoS4oFA0btmZ+KVW3sGE+4YH9fFUw1G+s9AksKrPdDfzXfyT5DJvbeFRc/1IYhUfvNhYFPzo4UsDut4DZC2Egm49EnVn3EYiA5LXibJy648CR5R+lFgGcuW1gl/IebnZEFqgxDWwCiGu0mj1T5qunHWZGJXYnSvc56mMA116KTVlbipzKSJiBbWMTtlUW28KD/lWLSY6EBhsAqlRhEcDwHAoc31KxEMDVVygdpTbccQefBUrd52L4g+9pEgWGdi5INEmlUIZzIFZkEk0ge7xbQWtS0FSxGV+RYdFiiaScxLDAwSa4r05ZuBGG6RNDRVMDUsCTBthch7liMJSw5bHD4chYlr7mLVjC0GKIv+rHOIIiKkP/n4Dlb4UOgyrFtdATPfpOGxKVoAeA10XqVSFZgQE5Df1Rah8hMP6G7wTZBbkqO8EAvGIGa7kePrtI/baSWJgPWQVVOXm7SI22aCnqsiZ+Ev1T17nL6JAiMSoTCC1e/6I6Iu1LcDlog0gNhzAIBrpiHGlHcEKk8sojtSJgzwVmOTTQ0OoawXpKGuoLUTZSM6mOvaDo0SqxMGAphr2BXhWvHLV9Zcgg3LIOBJzVcLwL70vJQ9F4B/k0wldgo2gc0C9pqN2dPhROOT7jMt0NinHxep1DTYBVzcQpL12+ZWFMuKWEMhnNI98NUe78mWmZ0nOD6lZ5VB/RblfeSWndUj71kpzm0WHDnMSzXSQdLAj6lRLGUOY5UxNSErq+wrgVBAdaqgbGRLZVSoN545Z08hOTbPp2llyVGaMr+zYVREdQw3KvFFy8j80UvaB0gDTs9tv/um/+Iv7j+9EXIrqmbirOPBHT/Pv/AaaGE/jQETpb8tjYNGsFea6C80YMELjIv6xpksLycGYgUtqjXxATIF5awU6JZyjVgcNCMWiaQY1uWZPwPacce0VWBuDxHhWErZ48n9AjG4CMdLDZushGhhbJg4aHYR89KhUwwUvoec29L6xq4BpHGpJI+YFXXaaPsKr5CS9ghJNurQjYIyws+ZNQC16rVKII7FqeOm8lw8Ll2oDEygDUpYzbQqoeZ8qtiiTMPWCGxjbpBJxcKfnzR8BTjiTAmiNUNYrW3nWeGTe45ntDE0u3hneM9l6/cIOhaZQ729vepi3WEe/1gNC1M3aPnub8LuWZBYMYNBgFTExbKvlCriMTX74aIbXFBXiRI/Y1Vu0UvH6BiLr6zw3Yijr9ds32LQC8P79XVKkW3vsXD15e5eaNVBQe+nF7a2bXxPHpiXRQAhzWHapLuAwFkiY1pfd9U7nHtl5fG2AUGj7XicocpVnyNMUM2KsODRY2zCkZ5HnlgWps5QkX9z08dMzQqbHXstmkd9jU9QCRwfrNc7WmjwbQ3rLSJQ/tSLQZA9YrHdP+QthTZ5+fPtWpHtvdA2RRlhTuVD482c7eBeBM8wvLXVET1t3077WhTcxn72BjDIKo6yWrU2wLU+BsLSNQLY00J0C5bxje1L11nlIw/zgdj+6NZG4hZHaugHMAKwnEzG2lrG2Itqrf8m0Zv9MoHSIvOTa6slG/hICCZhmbL0rwFl5nX3jX3oZrZULKEjhAdSuORT+eOqMnRS0NPrpUi1daOF59HYZYnt+aa8Xr1Uo6LbDY+prdFou5HDhpbg221W1jQDpohlaQSrALeR2q6YheJjfK37YzccWsJKq8oJC49XXHq73SnELJtoisXE1agDM80zfeCm2CbiPPd5U4wtDjsQJPqLhOJYRKVUrrvvNV/ldlcrH16SXMGsUhCiNSs4pQGu+7Ici13dr43nzTK6qKfIAUfCgz5VERNDhnzSS6UbowHdz5baI8bLmSiWyIrN4KFRlD7tBZGtr+pwi48rUP/TQCCeAG8r5UG8X4VAMYfy5yBWxOtTE9awzEU1SvFoWm3TkFR0yzRHmx9BjChkxxKSQtuQnj5Q1sppgA8A8qDZxk4Mv6UVcGh71dlllSUolgs7Iy28i0aAauAcdldivncT9uiEZsVDZAOVXHADJVQNo3Adwwh6SLrtO5J2FPFk6RfJF64EYwGm/Rhm0BKeVRXDKLBF6CIIE+DKGTgkcBPegiW3F9pMZuCLxCU3rADP00hS7nPqBKL10w1cmIfq6VJYHTl8JmNe3bpts2DyXa40Fh6X1thHTYEbZSAhKFwdXAOIqaP60NDchF8ArtY4WK+c4apnsVj8o5yQ45xQ+Iteg6A1/YydQSS0mdxLFw5vYSOnwPs5REeeKklwiOCIM/DgNX9WHcAAnYeBOfgVB8F+pvDH5wKVUF+cyyEeRcK6FDhvycs3hVuPwo+gI2dV0j2DQjzLTUkTGaCWU7TJWO/tNeojhV5ECsvq2v8/86/852Yv7ZuIHOyCDzKiGortSXHX/XULg0JqRh7uQLxM9dryGzG4StdwIrA0gINmPgKmNmqYiAAAgAElEQVT8hCxKRBvnUBMBvASUJsI6hnGB32DX70j2trlPH/7Zn//FzdXNu3ud38fGpYpi67vA8J3ABQco0zPlNixgb+44ya4zSAwMZGAn7FET4th0T8iOI3kugJFo7vDrZBYznUmHQ6/oSqNNIdg9aqhFKd5uzDP3pAAGt9xg3CIZjG5NdIQn4cSE7mCkpLmaAvkMN0eu0zqiACPXk/xhibxachQmoM3UzA0nSU+XHcKKHdHWQF8SmIRml0khpGlSh1FYO21UorIUTg4TqBwcVLxeDdENHYgd8CMuJOeP796p81x3l2HlNALWzKD3kST3E2tWUpBtusHtidBna/+xCDt1xBxpFnl1q4mqelkP9Lw015znF17pYjFreMx7h3VL+DffKsTx4IX9B28eX93cmEh9b7WLR6xfvX4VaLthe2HFYwNp3rx3ngLByQNPBMMICIDivwgQf3rIA5p28JFcfCYxUyGT6Os5RTXsmCMipKEP7Q2Z/IUawg++T4fJBWJcB2XIkNWLU9kWlzgPKUj9+P7dWy/Ewyx47M5dtcJYffv2TavS3Ln1vpYe9Db3bZiQQ1XUOaw028QeMgR81iZ63NsqTER++vz21SvSFnc23/rRkkoxEgU/7eWATx9f24pbYHKdDLG64IzZzCWk1a1Jq636MFUNqyE1BXS3DmOYDzw63kh09oFrURsd8SUEwBwn6aTtw6TU3wUQ2U2+VZkN7WMNXF6CxYssWg3JzIsBsmOc+iWH93dvazZIbaCN8JiqR7B77bK//FtWJkYkuYaHsjjxSPoy+CwsDH93EskEFf2NmrSJfSCTP9rr4YUMmKhPKIRKpRATcK0UpT1ejyoQ5/w8Um7aXvB4Z6ekv/3+u1/88pc/+9mvfv5LA9i9GzBbMa5ZkNbCq5ur2xcvfucnP/mDP/yj59+8ABBLlgegQ4BF4Z7tvHu/5Y8adeyHxhFPhN1Vwqmpk06XkSEdS10kycrjGIU74mAWy2lVDdVAYzT4tWO0VVYGcwueT8KuVheJF9yTMCeRmGj2hGFFeSca00pJX+WkmKzzXYAHgXFNDXmXbo5cyepuM618ceuIcucIKa53RhGjAuLhrlgso8N9YGSmD1xHWK3b5EP4q9VIpovPvL5rsZoDxHgnviyGKCDqe8IFo75i6p59QJrQJmy/ySQ2sFTJerwpCMSVq+glPmR1JcYA+9uhyux0MINEvsn1KC1RpbzUHW3jHZ7QRUPcp7ljuul3CGJdmdAkBN2eyhFFss6BBCAQ0g3QEtlhvaz+J46LCCunlUdDRlGVGmAQMinc+q5eRAxWrIUiVvfbAqzOcKN3qySBhujiJeIVT92Gceu7qWscsfUljzSTygfAv5L9BCcI+A+NrAiId51NW1ptM9Aly8Ab8uFKwVDRkHLZTF0rPqjHlWM6DerEnmjmF8oKWcHJUbvrKibmITg8BTwKFMbmyOprpST2G/k5iGwyTnYkJ588KUaTTuIIhVJuLFdM8T5hBTtYoyf4USzJCbpzQaBXyv9UECzFM6xgj5JkObhDtlO5/fZzCN1pXA5SlYO4S1/ZQL1yt8UdF+gon0WPqSQJZFnJcgLMOiRFs7xyd7nfCAVpSGYuKk7ONU74Kjnm4QtGTAwxgZFOkpofGJx5NzWCuNIJqhN/V89u//B3/+CX/+3fNkpknwhvwmAEoBrBygK9WMJKf+LM1ZKr8Mg0bJ6wI4rFMFDHHnqXeJwojWlwPUFbczCGB2gGxrQ9RssDGRHi2Tn1kTuapmKuKRbisTsvFd0oZSihGHvtJhtBHrTku4rL67pzJ8kiKgor/YKhj5slPvp8/54zrn59qcnQAFAbDFxzHsUDpMXfybL4nrBqK8Rdt1bnWrtvejpXGqvxbbQLzPpBNNCsLCTn0fnooNJ1tJMBcdQgdLaGkizzauAuNXj4dAvj78V/2+4EEQa3YNDqmD1pcNpSVES0kEjbJvYJpdADjJpR4de4bqDRSNe9+QeDdJDi7enVrWnWm+ur5hOtBhIxfHjvxiAuNwaDu+c318Zs9DymX8V/wk4L/vS4wibM//jbH5Gb2WWvYzGM9vz2OThmRQ3oaFNXT66N4729e2NPRL21x3tvX1y//v516+rquRv41CTonQjwdG37w54j+XBzfStaef/WskUvNebvnrz15IolceaEv7zX2ZvGJaarx0ZAU45xeqEePtviEVDvcfZKge7UWhXAmkzWi5fvPr8XKhld83yGAVQRTHLzxE9PYbX5s5r0gt/rZ8/ubeLnYea398/eCY7t7FgHcf8uThmisdhH1416ujNpuaCNuxdx2rXQPbye0zLNPSjBu1JyQ+YE4lhA1hhwzZAltAG1dY1Guz4+9rasx7btcbOS/UuxcyQ7JCtazGwY1mYkMoYspkaUqVdAqA0FWytg6BYgg9qzzCzRI9hWu0vYsywZHnDeO279mYlgqzHvBU8kyuyLvYSqDGAe43T3mxOI4G7YsvpueMxsFcugao0IPjF0u/HlELaGIbou9tr9j2fTEUYEwYnoXnGumVHx7tlaj++GwvvAMfj61atf/uKXf/s3f/39L3559/oV1qonasxrIIVAYoLu7CX++fWDn//9P/z14//6f/67f2f7yd//vZ8S/+/89Pdf/Oh3nlDYsyfXaOuVPFsrWAPLcGqvEPbjpCa+c02Yj6AuWCpaOb/pYEOi7XRI/iylj1Ld1zbQhZ7JxklxTeGU6gTvpLJ5K4CBcYQriCFYk48bltK9Ca5YVAPUu9rNOZCVTW7VTMiIgjhi8qP1hj51/6eHtNmnEf3tctoWYwPNq0SsHQ0QGXPGwEYMXUrPxeGT6xiVbCDGyQhpKRd/CxWLFrPkjecFJsLs41EIgI51JZJylnGtWt1b5+D33fPw9dc50YRQQbWSXDji0FFVEoCHbIre0CpxkWKe3HXgw98weeJAbC5Z3SSV95ccE4cXRaTBU53S85LKd87thbCToQqh8ruUzSKYxFhZ+fGhRlAayEw1I6g0pSkhlzTmhz16QxWyzqMVAY3LRysZyCOVUgM7kRgCj4SEWfOTOhBp2Amx6YyC1eoH6meWbrl7Baq+YeIfD7EcXtVCVZ8fvNBH8yw+2rEs3TF9ZCSQr1T1+4zfQ0P1ZFd7v52DTUITelSP3FLBuxzHOFbjAD8wYDlQD7AjyyiVobKig+bs0ISB30CUp7VtPF3a8lcY9q7HTvfH8RzR6kZPNhkYmE9jr0SyqcREXf3wLaVKFzKSV9YmKcr6L6fSB2d5S/0NmdhOflGXdKV3BDN9dKZCpAcF8kpmihK6lrMhHo001Dp9DPE9BWCS4n4ouwsf4DjBFRDyWURMshfFZzqRsZRTO3SVxGEZpDlNy4RCZLHCMCBc++KmP9396sOv/8ubX/+cFO3D8cCOsD1h8OLhU2/N/ebh0+ePr1/aFqWxIEByCyiMSvDd+M5HYLBZ6cbIa+A95tLAgfnQgqsisipvXB+tUliWO2BP2/Ia6gV7rT1zIzbMlpKHi17RKnxO5BRiGLKoJ0y1rjbhfKiDu4oaUiEc1KRRg/YKWs5HFceRaZmJSQktJYcZJtyJzBTSkbsZRGgIcmJq1RHjf0YckJR/EQqWBcT5n1pMqp+EMixVSF4no+Kk0kodXC+rGp/uTT+aHKx/VcTQDtoPXISQsGp1EWLZaoYXUR/d2FMU4hrY8qRt68/0XHznU4/2mgKO0myM6JG+VXQ6eGN+QHw2DoYGHVPG1nBuHvKtl/G9ffsBQeSLAiyZif7yyPPF1tvd3ty0AsmMqjnlt8whZ3vt3RUiygftoY1PobyZDyBtkW0i0L1tiV+eGnr+/L4hksmsgF6CKLVbXwOMFkc+MwBpKeM1RMo9elCQd59yPcXUembmBLtJ3peeg2nK69PN7W07YLcetPfQiA3Q027NXzyv3dJtl2TSW74T/2OTdwo/vX7iHdF37+887yLYff36lSFFfTNRi4M/3HtE5tq6HnS+v7o3VAhOU2uFPkxJfGCP2nZIVMD7V7yCDxNqFI31FFSjR7RL8vSVDDMA9wkNDTYYrHmJJdCcr1iWfpeWP3ld9esisM1GnBaRhJlrCy8bOq00q1UrgwoJ/yxSM/hp76Yvn5498N6sWrWSURtqaJDg0ZtGmhubbI5eIc3s80fz7O4i2BKkgLF8P+2KTk2oyxoV7Mh0XebFhCgAlp5Rr4D7PcsOFKqxDJAmrYg/9Etyn7nqbnJaZoph9DAOUfnf/T//8LN/+Ltf/sPP2v+cJjPmOjuNsPHjNUwQ9InsgWyYH7VCR2Lfff+dcOq3vv3J97/+7te/+u5P/vzD7/3RH+ssv/325d/9/NXEhXCkVt/R2T619xL95Q7Bj1LfPsD3QWaiK2MugladJqsNaVFoUVYLIzUxHsbEX0On/DgLedLLt63DPpBBYT0JM9CXKVNlm8BldoIwQPqLtagALTcS1YhwnkkByA4QUGdBThzCaEMef9CTOuZRngrf3SbVc+RY5zpYRK45TQQnDzZMMbQ/qsm2oI1GdMx8I6QoEWFdjzJ44ZorZ4fV/gQPhN6WDkal1uT69Z+VVLUAGjhiYFc5hOLNNFD2yHRxFEDhiC09/Clgmgoc1FFWZu3Azz4amowKoGxWqkQXQKYrxQYsZYNcpUZCQHYeMEyzgmRf0SUljGW4ClAQgFx1zFSw4tNpjdJltBnNSNByAj4vvcryY7SSqNh/xLAEVWtpCSmgBYgSQxT1UddXvzlpX9B8LaHFEQnXwNZ8p5vKgTWSxyowq943lDN3RDZOOAZgukCMrjMa4xe74yBvM3CRVgo4h4wDdTKVtlIlRW3oszSfGCyh/0tm18HcXzmr0ncylpCdKBGvl8wDg5jKWPLlbJfwLLXavLyvU2r2dBm6ClvHCIJ8OFf0wkHZQ7lyw10xePKlVeuoxNHIUAQU5wHb11cE8Q7u6kgLzI4abBGDi7ioWhwDkbEDPtNRI9Or/tA7nw1HH++TAqoChousUnagRmQU+gArOqxVKzf6jvkeHWai1fc3ktSOD/LQ1Vc6aKoigmG9f//2L//vf/uv/+W/MTzx9lf/D7cr58O7O++41YO+fvef4Xv9/atfvnr7/Lf/6Lf++J/ffPtj753VrTf4Ef4axWAWuvHr0ZijZEgLKQuBTmvKpQpVsMk3WiLHyVkupy4edFdxFumNn2cnrvIimNC/XC0v0az4/IPBSQVqI+laC1dLsZQaw84THDYbzpCrZNsyL5Bq6LEVew2GpjFMF+EpHsxaIV64+CBIr/VBN+ZUjNU9Eotavo4ySDKF+Rk89QH2EUdw2WUXOwIFjFiCs7dG/KNgsKej0SLLUjwd9TQUCq9ossDNMjKTqxDWM4E3WoK3k2kZBar13Enrxmq/Isd39x8aSkGcuex6q2tLukAzkNYSJ4/fPu1tEJOSJuCh6Q9uRN/f3QvZ7JbSFLRP+2Y/Mc1HXyg1M2np/4e7Dz/88Ep/ZMjNDDRS3r19t3eNoKEHBRidSK6xN4YgGNKliVzeiUSNpbUSjkgLikIeJ0319mI8j55sK5YvX+xUwvl5EkakICwgbR1iA1ePHpjyNiJ4c2uBo6lvMeu1d/qRJmDMQJWiIXsNvr8nIK9SeSPe9U7A+48/fP6+l2Dcv88AW6/18Ut7gD/49tsfvb97b3945LWFIeuBUc/36aM9Hgkumt+/F84bi/2A6bV9M590ITi+un3e+seePPVkoSbcSBnP3+C72V7LQN+/y6iVRphAjZmzhwXtYgMtQWbqt3Cs5y3quTLoug19dXcRrVXsiV3EWkHr9qEXzwQTH2Ls7Fyq8X7h4Rc6F1yp00S89ZF6cO8JN8hXtz9vKISdoRWmoqO1luz6AXHePPLG6mz/hJK4oE3VRHRIgrLbv8y4VmH8nblm567E903WP/lw50GrZup5mh73XYMsGmEDBp3UrPXXrt+8ev1f/uN//tU//Pxtr2R0ZNwtlKDyIsie0Qm0jjcPwE4Ept3GaFD1A8Un7Wt+e/UCZCsVjeb+4u//3prWlz/56Y9evnDj0b0MsP5Ugbo/h+qJvItYk8pgZaMKCWSTsyCx2qB8wq065ZH3uWsdsQClOK23JYh2xVSLw7AYkPZE57JSIq1vXH8y2BeEZ5yMxSwuVDQBsYAEc8iKUHgvB3NwuQ+VLD3hRhyiIz57al+GHKRB2aHsrkpmz+diJlLSNBFmpWifDI5kDOzmOUrHPnourXRS43z8tWaCCuh1N+fIJA13PbXxjF+rmSPsbj8BJS1dQ2iPuDOgxIzkfmI6Y4sKJ5FVZvnVLafQpT4utUzcfasYmasW3+NCzQNa0To2BQYnE/LB3LQVkIUuo0ltcgl+cKCYKLMIB9QJumrV6t8FaDK6Gikbo2EuSiaNflbcVYRFeKCnh4FyqrJMwpB9DqzLTPw0vCWmQzC6Jr8BrXQwgBy5mkekUgCWUQp32gl+1Z0P+uUyvZ6Uiq3IaRbhDAbXU/kIKbf6i3fDJ2XhdCdMif4rKOcrEkrSCuSEOOYz1kE50UFCmSAuwo3KSTw4Hclp5jfFhWNkXHiN8lMOIO2Tiz64VYnLgSrQHqWT46Cu1ZyqVYKjErNJv6vpyt9EE8hgHR6yk/7otYJO6PEQ8ZW9ZctSJWmEcl+gyYKv751HkgTMDUcl+bCsnInP8H0d4L6jZle5Wr6/uqN2J8dsKhFeJdDtNImtVHYRAOZYZLtBpfgGGOeVvpR0NjulrtLmPHYflzlnSIo3N8SZ/ezv//5/e/vuX/2r/+XFs2d3P/srXfoTS9MECPDqEji09/d/+5f//vOnv/zmx//b9fPnL376e7/zp//i+e/83pObFyN+wkx+F/Sg4juC6lek8h06od0aSu3cVLW57JpkLoDw9p7ftLPPGKlpxaPeaW8rxjocvvwkBJU7GqpRS99SyOo4eZyOnliGxNzqmHdr3T4ROoDmanqYVaG6g/ok3xd0xRApDkZMhWifdKVs5unfp/Q6lNAUVWSD+yLYRmPyAsWGh1LFSd5q72BWFNfzvDrX+pYwispqjumVPUnRfOsTGmroMXEQBAnSRC6NEcHQWpKHDwwfnTknO5wZtW1gwoqu93eW2iWkj3YrfPxBCGebQMNcreJvvdfzm1vduVRAnz4jwhy6bsucl3jo1avX/L7pVMOSWuar169JGIfCLPRfXd2Yn8WCcSB7vujdTSq+ffteCCMiTeaJsWeezVZHZoCNSHSbrDCwRtQ86mGGF6MWKTZvS+U2LvGwhWjSi17uP9h6UPqHd95NH9mqGOKiBQL4+M7csrWNiV808KtffUeGHqk2wOfJBgoV9NCQOI+yFBPrXd/+COMbuHyqbzedTW3W5F1d2RPRTjz3Ir73794DTgdXt9ceG2G/nkF5IwR5L/oRKtWooRQEf/PNze2LW3YgEJzZQZKwp+9a6Px2ayLFuZ4HLS5lbwJBzYJEkNLqgkceEkoxglfiJ4KsZrXVZ7d5EtLTMTZAy5xYOakP+GqEFUCT188oUHEWQ7g+lu1Bw0BoxBJHsJ2I7IFCNkrTeK1J8J1pP1RWDXcn3bBF4+w/m8i9reniLsZqcT3EM5us3REj4aQMIigK+sj0G/SLPG1+39T0y+/+6j/951e//q7c/dE+eCTuWItqH5lhKKDMWdQKsHwEixZ3tg+8VhA37jR+ePUD3M+e2Izps+flX/z44zcvnhtR89zG0cWl5yehA52J1wAZWsYGfE3Z3XIqdND8fLccV/LQGXE4Vofqk7XzgTujdFwMNlMeQ3bvp14K7E2DVoTUPKefbgjyg01l+BSG5X4SeI6gtl3JIwWtHFIXVN9JdGT3C2oiAgFGCdVTpq7Ej2LCOFnBAM+u6pqG0NOxRe+AwOhCrbCy59xMXCjsQA3zVh+NMmo2hzE147HHgAgfle6gIq4ZbLeNOVh3tInF6D4InQokEm9RpR+2hNjudsi4PvMUU1IWafQ9qmDBSTw3gpWBKVomCGj+eh65sZpRhjbiSznpvuNsDlaZ+PDjZGcKjoIcfkCXT86zkLSQUDK3iTd5ruZ+I2bXKwZkuBHc/ELF0paUGUrn64ADBmQ5s+IghXeY+VaGHkyWr57zMCipSPSuYLRUZHY2NkZocspNHBKCe5QWLVVhNI4gHNxFV0g4gcbwFMXJ9YVCNQLLLlCqaMADfYwxmr6CC2ZkDEYX4e63aHLnU0ElalHBL/XU7/ukBa5aYWUoVFAvvtRKq4mK2l4XKe2AWFIDLpEojfkokvmmcp8BPGCcTklIi5r6+6qcg4SBiIBzTRhHgNNz3EwJio/Z4a+OQmqM0oF3dYGQuWe1mT6CURaEw22tYcVqdxUIe4qG/AKAGAqR+wvi6NSgxHrZfqMPgQ32VxYQWdOs9CFIRjqokapW16usIsnoFIqcTEDJNBpNYEZIcibcsEz6wIq/Xr/69b/9d//f/+lf/y83Rpd+9TdVslzpo+cDDBWo18Yljx4KA24t6/rwq5//w3e/aN/kF99e/dbvv/i9P7755ifcYg6gyQ2Va16O6PXVDa1PWg7xZ+NSV1yqHhxNBBF1CvYbtb67TGi90ckzr6KXmCCiiwkDlhs7nq6smD/S5rBydZpM+UmNfnyFWIACk6gld5dXLVNyXVQC08IT0YivomK8ODnX+Q2ATI5fOp9qckX/57FXRdGqHcVgrh9uH5ARBqN+MGaKDqdjp3KVNTr14f6d7k16jy7u0VF1OfEpKnUjz3n97P6knHP4CDQaaiu8Cn6LHW1siGJxv/FCz6Y08AYzFW7Qi/dO+58few+e+MkCQXEEnS5Q/mSauO39Xr+X5GWfolU7y1jqZ79IDwaInGDxhArVCy7NBVvh+N52ie10c/f6tVHDW69SbntqYbnYwXDb44e3z58rKTy9e/OedPNkjT5/tG/i8+celGjXPYlwsQUGRuyG/aQIQLFVRPv4yTthotcDevsfcT347AXQr1+/JnxRoAFRcaMBM2sEmwd/8VxYfPP8VrduBlnoRjCCrxuPS9sZx3PQ9/esxZaNDZU+Md18Z10m4RP79c0zRFxf3ZCdB1/Ih+CNJ5JUejPpjJj2CbLZuFDSNLQx5vYAf/HyRT0kc0WcYT2rFdfV1NQcCH38NIeQ7tzGMMy6ImEZ8KyQfmiHNmoCNfuGhJUURui5q9wSQLca+Q2xe92BQr3upUdw6p11LYV6jMVIcI9oy7dOVCXhsi48yZMv02zFrZFaFvfovSjwk4qotEe6iNfbhlsKBxC5CjWEoUaOkBvFzHIO7zjlxfrr8tk5PZGFGeE3GOtBJd7AelK1olKrMhv/8NGvf/HL//pX//X1d6+QiSP0esi9znESwpOzRTQt5xXIardA627IfpTrPporj55aN8p6bsme6ji9/dFzFmTk+O3r11+4FyxwCH5QFh35gGR7FEPGsEkMFFH5q3n5NCw2R7ZLrZuk5r64BqeNdbV4GXDuwhhsupC88MxMMX0ayedo2KRbQZyBkBqV77sXjvstsEagqE1SeoM69ruVrjOQNq9BSUvNm0RGB5cDPQIWauENm7iaHJkgE2rGueUM6vRAXnPdj60a6e5O7hAl0VxLbDQGuLMcjZSl46hqSjfw300JhWHKdhJZaBbi6a2tmbXbVKtZ4yDSR+Yi5txO3tAjs0ZZu1fOQ2kGyiXB4VDm6AfMBK2cJea9mJVUc9DTzJpLNYkmIqsU6Tuy18SJBCk48y3PlS9yqxAJJeiBOxSmtGAPQUWCcKzNBSa/ZgRuhwL9lgUQJlhrNhHdKbGvIERJZjHyM1UJ2E1C8PmOtsRFU44K4CVDbNnsrEyZ2aWkr9hDvfO8zHjKtGE6P4fTsTtE2COskJxa4a7WakbAsaKEADeYiHacEhA0kC+V42H3KxE/WE8wF5qmCvCTy5K+SlYCUCUBGI/noorS0bzfxPi1Bs2mP9SoFeGjhQwIJ8rBietklLz76oDBkS35nskuP5NuxgJQGayteqsTBftECzCO2fNQIyvMeWccp5Co2RHGcPcpLWr9TlkXKi45FVQzQBUfW5XIdvc9gURw9IKRqR6EwicOOXOKRJYRDZoQDqpNTReOUHFmZJKJwu7kRslFkUMkvbixY6X8gis2qkaUlBuxR5DTEorrOZJaxBfJNB3VXPOzuzff/5//x//2b/71/+uGV/nub+96R7GxHA88dpNrKdaL59/offPmvHLP0D34KCr4T//21X/5P588/+b57/7Ryz/40+sX33JpcJB3GIu78g4RUavHX/edIqN0WnZptau0Nz1rWRpzzasbW/mGD4WwnZBlPqGmrpICqzcGs5Hug2u8i6ioXS1zmTytDMwkhwQCq4oRR6a6Uk/RpgfFis8Sj85Ps4NF+5g3oij1E5pqyRUVxXypNgceByNjbEsm1swTkdOyC5f6kpiGCjvejfHAuFpSmhy88O29HtqzrMdC9Pdin2wZ48m8B4fHO9yOIiPTmGIcEHxjTopuVyGdEtS2axaWCRJ70YmHc21zeHWLItCsmctfeca3HRMYYK+wM3WrOzEhi3PDkCad39/dffxg3aEdRXryAyLcfhRQGq1piNS6xneCMIELjlDv6WFDsgbDnj1/aQeSu/e6loSVpr0AbtFV1qSrasjQaGJT0ndv31hNSJmeawGNoC2CBOXVg9dQE/P3r36lT6V98XQDqQzkyVMhoGZjatv0Iunciv+6Yfp0dXPVO6A3wmqBIA4/3dsopwe579+h8UOjhkVlXs1irtbIE9ieGrdjdvFiaqM+UvJOajPmPceiI/xEipRw/8E2NOSb2OlDlT/64z/69S/+HsgZV14Gdy0YBKKdGguEdMxFQhqaZQys01jie6GnuV2VHnqEhtQErKkvk9O3MydWQdqFfq6LJiDWGszc5gkyrYkdUco0pNyoYysgZYtMepissR4PmVWv4MuQINELx3Xe1nUaQa4D0PafFHmr4mErWd5EWCtrci8n9loAACAASURBVBlgM9gZCEODUZly6uPX9gBF8ZmUhN5DU3CVUzyjpH1pMOVG4btfuaf8mRcyxrD6USYEzG5qaDlCsIwiYrdBqhq7OIgmeul90pjz1wQLnfFcwmMbfSTSFsw+FuJ7OumDxsX+LWJlh4lLS6+FRheR+XFJPmHDFkdR5x1O8pXUD7qxcJJSZwYBBEMgZQRnAFhulYQVqfb1yTGsLyZgzDCtzeQoI/7vviAcoCc9D0jlpvKoIaqdwiQTigQBr+F1SMCZSXV/ksOofwBmhE0c2dK6p/VGdYEIVZ0U4wSPJNw9RaCieMfGuKxzgD9Q3RxHixuBXORY882EG6aFR6FAaA1a0CNLXuwPJWGibBD7kVXCXzBpeXAaz1rxNDq485Hhd6Dr3TCTiAM7SdfvkYfePMolJg3/MTs6VJ1UlMsKgpwR9zNnJL/PQUiOQ02aGzO99JlllpDmMoVjD4cGQKTFd2AmJhd0VhJSlgchYTrtpN+TEaskNVkUZE/GUSk7JgIcmee75GoPS6tWK76sC7LEpAWwpLxAOQofQYCk7Kk7wqocJwdHZZd8keJIWMIoGJIRlLkF6sLXhfWoWOlInPITReqvaBYwTuZFlAxmfO0bkRP6CTsmt4gamnJWeihTFAlicvUvHCnsemSmXOdrjn5WYJooO3oCNikkobiv2vTWmDno3ecwJiZtwXX9IqUT8qYjDrWRXVNCqO8hPlBkdx/jB+mjo+wCjX6jZqgjcMT2c7Gdc3rgX0CmnXRRNQVTdMwPfrXksJuRkEBmI36kKHgAR+DMAGsImXH0o+6qBzJxnLw1sMofm6pIfNXu8xEaGJdcu7kQVHpEHHrTjG6jFrYOQcWyE63knEE0+Xr8ww+//st////7X/7n//XN/dsnH3/ee0BabFiAYeOxF99+c3XT6874CrNXbvQem/czRsXj3d+/+s9/+eqv/sPVj3589dM/+uanf/D4mcc/i0X0X8nAh8x0lU2TPecpHn4yrbkgL30nRW4qhcTJvC7qx9DTq56WJbxkTAIXHZNQVSZenCet2WXfdTy7Oq+ezbwKEgGQTG662Wjr3cANJjZBmVst6At+YV7aQfW6V14MbeuW4OFSU0VkF0+45Cj0shXPtceLgQY6mcoO0Us+0OfWZQWTd10giI+t6oq3ntsgHs8Fy/Mx7WckwAThY4+VnJVAQvD1rNhqG7n4RrjSITbua+1cc9bFcCBoNTpvMaJBT48tR3Dji49efvOyIWih5NMnHvQVeN1cv/zu+1/rDK5vxYUfX9x+UwfyxYPP7zam+OzN3Vu2IL77/vtf/fjRjwV5emLbzpnt6m3CPToa8999/E7oJnz0eKnRO/2+ISXRW93qx8/PHj4xAUzMYuI2RLx+9vrNa8HZu/s75KGZmnSiTT0//Pyjb799+/ZOpHWGOcVkRu9Eh/RtcJEc0KlKkYH7GSs7G5/pMRrjiCCJTx/3JpieESYQIscIH6K0gmJZEnJHA7sfwczTZ9dWxbGW9dLJ1XM71MFUWcEsS3yaYE05C7oR/F1vVXEnxQDkM5yZYk0qKVM0rs1A08Sm7reXDbiDBrBhw7khhtSwUgaY2avt9omBqT3esiPmlSSVYL3IUIx4b9shaK1BiAnwmtyjL9YaAgE4E2hFQaakEWHe4pEHX4iRcuHprpVJm1UUJohf2HFIP3cXpwL9O4CHLSvr9rpWkKetzWgqZdVqsL+Wt/FjbH98+OHv//bvf/53P3NH4FaBLmSjsGij0aQZrWQJMVfrS+xsOHrqa4dzeOamFiilRJZUzHr10EYAbio8dG853I9/9E03Uk+e/beffa9dqobGSBuUfiNySjq+REssq35EpuBpYowUA+BVrIHKw2nt6NxaaOnxmYcvryZIBN21kKY2nQcj6abBNdvIjgbyyVcl/UzfefEKeiY8wBWKGuU5p0TFRaEklwR93UlW0UhDjHSnoXQ3DrxO/Z2iLqYgacfXx4kYNULSTcMLHknSFSKvmZ4kefoPphfcmI5W6dlOjMPbnpSHa+aHuWlSyY/th+5x/FR2MPSTVQa6Hjc2kLb/yWF2hNX+IimknJmTpjbiv9pSTjY5sMgD77j68iuYMIS5kTmlpimVkm5w4VRAwZmznH4Bzio4cwIIjxJ1uhlzHGgIRx0VdS2FbC8Fk0kp/kCHrsrlYTVUB2HmAB6+S5dbFWfrs871CKijqMb4qB0oVxUrgqX6qxVUOYNwMNqDMRNd0fyR01lHrY5qqiilhqUw7Y3U0rpFmWQjJkFVV7pf/r9Zumo44vZkFV1ADYSb5TQDFdJKbNkZiuXmbapW5Qpfaiv6GzAn/2s5wI8Ml0A/h93BGBzFIz1QwxZs0DAzK7tAm9gqCSnrwRLCfSJAk2PMEnJUVe9P3iTVda1jKPImYA8KOuLnwk4EDFUAO8bY4e6/T7kQenRZoVG9mqf6qRiEivYJ4zG+Upy7iNhYQotPxSJ6pC2tnI7IU2DaTHDxnNiDxO0MudOQgSDBV7nUtNOsfuYBTBipcmajovzQgiTJxaFV2sFcBbfThgl/+PUv/vPf/NWf/P5f3L36f5tba9LEFnoPHr18+e2LH/0Id4i0fftgWezWRCIl08in+ybvPnz/q9c/+/tfPH1281s//a1/8s+vv/1JsyZUIsLjPpWru2pIL92cUVLZ0XUY53Fc+Vu8hUwN4WmPDiA6/qCvpTpBcvbJcCofS8l0UdeEtC8dEazSq65us2YFdMpOIKkG7hrT7j0Ku5Iif53UywzHKEpBMErRoNpXT/LA5CCwdQK+paoXBJHZqVRrQ2/FgcJ93XZzRdsTz/jNmOJ1+LexB3Tai0GOse5EKFvUan6cJdsgEDHA1Rv5woUHRCzqm1coHZvx0lCXeMLM7AdbsZCAiGS9DOMoSm+icANv+tWsbQ8HoPXZ1c2XB3dW/YnnKdxGNuqi3q2BIOyhOdhnT2+vb97cvRF66D6FV1nFIw9JPDF3HLWCsg8fDEqhQBhp02Ox5MKwvDYqRMHCvtvnNyKeZw8LFJ9/eanvuXry7M4jyZ8+2evOI9VyLW9oPSPpZBwNhxJ4d4lWTxo06pmGxk8K8rzm5O0dvVnbhxKT41qB4SQlmd7V1ZWI1oMsU0Z3VKlDfV+ppXeZYJHWzc4bU/RQiwl75lp/Lh79cG+QUaT13uM+et0GUO++++7X1haiEVOwTCsDmFXP5hrLlC5IZva01NtlnGeT8ZNQybatTgyMblQNLkn54cUeWR2V0ma2t9iCHk1lzjQ2TIhGyA1cxoXytJkyXQmIq2cfyrt6fAr2MJOQ09LSp3Z87PGjpMEmclJb15g4pKGC8KRqson+mGINkbnJy1ht0r1V9dv9wFIDkDCiBvJ+/rOf/+Jnv6Qg2hO04ZgYMBj3ma0GVNOi2UzrHxOy6wSXXFr8WjS/mQES+KoKGDCKsMB0S/Xs2e3tLZY8OP/L1+/+09/8g3uY+MBIfjBu+M9YjFuiKbe2I290YIdoswWCL07Hc1PtCud5yyVYqwoNzDPSbtCIU1OGh/GILruFyBOEpFtIYQJ7aCf53bZtjnX4a+OQwBFdzcSgEZbUDIl/zVho5CwXVzvtRlqDjQ6kcwSVzH6m5dnELDhHEMOtNySgVVAwee8G9tmDx7b6auoQYo1EhOk0ERNO0BIDWlSu7uJSeCU1ZLrpb+Eth5LxVojwfMcygqq/aMlJvK3A2pNLHPswsyQ+4iowYScrWXyl+jkmbhMKwLOBME0sI6+CaaL7FjndSEw3oYO+TlLdqvtXYj8ysrYySonRaIiQU1jGDDxQClYuSV9+qgtkVSdgZdYZQ3AoKzP4oK33yJ5V7xqtYJ9c34HUJAuclT3IDgllShV7EQBJH1KkTBmEEWGHZGfn3MkoqC111iei1Ml0f3Okq1EPO1nHWKRHbPViMzLVyggDxmRJlqKT8vhcIRCTRdi5tJjJPiMxiwpjyAN5MIwCubGraifARSrDHS6lpVWv/APjEFbdyXyUnXpAd6iJVmBigKKqW9bJHajZJCoy7LwyLKCFIh79dAVdhWcUgXBZYin9Aw2Fy9WTstOTHbZkVinpF0ArucSqRN9vEMcmkYbAWbBTg7phrahTB3mnoCHX8iuQvDDgLq1yB+iamszEHyZcgtvUBQSHqsAe4sI4VMvwVeQ80UVGFI2mvlcfdepOSEE+Rw4qB2cq7q//5j/ws9/+wf/w7r/9Hzr+5o4eWbB/e/vNtwAiyf2/cSq28aWt5erwNLn7B96Biw6DVyLFj/f/8Hd//8ufX/34t37yx39++1s/tRGIe0RVnj651qwb/WgieMQtgqzRHmGOVS5rJgSZbVCuojPxbcAT36yLyCZFxlx3u2wp8XPaC3gso9vCVKHB5QKqEpWjIeE64T/1c0aTuC++UoeFEBEvWK34jtLzEGWiRXj2SSynCTXx0viNacoNMxh0iQESI43mt2n2y8fHojUDP/NLSBAsiAXQZv24NWVpGY6z44+bdZGT2Uzx1Ef77YkLg+yhYNOusNf3Zpi/0T/OsqOA0ColGzUShwvuvDjuywObRd+K9kigh2of392/vXpmPd6t/WKsI7RhoYE6j3S8eGFY16jSeyN/AtbXb16JtywxfHv3FmXG7QRblFJ8+PTRFvCZAW/wxuwwGX7zzY96ONpbkh8+MgYYtTYj/NbagAfQPH/+EraHD3+dQ9dhPnkmLlTm+fPGhg2+IcICR1xj5O37dy+eP7+zBPCdlYjeAvceta9/eC38vbm5QUPDTYJ0E6FGGT2q/fQpHnEPVFO67+9BvDPkadnE02dv3vUiGbPt37/74f7BmXoupnn76q2wpRE+3ZHRNcPJXx622fKXNsRWgK7Mzrfn5Jb6+QUHRjdBsLemsNvUT//+3/3vROi11OwqsdeM2FwRWNGPe6Fm6yxTXTOmg41MWbLlHoq1tilPoSfJGeBUvYVjmZYxPo/JN6xZBES1RYDO50cIAQ3OIYjlTLa5bLI1Aqp9ivqLyiwtRQrNNwrD5xtu/GBe/MGHbmaODRGZ6e3aFoQeia5JIDFZriGGwh1WHYuoJR9hRZ2qIZc2VRzf1o0ijq18/O7Vd3/3dz//YAMgvmDxMWMXoBQUB6dhQsQWZp1IuAWUeOj9ED7LI5UM2nR4AZaTB3sj3xo3PyVGQ6gpbKVE54zQmlnY3n16/B/+68+Yap5FiZxrot/VhCctzyxh/77jJsc9CbhbKj7Ug0lXKLbzoV34ExxqC3hitrxLAoClcdoBTR65J64szKmp7ahArpVGSmGVOgM3qGBjsbhU1+xubCoP7wgfdqX7hGF66rsUKoSBNEIKcj5uWfD4nYpLdAkgpfoQtaUCLV3m8Hg7phTMxBHL3YnuKbp4X+LF5EBX1Nx9LHbX2MokwwdaPVuithxtzjFZreLpa4BNhZEriF5Ynu1mP5I6wOtholJIgXNoaS55njJAy3DMAAvISTth8MkXCkPrvyIJAHUh23mUyKtFhaegxw9sRfXVigiSTz8VzbTTinuEdHhOQ6Ns6pFVarT3O7Yv0R+L45hy/uNsNGMdZDcTRQah62cQyoGM3gOXtchKcLls9IzOCD9wIj0O8/xSZht+6sNPXdU7gOgThceAVlEZv+cf/p1WBsoUwyB3I1Ljrr157t2z+MFaxYrFbSQ6oihxyoZ+QIGcEZbtCEOHPJVW9ABTTy1yCF4QKlSpQV7mkieCMpc9GZTpimZlRlDD/jx+d1cHyOw8s0gpI3EcVjgUGYdTuJL8rroElQiOcSTWqcd1YMPYN+rgi7KdlFj2oK1U0qluOY4xHTlMzTh9Kb5XZZwmrtWuwlofViQGsNqVn5RHkMuvAvOU5wg5A/1lBCe+4iERqehy6kLt3MOhLB6OAcYFB9ew8Eg7owJgTJkBGwldDubMO3I0RBXaRljGf/oP//bf/M//6+1v/+mH7/6OHXtZljnHZzc3HOLaGYddAyRo40ks/YE9ma+t3bfU3URNLwEyz2kM6d3P//6vf/63Fib++I/+5Oa3f+/q5be18zochthzCRNdt4PJ+NLipgy8xpqlelfGB44yCCKcDkRgc+vkU72O2YBdekqak+/OnSmcJ3FWN0tGOaFNJuaTm8ok2EYr2ZU6uIK2g6tUhTASf1znqsDyiGL3j9NmN1oVbeHQAMO0CnLxFGgMBC3T7vJQgazzAfTriyKUJjeUyOpQOlKN/0XkZy9h488TCJjTnc5YMUIufo9AcWcM9FbC6Vg+qo95mceNVP2+PQmfPRP0GAPr2dZSxJKG00QqRRqePbEY8an9pe+/vH/0TvTmKVEoxVjvPtzbD9qrfm0wYuXf7fOXEBk2FlEZi2oM7HMvYvHWPZ2JKedn157V0Jc/dNdA+uK0xoIa6ms8z7AiasV3BmFK/fTFAyiNKd7emukUj3pNiz23PZMBcPqxWaSI7X1v/tCleLJEFKg/rZtqnKyxPTI2RvjsqjBLIsC6cxIAX0RCoOADNcV6U7Mnl3lCDuOjE1yYPdcEoYbETY4qhhHtqGiWToTjzYEpUKo6gimWkJJR/lm0S0TTcNPKNSU40nJ3Dc6W2xbnmX8qLtxrEOQ0b6Hb+/dV3zNZQt50nwdWcIMuGERmrdoxLbrLKjSUgKIGtDyC/dSIb92wFtn2A6hAk9FQxggPM+1RM/QZ+2zHnz1K4nFsa0NrUVwFmdXlEwgGJ7QNhHsspvHlXMPaQNMAzcgyKTVqT+YH3AN59PXTX//VX7/6/lURNDw0783fAqoIhSOJKD6LTUITJBYlTqzWFGoxDa9OmI39q2TISnqjbjUoFs2QA1fIKKJyv0MiwvT3nx//X//5b9964B2a9SZYSGBIn18AoXYLG0hwlKs9ga215zrWy8hDRS2YP9SwfGq502guyACP8ddu4qxuwiKYiTrSvq4GMOSnC1uLShuRLJyKhkYH2R/2klrkSKzhx1CEJZ8stQHueRd6zxWM9DnnoCR4RFHpQlMwAVc+55VJXrzeLN+VRI5iVfK+JyzUWjSd2kzlUwUmgZzZICa2xppwja/OJBrla8mnO5liqOYItsi06YLuraMYmu6Ksg7+SpquouK1gSBOo367JctPTbPyYFmnwk6HlkLcJanK0sYUFvGcFagDkSpBxe+6D9wpkS+YHLStrKXerCQ56zYaLpWMrqS/jEKvA29qnMlEqVLDMtEoUUQ34UDrD8BsK9YQNgXBSGDYAjDLUWFWH5VAIfDIdvHivNBwQICmILVgLrwdftjaZFFtgLo8ivYbwiU7Gw2B7gBJuYPqa9qgdRHPqbsqjYB0BoCfE+IliRGA2+HCgNYEICmFHh377nzXgRh9EQRU3+X43mm/F5iXGkGTMjiDdSpUns7JpixQJeys8sFdeq0khrUIlDtk1Gkjgb1VBD9LVm2ID5WS8rZS1KjwYAc26EsFJYBdHlzDG604H64DquzwTnrVD83h7dQsBxX11nLBHnHKOK1mP+lg176jIrfiJzVciJNx6R8CcgB9rRKYr+SOjnge9WrnXNaGdBcxtqoHyeiDfcSHJ2k4YD0ksOPd5qTvwQtu8U5VnGcVLi2r//yf/uO/+5//4t98fP/68Yc7r829fvk7+lrIcqiW7LnJs0NHTlSnpdNt+48y8eQ+WOvw6h+PuVxft7Lp1eu/+d//P4+unv3Wn/2zn/7Zv3zy/AUY9ZujDnKXKsDtrL4n9iMPo553bngv06ajqXAaqcyYzmJAqkJyOZLMyGY0K1W36n+Wf+rUg0gJV+jTiZrq+JkbrX0f+ZGU+NfrTyaqSFUX7/rl6oW639lYvasY5CTp9uIo+UR56lBz1jd2DEN4+cH7DN4tpj0iGr/h66LB/yEXVaq/effu9Wvr8NArKMnP6Jg4ZX0Jctjahj+9nA5KX8rM0iKvvWMOTv2Gmeb2SWG7tp+0SK3lSU0jtJzrkWdK7gy66fy8puz29oVEhHD8AjVVUH/juWbr1h712LU1qVYufrZ1tmlKafbQKe+LwBFyNvrsxtSiFYEfFbWvivFIskhQAtmWRa4j7G3OosFPn17bEsX2mh41cFXAyB5mGJU3d2oCunCtyeuHnloVEr37+E4P1e7cm7Jh13orKHq42L2HmH2PNr/o8Zd2vjRI6TFxj2DrFA2UXl8Zye7Ne0LGhq8UNo7YK0YKCt4JoG3F6I7aXjuejFnvaNCIqliJFjM9pVNE9kJpr1qmaHFBCvfXGn8GoDT4NK3dsWzRARUSJgHSawzOZ+O6Z6uBLnYqYAoOLEBZetqmPzp4u0KKLjwxalyaBeTssECk+jyPUlshl+cMZGP+BWjdXSgjpYWtFh1iQXmPSwMHEV9i2NdYEhOHvE2zR77GS1XsLd+Rja9d5yMvS8JgBXjTllk+EEq62/Bsk3eiMEtl0YoMj/YEBTONjoIUa2tcwHY1dsuNcrMV8wM5rvxc7SChdGOoJOIaWwoeg6zRPXzx8uXN85sXL58/ePbyP/7d93d39yAV6OLnOIg4qkYtBdFdZc01dmiHdP32OUuhKsOsCOPzCxRKA5h43ZJ0WyWFAEdKYcY8MZLibuRVzx87WVThuwOMEzWmYtDJg1iYR7dms46hOG4MA0VvgVE4RQPuoiM3W47jlAn2uoZxnU9YyVVoBNntWC2rZ8hYm5YjkipirLb/VFwV/LVE9Mg34gAowzMwvQ0RWtPT6hvqF8GCB5wbymCz+AFNbchSqzh//Pgq6AcsFOGRU1ZaSQrJAvD8Yj7L/Uml5dM2GuK9KkrtHIZEHR5ySV8gdEzjZU5eF+LjAFLQDpRwRwl6EyNEUTbC8u1KR6CAFdoVlMlOxkvEh9UX8ge3cBAcQ9pTUzXCMBoBSqaVVwsqv2EPT7U7H7BDgmstdk6kjFUciOqWUsUBKi9gAxug0KyMDAKYCUfq2NrN4TgYQ0FWAObYKY5hcKskNZgkTfXut7P3EPVVhb5o7IhjV2nwkrGi01pKryQESXinEdNJpB5pSk8KF1pcIbu0jKALGRdy46x6IMqOqTmDDCIWcxXLHrWQVHrHOU19mVLGtUiPa1qpcAX7iNHF4EtKBksP8Ipc8pAbH4k7xCooJ2HZB1gXRFL9oSnVX1SXEMH9DmsXWAlf2RHi5yvugJSegOlnSGsTNgSY1o52BtLXoA/twRhoNWN9Gjy4k9z0GQ0d84EJ+qSCEyEd0+tIT/+oKiGaTIzy7D+8+v7f/ce//B//7M8+/vxv6lmfv+TCPtu4pN3jIoaP+2SNuD1DOEo+zp1poxxMWJhTLO8JUX7ReITnXrUfQ2U///d/+cv/9B9+/Md/9uM/+aff/PZPp6xtrWxX23YQRkGUJoTZbhz2YlMKDctXU5SoiylCkozU1SJVJ1kBR9ZcpTo5tGDppJDBS+Uq0ZnxGfOwqUcxFi+fXBXUqYPV/SjACdY3mogvoU1bRRvoCxQyLMup15PLWdZfJuUo8ZcwMbBBhYCx+iAErpHH9U1JqZlo7rXXc7kbN3pUl8lsWtKkgzFb2DLAAV+nBAfM2oSjgbFGyEhHGxd4dT/vyV8RmJkN7WLOhg8XPQgR8ud3724tKPRsBII3eqRH/+bly5Y8Yb/+3MyydYHC18aDYw14dnvGltuk8BkXYS9us89iF5GiIEO+4T6v8rMhttIe2sCZ7ojbCUvjc0bcHvdSE5HcZ29MQY64h/qaetTluiZJUxyWGBKy4MbI1v3iRZFKUbqe4/6L8TwwiTtRc2KWCbacsXe93N5c1c16XHrxHEkaK9V7GY20gjG+2o7nPZb0gMYL37w146zUjFacZ2DVfJm3uRTSxTHliQKQbauH4ijy6U19QquedNF1AW7eeWNJbWVyfe2thrMNopziZySpuCtaW3PF00yx9xdnWPWz91Zbps0Ml3p3B4CVrC5qmUyBluozrsymiGW3UoxKOUF0k3MGXT4ZRyzOFJ1XWuBWA8kiG4ImWudANnqvwGEZ9LB4aL54Jrvxhgzf6NZWhjn8BQHMAShIC3rNkWeGmXrtoxfhuK+AA/4peE2hBlykyIzXDOav0YWfIkkIw6n64UsSRNVpRiKxo5OfC0UU1WZyAMBePbFl+suXLz48uvqvf/+dGxtsFpIlkzO7M/gkh0ZpDXd2ehwsgGtm5eQSyui0lTw1L8FINwL9kVsXhBMU2UzO0SXlNFaGwgbOOKCEAxyAqXJwgFooFmYUaZaYi2PDY+o1/b+blCbTJ/BuMMJ6ATJNriWGLHkrVqbLEnLdbidKRBv0SEdSTde4cLuaesatBQaLDls1YQT/+PtqzrjgdX+bnGamoLDFqWQ/REYYwV1YjI8ksvDQLlhZxkiL4K2KYYLp9PKRTFzZHdK32iEJ51yTZx1BnoY8FUyC8qIDN43DdhFv/g/nkTVdHfkGwiHTcUrNXPqKquW4iQHFdQqqduIPG6hAK+krEF0iNdBTJfHWhZStxYy2qkVjVO18QEA/hKULUk2yi99HwfAGu2IMOdecoQGVcYMbEbVhCV0ni0ifkErtWrZThK0K+pyVmD+oTF+XpFJGXxIIXn+lQRft6rRTZgctnUYdrsAntzIOgUEEbSpbajmKAZrgo+DQtTKVc/KVrdIqg5T+SfBcn2pr9xX3D8uwxl3SG1nR4/wre3V+GWaKOEeOYHWhUGeVqgHXqELIMMdudOCuv2qlX9ScsdwVDsARzqFoxKsDdCX9JJvAjF5JXR9EJ3mFMpLVcFUd59UZ+lEd9ZXcP6+c37iAQXuWUDGBYABWtY4tZGgPHEco2elK+onlEZXo1C8jMoUpa4PlzcuWNQg0rmCnKs/HL+MwuMoqgMQ9dKVgRzi5fa9re/T4H/7hH9wc/ut/+i9uH/+yCSOifCqI8SDcGpAeUnTyTNcoJihA0Q27BfJKh+6bP1ub+FiUMiI+PrKtrY7WMvbPD777m7/69d/81U/+8I9/8uf//PpHP/EWD11HPcWMjdfRl7vi4PDsAVG/WEwyULTosgAAIABJREFUE0pdHR679U2q6Ec5ABhPMOTqn0HxQ4YeBV+Si1fVUDBZRFLxVz5Ahk+Bhc37WiHWyArnxhECE85FZc1c6IQvs4oo8uheQSqAgrt6Z1V0/KbiwAyq2+mGZXjTXGmduR41XKef7Jywp0nMRLbHXD5YWKdzLXwRHZ3ZI+TcXAvvqled1RO/wRJ8nrrmvaHDOIl4o0dIt6qPkDzPGzXFvW2CI2gS1giUdeCYUvX2+W2LkczW9aiznattW/PotTcsX18bfoNCDOG1y7aP8c4SqicrT5wULgpHPnoZseWS75/dX/FtQrGbm1sztMSuD/dtVZ8ZRtvOXN16TMH4CWqRXfs0K83wXn7TQOPMz0Y/H+2jpJ/y8Eeq+mQVYCMKzfbODXiBoM5taxafblPGh+/evGvalDLWx5Kk8UXMolm3iLUMkSrFdlzylZsHITT2e/hXWEukdKnz9PzKsyvrIHuyvlbhZueME6X9R/byUcdiTUGPeW1JYkF78jAJc2zXnsqOiRYqNHxbE2I12Sk1sRE6oT/23W2ApxJAfmh2+66OwX1KU7ozzsUumXqjcWfEBZg6YhxBmrZr405qEyJHcRgtFKgBff/Zw0S2HxRcaBpakewpApktc9S9mRa19aV69hMiAXiz3sxnja+Wkt85Yz/0hC56nFltRUfunXdY9CagdCeGoFRVMwSCFL07+4NXR2KgKA6NHYSDU2aI6jWavvtr9Lo+8cJGvGvUbLPH0slnd5qVUwK1CDRwr7Wt2+8RLLcidj38658ZYbcGWgwMmNI1vbQgenOFp+NXCwISsGP0JqqKwBCS6iq+P3QUUXAanOGaf616ZfIQ6tNNi4lP7ZDF3X4ZXL2wP7klcgAImAPLcW1YLHC8EE3W9jK6Qoeu1arLcJ5TjKr6hspHWSQuGgtmOVGVzR1C1JCrnCStunbQEle/bpwMIDYrzMn4g56Kus1HWhc97VNnlRnL4GEiObyS4iTE0OSn/XzyakROxYI17sTNQ/jwjPF8BPRkW5vvnqcBcznOOgG1s5Q9tkA7xMM0fkgVXDeS3QdCjVzIk0b1lM5hJtyqraq8bvwTdNcAVTJZwOPSeUIdL6Ushosj7HRjlLJWcc2/UGJlM6JTJ71EuQRSOdYDy8hgCdIdoyVxYbZyCJjdKscfoKXWNArT246qRdr4boVomCsTjkAO/VJdB/vUp6SQS4hYPy7kTbTqlzN+ssqdxn3gThHlxmO41gJ+k640wgjYD6Lcsg9jdn4pw07ri6ZG8IYn+V+IqNyx+oPiH0uGXfGkDVrk7frye0pX4JJzeFmZyrkMQ9wQbzrwjY4EWJCXAetdJ4iKH+nALlvBCYT51UaXh4puqjoPdV7VLxOv5KkUsaEe5gpVdqWdTIKhL+kcK/eP15FoZnBkq1VGZDgGH+opftFhWaXXDlm/365qM78xti5yV9wHM8/pb2wLyVF/QTuCgotW5f1PSPEGd0Zz0PipRu30CGAkARi5E6lcp8SDnjmUrqLpSIFH4dh//evv/ve//Ld/8Xu/awM9hbLynG43DoegEaAj4gjEKHbZaGIODn0yTmOhEboGA4Q48HJVpvR0S6//7m9/+d/++vonP/ndf/E/fft7f1AvaG/eOtRcgiNS9S2t5Y+q6CJ/Azfd5UZK7kkHc1Ga3Musv61ueZf6zs38FOpdRMgcbArD5MFaTDZpINPIKPShzl9gpgA9P55MklbxV4J2GRcV8KmRjphu12VTUzZKO/Ptsqq0Vpm+fHIE6WQOYaGiMnx3VeelZJzZWGXIGjF41ctGR+MfTYamwKk7MGjTNrxwghO1nzMUSOp54ca6TFyTErLv77yloweNP97fQUBLt8+s3LKuzsMcNkC/STQGhPUfnrukT+/3s1He3VtgTU0WnvVQTXpoJveznRfrpIueoEswD72mz/yy4MPmyxYp3dw+81AwpimpuwvILOPrJXxC8BYpzjJMVzWcgWUPxxh68AhIgYYBJ/Ctc6uvWoT0RSB7IzRsmIsKW6z2HpFqCd7IJakU9qG353/SBSfWDbwhxqYFpwgmzBwym/t3n8ywCwrPGJXmYtNE3AtwRH6KIBe3Zn6VsXX2w/Z3KoyjEXwbsGz7zA2xodDTMCkl8eQGVgj54ofWMChmhN2dyimRYaOM4kGzpuv+g7FYJhuFhBndg7Xiu/fR32ZvZXz1BMUI1nl4xP/azuiZT8CjoJhMz1pjOW2exGaWYBhN/fjRVo6U2xbZKoLpQl1RKiPLzzJitK2Hi06JG6vKFL/eGSola9aXj1kjyDdbJLDdlOw5E7X+gYvqbDsHTnGZLtriXiOWVM85PIr5K5QEMAZraHHsj6QYQ7JsNLhGqggf4Pmf//LzV6/eGjskgehWL5NMHl37L5LIQpe8Vra08sutUsbTN91NslBPoK5RskKlh7cU4It7apW4GhKt/gQ3WWye/ADMRdTr5wRVVCH2dLHRFihez76ZxeUhlBaCZJZ1+KtIn24vdgqwTzIszlPjUkJyAJPMpOOr0FAD8/n0yYvQm8zhFGp7c0fJHzkWCJkBaC7FmHs3UPATBiZAXNCbE5oo4U0LjTKPcCR1s8mWWt3BO3eHEflTOtIIh1n4FFSnSylAJ48GpN2kx+WBnoQWjYMtNX7gGU9+k9lEUgXXySBNd5V0OqvO5OpkOVvmG4TlL1ZFHBKz8EwswFnYxN5pYP0Mpk4izpNF1zMPJR2Xup2uyY3U7Ictg4jofoLitEIrCF9l+pOVgpc+ZCWFqYfmopZ4nGQPpY6FzqAGu2rpPaiyEqz0Co/Kysec6wBVbGDmDqrWVXWJLGICm5lGW+58ZFcmAvYX4OLQ0VOb7srFrqu+NreksAXT19zIwTNi5UOTVkvsq6OS/QcFAYe5SYZeDhA/qkWhD5y1NVWoKrfHGyAI2KwtosfQQBPKSKmYT5YX/JimqwGJ9OAGcFnBWL4qR5LLjLZgdqBhRdaKpB9Aq0/il3KwgTe5RmbAE3g/nJSqYyIDwZmMki9W7jTX4i9VHKNeg9+1NpRdjppj/EoWrkSYaAuB43SUjjbIa5RQj45KABLdnZae29xJZPoPd0Sl9tEpkzCWKKPCDu+YfXb95PXbOxNvjcZZZEZ69DN9GCvkTVJLVhh6c30NzijiCIkOAileqvYsJjWPVoYlrLy91YXe/vyzf/i///7vfvQHf/x7/8O/vPnJb4G0ybvd2bPCNnvulb5gBjfJZiqJtFRNw8CR1HzlOMhvhHPdUY2bqFHrUOiTbbuiSyGdYgSvGWZE8s+fYsU07oYylPREMwrXk9b4hUTdK1cxqYc9/ArLb4O9pkx7jMNfibPr1F9fNoTzQEza69f0MYAMihJzWyDyoHhFm6hmXWyxrj8FioI+CPiEa8LKBjvJiGRsLSLXWJquIJvhwz99JvbrZ7Zp8e4T71NpKEicdm89ZcHKx++//7XHQVTzBjl+3lBAQ2jv7wVh3k3coE9r+OwL+PRlr1T5YCbaYGTi1cyeNuT2+oe3mBZcfnr9uvHO7mda6+bUi3E/f24CWudE4WaNP33/A5KoCeCpxFMFFgTC9phwZRmZ0+/YXhsHgmBC0bsZK7Iby9OPPY0LlFEvrIk97t95g+A7jzAbEaVlc2e9o3lBbU/RPBbp0tonTze3OuL6miTvPbzw6cOtkUwPhm8RlTWUxp/0oERL4KT87MkNfCJjEa11kxY+GlF+9+4OCW4BjBpab6UzQYlIJ/XS4pOnL775Bi/rSgw81pKyN2rN29U+8EIreM9fPNIWWmZFdLiuw23hRqM6uS+q7zf3kFU5/LKrost7Y48yslM9cVajgYkGk2efhAZX1QwGozAqXGrPxYDFftmhRX5tVp+bKVxAbel+EM4ssykFgCDxSK3pafduWBUca76bVO1R4jrUsCApignKTcjd6ztKjrQFAxUAnx3gMaKCU9ZYQJICPeRFYe7aWrYIbCCzY/4pX5iKtB9SUm8SoIc2mPzlm/ev77RWddcoWcOalDJ5JpVAKi0oGpXUIYyFCi47RBc3uLJQlJQ0ET4lNsPo/gEBBVq2lHpWHmlhBm1dJIQ8/3qFdAlj4WzBupLSETznpUzMj7rMoHWJjeQC5n8qRt5vfhVnPBfC4fFJ/qDGQj6t73klEqFt1uLEQmlNJnK39ND9RBEU9gMwk0dSdF6mfuAWQrVEwL1fbKAKgosXxEbW2oRvzZi4j/lYEcu30EvzzxQBXA3gKAmByMt/FQn6yi6H1F061ZBpejEgCEtS7MdX2tjtfRQHorA0+0jQvs5gYUorHWGXSrMoKVWp0wSl3mnw0g4w3S45q6GFz8V+FU0hGuhGQpJtAs6lVWjwk9u06iSM1QF88HZZpeDExfg4RXwD7Cusx+K6qMiMUVs48GolyyH3gA+v75PbSelZlQe9lwlg3IzWbKoiVa6qSyVXpUpVhWC/ZVfYB/0Azg6CFHmRdpKxX/0Kss2qnmo767Qcklz65VSSA8SgVD5yL4eEhPCbS7mXgRUSUPKgXX5EHdpPBdgDeOrmKke/5tQER1CHzeRDUC4HsysQau4FrLmcaB4Q1lqNbH46nIwjYfyHeeU62RGSC1vpzsXENuRfC6gzqf+jwuBnuxUaGmcBnI6WesBXy98EvwgzClfyH3FGl8aQqf93mbmLJKpu1h4UjCSLoElwVjXXadU/gtSnsYM60p1VKWmokSKcdzlANGSgSl7lfJ3s893scd3A9sOTm//TwFNKPtyGEBzmYHJXQNQziVEujVr3EclWKzXVZay15mklGtfy9IFiH7334erLjdncV3/3/3z/D3/723/+z37vf/xXt1ffGvXhT/k4d7j2xcNCnI10oOM7U4+AcTX/jIt4FVufKTOF5gL6jYxqo1+3jlDPZHy0IUvD6IidXOQd0eQwgO3JmEDxa3mliQyi5dFK19v5D4g4V7vbmhGJVApokitXbBTkkTlIRXqoJRLXCST1SduEL5IMrCkMCtemlP7YDw8sxlo66068IXK9bVnqf9fnhqSXdpjy85hIT0Vw3xqQztqF3fyMzz19euUZYe/IsHjK64Pfvn5nmDGjmtZ1Ia9eff/tt9+i8bV3N+sFGnksWqjP8IxzE6PCk8feuZeEW/znHQqW5tk70G7Y3omXHxBivvM+mN5915Orz29vhHF7eMW8cAdKxZF+UBhLGz2lm1YWmgu+N2F9mFQgSyQqnZvFgtc3T1sO75V9Hsq9btmlwSqygJ3JmeAlncZHP7xV76HJVi+ENBRqVvmqzXrkfr7+9OTT4xffvDB7XmztSerPn5xiinXl/wqMbKiNtE+exWYHLg2IFQ5sEObR7Q0RICwGrWJcjCA68/gLSemlWhnBG9QDHpto5A94rdIHL6z5/0/VvzxbtmT7nVe89yMiTubJvPfq6lESVRJQBTKoApOVGdXgr6aFGQ1adMBoVAuzUiEZhXElZZ48EbEf8ebz/fmKc6UVsdea0334ePvwMX26z5lCu8xwl/QFvKnftImc2tICYjQvzk3q5mDhaQTMd0rcCnf7zGgenSNfzJ273nEFVz8zvEvKe/aeq5TWp+YSvPiZ1Qt80DWJaWZ0EWA+AqJgjG5riJdhIwZV/lkkIUaMIys/rPdk4i4DznosE9umAyVtrWZcH2sOklo2X4z3+j7pdq+bHmJfF/Bdh+sLatZet3FQgR6dSxZV13FzK0jiJyFMH++yn47dSQD/5KlN9+4K1Bal+k7d2HH/0qNDlYqKA8/M6qa7sl54T8QIZG1ApgBnuSmIfQ8Zh4GCbXmCYwosfKVlKoEMeHRRqGiU5TFoTKohRr9b46XUrcFrfAIXEAMLFrpyqeQs2qAp+IlWusAyqXiKH5wl5jkgmPaZpLK6Iya75cuDN5UuQezKjW8J5P4CKghjrBiT9RIzQTJz/sSFgu5ujCzseCP+IwFaSyjM+cPmqPAvTFgknQam43wA4FQBY1Y8WQYfUrPrjRQ25awurpp4zPSL86g7jtRxg4y3/3hFLzrTBilCxANLu31K9VQ6PrEVj53WayqoI8UaMt2UyP4ITCwd8jcB4Bm2UAPXGjexS1/QdbDhEqawH/wBHiZJ6BgLQNMpFneS7Jl1/I2b2sT2YawDCrJhP/EwrfXEiSDU8CutCRRQh/Z8Rwk0dCrO9Ux0FEwfIR6KOMv0oQvzKdd4wP1W5z8PboLXjSB/KWCI61oD4rx0d/pubNVkmj4+Cubyqd1BXsNRJuMhvRK1RK4OCl/T1Rrv3FE6PexVPaAaXRAHcIGZJRrdi0p1onCGpW/q2Hc04vsoLxVQ9ukHwUTCp+rD3riv8D9iJ1STBrjPSTJqt+aXSrjyXx16UKHeR8slaM5RgB43LlvmID+ozMRU2RzV+IlcBiM1rdcBN2PKHiQJyQkXrQWYlMHqUcOjgECkTIRA/eVgfjHXDdkLXznhpv9S8xQcTIrLgoPPwQq6zpNP0tFxGWH3BwtoC0vI5OfUqgh+TBka7TAw35BKMNA4mMLzz+5jhbYrR3kGzo1GjZkoCC4mgZrCSU1P/vyv/4c//9v/9z/5X/3X//B//l9+e3716csHa9ANeJQKHIBZFBzFfvSHlvTGikSPY+QEuxMt052x8cwp50WUa2Nm7z1LBS3zaudw7mG55KKGa+8xC2f8oFI6UwRxSPptQ0nA2hOg4JhgneURwowPBpKtW8lMrKIv9j6zku04iWm4s29DenchC9H0Yyawe7iFY6wilXoLcIglywKdmcLnbabYXBqGyRCN/CTVNs30qaBvJDPZRUBPpPNwwriEwpj68CCBkzMa7Ehqig6zN7evJZS29yq4fmMq8eP7d3d//MMf5K+2oZj4bbrrxTfppudjw2Tz8uubGwTlbW7O2izgIYtNKH/9fnXzmhq8N09uh8zbN79/9+vd52v7qW1uMhOV0qlOViSX+PT4aOUcVo05dGEVIA+RworhL6/bYU3XVzfdwO0WdUmvFLEHFX5+/NyslnnT6+eP94+2mKT9TT0aMG5vbl58fWmFYklb99ZfnMfIuHphIZzwGqKlYutJTVW29/m5PdUKzGHv1lxbRrJaDu3tyteSgo8Pj3I67xOqy3z7eisDvreSkn1aBmCU5YGtYkjVG4x5h11Hzb4YZepQPJFpulpwFSRhKOWQvFkgqIZWehkMDmGv6/CVHhMCHT+oZ9ETt1teYkhLOTE8HxQdtbHiTGfqIs5UFycRK7cSVyfVPY29ukmtaM6SWU8p2vPG641dv5X6O86Z2kmTX8Vr9BNhyZDWOWW+WaxayEBIkZkoE4hXlNOxlqk+H58Ahaxu9uf5ui8YHKtOVM0L+nWs7gCa7oxWpw1PqddFrK8SdHdAu3qBLBRYzI0RhGcyrtesP4KrcZ8Y6hpSLA7dtK3abxR8DtwpDwCCwOCk8U1eU2dpjEc4SLk8KOqziGxdwPqVmNYjiGrom6RFzVCmubClgwwAhFTy1PgRW8sQhQZ5eYP8UVwmRbmbBFClpAb2uDk2jEls14cWUNVxO6zFXbmbX7eWWbaZQx8Z3YIjzi40xtjUC1l2PhvgmYNCrVR1VeoBnRCFO+XzD/+TAMN8xWlEU1Oa5xx7enZgEIQ0En30HcwCU8bKlk/JQELoM8lntoxLOjPd9YER8Z3ClxEmcn6Cn9iol1V0OUUlduJJkC8Juliv62fsdgGT+lKb3/XXvDd9pmkl8R3D4cD5vCKVg2GzOY+zJIiRg4mrknxtE6drmCpC2trcSZ3KgI9kLUOdbhTy8TO3lWqGN/54TeNdiED5nF44Bg/Z6DuKwDStuc6jDPYwHLY7DM7vIJWnpASgwNRQvQCqI63R/HEYqgOQqtVdaFUGRe3DerDV9DcCp1lAUV1LnPlNfZ0O4PJLrPGG6YFANAAwmW8YUrPKHU8j4QLup8/Uythd/wbYJ3gK61tk6Xd/p0GmGba+D5Kds5y0LYtFOC11hFI/kan4FJ6iii8YgEbktw8FTq7BD4+G/Tt8Bc1axca6dK3h5yO1muDDpgGkQ5TgmRbwZO8oatGvbcjrGONgjToaPGtBkcKQX/fQrKJa1bpgMK/Nc1Qw7sETDW0OL1rG9CEQK47BZ0Gag6eHgDSqB3KGroyor/bc5i70QRG5zN3giKgL5LqF+C2jqxNG6/hkqUG8xWFu4/CpLAGtj7bFXN0Ivv/D//3/9v/7N//6f/Hf/ndXv/vZnExuFX+Y2tQGNvCIQHEizIWpCOgjxZyQN0ivyahqCi6GJtgU6jZDD1hBDn6SiKWNgrXVMvU1ljRGL4dsX17XfwuwSSgEDLgpzEIhkXuOIBoLBUaL0ECWF0CPye4p90y7lOufOZvUlgLcuneHmJztnDBUSA0vypnoXF2QFSkbUbXOOMnKy8jdU2u07f6aXKhntcix2Mvj51KarRW3t9O03cFePdy0mCHHCj8bL+RhiU4JT55YzHftPYqlIL3FViKWaDhxq/jeqjXPTHxhFaBUyxOwzTa1D2abQ6QzG4W8bdHd2Me3b15b6CZLgU4ip+rDw/3narywrsxszpDyfExzXJuIs83F9JWViN5TIuFLTd89OEaSKkUj7Yur9qnQZZtkex7NFzLSqxWrUjQMCxGe0fis+6JeF/vywYKr7VboIeDe9We14KNs74WNUo+eN/j4Ud+wa4rOabYXrny1Gfna08JpN5O0geZzhZ76LIl0j/7W9mevYzHf3KyzjmSXjlm5p/LYp0+9osZNfJ4+ixRoGJ+rFLXJ3JjLkT3ukXFLc2Eo5eiusWzji/cN0k5uYWBdbQho32dZBah8JofKZ5ZAwtmdcY5HrsgYhkvsbIVBONv1m/bWUT99hN/Uj9P5j8Qk14XNdz20XqAHm+mP/eJIgwOEjeH+K0MYW2IISJZHOvb85d71IWktB2Wj8tdcVwyhYbHBv10WJhc50g5GckvICIGtZpRLs8LZEIvSKqJQzEBAX499na/JxOPywCutp/7IWnIsUD56YQSPRAqjFekFhBoVFk0Q6ctJ1nmM91n7GogMlkaDbVOPt5N7yma2oxMBBL4ye/3OKZ6wn3Cy/9KgRKCrrqvCvfhToD7o6wd4kJULLUctE+SInggWFKvoIaUF7jNYx96iXM0WXcRgr/LR77uz3KbiXQMolCOWGIIeaHIn5YaF0BercM5JYM9M4zgBsooC6mg4yPaFs6N8JdYnEJxcIVSrnfNiLpyguvWflQl9nl2WdJjNnY9WNIB8oTAzxKQImQS5ehcqFeRV/ZA99/Kflh1qEvZ0l3OCSBpfWU1FjWM6RaNXbSoPJNEaCnFf0RmZduSQbg+enDqharemF2OmuvzE1xnOQhhQgVhFx+cvuPgeR9OKwSs+cFPOqc2BJ8jYjtUuYMwgVuF0Hwc1UhIYDH0NUQQDi3J/CXV8t9KKQlPNYEITUT9DBpqNVloJOHoGEkwj6ZFSzT7NF46TINOrEb7uq3I4zsGFowp/SMUHRIGZIsyqYiO+UJqVNohhfhXDF6nL53J0SrA1cmH3+dFilbFT+eJHBvahg1qc/+o6COhQcj4kzjjFRT3liY7XfMoMbR8iI5+WqkVlSMbDKIxcmAK/qBGkMxT3L+LYEyPGXnD+RgxjEOdyY3Gs+soM9De4YOFJeX1qbcxfX14Rg0W7NmsBsMEBtK8Mm+fuLDT7F4qOcnli1jrI/GigDkJ6cEQ00iVvDiI3c2iwmbbmNKo4Y4mrjqJVgL6771NXzfd4/gYYOYcg6vZo19HezxvmKo4t0nThviEGE3o+zQmiX9wBeu4+3uuPv/zl//l//j/9l//q//C3/+v/1ujTJlc9uqtvtzOab3POqvHmX32jiJE6nVg79blYFP4iFzVqURvwjkBQxLnqEGPMeYhKtiu4zyciaOivhlkG4oJC2Kcpp+QFbyyjx9jYMDxyqeLiOdpST2EgcqCCrysASXOK07T/Y60UR5ol2AnMmwZz1/SrFxDb+tBkEvb9z73EdDzgSZaAQwMCz5IVFXJKWss7Xf7DIbfDq2bADOcSPvdn5Z9vf34rZ8oauXtiMsXtjTfbGWfaltt9yXxpiwEMh/YIi/6Wt3/6+P79Bxs2KMVGhM+g7z/LwNzxFaNJgreQlXl40p78qgmzq9deixctyaUk7ER+3Ji/PKHeQ625CjVdX5t9evn0cy9rMdJJ4/DG9LaDkFxmiX+3lnsckC2uLOVJkMRvH0nTfrB7JqLJxQ/v7+n41dUtPTW76R60VYmm9V54gKLR87tszhhHVwb6trawWc7uET92+mQz7s0HzEbauA3MSkUG9J95r67ozNbsVxYNUsuXT02Q//GPv+vhizVuaMmfBxyKb08/P/OqkgcbYmZ9FxK5kB4z94G2cciVitJMn3PmZbMOs+ciTK8mb2SX+U/i15tV+/7y8ptXX+ZkTLCSnr4EmjU31m6G3qqQ557L43VBvfwQLQ9fD2CXV5AgROFzC/1EDWSpyGFV1TQmeLDJrheHPrfERf6ci6Y2fteLhXi9/5Oiqcn83mlcduEIvu6lmOFpIMAhSTp6PhaojDvVUnF2OsrL//XfcRCLok+o/U8rpHDYiDamEezQMdUVxFQm3qBblJaXaj4xaqwaAEpLtDaLVt8oNylX9PB/Lw906eLOBsfhQGq6gI5MJiBjF3hI6QwZyJF4WZbjjUrsvZeSj80uKTHERmh1rIkekqodJpSO7qZ6ONOTnvdFEo076AHFUx3O1ZCrjD2bgEfik019LX8iiI6WBrSQ8Gs4t+HMu/DPzCHPWyiBCWMD9XgoWgqIpYrdUv7eIoSKabgjevQvnWvQFCgR/UtklLJ5QuQX5oOpK24daKNEBcYIv37jULtACeQLwCY+g6DHEHcY5c4YCS4dvGqBX/k+aRFxfeoMN7F2ahIwBtTDNVPFPIVrEr4AkzhvqEleNM9QlU5GotwwmEB9uvQLydogDFuonAaTYlJtqe+AwGbEFcMjSADDzXBog6RPGZ5PAAAgAElEQVTxTCMHzFKbgzladW1Fh9UKxvbFXDHsPLo1Gm10ECPb1jUq3OC0WpzjyiH4GMrB5qjxHs0MAFUMOebnP3jut9iZArXEbGxGPspHU9GHBDspNi85rK50mgEZLNwx4N+Y3vcRKFFPed+dTWuIHP1VvS4GwWqx6JO2N5vI/dL0wGIzFOMJKSeorhkW4qCaBgG2SI61i37NL6xdfkGnxcPuaVnTC+oDexi6oGHhRscphzIOVuA02/dQYahwteh5USjA4zvTYJMBafMi6mY7D6NsGPXUUlydx3VesKCM+lOM+E1qR5mu2kRYQTxdOJ6Hr2EiaXkUcWLNRMxlVRW3Q1AP99lVJoxd2AkXrh4EoHgCfi4co1wk8bqvb9+tYDOzWJ/Vhg5z7JwhvnV6tVIa9N1lwaLlzcatpsOefn8l13zWHWcDsLtj//3/9f/y9PXP/+y/+cc6a3narApP3DnZ8i3N8LksCssoHosD8J/GLY7pbk6h2icniJ1iWBDlNIbz2aobslqILVFadcJ22y5V+KNdL6vojg9mBhNfwt3RY51Ow1BI0tQcLcMRh5f+vhyu4OaxEIkfsp5yIs9oniTtC+vyxVS/PM8lfreehcIiNEyCPzJyj5iqoGt38wAql3WXME4NPbpPXtidRO8CkWGYbvQwOkzGYW8UMdXn3CRcqJ49fShBVPvl9etbE7qPNji/emMNn4FEJvrxXnbxWTscYccBPjmce8RiujWHXz+5SPhmQ+7rN6/t+91L5IyV3TJ9/Oop30ZGTYHkeP7DafawpM1N26urBmFUv7qh7CV8Lz969oy86evXbkCX19Xs7oPn7Hz96effUaFBh8hNzxlz3I4XGjwA0LaYqxwNAYO5R97A+trDlfiAJQqwvbTr9/rrS9ulP6YTyws+fXGTnZatneQYDHd98+rLw4PeZQoTriz4/cnr1zfbEdr2FFNJxPKeQFnbF1mp+Viza4YB+X0eSUZu0Ayf6YoI53xI+fSwz73qht2UFZFYATTN4BGs3zwzR1dZx+bfdbVkwB/zZsTnL70dW128HQJm+OgCxhaOcfumI/lh06sgkOBFpRNjbMzKnw3rrJYjQrJ/l/VlOvMcN/z9A7J5u55sNc4wa9hYtOkCClsCHi5fXHnoerKF9nRVTo5MN/e1XGo4lCFI3vwBiTTQ7fL6DsPwFfrKXequlJOsw+si/6hGkljv4o1qUy8s6SKFOKI+GBtR/U+rZaLDkjpPVZaqn4/f4jaQI9/pbsyVY/bpuUnN1b36+qqD/Mcj1D2x03O6vpiHRvDMgBKfWLk66jV3X7WLX2TKkNLmwj1+ZpWYjY++/Ssipdba7806XWLmVXOZZ1+tem3pNJm6pGxNJHYwZqsZZp/YHdY8HHxDCiH8nXC8hPYfqnnRfK2eodTs8q5lKRN0EIMjU+EqlcA+O2WRxjZSgqssQkmyGOSStZWeo+SJSx2ofGqGfRakR2ZhUe1ScSme1tQkmCDUUskQlhNmjpw2iToHHXjZqrO0k8UmnZZoAg1rICnVv8QphidAmg8I9bCMf+U+Gs5feEmcA6zFPCHx1KPmPO8KMH1VNH/iZNipae5GMahy7cOFK7Ros3dtKas+C2roo1pluh4DyHanfmVg8+4DcPHi8UTzfL4agHO1+Cm/i4PILsIOFkcRW+lpAJ/TuhBwQ4evumk+O5P9kBFHCMwJlNdFxgv4LoJ9QuT/5IM/ckcuhw399Ojc/yg5HPxvakWfY8Fy2hxIIJcG5whrkfXpPAJxOpkUdLpx9VRdCBxO9JjVqg/oaPJYKF6yKcpQpcSDvBKA7HBwR/HgPL8IrmLlK4r3sQ/TWl2slG6BFogXEVFM/n1WU33+seIcOeC5caad6uJuR6vi+jDGdH1YB9UTDsk8PjT59krSWYxO5HP9BNUlwB39hapGnQXZcaLVsu7Er/ueZspbsIDD/SA3zlNcxXmDKbZ2DrRaRrgyovTBcV0/z4HNfZDWBmGcEM7jQLQp6SEZEPrANVEI6DSpTq/orpySVheu/xYKbXQQfFvsfvvomXa1RgrxyYkCRjYLAfjoRLyQRc0pizE+lTdJs5YJIsiiWjIqmBZWmgRNbiNo2ZXliIKy6brEbN+diBRByk2NRZmBQziX6+EgCiGSvTzpWcmzZPqMq26WkTaVxUwar1k27txkUXcKrewstKQuUgnyWHQjEoaaw2265ov5vCet+09N4DIJDt1FVB2K516v/MmAykzmDhuPmphwd1/aZMatCGswa9Vdd/L993bme3dFMXHlqX4fH0vsDM9JQD8vSGWixGzek9sM9uHXDx5t6I6rbS7ysF/f/Wp3yJub148f3cjuRhrubySU7pK2g6R9FqUYXQU8tYnazEbPVv/+3SNvJJo4A6+e6F5sp7WhzPJBuhX7iXf18kZjWSOtShDtTfFyYfM0eDe1aboS0XlCssBFi/65T8tnbm97lmEDylfP3IHii0zT+NnY7ol9zZrR4jNvoDasZqb1AiMr5e6iRvrYwxp11cY9zEmpKfHF8/u7++eWnFGQInp3FSE5qXPkvtdX3kZdP2Xd/DnXVlFWx6ekyCYnkcKYG83ImvHJ7B205cuxzHvxIR/RVNGWGeBgaAsbsVOngtdGE2sldX43lFuhYer1Jt7gtHm4Prkpd66MQF21G8p+yhSby3LzcdNyNNJjkNqUzSgNoNg13yn4tEC3mV0op208EcaXn0ZwVcko69f/G/K/4KpLpG/erWfaW3GXhqA1qScYS/cjiWFlyVN9bb3hdFFqQ1ydCJSLEMNRV6RNqS7QzlxxAIGYEz8AiNY2r2BWMUUh6BxMwUgJbnKX3E9bpcKF7sTjGmEWUY75wOqqPnDFwmIlYd24taTPF2+xg3mL+15IFgXrq2dmlV91g5yuTN5nQyaIaJmGv5YcqiVaPtPTE1BxWqBBPJYyT/98nGHaFaTuQEXpK7NopX3LSGg7ZlkBBAuVIrqh3Ezq7uWErLquJCd+ak47/kHFOFJMHLbGJR/vEyqTsSwz2dNkXKa65QML9rWPdMz0JDZx1IeWAjvt6zgnn+wxAt+9amvjhJhAbS8E/yyf1AlQ3lfAy3+KuuV/8kMHhej0glwglw9vHpvxW2XFwVCcgkTJ2L47TWa1iid9PSnF0WkixQBKxM5QuUu2Tuz6UcE6ZCCnGMfTVPrwfzQ5UMCpcL/x4AD8KVz7OMsV6TDo6HI/B10pre1p/OOk+VVEVUJT14nCRIqfWgxdJHLRfhKm0kk1XsBFVgOi1r7SAzjJIuA8hL6GQsHOalZ/Df0PIiEflB/HG0EmCYD60tEnYjlEzfcV+eEAlRSVzyDUHLqJRsaxuNrkqaYvLSdEVgO+WaZolwfx3DgZCHAF69aHjK4disNGPTANUGT68QHcp5MRGcFDOP7obZrYcV9B/f1JdZWEMRy18HE+xFm+j4pjHDB6YPVa1thn+E+L/Oig9xtHRSLg+mYtgYaoVjMx/YrmisGwr1JgJ6rqU3WnnCb1VQsbTYOKYbXYbUAqIYkoaj+Qx5oTRUD9Ooty5xCMUK2VV3lpddpgIHb2nrU67xqJ/fqPANSgosPrzSfRAWpAKWwbN15dEa3OUDhpZDhrS4jAJRbZCqH6z7SZA1gPU8CYMrof9+37ze9//pt//i8VxitRVRVgm7LFaHIkUbvPcG20QglLp28YZqecjLAw0hI0jRxPioaBRq+CpHJky2JSQ6rB8AYsjeM31x8L4nRGQSJnAJZ+8FFIYZFMjJfKUIV/BuN2bpNpyLujHt24aqhUbNanpwpbh2b82fQJLGlNOgVArSZuYZUinduXif3MUJCtyNPbXCRq1NDkhCwIRyUZVduAXFZo6LIPw9Qs8Yy4MqqWKz18fvHTG0OLuOsZMeQ2yrx+/cY4+uHug8fjGHgQx4NUHc5WvRcBYs8tYu6oZdnA96e/vnsHpxeZtKPl9sqoZbFW956vXz3cP9r37PnJNo3zC0nhl8ePzbU+++6JNsQ0wTgPge2rpwlmENfHX75LYS3bnEew23fPzckknl/TTVKrGr5f35q8ba7kpdu7ZY0949oA7mE3CUlj0h/jbDc6NW0mhMtCCIP7bzI/ufViaE/MMV5IZXstoZt6xADgeTfFJ0i4FyV4o/F3mWI+4jFGT7FkwpMoz25s1smP2dH1PxXx8kaAeUpDcZ7S5UquYFpPR8l3c+a6QnrWpVic1eY7KUR7ivaHg7pcHjbvhKoBDFPSgy24Mm4mcoHABoMXHm+Jva7EjOI0AdI1AEeGEzNO+S+cLBgDpUTk4MNkGO+4zwhlJZUOMz6L1kzR9DacJ5DEFB92hae6RrzHRGYWO31DNxCpxAFwp01dT5vToUiCbGddTyaaZOd0ZeDYqqEcmuNRF5XVmeqoKGCWTXElXQNV78NdYXHWmMJGFwOYIfauCqa50o5pNTSQ1osLnj7Mtu/pOV7TV3mY6LarSqYcDPMqsZcKm8gSYl0PS7EXDqpjato0yVgsQCtH7SJcLCiIwNyXudLSblimZAfd2o+fNEntk6rLYGpY2FGTirsF32aUcqweeqDZpNFAZ8dII6oTsYNzHY0VEWIPWvdCNvuFhQqowIzyIplIVehrkxbMKRfr5equTMhyVBTTHGfeiV1eHdNge6oSr3RVQCSKttSitRVdoflPOz2GByTxswRQUu7/pFblFGbG7r+PgkqSWoHFQBm+GTDU58m0Gwrt44IQBOnAqQ43VaePWiVhFYGniIkOIn9K2dOYtqynWptxGkaVlQBwNkOkiWl8fTzUgCk4w1FAPGAvjOFlDrpjDJznBXXDNY+NmDcWBBxLUZkHhQo9RovfbKEyE/KGeVrgIcqNoh+mvhP1/FMaykJJR8H+6EOpKeQjeDRGL85qWVTgvlqO/WEZ7nQ/dw5R8Af6IA9eVCGl0oO4ikBinxcn2oBImSRpcbUXOmMmFgIcwGGR3jaqFgtIDyL8F5AOC0DDjFTJhwJQcRG7jpK0f1odmSutemW+d3xQnQYh9RmqvpJjcSlCFSxoB+E8QzSbpNwZsLwtPvzTGfEUIF8ZaDyOkWOV7FUnPfGI3yZj4UqDdSMFfoeAS6/p2hyTgI1YcuUp2KxhgPqPGDtrxJnCC++Tc3aKRxxPhLHg8PAdwagIWZMwF4z7Ilo4v5m+qt8MJ4fdNWFixIXJntgA3piVds66aOFI/zDQYq+OHcOQeUVHNBwtO9JAW2elNwdNkROumn1589Pvrt78hEtJTykajcATrdjxgYt3ljcdJzXIS8UiFJTuDkzz+FrCpP1RWsuxPKz7S/tUih/kPyqUAdV0ccBBjoDVhnNKNnUTqcyO7Sa0Zk+jVv5qgU4jxMJw7Gm9V1myscqZrdQWtxD4h684L+w+9xpeoZ3OxEKn3pgMnUoBuEvu3EwLfwmc0mROTVJKgU4i2XYNOhTRA5nO4ffc6JdPbc5tSu+7d+Cse81aqLeK0a1SyFBgJF4tsbBysC21ppSefe/5OOambszjeixi2Z1W5ilNs/W4xFdXJqLc18IQ0zSjIH/VnE9YA9qzur+43cwfSgOhvnrx5M7w3nu8v72Ex2sYu+dIUPYxNWNikkBkdOtZ8mal4P0372jsfuWr51f0o1AqYjRZHtaDzQlrcpQfQEVoU6c9xNtL/2x26elsHqnt1cxXliEaZiR8Ek/YGNhUpIca3t09yBF9OCHRLKx8ePj4+k07vN1lpm5VJj6/v3Kn3pMIj66KS1yaPbQDqunb3/2kSau/6gHUgUg9JJ/m0FKfnIrDlLRmd8+ydK+ZcZ8+vfv48HB3ZxjUJigfY3PL1GyEzLzgNN9roI3PTdoQFBJeUYb7wpRny3d77wVPa1z3P0z0is+cxy8JobIbSQBpaYFr0XJTxc07NXUElpczCBbLbnXA+m2I/DWlyEfD2hXI6Yb54Bm7u8ri3IiZRLNqtX3TmqfWIsZCjTZFgnDlb2yZJpVskOfKeg1aGtQQTQ7JdZXWezr36VcO6uFHdQYC7LUxVq3oWGs4ufWuYmucY4l8Orn8OOHLeta9F3ZUc5RJmL7CThPOpWjkIWCiUrjjnVNRI2b5P/C65onoNQm4DlwUYJ6dowtDM6YHGRZcDzl3NXHuE1J/dkqjgLJKpilZnOCdZlAa80mGo4RyVkypYyfMlmSVO+cg/XGDMTcbT/JNTm22ReW44RqkggbKcFEFfZBQvk0dXc36DaB5vfkV/icafut2qoNgxnVGJfFdeKvOT7bsRfZ98paxnWnoJ1/1o00qinudfGJyftXlvSRKzD5yX7pAkCGCb+hUPAzFupkN8zEVMX95pAM1nYxoJc5IOaaSsL9+sp6DY7kKxmFO1slifGGcweNIKHPdjh2qq3Akw5QONLqURBZQ/9ThfxXUeTwkpg/j/Hfclj6DjOQ+SRLWfVezDl5VnbOqPvS8LlM5D58MiXL5APuPPorRSINTjJqpJ6BpNSUsJOa3JjVHNFIXkqGNwgX9IhezVBgvBy4m1v+1878qMisLT1/7zfU3xB3csTysMRTcBvda79PPANCmX9hWwZKDDnu6QCnwoxBlDJRORrNekdi0pE0t/DCxyiCquxA5VTNfOAY43ee++6x1VZfzHY21CMyOFzPH35AEeeE6XMy2eYPMwa3HGB4GetIb4Pl64a1r8IuATdDxYnBn2JhjaZhMyTFqfic1IpNJsQrk+4lWdHikZmkw8CNJ3q1ufaoDImYlh6FIrlEJBEUDp1FwQjEmmDKy796U0eSJ4Kt1DUa7wDC6fjYytqnADTRpAypL/jowVooawsGoQzmKTbGYCSM44z33htsWgAsxG+EugpfGDD62FwnIgp8GoZQQ44bfDQn1b6iEkTVJN5Nf04IYjmMWvKykR5rhRpO6Q5d26VCB0VeaO8XP3763lQScaa/pBNJG6eZQU2L04qzm0rVy7gtjBf8+uc4YQagROHCvKu6NI6fL2nf7zkvY6DZPRxkBX3IvbMkcZHsU1XHikPEyHBTcU4QZr+4rfntxJYOVN+Yz8jxGMva7X0po/Eq2RGGbVozlRg4xDX1qt7mEvJ4Rw5RyDrLJ+LiEnS+mJ26sLHTr2iI898E/NaK744XFn37+yaNzjIPfXpmN88TslOKDJrnpRz+gI0v9ZIHuTdOCl39J02RK9tdmZx9MQ2gElYk++W4FpHGvndeUKj+SUBqnPL4H9Iunnndt2g8Jr/LjSTiZl3+XqFkIK8m2aZpKaRFWAw039KIX8t7eellwmZbBiAIb6t0jvr2WoEibpLyz6LP2VfGTT1/tycWZltGySNbPs6fWJpoUeWF15Ktrt86kzHWMRimteUGGq8dA75KJ+VDhhvTQGsQ+IBrSMq9NXNbsJv8zyfD8D4yjzEsxDIvkrqMaQ0vVStFYjZzd5LUcwk3MfFUjoCxeDyAaSPPGZOcXrEATBHjx4urR9nHr/HRfDJertb29jUj5/48wOc0wHLsbqzlSshXUimXEwwC3b9TuyYndv4tjXsQ+7TSXZZAuh58jTx3d2+waMnKzeVcSmUHvMDbVgsMc3dV7JIgS5LLErhxKgAD3l5rK4cLXmkV9rk4fKl996qUBp8SceWwo0AgNVKb9mvTXT8gWTsq9gNUufF3EkSjMnVGlb0wyAQdbush7spbW/ijbbwVjLIVhB4iImZTlizCLgYrtnZIoxzz3jgkqJlipUf140UK/wJJlCYRpjhQX9FRWGIHSkUCnn4TNR4pDuiaEHe4fhkpekKBGvVKSLQSUo0sFW/9XVUGxf/ULbLlNAYnCtLbg7kdRCUmqwgAmcOUkKZtPdIneJU3KEwP3rK5MwbrlngKNJ+fnqYdQFZrmEbzFRUiLKhOYGMM+ZSAvQRytGo6TgngKcKrXzJEbYxzEv/6VSH4vR1V1xT6HSyvRnMCaNxjnvGHO6LAklKNTyJwpNW12QRF0PRdUSsuTtKxdMM0OVq0urUGaM6THVBJ3/RTglxpm4hQTBIN3n2v6qr9B5ityIXd6YQLO0JJP8XS/3kmZQVLIAei7Ux8N+9UgnMevFnXSnBrVtUVqHbAySCZZFf43vRCGEDA5bifuAtOO01n+M00M68H9o91BMxbD5A+V7KPVUPtCEO7qYqjSkI7sYTsRLz4TkEIg2eLgibmLgqfucRkIcRIatovA+DxWu2CfCUYReJ+LMs9hnMVVfxpkkcMH1llAqfqQB76vczAfGpOarC0e9qneYS4A03A6igEoK89kp1FBMi5roMqHNboRmyzCbv5LcZpOCTGwpqHS5rBjvAnNuF70U34aTSBOZ+CifJ86tMJgsVGXUajnTtGOlURqhu7upwmBcTiDIalXLpkr8nRN6PHMH5dhJJHwWdyRR2AbnHkXjdPEPCdm6816Qh3CNeXSnbRUcpNEeaVz64pe3iw3AlKnbHX82kCY/JN9YaUkVBtj4BNLuRJAu0ZlEUGH1nc0EC8oM9HGjd8Nr3sqbExVTgoyaYNQLPWNrnCWJYgtBNJOvjAGFPeLvrU7jqS9vZvYDb4EAX/4h4JwGgrarX4TLozW5KSsnuiHX+/KTa0N9iyuWbOVrf7UTlw83JqpJKkSuA86QdPIlY+A8Po4D5p+4ek2GIbesL0s8OOnt2/eynVMS75uDV9pn+cdjpq3npjWfe6dxW6YSuAE9M/PP5sDEqTfvHlpLeBr21Rs8X7y5P7hgV0lE2aN3E22TdmN6aUd3969+5VFY7VZzGcWIlrn9unh09XNjasL8mHMmPfSlueUo8Aw9uTz0y8AUu5zd8BdRzScsKHajPvtu5vUVPHp4fHuwwebQtyA5gnJ9ezl45ePnrZDP6Sx/AqLbOaOtpHEG1CkZOaxZqUn8kIDko0vJiafvbhGnGrn6s9vrrut2YZrHivp54Kqnz398OHevIytNjiUHrUw0X3Pl8/evXvHid++eSMrNVp5C9+8feP6PDAHa7D8ai0ozKWnPKVehpcSeZaXetAAu3ukJEhGz70V1TA/JTLp+aE2DuShEPi3VB7CrrfSTE2kbzZJN7VLdTSzuT+zv01tntnKOvKuJFGnXPQi17YK08Q4z5dZrASgHsnBJHZdLGI1BhrvJTQ6QttrpEZ5NRvrJnpLt5s9IdLbva2C5QvdKmUmN/09iKheTKBnPRYSS3yj0EO8LgDSSspBXaKbfur1BRCk0xttgGh+2zoAVk8/6bBL2Y38Lj5EtLpfPROmdcm6XsEifeOSGSaGOdLtaYK7Ns2UgCJmvfa0oeJyzOIkdMMXRxx2qxE8Fom3yb9ribSWYKkhjPXAiKqsmhYic+Sa0AXeEkpl6YHBXbZpYN3L189yMfvsrQIokmzaTMJnPUfzaf5nfKkGHUzQeAtbUugOSjNT//wmFNUmB1MCo77jgKgGOIvXmBNAEAHqDU9SgAhPlnH1WuZdOS1wWyek7tGPMriyt8T0bapexo84FzoNZjic6F25iCtSblSXs8wjN2mwQDFWQfSVRrSKpTr4mTxcmiwq4DAh20GGSLki8hMll0ikMukKtnMxrBuyDXejAR4pKJiGEi6gXGkxXyMlQaa5KZDIeVHD52ES4SCIRA/xHCjPwkreNj9FrYFmQmlP4JBAoGTsZYiUmXfHQyYDmH+GRdka6xtKon/5rL7Icc47HStaxHLG2TeAWXiaSJCg/FU7iP2EGFcR4R0+SpM9xnJh5zXtj8IwNnbi2/81OdgUxxJVVJ7FU3Iyj+p+4PihQMKlhH38drSzc+C7BmGaUERaMBof6ij20rcusSG0s97fixBWTE6L8NBxJxEcqzDXADyoxG4u6gdLwxrlCyOqD2MdDEdY+kQ31AdghhjXUF7MEeAA1iAmTtsLu1GPD8zioaOIkq7hQU0q7XwXxALN4LitDso2xqgiWZG0gD0f3e/4qWFc8Psk0ilDGMELyUOCKVJAn0E7TG3wYKUsEXwS5unZGEvivpLEWss1Pi2o0FhmggF3BoUuT/U33TQG2DzfXyTW948LjKZhu+vUJBCjklfHnq5ipgtTxNkduYStK049KTsmxJTXt//sv/nvrFmr+0xKQUboCK7QS7e9bKjcqhQq1tViqRCeuhcA6evcNuBOno/SkEFkEA3qMPnDoiAmSyijNJeGz/QMf4ymzMV0/r/Roc4clamj1toj+/Ty5qMGjiyc8+HNQbxPl9i/nF7KChVN5Rl/vO+kx0RbzVTkJaPkw81Tgyl/Fr7NA8ECudEGXgByTggdopcJm89p63cSwaDCwJrXmsBr0rGptTkAAXtfXcYpZEavo++eb9yPd/u2L+Ol+4l/+eUd7K/9yyimIZtExMurJz1Y29OzyxflZ5+800+m+NwbStyM9jQbGExVSZBSaS+k6Q64LOT+XW8pwV/52JPPNy9uXngo95Ws7uu1FypSi0DgUY7Sjt651+sZcUQJV8+uPdWRCTR0hxonbtbK0hSlWrZ69tSGGyksczzc3wOAyC1jrmfuyUQfHiRSLcR8bKmiVDizNtiUGtK/wd/cp6wp4z21f9lbntMlUszHqjZly9ib+fTC67yj5wkvJsWqJnX9dS6aT2NcUn3exaN633HJ/nOPB8JJ7mpGsvWNtu/cP6QiPOvSpVOaSxProaSbf5GvMhHbh6rrBVD4c5CLnscfdgub9xxtR1g2AgE5kB6xtv/0VCDYlO/2RpPTpcgRSydc36sOTXZqm+uicroYDI5zwO4yL5w4b3GqsZuZGA2wjEr6as9qxtT+/MP6QqtCMrSKkYPyaPi4L8ShznmjVceoWf26MUofJqP2PXNA7KOfhmMFWOa/5SvtwU1Q+gghiFQfvpIIbMHoq7irLS4dS4yOHpWlI424RBliSgvIpY7LA4tlbzyj1eZ6V05dX0ntmjmPaxRSUxh0NmI6qPtN7jo8get38Zb5VFcvt8W5ZbX2ins7URtXsreDvvl5E2nY0+Ood5EPr4wPY5OIxECU6WckRI+vhLnyyJkkJGqYlwcAACAASURBVIYeG3Npy3OZskGcpE99v564MA1L/nAGvExV14MhPaTMk4nFo2sSNoBRxtqaZgzMczCWaBPT1/jpqiVpUn7xv2ce6I51J3OySsd8wqlF0UVpBz51S+iHXUHUHMeev91Tx0tadQo5gNSfnA2Nsx4M8a3IH1rpvwogDvOwePXxrTa0rq/Cw16qgwp9lwuxOvTTzNppnsvlVZD6iY5ukYmSElCcNAnQ+TSIVqMD+MiOQOxQ0IWdnLw1iD5/z99ONcksjmudNGsFS26rBoY+E+fS3Nka+LqU74d4Yc/YB5cO44iJazeuRhINrkMQDA5RPOMikYNcI+0UXtDHeaw5T9Doj4dUCtOanVZRAaSL7/zSY0H96CqnFl70s18cqb6w9/ckQxz5Ov1wOgx4pH1NywfG93H+KqN0UDLuiIxiOlmrcGoQn//JB9NzplMeiuAuJNdEc2X5T3MEzZrXZFARFnaKeilG8YJWPsJb13AMV4WtcTsmWFvZGIpeNkniLsmQgqZuQFR9C82DPLDEBII65MPZeYXHxWMzzvAXWFVz1Qq0Du43bNGV0MR33EA3NDmehAGkHsu3F9Ax151H0aVeOPF1jMutASzHYYEdCeG0KFBITm+6T3owBEixZtQIKVkXj0GHjr99++N/9b+7/Qf/sAX96TOMdbNCigZ0A1NzLaVQ9SkrFNNR53l6CbZ7p126Fh/2waj5vxQYCVfnRBPmvaA3jnmPmYnd9B5DdaM5y9HJTIE9rE0zqvTshPLt1qCDokGzUK6nl6QGy+xGFPgFyII3JVN8a/V6Ap8CtLCRcr9YMIcdx30oE6twI1yStXm4xU3maXiRViPgCGng/NBwhRkKp19q0CiNuwhhv5IwXHl1iqV7X66fe3/yNaLmerSSo3qHnQ2/d48Pr7z7kM7mcfIqy08lqhTWXGbOYYgzh9rLmi0YhPPu012GLaMybxcPctl2w5j6ev7yzlu8v7eH6e1Pb+SOeJQGGXG7YSd6PvUOZbeJv1vmyHi2yrv7/No9aJkxJXWNAQ21dRGAlq0j1G4OlKqpKhReKs0DLeHMMvEhf+zGZzeRNWVlz9Qui1WmpBeueF5ij1T8+OqZB2hDaKD7+vL2+uHxfjNnJP9G6ue3NwZoBsI2UrR88+bWzGLd5qmHit963jZDf3zqdrwnkd/SfF0rDwkNazNR0X6jC34kvRuxNlzHbmb1bBIMakkhx164rqNh6/I2xeb84j+/rt9Az+yml0jvKZOyMUyyLIXhnO5f8MEtCcHzHAFCz1TCh56Y45Uf1aXqxVFPdVSFWw4UEepTwq90GwaloMkVIFoAlOdYznXCJtMIAxy9EhgOb+N5XQ5Si1bPgL2p5ToIHEeYeithFgB4ef0sm2KBRXCYHvEerdI5gtuOFVcYQTzsKmTdsVFRHaLWnTg+8mAhvopuxbXN68yGhJSAJEc0fWs9iWR5uOJzrnN0AA9Fen197bLntUcxuRJS2hQ0Xk+SGzJ4sJEPJE8+FbcpOS1AjqPxVnLcnBuW0KvQBQlimtNGgPW9YqnH6EgQCwbzkY9KkyN9FHkOyoOlwMfEQ+hKRJbSK4cEzPnQxI7aog2VtX7mBEW40BpNGDo7x6kjAaLV/2lWAedPR5DFeMDsM+UFjgAFhzLTSHm13KRjmGlMpq5JHqBzFIansiJgek9pXbXuul67xhaOm4OWkBYSp8do5q6Ix26fsTO3VH6YTeczRil5iun9y9Ek+MBXfUbERtJMDh8Bxgo/ThIqBQdDLl5FbFYOVxTSUPpUBohAKafPtBRGBekHo+iCBaoz9ZNz5NQpvWEgnHlqS4mj9RufwXXFCB0KWjJCSLJFXo3L+Axn4h83z1fGhuIdOqugPzQSLX7whn5c+ovJyATId824FylqP1Yv/FV7qE1iAOlOSWB+Z46IH0RDGf90NVUkZ2d97VuzesohO1TxGN2BrPwHbC2QSzq1BOh64IBdWtazSHYsEYxzXzEIjqA1G6x2VYWl0sgdWgGf41E5hRVVX5OMfg4VOUbxmGaF9DlawVfrr1g2gX7UjDCStJ3audioT1lrPCmKyEM+8NgkcFqHbX5M9tD7BDduq6HuIlAuuhhUb0EeP0CInSGy9NG64cLokN/kc0EFVEiTyh5NQ77IDsbR2hENXF40wQpZcRkzMX36IeaE+Ho1DuqH20JbClFcGz/rCHuIhsm5M85AUC6WRyaEVgaMNOWCLF31eFSr037/n/9Ll84u2MsOTibURvpWkxG/jl5MzMNPlr6kyeDXEIjLsgfodjwdYj3dIJsghXeehnVbIj55BjRg0WggHkzoZqTdDAbHRi0wGjnBBWqufQvxjghn4MdI+y5L9xAkVeqdjbBR4HDpnLxYirBm4Lmw5BVj2KY8MpwR0hRXd2P3VlzVwmMGgdvP+dQ+L4lIFWzGuHUII4p5DUXakfvx4eH1mzcLbawnhTLguiH70tOlaV7nb9ZIdvz96fUL23BvPrx/f/XqJkZkpZ9cTS+ZePXCDVz5i2AN9Zvrm3fvPpBSN7XtmsCbVX3x+HhHZ8b9TYMxkWTus4c3m3BJd0++3z/c2YaML6Pr1I7v5mK6ymg+OrvIXdPQcl6N7CAxY8OP2yz89au37Un45cGYN2jIW+Rnr572tG0tPB/R25ybNiwVzPTSLymm3cYPj49XjSV0lm+rz8ufPbu/9/ztQ9BTHm3OsW/aPX1WyZWbvvAi5pe3phLL2Nwl/+im/BKXfL45MFNx3jj47bpnTBYiWL2+ZmIx42SYrN9ksxdYUwL6rIc5I7hMDkfyABtoNMkxoChXj705dvaeZjaoH4ejnhD72w1dHg0h7/LhBviAocuPxsM5oV7ytdTSw1F62ff6eQ+r6n3ZWqBsSpjdjJHF3gYY/su+Ne/qRMDpkqD1cbDX0efkKDduc0HZUkM+P9okYrPT7H5FiyAbZ3jSeME6rULMQjia1xOWenJ/Buoui/0daTKBKCSF79h3FGqUfZiP8nKWHKcPtg5OiFDz7aOHO6lNJk1Z56OIK+mFc4BmpJJZk5AggmNOxD+7mLEe940LAo8yclFlx5NnCqVnHzEmbV0YuIiUUmBBWSq8skrA6PVZikWLjzgintunJSB8jSfUq40Z3qRcEHDTXvyr2BXX2QuIeXKW0afSFLSIU2CHSxFuUkRSyUGdkWhX9eOSXNOU4FMA1/Oore6U6Kkw/GFiBk0b95U5VzbVkCZjjTI6ikF6hAJouODg6qEktgaOdJPYwAj9q3cxr+O2jqaFPZiiv1AkuY7T+hxz+EINiV28dbeiflmKwhMJDpLsJIzPfY/lcZ+Np/nDLyFjOtY154w5MisfOY+MvNNpqHARXE03SGI9FWi/QZOvcBEY01ZRpHZR02DKOsR/qFD1uaumDtvgguR/HcXX4SPzKZprV+4Uq91dqMHFGVV0gpjfpAkNkJVipPIDf3BNoFOrWdINcjgCVLKfSsNTRWW13tdv3SRuVhOLqzuYsue0iycK6qoAHE1UPc6Ok8SzhqycBZM1kCkwbOlhdP/+p+KYyT9/GM/B8MQquhfBT6EzaClBGIGZ2kdDMT2FKZr8hIsG0ukp7VDZbKuohtV3GPX+1TSQCn98fpysnJ5G5SLD3/OpTY3P/4pP86NMgmk1Ri8whFq/HeUf4uGghmLDpKc4NOGJn3zuUAbxQ4QDtrqj4xCMUJLU+Qg405rAXGes+NJqeg3/Gi1uzMcbBcZ+/IZML0pZxdUDpaVraDNQnbdUpXfrGS91AIOgICTZCC0E+joMevlC57e2HbeLpfgi5GgIbBfBp4+hnPQ7mamopEARE+UKXz7dfXj713+rpOAQkcUTz72uG+vPIoU6UsXQcWp0hB55Qz6Zeo+paguO8HQkttN5zNgaYktCkU3wKTus25fKV2X2KwQiuMtKilXubuV0DXkt6iPTW96fTXRwSTAThp2yuj4+Cm6n7lCnoml6AX4mN9nChU2FvXhhIOheH7yND4/mDCBRJX2lD9fSX83l5lWJUdK/4E4tTdOGNqHtnzAn0fMRGY6Gd4dZHtAN1qsrD9OxvtDTBxv/vEjD2EQbDx/vmmujdQ+Iedpzs90j/POf/ixGtyHVrd5UjHc34ot2qBs6yetm7vWtW7/2Xz/3OG0vPnb71XN13JNzI5MiPFSb8XDMT5hGsm8ujLbgc1PaYk0j8PXVDccxJrplTLi7uw+Sy9vbN1YNziER72GHRhRgkBgybmIpy9/ff7x9/cYTIKn9zU+3RnppHMOdrvDx/tGBeR/I5YsYZyGbaSCxqtK8XHnnVS+Yofgm6VrO6LHfLW2UXTLmw8M9pXpbzD1zrHeCShFy3S/2r2C/+/Fcgp1AJmpJe30+BzCitqmIWC2vRN8cH3NDwtPYFKBrAM8pKWhYiMZs3RGlzyXW4dwEXj2jN/4xcIPqem2XOMXH3I9GJR9EWNbSJdo3U2tMlVOCQq6H+K23Ke3GJZP1Gskz5suVgMZ9SV6eZC6dTyEEgsPniuVD9bvdDClSEVpV/C7m1c9bnKfLSLSnAl9wNrLWJeopzkvNsKp9EaC0IdwqG/zBlZ/GC+tjYF0LqRDkAMOvvoEh3lIBsD71rYBqn2LgABFk+McAosPTyUGSV2kqloUi30wlLYgoQ7Qr6/b6lR7x+vrGuttmEFuRa5llqXxNoh4jNKwfF7kPU13N8n0Swd+knfymcFmuQWP7qV/5OxNlopErQ8orijLXYMwjdh0XnFSRqlMKjAhO/iPlKKBH0FjRIZXQbaYoL2GAghvZFhLTYxspwgYfADynPKpyfolrBWeiGdH8i1z5UnngYo0WkJfe1kA61byeWpGtoWhIEmVLV2mqNwUxt2uDOHJrIMNRSTMFmmGGgGPJ4stS4v1fdI5CSeQEDwkpGO/Y2y+FxjItN0XZ0dHKHCHWgeInlcUPQas/xg71AdEKL1ywbhz/uHQGsm6sLBy++9OIPs8BDTF87mUMrmka7Cwm60/BRYKYdOh3vMd9yvdDE6FSk749Bv0Hb/lVxxeGAwvVChIyNTuJYDCnEpqDu6FM4RjuN0VUFexhI/KgD42l3VrE1f7WMSo4FFdxVEvfiZ9CigjV5xyWMEw1K4k95WtfBzknfnSaWaRqWvOvo8APpuZww1Mv0nDAh8Nhu7Qd4tE9zRMTK0ej0K0eNZ8xEqFR8GXYFB/8woXMnIa5pqCqQ7NGMTZEtQyZr4PlPymvlmHVYfuAqK/QCtxS1bjoKzkVZ1QSwjTxGiHBYKj7ZfnpwDI2NoAcLhi5FulsVHSJaa22kI6G7t/hwAqBP2geNNVVVIthLbNBTezLSzvqw5SMlMEueeQk1zTkeIu/PDNCURYJBcq4b2jykFZiFHJVNVlVVBIFjcyXua7CX8m8xoeijtIcjyAXdVEBeOj7pIHNpImJJ9zQMFPdvfvlw6///q+f/AuDpyHBoFErsSlUjWDCRMNehi5E4VgOKpxIOsLadB0alJnYJDtyJ7XzkiK8iEg9kSVWygJzMCyK5HXjPDd33/iKijMXu6hLSyS74MoB5Zf01mAioUwluuyi18U4BrR0lODxUxX+555YMbXjXqEreYHSrxU6klSZaMyh6xWsjZbEKfIpg6LWWoq4HuzR5AsA72w1e9e+hB/JcWEnDKVTnz4Vlb3nZPuJur3by5uf2uRBcAAmFfFlEeaVfQ8lASP57dvrN7ff7+5NH+LZ/KLc5d4blT9/NEfIlNIod6k9Tca7S8wIYQ4bhlCU3eQ1D0AnXqaMj/sPd7//CYy73K88TJu7FF7TVUq0oeTqW8lEViWkybaTx+w9y2YKpYBQytc/9eic796JjJwsjK7yU+kaVXPCLi9yANONcjYLG9MnA9ovUi7bE1WQmwM3PD+9emLsN43HgvJRt61LGZVD6Fas5wNJUp97tLjLiRbZ65ORL7X66p6yp+GYm5RmSiUMivnxVMDPSVJkzpd6cTJRs3ysyoca6bfLmuHswfI8kbQlkJiFm6vmcg540UZjfY0dW62VJxAVXgCkQWVdoNWH3M//5vFogovKvswj6rP0kV2mndI3SPhJnl7ZU5NUZkox7OqgbhjXPnELp28OZK4xQjkxBUyQkciOaSa9ZD55MOJSwxLTb6+ubS9TDpvoIFPxiu0sADIqqSvFqIrBE3UKC9Uhl2tjFEBqzbtQkAl0qYj/ZV74h6Zum3ubAZ1MZZDFz+yRGFPZ8DqGPQLK8bHCko4dZ72iSmf15i4Wzv1lVwcmr13GdKXcKsQrXt/zAWh8fpxOtBbAluzkcqUaMRD2JFKpi/v4Kp0Wq9qS7F+JUNeFXHLd5ts37/4Rl9SGtowLvuVPHRZCqamMm/hTFkJkxwo1QuhSfjnhSPsCZNoOLw5C2jENTnCcpfpQaZodfIANY0f+479B9ChM7E+eShudhKg1EE9d1vqPPyOiQN1xChjeYmEr0i+zdC3diwLicDfTCaqL4/UO4UrXc8W2Z5UWGac+t5cKDlBiFPP5TLQVJVy2242k5CQgDmM0oRqM9xOQdvtOrLDVFKRf3WvaAlrLJK488H3N90eoOH9IN0bMraYRKNYF0k8YopEuwxIqHpe/5yx4RUw/iYlhJs5AnRY0auArWw1XMSFGIl3VhT2o8oLOSDIzHW9wHmOaqQ6i2qQcogq0STXbpx6rpUppI8Bg1yaVwJC/HS7VHwUFgZkDFeZzNMyqhkjTuO8DCZikhy0SqTdCh0uVg3QW36mlz2DToc808qPEeS4ACuFDJdXUB4LNqzsarwUcQKpXlyROU/8KFOaKIRsvA0vNIVLUbxWx2Hd0T+2Fy6mt1qe7w43AuSyIC8B9aoS7BXDYjGDOzS5zZ9yW2sA8aSbvGLhwFLmkjInRmZD1P0EnrvzfDJBKh1HHNVp1MJVGpBBMkoaHkFBfvQ9YrCaChkbHYcDupU+hEKNRhumoJNSNo4pq/+S7WRLjjx5cD4dAl0bFUjMLv+h1ESzY8ZDV68PYnz+UhBkapFJFiTxkptAsVaWVfAYf6sKwVYAoePzh3/yzf2HSqxbfTP9c4XADSnIlhmHNvKY440hDjbHnNoQdE94CB75ULrQKZ5eZqOe5UJAJwucW1qU9Qc4Ky4eShtr7iO5dI4e0sJu2GnTLC+uyzt1uMN57oVsZWoRSIDvvnrEXJcTRhSl14ckmTZx4E5w4eNQrSJcrCrNSNGFhSZOhI2HwLo/96gV0IHiSOTJTfkxOIIvzYg6z+VTx2PEZ8AjxTUIvgjbfkKWq0MZae2jkkTj58Ovd797+lL81UWJO8YtZkWUUL7/c35kS687p9QvDlDERHWOhwasMRkyw1/Lzx2fdtvrONm9vb80V0Y+s07bol6+e336/vr+XmRHgW9tBnj9/+/qN7+5v5hobf9tLKyXtHXfu2hk75cfmZOiVQG7mpfhmkZt15jmvrtvdEekv9ns2der1zW7CP29C1AMO2eSru369qUVOber0Gtvf8UMoiZ+E+O7uTrpiitTYbjz2bO52Z79uJrXkTArpfvF5SfGzFyaLqG9TGE3DXb+4AqwTyNMMY8A2B9kqPffEzY26/VgeeZxQnIVxd70TN0GYqdghgfsqKafQPehM9uFuqne66EcMnTVypjyyzqebtJNlgXObS3T8/MfMIhKKq2FMjtV1Bz7rPj1LxdO8Dc+7UU6dDVqlcqAh71WG3cIjXMsACiZdb5TicUvkuP78tX5FCuoZDXDNIPLUsNQnkJULqi8pAoOUhMqG3KOG+mau2VXKKXGaLbu4q0sMAyx96EiJxB+i6OUlQYPTO/kxuVxF6TXCWlxpDun6nf7iMVwcWLZ9gk5iwKB1nQ7jfrJAAYe9FR36YdHVnRfp60VDGT9NkD9/de1JmVYclhAiYIXudqgs+2bv9liMd8w18VUkxZpZFDozUxaPMRLNomDhrQSqrikmct9EsXqjlRKlhO2JV5GDuWpR0q3WmQbmOj4j8IrFHJizC5q7NuuQvMlyBse5R+E+8vHWJ17SRmH0xItuuQYREBydISC4j/GCthos1LKYJl6doMoWnLXRpuRzdCaui8meTur/Eua6ajEYnxmt4iIWtF+WTMdtyQcFulnxaRKT3gsD6mglzRQX8SyL07lxaWa26nuMjuupY8bmPxjy72JzajhmGHiOcQFL2DQ0xTC/f+GtMLWDUxD14CnNP6rIFgEGZRzo2U8622Dj7/gvgqEaoxkuNH2GItfMKHCMzkRTNza16lH7M0QsdbQfKH4rponVQTdGDikqADFTjr4zTAQRFlrKz3d2aGdriHireBFvDUvBjtRBzClqjNs8ZwiPgiI0avpVjNNNw1QH/Uc1CH9w7gyw5r4bwnIDh74G3uGUmqLTbxWBj1seclA5P5gFI/53YlOwVWiQNMmUZ/qkncSv+DLrHZ4ADbpBdMS4wzsSKwON59Ac2Oy32iDrZwlZ0wOzHKQ+Vu3aIArt6TaV/qgYdhChMEknLEzxqCjJOEOaSg5Xw6cU3fk4shcNhDIWBqE+l4xZKllh1dHIcD8+cNa6jIOERwS1iZqN6lt4GtoaDUW8w+wv9OEENf5ZMVcPOcTxiIXauHkJtlEF1jIlRy3haSuGB4+YXxQGDBztV0uNQwMxoVlNU/FElIGvewbxXxSJTvMglfh8/fiHf/G/v/793+iCmM+F3aCAQVD21du81HRhrYnMQPjQzBX9Moy2uBpKd8+IvmwS0QPw4lAswgpPNlR3Ve6s0Ydcmw7wahH4SeQvA1cj6G8yr4FqldVDcwKBnIOnlnnAI4UA0Uj0vJyJHEXVeBN563pGu/meqlQh6VR2fDWpi7SNH/7oK/24BZmSfQz8JXMN6s3F0mqKjQkHdGfA0mOeP/diujCXcTafZEj3xYJutvbMPjuFgX/z/JGExAY9XJRvSvKLlyJ7vF997wC0jfpJzwh8+PDwvdnAnv5o9KIbeaTZw3sbU756qPVL9+Bge/TM54dHo8ir61tje0r+bBUpVuJxSwzlilLhFEwLDvBNEk/zfvP6rZf+KYaWDnCOugVfT2ya6TGEn8x1mrV5xOMXT955Y/bLlPHumPcOmBQ+f2D9FKEfyBZ7H49H/7jt/Mkwz5PavNz7k5+S9cHe4WLHuhGFmwexsPLh481rt7wLMQYp7+STI3x6/Hx1azd9zugG2CsJ4UsLEM26fva0Y45o3zaVUUyxqe7ehQUFZ+ZdKkgAODhb9yTE+gtf6Cl0FEEeXpaXUxwPaQlERiHG4WydKHsxPcF4GpdA6WV9VHE+uqFGxs6mPMis9r53IZTZai2lefH4wYLKtopKRLCmKMeFIS2Q2R4QLDT9hY1NweaY5MFQHPqPVRvUuE3b8/JetPhbaXcDhHv0jeBml+lIYr2oozehQICsDlH/nfg3sR3y8Kfmr+vcg9HHchC8RVRG4dgB9Vmbp0yEqT7o+sDNde7XdOmxXAf13iqTfgxkjn30+hPtBh4ZPTQOAwNeVLnWXa7MEFtxKDfUc/QwHbwFFy4u46iuTdkuG8koR3CnKAv3GCwXUC1Bg5aJn3tBFAsxepd8TQGWEZofq1uXAuklTSI6NkEvde+4hrpP02YXNfGQjJM0iMSqkj55Wx/USSXQnLEvdU36SS1Bm8ZqAAH9h7aBIb1qTfG6aQgK+L4dT7u5M/aznonriouDCZp7QkutebqKlHdxWYdAuqhQk4LisOWGNBaJQnoqyucKeSYIi6HdTKEfi38aLi7+HRHoJuYRZt++YhxK0RIPXdkQqLpjCKMjF/VJSlX16YR2VmR2cJQblsZncq88Ecg++yZbrZHXljVqFmSjG7o+acFBeVa3CCsZD76mq1MyNVRxqYcMtZk3DOl8/KBhVHBO3hiDpB/N06eygxwTK08FyQZrCMtZo+vY11HGtFT+lgC1G1bVfcJd27BBrfAIeujgITyXlrTCE4b9R8uBVxzUmneIzmnj+xwAKXBc6MTtkCVCSozO+TdEmid7ehmC8TCkcZoAEyKSsVZJx4mHez2z4VZBtQpnskxVu+y28LP6H70L3DSRJcbxJFjzKMw4HVS5guNKFxqnYrz4qv4iAb4cT78rjhv/Vc+7Gy7GoXJAuE4r40T5OA3d0JOCN7lkSipAuXxV3G4deDRZoKAQirBcYFyVRXQ+qiLW1WQR/zRRAZeoYR5Tq3ReGBldzXxGUWetx4Oom6Xd45L7LjkaabeQ6ucufX3F3iYUfe9erU6qZW81GG+NHalDYxMyqnCd66st35IE4KxHNJMbFIrNUQoLL1/+o//Nv1oQS6Nu5wgjRdK9LreMJ5faf09LdJsM4jJy93wEX0SgqIeL3tBS4EZiMI3hckW3UgPZttDW3tkv3CSNeS/s7sNWbfksauRuwwLm2fNm1FriT5wXTap1huWUKqPz9Lsiz0SJiwUI3M6gWCShpwc3yu/+YFbTkt394xutOiICIE0MSBadFYKNxeWLlrF7TrWnhzwzikBanvbtszvG7A8hx5Cv4AYDzQKCefFiD69+8vrtG3MiwBmJXG/evN0oa0Nxz5FBiJS0IHN0u9laK2PTu7tfDRg//e6nhw/uMn91wIO9wRkzN1e3ru5lq2ZZ7h/N/PW657sPd1zXmGrF1MeHD1+/3L378P6nN2+t2pKHifsGV4yZqctuvBT39rFvfqjneT9/KbkkIBX3omRppbfnPX36eHfvHpMpPbf3aG9DZ/76l1//wriWh20XdvY1hhugaZ9SP/z6Xj7HAegFaW5lCggNfYkINti6HLCYEs67dw/Ge2zTgyaSy19/eW8eByT8ElKuiRzb8D+2AmAuSR1OJAm3b24f7r1t75uNJo0n63Ia5p8GUz2I75Rxmf59ubHPlKr4n/PSxtcHiz4/8WsTUqd3REtfq58Y3OAxTpBIBgaAR2FkaYE55JyxLUdmItlPL0VnC2eZk9t2Kpvf7wa/xjajtZI4q5Ps2chDW7hIeR65aCs5R40Dl6kasQAAIABJREFUE0rdX5bja+i8AJEmsMAmPYOgblcE2JH+Yo+5Ob8u/1A0IcpkH/Wz0300WOZSAJGY1jsyGFYmL37cacBgjBeosFT47v4HrLFM7TyeAIW4gBLaXDYt3L7JsaRaEBZHahyva5kwDvfnq76a/EHCl31lZA5Hpf7MsTkM97hp8lBK6EqDbiWIfVzSUO1wYmHCUU4RbwERLelNFsAwmYQg8VDniH2xul+dTZJYZsTlS9hLB4FeUsNSRpXNN4Y/XC6DM35nYx73BXa66buThB3VgnJC5I2aUBQo1ssdWWZnhcICjYvnghAcTtNMaBCobJg3knUVgPeCovpGCTMfaoTmdMhPG0+K6/kghF2Pz3ZzhLpkCm9c9pXnOp0sxQJXknSS2bq52m4q0C46ltDyFtwo5RH9S+F8wpHffeNoCpiIF63kMz8AVh3b2OAwmv2oxDIMpzklFWRPo7GmymhQ94sS0PlNaH3CA4qO+gkg9h3E31ToLNyUegHQxFkgJbyieBqYfpRtuIRk1w9ZDgh0YRy7HQBfqQI8p7GVDWfGAjoC+VmoI+XPUYe1wlJEs0dF8YM7/3wOtTlCVT4acOityJwSfpSmqGHzOzwR73A4hISY1TpaAYT/NyHmhwoSDUhNfHbeTDJMCVHpAH78QIXjkev3Ikhwuj1kiXgk9DOc+9pJRxr8RqcDJBX4C7HG+WEB/NTFz2ng/PDzG08DWSIakgMG/LcG4Qz1aiffEbLOlQ/HiUpg00GjCCTynsSnuwyEZJaGNeicbQyt96rOo2aB+t6ET+chHcoRb64s1BfiEezkQNUMrOwCosPH+ix/WeCFPMJjYMEEbp/8JtE0zW2Gz9lTw2b4ESjcFbgW64RnWWdXyh4B6A8H5HHvYB8YGrIanQ/f2bGNDpIEQblbRlw8wpCFr2TRQSH069t//M/f/PFvsebuYmG3qFaaaGAp1AqexdN7xUZrN7ZgIQ7Opjv4nvVSteSg8hLQpBv+xEh4sjd3F0WtjDVdtNecUsGrnqkKZhsd0/6UKWQLjI1/R8xMNSqNuzPQpGueD61DidA5BkyttmR6UviWcxRIMwrpWlKmRQQbMWAxaJmuvb5iNmO+HML/0U3+BvtmE4Vui4NxE2PlnfB6rp6dIgXEizPJoW0N9RITOOI9KwfspSZ377687FnXVsNhyuuGTQQz99PXr39HY/Ke1lrZdywvMWmmDuAitMykt+352fN35KPQmKtzpyg99BRDKwtb2qg9oSSj8nsVHhoih3jeNob2YZCT67ht7RCqbSIeCcPIXuLiPnQTL4ZUCQTv6XUgWaBJlxf20JQKT5k9VoOAFmNaNUbzV7cSWbsibd/+5vYgdMhZFg/GNKQJSIZGDlHwnuDI5pZCpZuvbmH34hkP7pmf5E4cxy3xLw8emt3srOfaoEsDVCyj/fXdr1+//4M8KtmzPHht03UyfpJmZY66c30Ae5nS9CGV7Rk9nDz34Y9N3u1iJ4fTx04ZfF2NwDv7mU6WI565c3rbo9Gbyf7mnb9mCoOh1rpkISj9ff8qBXeVwakYBadAaBVZkADy+bJQbtUcsZR9mogteSG6g9zaDIsm57GgCYlgrttwMtn1ps9NeLtEg1sGAjjF5JjR8pcipgyVyvEZepegJRndtpNigCxVhb4GyfPRxZUG3SgQx5qPjyWzlVevXj99DTFWUzaM9WuIHCETTBxEG4+jDwgRxyegBC5aUNIJNd1HzkGt1m0hcC+0pn8hLtfL+1qyiet109wSwxORDhc9E701AWIDnrr4TNIyQ7zRdkGsTr7UcDNnZhibcS9JUDXJSIvUsTcSECrxLTiLL2mlMaPogCZKSBxloS13Cy4B8VlTh5QhpJ1zDVviUpSI1zAXlxQXu3zCf6w0I8jjsiI8WWgXsYY2l7vP3DohPkF7ZMDT3qDj4aH4id5Qp+ba8sR49XGEC7TGXB1a/C58uUL+5pWgZl1dUHUbGmdZ8jDivJOFQcxlQ0wmT+UF2Gieby3WH3cezcQZ8SNsJUnph+yTPx2c9rTW50d5o2QnqrNH2HxXonzsxWTcpO9w6hA1ClrBqNSogyJ1nSYENa62ZkPcwS7gLtBUXJvL3+GvKp/KFOAcqljvg4F0MmRZMKDT+rAP/2zBBAP/DTX6/mO2Yig0rX2GOaAaRmSKynDZ5sJARytXoEHdIbzE3Iftqw2T4sbPQyaSSlaDu/ylzHiuCn6uPP6GO+ffJySLGMHUJmxzzfwUjfBOrSuMRlqMx3ACPRh2ityYwlbshqgGO6nC/7VSHY0KfGoTylBdjtdqxSPS0aV29M5ZRPqsIS31xox1E2V6HtKw5RJjg5A6xpQpdyw6IfaDhRgDvM7bhWCHR5YwdoUNU2PG4bK+rflUA2/cpZIK8XCRpJPzQReXJRnRqzhdRgU0VE6P1gsW5mZydvTyFh07zMWfVoloJf1t8Yppv+4u1S6A0iybJDGa3OKS0WjukyrKmEKjdXEktUDinxTCoPWf/fN/aZNBUuAtuON1BWmwiW0+JmZasCO6IteOw1fepVHoEaoEWcOpYRZqiY1AFpg2FO4mn/jcCY23/VZcjmkfwa4o2HyCJK2eoby8QkGBE4dUlQoaxE13fH35zJ3XHCeAPQzcQQwe/WcskfXcZ8E7sNl+ypQ5weXuqrTI7IShz3CRjqDoFRsGoba4vr41pVdqnV7h826ucoVSRmr2iOI8sqmT7pOXKO4eMR2DtYLKQU2uPAFxocnknYUAXzT3/Jpux5vEkLTlUF6vIuWxSN6kLFV8kTd/kTLygcf7j9dvuOvX979+lFay2mMPC7zGmOVC0qmx2tBmWMUlzb+gQrx494n7jAajj5+s/5MMKQTWvpBlnDI8WlWlvBLvcfF4nJ473XBiqYKpxBnLvGmE5AeSyde3r7/d9/hrOavXPQN9fPS26DIrtwR1GFuhFfpIDc2bklEC/qJt3axt21P5K1sYsL2OxR1oFxGvbnpNi9lE/HMO27HtuUm13755QrKM0gBkEef1lVWk3+4/3EsrP376/Ka3qvSeujP0NdfCiMzgbu3mQtiI67B1Uj+aRyeizJjiSmdZ2VpJnLAvL6K3+XwedvrRUpbt4PZC2yaPPVBpM3CNxzwFoa+GY4IUeXTqntRj4nOhhCQ5RMGhqw5d1gpdb5pZNyNkLTDMaq6+cn8xp11otIoGh2tfYox1mSA/5sAlNz1MtAsMXQHmuXTMck/tiS1/YHfK58ywrk6A4xZcFw3H7qMhUMqLiOigsZu0ego3rLcVKuuK9QZFnLluVZTc7BWt6C41Fl5w++b6FgBR1deibqcgPEUXbOr4uueCcCSGuEfwZwnIDNslTPATgVK4VreVTSW2nb3oAk3dxs+yvbp0t0drPjI9mJ9oPZY9+l0oQ4dFHIFiWwzFft+ccFfSHXYhWGwq6hyONV/40I2ooJ6ZLljqcK5nZN3KCOYKnbfQ+HTGJaBTf/6l3RoVlbVJNspIQgUEKIVK98XMmU9LPDfgFFYCc2NBPfIpDZu+mAGUXrYySuQOgIGzORNbY3v8pKVINVu8EvbjeWEMpCbD6qqGg37tBab4oR7W8Dy0tOdr4fKkeukG0aS/6AdTF64jgsNhPyRTUNIm9OHeeVINh6Nq4z+d4Dd5wIVnfS9Qp41VkDhgDG4amPIsG+4sbZSoMHj1Ie4bWoqpFZx0o7pRkg7UTrHDoDNpcPS4xgjx6zEVyrWMgTWFxoGGk+wUVzKDY9u/RurhBNpvFIOIiY6iFXiGrDJ8VQxKUSpPrmHZYeOgv7yvJr46ogCT1EO94jGfu6fC0NXt00X0aKSyKkoH+unrQjO/GNmxs+YKTsvYzz80pj2AJ3v4gQKX4GdgzuBzQX2YTI4xN8qRCeAQ96s22x4dKB1l7Ff291DxXauaJe+qUvJw1TxFT5TRUpMlqFU/GU6yaxQkTDPDZo9qkwpExW7WEK9AEZXN2o7cEMF+mEu31JoGh1uH6aiWMEeTKlaf9eJr7B4DFzRiIsCDOxiNR/KixnXriVoUwNvhfCSGHYKKwoEF34gbGwwdYpDubtJEDCaf5mOJbnpRG21EfSx0IVgU7R5KfkRoqMaVeoM1ZNPM8TKw5FzzFGZW8Panf/Q/01Dka6V7nub61CAFhkLSUqWSAS/SUFuQNex9eeJFck6i1KUsGl2PA07rW8D3/MVne1xlKtcC47Feto1JI0c84aPui7AmYd6KEEMyHAW/Zjqb4TvN5S84QZQuMCl5YeIGzozxm0IM0QOQMQtgJwgx9PFNEjUzAXGzI5+/flpfMkfSA7vL4PcQLYz88uv71unA3VblgMdwqy2N5mbCNtDkYzGgNzchJ7MvEkjCUGOPF26j7l7vg2dW4+CZ7cmv7j64Ne2Jhkxc1ihbqnEvU9Z/PHBHu6eeZcOTJDTlDi9fnuFN0uNWtZySGrySWJD1xEGsSjqbhDIBQCvGRntNvKzsGXO98vZkT2fMG9XIV2za8NBJMdEEsu6jsSc6y4ZlzOUf7ld624j9KJ88UOZ5LJg4/GrB2XLL4lNPa7fR3qYVT9n87pkgj3q9RxmX4lhV2TN9JKB80foBt/64KrRu2Bn6y4bfvn1tP7ITLmDJmUSS1pm4t/PtlYDThonsnu8tP+gVguaK7ch5bLYHKFk09AjGLh1Or6h78L2vTZDWhXOGnJZ4+ZZkQ1JuBG3DjaxXj+BgDDrb5bd1I214UAlNdzyX55Fs8XHrjCUG/ND2HfkRiTTQQ5lUix4SSZ2mvmTTT563cIFaefC5dsiz5frNuOMTGQ7ck7UXR4wFEhlTiTx7NaZzuh6rZ4wrX3TLtAQZh5WTEwv1mtqU83TR1Qx3keIIQzCEwRbq41eLYlOd5cQ5BwkCQL3KYgoyqOjhpSTJQJvneQi4d5EaAhn3m9dvZK7Ui76D6W64WgizMEovEWQDnbGSPjptRskuPgH6wp+38lj9ys96ps3uMQtxLnkEDY+XOsyV+DFZLTSHlqsTjNQpmjari+vSViLs8UYBd0MZzVaUpKsKHDif3PAZjJfFeQspYS/ucOGe8nFXKPS/i/luEjs5/E+rTQNXIqMMyhm2kxocx9iIkCo0BrPW3HUqOSOYNv77m5Y4wjQZDY0I07TnDBEhDApH/Ty74opdPugi6aAEaB5GD8xougCt/kdyR6hk0UbUFy016soqnZoAt9Oq635xcqzGezRqWgu4Cwbn41wFUeYzYypt5mWJWVVZWrQvDQgXwAVF7RItClFMbZF2nk1wVw9uNFzhqRkmKrpwCHsIknvuNS46z/L6XbRinDNEOgoYoCAHeUfc9ZcvdOFT2IjEGI268wuPlVUzRYYpZOGo5NQNvSZx1TiXDYctLsFnWGX96FBYW/pFYaoPoO+oOk3rSROqIMPjZ9wlRWzEe79AhcGd+KndGq768DTWqztggUL5g2yFTlNa2QcM4d0/B6mQgmEdlr6EvpgfulGk65R3uBxj0zHWYmscTZdpNPboxg9atYuPlcZDmPtb0aUuHMN9UYP2fRQqrbFjSHP4gV20HB1UQujguFbfM8Eq1oCqEzFccRu7aTmLAdrhLFIEHKolcIo2uY9oYJqfmb8M4UNk5ONA1VyBH2FC5JgQJwSoR0+IvMwLU8rc5zcEaWi4iuI56QTFoBU3hlvaE8fmfBMvP5TulPUaCZAXwasQh5onxDNaboKvz8fiplVSQOuYZmnccciy516OQKktbOrnzT/6pze/+zkj25iZh0Q80VPwYdKcR3cV4x4LVus/98q1ySgZ8cS7ZYY9Beal/Q1pZpxC06C4Adrb4XquDGhoyGJYwT21EEEAnvtQQRkhnrCaCHkWHiUZxxdyLS2tBRMZRVvAtmfIHzqqfBkWNBMg9RjV9cf00lv1AKXucLsJmEFKOEwcPmuxHd4kIv45fe9ZL96Y3JIyNyWbysrEfmjUcFKSIMewBssOj26E0YlZDwO1FWpK4tONm+3H9AJjJAyq9mTePXww8wDMUjGTZEyJIrwY/emnN3/6059KDVjfTOSrKzeIpWWvXt7amIKW/ElyA7NpNgBulTJAAbK0D92XJvrKEp54U3DzMd7wZisxht/+9NMvf/5TQ2QyepVLa//pZr29kcxdbgme7S6Or29vMODhOA+fH9znzS+loaWYEYPDoGKmR8ricsKegl61t/hwc3srS/n4+aNH7XhN365WjNWeP5LSaNxWAJmPGU3H7iSyWNv026mfntGSPnqYNJuYQyK7RZYEcc/a+Hh99dJLqG2pkbpxAA/ctpSQzsnLDtsZ08UAI0FnTokJPemb4zOG6ZWCWDan5421OpEpXjVtW9b1qyN7eVgeaJ7eXiWOoLb0SEZprZZljab9Lov5TL5aCRqenm6okb5JIm6WR33JseVr9dn13JyT3b884gSTp+dQLI/qlnY+RblcBgYTexUsesQzP+e2GJ4QksIeOJ3r9iCbGug7uqcX8/C0EqCyRM0vGBa9pTCXxPE4P4w8x5gALdpSF45XE2l9JJ+5GQFzhqq4pFwkZYoU0hyfPVFvuAZbhCoO+hHjHMBJazmMZmG51EM0h10TpPItJMHB+cT8oXWvVrCUH9YNu90836EhRi9qUN7huTa4y9y2xDFhBvWz6aFB5rclYcr3h7EuAssqtWUCgRDOuO7WOXVWWITcT7j764lGHa3ztzM4hsfy6vOc0J0AuxtEibQiM8SJPgmzSMrZEAUrPF2JFwqVlXw1YZROfDgP5gOOUP+f8XIS0re4n0+Jh27YINV1CBWn/yWnw0jUPNJgnvsu0QJxOG2sgVKEJYjbQvPaw4jx5iLNOMNE0yxHWDw07scYKdPBek020cbZNJSfQH7JkabJGgKAMTfYTyhm9lGrP0QPnjXGejeO4lLBtBuvCEBBzEtJgf1QzrFHV82IRyrXmlSVqJidHcOaduHfQLJU52n5MejTGqWgQtL3DhwBwGC4JtbgfSGe8eeMcdlRELXrw4y51I58TbYWnXSx0LtnL22AxAoFkzt00on0Fif9C+vxzbCNm1CGuMr+zaxOcu9JEGvHoEcZHau8DKUXC8RbnhkSZov40TkGQy0AqRsetVS3E+f9HtBhWHlfOAE2RQVxikYZ6tP8GAfM8PuaED9gT5MfWkzUagDvoCa1W1E15/i3g9Q6A8QhGTuJkK9BT3n7ojA4OxRu6cYAEDbBeNrIH2s/uvOvQtCop8johtrHwRygDS9H/cw4HhZz0ypwf0drgOg7X0ohdf7x6evitVHWkbIVILbDQ0TWPH8yPjaVwr6CW0lJMdzeWGBG3UIBeuZSDjNFYANzPQc9EW6huahM7MjvihcibmDwbE/G2BVERNtut33+B//4v2i1cuwOaxw5CRvYxXFhybRIy+HBpNTUPw+yN8W16O7TNScnBAtdQoih96skzFSZ3axCOAbVi9j1cBkfHQkEaDSa7j4tuSSaMoAMM4UI6NTYyIUg8IYBs3R+sYiFiwvjB5OLX9O5QKwO8yVxyzix08PzGgZTkbPqmsInUBN2PcTYWftvAGAPxqNV8zulxA2gm1bFJeLfnsmGLZBjOc9CpH6t3PI3Zqt2G9WpUY5peu4dtr9/9zIIQpXOeryIlMWioZcvH63PK1lj2oZ4xzTG4nJZN57lRspdMMhQ2e/2+tnt7bVCw6hpNqY0V+eZwl8fWkpVOvPFi+zk3+UuTTp2t7rXqnz84Gk4LyV5WJTfYVBD/sBVKIGrmBCic1unGQc7JWrfvskCG4soznN5HiH7Yh6uB424BsCtR8/cP0js8GMeKzU+PsonsGpXNR7yP/nUK9gYWEr3aMu2CUp47OxGr0WC9os0HdvUY6mevMTzklrPVy/SvGlOPJtcbbsM4TxN6ZmnKLfMoTUARsBNWG3UA0qenLvGCVdDn5j5Ltf49O3pw6ePHz68l0RlbiZumC1D08A5u3NQCRD3aJTavLXbpOq42q4IoOOuGvTYoWY+WpC2MaeJVV2hNMoX0fOK8NoP/miilYfyQJ1ANs6l6yi5IulfFnqOE7cdLLYpGBJdPN8HqLeU+7QstRCoG1QpW5BISx7yINLw2Ka4mEdHpoD1UqpACKjAQgQRxvRuSe36MpYmfiBsK1jkwLE2vURFR+h+rNq6GJa5gJedWAwgpIxWLWiZbFRd68CKncpK3jJJCRwJHKknLlzEbIa1iIJZ+boewTMpZCkizdTrUkIRgQ5oHotm66mnCBHDiR5M5I1g/ora/hQxWgJEL4YmQbYSSym0idsidZIr5DyO/YWY9mrSFbnCjiWpOGiqSVGS+oUfdJIFX0tUoIa1f5tniI8Cq88YSAGFb/UaWIdachK6nEodZlsiDDwjZFdeJJLoRDQp1FhF5ZFV9vKzN5t2KwnccssCXLZPpf418E0VKEZOlbr1kOwVG2JFDJ3WcRZXmQ88hcEcD4kwHfWj7Kwljdo0E99kazyI+KBBFjF3vt6TsakVLn+hjclxsAYVZq7R52C5UsejnOJYMxPT00W6uLrAO0xP4Qu3dt3GOdMr4bx8tIR1YMTH0DEsLCXr4NZRKC72js0OvlXOhsqpzgdHMTX5k3lOF5Yq8RvzTooAP3CsFrFAVHfQ4bTjqNN6USGtKYNMmidNBSMRrGYjPoVfhFkBTBE+neGcOAcc3h/Y8QtBzt5nEqlyeLiaSJS3ZqlAjRb7DfekHT/jNwX47DsGzyFwGtq8GIDYj4mq4wL2kd3Z6FU8TCGeVsIzps41zRQYExAFqCpal7NBVjvNYHJK8DP/CnAlzok9Ogr85q/ZX9gsskR7WGfTXWdmvMCEXt40TJclC1xIAxW+iwHdha4e8LhKirjcpdx607CvKIQxPx9xhLb2Nc94eW7qV8/00zcIHS02otAFcdo9GvJTRzGITnoA5g6Mo0qjsRzGUGce60s5iNBiz2zrfqSSNdRyoc6e06ZtkJ/16yLGp/pIK/Be/PQP/ylexn4BKl0VWVCbqyiSTSLYk1x4bTd80q3wtts1BdViZe9xk9/gtjlKYKVnqcwguEt5tERcicsnuJFBKlV2TKTyg/I8Jc0uGmzLG7r1s/SXbmQ9A01RBhzIJK1CyefatEifrg1ICRnZmV0Z7VnY1ZxZSkOT5JA3MhXoS7M+Pjg+83DJSAIzcFYi3n/+MHVQeGhZZWHILUXsFU4I7nl431rm5z14n7oD/+Qy5yCku+Nslqw4KvUxe2pKEpIXzz4+tlfj4fGj0fDD+7tyO+9E+dirR+wAchP57dWNKbyEffbko4cFjnNThqY4ueSHuw9SGa1OALGl6dMTM2oPzMn63kz26N0kD3eImrBtBsUm4VZDktqzqe1s6Xbe7k1LcwhQGredJW4fyzau6cR6Qd5qVwmJW4bobpa9KZ9ldJ80sITTW/xSHsRfvPfuhRnHzO7hke6t9yhyz2YzQnSjB+nepXt1wyjmh96/t1TR61JIl0L943N37++9c6Yp2PzWU3JqQkRmklYymVchevJJbwv7+v3du4cNiy0MNbWbZ26okk9mIfaTpLk6aYf9Lo5zlaa0+YxZTEse5EY+KWTRqv5YxkFPvVQaigIAPCHPkcpU5ao+PcQbMZmLucZCbbvsoZrvyWy0NIJJwilubJOnUclOk1Lzja4QQkI71CpNu4xYutjCQH2/vqU5rNwXm00IGTXYxbyJOTT9Dir7fnJg6yw/PYD0Fpyffv/zL3/3d3HdfFHZa27bBQN+03Z0y6IjobPVzc9MSn0Be0lnNrqOCwh8YkRjnZRGIOsijWZev35dYTHIb+yCda5LpD+crsuE4HQaQKJAGqjEX90HyqJA1+0iylYg8msZ9KuUkEYWmAJdp4ZeukQHPy7zYcSzjLn1pyXRmHluVm1dvVcIllg+c0Nm8TFFbhaq0osm0ndOFDPETk2dHCu4bqYL3hP1SvskrJPzbUb3MoIlPpDvnuZOtTsJJ7iNyNNS7sQplYUHWACLs+itO+NEzpcuIwXP8V5iikuuLrzoMu9v4o/uPNyHnuozBEy3kytS2aZkGEX/87hosRJF0r76one+2VrPWKnNkS3IUKaZAuOYTCFxdaQEMhX37TCFjGPiwaJHELGjxNvXgQIU8EE7jsZVqoQgqQc+FVWU+1ezcqxc8PG1JXsH3QidLqt1LuqHj/mijgwNrsINnADod22yAdy0OvpBVXI+GhzGF6gSgwgzUaKFriLqPATXZ48uZrxqZ2xYAh9e2sxFO7sgiAh9QO2bZXazK+/NbGt0AV77Oo6oGuqwAoivw8qF2dlH5Sk9MBepTtH49jX5DhsJMSQ/cOl08ExibZfA6POxRJTTFcadkkaB8ROG1LyWYyyUdcCD+sIo4JombSQ0SJTf4AEr7fw/KRuKC5Nz85qWweFu+l9sC+FpfQ5+UA6i/9HlxnEZD2vaJfk6ES7U5HCJkxgH3eQ74Af7HFKBz/IjmEJXO3+11HxM1dmygA6BpImj1f3gSmv9YE1XW7PhGPXCdx8lvnRamqZ5qApIlxC/awnR/MkL9480A4Ml7jMpCNBhsd4dUpkl71kX84wvA60Qz5bKENj0TKwDFe0ZlX16nJgbba9/uv35D3FxNNZBMpE+fkAWewrsR2x15Yhx2j0UA0q9xukiuMTlmZcLG0Ss+XJHzUtvP7eptlVA4hGsUKNavL7oHw1L1GhSqfGf+I5gS+E5UjmlXLS+vrk9Bmv+Jun8W1RdxKl7yfyMuVMqgyx0Nt8TMN3Q8DYxpNBXV42gKZqQKGUs0xfyyE3gutV1I2kbwkR3dxzH2IFsdmhPpaGsnLzbkQkRGkrAh6Hqmae6fFpGYbwwJ1RmY7GfW8bCbP7TA1wytkMZGmkli8i1N8X7Ruzb8IS85zYhffrq2YTXV9QH6cP9Y88plD23YvDZtjw30eL2nFf2MbuVjlQvU+mm7YtX73/9oK39Dks+Rg7/z5/dPTygYepMgme+UBm28xrThK/bNf3JzmhqcYC7AAAgAElEQVQKfF4qLC+lisn+4uPDfTA//94kN/lNFr6+vdWxOBiTmfkxuqP49YN8psj7/t0HqwWJzqw+1EUnWOdiEgg5zft37z1Ym8g0T1YJ0Kce8lLciekl1iyIAcNiE5jsRIMNb/jdwtAclUrrg03a6e9IKJK7mYj97P7+dhUdd/rW07zz3jzrzAoxnJMcrTvOOWG3We0xQqn8x807HrdZ/yw8yDyHU3EJZE8UDqNLIHJ0f5yk+Xzdx/i93VpB8w/etEspc4RhdfWUldXl1mDysnWvLvxsQu912y4tkOEP8k2q2VVYW8V5henY65evpa5iwT/95//LP//7vwsBLCB7pDB6kaWxokNllEWIuvTiU8pEgtiN0OdTdw+HJwemcdPM+6TCNKBHPvfQwk5ieKNwfJdBgOHrgWmZCxSTskv9LCK4W7O6MzPVvjGHW1pxK+dnO8qt4BxrNcAauVBuXFFCcbq0Ipy3WUUM6Q6ym7HTscwJsTy4kLKctvDCf8qr0nBP5XIE3dR9wh2aCYV8HJxP8XUN1nFRLE2pEnljJmRESrMIp2lFEo6GfCX+qODoWUs2INXgUnbEaic/ru/XRguGqyK14MQXQePH9TLarS9KfHmdJ2BmtrTQR9uj2dQTN+dP7foFhVbEkEGqg6woTG8bA+tDA5hMIPKGmoCJMcJRYeHVTxLVZzI3KMClDw2YlWGWOIoTpYYTiME2GGl6PhEPfdjpBfT0V0dw4jgKfUOREOXeF861ybHYq5qBOY/L+DoSpTkyrmyDB1TNuZYUY+U3VEjtdv/YipUjUUgvRzuoK6WiFfpePwrJoTM+1CbMGEp5RTzwtfMFZEfRoNMpJQqa9ClxEZJ3xUObxTOfEBypOjnInWeckTxcwhsb2KG5c5ByowR57nQ4iI2oHYza/lAx6M6C7iCYta3pueqIk4uHjiaD1LOzTTDjtpbDs1N8zKuHbjyoU4T1k/0cTtY6C4/hEAyhBgfxeLkw6viiTHADAENZmiTS+EikChBS2dFhPGzA1q/VRUYRcvpfQs85axsWvNe0LtBodKpRGJcrPtSKU+GNAQ0h1zCpO1o0icYsE9Y4LSPBbKoOVG1miuhAw1Xjy6mzJKvrHdYb7I3vGulkXRWOy4xs5O9GlW7B7Y7hhb7u/MKvCZ9nypYdg+heiE5XrzubVORnRrsCa0GifAmgAez1H/76+atbMULkwvPwE2zG2igXrambGuGM96JDl7YmRYrSJUQN3aibnTARZ9xDpMWJZsnkiK1Hs2lBGLcnUbPSJbyapPAs/2WfphtjnQ6KIoQrIuoiZxdzApY7fPOQl5sZkzKkkmQpLg3eHeQ0OUV3qS33OkN4qnWvkCUzJfTM12MLjUQgvBfEuKxY5mZ6jghGa3d5PeqlCQ86IwoM3ZF7dubj5EAQGceanLMQj/s0n+Qe2XazmsX9/PkkedW7Z2qL4Nfu2EpAZWNmMWzwKIuyovDzl9ev3yq/v/9AsR6LU7z++vXh8e7NzVsDH3ijpv3CIN+8sYL/2ho+s5v4pxGnMrK//PkXj0cmFIWawGuR3DMPUNTQE6fbJkz3hao8L9WbBtTefCedvH379sWnVwkiFcDYNTV+ebRo8tv329e3V0+f/fqXX+Ht3dCDcTfZ3F5qKTyokLUZKulNfy7mvrx65a66zMZmA/sLzGybspSTSYHYhh5MJjKcV0gzw/2d17r0DMhWAz59dv/xAcM3L6/u7z0BJzdlC/BuqcPQE2O+P/npd6/rUCZBb67rbxhpzhfv9TAMlIDPOqQlleIs/+SJvT0w9hTET/cwKCSQ27yHn65nYHeB0QW62Wj7bBRIQDnJusNq+T32+QJdatKUYZOwEHNgbsFj6261MmH53f4n95flsSV+0sT6TQEhv4L2uK8Kpp8IGj3/2HtKRCDG17qJsbQNKGfoKouQ5dhPnl/b5T4vFyUowqN/rk1637x9+PChZRl4gSCjN8NEqPibd9EIZ76EJSrTnAV9x55kPCk009/A0BKe02PaxQsGuvBhqekVBVXA+0uD6OmuGG4MJvGerJC/VMkaA6hVDtFnQHETAySbKgpUEKV9qtI4BqCW1rUwlGssSosMXaSl2FIvfTWXEKQA0R+clLM0CJluQFPgniHfAXZpEjZ00UFSazxn3/2kjvmD+iPn3Dw9EpDZ5Y5JbYK4Z3vxaKrFaLN9uSGZiA/xgKKzhC+hfbJAUJMLZRxubi9hskTeVLzNlARmmOw5HyKjiJoDJValfRG91UjhmQGDdUJTWAtj6en0EyPOakSQSB0mMV8JYEWxcI6VKak4LfvKcEouCsiyzmt8jvqtZdqckUcp6DgIazRjt76lEpjGLsQyhjP+povRotJ4GEgXb4eo+t3tBx2e/k+YqBOVbE0G1a7GU/QUkL2PHJmK1pzMaq0M8Y/CQpH0Ffz4yYyO505K46qq6LLgLusu4LXRcJAdHRIVrgdh51QFEpKQ+ox4RyMKySQl7biPcIj10XG/ESm9lQmmuvi4YEtfFWg41OPzcHVR3pgbk2DDq6XfI8zQhCPO1jYm+wyqrySmN4exGQeOY308YvV8Dso1+8Fj/l51tPY7GpeCZLg0/VF8IbLSmvxWr+Lo5PATByMb4ho5ObCnbx9yecT8vEvUsK3JhVaGOY1Ow3F/YSd3xLS8PSFPQyXpLiVDVhTo+TkBThHYm2JC0xLUfF5QOFydjGWgAeeEOXqXvoWVGQ6d+INE29EYd6t0n0XusQhYerjLcVmKkbhcBBWiIKxqXHV3pbWuFUkAjR/4KM4+NSpNV2QrLugzsQm+7SZU1aWKsevt3/4Tw0VCmFsQTGngMPcjggz34TMMU/d6lq6FmZhdGBeQdfvE17l93FOTY5k+3EjcwFYv3rCRFMb4UttdGKPY1b9Nu+aI0g3lkKW7mWWMdfq4mMZotJiyYXsGajqtB3ywAtEhUdsGgrDMpgjHYoMg+ZXtMTptPVnCPS318o9eyGrqTjvHhnnZTNMaiE/pcZGFYkSSQI2W3xkrKdbqONrLk1Kx0cLLLTzWe4o3geY5z+xl+LI/uEe6dN/fyNQjF1/1qEIbO0yRYf3Duw/kNfpeXd2YwzNH5u0jpuUkpi316+50w6XR6Ob2tZvChMpwjamGNHdCpQLNt+JDvuMmrUTZJmZ3Vjc1kxeU58VMeqAN96KXej+RWUphTSjeycX2/BobXEyqwoW1j4/sWOrF2gjIgAmbkZ4+kblJN2+vrxuGn1/ejJcP2Htu5I5Dk2oyvIf8iv3T5veXtkjbG94+FfuYS4jNhCUkcZ7LU68pkmbUMeUmEF1RdMu+VEu2/fylrTAEhyF/MbIa+E2xGDLzEyJS4wmniWye2zdfLVX1Yhi5iyxAGmjfkhSvdYcpkSovvanBiUrZ3wRVfZ9A1EUD8BNAfsabMqotEnkdLmKDM8xXGdekag+hZBS5ZG7u2aV5Ls+GsDdBdx04+9W0twL2zrRCUdk8BL347cvn+/qC+dT2gb94+/anLNI90zBpTVTuB64FxVuUhkHsalW3KT+Rxca7DyfRDJMaVuhffJe40wavyDm2/bycomTR0k9Wq1Gf5EwHdQh+0HUsSZ1Vk9ZhrePVp2CAXtlJyBQ4RuPgGn8hjhHswBdmnou5HY65EQTC9x2GPoiE4Q7zJORtp19uUTVqyJA96ps6bm2Am/5f3Dsf//tCl7BhjMnSbPT7SC2Boxhb2SH+VoD0nKvBpKOAQSVWCmC0qo+JxT7QdbV07Vhj1Yd77IVeZT9UWJiv8gIcCjqMXDr0QaJhQmwtPOfjvi3VzQw5Sr56nLApAIEIBp9xfNm8ojmIHCJbnX/Qd5pmSZgdu4tdOhqSSdiVYKyW5cIQVxkrRJkukTPw2G16iTbid4TSTxpehl5Th+XWoPZEerNlbg01OYMfP+Dp0ADRKFdDZkuGCGJj+ouyMj2A7tIPnA50mxDPEnOe0IVkiu6YPLtOcHwK09xc2ZcZxLDMCIpjJx04QGtCrDCtHSAHEwdUeKbrlSSjg9WP0FQV4uAZcJIFkRITnf9NiNECRPzANe47D8PClK9gXPo+hoexVhemDtClsU4yPqhI/ZQU8OFA5hADIwL7sI6x+MHY/qvvrL+xsgbncC3Ti/+zZ3D7BAm37w6OrvhtOGK5ZAnC4Zw9QYy7QR6Gk3e6OJbqBJXVVXM+YRjgTlMAqEhnjZCROEILFsu8alBXLEXIc49zBrjC8KSddG3+ecIcoCJYpMJXiBtyXw6zCpcjXkEkH/WZ7LFSI+VFq7X9exGcQnMcme8CuGhhfNUPT5zWs+rsqe80DqW3nHYjTVpkqGhI62E3XVj6lIW442SlFAYayUKV8bHWNINYYBWRzNAIGKr1WFmOIUy3xUVfBQP9qdkxVc9f/vwP/zMTIYUATIQLWex3DeoIc/E/XeULhgMViwLDhUEDSwvFNdaU6xXK66vGx09/+v/+m9//7T+BVgRb8peuqAQmMM1ZFRUU0GTxOGI4GLkIrbuQfmNbtxzLDgQkcHpXzwf5ZJgSd2iLaDKG9Law5UwOVzaFFoUXx12jRsVHfDXoMmI0wnnKMbTEIjVsvB8nBvf6csG8dHXNC14SH8NqjxpJlEKWbZ7Kr9ydVEOrlluajnvmAeNfPX8bKdmebSTAWJFuLUsksUlWaXQuhUH6fOKZL5VI18w1St1efuwh5N4gcn3trSvyxS/v3r0DbWrNIG4yksl++eUXU8804Ml/dt9u3vGTWUumnH1bYWna5frqZhlnCveqE1lwS+PcxDQHaZLKbV8PaESjFwamfQJ6QKZHppn/lAvSvAcifrh775RrkPLONGDL4Hx/fd0b89KPxFf+mtfJ2r5x6ZdfX37pMYevr9va4ma6R0N+/nJzi/MMVHLipu6z296kxyiubcrVshiiti6UBKPNuB7cZq/0x6/eN6MVMVxllC6JPYu/uWCQhGoZP8uyS479tKWNH3ofTBuD5mtUrl1dOO+pFRugzDJnTMoheWj5GRxNJuWnOfFkmxc776KLvZleOSepZ3b7uxy0pV7YgOIkBBrm9XUBuaRjiWSz4y3+a5adS+jaeMB8757r+uKa+LoPujFjqUL3FrKgi5yySKcmlr98/vDu3eMjZ0sQ/+PMVGOHy1OnGKcq6GWDsYw/nGCLV+B8CSPNVj3dq4vz/IqZ5MS61BRYU/Bbs0jIddmTG5dYzJP9us1r1tLd5XqPQX29Cj+OGRYcZW+cSPvEKbcWYaZzwkFY9J7QWYe2YagXqkoIPS7RS5jAyRfRrB+qw3D+wszc3sUpidqXTfGZr+c0ZdcCTWg3tUrlpVnzI1iWu6uPx1gpFKIf4QSom+4Ij+J4RVUnVRzsZI6UJzqHBE8JCuOglewIH4WhvFd5xHJKmNam1A3G04KvXvQVbd4YOyJWeurDZeSbu5RxgpeYX+4Y4+dyd2SF5913AuHCixYDPJdIMbF24R5XDtJGF0Wh1Dav+QG0Wyxaz99YmnjOUn44HWtgd5ESBfuoatCIXy61W6qp0NCSdPoFAmlmmLIAjrJ146VZkmkgfcC/cBwZ8ydI91i4dKmprwwU9flzskQ9xKRITUSBYlrfvsdqhzfyBxbrDk8h7+zAHxVdSvMj4pzTGiNyvsOA5uT3XdSILnrxUCV1G3Pjqv81BNKNtTBm8FOcFQhTw0NHMc6rzp+0UYyQ/077Tff6VzCHA1pe/4JF7dQS45fGfofN13/80fRCMSVp2Y8P9OIBe45AFI8m6ftCEDeA0n+Y13p6hQJnUFQxhrU8ctWvq/mNhw7CcegGPS4TelrofHXrXqGbNvo69TE7kKSM8OUEmgkyY3TsA0AH4BPuMBSYUhsRiteXj84xB4TGO1svfO03Mkp57QFNuqQsxOWfDuItuQ+6FVWWMqaOtAVJSVVNDofJuXbhaUBKoMqshxBxi7lY7SZI5XgeG66TYKnaK9E4vhZun3oF2djjSPp9o23zF93pTu/quoQj7Q+OTAvoWC2LevL81c3tz38FYH4jEJ2FfdiM6NTaYBSnyY1XkcLZxI5oUqSiTRAKRgldpO45ye//9O/+7X///7j5+a9eF63NFbnLqG43yg2oHnRCQnfIP5sZ2nV0nZmI8PnLIkSkexhfPrNxNdw0Iko0SXe5id6QutkdrGm4oGmAdWN34Z+CkHT3OnwbB5Awz0JvKXaLuahTPpcrk4cgxUOTgDvFQMMUXhrhE7d5CQfN6QpzXZVmJrGtUdX9XWCSJ1jY4erFrWTdBo7uReZ0Tx69oFnCl7xPu+/6+fPbt29MmLlf6aGDLzzcsNnDV95rd2sus5FbbkEeZn1yfdvr6YxUiuzmkJ2yskGabRnZTBs+22v+9euNzc5f5TRWVV5JD2Vmdig//SUe2RGw9N3jrKmdEkxUWsUWdz38/Lk1heYL261C8hdPHh8/Pdzh+ZXMhXuYW72/+8DPUqCJwB5H6HE8DcJHXxy2ibxXXgnYjLd05+XLGxltuzBTuCdyk8uR1QUfv9iv89GqCXr9fnPLH2xj8SzxL26pu9vuNTQvvj71FE0PfmxiHE1CQff6RlLVA8DrIyUCTZvkiyAWaDgNYk0UdvORH+PTlOr9x7t3v/xCe8TMkJRrW3STET5m03tEUUzCsy7fzfpmtVM7GDhNYdZw3SWXyR+r4S+5UMGB/nuAdudtEjIN+omNWp7c04i4ugrXYzmznhzHmrRm2M3v3m3T/PG1RPqtDAwSfkJMpFVRAiR8V/LNalxCnme6F5XHh3v39WFb18R/F3h12uXVqaWlAOw/1snQrFm5KdEIKwAA7Xjruup/Sr62vrioVPApSAkEZboez6Ev2Pa0PgIV/KiJog4Ai4HCTc32z9cCFYA0PSWhlhaLzCvVumAFoI7JRUPlpGiCvZIuJZ3xd2DSG2qDrMxlIMm08FpnKGb1CwiPxa+NafNZJ/GVASCMlCONuW1pTHZTFCsSvJWM+4JfwTTdHCbHHo1AFe2wbTYhZcQKXStTU0xTnVMI4FO4ZksfF/mL9YldxAM6K9bCmCXniWJ8Ts4ZMMV1414omMHnwDWbfRFK3CRYw/ODlc4aBtRk7ZgDigMXBCe+J/7MIw6SCbfuCs1MGlGkZlDE6ESkDVw2uZjd5wzxxzcCET9SAJlynYM4HaLcIBmHSR/CWcH38KCneXp1uqBO+uwFFptF8dy0s/gvs9RUTaeZgjoMgn6L2GHDZx0zwaEthB4KoWhtVMsUqgrLfofP6VFkv8kR+dSXrlZW/SpWs7YUCfcUvR5TDdiJezkIVx6e3HEWW2RNXDkoT0gGlo93QS/2Rkfz4Yp5SlvHqCjcca2c/GCVJLLv/CPnWuc8Il6wBUYXWtWinpZ8Wu7Tz6jsYECdQxiIo+lZ0xhKGYeNGF11mdaMGy9Tzmmb1Nr4V8OarYECn9Ee+KmsKjYutQqTtIJRW4s6Wqd9Vut7OlifjvQ+wxRNzQ+esZp2aylJKhARJ5iEU+y0cWkixuYQZ518PdcFs2SoFv4g7w/J+kYNpqVVBDGRD5S2sACJ68N8cjmtxFe9MrkDUl+MGwIjDMCevmYGcLdco1P6wdNzp91WaGxpYsQ1IFYXi0olu8SPibpomZB82LzC5UlLiTSGpFPh2sBpRHvx9vcvb99M5BMBgMHR9UvORlCHTck1cyhKj+XDvopkJIkW4C9CHWbrhl9++Z/+R0/ie/HSK0PgaarNAOsODlU4lvcYPCmqySpJHpakxfO2lFRc5+UFaZQpwGiaBlHbdmlMnm2h6VFtQahpFXmMARij8gDwZkJq4yurl5+CTMJnz25ev/nw6y9e5uFGs+SVTrRpLuu5hXQtl0eqheG0UHeE2oRro0c6913Xq4dr5+6ffHePd3n++s3r3YT9KK+6vr0Fae5HgmixpZeZyNhixDZbC8osqUfjqzeeeKTf96veOv391/d/vvr86vbaUktNvDVY6mUpoScgNheS2j55NUgTgeQlBcqf7yD6dvv6CirPPiTlw929OusUPdrQN5XLIaKLwDxTEnJzdZMjmABoEokKp/seYNF8Fzh5WcsQv1/JF69fvZQpMqFRz8pJ8Oax3r/79fbmlk+m4GdP7TLuZrktNaWMXZ8QSmrYBBeJn313U1g3dDMU85LmNz+97WGLn6zXvOKU9j14+gpH5Q9eBEj/4hrLSGhNlN49PpZwZZ2tH31qv3yBvi5J4EwDcJcHrpGmYSKkH0+3eXSv2qM6h/Dhnv9la4+Ht3m7OKx9XkGTBQqnxdeIcZttNKE1bi5ZzNN8nb5eh+hqzWyxZwZxZtcM/AEPRWT/JIfosJrb6LxWSey3E5u38/BnKixlsI3mlRV9ds2/eS0BvTK92rONepG0PpIOsZtlbYfH0WYk59vv3v1q/tDEoY744sX166u3Gv78V//g3/2bf62LnPAtQtDMnBlbs3I9Jb3xrLglHOPww7RWXKrPd0USkP85fLGymxIph250ydYGfDKhVFg9DSEvnYDv9LbkPT00fa33STmzwig1ylJCkdJgQrXpNSNmjzS4HqbXFqXhbS8vLsv8zrxLtu56WDNEC9qxF5NbWoO42vLf7o30nSMqy4L5vZLkbglJaVE0yXpm0UpHC2zppY6BF3JrF7uFPccOUpfWcUyoYAaHbnoEkubgLxznQ9FOhaVazf/FSW39hTzVcWnsOJmi/JbcDqjaPkYL7trjw1vbQC+IAsHTRcsjXWE4c+h4ZibcOF/0ozHQWvrAlhhzAID+BTcyIwnLFD/FOVKJXipJO8mVINHz0YxCiHZEiRWZbJyj0QgWKdSjq/kidiUUAjLoIneYEAhqykmraPpJnvlPbYm066esm4axU0YUNTD45viul3c6P5UyhrirsuTM8caSmIPy/leersJ1sc/0iaPMcPmu+RqkgTiadhE+ylOXwKiM8RrhvfZR3W8t9ld5bGctI/j5xAFcFHbanN/k99lXCHtciRwAmkj1BdGpdlTMGjtDuvoDE44f/I/Bwwf3X/GFgLOQxXdKmsTKwjlx+pozhi3Z6gVVHl4xH+xSqGOzzFcv5YATDmgNEb/ItZYVwhLs1LfTSlBLyJE4QEcPjo9P/qAbxEGtWYX9jbkI+VA1p8dDlzlFlHxnVw1pDY/532FKM6jy/LRbzFC19qH9wVDRRLmSeY2fnS7dDyMGRK+IdGOsUTHZyK2Px9x0sJhQsXMtdBEnHMAx5Y9c37U34Ew5EBWm+Oo64HaKNsrTu4yqXY3R1Uk8ZsUL9wIsBxMJ6zDFDoVzm34mxXrOZjg2NfXl29XPf/NcqsFKqBQMLwEeoxOCVqafABpY4h7/CwEkyAmgFgDPTAr8dNPE3Ne7X//0H/7t/+vNH//w0quNkzWrC8A9vi+3bk1Yk1JkEcEjXMhDt8DdPGjpcJdVGJOwFAIkIsk+UZoRbA9BN5F8+oZBa8xhoPhSMEY4mU+Sm0xFw+5ngPKk3/SrmXm4pR5YN6IY1s27mQ3s3vHyhtJxel/+scCFWtkqdITxqg+qJ+EeJmI/CuK9ZlDqgLb5Qgy1L8QL41j3yXe3j9uH1Aq5LzfXt3RqVslVgVwKPukcXLfXHjptMHz5IBtrsoYKqOy7279SV+N3236fPzW5Jsl2y9hyg4/m1MwmffoonUpRm1P8+PjQPiKjSOvou540Y0ddN0+fvL8rNfdUb6I9fLBR+pVkqt0ln75atqi9FJIpcF6CaaHDCzniQwPD9yfYpt2y5UVIJmVdzOQ0LQB9bnt1bJi+elVCYwIPPxI17pXbbC8hyL3Uu70jUEmHto36s+cl24CilTWR1ze3m+XKcHzdHXM2vbu7x8m79++ySvGhXGTdNm9p+GGpOj4XomTmaFsxR7v78OvDw32211D4wwF3zUdaVAqJj1rwJc0+m5rESdaGmjzVMj71rMPUHeu/uUEiQmE61RsIvXrH2tIHytIfScerRQbiS738WgViktbTv71X5o+v/iBBxFFWZmZpvu7NZj2Up18dR8MeMMRj7Dp/bKN67sdzXlLRWwITxCwkz/n5b/7mP/x//sc0wiHrsolRr01OfS2+MYBDBYWXuG7dHbh6DmkiR3wKVL1+W98lIxOcDomNz2Z5JbEp+TJ8AEq1OduUmgmKBnioV0fWlJckuqm/BT9kjp6RzijS7Px2vTPMOn7cV1Uco/fCSEjHdIGgC2BFE7Jv9d3uLw3VX3DcpQAL0i2DUAvOhxiwtgJXzz+H4DnSOTSd+eFBm6hMIVNiZDQ5tOZAl/wqj0A2CdRipVtV40hbDarA/dRemFiAwnnI9J65WSloVy+1p83pE5Msle1PU/A/jAc6XQ9/Hp7TRvG0rqvHbM4Wo1QCmvPCoMCnXwo8htnRmgfvemnKDCqugc1fQh6ubDlT1MVSxyleVCaP0wKEz+p8QSO2Ho7YFleNHxN1fCeGdj+6r7KsjBxNZeRJlQhpN14aDlMSy44SdPmkHpoCEw/9YW04XgYZN5tpXC+ovcdJ6toZNtDOJ0wkcMMo6f1IlzQpzBnGK8uCKW81ly9mHKbL11HAMCezUx+NcpRzmAccEjNGMKggM5tVlY36l7oyYXaJhzD5F/jpCA4rG2Jc0FIQyAW+Nn0jfP5FWCiKjfOJItDpbMWd5KqpZxQ56wT8gXicTPsHIqjjtriNcR9fwxOug6niIpWv2ByrxQhgBzpeO46fS+0FTYVqxlBQqUW7AzTgkVvMOEiGa1YDFY2jn/3I39CQcTB1zjclORQpZp88ROjSaud+w97XMQfbnYsYimz/++JdDNa6HnThjKuP6ePJ9XwCHLNlwbib9MzIe0dAGdaqre2BH6BjDDC5JKl9EuKF3lDYRy6n0h/8+iidHsIRJngnJU0LgY4DH6MOiKqR6FhnqH0NpsuD9dnv/8l/3qN3G3zlRuuB016MLjBGMtl1wGJ3qFvwi0pDjYDqGw9jKXUcPq0b+8vf/U+Pf/l3/8W/+j+2psJVArwAACAASURBVK1Qn/pxCERe0lK9KXZzG1YSeilI0jIkQQUZOtaCPmM+0trVWhJWfECyGzdoqwgVJRc1ClCm/sD0DzPCWLF+WprqhJVGgIzy0huHn1jgj22zRxFrdIOrASXBU10RK2So9syXdExoM1teOCItMLQiZkgz4uPHbTdTbMI9BDevN+pLN19dMQ5s7infvLG/5NouE1t9gRHN20FoAlv0jPD2OoN/+u7dX9oF0OKab+4fvn59u6zFW++ubTt5eLhrH7SUqgkSAPdmmOii1XWaZAozZ2ZGvRCZYto3LfU0xku6wLy+eW0isPe82Obc5GKeI5cFL0PM8b72PBSpfM88fPb07sOD596Z6AwvfbrxahLy1Q0kmxFuJkMbu6qJREmmFVnb41fMhH24u7PQSAZc1njduzEsrPOsvc+PvSfm9s3t472krXWBypF2Q5wqSr3lSZ8967uXQe+mvFeRfwHPkboXTHs4kWtINOdGOLBhfF6xPGxRoWSUb+XMXx/u7jJwS9O4Mz/wY4M75yHucWFez1sgZXSQXbEEWzQ8HdS94t4tsqYyChPUlVMCACtOc0D+WFeOkOnb+zoorXjHjEWZ8kPvMHx1c3Pzu5/+8Mpem+ecsDymvc5eDcdCtqrI9sBZktGb1p94EACMttuTlC3dfP/pp9/HmDvXUSmymYd0zSE5ff3mrZecSOtbx48VSjkB4YjgOoq313/0wMMkafDVIkXRIQZLy7RJsXXSYq0Of7LJHlRJbDUlrwAxoQMEczRYs5p0WacQzlO5H4Zws1152sKQJA3NHxCAizGylPo77oWaGOkfqzJh1/bR9IP/kqtSTdT6CnJ09aIElCCUF4aCivvUe3PUk+y293kJqufWf3/x1dt3olK+yD3qRBOl6KJ9iA+dFLh4d8SGjIFdnWpbtNYqobvXTISiZABrGkJlE2GkAlaV2NWkwaIvTJMoLQmuqVBxbqQAYI2qWqPcFIvBxGHcRmwHWkvJawVg6hFmhiS0tQwynCGHE4askrvS9QwHDF9jqz5TIXzF3nEiOiZBTAYFQ5cFY1VDZLWAsJx3g2Eyxpb+MDvWUAnZ47IpBAQZqZgVsmqCSUUx6r8/7fMUWBHnoQ1zYT0CgVaX+mNNGcC4jU3Hq0Wl6iQPafeZlZ9CZWs+ilhwGlDIO1IX68l44WqAaFVxaRxUwGN+Bhn3StISROHtANhMcIhNYUqNstGdkGMqVEAz9ZFrALEcrmr6wla0xuMKVlylZh0nbSguCg+mTyXnc4SaM8ISj5plnZ05SeZOgKNdw6k0a5FsiPpKtQfKwVCPbB264rwy5R+u4JiOBzf4i1xrmegH28A7PV50qMQilDDoboeU+rEGUk30EItertlZLFU+XIk4L+l0fIVslwgGg0YHw0Osnv9UnH9nlYgM4XTQYfo/7MYVoS5+tyZozvnzQjVZ+TAYGlpGNP+ENaf/QS6+j45jNLYtPTqci4nlOLERQ82/lUVV0P21C8fOGmAWwxq52xYwBakYlbpT2mjVv5jYbImpCamMe3W/+5t/1DDSjgQpwhEvBSa7xgXdWJq9OrgIFKd9UtSEq3yNaK8R7vPnD3/6O2y+vH7LJeJNtn0ZrkRpOUnkjHXRMV/YVWNcR/pkeHlSMIpwePhwdKiI8kHFUFHZhGrieTnyUuFqLftiXXN4ufOaNx10Hoycn2D+1e1rCY1tvBzAaGc4gdGyPPeDYTBBsgw1AXMFeOg2Bhq8l7YtVTK9Z++p/KZd4Rc9g7VLI+19cV/1VsM3b1/Xvvc+h0ReRVADrCTAP+/ckwq+fvX6L+/+wtCzZmsEX766eXi8dyO0GbVz8SDBevn85vmtke7x/Ts3c6UgMtr8i/4F2Oe9m47uXMnYC/K7n35nk0yPyzYB2Yxyz/duHvfz5/OYH9RlgGyAdUq4vb01p/jqowfffLm776Ez0oaWVnb5U+4ujTPSfvv48c2b3nfx/WNPIJeXuOXYij0gZv6uewDK/fv7J09tmJDm2cv88vNHG3RsSWnp2jdzYJ83+4xPd1UtQtjCW37hrFnPZ9/tqaZ071/5vb3Vn9gCmm5Do26RpglNu645TK5qFDYJRIR8aaFHh7CDuMWpq81P5fRfPrzv8YzcibR5bxqziqB75ByUyNLZ8s5cpqFVSkFXCjhG6qW9LVnQHCFm6hV/+hF8Y6A89dkr3szhXajI5GQmuu2mzLsI9zTzn3/3s48ZO7Q4b9Z2bSE9NF/40TKEr4/3nmVpA8/nu7sPAoqnCi3pf/n2p983w0WzbFuKBrYnWmsvFHBbbPc+xxffX7/96ZeP/479UwcxcdMA70MIhuQrU1dC6jplT+33sjO6oDStgGRsgE2xlYRpBVlNdYZipGs6+8OiMHWB3R2y6V9nLCi1LJVqTkPa65Q3ERmeWhWtSr6Gvt40q2zp/kXVaecyws8mDUH7RwnyiLpY/2fMBb0424Vxlxd0yv3SFP9cfrgtPaiyNaNMHLtXHLguo0D7XdozxTa7AMjiKCZTTO6vWxDphTuMeCvwEqd8sgDbyTxxxV2XKAhJMecIDdIhfJljx51ovpxd321EDn9NfYJpTGkAFGoGm0GyZwLGTioIf2eHozFc2+ADzGpNBIW1zhJXUbqMShU22hUJ1q/iOYotFxWGQxuX8TPT+VkIPhiXQiIFc0jGuqOU0UC4rDF/cxLdOKj2SMlGBa/S6kTfFcJq8piyJYXDyHmymrr6eVUzzhFlvnUoR3A5ZigjFUcKdWctQlLJUWyIm9amnlCOkCaj52wIfVWXfAHwbz+rS5TT2Pdq+4Y8IcN2gZxSVrVm4yeImiTfoYcEbJMvtDSFx+lr5JiKExAjPjWsm3VQC0XHPsOoSLMRmOxxEjv9IneIdpK/RL98ZQDDhu4YCcNBszBS2Ngpz0Vvbuq8T2x0vkO/R5XMukKuEs0ESxFoRXRaSrW183d+cFeBv/1WpRLs+VahCr5wxIzmfn1l5iGPSDe32+94UFXtiDPl+MeUVca5M6Ic56eFXUCCGZT+HH3UXNAcpoazee76Rt1DLxh7w1NsG8kcXdMTOrq4dcKRL8zGhUaHF6WJUW1tm0qqZ9XkAE3wsIn7ZkrkKIWvTJ/oTYnZe/DJHMfuDx12BbNd4p3AF4YmTeWNZTkbO+BOfK12gHY1yZSqqeTZ1c1Pr3/+Y71xvKcjWidTILGK4TjUx9YCtgLjStc/yZTmN2VN1lbjTGdfP91/ePjl76ynstfRPTfPAYy3bb6ORvtqX+y2eFGv+3MLlu4xIqcPSyG3jLB0I3Ilg0HMBwwkqGy9vgGFgUqbk8Ao4Hz8EBSZUvJy/+Z944DLnBwuS/U4i1dSnzKPNp20P8PkYCZvvTXJ9JecyjBzcgRJbQlA8/MRlW/ZKWBxHkTNdkkvXpZNsWDicKC9T1keYwPB3fsPJo20ZQOrxviOBgYl1K6vvIjkpVkid4f9u73uOTsseHvzRpZw/3AHKa1rcv/pznSahu/ef/idz9ufHu4e3t39emvz8PX13dcPcn+PvvjyzbsNezwNDmmAaHw4eeQTveMvl3DiOTEKLYUsP6CP9reYRnpp6dzjx8fYtxHK25m/f7si5dWr+w93HsroxrGZQwhaOvex946YkPz05JFNZbFGVsqUMxHEBC0fwjCHdmBp7a0n5z1/8f79u56T+OWLJ3UzhHk1D46ULd3f3ZswbFeNHPfb58eHHpD05u2t9wtb/ogDKSGu8JBjNs2cRPOJbiuKRN/tja7X6M2s69Y5w2cOKzLNi3rD3ru//DKH7p5+duYSc35baBiWE+WiXLP7nkUfeoOsvtBC0rqmrK8Z95mvftZtzKf20hSf2d5kmhHJKsO2hJspf2EOkCLNGX+8d3f++fXLqzcePPmiqWJqkReytBydnt2gf//+L+v38hrbjN6ClDrjxh4mHqGr4FnexS3rhslfSNcV1i94ekEFD9dv3j759/9OFc9vOg4HjZK4Br/OYpRpB1FRqLBRKzlTASVnM/zRZ4N5H4l2iUPBoG7mx8cVHrt4LmgJo08Bz5AcyfwGOXEWxZWXUzpBH2SBW9eaerFox0LLOhKBBbq5KxSTLOU3qw1iJ+vMMVSqw6eJpdHCFVsVUxD1W76brlDc7KGAD0ETh+TTg1nY5VO2dxWLCXgk8rCyb4siyg5FJynRwkqC4ZZwUaFsAAmmxCf+xiHJ4lJ0QVyT1DqZUhzgoDpcqwyRavIx5QUsXzuEeepLorS1qqobvjVYUeyTFgE57rxdHfiQKw91ioUwOQ/xWsKcIeKnv6Ay7Bx/vA2nr+IDCFGwYrRmgpo5RzCTF171kqw+2JK6oDG3vqA0T2hUTckqGI+rFVGVK4yD8OUiMdfhWnG85gviIqWH4DQ6reaG4dmFS001w2oIwWk81KFPRKxOjBnEGWT5XgyMk9GUIObb+Ip7B05rvMJOgTvfEWNGIC8cEjTTQsj20UxtSdxCx2l5WAjoaAf/BBCown3UgXT+redovSnNY6yKRngad2ZYE+tyw0hHFa4xF+srqGx/8XUYi4OOAvCvr/OJgwTaefZzPLTYp+tUpmpqNLBFKDaPbJXXPFF3MGOGcbTIdw5qF65qVjuGO137A+QbfGofTJWDTVWXRv2uVbAH1Vw6Btd2cEN6BJzrVNdpUPPxERmpg8d51h0SQD/OpgmlBvxia+0xsL4BZKqtBMMx6Kv4un4qjlZ9fLFawiNQDzndS6/q/kXNkjfKsaBkfUvj9SZI520AEt3XUxNErUGsojwoiI0Euzqqw7uNZYruwu1QZ87N2HOZ0BdA8h4UC/rNLjSf30OBSSpexkzyXv/+j94Xkkd2/Qu+MeGoGHtpYINEa88nX112FQjEbJladBoARE/S9avKHa/7u7/86eVVi+4nlzAicqvE+3lxnMRLQmJWqSV6Ih3maAw+n/jrzEDxGRN0RDJ53KyrdkySIA7BNXfS//6GwfBmIgWYx9zAohDYQMewghSnJZjW3LlZhi3vBSagVXePH6/evjUFKCMAg7o5Nwd2UhfiWuu+qLmuJOWLuUYqOOWKG/8osUVpLywL+24cffrcVmWbGLrBaqbneXeoqbBZn6ZVd69TVvHNY2uuJYl0cvPilRDAfGMUD2TLPKxvb7TFeYZwaxmVyi+lBube2gn7XWLx2s1dRjHcPfliG8RXRKVrpG2EKsGw6kpK87IZraN/jywxXUeczzKVewmS9GU82XnRKjf6KrlciuTpjCab6ncG0rh69uv7D/cPD2ng6kr2xsgvbzy+pmPjPTV7Dg5JaNBEnZfHmOVVaPmdHKMZ2/Kx594QY48LS0pYQ1xi4/5sLwBMdp3UPGVp+JM3b3/ncRtG95/e/nR8VH322Ai1frb8SaKW7ZshW+Jmv463A3oyjlL+04rA+QSPgD5nyd0d5nD1Zh9LJFP9NC/h2LN5pSDadg3hH8IMyitq04rV9pVTP/wsknfmFDkRbNadWiogH/xuUvD5M6shJcH3jx/cYb+7v6feK9cQzynvdZHGalGvIMorfKxMtYu/JQRcsSuukuP6E9SyKizpS5qM26dyS0khe+7TWL4r/8JDngFduaDxtTCvibUHyQ47F+lfkSot8QOAYkdXHb7TUcL1rdN4jk+RITVuxModan1AEqKAWecDEG9RtQN6wbXCQga8EWmSynb8GMsMeMaB+jSH6fZTHwbWTvcyPaBgoSF+Fgrm3fSfRxyOXBhkD7wsNTRxqAfpFMq4EFuh4hoRHutAahdNl5MSVQ5SquGSsUwcf3qQpyOoD2FCpqhCHzaOSLVlrdQ+FsZySmNO0FiHcTEdx4GM/+DTaTZfw74VSWR8a5hlUFSffx61ZO3AR8LBjvdD1cXnYiYQVPPfgI9lCrR9jqxjc5gGRkj8b8yiQHQTl9MQUzMNoQrQ4ZRwyK5kSX0iNeObtvSKI/KxkZrDx8RNJiX7TK6UqvVhN1FDvdTu0inrZCFMBakkMdQnXJIFHsIOtZ7aWpyTj+O3Nkt8Gx6D8k/pKqo0g5jHOaw2JOcn15nSUyHHmsfVLr0kUvycXhNoH4qHnJcshmFkaGtTb/A5DEQim5CgNvVMvwmeo03PB3wwA9WA4BqNmcrHZmBh8TNdENjJUkjckSU/ONwlHEKoBb1P5NVnpNrvE4ZJPdnDDj5UowJuaUIWqGVVvrUPZyAo+OwqouGwcrB9Zy2foejbZwX7+nG2coyEYwChPAI4jaCfWdFZMOnhgiFOD8XDnuKhC2IHil1N6OZrk1xhvoBBWgpFzeLrZPOVP4U0jx8y9aM5TuDJoCcOOKy/pJAfwqDHAYYkFosWRYBUcYB8X8RUyfAzmV5Yu4xwBJ0SceDtIA1nQ5l7Bwdn6VeIfAqZvK/L7m6aGLaCGSjeFmEBUEF0C8/qwzPxKq+fNIx5at0f/4EHN4e3DcPj+qKrmL/I5MfsWosoMzwShByBkE/paThS2o6IUOxpIp8eP7z5/R/NNoW3TlQEAdJIL3R0Uys+FHz59lFbI18+YaTToJkYVsOGrQOyx26lRWNmaEJj1/HJcpgZH7DJN7RrcikrkwGGOD98NlTGJ5UU/VC0y5jO7SqwJVM74zZdLe9vJCkVSNyC3hxxcW9gqOwm1G4qYd6W29JdT432mrimGLvL265TQ7NNHmbRrmRfntji2T6mwg4XbtK9/el33hAiNyU9dZorc8OXku034QWGN+mvu8gfHu5oT2JITS0O4AHtopGEPVIWF3j0kjr6+/rUbBn9uGR/LJ9qYZl1tCaomhexu4X/pIKyCq/mi68XXnNiO2rbdD4lWlnO9XVpvUlcw6u8S94JCTNL+NxHdv9ziwUzl6xdHnzz/VqNGUGKFUV7BovU0rBOh/UeWaapSy+bfjSRS58yP5yYNTQHuTjLoOj1rr9U9vLFw/tHY7ShHDMSdcKa5PMs7uXA3yyL9BKRn//we2ZlTikafyZUftgbJrElDXjI7m2a7v0l7uD++pdf6gXs6YJIv6j78Z95SX6dq+Q81m5+9iBJDEFIlznRq2cmm2lI1DedbLbRmRuyfCB10XQLDLTvry4iORUlKGE+rvOmul4XI/nmJzz+8+Of//KXe/s8bF++ff273/2MDEsThEkkl1D1aJzmOF2Mdn3HvD/Y31x4fon5ukQdc8mDQKVn2LiCw4BpWf/lL679617FErB9KKVuqwGhuax4UYfL0V1ElGBUQfZyzd04VS2zJJG0H1xXei4RoTLv35VltkiFh5NQpeoGk+N1+V1KDQqq4FXWtbTJewuuC9czDqmBAWFN3OK0hLP22KytVs4TchE3JGR2IrXSZa0vaFUodRfJpLrM1BJbP66xHTfXXYqhnWsfM4wg9aY+9ZWuMCP3vKvX8oot50tB25E3vi1u2UAcT+UJKbQomM/nQD9M5rAwilISTeKE2C2XCXCE0rqwHcBoJ24na6wII8wYDce8l/ZDWrWD6E8dOUTmjAGi5/VTOY5GfwrEThdqGsdA8BHNSUIzNk+mPQYYIJZGDi6H2hdKwtnHd/pmCT6R9yRqzEVDZd1zidTxu9Ngkqg1vCn2L9JrkwITPvlrX/NztI4+tmvdByeO+sJ7ckxDcVDz8aaqzl5fGbCeeqEAHJQN4ePFYQX4GEFYU49P+l3xWIpOZ0cpYzhKpQXnX01AZr+a76uyfaZJcLHvp/+1yiGqn/NcyIThwATXMU2uaY3V9DmHIcgaUcUa8MP6YSDNFiY0GUyllQ1XKI4+KqoqmI4P1WABJt4KIwIkkwUzOil9WlvlD2XuRDss+ecDLMZCF3jHFwSr7mQlSOZA8eLc98r73WcHMHHXSKW633gb/A+CiwiarB9AWXn4Dibf+W+0KoBi5aObLjkTfxmTa1K/XFeJCeFqrbhB0cl/k0t/zzG+4oqS1vsOVZjnrioiIqLMnHRbDZ9CP2G0inrYFszUVtL4oiqeR7rcyDhRSGhsEB7UFliDrqMwkheyqgaWx0JdaK++4SEPjj23VbqHZKLODehWIqoR9L9c/f6v4DhREnRx7Wj8YJgu1z0hw4Ak0nRZwTc7QzGVTi40y//EXoUC8OP7Xyj3xe1r5cbSo3b4ydVxwTVZunft9lb5bopSEZ6UBMR6oHhLHdurvOFBXVdRMYTfr9ILQ7Ot0C4KopIMW1q0IFtLn2xLS/G+d5zQEeXsVuDNmzcYNmyYP0yhJed2JXsgoV0ULdQ0nJjrSnVlYHZbb+Jsjwi5rJVEo7uOVmNJjG13hUS+eETulpmhuiysBy58t/3YcD0aXq7tHcuf//LuF4sIqcgUzcdPssrmveRGDw9tCrEaEGlMTOm5bFp/apOHAUz+9BFFL9t74U3Wz75bYOc2tcxI5oMl3oKouSovO6RdKw7NiNrkzH8MjhJQppDUUa87mLaPFKK7X9+qTfp6eHx86UnetJNFn1y/fmmfihu2b3735vsvH6S8pLVYjnpftxjxFT97NDf23dYc26tNjz2Syyq6lP3lq2cJUcK3T+66SjV7jItcHFem0A45WSCLe8SLrRmGbmqcc3mUt1lce6u73Xz79ub+zoJRm2C+v/3d9ZvXt12jj9vsJm3jvg0QQLhdaxtKl3rniXWZn/787/6ui8L6h2I8GufrHIUqNvPPkCm37tqBMnhLQyvpIWQTnpaKTl92JbbcYs10KSbznMUz5oB2sWC1Qn0VvOSDCiTNnJAfWCzy4UPvnP7DX/31T2V97NvmlbpGixmyQgyVU8ompcgN3hKausZmsFoXoZv3rybKsZ4EGCaAGdwetOl57J5GxCzmO7tqghEYTji5f2oENn3NNVoTdqwhLqjhqLhvqy8rpFwtuXGU0kOa6AKs824BdweXTs49PkJAtZvIKPoUXl3xBbFYt2CBK0hTYJGQU3eaXUCdDa89B6AuWgDT1xe1KtGLrfMr+oyt2lGBWAFVx3lqJJscFWGC8lAcE5TUN45FQg7Gw1x6ceCYJYLd8V3S9Bob3ZdL0R6jqqq/wsdqZjDDiW0/cwPSdZgZVCgmZtHS/1TMjFXsP35zsgNEcIXl31NMYEcLxcAGjTXEVmaVkCdXJ6ORxrGEjSw+lrjOAgOLLKiiAhQTo41XWJPCef9pfjz5ohT4krMSbCHvJLxpWlmjSeJOzdx5m8yxCwkwiCTtQU75iZevqh8D5FjKr3XI8dDWkzgAno1AUUaDY6R+UJ0rJEDjG8BYyfOmzmkxunEXp9nD98wS6Sgf3rWMFJHOmBWj+YTicQxDNBBRuk0qU82p0yoes9AB6zxK0XUc79kJ/h/F6Sj2glnzwV5q+4kdpDRvnjZEyaxmbNYoBhWuT4Cj4x8TcKhcDMN8ptrXKoIUkWf2GWOgujiFM+kUoqFFujgACbIap2N+NZqV8IBJnrF/YSwkwcHOeiAyV1znngeRVh2ByBP/4w+wKocx9uoD/hT7m7oCSC+rG95K9olmtH6cOe1z4b6jFBiu/Q96Z5ffH00BpGzNFoTy3DO61LbQOma6+gQBg6s27tRfaMd8NOOFYjuI8yhlETgrSYLGig5TIVhnaSN2WSlC01Js8YAz1wRwyoBxioc1goexak6bumga6p9nfMg8vBlKtXDpnkiOKHhH8vnnz/fNuu3+0lqTDnmTcW7GNvxBA1uywV1CSxdgFp6lUa27F9hzqRcvb27/6m/ypmS+KBWyBMBWKIwWhZYft36CAakIRoMuQJgNIjExHIY37H2zPOn+LyDNjjQOE466GwUxKdeRRCpoeqAnpva8noa1HK+41w8OfBNG5IxAE0OX6YrxgInsYpTf0IVbc4dNHGMfI7B4MF3NzX7UIPDYiI+dsFpd6+nLq1tcxKIMo+Svd1tbCilbMd3HZhKx7QcyrVWbJiQMu2XKFCvV7hHfsEId/uc9ZdrMhEHJEwSzjJHV3bHPny3l4wt2V5DNENXjab5+ct/ZQyJ//fUXyZMEzgzch6+fpYbezSw7xKphTIpwZunajLI7ZM0j8uZ2xjyxkQXPhrz33tH39Ont7Y25yFIKQxoDENaj0N1ifjRHKXc0ojOY/NL2Fwvpuiv6wzMzvBzI/farG9EyXRHQCkuMy0se75qDlD9QruyDyP578W8yytA9Eq/HbfRmFyn1x7s76KS9EhV7cLxtmR64HRWU/TVtbJFiL4hrn8urp7ZgS5Kub63RfGpup2mn79JWGv9+9/BgN8zVrf3aX92S5WcN3qXcElm7WLIFj5b7pg55pz00iekt1TffXiBkMwUJvrm/7BlA41a3avJaQ4i6DtHbQCzT4i2w5MaKSiLNLEiai4uapFPNFgR5W91eupuLFTdyI/+7mZnfumVpwioqVhpY7dYksxza+wvv/qv/7X8Nz+fHT+/v75sne+6F4B/5FB+sb7nDacms11Q2z82/nn5ia8d2VK+juZYoe/G3VwBizb86DfF2CcRVeIAHZvaQj+4e286hUvaJx9w+8znCeJGrEKaeuPKadfwTrCYntKpH2SG311cPBgmWwWr11uQ23I8HrfJc9CgBtksGscf+sVcZfYQLFA3IPSaiz5HNjGuM0D/TaZ9eWQcafap4W2cG3A8Ip8W6gFCVS20WLQZDmJQCp/9+mzLUmfQmyFqPaEVi16kCNEN+fqnOslH2dSndvYyYx6oIxUK4KZJ0CZC8+UgtR2QKGCNIqsgZfApqvlJKraBS1Xm8jU4uhhBxsZSuYQq48sHxmTAmiVYpt8kBPbpzCVYZNgWq8peL7uMkgStMNJbtYJ1DfhY/NcHDQRkzADa8BBx4/QFbUaRVaujNQGNilNNvrbFUW10JZDz49FPzig59+Gu76njyCe+lwCFwGLAQSGE9YANDuWdU0lyltVq1YgZUxJO0BhGBuGhoT1GBVlM7dVHg8JNbbUJOnUGqS8kee5MK87CKoj8Fah2NBEpT4fUZi/Hm6JTEIvydTfTB+6pgVZEKwhcOTitOkZetRbXJ3OMsggOF+bBpryQ8Db+K9wAAIABJREFUKb7l3Jf/ce6j9lIUy/skAMyla4lT+5UM55CBzCWHapImMgeLHHlPVzv1l8b7Oej0hSSLnQj4TdPwjaPhd6jzC4qjwFEnFdC8StPYqfVE9R2Ll89kj4sfBX53XEskNTT9MrNcIBImpg8yvIHMU/yrbQbsdwJPWYH/IE87BAdbp8FXLh31qIVghZXP6RHnJg1gdERcQGDmILAUTVcgjkZS9XibSscCtKUKKqIRGji0UZ6SIh+nh7mxlCSdFhUr7z17WGmYjOEm/urX3QJ2yzNMZSMxP/JZsvSoGbUcCGn5RIQNZ0FEWpoTu83w1ZWMBEi/fPP69U8/Q1ujeAIy62kGeNhh2XFQRbMgurSPvJNCx1jfvafYd/Dl6+OH93e//Fl4M2k1FhoxDJuJd1rmVOko/SDfkD2iaSgILWOnVLIKzbskN5lqOTlxA0IthTGnLiMbMRDXmStsnDXcxjlYA3ezerqec7EzRRnoUpTkwJaLl9fwGTtbxvf9u/uZACUT3SeVxXVxOV3EMxwgyxNiCUNzA2OebFK2QZVSupJnTPgHlGBoLyMxHWh7Lz0YqEwaSkjkVTDgoHznhWcH9qA70smWbDoxmN0DlUW1Cca0UA/guL19Y+2XGc9nnpDi0YnSrmVUm9JrMyycFgCam5TndiOYnJhBjlt4v19ZtDHeXKYU6tpNZFcimz60sPGK7qC2wNGtcLqjLtO/pF8GTV1QPTtZmkWN0Jq8RMZt8Tj57PnkuUOTruVDT59dN9VXVzVJ5hE8Zpmev7Bfm5rhb6zucdAzniWVuZY3vshi2y/SKN7yPiq7MmDLn8BL1iXHVA3fX/2VW7oG+q8SazN7HIm3yJXXRRE0iWtOV5mk33aoT3/587//1GLQugsu86w50UwUqvINfaY78TnAsd38lNnlLVgS7JjKtu6UmIWpqADPd1wGfLclH9lQ5Rt5V6pLhpfty16EUWXu9ubqFoQX1JSPUcNezwie4E2G9crmnJo/8zF0kwdWHkO+0MtX2naJCpVva1cB2NpO3pZC3Ze3ZvH7XWGkO6O1kHXnooQwlpbukLJQwOEc7bjb8Wmy5xzwHLQSwcHyNjB8s3reKA22S4saTheggxLQupavRO0c1D4LME0+OUgarIRrgQxvEylqNRILuoQcPngGGqs1LoKcTXg1UYbV9BzLVLmAyQGUMCvGUhn9pTCuYjGi+EkmZdAc1kSfLRHgdsvCCzvTYJpJ/5IP5xki0Vixma/4zPrGgyYkou8vfiJapGly7hQh1gEmUAwoSZxD5S/dpwHTAOmysgobNLQrNk6dOdwGfH5a8s3aNRy2rnbCh0Km7RsZikuAME5TirJL+qr6uNRh2EkCBQyJOkypH1xc4IsThDvXosBI0Bv75aMbqylUESRa1X8qH85I5cTVhhOSiigDhtCEX0kH8XDRJqedfLPHGBtMQmqT1kMCxPVUemCo/IsA6s8orTals1i4WpKl9xCAimIh7nKSiPaM2A4u/MTKyi9gWlWJbjry7XwKVOQI1qw9kDCsDGBlqXJo932oTr1qYuNCMXVRM3VmrFqNgdPU4bgh42kRCz6xiRaV+Q51tb994rST+QPUh7+xs/ad1+boXREhMq7CA5rzDUX4tQ+bmjXwK2wsUuJ4LTBZJMF/85s7yq0uKghEWTjCqkK8HU8H7RB3eIGKCqYv9PtJCZP3YOp4/FyazEMPewOcYeMjykm3LuMsD72o5iCgoHk4vy0yBZGi67dzlB+dchTV5i4pK2Zjsp6pVT0nok4jOdxq8/cIzGGVVt4fXaEBVZ9ZaSQ11m3XRjww7KQqDLmCDLfExYPpkqeGCHWVXGTp4pjjy3UErGe9r9ZslvTiEBTHAfP2xab0GOM/JMhNYyh5EkFX8YiKL2/+2jtUPHtFXfA/0lfihPVIOBxpwNCTnAc2MUdrV9rKmkNcZc8Wkd3cm/e5e+kxfW8slifv9NJ0TJn/pOuiHFq1RrAprJm7k07FT529h4NEdfMo1NEo1XQjD/QOjBsJT81Fxy4gLZNrtLO6CJkfZmDFGDOui0z0n46aiChe+E+bnhj3+g8/v3//7yH1zttGvgINtHjoxvFzj3HRLDM1kyTYLDp7yE4j67YGLCOVwb7aqi84pSZSzM/tzNXhpAjuX7styMSSJ1tWW4iWD5r0KgP76rbvR1OrBm2LDr/d3N7Y+OxmvcSLXolgNpqUZp7KSqS09gW3oi8dyh0lHKyf/3C3adW042KJs2+WN2owNaJGs1IZbze2ReapO+nfPnqMywtv8JMXQu6dv58+vScUBZqbLIiD8048av3kac/PzFC6X5fdtmVE3knnsoqSQgnciyuu7QqBqffYbUmn2TlTfU8fv3sx5BMzy1zXLXtJwtWtGdYPPU3v01NZo+WJVCsVo2pTnp97FPbH22uelaeVefYcatdIdQXP/Xnz5o1WJNLxsg7/4I27QVkfiXUaYYe8V9b5/i9/yf7bq5t/9eTqQGCuq3Q8aHUNKV2jUkJXNTmpJJMveM55PEC7vm19qtauk/lWQ5IMpVSFvzY59Un819A6BWXNni47oCfJrkni3/31X337899tqN20dCZ83twzNtosLzjEfr1jGRfpXFjgo4Vz82pcc2I9xRkNS2IpIcE1VPBy+c0G0ZwdErqsYxiFQoln+DHuCCLItFW/2EQHHYVps+Zr3tJJevKfYNgklJZ1iCIdlyuE8C6nhIErxeI/x4St/pk15TeOdpVVKZVtulFhxEIVtbbNaRz28beNctgKYHCIQMb4/rKJQDDbfe6Om8TQTmisMiDNa0O4zrumUFrimKYci2R6eBc13XOOG+jjBVoaaMSYbblYkvoUQ7JNVIvOO973WFB44kv8J7uC1FKrQBc7K4JvyeXAlJpgnzEjHRt4KCUT2LQyIsXqqkZ11TEUaihqVYsMMMYuJEI1FTlPEl26n5ympPoYpXDEdsFyJbr04+lGo4endbJxN5iQ4DcLk2rV0VwaRjlrXlJGDVkcxZr1r4bJyBdmM+WiK6L9xT7IjajBTup1TCxhMJqzDBz10dKpFMKO2eWYIu2m6+QZU9CuVYonELY16i+FDSWw5rEZNiSZvtpdnvVbmaI+nZ6jyzfU+2ADvyqDJnLc7zRpZ8m8lgQ+nY5dUuglXXSskRqtXTDn9DWnicbzHY7sjsaEo0jXhVd4arQ57MHjn8pVB7kjIpWUHu88kIfS6pMcK4dgVCo9KPGokbMmsSqsWZA7hukITqqD9Tc+ah90xau7NBh/IZwUahP9h6bWJpQV96+vIflBevim599gTqNoXf77+eFTiTThqutgfGq6T0gr9UEmsmTVF1eQpShynjaGhr7IkzzhGaBAAUV+3EDMxai5+iqP9EOXFGvKtsJ9ID7BHdjo13Ixw5gfkdNnUBrrBhyzSZoxRK7j2n9Xvad2xgkD44ufjRYinWjY1AEW+4jRJgwj3HRAseUQXEdTCvFlPLv949+2cq5mMVqfSZaxetSDcU4aG+txGwUv0GHVbHR2Sdl1f7tTuyt6/+7PbpRev77dg1SMjt3qBlvsQkJ2UK5VdumUCM1mMIKI0l24+PaMgJwi0l0OGuMzKmr7Sbc7wiY0BXUK9+Y0O3/z2bgyx0Y/9YVku1xNRy0NGSCL5exiyun2ze9MQRkqwlluEeGSNbbGH2hDSVmIkqffPslguvYBgBcr/DSyCoBX+KQ7k3CekmipnRzqZVNir5547Lnnm7z8ZG710Z4SM02v7u89PrldGvIqe0RkhKi+8sY5HPbxLObUI2OD0jDnfquEqQ7elJMnDsaWPMPlBCPSMA7MttHhE5szv9j00yOa4epBfd9x/RWYbcIXVzGcN35yGzeLG64lQPbpWJflNjfGEaUCd6XvH+7xZiBti3FuJw9+Kf1psrCsU6xHmhrLWz98+OCleSlOfiAN3RZyZjMTq3Yjcy+wLgA+f+IhKaZnWZKmvZOQSwiY5lEfbaQ2JdlEbhN7ngj4+vUbdjHlaX6UlWz05joef2M2NCPiKk54QsrH0cJWvEVLX33yxTbhP//pPxyPZRi8tZw0F8yRGjLMQ2zKV01JA6S57EbLeZQkMQcktatmjpGLqcj1hsFzMUNFb/lxThOG0rvCDb5c1LkfzFBlwO9//dNf/+N/nGdeMhdq3FsXC0URxUUjbU6XO+bTnHZOqcR1pIIiCefvIjPHNVCaIJFh5q3cNbuPgHPvTGbSw0kMrrPFdykthOslRY7CQKlcQcHlWXiwbrkC2VvLqcFgVZSxsGTiYKRBudaEhdcjh+IX5YaUShofodCuaIAyhhviE62REJ1aOi1RjdyY6qeDWM2S65kK4gO61mTjLxC0fAMlLY+CQ2BcEphHlKAvvz09JZ9PowWGeLFs5LMrl0uCGJ6VD592gEPVUS3qawXmChY1ZkV1S82O6kJ75ICKePRBriNJYuQoeV2rFkKXevyUZZNnISCFkD9Nzh60lO1SmbblSGu5kw6nQcChcgYHvkIaRCrt1zdC+wAa1aO3aHbdEMBRDZ5TETM13nWtXlWKSBrIspKisA8h2Mo5ZBgu4xFz1D9HnEZ4HpxasPhR55pHQweL2vwIlKDK8aaOZPAXvM8ZgS8nKSTRMBZfCZdl4yMGI6N25q7taRXMmfEMgsac9kD8FJI3YSPbpI3EnK/UNu1NcqUXbWJwNQexb9o8HTJm0nrELnwdDmOD4tMugEywT/0dZBxl2cbdzbxMDOCr7efCxQjDwcsSvIYxt8NEDTRof1ARC2zc9S9CtFJ8qZnjCpltmMD/aDgeZzFyRPEwGwspTquxPAzRuqA/VNWdRkMfoSyzXj9UQYX28rnodtytRbRo9NA5zTUZWIzmZYf5g+Pwrvkk3G9SBXJ+LlyNdqihOP2DDMFMl9HRC/OE3Wnq3VQasuq0N9NhwgR3cVjL3DjfE3QmnpJeeVfaQqMzf0xDzwq5iZYwprf9qMHFiuCaLlJRUucBDvUCeNDnow6N66DqV5wkQ4ReqmESR0SWTuXzHuLlJqN0ymVlF+TNoAmDGs4lReHJo7MWHM26bTJDdFwyBYPFcD//k3/aUBGDpQgYGrmLv6kgNiwx25xdHNd9HDQClQQs+hf3Urd4VBy1vu7x0/17I578TC50LBFQrtxsnFzEfJTB7aLZpgpa7V6PgAlDBSR7ObsEVKhZcx/Nx0DYw19STt3X2NQEpCEfMwxU48ycPFQymt2v7CzURFiQNW1R9ydiAtnIbDuwJxUqxRs/s2TQSykWC9GFPy01LVfqPa/47v5gbwFRwiQ4Qcyz/dwA9Srkt2/eLJ/xprhbN15xJalwK9b8k5TFnWsrEBU6sWDOtpKbVzceY3j38Phw90GndWw8kwTK1eRYmOyCuyjQ4224x/sP76QjP//+5xtbsL/ZTdLeEW735bMdzHfmcC0NNAF5f/9gahCHrJ9vbG4PNiJ4FI53PedpGGvV/qiUv3+7eX0LmBTXN6+pVd4EFVXIpTDheYS8wFKFY08AlNYuYy7+7JknM5of7QleTU48IxqT0TmRbVIpTXEj3J30RzN6jeIZ1G4Yj8gpVfOAm8/Jwq1lJDz8q1WJV96bcnf/gZKlibJMTugpUMyBojvO5SIEO120Do3HfCiLlLkSqOHq4e69FIDsUoBsnutsIRe/KEL3YhUO2gQD8vZEu95oirRNOq0BxJycg4cj7xsdTTymO8favVpKSYTetVcoePKlSV+2sUT1mVWYkuGPclH2di9e5n7//hdv2LOY5L6nQH4CtsTx6csebU1/tqXr6waafLmBPv9tN7EuV96lI20NVp2oiTkpb7eGMZmzp0sLHyWIfda/mYtqcLewiMn5vp9hbyTmmY5z5rpLYbxAoJXxjlrNZMNupZaYWjApZQw+aU/vSvdllcqyPw2dyybRrzG3uBSiomaqbvYRYLcH/WMMN08yRmmWdFa3X6M0HbKjgVqe4RNn6Mdhe+w7UXK+owWu2NWfBRsmV/WKnISFK6rGB1SARMsf3fkwg6uUGBTiE+soiD7dNmulT2m2+nY3OQLqk9f4X8O8QyBNbyqJR5YMuMCsjhgVU1hNRhw7nSRsuKEt13asGQSF2kRDNN3ErpXOkyIis2fV6ltDC2ssYwCtwKPPczJR+lIwZTqN/pQ2IaKkMkQXOkgOtIIatsBJPwURWwPdbWDi5JHwZ3wksRjIKIzHhWsFXYCA0GECioEzwMWhgjyaBPAkUGr3OWpKMxr7dh4tvDVgpWrl6WFj6/yxoXnqDUntaCOYIy5VRC7SSDRiDXmPucnKoIJWx9trWMt9kqmm/PGcO41bhf2vbCCKQI27AoWyTqM+mAkPd7wROLbSugMnsbi/ThJqpTvekUI1UGI6CrGXmmbWCKWY6YJRjr2rXRNYTlf6TaTwzvU0jJWYSCNr8YPe5FNxqU8Y47F+mzKOGJGsLWQx4zhafe0vxFVjY+qY+08t+AqWZuJQ/f4l19BNFZPqouchiYEfiIM7jCldqMiHA9v/sRWqiYzUhcKazZXUJXHgU1LUTtuQZJm+84PoYF9nD9TZbNP6nXWGTBKlOnj5QIpQ4gdAJg3d6A7TDoMOjcjSfAC3VVfN8ad1xwJOLTNdJHApNsZSXFQFtaqOUWUYg8dXj+uDB/vd3BPTYmsNduW+7FCXNiDjVaOWkkMULqFfmmmS78XV29d/+JsRL6jE9bpr4QzXWIQhw62q8KE4XsxmxcvxAqJtWWt48Kd7ff3+8d7jnN/Ruod3WH6VpzZau4LXGc0YebZubCO0B1FMKkEPOYHRC9+MFEXnvK6hih76NhTCrgygEUuS458qOyE80SPuncOPNW3ps7VOilNe1epLkoa8wvyo0REaKzGvb954Lg8NJL7LXFOzkqXsjHLQFy1QoPlDIEUVh+UNkqmX180+0bcpMZOC86eed/P06V3bkE0fdmf2DMMvbfsw0fPsm3V1n559/mIrQzciTfjZ3iHxNZTRjnWHRn3L1D59NC1nItQdzh494xUkDw9LoJo3ZlYZgy0gpJNa2T8jb7FeUVZKldKEUiiZa3tj3eZm9saQPGar2R7dmy7JfyFX7NrjS7m7KU/S4i2GKeC7+783tGnVoCzCnKIUtVnDggG/euKV0Hfv75y07OGpp/N4As6r2zc3dx/u7T+RNMs85IX372Wx8uSaeKZQSzDtWvI4z+ZTg8B/E2LzZHqcGxI3r8EF5HgwxcMzMMmdKbZ8qbxuMx+btmCXOUM2k3xYvqmbktcCRGN/5mqozp7rcRmxRLFm/uUvc+y6IRnXw1la2lcczSutNcwLl4PVt7m0aWCKKdkteMjsm9WnisyNCXrljyaqv9mM8+Sbic+vNzd2ImHLa7C/fX2fb8ZTwXMjrIwj8bXCXAvOHFUPwCfnIzHMSHSseV/xjhYW6jxPbNZpWSf9dUkDlIEDaPFt7b80vVo9ges60dA2TjbAjqmuC1NCeAnV0gGkIhxt0PowVcn1Sy4196Gp1Lv2wdBAF64RIF8ZgUiwcLcO6LolWLl8Cc6Fam0a8ZMWrKOtMYCAAkrhCAllGNMAIl3fRr6IjNUVqmILxev3UBZgCOIohQBUsNSNA9FJwBSEu1BzB+yk1AwO2GHBfhckeVluADUNqCkWBeoQvSzSjwAtyGEGZxfZVnu4AlOjjJqj4AHtJFwR7YRqmAYU/YRILxDgCOWcZq3iL29UxsoK+Q/9jI3Yycyd9Qln/uMsF+q6KlJ6ZkIpKHkiLAUOWtsOIpQqD3vjNEo8JHpDGEsBjJtBVABPPqiwMSRceM0QNcJMjQ+6Skpw4zZhASaXNhd+8TwpVoq99YlBjLHxmO2yc3jjeg6c7jTdreTwaUsJtlbBlDba57+j02aC5GQ/kMRjqJKiwt8+StX0fViNWnDTMKixkHi1QGlIOkmOsFc0oKTNw3ZtlkXAVHRa7syXj6opDA0dgZsdUN/7n4Eczs/NOU2ndWMUEyiqAxhZtbPXqZkGxtA42tcoHj64lMpMEY48dDgcjSnfFUZjwg2suvwLk2oKszTEQPOiqF9cMVpjvN8ahSwMCbuzkanonFcXPZ9jEcc/9LzCWinzH99151kokCTM5v3zv3AJFl8VV38+cRdwv45iZQ4QWQeHAUKNQMTXTYKej6eq4YxwiJVHml/rj6BOD60Oc5MTODYhBnIIGLB3kysusprg7pZhN75cqhcGolXY+sFagdacvZGujqeqAUG+IW9p5VjM2nZQpNPNKqhPz2e3eg8rpZQe3fKHn16+frN+gtdYhxQDF7kTDQZEFtix5r/xdUox8iGTMHGV5HOV2JWDfPl4//njPVTPX91KEBvDIyOhKQkRTHCE1gvPOv5sWqVVet1TnuypjfuMSioLezoxpujAjrFOI89eetVKD+4BYDR98eRqMW5X1umRNrUV8t2K7QkjbdIxc1OmQQS+AlW6wg/k9mpcvX7LZieMqpBaFb7mWEKNyVmzWikiLdWHUy118RNTRF43V9pQx2h76YtnrTK8sZ3CGj5sGJu/eg5y6xGfvvzSSjuR1wuX23Rt9si9DfedPS1S/uE5iRTlZrRaB8kocnVr2JxrKjIDpU7iZ4LR/l9CdNe128dlmXmDlWfSF/nIsxfv/vLuw4c76ZcZPj6oTMYGPvt/MYn5UWbT+oXvXx4fPCvn6iQBZNTClluUqNFwLGX0GO1J7VHPfcoh8fnqStallhKWYUj1WrGwwdpN9incxJsxlLp7GbT9JCZQP6Nl6vDbx283b24svqQNmpTTvrJV2RUHW7+wS8ZTctoQzf6mTT/3HENblTHmxcS14bRspy0rIbppv4zO1gxfZpTPRpj+7/7y6zpSxi9UbIZSLd+VM+BNQ0ecgyS8kWLL/X1apQWgN234oHtclPnXx3o1nz41T9CqmT9gyc4vXS40g/jcIw3J8u3rR0huX9/Q5MO7x4cP769vzTT/gtbxkzO/P/frbn69soSgObtGv+jjMqFwRf66EpI9AzLSTT6eC0Qe0CMVe1c1JDUCuCMCmP7Ta3fbIt9s0dP6QxR4DgVFpEEnWtGfyFCXhYFqv5Rep/y7FwKVMf8IcSEqRMw4MQzEbfY4p1i9Ks/XCQsb5TnLnTLJkUwk28QhOmGgwZVDTxNKMtDywJrUszAXSX/LmOAp9DqfYUsSJgOIujbLOOIq/PxYDN4JGrIE5ShimE/zKdoW5DpTycJTeaglFdXltuFPmLU+TSAPqIpxgigseXVFJa9tlQA7uLHEbpvfh8g/GgyfBg4mn2P8aKgqDWSRFdUNkn5uWWibHJHNqaaLEPWPyHGqfTPA8QIE0FQyZdaskqpSN50pOAxWpcYEMqUqjxHNOcJBWh2IYIYjbtUFc3gsnBIqkgMKMT662K4oNVcZmjiK2hGs3h3uw/VaBcw0mTNlj5nBFysy5diaNsZPBOpIuOmgbgM8Vo6aoqjP9hVIwcAHzOVn5znXyrRSrmx+G6qQnTaq0u3q0+KFZiBr0hjBisOgzYXFaJ02SPcvoQYflx0cXIkNoxM2RL2jqSpox3mLT6z5C7a/6phsg16H1fnzr4uLjOAcaDyEPJo/MA0hv8J2GCuu24Z16V7kBnM5WDkLFBM0WOXYQiCSPtNjhGGLcv8O6WoDGVhoz8FUmxg7CGg1NfY3dNNjyljzcDuKl1NSpziVRaEfISK+po35ejKlBfLl4bX2V8EOo1lW29gfZYVwVk+z5wFJl6g3yDgMFs+Aj+tlgP6fvzgrVc6tNySloMjHe8Fioh2aMUHO074hScxNCjsW5yvs05CLYjz5RxAc1g30Lpj6LVahsIXqdaB4SwoxWLcxfLTpkOzNHUkQPn1689d/6/m88ER4ygpzcv0wGHzGemkMwg17ztXT0IiqjO8UcJG5DSLue3/0BMRPD/eeH/P89k3P6wGy0BZ/uKRh0xib+ZmwxuMwyjC6jZPVaG13K0y7GsidVoTv0ojmbhrCu3ZsUKyie89uu2AwdZdwYyqnAWkOJk1qOLGif2GYucUmI1LD0vXrNxbw2bcsfFSEZF4SZQYhKkzxpmYTGEbehtrCThNL9G2KyzRYunV72oJC3JhO+/Kl1Iw4ljlZ3nd95eaqSTjjsDQPTtNeYIDautL0nYcLeoph6csT7yYpsfPYo5dufklaiMMrmiF0U5guynIMGnvoHZcoiyKk7SCWOXqwzsePnpckI3RPswfcxG3Rk968NI/mP8pK376mMJcjkkbrF/KMT92vl4adPdF4r9Td3jHfneJXr2y+MaBRjGfYPP0ixbRXo0cSS5Tp+EU7db56pIxpNXtNTDp9erScwPxoG2voqpRWjopxk+XfnphitBLh5sZLLKya+HJxMPIskMtHbYtpf0xPw/GiEU9JTAjKT3vHC0hWl8i2uWse6atCyYjB+PHx7p1FsZ59/ar1g/PkjMI3jj/kLhrxq54cWX9nc/4l6Uxrz71opPffrDf4Zbgpmiz6aOsoGjfdp5dw66tQtWGqXmiXn03PvZ7GVcpWVVoP+YCuJ59//fRwff0aDqyk+VImBmpx7ly00Ic9+OqIaQMshzMHn4YLGbTdnR6dYOIndp/y7dZdNMsOuTpCJ9S0kt9ubj2nXC1WuXNT9yX33b5MRWmwJZORyWs6j7E4aZjFlBzYne24W78c23qJ7oCLGmSUKC9WSP07OkN1Ofypz3b4xxzYWC8jKFSEJUaIF1kOkaYSNRXHTiannUEXM1TFizqiQEquRY46cvcvo56u6tkj2l2NKNW0En89gymvWM2FcqdCS8LE0CEQALkL5onnm2ZyzH2RraOhDcsQNvs5zmCIQChT5A5L3DpaChOhwUR02oxulwRaSIdjYQKvSZpTOZmjyO5DEA0toKDchWqVtVUfnDmmyVSfqADPbZPnkj50McppPYUiKO3ruGpf6IAJLUGHYBwHFz33H0J7URtD9G9fYe4ozwSw5kJ0LtZZdFeRZ9dp9Yn9AAAgAElEQVQAoXGiGr9HWFBRppDacwHF/g5nCuo4yZE/1VVqN5WFLqol2nMmRotqT48BEWS1HfgcX6toZ4oHc6on0OjOmuM69n7TCCI5LrxrRU2qqg0ZHJ0EwxznYFSq0+IU6v4DzAf6kCX1xEAmmeYHsEZD9R9JUIMsMGg0fmsHJlWFLEbGVEasw9RNx2Y1VSYY6FTs+FQOYBw5apCeYkbOV8zvs5/sfDkPE++DaVPC8Rb4/5+rf/u1rFnz/K48rlNmvnvv6urqKhq32zYS8o2RuDESd/yt3PJXICEZCZAwli25wbQxWF21a+/95mmtlUc+31/M9VbDzJVzjhHxnJ8nIp4REWOMfYPJcb9hnkKEkyLel5oL5dHsa8ZXl5CdOuy/cFpE5X0gRXpKpENMInbaQUap/Eg5CShW20jwRUsy0B+9NdLKL5SmSgxVozg3lRmuJDbgIFU1xop2MPaoVIha1REgZ5lGY9GFZKyc561dvhvU9ezZr5FGg2wMdKbzKZytcLQu90XPbJiqJ9PMhSDh6dRhmUNC7BTAbFVOZogaiaLU00Le/U/+gzxb8y9OJkB4BGmISqj0y5nx0Jg8LySrF2X/pHCyZwYSW8o02tuA+Om9exvMErn5w3Jg45l6mQJG5gJtdwtDUWtwiDf/4Xpwya7RGbEjQOOhLGPzDJXwVe21nCnjNGVqU9sUx9vawQszXuRlXQrllDJrCaI18SU6egQPtGZJM2yOp2DOsBXQiyyub24/fv4wL+FkM6Kput78JrIM/NmCZG1ig0hC4+hyf2lx82eSBKNuNzpIrWgtu/Btlx8J5Jy9IcNEH9W6D7abRe4fPvPtm7dvGODzg2nA7/F79dqbUT5++uwtvF6YJ49n04zvDcWvTQm9snuvm1xevbaI/E3WJ+0w3Xd9zaoPD/ceYdhEqdm4L97FfC1V3g3O5imlr18yTCvhTW6xrIfaeFQN4Ku3d6+XKjU3qYpp2dZBo6pH3nggdr6zK9HEnvSotww/d6fIK85uDdezGO96gcrD58dGF1nus1ePe+gPb9hO98g3CMklrCyXF5tTdnPVV3OyBBAnwk5S67WBkuCWm3ub87e3pHp91Sus3399++Z3z26L6i/33u/86ub6lkZuVSn8M25BUMhL6/wK0JfiouSvFObHj4+//iop3SMZjhcHXJjlUwJTRFZAMAGJTfrXiri+dWtmE6ImciXbtV4WkqQLgFDdHt49QIuBdujxCBitqNCTwrpluYfyvHzz9hd7A+xEfHtzTSqB8vHXP/3u7/4TNH78eNRoBVVxzT+Mb5x2oGcRiGSUSTu1D+HbV3AAgYvFWOiyXChmm7qJaqSmjc2C+joomafLASLBCw2Wdtc1T/Hr1ChbZKQRawEjAcXFPHD/EC1ygy0JwapGWupZnQ5q8aJd1LXiwwRgtT+QgSTecQfXlJ3UWWX4hm5SnHyMsQxQw02N+muSZMgJXlUr0/MOgPpFMlCbGQh4eMGpJxgXpNAuGrJgLt2ulmRzqUdYnVD9Ugwi4wNFQux/1z86Va4eg0S4fAaeeKmfYxzU5eKaraJTL53bdNdp4VJXZaZcTdJ0fYuw2MofgUBJHopFZ19EjlI6p1TCPgk01X1lQ0YakiYWjyx6xBjqYGZulvBJi+pt2tRUYIQyHVedOIyQ1eqfI+ZstgVEvrllZJi9U/WXQX0oQ0xfMYbCsRByoy5cZ5lTrHDQrJF22QPhdEypEDauwugE9NGWECPXLW1khZCOyWya4HAM3IdgcOv/p7mY6xqsmn3UZVrSF6zItxgLMQZJ1kEAcassmrNUis4kA68yxFMyuINYbA2pyoJ++LWbGkzx9URTZRLPGeOPYmOJAIc7ZDbwyQYg82cfJGtlU9dPwvuD6GShtSoMqxx6szshHHS/Ee9ntPGapSZJVCfVYVvrH5VEddAHozkn2jXeSEW9iuqCWGmn4/Qbt2oPT6qkEbgTdWMSdl3v8cfsd6Ji9GoKw0qPQuDQGM10SKGjohhAz/8UrDzpj3Q6jQtMBWmTXok5TnWNC7FWGIuk8RRks9BiU2yVvqCYOIdKNFHIaVl6ws0B68iA6Yey2QRzEOKYK8upGSKK/UwV3cj6uUzO2yCMn82BaGKFTRKxUu1QXrXIKL9PjNhMbV+r0S3Wdzf7mCX0y1knSplRP1yCuRal5Xnn6x/+Oe6exzuTBZdUmRsbjcmQ2L6feohZVVQbUgFJO44KWRW8WJ5ObXDredAfzSBi13LmzW2TaovxTMaUBlL3o+g+WGw8oUgeTNqY3IxFNzi82opz4y+R/DWRM07N5TE7ChbuDPglBHqAaDXv2ha37ZHKPiTvybqIhksxexIjxjQGsdzXSR539MIjw1/Kv4z6SoASUyK4a09wBGFPz0iUP+Qpkvfm1iabAI4UtxUEV1e3XGCKzig7Kj8f771ExISRt53IhGzU61l9FohLBV41P0eGnnzpbh43vjw+zH3eC/14c3NLLRvQTDrhaPaLZOxZlod7tyBMVKFgjGqRkQDN96HcsqG7ano3hMymO2/M2tWHppr1ZRnzEsBmIanQXTg28feo7laSL1NQJr9ebvQvq3vupmObC88y9AnxJhDMKdqDyEEPe+nMa5NuIur5M0/q4Q9jvydgu0PDrc0J1EwV8h6f1xNzpHo1PFm7peRHS9Jt0aMKHSlIE94AsAFsY9lzj85xF/YWtQuwDF5CWzbWrTBoZoS6pt1aLgx66d/Dn//49yWIHISshyzuWUuZYlGRm7MsBy6/nIOFllbgkxjaxqslfOUiisuczLXKOSzaJ0L3G8nMXxsUuoZHR7jUeZOHNaT+9m4+xLcXUUu27D50c5Il5jvzquKJIMKA3yDU7JMsPwtFdHZdph+wx6DAlDv6rBOq5a/F9pB8rRzvb0Z/+RPerAFsmzdGccMp0oJJ39c1T/1bLAm9s8zvU0C3DJ26Y1MB0qpK98IYoDSD4Qi5RVu2TpqS1sZrBqMK0+WF9sugcNRCTK+Bc53fhInTFMMBep4JsR7t4FeWXwWw3oy5SBHAkpP6PTRrsAqdJMjo1skCnZClrVlTEa4HnQXqARIZNWaThboW4HNoLsrrkBQnBJoJNUEgFzmM4C+/DSSdnVbQ7EOHxOW+tAnD5zcS0xCQKwED0DRh9ln1N+GghpHho5qI1KZZAdmJunW+QcGmSwJkn8VTXNO68MbiydpH+CyW0S7wORaF6VeARH+3LQcw6zjHA6l0UBbqcX41uKZFPrrwdxCEmsv/oAYQWOCj0WbYXUKk9tyo0yCYY38LOnld/6g2NHymjrsDsts6CEWh6E6LH0JUseQp7jgnRn/bgpHs4Y4FtNx3tjANCp1R3i+R/J4PCp34r/BSvngd/KXGD7g+yXaBP9ycCiVFAZC7qY8jWjJXRMc8BVdFrdSM3o5WP6KhitjEqKZPGiZTpZ2ucg1lvGakASURBgbJRvH0yF0++C/L6SwZfRhlJpqeldV6QhlGhAYWjdjuijOSzqEeJuFU4j9P8niMfC+MZ43MEcWLO7CB0HeAle//hdOpuLBOSqyEyNF+MHkyA8YkonUmO5oukUtWAi6E1uzjXndywjXgjEIBBBOxdtwRlPUva9pwUHJ4OBGJN056BLEGOmU7iCIOINbOO8Aq76DJTKfvV3SxUNokExkEw9HymAG8vklf7ePNG6c7SX8sF+xpksaaT0/LK+Xrta153fCwniiCwgZQXiAkSZoNqnnV6oyX3QHx43f/4m/e/P7363guGkDIut1NnOw+y44ilDFRpAHCaX+uWQHWUxfDfupddavfHj6+v//0XpriDhUzYo1DqvfXvAiLzXatmKLVoGNNTXTVPc1au+gzlqdny5dmNnINeRrXNakmpHqy9Gt3bEw9eInZ9kew0aG41LbxraqznSxpmwpiMZN523ZWbhsbvvPu2hbcs95awasSlOjTWGFP0yhbkJT86C7evXD5Rqswzkmj/esO3HLEqjzy0MumSzHs/ru+Lav84kZdbxNBxNzbdRvpPNjFtF4b1EwLST3lcL1lpmfmeYdK97o2r/ZIa9QJ8+njp6vrN7K5IzUi6xO7KUS6QPKb6xt3lpT8ZdH2faLQ1rfc6ph9PJ1GHiYZvms60gzcbhflWrPD4oL8LguYTp1sxseUsDnIV9aNr29M2pG/iVGzoizpw/9Nzdo52TPkCjC3QHmts42GAqAM2rZLtvUcRJdh8iT2MLfaQ8Xlq0vYMoipNSEg73KxwOBN57WrsuQmn+3lK2nz9eXPa4E5cV8w5y2CHgdeG6F/rUjdDntWkTzMTPmL+4+Pnz782tUCqdeiy2/Arcdy9w8cuWrZTAnWNi3IE2R23hZTx1YLmocbC/hUQBRjz0zh0yt4MYSCZ5Fvhx16cpXu15lg5MkVbCMOeHdXZT+vb6++PnwksM2dbOKh44s7w3kxST4c/KNS0TN+mTcd/aBmn+XJF+Nel1JFABQhCfVFFAnKFpcCi1UgRXNTUw56W7cme4xHp+aJodcYF/Z1vzw+2bNNKURTjHFAKHMiUs5vcDmJYcGwzla1pjt5yA6cJdcN557uRZkVDyOdAy4B9L+2liJr2XUVSPkQe7p3eDq4SwFTBFEX1YjZYcDZvFy2X31L49M6fV7Od7vteYhgGoPHUf8ljE3Ga4danElYFNO1SM9zhTtieNVRRB05B3WXLmHqqDUlh6ykp6onKfOaUNMEKDX2nWj+RwRQiqK56mrQPfThVuzkzDplOgYYYJfxF7WnPCDk5mMQC+hNMI5sVdXTnlzS6Xr4pKG1g7mU+IEkS0JjVAazmRRxqPMElla1gHBjnrCxIpgS+HrpNIxS9jkUHaHWLurs1eXIxIxRtDKKCrBiI8LBk0pETqP6bv8IldUyjoL65+GWeswFxWFHuZTLM6Fz/wqRrND34gD5mbVfqlfnmvIQDLfYVhPeP32Go2JCq8Yd/oVEsRGFpBvKwZ8QFw1n/GpzaNBHsMNpzTyl4Ts+0sbDySgjCjVSx6gh58z1kHPXRAHxBD61jxGSyDga6sjB6vITRF99V3NKFDpQePTYz+oOfM3fUbhBDni2qOc5SKdsYDlwbPJK9spzF7Aj9Ew9vAvd7DpTxiU77WzfAzslZBybHArxQjTi4YbpKJ90uGII6nyK12PXi6uSJ5gudNddhFE0RKWvTuD5X83+HUpRY9gF9cQJophOjPMJVbeamgaeJUxJpjI5+nIIBe8jemZahKTXes+FrWLB4S6E+nFiklBogJBX1Uo3pwIyjGCX3a2D6BguKLfAdrFYO/EvbZs2nFgg1ZG1Efn7ze//WvIyQ5FwnVi2mj1ZA/tMgsZsgfh0xle2oq/NIOSLdE2RsBnBY+osE376VcIgQbm+ffPspZVHr9xtSY1uJlmskMWULlnENAaTs1zDCrFW5Ru3BkoCNUifIafdXb2tGG6eKiRcDRrMCFBWoRxJUKpZjIVSgWV2iyV9rDRXp6Ia4PgVJvO8BbVXt+9+4ca9bcs7S3ROudrM3gxmNpWELeeV00KLcqOphcbWvgy3eyalB5o08clG+tMfnuH3eOdx0Nldav715sYTZFruXfJohs3OPE+3ub+9cY+z3pM0ZlpaM42y9zsgce/e21Y/JVpm5zyD0JMRP3z4SGXK7E5eNu5xjpJEQ9obN45IMyWa1j5fvt51RmtmvekECKuvY7Wn0ZyWrExazC/Wtr2j+f7To8zGnj9ZJva4Wy5f3v/8g5tdsOjm7u9espw0dgR6r+AbN1A3b21B8/bns0/3H1vafv7cUx6liTdXXsTH9uK3SPeRcVqq5ZebKw+FbrrZO/QsK5dl9ho98tgS2Y0sHt4Eo4fitF7/3Pud+ZiQ0p7ruxsZpHlN0VNYsPWyf/S5u1DY8xHPIG6r5f3Hj1JF3mOlMsfEkd7ttsWcjIwQxjZijXfkyIMNYx0HshaBhFbkdYKFM4USrO6iHbNuS++iDQWziXaE8ol0XL4BtznyFy8/99zHr73Wu6bl3dD3ajybHVXCsHYjpADDLr16YxBQctSKC77EMFeqsH6gTLIg1FiJSgwpRJ3GWSk24Nne4JrK+58h1lq7gXm9EtC17iffmIpXi2s6Md08lkZ6Nbq1W3A0JnYWyZNtAG22UnSOniCrRdU5aTuK6u6CxBkiq2K+Zc11K7FbbcqUT9XdxY5GCNTrdrWrISsUthEH2WUwxgkaGwc5B6m14w7z5BSrqMkondqRhBfUQxhvOD7qQvGp+9QI7eCxd8NkucfevJQjnovhY67JkDahhXv4ZN2dKEK7HCeh0sQvXWiv++2EJVdEgmqJemA7aR/Mk0nSMeuArnHHKNysqZVfJIjXVFUfwXCcpzJSdcsTIH+QJdaUhZ6XJvvMV0ZeSzsylyuhViPSBNbbjhqFGxySWVUDFIduaAy80HW1jIrrasn3iE38wH0q8F+4Lg6mEpTK/NGLp4CcwUvm4iTzLRMLN6EC8BPCEanYmEBwiw5KkQDsrOsy2fDQHEEOjktaJ/v+GYCcMI3yKVOCGB3/A/apdrqMcWLEIOqrHazz/rHBgMKqcp9GSe14PEYz78UtFMfjthamVpUSpTElJ8hDiVHGY8IoPk7+TcxMmHVAH5y+94lItdGpDWX+uMyKtZFVVj+MRNsJPL/n6//nN101vIzgcB+Qy3USHplJPkxnMQLmb0I7yuJbPU+hmPwmq2MlUfn36AYy7ItEc8zALpTVp8aQ/exfPkUpQlM/GqQFl0T7IKGbXnnUErqaQrCTNZvZ9FKloAvEEPTavXPSmesrvoUV6un0ir4xmB7HwUpywsodxqaesZ4V1Rg/oXS6blJOtHYd2cTsxyRccClngmdYyRMF8kqtdMcuIA1AmzjkJp9YeSiyNURNPMj1cfrZzScZe+jHNCp1fL6jVS9YgL/5Z39d+1+sGmBnlaYsjoPqy0lVtBILkboe+crk5eZGK9UITors6GNZ1OLfvbsB3CTRWuhbQ3uDLnMkWhLSpetyBliCZWO/9pIRsqIhxyNR8hzixK9xPY0FDVzJZ2l56VeMmxOSHKCMZp3TRLKsygKYUZr0Vle34IOx4VzgZA8RbnQns5JkeSbduXrz7h06btmdZVJt1rMCYvuaO1UtjIL3zL/SAm/tkqnYVEYEuwqNK+SSzdgF+ObmtbuYZbM2YWb4rw1LBLVG/Hj/2TOxu6P1uVXHV+5nthMRl4Yuz8S+hshJUL57s4q4lqWZ6fv0+fOzn5Z33TR8/eHXDx7sQ2gp1JvbN/YF2iMYhe/f3bAsR9SAJX8WLnvSjUHOk7q/fJUdWrp/eCgDOq1blsGCtkLS07r24/2P6zd3JLx94dHmtw+f721do5T7YViB/HYPNNPlqY3SSmvoRambtb94oo01XyFPVqmYEED4vB6aa359/6snEPcawW0TVKvheSqQ+Um7Gd2/jMjjQ4kr+xQar198fnx88+aOrmZDPeLv9vqWtb1fUc76eP/N3Cp0jTTLiNuCZ+HTrUWVsXchqz2Id79eoPLnf/zihTQYa5mymJ6P47nfNYYFd/kaUzOMQDrpYUEbCfDNCvduPUvJ9KXLM7O/INtHywuhCh/TaLV+A638rHahU2d22TB2cuf7x8+9LKfV/2K7VqZB2Pn46ePtzZvGkMQrkCMi0hcEQn05kDnEWNRmLi0S33ojvrPFEMUmLGujNFYUDQ2K/SlCgDrrCJTcQhNflKqN70NPIV6EECr77PGlhNzVZm1xuUK27lbxF9RoQNXgpnHJT/1MOvgg+yTHCuojToOujyF1iVwdmwpWqJGVjHBAUoM4OSxuskZTkOOaNoESsPilL560W3W60ZFm449o4sWETEmd/qxX0Qx9OAPenpPMhnWVDNPLwbUpiwCyRPdgVRHk4Z4x8Be1MuCkpgDcTO43vkFXhGl0dbZhpm5WPj0ncynySeGEROaYCVCXB3EEEFpdULCd1gw1kjrjSjJsnNGuvmMiBLY+MyoxmjUOkRpyJjvcYMcuEl2Dk8Jf8ow3tHo7J1wjEggT8QN/EsoMG62A4mrMbOSk93RIpsTMqaMNGasjSmrzdSH1NMjzFwREGwuHeGSbldKwVgAJlXp3f76iswRqKLWa6K2yQHQBE2RNJdSxP3zAVxB6hIK6XC9e1Eno858Oi3VnMZu8qiCtHthv+qaN/8iOH1Lp1M8Bp93QDuOGp2OZ0BwV2tFiiZbliuiYJFzCDDqKEfX9FNZg4hgopSb/GNSokkhNYifaTDtaqQ/4EhE1P3CRURidEI7gyrM80KIj1vyeM377BEt+jov0vqo9khxKSEZCYV1cncBhEVuFO//36dWmO+/Lf/w7RyCFDkqi9P+gT+yngmAq9t9nEJBQWASkx6jPrJcvdOZGQms/IeqAfOjkc6jBPuxRZIR0Ruup33mycrgiLmTVELLMmC+CV3HKAZEOyFq5vhEkHXPLxM1rIR/ZEtlo154kLOVJdn1vdQIzl3pr9WB72O/pFWQeRhlS1h2ZYsDeuAbFSpBB+7EVqCCbhuopONi0eGcMsCH37l26kaRphQWmIWTKrAs+duGlQrqTKU1avVuzfrSEnV6zhbWoZt5+PH7+8OX+PXavb968ur6ZoTJVNm47l3uEW4gkXpfUHaCSC5DNnkVPm58WXtaXpdqMobU0G0dJ/8yLlU+L0Yp7/ozMgBUZi6HKEgx+RhnSsWYzdVu/Rpgg1EHcsFuDcNiuxHUqpWLeuXfthW9f3GSKZe5qhLWc2n0X7E9Q/2u4VkCTeyZHSFfU+Mo49p7Xat0u0wuOn121iANJLmMiTBpmD5/UCqoM8ruE04NdLDdfXeVJs4m25M219bTNIpoDCv/qu6myn3AlHGvjHhl9q29tyyCFe/dMuTU+EHtM+f29p9GUm37/cWc3pLXalNcoWCwDMbSJHy+OY/bu1pHBtmFRDubdM5LUL1RvM6FX+fWm42YOGe7h/nMULcDxmsW3bi3q2oWmsl7xAFg+R0KTMAWVac1XLz9/+vryuvtm2IWw7pUxR54Fvn79/OnTrgck8W7TliRbLO4uELHFb7RzsdRs6Nfvb97WxAoEbF18eMmz5fa7O82pSbNCofhhBMfcVnwWcZ7m6AmIf7p3Y8/C66mvaAfOZSM4hzXai7qSRmGFuKPRqNOGiCaCxYMxbYrRtFb581t5NwwBVzvoI6Da7Umc9SXMXRh3CZM6i9JDrCD3PPk3nqkeUt1CRSK8nrYtevVjwlUMKS8HI83p2UpFCOI7kbHWCThocrELErqq7W9p35rvcEcmZSKewojWSkgfNUwyHwD6rIkFFiaU2guGjenJo7gss/KCVuArxLcWWy+kJhXA1l0kpdqZEC4OkxvA7t1dSfDZGmA8DkpYdaGHUb3xzIoS3JinDLGokLeQyARo4LuctslMhUsEkmTipE6tvHwCq0OjDS2F5cNDT4AyV311LcK7pd1fIhRTtBTXk8Z3Rwmdkps4S5Q1Yl+pkAcdrZAcJVGzSVrtHwEum0HIXFfXaw9iVTU75aEZbLoRI1PUTx/7lbDAObncIFXQx3/ldR4aDq6pUH83ktkpMsfSp+t1fApm9nAyJz61qexz7DR1zpRxHNbpwIsT15Qw9mGWqYLKTAUwctljuh2gmT4Vo4/IMVKmzrGgu5o88KElbubFi0QKCMk8jV2ZIPXC6v/YgG9YTHGfi6OQoREiJ1jyzwGHJ0EE5jy9oxJlh6r6O0fVnOKqsvhONaL9xt4BASaWo3Dp5GvAilNj1jw8IuwTJm8VThE+p3Aun9SO7nQZApDsFCAzCPonvJWsMQ7pAB/6qXcieHI5GXPO2sAFtDBP8T5OfR2Jj1iVZPLoJI/6fHwRIoMz7UgHyIJ6spk4MtWkfNDrOZwrvnx2DOwoOP1X8wSwel//hHLxyAhHP8oXKukRm9VdBKD4MthoFEtD+Y3cRbZjFiDRqpUUcsVolGLeRQ71p3QRC7AQq0s8Mqcj4PogyYV/lReflWatDpJNRUUdVuosuHGKd/UKgmVFFQ3e2tULQyyyWTryTQ0VzgaZ7jHQeED2H/7sn8RI1fM0UaU5S+7hN14FlCyQ6iOgbQ5MLHX9q9TeML6S7JRLDboQrVNYBhUXzGm1+E7Z/idoHBROh6kFn4iPH/7y+PGDIf3NL9c3Rj6JVeNouUqwaVl24X9xilJ7BiUHVlHrzUlqQNVjsXvWo8Mmfi8cmqWyLaxSohEguZ65OdfGNHmn3NLGLJq30bBkefOImBn8xnrN3zGkFGuT87EyhQBYE/da5g+//sUeTaugZZbTFne1MS36j9cuGQE18k5TKqi6cUT2dbU1xmbIyMgCKds+xZPwvbYSqdwM2uePbvS+dc/Jy5+2CdqM+Ozhcwm0TCIedHshJ+smX7FnxPoST2/ek/BZqPVElXYItCLmcTY3t5IBuebD+wedYhTcUGta9NWrh0/eWWcLo0TL8hk8nSvzCgHZWKZ0o7QMsvxs8y5M8XCP4LVMDqQ5P3fDUD2LFVP0s7D6THL2/uN7qtlx2MJdGtmN19a697/+KqG+vnKTynP3OEuI2R9zey5NDb55e2MAFgtiovTbKwc/3R9fSme+PHhEopcQNjEpor/sNW7NDueJVpkJ9vIbdeoP3765Y/R1QbxDXQNXY+xynTlM7H358unDh1qneODCYiq/cCVtih+zeosTWBxtDaGoz9OUPUFUrkxOsedPCisz8hFv0SNanVGWORHLkPAF4bfNcLe7IjDhXeDJv+32DBkWU39+/9f//O9sGuhG6sbFbrYBX+PcNU9OgdxsiDJfkEoyAG1AIMN6PdlRY4tYTCxdE5fUk3eFkTZQNMU08z9bFvBUJvdOC0qH51pr/QgLC3YdD0OoqivrU8L63EPYF6MAEV6DQjPG+bXOsslIFvabRNp1iWO8JsJMR6pVJRKDZEKdRMTqcE4P3i/KFflkyInBJvkuudCntuqsnicip8xyStxFplwAACAASURBVE6kQXjBTT5tNUmJV6vOFFCGnPHEpKskyaHP9f2955lfTJRq4CKTFLmd2ZeHdlqPhoi//ObrHC716mR/SZCEpT2YTozENyt6RCkkosLC02ByN9AkPJzURUP/qWT9abtsowon6ZChMJVSW4eQ4VOUx1YW9UDFTHYiTA0gI0ahUS8HzNYor3eU+WamPvtNwiYUxzAtNmWAbpIc0MzTFXQWyqj+slkHZNSpxeDwZaAIrYnEYH5C3AzTbDIxxx6gicwnWnCeCEa9SIB8yro42XE1xMt44WUBpFSimjCdXoZ1R8AwhQx4GNMt8/ZfdVYa2whW6DspTymz1ZT2yeqxGN+Dd1rCMA4p+KA5BtOoFVvsBS2SKTMSh15mHFiQ08hPUoW8AzjVJPkBTcNoRrGgqwccZRgKLu0sDP+PgutaMFYdj/PB2WE9wFigEsOjtu/qEirlnR6Ncwe2Y5MuSQQUYBlaLGO4CIhTFYP1nVNQCmifzp9qR/IAnjpQqxx4JFFDyydjZuBYX9DJIKAZLIhqDpMTwiELo5GAR901JjBZYnQmSYG1zzRI/eO/ygr2jAUi8xQECi7YNWlUO2+UvVApImem2CjrpH+p0Xe20SdXvBYXPXsQ3ec4UJ1EkvpPCg0wYhv89H1G+94bJids5inGqV+fDnVzhJWQCszEgt3sDy1kCHKCP//bf8NcFutUb2SrWSaiv4sZEhLHJJ/LjhK0T7yaW4czIdP8tJ7m2Ycf/vwP3794DIunulwbVP0mR6vD7cJhnYRqXLBSjL4+XL3JHDeBunG1fWybg2jGS8WiqKSwCZ7JQX63c68jo5HEQUYGsfD0TX7maHavUcqkSnnEefKj3nJ+63qaxY5O5QCOmzGq4zNO24Z4QogRsmsjZC/1MNq5yZeT2aJY92xtzLOQrWzegti6GEh/CYB7T0s04nsath11GV/SrDsw0xaSNPDLF1I7Mm9ndxpruJPDrb5u4pCHwLLRkN0s6UrXPAXQPAiZmy7sWScFQryYtBflyeKQt1jf7KwdfkJosm+xrwnZNjUSDIkC1QOrlzfcf7o3OWcgMXiX/eQnYdY/NpKrddtNT0X+aUrSjEqalOcWsdJH7V2+Fkl7DUmLjETW26J7+F+3adv7Jw+2hGqjJI3sWSRA09nmHHuhi9k4T3gphIHZhujlK903DWzvcWmqTviTScbP2bWLYpn9xRtu3gRYp1w4rrc5MaBErPiA/fnz/ftfP358X5NbA0JrIR1vqgHh5end4vxCaLDNEwJQIxQjlGNByEHXKASeELDu3GMOTWnX7pu17zpohCTEqJmjbdawYwlTebSYOc0QV7sHvj54jLktmIdCEbTGBTCBE4gRzPj6Lch907dW7XMUTFng26fhl7lITkdNQVS5wbxIIDr3+5Yv9LShVMlIjFnc4us3XsqrifiqydgcpOAZQAYJJamwRZmJ/fSLZkcaXnbYccZVNuc8AavxZ6Z7Bfj0m1yG7nxbw51EF9zOpmtO75PqTSOu08ygyAnqkQlkrDXrjtEyJITp3Gm9TWMER458FlBNCCoDwMuVkoux+8/30kQT4Rdh4JbMJPUoFYOd0mPC8mnz9ZsFd8yPnfQ59YnikQqBUxBiVhkB9ZkAubqPUxi0khzsAEM4oNOpba6ZWn8abJ7zN6O4YE+8Glgl1fHFhMmEcVMDtVgNbQD4+I0M6VY9il0ZFNJd/I1WsgWXkybtXKhSmYoGMAAVTuP9KEl6xwwD8uJCNBM+kYrLyZiYzhKPugE7OLjIdkAWZVlkyhxbTcFk8DmmrgUGpjBhMN1xxHJZyq8g5VAicZ4Nu0WROgPIi0qGWeAJkUOxdtFJaUZpe4dzUgP6+aRUf0wUaOE1zjQf9qkLVrn+vynAoHynQzYUzLODtnZo+VEfyuUH+04DFs2QojYk38mM/4Q7BC4ipvvkAbuKwZ45EOeqVSDdKJEGF6aslnKnc2QRgE/kR45RVfuI16Toc1Avep2iQmZdy4iNAWHw1HADR8RJBC4ED9WpkWATYBrs7CBM5Am0bj3krqKmX1csDnaayDBw6sf/HbNU2u/aqTLgwVHDz0RRVgH5WmnMQUfOwc0L8wHYcQC3uYeopKu4byl+n3jGRAd9FgzqxePIvOvQUdIBZ4vBTZjykzwxPLAgTVOYICJKYlWXBDUMQvfR+hcQDlHKAs0cWHgMZEBGCLvH0qbbKpBuWImDViCP0BgKjOf/7f/xf3/31//yP/xf/OeyC48PPD2+QJ88CGegrf6wA7G1LoI3QKI8ouqjTRBtqqfbeMbdw6f7X//RrQ4SBO8WbkQ3Z2m18ZqiEho3qKRUIpSY+TaWeaJNRjSgZi/6rG+lQFearRTzjYE8vS2gUSCjWoTpzcOE1MjOVUnuW8qRu9BFSwcgX3JKZX/Im6qkaQ2zLrJluNqYY6TLT1/d3XlK3fVHQ2hDaR3TlhRLkohcbtSqHGO0mGtYkospRM166I/HJucyXZR71It+0VSESSG5Rk25LX03RldrkFRnHx7fwwttZDTh2BNVDCtezUvGqyunFnutRXu89uvnVmmf/TBgmSZ0H4yJOI759Omz3CI7L8oB4yQvl6VtUHEx8OPd2zfr6XuYIgGy/OYjb27vPE2wlMYisl2VP3+6P0Wf6r7z3/3+97Zh/Xzohc7Zjj2tvxNwmx/klO5BRo31RDuTygXdGi5jWguSz5REpgoYzzs0JfPlgQx80MTna++tef3w/dEuS66h3e1bT/N++fmjVwp+eunwpvf4kdIlB23cb63vlv662Zc6D/cP0ujrF6/+8Pvfe1CkOGFZ6hMm2xeO+bqZaSmHi5UP721AVJpjKB9wbhW4QqNnPJV6ayA1qzTqpH98qp1YpuQppi7WEPcxvMnAfsjve42186EnhwN8cDLmsZqVdAax4vvoNTVuVWnC/qVWwj67ngjGq7OF5fWN59X/SSk5XFeo93caY413RKH75UNyEqUghp9YCZbRFS6sV1uTF+bd6Y8BwRpJ6jTSBp2mrVqDXSVibNUsfzPPbeFFzBp6AwZ+GodnOzYokqBrVEy79nCsiJnsIM2k66qyb/wI2io84fOF2IWoZfiH9nHGJO8rRAR3Tww2scwl6FMwMbJyoh7j/tYBHbKZZZ0K4TNSfUi2qQ0vdyxIYpMCaiJKQr7dU3QqCFypzISjPJTpy6fH+9f31798+eLh+a4Fqq7rYn4kCcjQGUwkFedlIgrydjap2n//fOrQ6iUJk+IlO5kFPSWZPcAj0+wRLGJM0kGAkw5zuK48iZ56uyXfbxaOT+PMIjseNMEms1xMliMBOY115AtVKoUdR7jVQ0B93ePxALaaYtZLuIIB4iZOQXFTzGa8mEVpE7ScFqVj1TQZxcSqdL4gTpMZypw6wKAWV12NiKeKgPgNJ9kJkLVTolUgVQ4H1DTndK0sPZ44b3vBUFWgPFa5AMQSscmWDRjjZ6+uivr+7VChk/PfQVgT50DNbxODkMl5/qrMzIONTzItjA/7lefDyB20TuJatIcKI24L/jqfgRYRjukXdIeFe+ZEJ9c9UemU7QazbinCh/7ohuC8Eh+wU5E2iMdq5OffTg+Mgxix4YARvMia1CGECDWxxhv79QMXLkkQ21RO2ovUFUQ4dH6pWXbk48ef2jqCznOSJnsKB3RonO9AhuqgljWccVQakk/+GlygZKlZ12YUdxAEIYKgBxKDcrjZo7yhAvw8cE5WdiG6wM4E4TWCAB/fYxPFHfQ/ZouI1D7lQR87hn5J+ep8S9fXJHTbOptswJT6msr5YjOC2izsuumv27R3uibWtJLYIGhKsGYDS18sqTLnYnMbevmCM9ZzdYlUd9ndBqiagvw//O/+t7/++Y//6f/6f/PTKqfhH0sNDdLUqhU5qHvuw6DRRa+hqZSuqjrBJWJof/t+7wUqn96DbdfaK7cB84C0q1Vkw6NcYZ4brsRCXvL8lQ0/tv3EA8FYclbbJTeayPISCED9RQFEP3lSSRswBko52R3ZuiOV67I8m2+wKW8D2SwmOuuGC1PV8SJ3bI/CWoMymZZXnzWC5iVX7Rsej1RpG5B7Fea/Z+6ukRG1XPlC3tOzeAgxZz5veTQFPOkm8RgDOcmBDtDcnvTOaqJbdRupSyMawhnHjZNmE836MBVDmcMw7cbONi1Kv0lxEO5e39HCDJypHcStuBKUM9zCok//IiX67HHT3QVScvDsCwk8p6b3lNw+v7//2MhhENwMK4s1ebgF3KY2XZ+8tufvy/PHxi3vxC7oXr94vH90c0zzwVqHWPrehkvBiQPODGxGV7LER7LV89q9BnykM51J7ta2BUjPlO71LfdXNzeFpX9am+dvf3vMcF0suAvGE7a/WFi/8+TIPQy8ZIUpiztZ7G5sbimy9I54a0AD0RQUrsMVpZ28+Pn1szum/qi58D4vkKa47TIv5xcpjUSaXZcuHjeu6ahhIKEEDgiblK01eVm0+eapIrrA6REcgDEzjZ071tXAQA8+8DJbaW79QoE4wdQ0+MpGUP/hniYpsqjTuOgjfrUPvBKyGF2M8GE9Az0ZUu3+LU8zRmgxXafWggzPZQtpt4Xy3l5zVUn7/GoCCdtSfL2t72On2vbaOjyUM1zaO669blI0T9KLvI3htXqyMTYzJab2Tfa6VAjtcN21WbQQQoVEfA20IvHjuOQUV1+no2pbGwMkvL95KP8Q8YiGY+ZB2f94J8dEBEU4odkV2/C5Bgv/OgOdGrPjZCHtYRKVABKheidNILpH5duXzw/315+vXHGJ3VJJgRFaQ0kNoI+wKq67A01aKWSE0mouXhj5REvPBid22m7fei5lPtwNIzMlLKsQCLUkVDiOmY3hUZ6sAPzlhHXVYuIggN6icP5hGNTOAJcNICIXSf8lfF3rxiWNk43lst/xuct1B4rrQmtoJkFIQHiGj5n0/9gtd6QSU9dhOqrfTsw2X/laZdQW7k4RFah4iX4SQJkhxi1xc4byVGwU6LTA4RsOrENOxKmBacjYZcvMBYtRpn5AweesqPEexAMMGi2g9dWBpY9vMIbTjL4PkgQ9EuWdwiNYVBqTs2Wi1179KfunInIcA4EZWHEaRHT66ruOyBSDUTsjhRGTo3wlAR54tsJ4hCbO1FSXtnMozQGMLiHLA/ok33Q+p1krWzDLKFcZTHhBoD+dwuSfqIc+MgPKY/U8l7YS3igSVlX402KdSsZSe/wXtQsvoeBTM434PkTacSoHd6F7qUXmQneS1mGMWGDqDsvLYUEYfhixz/VjobQO1b8LOeUz2MwcNE8vzboYclYa6hGDi9vcMDn1g5mxzxECp+6OjMO/J/Q5nhCJ9Js4T3oDzWLkmL8IWojmnVoJ86GmPkUSJL0xnmZ4NY/AvmGRfW6RMHRtW9fkaNlSLcJ8YtUb5us/5RaJn0QLm5p254prndO0H+2tXto9B//1/+m/+E/+l/+r1vm+PV6/vjXmI2DVLJhLI4FbWBme2+aldZjd0b0fvfHZhhRWslb68OEvXsFsLHl9e/3y5g6OdiNVnDhpW5faKxmoS3KpQ3c2UMDYaS1jpi+KTsAToBaMhWwms7TFzR/7lHhs1E1KaKB6c0YPpcuy/mVDxiu3yEDdtqmqAaRAyvhZiBE667h+g5ruU7GsWwKKEDrlBvYUUhwR4yw4mufO1WYuli81fWF+0Y0yxsoftkSW5j3/bjIyL+Ygdzy/Muq8eOPtIL0suQ7Xqx1kD3ocib8yLUdGnIyt19PYkfGKmHgY1WVPDw9fPn/8RDt7+Qgt6XTjs3STVa0k3z+2mY9g8jxmz/ivX6dWWwDlGExNcC95c+/yrV2CUiKvZfnpvhSPEvr67frtnT2C8lQZnbT1+42EPjTVj27W1um7fbpX/5nxulZx//Dw9vZOjiw3lfyY6sw6bjE03XglW/V54aXJPCt0r2894Jpzm+BUxZClKW1mal5WFlVImHJ99DjrVqiP/a20f/78IFFGy7PpZM80s/in1lPEZT/G16VrhfSJkDrzet7yue6p//RehNSO2TC38z3+YDJMQbKGUXHXODYM1IicToBcIIUGz4uINoSklt/0KyQaFSsSdYKFqsZyYdeTLWVrvnpBzs3Xr5/iVzPX2RBWttul3LdHc1Ufb9/+Yn70433zvqjNiPVEApCCDIUL7ARr36Roa0tfoV9HsY57zesiXW2y3cZ061VApc6IbX60i7WaS+TWdnjgpdn46GhZ8nB719pxgZ6QBXThi0as4MaVYKlf2YrZNMhLY0KsUtrXbyygZyAFa5iiP4SI+0n+JSncxnLRYd0sP1bJy3/1aCtSh87chAsP5KvJlAvXQOub0rPytPTd0dGlygSFZ1joQMFp/QCymwyxi7j7L19s7rixy0IHAMeHKPwh9Men9RjPCXDuTztVrrb10xz89J8AoaojxFEh7Hyr4WsRha6KcVg0OiywiLygZJtd/0/HciXISCJAhRLH8sFoN+AcHvPmCMZR4SFUqELLJKKXsUIqQ5r5VZCJ3Dk3ZmgPGf5miEuZwGNItsRvtdtlQUKnwMImgj22NEfX4SQQinjMA46TOhmU1Bogx8CXo3XCJRCJ1lcVe9bsGA6BhH59hjk3Ey95pl3GyD4JmYY5mF96IBpx63igCKHV0mOkVBGoXj7M9Dw0ZhMlFXeRlabxqVaRg4TYT1Dns6JVRkZZEg3rHDq+FDuoKCpPVU8h2fVTRiNY0yTD6Ds9nz7/HqGx6bzWwCFkqkfS/IaQleKiIlf5P4pL5CvKheHs+yLTGIVYS41vBKs7PtMT8WQl/Q/76eCUhFIltvX0fuLRmWgYeNUXhurm7MPhtwrG3lChGjHR0gafhQ/qyCkmYG65iI5BSU9Mxxql6kI6IdORkl31DG52KETrEpGsC4jYwS9/G0RFJDxCpsqAWS74zKNIaAWscB6oh5sTJmkyrupCOyY+tfKqao5DjRDaJOncWQUdr92ZnzKwl57kWn3KQUsY3HUxa0BQTFjok8w+ADAaWZ/pGhYdgJtHNC1EyhrDlm4w6QHAaWmJzFCqB3XX3Y9/8T/9j27u/vDMAu+Pb/eff335uhW+BCVaBuMRe+2/JmP/MGuIKjbWj4AEpEkK5seHzx/+9PeVW2D0JmJR0dC07VCwTnilJRkTbNGfRizlIk6/m8nWimcf9aT0ieUmVLJV3W7d6jNvq8NC6vRkxBpUbmy3ACvU98yQhtgcI+07xiMCrruqbEtc9ifpgoK1vBzw9dXt8xfvoRgGsJBY1pzoiHtX/Ft6w6SxZXYijHecbNFHZqNbdQ/ky9tu5t3Nsy9ubmjVMOKRyCmE8o8fMqd3thvyo/m9R2/pVcw4bge2h48ZWqVtd+WjW5yv33/46Dkzd2+upVlWRdFwR3Px6kbgz/co397ecaiV3gygX/a0F1ws/NoEeX3zy7t3ZkK+Wxk2Pfj969WzK1EmEIhngwEpIN29uZPf5E1m8p7oly+UMJWdWB6pXasutGo3nAqmjtYqXkPidzOmZDb9CVv6y6buqBGebUzsYUIvr269h+TZfbPFTQB1J47Fu+tXHz98KsFqBo6ZZdv17jxinZ8a5b3fvonIW68lvPfuxkf3/9y8uCY8GEpJqlyHl9AQx+Pic5L0FA2DU5RsJfvUExBrVhEvWWksqMk0/7chj9A15EVCpi+a/RW9C+xSebMLWpRmg2od1aZwtFSRzpI5Nbc27LUNtCfnyXTtIUB15nLRYLHSY32+d3/7txoFTwkpXvpy/+vVm78WaC4wmr+JeRJKkrgyqutUQ6kf4gk/3l+ozXOyamVmmJYTL/ts9K+Umzw1U27dfNy0QhT1hpukpV/90qJ4sQxnXFzCuWBrVGXXHB+5ESwlYJqsFREfBX0fmx1tOy9zJgGCziK7xunqLidB1wSaEFoXxQ2TAdnYI58/yVmvvmBL0JiuFv7mzYbMq4kYhUSIXR1HdPpUlugKNXonNVr/jkgo5GTLMhmwzXbmMT3Ep70N5uDLEgXyw2tvIpIdYLG4F/HyRMHpf9Hvo5z9/VZ36aISbMJNkJp8mW7xUztXSbbp7TfJ8irfAim9T+25xqGQ4LJABF56ptiSBmMEoMqPE4fT67OTdlZdbCrBHRyTEr18YNKN6yGsB455fJUyy4VLJky+3LbmOahG4AmIYYGV9Yd5RNtVTYIlWp/1xoxUulK8QSOYg8yfAodNoI4WTUHFt2vpbOKc3Qi4JlwrQyud0KknTIgesNVheh2j7TxGZegIwT5SleI7XcsqapztfnWMyND35I+Sz9EjTSOIWodjprI25Vjd/DK1Ogo3qfz4DbUIRnwiglAZEgBF+86OQBKyK4FVgD72HdcDEMmOwEW4g4sp5q5Oa+UrOxR9axRwEmcKrHbIKTt1J5PKCRXphKp2vEJDpZbQmtMYizFl43e0DyXA8wcGQH6ucIHM0jn9EO0y6NC+8EqQqAE/ZnV+YbGsa7L1dQo7AiqEitwwg8dp5gCDkOBwMJwMWvics2QvqgAJphj3VdMMh9V3piAPFFV46NWiuE/XUg6ineEuPBNmzLB2UKuaVPGcPLFY41URsn5+XolfUZwwx/dFOMsl/vQC/uLnnbU8z7bV08CnwoTtzivzAWUq/upodEqGBKmT5RCjLZMzesNFXYOfLan40QsnxZNSR8hegPsoeyDGH/7F3+p0zJDZAmeV0NvDHh9+9awSG+cVsseClKRkNabuPszMTeiimPA1R53rV9OHf374+KeFs1tZb1/fmo8E40OqVo3JvFO3a3qLhrsfav8WQ9t0JZXLp+ltGOaNhpfkhwEL/9aLTV/KmxTzUkoZ4/Tsea3ZLUo2aWMG9LlF28hxpVV46TZz9KC4SQ2kKoNqmUR+y7tWGMtoGdkr8W7wMqkplkJt1vTbzdUVYsxh/s2+PQBtOuy7G3GYXarQDR/m2KyMXl+b6iOBqa/C7vvPzx5wc2Um6bqd7z2A98W7X965/7f5VCvy19ef790v4gbeOymXdFOaxaYP9xZtuzM38/x8+eXevoFnN+9u4JmMNGlhTtEtIB8/fvx8/8G6LUTvtWMTf8Y2WOb27Ed8lKp6tLVF0NKxemkfMCLn1pbGm+sWvXuO48v3Hz5kVXdev/px/9AjGa367umG33/3h3eekdSbXZj6pIPSdjffPnz94hUvrz0zWxS++vz507u7X8SWlNQ7Fk35sSutIVnmfnP39tdf3+P+y+/fWUOX5sKy55JGJi+5j+rNy3hQ4rWZ2yuPCORahjUYv3l3x+A2SMg56fDLL++0FLFHI9f+8+UW2wm3Dl84vP/LXwgvnOoXCirviWmklHnz7eCKMHp07qiQEJUFiuAznhRHzR/vlya1BIFJg64dxsj0Nnl2xdB9IZJpEWVe0yYKs0qSZnb2cG/pb5mxeNUNYKGrHUuzsx/f/c1/aEvo64+fKRr9mF7G8FqF8KoIU7FtRwEaSSk2/ScHdlXn0Lyrl5G9oNMgWcNt760rJNZzFWn2E37BnlLRhVAf1U5iT0PMBKpdfuEghGQ9IJvwZyLqm55sbO3hWFnh0nxI4o/bXdpkn8ykWqHhHaKMo96vsZxiyVaj0wOxAcSEySbR67os5KhQHZiTFGbYelPlGbCUJpCYDBcOH6eUX2zqVVMO6Mba/HIuFtfeu5oEEucL5rEqGFdNglKfJm49IYCRmWGCo7QZQjSXFwLmY/1bOSI+ZHdIjPMvKeepI0OSF1sYAz1yJ36SZr/ELmvJHBlFaeIn4+BzZT1y9enQTosoRqKvFBfPkNi5a5iVIRNOIIYRhGhekMQQ+UxUOqUwSiQXsLuOi2B0L9w4Rrp2hLnkmE9Ul5lN8BDGELWZHXyhlmcSNZUO2TEVdyRKYFhHkcNuooVQ8DVwiLuLmNGfDbOK0C0kpj4eZEdnQo/7yl01jyfncKNmfmIu6mKRfrUlZ+cxN0MZhSMQW1ETAWZzRJWYpxJCC52+nKExzRwB3FmY51NbKTgVDxqONlBDGM2A9DlYhRKfBBvNMA+Wo04OhR0kdyQPhOPfKqv59z7/RFDFqToiglFyEYvch9pkjNzR7PyuYQdc403WixNmhkUSYkngGxmoWMzUWCpXkLhrENWt6MiSwY62w/5NpIuoF7wLCNAJDWetY1YRCzHwGVn8maops9SN7TguxgCwc83vicw5BJzNozp7PGFeHD6gEVs7bQ46zoEGiWQSJEKGUZQ1x6GvRUrykm/KrqUGWoa3ioiM3OkajwmfFAAYNZvAXPEzoX+RNBXh1tQSLF1vZHbl3SMHzTP1CCqDoMv9rJ109QBPtq67Mjxlo65sa/d1vY4z3ekDnr98+7s/ACjr0uHLdX68fvndu0/cbfLe5JZcyTW/TAkLRst0i4+jL5SjiqboJRgf/vg/epCxKIfoJSo9DaX9Wq0vYzFhutO2yG/xq85uVzkG5y5IyN9FXru7aikZ9bSXjWT1hKSeieg5si3HbqC7DDZbBC8EjNzxkwM11dQM6lCbNFwr3bic5RPMn//1MnVBPavl9s0byTGDlXlI+EqrTKgkkaTH8JokZY82FLrFwS4yT7X+5lZUKHhBSM1w3WbxreVBN/Fed2+xAcczXCQGTbbtJgx5xRLVOirWefWiNXdps3xduBieu0elRww+Q5+dicQ2bp3lWUmTPMT9xRzlAdf8zLttdJOYemNyFy88QN6cT2TzcQxWXihOjE9uZZbNWFY0pSU5MBudp5oEkZsxYF1tF4umE73qQ+rShJ4QAGbKEF6WyMcvzZia0sSOQb5dXbsNWeRJoJmM/aXTluzIJY7ef/iVlKUd3zwch6piwZW9GFhQnqkOUpph/XzfDPA390dfeY2kV6cwYA9LkfVeXbMkpUV/kcITua4WAoN4VPAjlfx1GxArUu2Hy1nQ74IZU4NaicaKig4h7qeApD1ruHbqsdglVYLJ/TtIUZzTmijNeRrZIpThbKUVEZiKPAAAIABJREFUR92IkyNE/hdDUxPQHupjdpDT2zFA5rYcNM8tnmzq+Pr5o0sKdx29/suvcBc47V0tWzAk1x3XZEuLhQlFuFLSRjqybCcm/WtNRU6t29YNIBl0Gyt7m86ey6gUCrAuaU6nkokLVLGtARYKW9sttc2gXV6ZV/bo6LWTja4l2CixqE8sM34pIBodlJZG74zqWbTmHHh+qpnRpabFdENQ+DTEF6fgY+C3jtQnhQUsc4cbz6UECX2MMEHkqyH5YJYIFMoABwMkrzFO97dVVDlDZGOManQVwiBV8aOL9c/l0MP1A5hanatl5TOy1qGDIUpXpHWDNT1YScc39T7VHvMoIRUeuTQOpF5OQsFACkz1eccW24T2L2FyTCJFKzhnezp7epM5oqXSIMeO4YD0N4TdXJKBLtDAIhPFBgI4hWtWUIJOI17iM+B4IcZL9R0ZEtWEliShB6UVW/KjCQlKLEEcnxYel+RVlQmIn62GKTzcRdmEgdtz48fhYoNITbdYUWUX6LPDxCB0YUpqEmcQB4aGgMkf1/yx4gSqJCvW4afcLDMZZv8p7+vYsgaWjjXr6E1jLGD5n1AIrlTBPrNfLKb5AR1Lh02ljOETaOTOJ4K5ZW1W/ltPc0I9OhSxoFcoBfbEz0mmPp8FB4FGwHBXtoNvlYFEefAJcHDQ7zP0eI39pXmtkLTZG80qf/tcMJI3NUfMYdRGuSYXWX9dAvoB07fzybFe1HlIR0SHp6MdtZG5sDx4F4nPzxhe5FR9gUYr+vX3giXCkw4KwXLSJHUWy4ukSeVYSKdcGLUFPdMFYwVP5uoXrn844YJQnyeyh+ZTLKiIx5qgEeWf6E/K5NFzTOToiQzJdYWLnouCkKokoR/yTara21RO2tUzfGOzMa738bqUHHp6FQMT8PRmwkdZG8vsygLlEutSsk6KSnRZf9jEW938M1uiHJkH0DvUyvR0Upmbt3/4fUtydRYzKxHMJsrxCtIv7nfQ3jx+5OdVc3JWaevYL0FEqTEqbfj6+OnXz3/6d4qEquezeP6IWTHi6xS9F62UcJkHmVusob810O+ek9IBWeYsdjEXwka5rZL+d8W8Qauf7FbmpwuvorsWaOqKuLlVfTQCrZzqouMwUXXsG6lyAUPx46y9BoG6YvyUAdt8pAHxzS+/E+3dWtE0bdNOBDQBUib3WsZpV2UTUZq2RI0w8K2WYsRs0ojXHltomuebp1h3I/Otl6kYnl88cxeIuADtXo2mVl/KH553VwahN2na3sdXL+8/fjYZeesZLjduMe69zFINq8DdcbJtdvaWcWUvuS5qPOrlxjIYV1hPPtZgj/vv97xCppYsm9tyCfDCRF3bBAUBQ3pCoXsjvBtPlkJWBG06bLdgN3NIFCgvC6eyXNOkYG/PY3Vpn7omcflZnnfDetsgGGcc5fqMVs7hjRvXRgVkMmMxbCLQ6NrNOtbZ85YiyWRRGfzu5vi2VNhLU7rZ2bfYM27lN6botX8vXxqzKWUT5V//9T+TzQswJpKun/aWM9ZQnHfR8uuvkIs3X4u2NgACgMVxucG2QgO/gGn/aMGgdRaHPhRsLXsDkJFbDyo6o7/QKgnYxHU5t8KliYd8jXHyIP+8x4qbMy65o7J3Wl/J72KzyxgXYA+fPliY9j7GkrVuA7F/azdpFDXokK+ftZE00Uso5+y6m1L9GgyvmGBXWzjXyAzVxcOZz/56/5j2PrA6CEXMdEqYMwwr7W2Uu65giE0fNlpp+LoabNLex++h1U9WqA3VXJ3Wj+kDoM2YS/1ahoAyvo0o69qDy1elFrW/6BaZUVeadhOsRmy0VsomFyPUkod9OcAKhTqx4ZcaKwpkPdTJD5BL1tOR0zul6nji7jSRMYIGahsKe954M4gPvXOzrobd2bRwTOfEi5qTDkY+QQ4b39MgETrWxbKfj4Jzudo2WV1hZHKvmtklGyJCs0xK4W72cnY8dwicGrJmt24Umb5MVzs7BOYOSFTatW/eQS1FfYS2uhRYUVVzESHxHLOITz0oM2z2XBKZkSgniy4Az4DHrSN9TEGx0NHHa0ZL1izto+0cU0ySEwMFKppH6xHlDNEscrIYS6GDVeZOigiRSg9c+dKjcxahxFcB8uiLrQNWzgZCKYBUj6jj6RsVCO5/vJjoYtxRAjblBkQEJ8BXNaHArt7JqEU2XkqPBBd0nA7ZzhOFhSZnITHNJhBJIneMFxHNM4YJmxLJ3Ek5MXodZdlUGs+TH2OmJuwB9+VEMEzkDqs+xTPQOK7Tms2rzNjxnjydZKvEKQsavmgpHyhCtrgYzNjO6B2OTOYaflhl8irWqINW5NR34e4Ix1GJ229Hp6wcVhkpBwE8+hkna8UlWkfeMLLavqEwHGMkf1izVbboLK4+dQDVD4kHEao7Tiz8/PjolzetUWXcpt/FfseyUc7qCbRxbcSPKhkrJLofgbr4VxIVCFiyLIAh18N3HIKffXjZILFm4GLZ72C68CojkhYYw8yPTW5DUTsHj7KpJ1pkMIasXnjXJUV56ESJf8cthRmkJFKGbH3EjWcWv3k3bcbTBhe22HKt6fZXvc/Na+cevC/3+3dvnfJENxMPJC7BIG+dyUbu+08f/vLv/vvvDx/lFi9LXW5fXt3YTtn4WgwTom5yKkrEjJc9a6bFcImojEUF2RKwZsx8PU6FyyHr4QDLEpTWaeCrlIm6wyMjH79FweJ0Ls6iNRdP7PBjHHA/ASqt0OsX8yXagChCpGauNJrRBT1n3dzdtTTcG0nY+7sbQdiV4eFnn8jnB8DlpHAZHfT3H57PosIjh+TcMbTyKdOyYrr33eH55u0dQ7Of6TgCG6PoY7pRqsI+Mieptck2QvG197D1be7w9atWopvUsKGwO2huWwRvnggj2R2aovv26vbu9u79i1+tkH2+9yjKXmOd6tOKltIpgdksEcOJkJfPPGGHMU2PWcO9ubsiqrrWyr0BT3f5sjtYWbIM78UztxV7Tgt17x8ev3qQNRfLFGluf12DnX1+vQ+m1uQq44X3LP/wopS7t282odU9E5LvskXSlnyzdd02s1hod/MyQd7evb3/9LnNDwK+BffudGE9IpnSsg79wt0wLeaCfeE1g2tYOa9RpxXkgiNPbR7x86cPnz5+IIa5PFZfNwtCribtK0bWDvWBTTs8e60TQKoIYJ7ctAu/hbqcqWgTVcQtZ1z8I1goToUCKHVgToi2tHlG0WNPSxeAXxIPAAsUd8VSkasEicfPHz3sRtQtzKpFVBUda93k4UQHZl7l9cbnU1t7qbU6JVEIiJEBPPHIKKvxLlptUupvPs8htZKxJTs0hFm4aZHmxzH2LFI5r9BYCoXzD0/uVCbnHOe1m7rMsNavaQUJKeXFn/y+Isu82aM2CDMZJyrMgNeYB5VKee2gJBl8+pQ/xWdoPAPgdCIXyITsL1pkzWXbwcybhxES2u+8nG9mNtT0+VB3isdSVDGZGRqbWBIsi5O8nbLdxdUySh1NZfyGf2ZOSMRYtmKqIlLPsF88KuyrwEldEkwXMiegT72HokgTK5XXTzL93Lmagg4ZnAqH4M9cQYhyRw1UGTrTKXp1kz7RrzwpYn3wK6t+OBeR9YpFTFvUM7zaYXZUeM5X6ZSy9NbaawyRIXXALgT5+IIWckFWOAbjk3DZjJeC7x9etRNhlT/yYdd5KiFlrSQOw5n/xHJySX9ZheCDTBx0sAKJbaM5slBgL95iT7f4MXAqdeSKxSf6lcQ3gTXtvvooLRieDpyC3kdx8h2shLhU0XZlozjghDhkn5ArOeJEGfshjX+qLqay2jizlqKiMwXjmMBVr/V0lvAH+9Tm+npqdeCOwCA6DRJQ0kVopSsZ2LHDPyHE+cIwG8UrKuiwZWjoOzjpY8exm1WqBVazunwwvLBfVfSonki4HKh+n+DTKhK/oT9piMPBUJ0kU+SJRwL0GW7ICOYpl/WRrnJCPIkJnBDr/tRujEywdfqLDe53M4GmfbkICVGgXhyacYgBoWjDPGf6f0TrJ741ZnBzl7MzklAaocRNqDUrAuSQU5puCorIej9/K7mEoyrduR4BSl2/BKQOx/a5sy6iAThQ0usrWjmWhjTe1gltxNXnVFgX36wQnqAxb1aAqjm7mE09gL97987OJwZRY+jC9FzJHK3BkfTV1Q12nnns9mTEX9hqtmdZC0WTQyaTyPjxz//w6x//hxpg2+lub9/88vq19+eOqMUsVAhkaYdAm79Zt4CojKenq2HUgu06sUCzZGlcliWtrJ2GTWyQ2gjpnoDuq7UIq0/RaTYMct3P1jdT2c03Vu7KluUceGbAlqSJgVOhQU5jMHVzk+OVM0OMGMcr3MzeuXWEduetB8zKL5lvayXS4D3y5bmbeT2Wr3m1M7WaH/KRHYRLw4H37EmS3N54YXHHElZquGecLQhrkDZb5nnUIT5zF4knSPeqE6xNkolSOxH9S+IySNnhi/tPHzGQRBO7abZvX7stWgrlDuD228mTeanZSEbhZTK5ETi9i8gmmcrjbTL19g63yHijdC/4e2bq+tvXewFp+Vg+mibe0exWEu+Sa/PiS/dsItJDecwcmsK7uZVfeiBI73Uxjb1MrtlHr+9rE1fziO9+9ztq2g1J1btbd/J64IvMqVVUjfOx3YQ1OpsnJa+S1A+f7psu9ULqb49NVMpoe+W0N764zcULoq/YBqQk1rKpcyFIraKF3IsEdWsIjdsf37+XfOfk4iR9HOFYlrY40VREoZ2OraRtnqJLAfs6ZqVuBCkYfSwlNw0rDCGX7qw1cyuTqrVzt4uEzWeDauqjT3tJiYpH3nl81FgdeA+icX2zs00VSq483OjH1/tf3v3OU8c/vbrvJljC+k8rH76X0VqmzoGFawNlNbKWtPF4XyDCnOtV5GXtpHBiWm55oUWu1R96tVJ/JwmJtra3Jb80QVdPQtAp2C6FDqgUsfrM7oJav3V6FoPRVCXXrgJjXsfM4EgtWYe+Vjld0mhalM5M1Elr0F6xE/zgSlY2kMsRpw+9OJq7G19HNvphLbuY2HXQPhHy7X89/b6ySqDVh+VDJHGy2vGcbdThWnampuuu+iivZVbmsZ4FhnoqRKt/QczIccoB7F2b6wsM9ADjlyD+ARtg7lVZ8AeQSHFGeoJuJrgyeoGaDUYtf6MyDKig6wKHDnHeV5v9x0lFtBskdllc4HRJM16kUrvvzAdGV1yqpjqZ60bA10llkzroVYYR5yjnw+mKaHPwyoqWACT9HaRSoYJGcwD6WKSPuyIyAx0x0jwv+wVxieSoxwr5Ji4jkC+7ogC+XCgmo4nFqauXg0b8+eqknlglCs18JU32hrn/fjpoBvG4hJkuZaAXR4GuEGWHaCTB6pBFe7UjOQWyhc9MgrbGcAp+Y0gG0VzV9J7qkekU8TSsulZUrAe0AlZI5iD7B6zyi38WiLEalUQKd7CxGt4xGIAnStl7BKv2f/BEQCcddQ/ESYhLvwcgsEqT5CATI8yYoRzFKMT0QpRQpBvzOKgLJrX8FUaDDnx16GtJgxuJUCN4cAqBwMY8Gutiwu3/vqs9CJQoe73Ujc1pRCK01OEwjL+Qqab5iVoNYuv3CI0hfJ8aY6DQyj6jm4Y0GNr8EcHjltUA0CYTHGKoR9UKZuMhV5yMfY4Tak4AYlEsh9h4ZMIBoWZAFNRmQ0PCKXFFtdCeNas3BhvkVm9ALI0wrwTQpvvFfxEBTdempzFGUg4LbJR706gV5vygMSZLdbVqXacW1kWhOaSmm1S8vH2rhNFsTvwuuSlbMsq9NNnz8P7P7//+/+mmTSP2T8mjzWLvfn9191ZmaThsjjDnJcRSVv1IE+oYMI7x2NOo1xqFYaKwhVGKUkROU/0U4SiQzLQoojKsf6XPTJ9BNoS7jnX8TRWCenRfs28+5Bin7oZhcho11HXUPz1jqq9Dy39mPuV9tzfP30dZXdlRQ3oNwmRg7uaNDVYG+3m14VBPWr7bAnKp9lUpptXFVoiakzGNw1kW3D3FujkJWZZEgxM1NFPCpbxMknopl8et/MoRv317berQPAbLWvxndUbiI4vOrDTZet2wpI9nlVvI9jIWzz/6Zp/CFyb6QZv2Sma6Jn0JdceA87iE0xN1zEGy0IePPJtT9oYet+K8fvCs7NqtqeArTxBqQtVzqr980EokpN1Y8thDFp/dvFJBfdIJvZ6w/aobQGVMNlxySsZDxccC8ZcHj+ARSUu+pZEa47ZA5Fa2FzU9g+fbB4bv4dhmJT3H55V3zNw0jdo2vlceAAk43fmkAFkDQIAXFhCkfmZb5F/+/EfibRa7QTFv4xEjlmt6jZHlWD4FVKOg0/LSWlKBgI4EWzbabtwiWF7XbkRziOlCmubke0RQDw039FFS/ruruHVZPPv8x+OXT9xQcC/vFNTdB8Ib6U5mndLzz7/+6a//8M+toPOiFhJBdaJyvzql2iCs+qFlMLWd01+LUv+mQC0lizTcF1r9UcpF4PR0monR8lMQz3D5vqX/GhET1j2WEJdlGKbRZmUz7U3gkMqnrmLSFUMpcEbgpJlxM9QBiTQ5Bp2fEq30Zf9WhX4S+hBg2oXD7CNleaI5/qmtZyILiauOr0/jwjkHgursUBzkaOlZiI7K4UoPEr4PHN/Kk7/vzX6xS2ZWAlyo7RFUNm9wbIsT9joweXIOOYkzTh0yhKNR+IfKjg7TWqtp5QM6ceu2yFu732fTEAH5JLDgimourKDpefShaCp+mSwxqvEVXPXR5AxAZ1WppqHgCAiBsNHLXD4Oaw0pcFZmJvgwZhlkusAoYTz0naVk6mbJfjCNJiP2P7N2TgIYCI9jEh74MAIGQonDSasYNXHVs5Z2IbGJyKj7X4TToJFryirDcJyrrr1nAxCFzlSLdIJe5A42m2UAkKWtzSkku8/CQ2U1Sb2HWD2FI8F9onZoT40xB10FrAPSQfxOqaO5J7L7fwFzFpuMV0lMT1utYpBIZsTMOCClkeoiwUUgBimRHkMOKZb7TsoEqPbpb5AXAHWxzUk+kVnHs1o1FzQQ3DYCuKZUHIfad9zikrczF1/HLU2q8jWjRN8n4ziP9L4CGayfmoGfU6tiRKr3GUJ1T+X7DbuiKKfHQIM+JGN2PqsObKYcxEQL3X9iHalrDU4WEpQZ0XoK9C7UxWQYBX1kMoSvOpIkmQyDRLdbHpBTXVVYNcQD6Xu4o1NCeqFV7aCjNDUiUOgQPeGeVAhuMmlUN60xtoimvRvbNFGdSW246ZkuealklzvweOq3iSvtMxwUU32MNxRbSQVHOuMhKkkOrr+mG41jb//wV0bk00M3ZkfRQEa2tfP6kvW13cNQ59NLXl5duaaWJzRPduVFYY/vzR1+/3r7u7/RJd2aLPGKvTe/u7p7Y6XZeJoJPC/L+iK+6d2TfvMTeUyBvHhhdqyAS6ZSsZTOg1mo74bvTf5lfGZYDyiT0q3pUmZGSu0u1vrger0BmnJKl7qHOprMQ+el1JVSlAzZjIk3E1O3QcAkwVSyWwpQTy1ZDqZeMCOcRSyyEIw8EoxImf0y3cU1NpiVOnqNXvc2tAYtY+S6+4d7/AC8fbWXf7jR5Or158+PGKJrDq/bOOqU3Sr0wkybj0yBfymVXtzdbR1eS/LlVa9UqcM28/Tqqxulb2bGRyNp+VANoK6k1NALS8z8enVH82qWj7v2YNz6XMlib/j4zCOWsqWn4KVBUEVCittY6YYlOehrN8o8eMgjEcgPv8iNTnsxGaR0u62uXZ/gK4fj96VQpi08ZLstlSZeedRsqxSIDMvJfpqqZCuznss8ijE9Jot//vSZG6R/rTXPvI/fHqxBV/jSu+NMrL66ffvWen0WpgiC9VbDZ0FCtKPxy8OnT6K5gWfyAiqw0h+jVpMkRAzR8F/aVGktp+yw5m4VvLZRjDSfZN+p46jXLn6EvyAQXvDliSVVJYh1jWiWOhcx8fJUIctXEnZXWD3PPCEEelO5YsM88Pu//ONfP3t1e/fm9euPS5qtALBTcHQkQC09Bbpmq1+I+TwtPGhXP8A+pCek3wRVIQRZwE1XHKTdORW+XEx+AhagqC60XZMW4YxYdnhKyw+L7ZIlsY4lXbPHOtbOMa5Du1ROYBwN++vmiIhooQK2bchxVKcyyyy6UUOUBtGfHoPFpwql2arOfsnK7E/J0woTIzAYsSCa32OrLBRi3qIqfjE6YRvp5qNAHkGwCc43X/hePu75hg+P960McJ0HcP5we31PDsvL+4x7TKZCIRZv2vpUXEvJBwmS6myefAGF34ZR3HZMyQAZgU2is35MVpmHaTUWFBnxPOqIjyoJsq6dFVIBHaEb2bqMEGcEB8ceArmALJCKEjR8JmnYkalsKjBDEaYQx4EwW8YOI1FPH4r05IlXDdHDXyNRBB0ykY9Q0moSF0dPuEHlnXjrZZOhS/ixSGadxlEjKxRUQrdp9+O86B5ZcbqoDctnpVhmmNjrcDZzmWThspIWA1DtjKGsgFyjXkUyZc8QDsXJ1WEfZerng6I5EL+iLo6rLDKjgEDVBbBDhp9jCFyprxrEoaeog8a/xvAIRpXS/gUdAhL9KPCn3a3JHLyLpZCbxZNvrMNrqEqTfedUJAiaa6OrZtwPm7jJBdQckeAPKGB2jk+tTV83v0Z+bWKWgIw8M8j0xyfgrHC4KFyLdpbeJE2fNVBVITgdXxBPmAgfCkk9iNAd9JO9C5MOTq/xGwUHM+IghxeDrNNJzthZpw6RzmlrsjNLbfbIMlwMTjAFjVmuuVBCJyUvau5M9YhGNkWEls4wjikRakfJPeesw8oiUfQ1E56TAlMhuZ65n8MLzYzmqd5trsp0BQtxwjW1ZwRwJ2nNodmNCVkNmhYNvzx4RVsNv35ATHTS3ZRWELvpRTcV5CRIhOe//5u/aV4iOzcj4cc1bTbxv3FpPA3msrrlKCszF2ZqkO0MbSauXt794W9e3955PYZ+AqyBB5lgXt9Mfae1aqwJYn5LpnLsgPoAiLJ8EcMkqI8s8LJecQU4dSrZAl9zZe6Prk9tDi6yrxmvTotuDUn9q+UvdYG8CawcWDNJy/bMxZoR2TBOLN0MSumpdO3VKxvCJEk+ZYdNONFVshJck4JGKIlR2ylzWyaV8HVLimvh71fNGK7TJBWnfvtu9x4xQPKvXlRhA7bsR/t2it/rlx46jVBiMzc4N3B4kvXVlXIKPzzaL//cxCbaZu7ca4KCV7GA//Uvv3qDNGlp1c3Ftm/+fAZLivnstmcdU0oigv2nT58s/TLoErhuR/CC5TdvbvE1HWiF2gZHmghAkeJ1JpQSmrZh1YmWNfbAWrOJQlS2YcMiV1/fdtP91ctr+xnlZN1W7d3TPWldBL1wh7XJRUOrUKQSq2k1DOKB3m/fvfWMQsu4QtwKrWcR5wXzVCZHr6/vP3ksjoeW944Z86M9qxxyviuZ9OazuzvzjNUKDPFe7u8YjjbSr8c/Gd8/OyyoIArDvFmuo0QkFNyFTCku2vS5NBle6TnM+aBwOcvngsXJboEyWT74poBZlWlaCueL5foQvXLXrSnxRZ7tPD6qCedkbNBvLq60VbX7bgrLV6/uP/3Ky+9++f0f/90/JNbpf1KX3bo+dc/Jkr/kSEuSF+4EsB9hCnbnikhNd6ypEGDN5Av62JCzjjiRKEqM0zuVPzVvqqDPRpzmEDVx9MQK5hpMQx/ELkJq0PVNI99kJxNWGAPtzvjNaKwBSDSAOrB1ZhO9/inTJmjiRK/WEb/6Qa1fJ5Bn41rLji5LVA0ywiT1fwFzbAWAPliQC+yQUc9MODlFKUwfv1SqPJrtB0DYV+ixJLRfUPIdl+WWBRrUXnzzYqGLXBOeZGjIh0Y0timRjP4XXBFJoLFhF12JY71c9YO5gHYCNDkDv8iot9tFTzIdUlFzpI8efdK4XtNGs1FQowqfcQ//Sml4zgo4TqJYyXEAjLCys+M5fPBJoRTNSE6hA188NCaILM2tYOtfvnCTMrgEMFQwMjsQIVyF1USz8BnfTqK/EJx51PtNnmDVBuxzPDciwBNI5WBVhjIWfhPbMSzaVpPtSVck5l7FDcBmFEYsgxQZfqsMdqSsFVAHpc6nzw46nRIXJVWN+iqBZbNRyhzRi1gioRTp2SAigMR2ZiHfCchCJiDWRKQRkO2Lk/wKfDzW1vM51ODHMyXGq99V9aMqUkmQYPskR6I5WUpUocog/J9Rq1SUj/aXBzLnoTB1n+xeCETe30jGOux1bOTD/lhB+YXWkyRw4lKH7Xe9ghJQ9T1TldYE3bfiw/2wmQ6ZNAsHU6X/451RI03mXJFrO8XhqA2Z4cLL9JV2OAHBQwaJENIBZUGdmuoVZqkho7/mAzf1/UAIPZw+C576d7TU1dDUds6teXrwdTj+DVhdOuG3EsI19SUTyxqJlj0SA49gexGzPXZ1Jpu2AqWlaTeSKnFj8uDbC/NMOHdRCiuCrUc3aurL1uYmuEOXuxIWS41Ea/LP+9AUjFaDlQ1SV3/4m3/hsjhJjphlK41zc23m3RiZXcxbJqMSkNulv1HAPjfD29XXu3ev7z+S2mhm1w4Qz/MzsGUTw69BtBBoy7kmK8/YpehW0jzzz3P+UselsKmRb9owGBYIhYJdL5IoEfE2iVZaJJR7jMhLe8hXY8Gz2z425ZdV57LGGZbaSFfU6oBGZ6FMpAyeSgbLWl1OdZ4xIL6+csfA7iewVPtDmiXhqcmY9msul0NaUW1RESbuujdJG+RyrM3FdP/HixdeoSaI+II/KeUmEnmb7EpOKMFqRdENDJ6YmKrovPTy7EcPcLHQaiLZML2Umm9bpvY8FBsGP/3w4MLrt+5o/vnp/vEPf2X9sOteaZzMTIomYD7df5bW2qLHSo9fH9370j6q0vbWb8r6tBNP7Ubo6sqtFJS4ufWwQ3eBeM6OabqWwsWYFIwp7XEUNeYp7R2ksjmwR/eUeHGftzb1XOaEAAAgAElEQVS/ue4ZPF8evabZ21kaQZZY0Ya0bHv1rOlwcetuFaEsW7VB9cP792/fvvvhUTDfPCtG9Db75sYXTxHXAOzbe7h/NCq7q3dmt2b9zVTox08fKfL23RvEScdu2hFNNCcuWDY3b+bC2oUbp0yQ5s4tLteQast9N0bL4Qq0BrK1QRa2wNvTERsOv5XsoKlKMu3eoURvrr1ckquULaAqHkEBoPmJL7HklTbU76nsnKJW8tUtOdA8NbPs/OXj4ydNpQ75ZxdLHP2Fyx4f3/7yy83d9YvPn2rh6k94aeMJKpilmAKpf6gWzwDCTyaa6RGwLswFdLWCsydKlmJuQCrMtbW0Fv0tcPJRBopRc8+XNjELSn2QMY8Lx8VR21JpuBRhtmwZG/rs4JKpzA3eKFxOcCFrrCI8beKOF9GSLjGcM3kimzqJsBP+S58gUtG337BwrCkDgJE9rPZfamYwfOpkwsoykYxRY0Y08nsGWAj4keckQ+KFto44lvjXu7KLjte9867J0RwxIQc+eZLAsbyj32zZH1NqGH3IW1YSx3Twi2T99jlLRn/pnsuIMNBIjnSz2klCQr/JGXwFYQTVKEAHyGFELtSCHPMJRSz/AmOH5ZERqbMdv7LAtIh06kflKN5sRyRSbEKG9ExgB9k/seuaBbNKLjhAC4mRiU48Yu8YsQymIOtIcYeWXcYyfYLyj66wDlH0E0FNMp7CTUKna8SKmZOMAkzHiHQIP5VqBBoczCnRtaNDLS/p0sN5lSEP6CwLTJynr5mmqINIiimbqaLZR/kEjARLH+aHI2bUrqIrIgd1vbHOg0jUccEmgl9HgNUHGMVgstrGK79Z01+YYfnAKkRiVlkmcohIvynYCXJ+h9v3CipPFx7pqNNDws+BrGCwcT0nrjCFpPackP4fbgHN7rOMuvSC4CcSTy1lVPPihL/I+cQ5+lM3jyy6hr7IT7icX0kwaF5so1AApeSw4ncAA1Y6zLChDfE3dskAsRwgy0cTiDbzm78mZXgVBtpyDrD9RScp82KqjvOlNikPn1gctgBOnxeNkXuCAQJeWK4lRw9oMz3IHOITDIgGGysPpmu72pNxtxsM4DKehoSfnrNbIlXeRCKkrMs1luUIraHZi3o0Tddwkg7hNuO4zn5pscUwL4ptd9zzV57nUtWmg1MNCYlMVvPbu7w8B9mAV/pJBbmlsWozdJRq6nHmcV9Ktwy8utZh1+NugtCwCoGn9DJhiTMvVLYnrkTQjRFt6qdBTeASgq3oybuavzKgNTfDYALRQamAbpIlpCuS+yiXaLrtxZdC4uY0f47Wjht1qNLydF7p//Tr0sCbSGa82icd1gjTqqnB/FKvs4dOXz+T1jB/IYJrPfbISiaO/8y0qd5EZkktgbsulI1dXXfLcOnfi5/XbuvhVGaygCuRKEVg12VSTXSZPQuL63Ho3hLibZnO3MXjRzc49yY6Pfbbd3desryw5tIeKIMoXrvdwbvveo43r9UI9dPM101ALWC+vH3lqIyPceCr5AvpqZujyx8KGGVFJs2zZKLyVBObMrYfveMF/MOD7YPyEu9r6b5yiZ986cd5CrXk3viRzi8/PXz68mghld4W6q+ftVzs9SpXJV7PvnsOojVoZ/UWuczq/KMUbpmWTMS0ZxUmKYWouUaKaLaO8JO2nibNnOiLgbxSXNQWkBcWNU+x9u3bx/d/sRtSXRFRl5YYJVp1n4WHgmYENYbCoJmuTNbdSKLP1RW/L8yEmADggJ42Aqa0HoC+MKcWxmgXkeQpzmjWfKTUwtK99xMyildp11DNMXugo8ZLQUkeGjXYbwLghSfHe9D8zdt3rhxyBF1EBcmKMGLbqktXAeI0HeqIx0tLJ0Wy17Lqq9BXF5HN8hL8j//wDwziKqrYRrORyGFJa7d0h0b8dEgRc5upSZHUDyFwVq29MDLo4Y8WUoxXtX/sv94hKaIVq/3rGjfJYTfMjLu65GbbIgrc2t1Iz9zxxNo6wC7DDqEcsN7V96SCG6sYhZUCqT9oFsTxRHSsglgDWISRvNCKh++mmDaw4hhSFBwxEUfWJaYmx9mhGwChFlJpklp4hpYYfV2a2Y7Ua1+Rq65ViPKMkomxr8Git+13kaJBPR9Cm6VLlLkn4j4pqAsJ7Mhe6pFBFcR9XPIx1x3YHLgRJP5N9tUbXkyVmejf2KMuvyI645GxXxfH44VC9tOHZHVg0YZcabgrQSpjh1AJfumqECKwEYR2wdMONtk8c/pKgFWOeCY6lJOJKgD8y0kRBJ0OuNQlX0Qcy5w82ScbEpMmUkeuaVgfkP0vlbE2e+HfEkRn5zNsKiay75StLv4Xcc/pqVZMmIsvBlDtBX5J4UULdEaSqWZX6Jkz+mPiaJKJyxyT+lpJBwFd7ORofq/Mx/EqpntIEHwSNCLn76lgJrloENRMvd8gxiYMMX3RAK9KS4AB63xObClL4DFZUKZBsqaQoLqol1qAFKZLdGr0fqIWh2lb8eXo+PZ0OL8hn+paRyxPfESoJp1wk5X5R3Uam/hPwiN6Mh/xxhBSMHkg/LEufpJ0aqsgai4I9AKXEvgkQgcpvijCpRA9+kwjJPPIkSwxk3ryRKo4rjP+J24JmkhV9QMdzmDP+ai/ePbGi9TM4RiyZw9cdZ3Dg241qb5sftIQ9SIFuVHAkKJiQ3s82WE164BoUMWkw/WF8bguz+Zrj0C8ffsOQmJmAgYBkNwwzxA0ZLSriESTPd1Qln+PebOEUcQymn7cREJpiX5BqTfnbjYx6tITKLOSX2Pdei1M/HGBYbPlcovH3QxcN4TUnFYCGJ5/LuLtkHPzjawQVPMf3AfJWGugJd2cZjXdni7mzwsFB82CdFSBsRZxCZ5E1pk+bHbTXSFFGTvkZCGmk7x+FYteheJVdSbObfQjYYJlozrQtgm+em2fXGJYipW09bxx00vlIcYCDzH89uX+563xo6e0GPs95c83mAf3FX/99svbtzSR6yBr4jDjvfr+6fNH95ScZ+uM1+tS9O/lnXzXbSU2NLDUqxtpHHeY1HSLOUXkc2Q1nydZfO79sWXtrz6+//x4f3/ELu15USoJER2XEo0J3f2deFnZbbYe0vfT7dLeo1MS43nUzO+GZc61qtsAUWviZ9b88eVztSGYy22X3kurqwQgibu23Y8iAOyAXK7cw7TL8Laizgv2eN2+vYVqLm5J6s/rq9efPnjod/s67bQQpp++PXiYjvui3XJdOHh7uPfXcZKbuN2G1ZVXTZgNO6qhNJ7t9Mf9p959LPTLrgoEh4VLA/zabtPVXYwssOEZ8geQRRZLUjx3x6ChkXk3jx/lIRQIDX7NhZe9RQF+saw43B4ZU7DZ9mHe0RXOnuxoOCMmevIJ2iS7ZlI6Vyv909//j//iX/+n3jRz9eovn7/0ECKEsKpDKsOAgkHdSwqUrDhcS29xuaa03kqZkxqRpBC3/89////67/6b/8rbCbMO3ZfQEoHArnNgYTHimomdlt3TnZ5TyTcK1Cis5c5l6qXbUs9mbpNNY6BU5k2LFjQy/zJc2CPUteE6X7zKeimwPKPkcxBo5LvTa3VLU215dYw43cmAKmgcky5edVgdThe/yjK6D2nW6mvwPKJ7ySRQhlc2x6Sx1vZHosZvIFAwojk6biLQXopvL2snziLNvVq3u127GqyXTPULXQxSLpP1XfChSKYK8ljXmDlzUxcDDBzkkcdR2XP0RibNM+GZhC2vzNC8nA1JevAgRBbz9tSg0Ye9eGqurZ1yAI2SVHvvA7kzfoHhgVKTT/dHtoyHDiFjkjQxqutzpLoAzzsKUTO7UH9Q0fkitKOw/Lan3ZmouJScunNxM7qR8a/Ym195syW4dfu4oJ4Ns/8RqIbuZD7mAgd14NlpdNRlbUImXme1yURJ48rSiYgdbojJjpAZF602ivULBsT+F0M7q3XHZAA7nMAzZOz3v/Ji1ElWicYF1GlUA5xoWXQwFSgZk0Q5Dkocf5Mq+JWP8ikL/Ing+pGuDstn/JsLx2W8z1f2m1QppnLoII98R8uK8RrEANJjMPNCwhPoIM0akeaAGKqsPjTEaj2Q10BVItMhkEAHE5+ADp0Twrox5C8WhxKNAcd4RsgqlWWaQ0qLmZESIfiJN9sFVEFlsbogQB6VkRg1kTCj16uDG9pkDuWi2HQX+nXWQ8JPt7VAqiTMQzHIyZg2NSctdtwrnYSgpzXal4KnKqpTR/2slPBi2fHoZXoTS0a+/tXkpwjhf1i77Gq/YdkQa/rNr35id9o1JBJT72M8qA+Yn+oUIkFb0mxxKr0iipJ2J9X43bs/XN3cKZwJk0PHHkYNryvQ4yoDiXWqxj8jKAL6mkT2nXaLgQ1722BjyAyo8uY5HTQiAq23KC1rmWpW0gl4jbAuXVKV5rRrYiZYPi/rciKq0aj7NMVkWGpugFjnM4fo/T1EpqEOwSPZujAykO+AajaqXf/rQc9oni0RxytrNcHZ+AOlsxLv1hAlJb6MmaaU5vtcb9aOGrtXwztnvDHEaqxccN1k5ApG1pEV3d5Kp2jWjR2vXksR3PSa7fCRjeGV2/YMG+VUl+MagrubpyzNKPRapqXcumcX21JNmxCXQreYKRs3Efz1m9cjks0679vbd8l5e/PtS6/jYzR8mdFS9Z7e/fzTp8/upGlMUMccXMVSiZyzyG1L37dXTRsjC9dq+D01muDsYTpkfXgQdVJnWXE3mnjBifdzvLu7yxok7yU6klS3N7+iOyvwy4f3Hy2BN0/lxur2WOItyG2jlEybZuOTwsNkYRc5BuJuGHp++/aNZfecJ4dnc3nuK8/Hvm/RGf/r6zw1/+LocwbCSCudi63tvv/1z7YVbjgrjlKTtv5qUeEvJjd2wCsxqK8rZvyjyIv27ekETPxRWIlGNl5aiRiMP7/0OvAuaQQhTJsvpMjuvU37yDGw/mGJQezXUCcCVeOn1QKXqYuMv/zD//gv/2f/mWdZSohfPP+Ce/GLU7kc2vNVDX0sXRd1IdUAX0NIT5dku+g3bmdXjxr68X/9L//Lf/vf/pu73vEzm21BXD5RlE42jp/5nAkpUClNNZLye7GC/Zoy9iWKQpHGxVEmjW0SEq+wH9kMrBbZhmnCZ9zMB7T5x1ReB6Iv9JliKDA9BLE4wmgnB/KQOigZWUI3sotwki13YBnIVdYnA52qBFcWy3wRI19Sff1UejrvorVP8pkpxAqXudmha91SuvWrrl3doGSJgZE8lqtZ0hSvS8m9U22GYzVsMmF0Y5otMnDC5KjQKky7BZHf2c3JMYpKcmewBF1YHiODyEhKhe/BpliZQ2xQQclXtQoGoJSgk0fBoej72Cj2ABHV5ByNsDKncy8ZLkgJFmz2BhU6rHZTJGpOAsjTaQAn647eIUB3rimciAB2+qGYRUxRIknGOEV6Oc4oAUwmhZNwqiEdi4SMWio5vAhR3XRl/TCD639XhBFXkJU0xg67sCHlkQZRrJ09LTE/YYQ1Pr6zRl/TPsoJPS78Ok90UukxwaExOSuvKjaJVlWW96OPSJ4K2KEZZqtHJeMBgZxpsuYhlObpNSpOgqlqQRDlsNKFlAAxzv/V7ysMZQcgyx5nVhQyPP+T1u9wg9+Z0mZT9HmXj/pBnLaQ/OFlpBk433cS9qTBINl++4zL2B6FnmrDOYSejqBM0/8/CpPrAA/CYfoMmKsnnIrAGCOLnb+jWkHRhWidQyPBkTwzOhIk9Q1I1bKKr1nYgerZOqoD9qsIeOqxUTh5ZHI0fNSeZ8wIZrIQcuJhGbdsfujMpvARSQGE5qILHkQLekLB4F4rSrAGdBmIS6rvDy0LFzklYT8tMYomUgmwJKxL7rnZiaHPqq/twr22tpWSrTzr8gxJigP/q7/552Z6UkrSQ6KFYkLpOZ122VfIiuA9/IRSjSZTxYi1fdzoJ2ThdZmmER2GaCuny+ZSgHkoC9U0GJri1Q6vpl6e/fzSzMqxhoU4xqk//vHVvAuwZpuSTQpoakpzNiLaoVj8YrqexAJyFdgboTEy74atJGXmLSnU/g1v6NQ1bFzvvc81wj24o9R58vN2T9sp78mklm/NZe4tHdCamFhi2/QIxZvsNIfXFKZ7PviphGlWl+o1vXXtJgpPenFHtlX1Hm1tUx3vuK0iMSi1O6HN5JmiMHeqhFssRH/7Yn3TVjf+o0eJL8nP9kHndvnlz2wi1+xO4eq9ZPnT545+/nx4sPnwgf1lWnBpxD4sJNG0aJxqeZ92bjR5abrOSG0X4vcXXhJ4/en9R6GDJvLWlaXdYsA7fV4+9zocGYxnGXraYgLbtygk3MKy65PezmLysGcxXslt7LD8Qhi3yAieW8/tvn2jccogP329l1c8mum0Yt4TQ/JK+b4nANrR6BmMr7r5xVt4mMgd3+aUaeo90RzRNZFXFNrWendr8VqIaNXmSt2RUwqWSSVhjYslvesKvngTtndV1xdwBaMFuFBsuG6+md+Fljo34+8eGoKVzUSud6tk56LvLDoJLeHQ/ktx2BMx50ZRI1w0JxTdNS8SWgoXRr3TfDcDtdJrEZk0n0nnkoMmXCDLJWg9Ry371TP+fPni1z/9g3nYt7/8zkytF3NrCwU8D1zmSEhUL+esRklOlkLBLdTdQk4fCIp8rBJ8/cv7X9+///Tv/t3fA2F/Qtcu47mWqm+sFVGyLq2kOkPWwOueyrQ0kezGrHoLNEGQlnGEkZBYp1cBs58+wcFp76gyLOhsDJ6tkirQvsHHg/i7plR5OlB1rpDrH6KJyFO5o+EcgqXIoRNcLzBSNdnxWU8Yvv+kUUi7ZYTxzP8lEcmANhgggH2TU7oT37765ygQf2w76/aSGf7sHNXZJ8BjMXjgM7Dfour0nw5AlqJMVMSwiycBaviMVE3RBOuiDLEj5rRxZgC5YNNwSbbq4+n641FGI2FbXYmD//j6T/4A1PFa0iqsGhRJHYR/aDkg7oArTobzExSs7JM6Zw76iBzFJO0SKDB8hhNuJhxNzBpvJkjs6u2wZgfHYzR+MJMah+PZrF4bTFZYDUpYhABzbRqwk+j2oyWGH8HlKIkSnNN1EhpUhI6p6ZOIK6DDxRTP2nsUkQXOiKGsqE8xHQaGGsbFb4N39qQJWXzSrqHzCHNxbTgT7nwfAgEn32GybyTEdtPGM0523NiVJInND3nWJ2FOkcOJnHvYI/5HqAk2fMCFRng0GNXA1OHTN+f5GtX9dngOzg/U40MHo88aMa13qMNkoZp0qqA66/tG2Xe9c7SORgkBbD8XG8FRQnxQUVrHMWlCH0dIVT0d17PACaXIWPEhDy6uh76qHRW9QSGWdJFOtjIEJLKICMd4Rwnw9Dmk9IO1oUBFpC4xUxT7sUqzSJ0PwfyLkzoQPplpEuaZSAUQywk8qGCHKLca/QTq/8qjr4X9tBHN2EMK9PTCaNaDG+zXneBUn2LrkvcwwzWa1xHpdYwAcgJ9YRj6gARK8TpoMA7YR56DpnzrWdnb95//7G/+tkTPMLldR5NZQ0a5xt4fqdbA2kxXroIeiU87qfFWSYGMQ/ZkbbdJq4jOyaLAk0q+Usjw6hYIlA2vz77paXfnzPIbuYUkgB4ShRQlvJ52cde4mynwdBFqWD29n/N8UnedTem0CRa88nXmI40HSvtMNrROGCR/GYRV8tRgFVv0SqbX6E6I62RMYi036HYY2YknM5fQ0EU3zY7N8jaNQ8U6uhmnmRUrqIAKIgvFbv7YFjryya5K4Nox6E5nC7fyraKMlGbgJEYU7EaP+1KitqltMuPz5/s3b+7cjgKdDL6unpWXuAb45e5NTJ53T4lh32p0UbtkV1L4+ub1ecp1a9kpJlpgM3D+5Nur4IWM+6BtpGM+7zv5CJ9J7QC0evbm+u6Z1+R5AtHnskCJLFKiyDSeLEkW+/pqyUZzMHX80kPTrflKBHYxUTTwRcK4sHnWpr2e/i3jt9nOjtiaF4+4xmD9Gm4x/OylW6pRYA6iNIn5/fubt16K/bJdgsvIPZYbWcmq57bY3ShsugjINQ1yBYo/h9++fvrwfmnx9qh6oo2Bb0HN54WOcwgL3SI7zAVwdpSiyBWatEW4XR3cYkPpLjfjkMTSK1WbWo4a8cY8L5iLSlwJWbd1RWEtpdmx1z+etchullFZDtk9+HSogf584ZVFn/78x7u7d7d3N6/ev/zy0H0zC/OivLDOwDgTQOjNZo0sNUCfrhCfddv4J3bsnnSO80Kgm0/f/2zcK3MGSvuIMUYXVkR3nB185QJd/als525m7VKGpJkraw01Y0YhoSKCoA/8eoB6w5m4X55MagcTcqndcHepljC1CZhR0EoJWJsen7FLNrxOGBeq+/SDT+MvsY4GmeHSL4TvMCD1MeiT7OtMYsF+R2oKUm5EsDncjsCHB13Vs7aBr5cXZqIeWuqaIGePNMjxcMIHIWDs3666j6zwkmjBUOqwDHr6EA84TcgDcTJPfjJNxSTHx2kEsjmrTWKWySsKjq0GmQOA8oEWBjHbptiMM1tCmT1PMClfSyhUA0WduoVHKdmcMc/HPy9l8fopJBVNLzF/KjtT4QMgr+FTzpZAfk5FIq8+oWqz7BXo3E81XLJhegHrmiT4jjOReEE0y1CwXrzaBRGQUDpHhE5w4+AvbKadqQKYfzBprnRZXOIlXyR3MG9M4GCzJho+AfUhxb53nNUuf6MzdyRBZ2So9mKWwyTgC62Vqx3BfIbwtEoHYElDIXSq3GB8sIuZy+iXcBfEpzpIHOAsG7FaauVaJw3ZRQTy+zq/oxAdRlln1jGWiX/0i07+SB5/CXPseGSfRppzu7IiWSnXFlsZYtVHI+Ls9MgT2ZWv7CjtMJBTMSEnQgXAK66yCtFyINNsll6lL7VPjNKh3qxS8v/Gg2TFQrSn7VAz21NBVs8C52c0B+0o5v2HWR9Gjrk4XYmSn2bniaEqaSdhqf1cU422yYi1rFE6qmkx2h1JK8cn8XxPEsPwnc1eR1rm1TXb0j5hPEGtZmO88nAUt9QZJw0RfW+KEAW9jnxrfw1+9U6Yx4oYiWj4726ERha5ixHsr//u77Z2ajZStCGQ9+u8/G9w0HoaIfw1/bBSiiQ2MrRbM84yEfdfeU/myTLqkUJdYb1Y4GHmKkZptNS7Svimt68zX1haMWu7DYLipgWlQ2ZiEui4IZemVLGJp6klBfInSoLBoZ/jcBBG8qbE/M5dqidzRBImyYhRB5fa7U2EPzsgQTrvJsnj1lJbYw2jnT2ZFNOeCLh0MJGWKmqwvYr5Yka7PFnVpFEpTiP6D9mW/I9B5Ns3b249w8XB7OHt1R6CbbLqhRcNP3x6ZBBvSZaKef8w7SSXIDnXNB7vf/IePffnkkPysghiKTkB675+fYOR5MoNJXSlqcyMAAgyQkmXVeYzQc3Y3799+vQhbTJUWbHmZjpNOgtL3mR34xvvf2vsqIGZl7LMrUqOtklTj3dR3EeEuMInlQnFXtBi26aHM7uWubrq6TesZj5StviqJ/XQizvRwhCvuIpXiyseX+Qp4uYm7WfUyJ57p9+Xrnx6NU4mJj59zVM2o2luVg63/WqbU1KT5+lpGu/Tx/elqo12NYSKmYOsp0PIHPpBai1KpUHat+E9qGK7Ya2IyOgFQndc1RMVxzXq0oUGv1iS3zVfp/UK7XEsvuom+iO2R9k08Ux8iF0gmR4gnLlnrMz606qWqfDHv/1//Nf2W3pIO1vN5mtaegvDJ+a+Ci5RTGOBuPcVut778v3z44OnHf39H//hz3/+lQBc0O5JHnTByZFdWLmArLOvryle3biW31Mo/6ILgCdc6vSeccTjlPWokW1nSR2FX62JRX18gYoeoB2vtO46RyRogU/ytRrlyK1XRKM+4vIZEWTqANg49Xw0msDDHbtMAMh/xM+18dQZETA4EpZNIZBMNEQy7vXgqhMqRfqmUn0QnIJGbWcAuhBeULNDQgwdIfZIPk5HknjnTzX9uALRCX7Mtn4m1sEOl2SU863L2HFSiTgXylENhg2zVUe78MpZcwLuU41eQVeZcUdmFwbLSxd+44VSMZwxma9L6zmjaI86GNe2O6LL+EcscZOx+n4Lb7+BKHIMPzoXsZJSPRkRZbCcFKbhbdpMS3ZN1Djn1SceUduY5Cfy4ebJCMx58Z2G0wCVY2H1uf8CHU3/Y+RC01FOXK51MefY5bCjWrUFxSGgpYrlYjH9fBy4KV7tjBW9MZqGCXU+/ULNCJPwUnzOEqDiUXBtdJDSH9+Cf1h9OdLoYjal13GQgUhRNh4lRmBIOdLbDHg0Rl/P1hCvYHBBVbnurRJ4AWjWzT+sMfieVcEA5oPF/5MagPqro8nlI+F8YmCSxhOttuTIF/MFlSZz/4xyUSHQKB2k2tcoRfZ8qg9ZaGCWMIEftmkSwiD6XvhVe6j+1nM4qMR/Yk7ISPpzPLoXIpWmEsDT8Kt80rHCkVBwMfp4BpBKewDE4OPloB6hWbcipxhBuqBcQNetKBlcjuuTLYi3v1SJjYA4ouS4C4yDIMEheknt82hSjE0dtN1WFejQzaXtIcAZR2O14ra8qqBv6zmvCBovtzB3uH0cGlHMi3h8uvQvC3NKpqNwcywavR8vPpP9vPvDHxJnfwSgsMMlhLzfvSCFa2GMAKoNmvTPBPRQnf0A+U0x/2ew6acfLKODtbFkq2KUsvb29Xu35VpsYw610lUzYCTHqJmweuf10OTIFA2luiI8kmFCFppAYs1Ci9b4Z5jKZAzqWLQerq4R4iYAakHykQAOrZLoaKFaiCuFTg7SuhnIZN6NvW5Knlv+XIPoLlQFkrQcuEer8BP4b49YJbu5wQxUWvC9u1tubhJyN1nIJDw1ZsNKk5aSJjbPth6GYpLVbhw3oFjcvbl+88sbWYVFSAu0GEmE5IMNQj9/3kqv7m4emyH6Yk3elJ6D8q2TpkjAXr+UpXlTs5RyU5gNZHJWWlBcBkB5ZkkAACAASURBVFZob99n06ISwRaj2+coF+p+CndfP3OXzCdV87Pw8SKQL1Y8PfkHDJybNzdXt9agf/SOwb3S0GK6YG1c3qMu3ZzUrHDrnuY45alNxclU2MHOQhmwO6Pdka1QYhSoFfBuc0b8lV0U7MksLTn3qhKzcM3gsSi79gDGVy2Ok91VzkKtOD1uSseE5r7v9x9+Tc2tmDMcLyfhGidgJcCKoktzbr9E/mNG3E2RHL+bwGvTpZAQjiWKgrQ5cCHLGic7Liz97wkgqDW90iWHWaamdplRHRzU8dUoiNDzA8rD5MTcu62ihbddbq//h//u39x//nD79neWz3ErMMwzFlJrT4AFVtcoYrXs8P7+wULyH//8j//4x3+UhwtuIedihkm6Ldxssbc1hq6toZSlBKmf1HdSE6y8qlNXe2kEmQGUE1VFr35BLb3g1fPsExnSFcZPIzianAUR6qEhMNa0YnOI5Yd6sQNHggrWSc2jjdJZS0khVTYENDMjrWSECpJYdVLTQESnU+U6Ccjp45/6evLLwHdOYqjZZ4Bk0ulR6oQEq+THNMtQHcAvFSLJrgqZP4kTKc4ufXbAkoqc1FdNGj+Z0XlEJmvCMC5lXA8EmwMOqcntK8nTeFDlPfFRHNmwR67vVN13sZAyhE0Cf0I4pgHtXyyqcdJQk3xR5JeJOrJVVBzz5dATsimFsGepSNSZlkRGi+EyMrq70SqKijMc4xLb/8lCrIImeRAob6k8quH2UXW6w6Ne3gLoX1E5gOUCEE/6WbaRmQKfmg5LxKENw2n4OXeAB0oaZgojYS5GzgIxCDzoblKJXJZMKN8CMeQ+inxmZQX7q4pL8m8w0UmGQVZ+ylROMmdhJVN2z5cYZYZR6AKlcSdsGDHKAH2CqDTqgJLTWeQA+bpcjw4G7UoPgJ8d1WJHJ1anKmAf2COEzkRSFGuFwSXNENPpUF3pQYxin6e6STfI0NIUnXLRnD9JjzSdrHZQARV7FRIzSyKsCP6+l3ekxnQFCh+4IAkjsOPFgC9IFWdDYIGEPLACeE0sVqMfoHr+iO8xcc1Mj1sekGAXshHkkcLnIiYiBoaoIyHm8Qj+CI8++So9P76rTuTZLVCVLVcpqizdkymRnTj0eVIxm8kPDDunSpMrZmsQa/KtLRoR9rBiHbRLz28Gj26+U3wYWPdCu/5FIzbNo1dLnTroDX5dZjWF5C6Gb99v3v3OM24yqaGJKNyI3ZOB7OXCF7n8sJadSSRqAJmEOZKtDHJSQqPZhkFLbK0kplt259vWlL8Y6shJWho3m2L+xDO9d1wv03VHcxNGVSMh4RGjOhpuzMWzCQ8M2mKWlvXK+nS0mqMUHp6cLEcpcA6LfiUHa931MyAXTIa5NC0jNBfYPT3zQ3W0Ta3mgSqWDZhLSzQmFGiEdx9o5Zf1HTLwzdR2C3n3B0hbUCjFp7W8Rh7ZqlSvIm5347PnD/efZY4eT9j0UQ8s2t7KSeBeECmR+TNPkOa9m9s38g9dHqsRvnuKW//tOditq77+aiPgX3791bH7i/mTtDSUK6IvrWR/krx7+0bEMPwmqH6YGKQFy+yNEB5880M+eHPTrORUz0iSCkpJXu1NvLef0X0h1rnf3Hi1iXurzSa6cJCVSutE1t27Nw8PbjP6+ebNW1zKn149bxLx4QuBM2lj6XcSM3uvG7ZJ4JU3KvemQWmiCVTBI1pYjIfMPd7eWu97dvem3PHzp3tprhtFbHzco3xQ2LbLXu7yzSq5/YhCBYe5tOwXtXKXDPXFYwVZQPJSUweRDwu/xUJhvpTP0rGw4zuvZ6S+UK8VC1k+KdZEoZgr0Xrueckv3ZXUhKcl4RoYCNBlLByZtgszPHYbPkZ2xFrm1k4KLRnky1eek+lJ4maqRbl1/59X3tPcc5aTWTh5/87j43/7f/s//8//s//89dX/++r6s1j1EJx1Xsgmo/DcczTdhOOW9h6zTfHW98nFWNNCySLTFYwbw9tCqriMa61UxKK1k6J0WkpGxGpqZgQG6FBE0Si+60k0uHbobgtAE6LNUKlHog5nv8341ebqTorqKGGqseprUVa+rhftCDmjNJbGtyrrP4CVGe00aByZV12dqTYMMEc1P+awSVGM+o4jbqQJwMn6rgPsfH1xHZr2yFGHMKH8cXOM4JAh/9d2FEVzqbDURczZKYGMvSHbkOOah05sEyC4377Hvi4qQUZ18lbAYJMn4qfncp7aUQHchPQsB84RMcr00ACQX6amumrSkFmqVhsLsJRh8lIvhplpBsw/2Dv0L82SbgFbJs4WcDSPxjUkAgXYmbaDUuNCPf6Y+Y5IbvJZcmTKPNzjhxzgw8TVKkcQyuSrIs6qjF8u+7qUinvbigL3Aeow8NnkIHYae1JmHrFthu2IflyfqxOvQHyyWyajReqOVHyLcj5TAJuVUrTKYnidvAmEscSx/lRNiicQ4kjPMs6xq1iAM6H2nnxx8jnCpsU5Gf7Mp25hOMeseuoWvvUBSIRRjEa6hLcjfNvYQGwkL000K+CZ3y7sJk5tL0qpXmVhs7PO+z+FO4S1jlJZH3WzFOBiaOCpitxqx8RJkdgUUwQMbA3WREy5zB7sEIh2MW0lYxWtE3qgj9BhroOBTJuRqepwn4gBBv8b5RSuPURssKu5ICVx/3LV6n9DnI8T5OKkzmPfX6p0PPVGbufTZKboq8DrRpCD5FerQy9hlfUD/RJspzzbN2UweU9R/EjXIBROmMiOUQYuDtauIlaLUhOVmlr1GfnWkl5zVM0YCmjWF8T6QojSoR5F4JRV53skkkx/kLaZTEQRqI7re5M3ieCzm1NoVInvlqW8Tvfr3/7d70zjKey1tiyO0tpJUjfUNrnBkCnVb9KyQYZEZsQxqs0UC0VuptC3N1YqDEnJXElJGMDM+vSqsajbiLat8aXoWytHSkkEJB+7X4T4GJuzOTqKxmRJ6/U+kzl71MOQisUo70q0F/tCba7Q5v8lYSoSZxN/bNDw4rnTbIphFDPojIgYSL2leayeic0dzFWW4Bwtwm7Fcx0gRWWh5UXPrtxBzQXJ4n4Uk3OyU0mARJAKzEAHd6ZSAI6JJ2aQgcl4WOb65kYaEZhdmFT4+ezzw5c3L2VRj9LImzvb7W55VhZlBx69zCbKBSRJPdW5i4rW0BmmhPbVM8Zd3uAZfB6QjYJJJrdCy9plj54mc0810cUhkjxqZWPXo5uslcOZQxQAFihJ3k0jV69l9l+tXf/0NEep2qsvn758+MvH29t2RsKUFzanx+CbDjS1yHomP80Feqa3e6vZ0IQf18j5Xd54dlBjDttIYr5/Nwf5eO8J3hzuDo6u3u13bCRta4AY7srn08dPJHx9dSvPlZjdvb6Tl9Guydra0S4RFgZaidGWgo+fP9x/9gpBwYSCD/5lh/2ZPmZk58b7n6ynCagSAo3T62NEhBr/NWNjmM2XgHuuUNTzIUA9m1udeuAAoeBtM2dWKu7FeQ94kg22vw2tXtgdT9l+Yk8AlF3qPHOphlMrixqFTOr56//7f/NfmUH8w9/87fsPH9zqZbZdk+qSyO0tfNjyfll1FxOvLSKLvtwvjl2J4V8DdBmTFD2M5frO0yLVT7L0IkaNGwCi9Wt2IDf41LXUkgnqezrW18wM0LQZ0taFUC3DOlOpem07eyVF8QupmvWg5YbxXscR3SQt0oHhYxr1cA0BpcMPfMlJqbdMOn/VNY1q9lUNGNVRdgo5cUBUnYaacyx0SJX7pNxk7AAe+OEBOARIlgXq3tY3AzvCRue4BgbCWltBwezpxIqo18shlJsSIXHGj9em2NiB6AME4pJvxoGXSQaFb/1QOBDCTcSqgkuKQ0K0RD3gJ32d5KLSPl1fnVrmnQZAFhJFCKnEznFuRireEhmPY6m8nIsbEFNo9FUmGveAPZ8dTOo6xeSuhEdiekiUrxZU7dXEsepYp0sXHFBCklyWKDqug60kp2k/GmoKk2ajxwytGkDjS/bwPz1RJmZ5TSJcBqAooUA5nxkgHGBVOEIzOWsCjdFFbYD+dNToB5wucYyP09A6GOepoWyxHluaJhb4EFby753FttKRiFH0LiZ3PCbqwvCXHLll4BeJZ+uUhFWRDui0sHBy01z0G+OU6iO4holcOJGPeUfh9OXj+9D3+1Qem/PpN8TJpjqSrNbu9WpOVUqR6NA8Gu5knWo4YzL6YY1KZ0VplUeESan68O476gEcu4bXSB2xouXgQegg0P4vAHfutB4gownsgiGggcQ5poJJfdGJppITRfvt1OdgFNMHIlBldSKFdURG9YA61e3m2iP0erS6wjWKJcJ1Z+EIeDIQwGmRRvD6oFS5tKg6siNo3VLytNPNCJ06tFp2FQR5slIDgBGngScqPpFeamY4Oj2pvkBZ/2tgiNY7ODOimDvUszjVvRiWfvn9X5k/smJWp7ARmcQN3vFbuK/NOeXk+oyiSofeJ6O116oeAUUD5+zt8AzDSYmVvqP+1pE9ji+8PUJ2Yih9ZQQnTvmTmzk8H86DgsWcmN9ty6wrO2hwddRI3PoyKVhLcivzyNhTSLHbbNeViARJFK95XLPMnXQ5IFnzeUt8yJC3MUdwbaRnF5/ajjzp0vu1tYBFaS0E3IySCXPXxQsqRLRUb/fYWiZmMCuIo+Et0mYZSyIIm28yt1sbPPXFAvSVzQONJPJWo7x8qGzumZev2IeXfotRS9UPGF73QByZVwTLGhja64k/fv7y8BVWOWs2kRk9N8d3d9OGPDJaLZbh0QiC/lQO5/biln7qkK3Y3sjm2Ma01u2bGzr22pL6mXOnS/MEnmnTu0Qsn7601OuNLHpuN5SXzN1/+onYi4cvZd1y3z38uTuPvpSlfb7/LD2lhlktcWbe8XfvfmfewcbKPFg+05jmoBXj3SP87dw3U5pkVvHKcxxlnxB7IiPVe8zhz89SW9K4M2Z5MKOJZYLRisvMoTZMbxjzs7aewGLVBsTHLw8o5930r6ldLAOymN7wgy7fNrzzjFkNs1K1HeA2Q1itB5bjfaCjYegiPpInQjYrPGw6skNZe/o0P9Zdw0V+N/CYfOSgRkxGJjKUr482IDY/TLiy8xetpFNWAUP+l/+X/+L3f/13ZP780WR/m467YmHfZSSeP/7D7S41QDFSLLNLV6t1OGuaDmZ1Qvfg/aZRM0P/9uWkxm7yTEFdRFP+VNZWOZs1ukLTBim67RgmbJLWP3910RrjWkzUopxKzDJT4tUWKuXj2ff6E7o7BkhKRwVG8yJEqHdJNuUzNlxQvsEV+wm0PjO/kbd/a9yDWeYytSKgpp9dpsLbZflKk7TG309Kt9m5igRVcDoGXFDO2+YJsVEvHsKj0JJ4rtOGu2JI1q7G0+5kLY7rTGMR1YijMGJpMd47L8B4Qlng66gPluyQfYNFKu2y2bKlRQ/4wR3ExWpmu3Cprtna8CNSYAS58Wl0UDxiKy+dHR8xncxKohSqvzQeMhX9xqK6+k/+TfVONxTqEMOqceirskGK9inHFSoglxquCN+uA6AXSqT3H/uYFF9glj2H43x0fK0PRjbm0wd6sV4cLpUpCEYqCipIIPVEOQ7Z+iJUasQ2bU+Z3jXB6jhYTIc9TWfWIxlYBIGDiXLaduwTMWfpfooCVQI8g0ZwOOE7OThDUDtVlK2pmJmGe4GKmvJmJAasohCtNleNrZ8kqe0jPBvHMIlW0XG8Kzy8RxSRqGRKFYfjMaj4VpUQ1fkH7mCG0VF4iQiiVrijuNUEQvLbKL6acQkp91zwVfi7MCjk5h4/w4+lsmhEbp/wj8BBrz4W02rgsY/AxHK8YLhEUTr+RoqR5+AAYWjO81kNVxDXORM89bJkICPvt4P+Dqnq8rYu4vQfHJIHYUyN1J54dRkFWHTrliEm5Bnlo1gmBbL4iL6TAPj8RCNktJrRGsmL0jb6mG0XDEkkqptvgECZ8zquNS4Nx9IpZ5bomTPpBgid2fc6XuHSw0nay4iucbQpEFfhZnqU7slrOGrGpiLu3r5t9zo4y1hGmvrkYlWrFhzTi8R1tQBIZBShK3bGUdZIRmZdz8mMWj0A6Nk6G/YJAjliGI9bx+zK2+zGt/tWaUzhsE97usyR8HlpRK9a1lnks/XBUNCVQmgqHBEyfVv+pjzfpigrJKeJnKljOCSENBT/c1lXJ3LRnT16IskckWczUz5FpLBCfN1El7im3Na+8Zd4yaipn7BgDfpQslbrct3Vcf/QWi6hXtwgT4B6JrCUeiGnu3LjcC/WMx8i7zCuYyQ1tF6MOV4fP7w3G9TSqslFj8smebZ2x8YN4bblNEe/9QRl6YfH0Fy9dA/vpw+fUZAvkkGSJZWwLEsLj4xJymfmGj/tFcZxJG3+SNet/L4muRRo792pj3lxZRF7o287jOqZy8BknMS+eSXPq/lbF37z1oMzm3gzwWmBdPlEK9ddvDRCeMmy9fQmbn10XOYRpcOQOe9l7ywMrGcbaWJewJzsbb5c6+1xQq+uG30ZvFjMKXI1C7tWWkVXEvLstUdB/Xx2c9PLsot6FeucyjaY6+uP93/6s4nPCnP4aaRMkv4EFmagZLRPI1BtzVhTLJSv5ODTcmsSTRzaTpkBRC97iszagqxVYImwNKjPMOGq3ZQq+f5uXPRrTdobET0+T6iULWbzXsH3Ncu14fK+V2u+uPrGYK1emsHgKO+9ef2nf/wzqnt0ThEqz+tnV31+2ZtmzEhyNnKNpFbQiaZUoUIDJAJekNh0dgG9qCwVI7MqDYpUEz20oD18Kr2pzHeMlT0WxToXIb3oqShBLlym8AIeMfZESr3XFrPImghjcgA7tacZlS1CRCPpMOml3/G5KBJIHQcWM2opgTphUNpZRMB1Unbjb9KASdboUaot5ees6ujVXaHpsD/V65uSt+rIJQy/rZMIbuWnN5/QgtCleTTWkLrlLCzNBb96gRqsnFNxutCAN/AM5fxDcZ8stDg8Y5JaqVEap1Y04auCuHNkSC80mTagwvwo4Tt1yQFFyMXHWQA+ao8LkaSw6D0U877m361dMPtAaxzJXXVcSvJTXPpGNiYVEwiAs9qTghYfKue6en8hcVQeKmoEieeEqTPvPJTg++lLJHbWcYqRJV1q9XX7jgK/sACOadSTIQmNBZOfPOWX8Uton2wess8a5AaPCnP0wqUWP/VGda6WTjKzWwiP7pPI4YSKeke5YIzG7yiXSFWGNhFimxmnEgGyeZhgVtZvVBU4UuZo4uxskFEmawNIOMFU6T/2K/DTQYbrC73O/L9QUxzoRZsBZdgscmrCLiz6nfcyThj9gVG78x2tXEkV/oe17iNmfca4A8E7WeosNIQ0IxygJwi/Q3n6IuBkOJKlQgzGIT6Bh3r5BHUOLz9JNBQ8ikNiXRg4yCwxpnYtdjaaQRpYwvNv0iQj0I7TqMPxGcS+kijTVV5yeHB3Ev1QRynbggn0wrKuSyHQakhZJVF1e0mXrsXvdNXajhDCbEJozvuMA7DbHlvtqqjnwvQZY0NaWZbN+7E1rLpbRddWj2ZUMRxKonA27K2doi1/0iRLaKyCuU9A8rJ2niYumNqT9v35u7/6wyDVVGuWo+sCzdJ8Bj7UNZqh3VDABimBabOCOpRmGYgnRdP3OMCtrXIO8GSBBGpokXru/faEpIyOjj9b3jKAdgNOsyy7szrC2xHYDTf0rGWcfU5fLRMjCEVT3zNHsGdkwtWBNFQvxE52Qzx9XwPkeuvsDYz8GboAIgZNUCPI6SQSulaIXoR08qTv6tN6aK89NBrYbaZ3xDXYRWuo4LvV1EOze3xgyzUW6+3eS4C62q93N29I/tgcm0F3ffuP5/dfHts8Z/Lv3oZBL2su9TFhZj6PZ92ZSzjP5zYuwPVkwebtvMTj1bXFXLeGICVjQ+3RZJs7lq890ebH+18//PK7X1jgfEhpj19+k4++fP75/gtIuokhM0PR7RYQC94vHjx5++czieDt7dXH+88s5TmFMigvd4ZL3R6W8uPbR7HX9kRJSXsxdx+M/FAia8n4vFH6+u3bO2vrwkvSgsP9o6f03P/+7S93N28/fnpvVyKK1la7E+W116V8Imq2FA657LlECpb5MFvrGPDt9d39pwfWtT/Snd7SI1a6u3PHhYcH9fI6njSgncyAvbNuTbBW4GExnz/+WhM4UczzvC+CBUCzyCyrdXbLNO5acaFQD8EnImNXF2tNnkdURmh5nhw5VOdHvxrhJXyyeO+bZqjzFM8y1F3S1BYKKa1jE9vNcrfvdiN8m4klmkR58fO1ZmOELkCubtjWvger5xhLypk3ZpR60bMVtd3FVeK7m0vgM1+BjcJTYDtySj0UiT4UtnlZPINGI4rrsCheS8mGmjwCOgXXJ11J5MA1fBObwjqcFbbjMe1Zr+bISgo09Qmwydtipm45hGyQhyGgUM93zjSsROeNQPuLFxXyEiBgJQH1gPUiaqMTEdXlBkqOJqfjnUSr10nl0jqobDMJ8L3I4TS9qtsXECwjOMaV5Z6IJFJi+E9BbPS4UpwSLTujHVROGGJHThdT17pIKJyYtGBR0kFci7LkBzO6RHI+O6Sev4M+hxdecym2Iah1HtwMBvKQDEW1k5gf8pdeTrOaH4Jc2AObBKMx8qkfdc5mr8SezWsNgkGHd+w+mGkLrlQ/cY4INHHQq1Qm5DFF1jOeIIhBYxmVAmfr+S5jMkTkYz1adGsPTv6BqkssaVQ1OwNOXhjjHEaUU1uHGefAY5HXdj65MldI2mPikBMZ54XosdkgajEmUbqcSoKnmz90HpBPEKvYJ1ZBTQCHTDP30rWuB1UfX5NzPAJN21gyq296FWKDAX2Jj9lo6NEfiLpEi15MjtxjkF+KO5/o7muynjf9ZIZ9opCQF2sQcNKEGkWOTuSIqTDmRa+qI2w/lZCdFMH0ySirP5YOIZCKHawFX6gPYcDV9H8udeCsMfnCChZpLvpUWyAOCoVUfRLoAj+xHBcQ/cySHSTKTHfQI5HYRw7fFCHBUPYdfIGlJMBFfRBdng3cEfRiKjnOX/Rkh3WvlUw4v85rN4TZkJRO5Ktb8G9QhZ3/xWJosYzpSAQRmGirIWdN2YdWkFAI7SjQFx6ncp3QnOp0ca21yO6OEhc6auo9m4t45tE3vZpkROPYv4Cz8gyY0L91mWWHnlLibgAk7978kmMyrZ6viRNU6ZT4WaVRIlZU7wEcvWagaT95JJEzdeuYmYBasd7lp5KWn5rCRLAlwbNqZ1Iw5O4eMOSEwA8yxW5E2fbK7cSCi/6MmsFYoHu52SuJsBCr7VjJskvnNuxNV220q9tGhuZgc+BGmHOPcSL5MGvdwKrJWWo7y64q8xe0ClOle4AeHEGUfkinJAppKgGhfrmEk/y3vrlQKn9GgDjMKHGwotyTHfV4ZPMkwu4jubn1jGmTZpFNH3gsbuehqdMG+azX+Jm9PU36xedPbve+MgeXmZqE6lYft/vd/XKbIXuKsqmoHo6IOKsQlZCZfic9Wf1nd7ZK+6R3Pb7x0k3o/yGRswcEShOExOPnx/Y3eOmfXH/XSJb+sZDk6IhDvuqpivX8+T8eRVoX+jKer1JSIqGPhoVmFMz7teeOOt9kjc1jFUD1uWQ22fbD5Ja7dnoIjJnFF1+sbNuXWYNoZsAkovc1y0Uxbe5Q8t1xNs/qflEUhgsUgjS30RDgjYUP3gX9YZxqlIUPaWsHUNXXAHugOjK1IuL7wAzIGjEV+csN4myap/vnlwBerMKX9iuUkJZ6N28XtdJEdAs6/yOXbGfB/TxS7uVzGbOLH2TNPXa1kdHsELVk/1pj5COTVF9MqUolaypyD+8ZKmPL2iRKh+5zMv+DHWUbkpijYKIX5VoSzatH1dpMLbrM1dVLK/usxeM6BmCFmvjknGKgMCzFoUxmhCY2oqmQHjUKAVaSdMablEz3+NUV1HDErX3rXXz5KF91AaOe7NmelR0XN9yXmKpEPubwESs2SuwzYdydZl5V6FR68HNpdQyzRh75bDAGMOaLThzOyYkZLR9fqeR/YiTE1NxJBZei6O//hIcVATgItLRU9tU6Dpu3E3dKhZtGrjwI4GusHc6Q49RlSaKHsb5iRln/MAbqal+J5uiwS9iEyXwY5LyK2CzvR65LEGXjriw77MslD7yjmbLmOZ2sC8yo9VaJEa9FMSI8v6nxFEjIvO1/TIKNc99R88F+PzFFbWeSNtUQIoHeSKyVibgRI0GSjWbypNjMFtncnYaxcpTK8QRXs21k6ezIUxUAIGJGFB2YakNZZzAQvcfAKktS9YnKer2jNVD8KomZDe+NnGnvK8DgVw3i6XPkU6oG43yW9I6GSCi6dpJRBpAkO1DXb/EQB+X7HnRfRKgEvURLxUjOkHEbH18hPokVRqZ9IhTPydKXZro3RFaL1j779RVtZOoLRq+vAJwR0pnPsXaFKw6igHFST2HBbY1CzB7JQoxaskVgLJQhsw5ndAIGACLRB3e0yUQHI43GJ4KR9ncgw30SDmrlA7kIfwiTDf7xs/ro+qyTn3crE0z1YkVWarKgekexHWYyHZ6T5ZwhFYVZO7GI07Fmj0cDe+pEopCIEgnXmFml3CHa0z5GSQWjlKGjgiYAJRHJRIHEPRSTPG/f9NoJpsSvjqgmrldpfRhiF0wNll05NYInmQPLc23lLjnSWRnOm+/Zp+si3QI4o9GQ+rFi2ghw+/Ytql7plhQysx92xTGXGQPSyEioOKl1+3l8//Xk8ruamayCEiTMFY1SmSIbZfq08WH65kccmRoxfMhysIbRfYMyRvcH0FAG3GN6HJQWND4WEXzHwo3W7tE0e9R0SE5HXU2Ww5i9jbixmheUGrbBbCLnKM6CmbAMLOEMc3WMUDclglGTGTXGwLJDYIWd7OjL1fVbk4jmtDycRZpj5E6A7q1pMEYUIyXNGNrKOe/nlu/PvWbZ4u9PD+2xfHjjwYSmRTMHzsuPagvHAAAAIABJREFUS4Hu7rw0+YuDL9Y12vrnbche6fHy4wd8ZT/exZJllg3Ii72XxX2v7g6+EgStyXaDhaV588Nf5W4z8E9TjzdXN3/80z9yiLlME4du55UByKz21GjeFUhtW2uspYBpZo7uJdp+PETmmhYE9owVEPf3945qDkth5XryCRvg3M9c/luaIgE805MsWCdGTrmNdWl3auenQr5wb121vNNLX75wsVk5MeAeFi6zQs7mBEPQEjZYi90y29ZGrah3u8qLx2/f3NFsf6PLIR60rC7Yf/fLL1jky0IQpeZ3sJMgdlsNsXnVv6Z5bJNt1TsHdyFR65FS5OeCvGZNqtBrU4g166ai7D7aaxbmAK3o1iOaBL3p4AB3U/KmzzatTTAIsWgboh0D1vNqhbYWfG07Vje1EEyUCIUoJxJSvM1RLpjqFgB4pbWKYvZsoU2fOrUz3CVVgCvUWMi1Hb0QivuuysrtNNHeUGMjgdcWOuGOtaGiOCbCDF6dmMqto9caMHm1zfqsey71UdMjJI+mwnZrBbUX0p1u169m63+mzBkYzSlrW04NVBnX6ZjX5Y3Kpm9q7rlqDV85nTMMEftX0kks9NaP5vG6SP1Q7kZlxIam7IAqjNwJjXyMsaKRJqZzHxbKEworGPvVxDthxzMfDDFl01lHNnj7BjhUr5X0dC4dQKwsEAEwipB3XCW3bBiIQhp0CbBwdfWtR6mOXNL3cPJdzI6FOmGMNNLKIquu4SGJW7OPxwr7Coh8OWmmjmxBe7QILpVDCaTeKkrllMAuxKFcgnuR0ZgQ5VRky4Vofk2VWPfXMBFA3BWsh4xPsnfNu4Wg9FmSfETsNJo5C+RRBCE2npQMo5jGjb4kan9mIsYb6mjPHWIQn4oyf1AdiI9ZWETA0h6PkUVNzgE/8r6QY4NmHqhbYWycnE/KJweKp6DBMJVHQtGMoG04TI8L6JOElSTBKvdbKzh6nOBjtzEsnNdGnTmcN2KT9MrD6egE2wgo+u0Tj/Em25EMFy14gCrrB5ObNAkzluEcVU6B78w9Y85xwE60TIQQ/S/KY1JYRcnJOvodD0IxURJotjnaBRuzPhOhAuPwocHpUT5/A7201xw7kAtqkgS63/EWyNNrWOk1+oepw859TjmzAov9qKxGdts5IlgUMfS/RHy8x/xJX7HvNSCBRBLaAGuh9czilLlO4+VlMPX4dUL+hgGxnv5oJIpFO8kylpGs/qq4rVZReD6gp3DzEJ5zsiDWRUsqPCJYKhcy4jUQvQKpNn1BUVU9a6RoMOXQg3ybsVNQL0Oqwv5ESH5SJdPs7gi7Aa1Yvbq9e8fFwZNwfRVGEW+saXog40E0Hni2Tn1XyZC2EUAwvl7WUzffo+0OnjBYQVOkpXaLtLudUqAdkPsFzj7EyRmbb5CnRKQ5DAInKjHVNWqWLjasMceYbzokOvFgMcCR2nCYpeu9tzko57FsU2XRTwhLmQv/RiN189KEyAJziR9/+BrFPWuQ7SVXOJmBa+pQR97joH8+fDFzK02UVZsdq78s1SoFbq2ZQ73LpIcG+mveJaWog/b95/uSHu9KicgDpR4fvjmVMvGs7JYRuoaFenP7siwkdKvPV3ctdrtpg2WkEUJh21XLIGVq3swmuzJJx8ieMUOYxo/tP5PLOljK58mF3drMXusruUZVLyyhLK/ZucjptgSwjBISU4jaTFrEsTCnPPMMmjdSCRmk1wk2D1cAdyt3ye6LyonnIc1Xbh4qmErLGPTh8+Pnj4+c575o1u/PGrxHYj702ujgXmdMb0wRo5ghwmAySKdFvVdQupwoanpJozrpVbN0xXsdiWAQL4TkvY8f/uKuYQwQWagdKCoW6Lk3BGZYcKJWe8W74cgfWfrDhB+STNgX7k7aULhQIXPJ8nI4CAXBghAkBhGvWeX2qdrMR3OBJsy91dr7Ep+7t4ddcL6WeIXlCo8K29cVDn4YazuOmLG5UuTqKcoiG32hQ8RLkfau5dTd2C1ZzNQ+ijlipDNVdFOm/3a9GCXwPUaLkWoYG/PXfsMSuW58PnuxIj4tmLejCMbRcjkly4SK60OIsflgLiBJk41xknb36ETSYTD7jyG2MxBxjzOYlM3gFE9h9o3a8s2OM9AKK8+lFwrROZSVOMjmG6yj1we40ojn6KB3NCQV/gqTMQu7TxRTDM9snoKX1Cx7zryJW0PK1Tt86gICVXWCQOeTeryl2ldagqYUxIOtpYUSj6bfwty4IiJPLp6Lzkf5hV8wlSeoyNsv1P5qLT5PucCxVh3VJDqwWeOYCmwtwSdRJyRBJwV5/DNo4YFK5gdW1FSq2RV2FZ26NHOWIc/EROdDxaveKEbHAo4nu98OqlksJVShs/LMQkdeGJfAnjhfOFWfsIPIVgdlWJyYx+e3BvVwU/nwi2PDeWZfFwFnx5aYqQNwmsQR2jnPCEF1ugpnu+KakMIk0lOgsM1c/fjuCHJhNoAYOvKpcRE7M5bmD368fdUsGkuBDjac8Q3RYXA+ODpiKv9Ko0V+qo2l04EOokwsW9Y0Eivc/V0owa8wxHHqMPKZg2CozpaFppKAx+aAdZKyYPbvSAhS3jBWwzkYSZzuF/zMM6Da59gnmhLyqjsyElzPwE5gYxv6OUzCEVT+xKrD1BGgqga8GI4Y/ITr/HzKvGkmQivt31jWJAD4yqKJOEr9HpZ+MnSS6iQmBQ/U7qZZHcdsdrCJU4tJqvkHkzrlNUlXmUv/o9EkYq1PtzjSWQef8NyV+erljb1FwOjWwNQqlSablEV0c11KdRG1dX+ItERoqDGyphppa4H+knpI5Ao3GaCgZSx7/PrtzS+//+Wvfk/5zFogpuhUmzC016rWNxoXIpQbanCpQnpmiOxsmNHIhfsEJWdDSZmZlcQ6xlYZxecLd9wcfY1TjfKv3Kixl+81SKNdjwiMSOkO9qk8rABYP7Ub8DLg6T14T6LTkEmKFes0ZJPzqM5G0Ubbnz1Prmk3yhK3+EngOtI4FXWpkDKabUmT2cvtkyt78BDB3KE5m5brVzXXoFxfz/TK3GyTecoceMazCr96cVwDpL7IwmvzoFnGxr4H67ndanH1yk47psLZDRwSSnsQu4z4/v3z5093d2+aL/QUxUdPt/F2u6vb6xtCeeyM6UkJqbs0ZHWeKcgcbudueLbh9LuH2pSaPjx4S8pnPUL3mvRcbY+VpicurSMLGq9L7j1+Ro4uLV9JDW0itJheticj7oFEbpK1eCpR6zbz5u1eEN5DdqyuccXzKy+P/uY+m57DZ4rp5qqF41/ff6YB556Ne94e000e7oHqoT/fP316uL27YiIP0OFI7GypNF94fYu8267vaeQOFeZnquj4MKU39e3dLSYmi/afP9+4vnnXg2/qE7uOoHuhbO7w4/s/88eUzSAKRQoLawhgOY5keyyNfbDLA4XOieBIuR6oKfgvSaS+DyjptyLpNZ8ZQwpUMMWZF0831yvaxYSAFb8Fjk0Fdk1sVC7VtNPUPgIXKkcM4MUxlAtwcSG8asIEruX1T/gJs3ZfJBni2vpmoMtZA9s1VerVkCGW0/sApaYGAwXMiAP3WbSrqgkwW4WFfeoWGxmZc52zwsI6PyPdaU0jnJrKWdaMZH2D3ipxItdv7cjPGfJaQKUszeoQkbDc0XeYKb+jsOangWjn6dMnq+i13IRXe03g8eTq+TXuuX9063phBamARJ1FHsuSfwV00NpTDoaa6EBYpp2iySCYSrIUA9J6Aa+HOJSTJ00x3m+EohVPLmKzcxwWKIG1LnmjGwkkyllfqSuRtI+/kS+CY1NHHVbswTHckXmyQ1OoYAoc05HH6WL/wnPGRQE73bheMRD/RGHElc/mc8qGq+Xo+ZfVwc2KnJUQYCfWmEzphpFI50AIs++xFcMchcYYUIQOYGKnaTGP3sgSJZ/6NLQl4YRJxj4KN9mCwrFC9TEdstIRP+YzuT3712UnVs7JI7PVUwAXMSiOehYJ1d8kmjKhdpNYIs5KKVoNVgOLdLUEucgbaAV9scsgIxv9fY6wB/uYoGgs+YtSCcxRl5n824JbqIcAiOSY4HGJL9TE6G8HyQZjpZnkfCqgaSyOPS8YnVQ87Uldv3dBGQPH7NYULMg6q4CdXDyV8abvcFSMiaKQY9ZBjTrjX1j2e4w+VVBEYYESkWwyWyZUB+qmBY5VHrpowpuSRUMH1Vyk2/nFQxUTZ5gFYzR8ZYaBoZQANZfwL6wiXzOrJoNWNV3Yx2AOv6L+Z67oirSgK9vRGhOt04G5VFxi3emRXFo2q4YbVoDHcw4qrBOaM5IqyrXGdbtZs0kAS0GNJBdFxEski/XCejvvDGxmtYjc1ahGtRlNYE4kH9nFUfkZ8lOwnEunbxwKYd8eZfLx88O//g/+cHV9m/AJ3j3FWQuvJkIWRuvzHVv0qrs8OZAZx7JP49+ZYICSCZv/gJ/VGtcntJnKukLWkAE0ujHDF/NeHgwsRXq0skgwqiW8r+2RiuyWThjhx9eeJphCTcvVbFGbUkk9JlbXuyPE4iw5WcVQfRnHBMRudF1sDAmVMoOGf//Ixhsl2WxI9zMMBlgC0aO+UW5oLYcj36dP9x42IqU1xnfLQoqW8dDLpKyJtEy+203kAcVJ79XtVXXShj1su+mxJhc58OuDhIkAkgcyIWQR0CygZxxmjOVkPMBZaXkc7ybWq+uZkfxp4dmCX354oo1pyO5neonE1dX79x/Y2IH5HWO2twQqZWQuWEhGMOXjKSrsKKhTAg9LjakpfbV5wexRjuhWCYp4mDY32OZYTFlQfrz/envnbZAvPno8Yd1VNze4ecSsoYXvRiHR8NoCt0lWU40v7t6+8Swez/l+/bzn+/zyh7d4ybQ+fX4oc3j+XJ7M/sZiz87GWtLbBUV2uDLFioJV/pJaC+pMKUnypJtHb/O7MqXNPCKKF/JgEfL8y8P9x/e/0tIpKuQDIjoamOun8ppo9v+0wuUGYkBJyYDGBqELwVLAHl/EVkWb4howw2wyr7lDj/UhQFO/fUARoR0MNWahxbgu5EBI39JHizfHL/e1/O2ayVR+pZpwA7i4bSGYybogjKFGUZOJsB4nqcAkYwO0GCNL4Vf6qCZ1C1/AdZWOUD+XlJvVy+mgRilAmNkh/YgcfHGxBLdM19hgz6UMBj2TiaKXZJ6RBCyUi7LZhtLUjnsWxVvjWP9Iukr69D0WI4AC6DoGNVTtv2r8BwNr5X1hpCmMdO6tbSYBbSEUnAVbQKNYFK1FTaS0rTjweT5xcnutszYPb4Y2KNR6ZwKTShuBwRybJ/hxw+gQKWI81rDB7pN20iOg9SZkEzn+5i+6cLzTYwOmWbpWzPBOpssK6eUYSQANHbXZASqI45x1BhieaNkHTXtzWPHCDJHUndGHM9rHyghGNHzcsBxaX4ayTJJB4pjUDZFZaP+GdEa0vhskxiESzD3E/IW62JtWUVAQ1f1HryEGpUj2qIBRz2VBAavN9elnjozstMlH/eMeYRj+BWfp4+WYSAuFhJj1osq/2CDd4HZcqzAVxnNtqKwSwbTwk3WyazuWnI7T/FY6kfkqaWTMyo2BqBab9WHMGuVcqGifCXEhdCGXcHkgQovEiQuw8mT1maaz0EIdqaylFr/xnG1HPDJTYDKluwPEF3zJMWIX42UQNesAMmQsnfZ1+cNqjHzF9XxhcE4PbVEafKYqknz6Ttzj3qAgzEaOHBL3acgVmxfaoJ/oZg2lQ4sSlPlwpGcwVUM7uGMYg5ivBk7sYT6ZIPiMNkqOjh2innBcSPb6n5FY8Wl1h9BKISlDCNDIk93clfZdiPjj6ZaABlJnn7b9Vz0yEYeeMXCrYaRH5vchGe+a5itgVpqsIJTmNxya8W66qb6EmxwYFzz4wiPnljNo+aV1OorwiYKxgaMz9ygQtX1k3r62xpgaTV1MnYsFygHq1SVAu8EBUi/4MkJLKR6//fhX//pfGdSTOh32jOd0WrMqAdavTdC1ejIai9PMEFfX0I6xdWipCivxGo/miyTOOjq1ZkyUNUjOsL7qxxrYJIJrWl5bZ85sMPWl0h2UiVFTypIsp+G5tdPjtRsgei4e8tnCJzO0vBtRyWUZc4ECDof6gnpgRfif6SLD+UVwJMiRWE12pvGEC0WZlc2NlyxjAqlFvYzD7N6kHC9r6zYCGsK7vQDF/GewunrNwiBZEEJhu3CRVqDmfmRpjdo6PbwjjEDye/MhLZnylQ2L1lg1q9Y5LTYjIS9qypOUb+5u5W1S/J4p+bBZPSngD7dl3Lfma5Ni713MYnZQfvtuCrDVdi/qvfKO4+vX958/iQmZHL5tCvRGvOdfzRrKPtlIqGDiNShZ+dlzr2N5//GTnNtMounH7l+5uf3x8MMqazYXXpqMqxqziDv1Bj3A1Lm5uXEb8XpNlOxZvPnpvXy9v6dIrLcV3B64+KI3uBQfJsU93YZ+VP7+7f6jVfhroYDtycZKpCTTbvO9kv9NKa7dxk3aLu1mQ1OJ7pL+eX//0UQoMZpTZOe1xsaJS2snO575hdQFqnibo7g1nWqSLC1MbJrKBcp5U8A79roSpLCWqCGuPZRfesakawYxtjBbG8jz64nqBcA1tvpoEnJceaCF/roOWNoGOesoIMj3uooqFBfDi6EaQwK0tk5ypMkLq1Knk08Y8x2niOOTQ6rUJzC12HMBAkrBwhxx7eRHV3g13Np1uTPzJfXp9JzlKDSL4nq3IMwsAMYiWiSmW62LSHTxV8cbMND4jaev2ovSqnwAN1KMQSg7dKZmOSW6WXw9pQIH6btTzIQVyBVGLLwhOIhoqQIrBhKR2PrPAa0yrBMietkYPZIc5ZxgV1HwNRabAHJN/l93Al0LZV7K8S9xK6l3xBezrBmHUU+uCK8ufQPwYcrOCpgTdE4U4Gj8riZxwRauJ/Vc5zejHEio2AmK459LYbKFyo2RCyCo6TbrR9qnTrpPz9LMODsOnOz1yVkCyQbNbFxxZFVUDN+xDm/rNGl0MvUSQjBxLOoKlegRMloxcp46T5/JybTkgdUM9kqiGEqc4jWrIVoEVkLCxA4JPe0a8Fhl0GxYCJOCaetZjzaLOYd4QPzNPI6fCFcFy0A0LnqMhreWBxIkH4rUJAsjqTLDfjpPvhXM4ou+ZL18RnFUFBxrEqXAGA2NZVJN22CdYuWvPiLK/vlNHVTGdT6aIrwdymnNI5ohJq4cJpUSp/PS+UwThfyh13DgLH1GN+FGvvPD6hgrEP+C85OLRzGLBQpIseDddjadJDMNfLUMflAHGXRSEeHCKqGwy4aiRmTF5MLeT2YCGkwVSOsHHKiJfMeTo2++7wps5Qc85dVEMApq0qioi0RF/gcg+LK2wz41rgXmORladNsetIHhNKLiKTKQ4jmyGbt/+9Q3dBYnRRfykGAtq6qyQ94AE1U/qZSBQS3gom+R88hckg/qxe31dXd6yuiMRqNcxYiZ8NkmEks7CkhgvPAih7IKlDZniFUvjoNCnQTcgBG/C0LTjqZ4Pj/ItJ7/zd/9XTw3DLDCCbD8ojR3rB3NogmgLQuEDEiXmfSom0IK67d4eo5LM9BqUpZ8+4j0HvZLRjcx4FaHqqV3nybzG8OOBGYQ9dWSrVrHls9I6HMEefnKa4JtLHt1bm4Iq5A3xNaDE3ITiqbB4jpj18C8PaStY4j0hycsZBijtnSse7mwnK3zBbgSbo5I3V4l0vRhPi6e1UdrzBuoJ0FJ88jbpMg1CpPzmydFM47czTQoInu/3A3a8i0kGOUEDiPJ8KwIe2ClHkvIexwMP35l15dm40w7NZ+Hgv2j5vxMqhGzbV7SGIkR43pk5rIEyRzLWJX+cu8WkJ/XklZ3SvSMxiILTJcY7Vy039XqcO/Nk8ZJbq2hs4dZQLlaL26z4vtY/p3PJQPfvPXkc5OFVxaIpbCwXc4wNEB7C59bHNfcPGmBhdlzZHtdsnlN1NxYbG8l4jAYRLYq+bLVAVk8SP/6Xbmv6U6Ti79c39QQktTKfvfNiO3P335Qm2xyRY4w00lG8eRCynNzRBavM9H9h7/IJxGHnpsaWIpMJXi5p6bdjkVHpsjhgbi5u05QXJo1pHIB1NLyFeXAaAAK87w5RaTk11W/5gteIEbJqI7BYFim+1r7bDfZ+nECao4UrImNGYLN7eHX9U2tx5N5XjQJ3QcxNHkc13VJqSX+1Yq0roXK5ppY45YCANxJMy9jASMAYQ3wLqvKpyFyISLzZMqRrdg2tZpeNW0qTL5jEtqEJSIwdALbRRIXe/y4lknIekGsViXUr4ThzAr/0t2lb9qdYST+xNBbFKUJ1D9Mc4MfBW0nKNQSqesuXu84VZUkmBJy7oQqKwWam9M2XKel8lzpqEa68qSEjBNYjllwiHo3ImdkxcnFCNFaJwXMldaGnkM/E2T5SGWQSRnVehC9ZkWJNqeD6RNDxTu+fPGXUGlI1GTqtgQ590WnDilCs9OwFzKbwEKWjdbzKCwgKJ9gESj2Yu//+syYpocC7g3iiFc5Es0LVx0MRG5WvDaSs/RhI92Vj+ZQVaBIozdSMUbpn4Jq7ChVLTtmEtKA9ivJy747zyHHacRHFYQKtftJlpkkVwSWSJHk2kOk5rB4OvRAzEA8eJSY0phk41mzgXVD2eGLWF6LJLXQDvA3JorGoItyEMd+ZMI+8YeVYg7TkQzRyffBK67Ctw8A9f4HBbjLDx8GclLznLUr8kkk1VHlr2aDQkmCgNVE1cHlaBi+1PadDAHGiW1YDJ/KO4hAV13iDRi74hxe1NXmnHqgQNceK/OBFMlAzteglXZWhAuRgNiogqGL/eGmMhWTNy4A+h+Bg5CUDiuLPN5rPZN4RQozQ5lIwTdhqz3gB2QkKlmAcL5DjCGSqO+p1K8/th6jC+qqOz4UA+rSp6CLCcHqGwlWI3EIcrIqmZUaZiCBOAwHMaBkRYrsE+TIUEjNZGnc7WgxqNNbcf1LdI30x2SDxregkpmux6xX0BlbPLu9vaPhlteaviPDjOW6DXSdspdPaCrJDDXTuiS83MIsp8BUAIDTdBuQFofwuiHXwNjiVitb7vC0HPjuD38wp5iq4fW2tGR1PE/jneB1L/iRurY4fxHKuFNQMZ6xb1XN1U+h5c5EIxlF5HldfGsOxrX+4+amaUtsDeqNckIXBd2jNawHaOt0BGA2rmHqnHzvRg3TbYwA3pi3kMjEa0ENBvxb/wm6u2XNsDIjAd3G23OrU5EuYniiNdUZjNlB3C9DUQatXh9FlWzMZrbW3d3elZr/kLG1yW+y/7i60a5KrIjQa6OJYn4lus3qNbvEaJK3lrlNkX778fGz1V5xYf5IjvMo03pu7fXu609ziqVlvb74U2F57Znb3x9Y2w3eRDG9enoTihHVLR3UuLm7kbOahGMHz9uWKEmnvLJOaihV4naWEgSGYfOdlnpNAdJJcikOCFZ68+LFzY2k2UD6/PaNu6fF0RKB7z8sH0uO7u8fvn764AGAN7feDf149+b248ePNqXIYgXztYdZW3ZMFs/i7sHYNjU2BdiDjYoBeZQlYfkui97d3H789BFjb3yR7JXQNb3pPSJet/3z9s6+Q5Hy3S1BDFVS9lpa4115X6/v5G0lx+YG37z1fO47KggHMfCqp+FIDjmAKvzQ0FL82lj54VeOzwEt4VXKl/5ElfCuGdkKaT69HY2MVOIICIZjbYglYcIQnl56bD6phJKgHBmZJtXkTRhRQ90hCL0rAuKabBb5X1QVwULKdgDkvzx/hKeH8ZDG+p9JRkJGk4eo8k85GeTAMgWmrpNMLyYsL0SoENVafFOvh0e2HyNGgjXl6gq5pNnOJqSbUNT5YSGXr8cYWJDFK8L6QGftBo57t+ywhMTs9FWgWaL+RNvprqUuRmrOmLi2rU3532Dx3NNbvZYnI6wlEKSKY3Ytv5bX2VyQqMcrEAHSroDpN5pVVeJ79gbUUZGGITcS1QFyg0CVBNGs945JjXhyVRNUdciStlOofOdEdfY5JVjl9MLAVy3BB1jyAdzAvcLJVAmyIYAec6QSsxo4DgtTJ/SGrRaw0oMYRshBAQovKqk4ajPfEEa/I/Y+QgGaWzJmdknZIcNfFE+1qdk8Qku6AUFa/TjzetYIclY7hkr15K+rZCXgYZ9EKkUyeh2u4iHLs7mVfw4dMTdUAMH0jWCyA4iwgsA7HJUB9XVO6+zLlY8PNgiHPCiyjvNkiuo6Gb+rPaVzlRJnGWQDViIcsUk8WDiX+gB9pnBHBXZJoyXmkLID7v07nwN9oVNxzIMrK+hgBqpUZfNiLAhnFYf5ZJunGTOr5bAjQCzE7TgNS6+2UapQUAO8GDKUx6+xbMAQYhabeYF1s2Bccyy8HeV6VWN6eJwWk6dHaQQOVnQXyvPaCIwXSesEAR2aOoKlAXTo+qYKpBIuxAgSwc+xU1Dde3mKp+lA1WeEIY3NWsPAVOBVO8pjF8x0OzTOUd9rVRQaQ785//KBdcQaM2flXCnBHg0cVcYg8n1yGUMrbvQON2Ur1VUBN8KLkELxUl4czooRgVLxadFFElNktomQXPAwisU4cqhI1YYqnhChQyBV0Tipwo+oz4sfb3oyyBET/eoZyNyJ4aHZInWewebZcvVgj1Fu05hFg/p5oUEj4xX6oeKRAD5ZRNJJPgOm9314z++/+tf/8d27X2g9qxDhctCprKpOlkNnwcy+T/onm6+jR5ZEe9YzMDr2jXODAfuul002RiBfHQyaZV294kIj7vF3NOuBeWYpyHDmDNQ4SgEb9XArwaUUS7odhzVktQ3DSZNyF28ZtKG0WWpbuxCrMwqmRND8mXFdPsjzXRDPeYZ5kwSUyXH5pSH5qKir82K6b9KxR3eZPH99dS3d0SEeRRpa224YbqO1E2HW+1ReMp1zT/PLRj01prTbCC13wpR3hIT0KJ7otlXPpsZeqWwWjqqakNayYYuu3kFink8udP0FjowPreLPAAAgAElEQVTftsjud05aqSgk83C0tuIs1+Eugdfrkl+9ME9prphXcXxM6h8ev8j+9/SdXze9R0D3qXj6oFSoe6ItFrdOro3xlPmi7sfwhpge8fOzR+uQ2LSh9LL0VJ5eGHw/s3pLlK5vyQmPN5U/fn74YRfjy2eepv3dRklE2/gIhA26V8vo49F/ZkT9dQ8LKeWv0uAe9SInNHfYK09YlBGQJbMwlmXJRVhDELBqpwXTDxsVmeLrl0+//ukfWaooKlb911FqbGymBdSJCch6BhQn9ekhEk6cNe9Y3NcPZGUB1No3JhI/lpNyMwJ2Qk8uXM8Yuc3k1gTW+ApVRXt6SI3R3GFPhXe14L2KQcjgn7+iuuXnro58jL8gpGg9OQhx8vuwuesdD1+sffIWRB8RJ9JFy3rsIi7c2mGEwMxKnozdkD0TeJx7T8pkCiYaCHuVDEcVssJaRddUp/Ea37oli6x5HafDNS3uru9cSyBbK589hf/dm7e3t+8EWG18NqwPTGwWTCxMs3M9qFO8SFN5Dbi+fSenJBGV1UU2fE26Aa/vT1VUj+D9DiSlHEJh3Qvl5J6IUYsHvrNYHfWRPAV0VJm2rSb48hTATMd2wOnPDXr0OqhFzkRft1/V2OZR3I4+jgm9GJuYvrLLyFeAR1bIT+csIrrBLmYI2KWSGtcmI+6AGghE3r9M5I/VnMBrkK6iczSP0cZmCMSjxomXgIUOdRooRi0yxClI+s8vgVSS/IUCkdgmCbLNomHsnKpVQ410IUb2S4SRTvh5O3/H9jAIFJs2aTYezC0A56m0itzoH7GSFj6sYLp6qmuEqLWsaNJWp/DoXr9SND3RydSzx6HEGhkMvP8+s2zImeIAdhdz1Wc0qPwJuuPOCoQxVRAvZLLGajpN3ORNLqWnxsnSqMakPllrAaYakr+RPJXCsbcqHcajqFwMT67OO3wqD2W2zzJGbi47BPViHYV3VKuhUzMbjQYVc+vpFkY8jaJHyENS6ZNPYY5n+pDWcVQKryWO5zTTEOx80inYAFd4Lt5UKk44R0VfPEfuHFfQvwyy/1EYlcNTTWKN6lPxYVELeuIHBnY+m0QjNHmSzVgDU+g244SWeE+ExWzgMThSSLxqr071CMMkC0PqKRfIuqOajREgU6QGtjW1jUth+p/cyIZxIBzU5ccyFVUefSOQbLN0IAKLdEi4Onj1/O3tO4I0fzCqXFc30rgVRsTWGluC7BHTuuLSMl0KGDU6TwfBpa5PCKYMC+f4Szg8ONkmtZ//8X/yH13fXhuyqppl9IhhGKeLr3RKkmyFg4GQCHoDms/izQoA7N6RIrImh2vD6kzkNMIkQdTR6QqTQwc8Oxv3ds+HHYHtODSneMaVUOgbdRT1UW60YNP1bQYeFBqkN0fPc3pVA6pnCZv62CxjiC0LZQToDerll6RqaC8GGunAZPr0dRSC+d218Izkr87r6uaNSSZQBlfLxLIEs15lISq/epFu+Xo45SndGE5GuHqBNntuS+Klny2HrEfjM1a0jc3SLibcIo1jwDzU8mMBaNUyu3ejtFk+3teXt+vOfRv3jrseaMOiRdjym+/PenXyde/K645gi9Teai3f+m5O8VWvc87Y3frAeV8eHzEncelDs6eCVR/EwxzYPRwK4fLu9c3Nw/3DxggJm7smzHo2F0VU8rvd5PbGfTnNYJZyCw3PyqmnETtMVDqKOIfR4OrGEq3ofXHz8o2YsgVTkEgS+csMYsvJxbbnRF4zIOvdvrl12YCa4JQ8Iy4vp8SbX97y1hfPQmy486xpE5Y3v3/37u76Nl+KRAHZM8CfeXuLmdjidjFZxDJrYcldE7Xg4vfiOdRaT623YNiYwDyMvCk9M7Nu9zkTCoCEzInvpg8dN41WTs5I3nNjgZjeQRQGGmC/bBo1rJuh//n94fsjZoj/kGcKB9jdulQklRTW7EjCR6ypcdaTS3ZJhwQXCDG4tQiIxbLvWlwGX1fhyopL87LGJ08txvUvWz5ORbYsKyQms3euNjtcGgViRfKL7x5Y3vVabFq9wIW9yh7bGqH16aO6OkKlXvbZs9u7t69++d3o1SxmTsznGnz9JglmuLVwTKRMla4UvuQE41Ink7awa66HdYZ1pMdL0mxVyoI7rcd0HhVqdWL1rSpJDi36mPpMJmIw2oU4qNqswGOEI0zBOdsyVFI1iaOaknkczzOQ9MPddWVqi4PxpYDzlJpJO8tFR+CMTGrqGnASKjMEvi8XPKTGVE8gJPSHa5AF5xrsoNLSf4Dw/JBI5C+NrtusnJHzh+MFUrbteFySfdY7FkhSJhtaYgSVydMlL5D9kKPpMc+8mPNYOP6ZfmJgpgyKrxR2Mi9HbZDUHv1y8Sw2XIRigHc9nqNIziBzfhaeLtWoW00EL3I6H3hqHX2ZNnwwkytAiHEuTvJgDBYOfaubLjRGVL/lXwhmGnxIPDFTcMUVQqvx4BDoqVe8S/aYRiY1YIxXAk6ASTglFspw1awOxYHw+/iOahrg5avIHck51lgGGI+q9he3uXzIUFYZraFHBE6VozZPreAY46JaiRuIwcVN1OQo577La1EN4DChWnWib+e8FzFFjLOiGWcYUag8PVZFvjrKlSeZSp/4rImfolE7LA/WIbOWOTGO2AVVImXr440EKchzT7FYp32xyPQ/Lqsh07GxT2WixWsNZZoeXNWKUTsXaBgRu1a6fxlS7xBBQ1piO5il1q+iWdmkgyC867xSYywvak7vNRnSTe549Fk0ECbbYNGnKRzPlasnio5pJzMUpqnUOJ8giaMHj1ZZSWIlZNMeBpL2KDZp1JBb9+iD7I4o2vQAAC9A+yoD+Nt/+Xdtlm/GKtdEnpUSpssLp9k7ApPFRIsinYY0uUShMb+rQD5thAihn34ZtPVNIpICAVar993LdhEtDdii2Ib61CB8YoVq88Xe2FsieMbAr2UunozXczGMyj27MUnRbcwzB7P1sCg4rCMtB0rUNk5lwZZl02syi4v6x+TNe7rjLqWPnPKA9eO6N6lA/2Q3bspwHwq3WJtnU5kWfCJTosk8AYFdXWNTL+Wo9LGka5IU6a0/cs/Z5oWzfMiEodfTmQVsitQcQREmP8jpEGpxEDboekXvs+c3b9+96cV3nPLdtBwHNn7ZUZip5+Ep/vLmpv2LSF3d3n389UNG7t7WUiM5mdSE/OxmxjHbOG9yqHtvGPL1s/JLiSlfuq1YDmjpmV78tklTzcADq197K6Cth0KOXnizRjAXY9YcjWyvXv805QlY2vrNqvPdNVXMFxNcPsfjRfit18d9eni4F5Kc4lk/JmeLNWPitx+v37pvxqr6l6ubFsrJaoYVcYvk7Y+UtkimOCw3P3/79lYOSqOcKP2q6f389P4vD58/1Wq1N82gll+GPl8XGvu3HgCa+FwbpUhRCi67lpTb8UHB7uXBrHuJ2sNq6rveTdujGPcveBjRtUd5ZFGFjIKuW2TnbsHmhF2Z9KJJtBU7dXeRpA8lG0xlWmx54xnpNTbBVcjn37Sp+fidPHaREnHdaPfPqdIZl3zsUyKpyH5UJGGw3hnITu/tOZokz+ZpXfMWasVb323w6J9rmwvHtVqJaXZpNtXyimjFr1YPNfBXDcxaWb3Hs+ub27fvfn8aWHI0oMS/7qDukdgZv/E4sf2qUIYDO+YqMgnm2qlC/zMXaU9Pn7/Xx7LtOho6r/dBnF/KSdj2pcdX1aQikJZqYht74oDHS6CdjpgEXaCrasQih/I6LioJAIZIqtr1BdkFvIwdsYVUxFUEVsqblsqpuB754hI9TJfumcM3jHB2RTITMGv9YX0ASmD0gwUMuvLDL0zdPH27xjUIFWrPU2675EAPevrUjxXVbD0j4xU7RXVlWX3GWDeMCzbQfJIq3NXnkaI51PQeYF13ZhTDvlk4dinhH7PGZRy7OS/DAAnPR3BdcFZSD3lEQoYN8Y8F4GyzD3WOMtTIsAUnioEUrr2F64SCEpbJ/3HN8H2ilhFIcEQYu4s4AwY48SAlK7RsOK1DQQDf1KrDjkbhjnXUVfhHagD/xKEaHC+aRH1DZ3YZTrUTppF1OWT4B2uKk9Hv+nzcR20MjnEof1zFu4lc4+6TazNbFt15TAKpYPasfJWrV4P2WIW1z4mAxX3WPX5Nv+EnZMa5SO9HCTkPvxlglDfyDS5FQ/IT8NQkcP5LKD+JnM2zVqeJEetD88wsXap1KRM3cpPHgX8H0jdGpzido3UEHf+6ONhjEigJlOR6kCCCVRJS5R1LpJKmiDiED/sJHk+I4PygFnlyd9W4JaoiNRqH6dFbUdy043RkuVpbOOsXq1NktVjfUksTwSkxk6UZ4RIgdWOJ+iGrH357d+thHhKFYjixmrUs01kvUrdf7tKDzYw5RoJzmy3EKV1nZ15omPodZDM0NbVhFPy1uPf1qxXDv/3bf/n2d79ra5QeQewS0tXwgezmg7p/rDMbZdIzL+uqjsfXulYsYimMVz3sGGWEuIaIBr57wI0I1NnKwZ71dOAeXCd/UQQqWak8rt96yXB7rchusCaWnqKRK5si2rCGj26y/KRFyXZ4zcr1SIooqb82yrIvWLsVG7zPtX4SOpaNxS4/5iyQsUhDBRtw1/F09Or65vPH902DtUfQ4mAtfQ9ulHx6XokO26NYuIghmdnB969eBFLCJyEzr7m7KJr0KiaNcibegNno32L6Hmtic//HT/fyHO8+fPvG9OEzO/Fo4BEqutiHBy8dQfrZ50+fJHnvfnnHB8wha7SV0zWB5Wfvpvv8/tPn758px5bM60bpX9+/Z+Hm4ShHsSLd0xRt/WyGwon0MY1MOvYcnBc2ArpB5EYE9mLl77YM3t7cepOHeCovzBiZtenPV2+ur17L8MyDCgkbEM2wUo0XLcff4e1B2c9e3HeF0FMDRWBhwyJGu/UIfHr37s6eS1Yx5YeIGU5xexbPbTvw1Btr+3JKF12euXjjDSo3r+2vfP6FtNdeP0P4ryywqwuByjI3N6/EoRh2h0qDrBgWfsVwEUJj8VUsZQyFGVWDrV/SdYubdiwATyCa9pHDc4I6Llk2TAlr3EKLJRdCnqxEakJAEEkNZx4Z1JForWXVGE2BG/Wbe27A691sWZ/9PQKpsK7VIFrAFJDOGohqcSIGHZOMtFlfVriW8tYjERgEgtNPLG0ZfQuUtEguNGqUM0ZXm02fz/WjnEHoMb++EtUugmkJhwDy4T7glDhXIm3SNICxeVcfXQ6QvPwCIXKLlj/81T+TpSKZtHUCdKhzq936yhxpoGoBqCz7BZe4vrTICgOu++u/UFeAIDsqWC9wEIFOhTXZKLZ0qN+AV34/eusxaMBQF5uk0XqViJzuFJdNudYPFKtZSeN11nFM6wuTjQdxE64rhD4tkw00S9TfJmcAyTO70Ur7D9K/SOaUcBUikGvDtYjQxbe6NpJIBa/FzOO3q6/Sw68/rr70OqQvL7SAr93BFm28Spr5mgY+Qi41sSGErwlQhOBQfF4gMu/UCG7K1g3iDMTPLFdoOLkYcRGLmqaBhl94GJzn+Ta5zU19A1e8o65WSDJ7LZKHneaX8Mjj9c9Z1ZHTDOKgo+xNXuA1pB2gylap/MQgj3TRPpRj2QQ+DpudRz2PDCXx8M+xZE3TRXiKxizFs8AEODOIiQjlQPglKMiVLE7DXOX/l6k/W69jSdZ0PXYgAZCc2a5auxpJtbd0/3ekMx1sPZJqZc5J9CCp9/t9MKsGgIEID3frzdy8iQiNksqv84pDQjmX1ges7wQ1Of6qHLwjkqxolltbDdNKP8d5wg4iAtkaEpJKZ1U5FAWp8wS44o6d5c/I7sKFnIWXIvEajOo9lvS0AzczVZ3gKpq+dxK8C0eJq5bYaawcbH/+93GcPKL+8qnyIVOB45lcRyPV97gJfDSiLKXtZzVqemmeTR2nif4QhOaQlfWDVNkv3g7TcQLQpXYNLgqMz39pSXmZ0kjY1whQlyVz1nxz3pUIZtSh0bUIzyEtyIDnanJLg5VtxClwrMZp32WYIikOwHY8Fh0rDW20dFwmms4rfvPm6+1n+YusKleAQgzuAbkd933+po5IieTSL46jVQd1P8C2LKJyQj4EbFCMOHmmmwCEov/+f/x3m+rcMzGRVi2kwiuyjWZLlLdPvzQ0UnEQCSDaxCcJdbCeVvGFNQwb4rXuDETgojioPv4lJxfwpFDNFEjVu5UjxrLjXpKxwp5o6B22VcxifMs/SriDTIFpQI+uU2ygL+fV87bKuZ5a6qDahS4OiVK9r/lFe7ACGyu6e1225tuSCGkzVSFfap6VJOvo+vzlzz9eXj7efo55Ht9qjjV7c71qVQEqjQ3tnGQDiCUeCHS49gAUaYTANgN4Jo1Ht+jDUrauRCL+843bMr5f/bB7EP03vbyk25C7tjwSj9JQXbseBht1yvoOJtNrhJvye/6+pMr2PF26fH9vZ3FLh1ObGsVLyPmv+05bgn/78840YK9Invu4/cVc8q27wq1+egSjG1E8tpAS3By97Pvq6o8/vllb1w/ZgMlWe7bO95/XicbDqGWaPbVxumuJH6fKJHCM6tFbTMjpxeSrpfIP3aHSO6N7hCQM5uXEIFSZTDXhSv6lHCq4h0e2tG6+7akfPMTR26w3/+dxPE+vV++6MaWVaYl/A48UzT1NOCOj/RKvP+7++Ec9aHGRqDNwRjhlsjGJjVwehvYq0GGzdfw1nyswKEjOQdM208FgaRtb6f3gJNoUMgFUMXWneA0LwxtmAOtl4za8eirR924fbkXiV9TBWs/K7tPz0s3fsmMkMTfP8rRpdWliZtwsabNSjdosThtv4LF9jZSVCwhMnrD404sfwcj0BAu/cz6T/XthWNtD4gFJEYjlGWzeszaYnHniff1DhKr3JmcjuskifSTXmlif4CgV5y+bogciOXRmXHF7w00kuhM2cdTL94E/wlA5QjMf0mraLMgURP5qVXWyLV4eUlVUBn56nleeWMmlJomu1g/XHvFHFhlT6OK6y5gd+v4rUEgLTC6TWcmsxJ6FkTTaTJ0eAGNQNRwUFVlpZA/Zul4XhNXNvGJXoyiZU2QkSF+cqTyEhvcCNToIsE5nGqoBofUj/jSD6EtVo3/PCmDnL2bjjYWehILn4sFTW7htYi5N/MW2rAF+WPoEeq6vwGFk0MHwJsRkHJHK8F/nttpJGAAgIqhGDC1VrP6k2JUaEqdLVQRtmgXFTzxrVYwNo2uphl7qEp2e9WLNNotb3q7RZVoSsmnroJjGGk8BNOUXuMHKfcdR4Fa1oqkxqH4Sg6MAj4QqRcwI8R+9S0lDHAegMZvTKGbBsxak9tpVo8IY6KhPlgfIcMR8VQ81sX0KwlYt4HZ97A/GCHCtwYRLqbCKLHZ+U4PgsY1BKkE4Zbm8yhKSg3I5eTGIZl3qwIWjbopIM6fi3GNp0Lx582WoWmYesjrJQ1qekUDCv38TpLqBGmGOHE8n/oOnrpgwkaAjIyMaXUU0yyV6KFJ1cF3HmHlAOCwDGQQlgz4kjtKz5r7QUK0uZKph811Zmj6w1jagR+UjNSZqlSeMDt+n4dp0KZi+EV6dOGqPTsaDpAVOVQKWZdS82gssB2It8ilnvo6wpsslsENas9MUhKOEQEECL0ICXIWE51NkCcWFO//2Gc9zbjr+09evIn6rgRm9JsEoFE8cTbT1TA1cKC/QNDCUCnQ8zdRrhMpqUPOfyufHOj9t/EkN3SZqxuk//7f/ZjeWBTShqKW505AKuff6paTGZoFbJE5nJNlPPHWXhKra5VpNH+oiYidAol7MKyuXyebeNuZl2+6i9eRkhJVyb803E2hRSYdJNnBY+wQzHpKYeVIcHn0CXOXJLXUKHgAhBECFBIFvrWjCP4nzWbf16BCBN8mjYIHKKjwyldQEB1pnS8kyUFkO3P7D+ObT56/f/sf/u711H9qGqFrNLNTWoqQXp+CXikTbh/IcGwDrM8B79+TB15AivDcdy9VSv4TJP/mNeTjCEfNJx/3HkNpGuGofzB5c37pZmGDlK54pvSfLNGGnadOEV16EJqaYYmzlt6VHiZgdjYHz5hXJVVv36jGnKPaREUWVGS0r3E07mqumyqsf3ub4o0VkFaCTPUn9HJkjTJ4s6/vPh1evrSOaHgYDVjeIlBtlhBIdHJlEpJ0m9nppeKk8ednsKgdNjNfmQ169668H7zz2cOxS4ivLxe/ZJKMAEXHfJby9/1lKsvBHtu4dzxtKc71RJhVMZc2pmbW6uVkmY/OhZ9zk/HIyD+JpDxFqTtjPpmd865XSe3GjcVcqppwZuimPbLhJPkyTlDrp2ElrwsThcmm4BJHSs0P298Esfm/KBqV18NmO/+6xkdIhgTQ/eL4NLuynpLzRwdo93jwzkEBHdf1pqpFe06wUQoPQSQjKJuvPusfGH8rKa9UFa1tP2L9Qgc4i4iw5T8/fkNqgUQPkNvIpMVaJiXKfmMzcFbvuf5aYJOYFWtVBUe5W8AlQX99FOtoThgACirzRednxInfend0BBFyoqOdB8pwtcS34Fai6rFNLP5JhYiMDhqoYa/WIPpqiO9rmmOFLslSWUlTh7TSUCzr/9cn3Yw7tTdSATeTModvD4wc9gBL+2ysF2UiNTcnjLDGPsiZFonGfaKlOYlKhBYejxspCO+/PSWN5JqAmSL75CEcMCwUu2YowlUDrv1l84wcabINN04w+/MH4wvBJEigM7Pa1p9enHNPn3TPKrCkA8frG6nMiGrNiGtVEYVIBvg0GMKRldHnM7BEogpNMJLpM7ppQo+R32Vyz6XqNAEVmqR46p0wSF3CSVRMNoB7RA+SYdFxnbYmk4AxAukjtOll61LLb8k/lGnQti3b4C9GIVRJqVIY8RAEnTyTuPMHFQXqMhUUbLabssGmzswv7+sKYmMkG3BmGVicQla9CAggMxAXoJLDaO5pAomultRllQ1H7GiB4aV9XMoX+r2LA/CWTvjIHDLgYe1n1KgI6djvRjL5ql5S0WfeaWzphbCrOeNl1/dSAr6ym9BlafwOwwxwc+irWhUQMCtRJbyNNWea/E7RXtWmmfUI4YpP67J9dN4INGQIbMAYkYApSPaz5iU8Fv8TsUvZyAkOtx9ecNPIjsMvqd+DnQNghyK6DG2eAHm2oseMaaLKLrq1hYLLZziAKeOGmphd2akwS6VN4TbqjVmVJA0n1mVHEUbrq3A8CAhTBgAYxuvwPcOdVSoXVKPakZb9zQjXguWT6E0dQp/EJwWEM9rfyXZIbvXvz2+c28oeKrcUrgrCXGwXe+cJcvKYWPUNR/CgtgNVhMSOSJBxSok5iS8D4QOW3x8e//v2vX3772jrglUEzc4megQynjQ7UN685YU5EyCJPFcb6SyTFnyMGppaNEAakiNRjRC8JQDi5YMFVYmp/HbvqCSASi241JbP69aZCXdKkNup152+TUk78ASORkPugFg4RSiBL3TNz+ZsDp43mzfrIJiRMOmDj7JYh9OuNCnSATCFY9X6YDFKCP9Y9faTBZBG77EVKQob4kILE5G771NGaIuIT2CQ+m+0kWwhr/o9QIjGhhsdZ/YQU59UmsN2U8+77oyVgCc1lQkhnQHgB0pNdXfWQaj1Uk0aeTe0G4SZ6//T1+s4EpKfs9NjB93d/PHa7xlM2o8iDEZtbvJITkASyrshKLo5Hu5c87NoT9tyHLEtAF9mRGXGbh+vBNHKZG+vFUmrM9orktgD8+HF7e6M7ujHH+fycCU6Pks4rOx3rwl6tneu+vN9EQ8/n8VJpreRDxEuVray/f/vw+iJ1pJSbq+tv3r+ChQ9XHvR9/3D/vIfzxXMNftzcfBIzv/3+zXSJdy/TTDOPVwilosROphaa5Z+9uXG38ny8ulbiAlk1PcaSTDOblny4E0T7qR2jaDCQ0Yis2CtLylZoCsEuZSGCbBGUkXh6ZU8k16DAqyhX8NuBRX8A0o66HlyelqUSgKxCM212c0KeLn2boGMiNlbCQms9hzKKMgsY2p2w12qBCZGkHGjqQ6gSSifn998Ne5pu9GXaFZuEQXEUgg+ASjphy2ox5AuCDUWi9hI4YDSTjW1Xk0vsVpHPbX7ifTehFByK+cmwOOaPO/uuZzYyDUNoMqBZNqyI0u4iLaMGLE9b+FOvH+LHTH6iLFWvuP+QTOTTbApahAHsMg2Y13QbeM2grrqfMxwsFpF87GgVjkiGxCcSQ79G+uLakUMijYj4Dhmm2FvtnfIYrGQRueooSphrcL4Tm6KAx4mLXde276L/LsUvguJL6aG8jHYCKM9lJ9L97C/jA6QRKqlua6N5Z3r4qct/tZLQo14ZAC/2DAVK4VDGVWoPbF8U2k7fjAjxhzbcTTglzxNJjI6mNDqDR3jh2j+iQ0r8ZHLC8lKw5kljrC/oLoKL8WQAnGRgR5mcKmyI9SeQmtQ9FDcNY8pio6dOLHj7dJbejk86JPGgZZRa/jKppIoRLcuetewShqaNvngqdo6WltJlOWLY8fFREqZgLsSjuWU1SXMaHikTCPzUlygS1OnI0SiKjegRkP0goE+cO9pJZKhWTR9nyAHpcg5JFzImrU6dNXa+dgMSDcmu/9XPRC6H4Qht1WsRwMoc46AjlX8lWA5cB6cI4FJsR1CFnQYgxNl4dclmNRLqqaLWgKgwYoY1IIqrpXCulU4vhbwlqFET1EqhpLj4q835dNHlWdeh4XLhcJXetfglgloF84J6TZ1UJVyriZiojJfErXYFRxnZ4tpe0K+WCjPr6kTZSBqZ8c9ZNVrKoamgo6yihkLgNmXd9FUpYwgzbv/A2HkjK6FIOfOa+yUhzc8kUsLzW/1LAB4XWp/OZ7LQeGIOXQp0mvEXOCJQ204spnlcXPu0TKMTpySoISGCNCt8Cy8mXWxfwwsaE4qhYXc2FExpa4NUZsOF6wp53aRhbSjKdSWGppaY/4//+n+Vanz+7QNp0IEAACAASURBVDfrgqpN6hExJTQZJh6p7QIQ8BvostuC2+hAfAmc2uxh1catPCzl4A916qju+lq0oae8zYyle2x79goCxSPBpnEdDAgkLxOkIQXEd7poYsyBTrhUsgSnXqEZHVcTqTjRQ9qQt76OVPDeNj6VexAHuUhQgAZJvd4pnCS6WeTdj6ueMzjzGChiF9RyA1RHBxyeIP2R/GVFt1+/2H/mIpUxHPq3xpqg6tRLUewFYCGEVwWpaho0R1iq4a1x3mKC8c0BvLeLCABynm6jlQTcJK3jL4VqKu6N3YE4vpF4atgLUSxBmon6/vRI3fC5JcUjuNvs+Pr8DCwJWjsuzfJynQdAlkxsbufh8RuAUjtybwHL/PSWrTFoORj9XsFC6HiQ5tlACKNHHMoOpVqyFmb45z9/7vmKcLfM+kZa5pmI20T/cnV95X3D3npHCcjCybWb00v3f5gOvP38mYg0vH+8b/filZ2Fj62SMSZJOtgmSGS9n6RHXg4uj/1w++XL9z/+yVo0vL29tRPx+ss1o2W8apbwU3FayJnk2WatFvRnRW9+esXeJXff7UpJ1l/WgvCmkFNv3WM+RcezwUhxIYuvt84CG1Ss2+b3lu6xNs3rqxrYLDkDAfAmRSz3B2qOnc2nWMVw+xHx3eB89fhyX/LHkl/bc8mwWyD+4EYYb+vGTk6ug7FfNvtfKtAqY8/6iaiyGNkhBeyeNXcbkUPT/zgy6cbnLiFoTF18M8a1ApzvO0R8csveLPzgthGTeFgnLyOXfWESsjIWj2QNFMxKtPKJkrftDwYRPh4OYpFlPWDr/nPtZNofGcxZCBzKokFLhopmyfAXcCG7pGdAFwqKGGgsIix4KWk+a5cKKS3RlkM2cs7RcorJu+mMBD5NJLEJH2cVTz6EOvbHVCPtpv2aKfWv32FEzZGQCmMT5gyiHg7P6hf5IlYhBjWSgiTApFHbrtZjaJOySB7MgRhTr9kZDsgSjxkCwqtM6stUiDNP0j+JdDOEN89ve1xoHUGdQFI9mAwiN5qbetEWU3GTZAgKIvSmhTMyj9aJLgjh584wL2KlIC17E3DrDuvN0reK1Omga+Gl90SKBTE1+QGezDb41FD9VIDXFDQ4yChZJLP2SQSjUIlQ2kd0KAbIV2qrB6PYqilJnBNV1fqJShdU0yyWxvH0Uxt9Z3jDo7aq6ieX/YcgF15KoFncRUecBDdcIJ+HP/WfHEE4jbtEVVXwP+tQ3fGaVlUFpPutMIlFf/+P56XkBgfpbmAmzCScQTTKGK7j7TVaRTxURZMA1bDDaENEDJ6y8RIRO63CqV6Rzii60nwgE3jtDh1jIbNZg3FEPNRFWSELXYz2N1wZQ41HwRnuZHkqshvs+QQ9eP5Oy/TE0bVKZz4Hws7+BSxn3sWAXGpNqMlpAE/Dtb8wfoha5QGL3DFegzxTy+qc2ICwnV+AXYBOQwdHpNdgbWg5daeaFWUo+zjlAYlV4C2iBZ4Eqj5VL0bM5jTPrbAh9hNHNdIni0wLjKWJDRR3DmZfVTh0OE0BMeT3x+2na51zpucjlonBagOKChGIKxTnFlRGuV5qqxtGO+WRwNBshA+fM5TFwFwoFzOzA/j7D//uBSrv7a77LQL6RFIEO4BTWYT2lwMnll/moUdfv5uhk4yK+RdE9VN40PYIVcNSTLphl4vvdcLwR1JE6SUg4M64tKqy6UOYgFJUNcXNxzUP1V06WZfpwwubFtiEtjoxNCYiDUr1UNEMVuI8NDfLgh9cJNKEUXeCqvrbvnviB1xd96H0ZLDGChcGjOZNWCVEgbTVPZyUAhvi9wITE2g4RaHGl8y10Phd5kLr4AZNW/dXoqWuwiMVe8yWfKm5um7v/aSS5KkUzTMXGV4zvmonWlKGm3n0SJRt3YO3RMGiYXN4TdppaKJTJSnseYWxRxT6UcGarJ2FS0TMYHlDiWdnJtSUi34UnvtdWiduyNNk65t31ruvTGV4boziK7NWdUPgu2WYVKSKBC0hcGvl1auEJvGi4frmRl4rpdaFvG5d59FDEH+aBN2yLDXJYm27L7Y3OSTNpWBsyhN7pI+ZLCmgtOe7N5JLUT7cPzwa0HiDM2qJmT1gXCtzh8zmUdKZEm3FE9DqTOnh93/8f+XNVJKjIAs36ZvU88QC1TKX0nPlmatkvQ2UTByH+KqvR1a3e6drujOnmF0ZJqWKmvFDl3N6lVus7CejZUoZWjdgkTm9IYLsiLQ18UJ6vFCANT/HmRu8TPaHZB3v6mSUEcpLBoybl4HU2zIzvDZ3WHjYXVxyVdoBADgUUWCmUlrhuVFbNB9Z4BpjGExe50hJoV2zOb2OyYpBfGared93y6/as4ZDrLZsDPLqEJx9DttGeQIiMWfhLjMvShIpoYjxOlfgSHcyw08hAJ1lfrgZ360JLHFEVeRPhkPEzVJRzgQqdyC39Mlgyk4DoEUCdOpadJCdttjQVSVVe2Jn4QiaTItRuDx93DR+zCTpqY+S4xQQQXw4i+c016l7thJxSEcjUBN+J/SPNrxBEaPE0CiRQJKlZHj0oYmprEdlRuM5VhxFNwU7KRBlh1lDqXovTHK7e7zF1IjRRD7O302nP4o9ptZbgRn7tUtdh2kaC3c4Cl71du1rbyQLV2IskOcxyT9BUFkvQ0qOpeK1jaTUiRWSjWBXnbqUDmIktphNF8bp2auBoCievAiL8DSIFODrtxvwVSGLRkeIQi2BDAFO1GxrRTTEuMtpUJOMDAGJKforHVjAVM92A1zWUeh6a8M3SOpopl40VX1EsC3VIa/mRiAF6OC43G+HRPrrYChXI2SwVAEiJBDfKNS64shFS7QPTNXrqA7w/mGFOU1bXfJ7sgiHCR5lERtzrgSlv4FWmPlXCISW/qu6CqtXLXQlU3RMOl2+EBphqw1aoIsL6h8A53vNYizNBzj6kmHEDGHH7GuUVTLyo3zAFBCpjhphwxUQB360OBAHNf0mqi6PhI6r16fv/+Wa0+AmWoeDVi0FiepUT+GHmi6p50q+j43wRuk8zhEhz6zUOZQFHnuXyqs4EIyE30T6qcnlDilZ1GAeImsJKJEtQyLDWggfSa6qiIQAkJlB2CM8CB34HpUOMgwYeRcZ0sLf/vIX79nTh1dD49QTb9kJP9OpuKfCmyeosk1PC0G1tyNN3Gpqp3yURiLcZQE9Y810m7fQ1Zqd/P7bn//y57/9zRqhnAIK1/vEAlJzYGBqD6GyCoObeTlRrRg0IYdfNeh0tq4m6kmjAb3ftl7pxPLdep36/b1JeaaicsImGFlGA1nVyhWhtZNGpDMvJIdogiSkCbW0BgStQFK4WRzkcIBLp25iLDJs8DLpU7e0q8iP/oRIJirgA7QF02gpIZj+YjkyENPtMjJT4ORYpg9JTwZkfs6U1QKxZeWXNnmFEWFlpe326n0YgNn3SEFSyJRBs7g1h8bubr/usSxyrz7ha3X0Xbv97hHeukyza92jvYkfXbq7eIn848frOy9i8YoUScTPn9Z/s0Gu+U5ioY+QDHTPyIwlfSHs/un5h3uKb6UEhQTJAdmSy4RZvtV0lsBp3rR3NNtemd/bNCkFwHqzrESBN/mi51033fjREzRtWIXLzdDmGm0KJM5qe6kJOaZw8rPk/kRQpj3NdyX8DCn1Qo1m/D48PaRCUhOk33+XbOVuftjIWzfEtNrF1kmSgIDRiEIfn57cKgsHY6LbJjo9urzVzxikKHNq3/75H0kGxt1rDAE7Y5jMCX1Zr6sz+9mz69nVDJWlEQoZUmt6KPNeAoozvyzlfZtvdbeayvdKERuTcBRA3/TcSjlS7pMJ5MB+JChqMPL5EpfQixJ6+V/zFuytGcGGFpklwPXgTliq18w0pT2jxZPpKIix2o1jR3jz39qAo53sjq6rKuf2b53o7Cya2Fe3sfVgI7SgL+3Pz89BItQC3dRGECzb/CbicV/Ek5jWpNgJVizmd2AlbOogPTkoxRkMxUbqLPKdR4HXEidltS32hbgoKQBSINkeUkA26J1oCbQA0z/Qcw6CSX8KvF8UvK6NFzR1ewfijwQLPgDP6aPHCDMhRXcCn9Vd1JMIwA7/aGK9WjTYgNbBJFsEixVF0Jb74Z6uCiFJ2VUItGdr6TdznAQmAjWad6+5SKOyA6KuK9A2uQW9wtp0FBdBzRyCRKC00WZQWzw4Ggqv3ngdUdPq3KXb1IquLhQBog0BlJas4rsEOsRSn0QZxcRQYMd0ZtNoIZNaY6cQJK3aaMFYskqlR0nIIrSMWJbpyh4MN2EXUQID0AYD6a9s7xfOY0sLUihyRoBND3c9ZSIO1xzEGcg+mYidi3lVgmNqidnV9EBAMZsRrgvQpgrR7JsBuDoVDpRnq0o9p7iMu1Zg1dFO/VBAUAuc2kseQ9r1NaBdcjzKApywnEFUVX+rjIF6hPFT9VMaFztbs7qcEu+KFFR5OWOofgFO8AyikhxY1XgLvaJZxzCeI+UaulxWnasEW3XBa37uJLkGZFAyj4Z/a1YCmVf1meSqduiqyFVQNaytT6pA9hG68rnAGKKOmFrOEf8TTAQBNoL8PyCO+KqbBPsf4Kl2HqzoXPx1xeVB2FeVT5tLvcjTOBgakq6DsEaxrzBUSir7N1CIHXBV+rjQeWfxpxFZzkNifQjIxgVmc0HS4WkGbocsTsNBVcK2+z4qnJMDDYQAcjwdbRl6yDmbs8ZdpDsfAHhXDiPwuvbu7V//9JdEHxlr5J9y02kZ8slnIgVIDiysSiV0CNFVSGoKZEDzQsYFJSTRnTCE3dY7dPD/9l/+qyGppepfPegqHKtORgGnJh/EaBtHwCgCsC5t9MXqzGrTclHEkEyr9NzGoEhxohkpUoQ2I8oCdc964m2wM+vjpoSCPrrqUdxbIB0pG4mJAjRsiRgNbQDwwWniCci26AnHVkPkCFHY7J1Rn7ibX+hE1dWxLYOKeBLW3YtaupbpIy4IcR0wkGV4CuJRD7YIFa5iQ70ms5eaEFsWVOcpq9A7IqE0F8X7+iFjAsBSsh5W8CypaZLP2mhTfUjnmDNUG9iuHu+fRH1b3t2PgnE17eTz8Bd3QXx/8KzpnxaRX5/q2iQlSIHdi+YezNFtIa9u1U72527f9qI7ZuDGk62aeYFhr1epN+r1JQLj25YqbSUksZ5O+PJZmior9YTtj70UhdRcYZ5uIpGhbaNkL97w8fTBEnub4VpjlYFLl+2eLEf0Oj4CtNBMtnI1Pfv9twe7GD98usLI/d2DVsTVbGXC3vNu3r2BIvmH06uZH1y5cpd0/YQpEK/vw6kE7YObu5tYLZClpk/eK2iHVu+q/miS1W0ujuXWpmlpn74ZI83Zd3n3xz9lIUIjrTE5fnf2GNV55jKgn4gwK7AdgSCaka3rWMZzsT0qZb2Ix1oiKvDSw+6mz7uc520zknxGzc6yvkhDdBPPjRFwq9z4ohlcg1AB10Dt4uFqmKxkBTacvXb3GOnnkMU1pNOLY2EALwjuIer52noCaZg68YNXdPCWEo822+aO3YkFcWaNF8wfahET3TXpf7KyACUfYvQB6/LoxUet+X2+TjZ1tpiqH6BVwuFNgGjAgSNyOLRGs8ryqABdIpaqGjTT6UKEabmO7AwO4V7Vxe1qRh+bHF6M4zS6QENAgduFRMeii7kJLCriO+YiFWE8vazLpWJMTr3oCUq1RSXOqP1oWTstT/w/6XVNz/UoKBgXBX2aYu7ahEoHWCncZXJsLPm4HA1hUl+Uyz6joDRO2NF/HBmM5DEX4DSnckSDMgMGVDsiq6Bp/h8eMpB55e8Gq0KuxQX2w1HLJaK4fiZFpH8HCa9ovfR0DEDESpJ5XBkM+2mezjxChFG2NkhGLKrgjiQ8pdit54wcYIPWP1wK50J6hHYS42Wf+GVdYck58hQIEkzdjG5p5Kg88xYU/FetbsEVgAhVuyW7KTl0ms9iO8kWFIvgkked3MtK0A+FIBAYjUKiYER3FK8ZiegNXL3dMZhY9YvpAn3NqhY/DsKeDvdRtKtCRgenNKWqP7prE7S+VekAJMj9hS8HV+bLPwzs31qu0Ndk5RKYjauq3/bi6sSVE3/5ZmtLNcrsVhgKNqOwqNZvf6iwMOCuuga/EbTyKAm3+kU8AC60ptoL74CGMZSkmFlv1H1xNmhKGIi6xbjkjCoGkyQHT8OoTA5ahq8o4wy8uMlQmRpsmjrTKNThVD1ZOfcJ4I77V8Ogd+1/Nli98zUYO8ypLnKvXVYMrMNhCGiF7KXvWU4kqFNlAp52Tn2E4xPSIxx1YlXb4TjQh9h1oAYxoTk+JeN7RAR7DWvfRR90AteVi/AUJLQG1Tefrv725z/VGUKZkAtCvJovhAgsYHrirtzL1XleTpVtYGLBKIvPYgtCIlau4wLkyAJ2Dd/823/+r/aM/en6z+yk+cekOxYosEgbvhlGSAsVDabZp1NBactaXLGeJKQdhiAx61Fy77SPK7mrWNZ9vdFSjtegPPakTx5MA8KE5gLmRASdn95Y31mEJbW6Lpv8iYE91/uRgH5WMocSeYEVVFlVgb9ZCc4pCfvOsTlByWg1PajYzIKHp3yUPxIZkUR61ArlerkJf41zx6WVaaqUZmJDWJvMYPQm4s+Q1Sn4dWuIBBGj9fiFE0lBlNRrdZ+B5E1L5Lmt2D0ZpAq1Z7iYw7EDkHW++flRT3fdo6nbkugRIVZyXz+ZJPNuOoIuGSFeMwYyDyvZWHdHRo+FeX5hFXffvlHFb3/6IhVpP6VdcnYTkm8Cznu9RlmqQeOWg1P0eeTkJpIpS4SQbrr3OBfMdCj++00vd7ZgbKX41juXzRq2v5Aq8NYw4I00VB4rYUKkpOnh7o6dSDHbpig7wHBG+vPl4YlYad93D918fbz98lk5IPbqqUrLN7efkff4/onZP+3JO95JffX2EwVb3ZaZ9BwcwwBZlffWlGyXRq13NOEgdba10y66V7dBy1uFPGrmMA/f/vn8eO+8CJaBkohJ0NZ65djMkr5wlMmygILSewrhBmBI0KsuNWjt/hOMpMKWVctnOQpt07xzZRulGM1QTmIPWMkD2BnJPFBOnk2oada/dwaae/Z6mys7MqnJltCnlwe7tyiYu9hmigR6oTO+oOZQkNZS8zI8Nr/xycIJImBtwkrt5iAhLbgsK828Ip/WMnXKbRiZIWXquV1+3rwgd13fggXaU07yzCV1EzMZdJ+1fc7XH2+gIFD89Cp48IeveskJlvyG/WRRnWYJXagqN8ufI7HCokaTuTAUWszKtgZy5jQmzCwncHMvPIwwMIsqgSaU2azKLrnhLfALj9GBSjiyxXSZBhIMG42sxLI+2pekGJaUfqTUMFKdoXYpuU3llZbMgAKJHw6BJqIPsKPiNeKaqJvFkawrAYedQwJU0+WriV0v47Pb6dac4akrswxjREYt6KJuJlwUrzPIrODrjuweG2C89NwItN0aWJRM91pO1QkKPICiQmMH1D68wUZVV4qEUQ9js7xNmKRJgeqwSjkTVDZx/k5gj9almsnzAqZw2vzJwPqCICwuO4h+SBV31BOBKoQN/Mhd9aR4hKvKpeoUeXqJBrAHZt1Q9hDA+gNkd0zR3xeQlZFF2OymDOMvllXiEIhurBWKLpFLIj1Sicw0SQzLdSa7nSffgdQswP2dmpF/WtDQccKqKF2lkQZFZUoGLOM4l89B7bA6tEl0nA1mFtdv6XE8OvadwiL0fAYrp3aqfqcT/BoeYPmCUvuxdLD1JypMN74jP1LVWNkIiD1UxZHDsIU4Uf+LgloNLJ7VS4jVC04ga9zHERgJNB5rNH1WmcYrrj4yDvKaxqBGShxzorWv8oFe6apVNQiHvkzehWBBTZoXxIE7fDgKJPup4TqrLJL5/KJtpphNRXtQVE8ESFyoDFJYK7kUjfUquKa8yqsSWZKIQtekELxp86QWOfWR3sAfRPM2xCUoTA1PCONIRvdZn2n5jOny8MhTZ9bX/Nu2GW0HltgkgytDcVA4Dm205f/HmfpfhAiCn0QPII+UkcD325/+4qbXz7/92cWCJ9rHRc5SCBCJgrigV2MX54N1nAE86sP2eHSqkpNjhGKlvhaTSJnzFZ/F84ioUkstkgzdIRrRLrG40LBJMhEdifooRDXmR55qxDU51olbjwxaEbYuBQv51uhtqlIIrYMVq1oZfWsNPUmBBJ4YqNOt3yWruvlIn4gwYf6szlKHpTL6jWUJFXpdoqmsb/d/RE5MNeNejNkotjiOaCN4XamOE89OUyAMOGmGy4Qf1ktePQTRYlBi1yWUxQuGblFuJWC3pgbs1eNsrj7cfEzuyz8sXLoF5NPugdUBq2HmAHJPxOvOFRKH8KfHRH+G1A3AkirAHz1KhiYQXM6BgJ/Akg3RxTqEQDCk7+YeJkaTdh5I8xipvXRlj26Rtd6530W4fO9NLR9d78nYb366YWWPl3mv4ic3HzPadz8sOHvICdN6c+Umlk89y0Z6T/wMhhh1k/Vm7+68QOW51EMKa5NpOsuIe4chaPJcIqOkjKVF1qTBbs2OUH4K2T5Ld3bTBl/2dju8y2OOtX37/X+4y6fjdthl+ycqaHXstpK8oRyIeKnFgSMfLAt2jSra2qrbLU2BRWxgpZKYrIX02/RpGs92T9n9RhJh8cFk8a+w0HCgqVNqzSb8bOWUXqwHRkPL3xfTdpo1Gfe8Y0LePvgs+T4QtZ7RmZyT/TKbTGt85ReZtFOfJXl5eMaQjxM4G9tB17NRz1RyG5QtzgxPETDJIWMIRJ5fEZAblBG1QmXm6NpQcP3h1nXN5gWMtDH/3C4nbDTEIdmZgV/TRfVVE7+vMpsiB8IKFKHVp+AoD1lOZauk4uYwlYSlpfQMJreIjhFCETk+pBNqVhUjaRFH+bLDiDwSgFVNYwzl4V7vkDfgiDiAettsk2sxv2QugfaTOKKkqdChn3aZg0uhLFAkqp3MwCJm78mBCYGIACEJ9MTUmrCr8pWlfQvZzfOlrxBWsf+ozFI6iyVQsEsCZDsHSlhFY1ZUntVmXGYpnPbkIfXpcDni6GIhwFcGXsEE8UGcBBGEyvRf+dHkyBzp1a+tqrlNF3AssikukiSc1S6SnHwOwODX7az2aRugIclwqxzTRukyOUcjZYBitIaRlPZSjpqoZ1tEMitRHkvRRKcARneWcziBGcw+cUy0S4PEkHGSWeGk2r6GGUKMZOQMc01El2TVj4m2WIFBQ6eRGT21DsP+gja6+6pR2H38d3aAVYbxtZoyHGWrPhS7dsOUIFfz0haEXSUM3AyRrpUJNS8IAIeikTgJdbiMWyJuvAy+8k5m+gaymPUk4KKryZXmHA65AQl3bClZfxoPh+coh+CwPdAZhPOstXbo25yR0pyCklQIWEf95ITlSpUNw0BHmU/0d3hIUTd++kT7hNaQPgZX74BMQoP2v7RPEckcZdF3uR54zZE0uClhn6GoUiKePhhaff05AWDOmJwBVus4qWPW6VcEuegkjlOQgkN5DWJh+u0EjP+JFI0tuxw+Is5h2GZXSXpQ5gXjpZYRm2X/p7/+1S2l358eRJFh547xVVykAwTMoN180GRJkavR0JoPS/7HcRCMuGK0vgzd7U2xECkmLi7efv3NVM3dwz9vPv8m1ovmIwkiOozO1JdtF5lh7xPvjtsRWCoDTT1VSLP4Ijmc/unCr9xmHUmMR52kWMXCHTnqVZoUBI826umjbMALi3WKmUSP7gXxOG9uxkPWGTQe5NtkKunYZPZZOLMRv5QoZXoZWgPl5pusHTeV01lRoBFF3/UuVv5+9NK07VFLrTlAjMs+1QIHL6UIToqdHMC9I4/Xljlvb8pentQnqqjETNNX+jQ7Ej0Sr4fvSMgW+mOw6UX3L2uwO3C1SDaWe89Azsrv0/tny/0k0fSm26VbMiVNNxq/fbBie60TSPqvkqW23DdnRoDqXN98sv7bW1A+fny4v//2x53uokwimfXuk5YDWc6bd9efriz4muMznyeDJG2NWs/1GBZznJtiXE6WwXa7Rp1OXb4HZyPXwCShWKGWntr9dHVlrlGqYVNAUrSN8sd7c9KlUkS9zLqGXuhsx2T3A3aHCsxKXEaUJrbDFqium6wgUReJzPoZ7J+8MeXxyUr0/d3TzY07fLvRUoLoVSpe0/JWQmrI4bGQgjgAbTAoKevv7dtvf/wTRmcpx986sw7Zdov7ZrVJmUkQSzlgToU4Jf4cuiJ07jihN3ErDitjlEzB5ZwGkQUJFHiyoQf6tEqdPfxqmyLLHTkqCjL39Wdy8emWAMt9X57Ys6YhN4UDHrOR0PSoc1E3h9mt6xJKYnuR2uAoeXs41BKCuMJrs1Q9QAcDyyDIE3mLXKyolDH1tU5O0DL22uYjWio/tuYFiZNgwnBRuLnqDdTq97QdWsE7xlWKWjOsqGP7883IIMmOGXtzlaBEStdRWGyJ8nzlFIS4Vid+gZrk60fKhMLjmKUJO/QIinwI27kwiKNwnudo5yd+FqT8MQaA+FtehJcBaGlb1QGeuneatfcJrKsnpZtMCq31fFFWhb66Yc7/0gSYEO0Ejad+9McTiP6NrkIkdyCSOva60VqtVwUo62lFlC4UypUL3J0U7UoTCU1SP45ArfAgjfPJShSmUHNC7m8+PCEB/vqGBVWSIo0sbmRVJ9366pBCTpbLbHcJ/qUZNNz8G0NLesVpZ2SkO1rHFfqoJc4OHSzeJKr03hci4kN5/oUnVRkIdaca0qlKpuDPh00iWJnv0JFpiaZmwY+HSRnnzGwc1H6OmQYVC9Vh8qmVS7VVXglTqLyjcbQ6RBFlURPmCKshvtRH7lZLI0nDXflf6K3Ov4CqfKkFa14HZLSoBEzw+lQ8cfW/9rAYD6kVrUlzhccrVM/wRJdoB5WtaIZOZKl3OG38MtRdALHE7jCSTDTMZE7ky3Q8/eRYi5dvuR2wqcS1B3/0jazoAh9Z8XdiSNdjy2ceEesMtwAAIABJREFUStwLrcDPatccpsaj2iA14oMElLpjPQgZjH+VAhWehs4RncAOq2t5mo6qXXc0ZU5KaU3TGK6VT00vB6M50D4zlP5VXRGUNdnHP62GWlvmvxaJK25G4EHRxF2lfsGJiURaNYwE9FwV+FzP3sLm07cCUoy7LCoUIT0mcviq1qinfa4ylhJOfsVURSUtinoqymj+9pe/lYFHNri5k24hEFHil1dxV65QNtm5WvZYGAV7OSzqwuDSbM5VkQhof/rtepoFljfv/vaf/t2qpWfyW0fkMfUT++SEjGqOSgjpLEhAjO6JORZ9cKcheC4vKSiHtfbNAJtNSIgBdj2aEmHPVUFuy9+FOokLEDrCVnlBQTyJe6ygSb/Sa8ha54IJ4WqQVv1xkQx95W36Y9Ma8tFklYhSsgpCKp2540KnrphnabwpdV8SXLc0lmtg4ngZeHD7BQGU6MUy6BqPdLgotY16zQDom/XWRTGZcM8fM8GTchoce1MqchTp40zosCFR3oKPvrzpLrvcXn6agfvojtdIKl5++vzJA4s8myakRllSHVHBKLEXFjf/RKLK/coL4ZIzeeQhVuGy/y/2YUJ42rfU+4kMWak6LFYE6LYXl8h8N2c0gec1JLLqPTzl83VL0rjM3nVXV/KevXdxaahL0Et9bj5euzWElCVq9jX2mi8TbYQkAXr385O9ld+/f7q9efiHDY2qyd8+fru/szBceirv8TY5bFx5afIXK9TocftOEjczIK2yeFm6XniRFwLl43YOGRj7MSPptn78GTihQRtv+80Q3rzx3GAkXd98ZA8MJt0l8R9Pd38gTTxdx2jAlFqzkZnzSeDyLUkn4ZkrqxMU1HpQEUERY/VTfr5mzhKubj83obDPjCOdK06LKVlT7stonOa/YKw/zD+CJfmSXBQNU8BuLOCbEmUzwd0CogWPeX15WB4mOyQSD3uKB3fFhOHYYwlpxxqsYL1oyOiqFIRdeuB4507mV6tYUHDerKy2/SKqXHO+n7cNWpS6pA5ITIJk/LdzoXXYjTczM2LupYheis53aS1dFD2BMTBsfbNZ9OwZlcyKViQKuS08o3PxqewyPw5lwVXK4MTosVYNM1CABYBHp+a8sGgBHUKTrKLzv4sTVSiUNXVcHUhjDlWAA6NQ6iSMbijUtag6uYrQVMNicqEveyJ5YHcS3S7YvkxSOYzz7rwoboyHI4LT/RWFJ6iJs2iPWVad9FNq8HM5QEfCEfhYDXAWIwiStBrBUT2RCDaqF10qjE8XaJJaUeWXyzx5f1LqK+7FHIL8GcEWDDVxBZ60PNYTqb/Ueq75J7QeqalsR0C2kQgSI1J8zlUGlFcFx4W0FldVqdbcQJtLd9TFo64U5mws1odoolY+mKg7TzzZlBZoAzsZJLgOol9FP4me20ZsVTsFexUiYVDT4oFe3Wqpvriv7iAdFibGULuoZtZbhWYQHSmCPYEfJtewGikmcvxV3f/9W7WyNU37dGHqqhoCixFYrm4k5cPxEqpsIHFWAfykTx6+h6IvOMmiTYT5aRMgYdaEvVACOZZJOtfIFzNjUrqjvR4UanmhkN5mJh0LzeYpRx1jpZbwXWTtJEHW77JvIHn+BnCqgKumF2rkZDqCCMtA0V0usHFjlERK/8bs+P3Fy/5Xk/odn5qXg1U84tHadUhUOE2q2yfKK8qgozgI6l40jCo/WcSkXvvLpzY+/rkSfscDX4sKD+iU1kS3iKZSQplk8NmZFknjIodQhOh/gczx1oKvTjFTImSqRbdilt4Wjlwwkg4JAeGdTs+0PkRFbE1urj/+/c9/FqcyikPObHazXcXNTTCIM+k8rlKS6YHYoWjFYzWpMBV6lEd5+VxxImTxoipcf/7b32UbsF7222nG1JbYDdS8QYtoPpqrXSGrOcEWZ63cwhLRfpJVm/o1CAUriQOE8feEJomxZCZ8tYYbprrhRr6VF85ot2VGw495BDQILwnUzW8GRaKD/Iq6WX5TI3ZSl/HIMzD1w9vlxEcqQlaM17wrWEA3pwCYDGbbJuNyXn1Ehk3OSPJP7bSUux2S4j6VxYZLcq/6gLft/OFmWIh5hnsMg67t7zAl2CNm4jrfHXB5jvuZYUlzJC4LiZbkEwsWpbAmS8Hv0EWP6TQie/bihNJfzXbr7i2c5MELS9AC+PLw8OohgDpl2yFv3EFz88G2Q95vYu7u9/vnN1YqCzLNxbjT+drGdnq1gIhF82HuYrmxH44m5GCIcjHDQVC2+cbOP5QgyyvyiNrt2xbKPejbMrQZqI+fb2wSaMLbPsK7x/q/Raj4ZiG97bp+2DSh3FoC1eMty8zdrJNCCKlb13XJHiWznZo5XKvnacGuQiYh3XTHuNkrz0E0x0lFXiqNzLcf393fP7WB8t2Vhex2gqJ8BuoZkvd3f+CkarTUCK7jRlVN7iJytyKZJbXfk5XIldu+iVR6yYPSN4ughCKo5ikabbmG0QviikYwti/QhxGZ4B0Sku8UH3hQUuPTISEmnXvWz0e8vnx/YIteY3P1w/MKrCh7XriJIrLeBKd2xWOEuFm8l+/ktPk4O0RecqJ9mSbizenITptNnMmZIM4w65syzCw6jZ940kFKKUvqWGpRWhE7qQo+dd/K8qgeKT6ZyXy9AY8VYbJk2PnLghqOmk4e74sEBmc0aJvHBIUQwnM5XJlU3oWUvl0Ilwo5F2FyDlJVELsOyhnzvjFSCqeqSI07ThTJYxG4FBaw0VE/kqwKAedw3NVFUqBa+bzDplCPSLUDAsx4tzjbEwOE7OGGEuHhhl0Ff8M7B+kICP8KAqNgREucq4086skU0ML4Y1gE3UAwvqIGpZGdonY+8iYxdTn+okTsrYdeXOXqkVEXsI675shsgEJb0yb5ZSXEJeUdnHHhOFaC61syXHgsBq0MudWdA4gskeZ8HT28sZmeRmcEEIhIoXbpwaTjRHGwqJdE4mzYJ1gUEcC+ML4j2Eofk7yWCbzuA4B9T8Uua3IUF86hGJmbvkiIEm81eGvko3HEQTnp9n/pUiCAigYYor/jVoCCWnfQoGZVNBwa9TiYytmJS0DtJGZVdJqd7Ws2PIIB8j+P8r2mtaxtMAIz6eyoMxcieJWq5+DUArIGXdem0mwl4MvqeGduGHZFVTrGHm2OMw4mXyxtyagpE2lpSwAi7zbw6B/EO16uAW+fJVyMO2sc3swl381sA5K3b/wHvACyGDLE7KXVmJ7LlpsVtGA/cI6NYCSrOKKL60UossedC/5lOYmVNlaMj/7H3WpFaAKp2jSV2fSJ1hr3rciZz6qtEPx4GGBUuIwibQan01okLSWsCHAqzOzHhAoFKZcUZBcEGtgLFoDWdGWhD3kzEyqgpyWkseHKaXYR8VEpsHBV7ZzPSIMQbeMBwDFHJtX805cv1x7tJmmI2hBkTVFwJBKNfofsfJfKgLG4XX9y3HAiaFt0buc6eDiZC2ZUHiz85evj0/317e0hhpkE+lCDZlCiL3kdUjsTkhoB6/W3vxiqEQNsCRkISb5+keWMxbxEO70R4GVmE1p4sm4JU3uVJsrurmVu6JXNzNJzBuCRytAyoNxaEPSouSYtgCSbZJHkIgR7To6atauzXxkVJFt0ICIyXj0yjK/hBkhpinZZBdowoI2UAqZsKDksYGfaapRRDZiHy5ic5ACvTQCVrhWXQiGJ9AznVoEBjJF+TMDMc2y527q5u0xgtH6amK0tEoglPHmDGxLd1PzoFas9cQZKdwrP6Fq1lOFqRSiSKildsY0p5qPj8H07FM0K696MELvDo0kS4sz+5DFOcAjm7n7uta50S+KS0Hef3ji/ev/p9vOtlIwMRAO0ZYI6HrNE0prrT0uGTO/9vPv9zmo4IdWL1wu7TyjfFBzMbkqqaEI1DckWhZTbq1l6YmKb69yWIeDIMGmLQmVHpbBuIZJavUXPkyk0hMtEZZVeBoN1EpLDkQnxeuaiKViPzqZexvDey6HbUtP7/SiLJF+eH/ziNBayjBIgB0WIOmvySoy+su4ZEskSty/1Mln63wwZ41E+LTWblSN5UZ55o9L5Jnezhxx1yu4WVUT8K63J2kQHEFrjN/u7pXnherbcvlREkl/ytufQIyeTqpuYbTw4XPeW6ihomGQ28UzXub/HaiLK6iHwrEI5WsYGYXZ8egGiz1VdLndsOMRmjquqUGxQ6AftOe+MP15zq+g6C8pZaMM+UgSEJU+k+MbdwlGRdIGtGKMjkcJ58xtBJTkST2rhypzCNegK0InxbJ+TEcmhP19qTlLV0VTo6IfSmmtsO+B8sIUsVMaw7Rz0NlyKUIjOkrq8ViWf7FDOqkrExm/G4FQtOzpII9OgOsKMHOaRwTAHhXkxi1E9igo7HH74fGmT5WeK+G6mN/iGbzOo2Md1jJZKoWOIbfmpCYjFEEedMJUz58eKCHlwmGgXl+chDrJoSCJirKa+AGZzlNtIJuttdmqMR9NF3FEBjmoEg9k4AqQA6ILuDA5SrbpqoW4CyBmYIU0k2bFBaKBP6wCmgxjs61d5wIrVEcsuQGjyOGqqFw41koQW0LMN10K6Li4NMVm6G0TtZhgHwWqwYkyEcJT2FRdBxiDCyRl8/1IEeSXnQyKg8RoBF82EaEaxaruibhRFEkx7hikojSN/gXE1/P0ELrEi84iu4zVd80BESVUvn9qoXmlXXRkrThwm09N8BudrBIc6jzOLUDw3FGCac4ftJgtK2jy4AciQmWqdQ+H3TH9xSINBcAqj3aOiIx+MxuonToCQCEcbXdFiNleGqW821hDIm63pZN0eVEelKpGYm8QCmIF6ENihPCZ9nCiItyqO7RUryO4iPcuI0cx41ascSxeJTvmTWtX/Jc8jx8t3xTUeohrvLxqy9SD1mbgAD/5+cvj9teSX7fpyzt2j2aEm6WbgnSxVrmrBB4jDX5CDqTSjXcqtZGpNITjtl4gbkIUn6LFVy5jWOtZUqyTPQ7JT9t6kjfp//e1P5n5+PLmrsUjfJYTmh3Ps6KRAtaO6fM1ryuZgC5Fid/cr1G/hFMDYT8OOQttevexFZ//bX//yx+//cfv3/2Q9t54j86te1Si5BiMbcOEmMSfWdbUTyPhpWFHkG6kNGGKLsfmEWHVgmjeq/6pH050l8F4ojPoQyPncqvIs8pBfwdn+M1MQ3Y5TuqinyH7gJUnQuLxuFnIhIGH33Dh9pyfPfUzFC5mJQstuCcUZcnLtmkLdQMlR9q3cpFZ9AExFksag85qLwaavi0TmwxomgGad7L2TzZCNZBIKuW4M1n/obmQ/P23XQp2QHxVlMTLEtn+cacdoIWOi9lzDq2vpDkZKIdyl27yk6j1T2mY/jMg/vcj45ta0HR5tZPxoAZlU+aOJQ48YbOYAXHjsMH1+eVD+6Rrb0hFdvKxRRDAZiWtEGjVmCAugkF57rLaUx37GVHNuPk3kRNdCpz2CXpx336MKdfS3X77yB2vNfzx+Y2JWiimDygApk7v+6IaYRpbNhL1B/J++fqlT6VWB5EjhtFmyt/fH4MsuxnfP35/wK1sVsu6/3bkFm5YtYZOCu2YzCB9zje7tlUP3bBf3+UqjPyAsRt6+eXh4uDWBSAqZm97RY31ERHOHde+yMVorI2idlGWjgPdkG1svPpsAtENgNoLSXJJQSr82VF9e3LlF8aZ+fZKVT8HMjeHN/vZsqazM5Lppsmx+nfdlnREBUvk6/vaEvzfbh3i0zLR72mWeFJny4xIgb/vuiT8+hFyq4RfOxo1Vo1w0Rm/+p1lSpzVbUYFwjTEkc0JgZhDnO4FTMmuv1rxnQKiGFdkQWWBHZBBhB4C9mlrubH2StiAx7y2tZsHYGr6ITesFwebt9SDdTTtR8rpktW9f2ZLTrCw8mpCcsoEzb7XYnqvldBruMtpz6phWgW8nhzwrH6uWC5xDSPenbnJai8A3gg4g3DCfQ6YBWgMkrQuz6cIwpxBBNoPvOjjA+lG+MBhegEr8F5sDxwYiUkmmAG0N2/oCaARHWcir6nD0RjDjSZLQAaj8uGbUXJBGZMwUm4+Y1hiydFoj130RzDEfanrLsvLf9hK8GGTqiyI+AkfLhcad1DnTgWMEJwdfVXWOVg0ygoQQrYl0NlPTarGlJs53Uru4TuiLhFGQ5F0QrAckOa/KAIcuvsrCQTyMVhgQn4hVjBnDzVGxShUHGXyRUqsLfXW7obvw43+noc/waxoX4R/alWjKkALR0AnQpuj8h3PsqyQZC+Gh6ZDkO+n07dCltQREe4ehUBaBXa4gAAqqwl1P4WAGpp/J4cJYwJP2NvYRcM37UmZeuqnpFtn6hGwcH0wQYiibyCR8mFR9ioSgjkXzsksfrVswagxe31WZovAM88VYxksN26+03PBHz5/ryJqfR2jolOpUmPxcCMltO26+N68S5jlbV4SoI5PksF+Un7w8kSfGlDKxkPwEknBxwydj3qfvWVTi3GewHKfowPpyWBSBtFonFKR2BUkly6weoY65A6dWoy/pDdAARng6QmpS1CqX9y+KRoJLpYH4C5/fAU/wSEVvFQehGjWVfckWMsvsCxUZwyjxfySFf8AzZodxUdN5RUmPJyD+9a++j6T1ZpBGWHZF9YJn0TW/QoNY4JZK+u85upkEbAMY40c1hrMnfqbEMEUAbj98+vTltz/d/fGPm6ZhXJRwzEvgKRKo6EheJekp9jGQhqUX82qZib3h4ETz2JhHIfKdLV1pHH1x7QLLa/dDM1JvJBRa2dIma1kyhMUz/d1yEL5roYZ9x2YKRUH3QhZB0NCd15KzswdfEjDjq43q001KboavKSvb5mzqaukwGtOxJye3G3zd3KJ5YNeSWuu8k1PI2VhCry+X0f2KfrHiA+bH62v24vZhl9BZVTgMF9wwoWF06hi3gml+jnLaQz34MgnpIyJMpJXH9fSy2uv1s33y9x62XmeMIOO7gxHtAqTbTuXxgHv0z3PX5VjP0PfwvhJRi9Gv1nOl+ibY8O9J2lqVMKnhyT5v3jzIiLeiZslYdDBpB5I8JoEZdEuerq4kdoF/+/Pr51vg1Cc8s3PPEnJUor45mO7GrPv3rpM2sVjalf9hM63Ln5DvVXytb3tA9/0DYfaSFWOAl5drSQ9R98iJ7D8eORJvydB/SjKVu6Wmx/s89uxD2QmWbc38EhZDhjfmVs1QGlGIacBe317TwNNT02NlNcDOiUiJkNhGU7vMcAMHLlGuMz1mF6TWlSye2lAOJlrQmdETSF6mHpiqpFpESJQoAi6bI3C8fKBm7ENocrmjGcsF0dEif968V35a5tYK5odPN3cPvxe2tPUAO6rqJY3tyiXVMhU2+banReKrt1WzugZyCYupMl9uS8VSOPtOFilYRMRGxazIGUntwSXJmWmqQaovHpcme8CAqFBy4dmh6eEEZ/DXWyDL0r/DWDmyCO0iGXCEYG8ECSU44jxcO28SkSbBRj+oqCVGrCfqAJ1QxDGSborKA/uAkW0f5axTc0YyigYG+sspaeZVJayRtESqqHRQJVHAQM7pfd545WYRso/79+e6AS34Kx9htK5BxES9yFZwecOeS/lA27RxogUDHpUIpv4oZWhRCk4KDiA0xQC635wVleFKL8iKZmfJ3YPJ3HfMRoscrqsAVegbr05YwXJRuyQX/ettdqqAjVg6glH77SsoktCNzr+uIYONwkghhdQYlH6n7Fge4oq73NT/BDNqQ47y1EYPGzkMDJGtd4gejSKxeC896PLEE7sHKykp6axfxAVqlFBc3UYirdUao8Nv2ptIWPkSIR3ZPkFI8kkHIMM8n8NFmVzwlWocwQZrY/ag0xtc7FrhYVI9yCGCJglWngCLDD6JXSj2F4Z9Lv9WQ+NO+3NdMxbUuZPgYmj2ET0J2WlOfhoMjjMOOVQaTRHpiWo2zR8nSMuH2Lpv7PD2VIp5blyMzUgHIcYPnbWpR2ppy2izTevIWqPFOH1jiaEMUYi+DKypB5RJ7xeFcA8Suy8jNKUTQKs6T8DaECNJVFDuRCFJKlPzI8yULPCbEZGku4zjSQopPoitso9Ax4MdqFhBVrAL/buImMKPfKbuWmG1quewbyB3BptKMEWQf0klAnaGilF7LCgxRVJN/F89bcO7Y+gTgMo7h664Rpv6v1Oejw/A0rKBDk7t2UZ0TIQRSvzarFOvLDWHOwDjt/MMJTUfuhQTjJ8q9wHi5vrKI7KrqScGB5eO838NFaSIHGZ5mfessMLigFUS6mjWpGgIqQo1QBJ0G267cRR9qi0Tevvp81f00XsTSC2XeGeWZNN+XPaW4yXZMe8sWRcrJwowO10/hTrvCznuXbhkfpvHUmMBrWwZRgZAgAyppl3o/uviLy7le72MOIzJtxn0kg/RuGGPzAm+bl6YgRNzOlsPvTeYbdynanNFUSismnNi+lOGOzoTy3e73ULBv3ImDbsLkRhrQvhFbQ4pmmCcTHrVG0QTAYmvQ1wXoWT0m6cp48EsTGk73jUHr62H6nIh+HoXcpyU4Je7gURTy64sLbIVu+1ME/I/cCJb0JV2BLA7r7lhD/n7+P5p84t2+F19bfpvw7ZSMbK7u7/TGXz5/OnBC05+dl/C0+O3r799kUORey9i3op93JY5e8d3b6NGlS6LqQASugysJEmSBbWXPHp4jVTMNLOliGbg1H333tPB5WnSJwnm16uvD8+PZnKvvZzlrQcWvjw+Pt987n08hMzMvnz6QuTnCTtu+W7+8k2P8FUi1qjjare5ZBV7L8vD490fDx8+AZa5fXRry8t3c5Cfv9x+uvH+ZU997F3YCFCh/C9hZyWkbRffrZucPZmc0roB9MPL0x29z2sZJYtipc25ulMIs+3q891yXu6TS2brTgmFHSyWNpFrFCy7NhfbNAMdAQ8jiS071IRd65UzpKHOu7Oz6V1RT9xsBN7GUxCE9ImSMGUSWRYeyL5wwy2YXO9vAqNYwihF8NUX3z3EI8dnZJ5CnsJ8acFQs5aapyX/nACev+Q5lMFoUc2Ryi1HGSaPu9SfLSzwPNBKShigLRAMRW1G00bRWTqhK1VbqUETdAdFBl64cEkVBDZX2SnHabGVSFNnsNRaUIizsJ7gq72f4oNKQ1D8AkttoslUQXMpE1QBwqAYD6xwIU2xFq2YV1Pd2rPkeKqPSCwc8sT54YZNCLgAJg9H3DK1HVxadqS4RrE6BWO74K16LPilKFiD5ch5cGfbIY4eoTUzUYycviO87/OLmcYAGaIYsqlolxJY15mDfZy5bj4b01EFk0hjerbNmJXpQyZiV6YkKrT4QsWFJwM2Az9rEAkiw0uMGZRYpqTA0AWXknXHO8nGIhWrybzG5Sjhj4IGlRd7iCza4y7B99e4ZcJVkcGearu1q5Z+s660mNSAV+p0IiwIiZUqMBeNiaDLqSfH6rDRwChnEIFG24Tj5Ne6uSqaq04qanAIJo2BzIdWFPqJwgNZFSeKcFBUqCppd31S+NkmX2V9Ds41dJws+kxIXfUTpNkf4JeT4GXtq7uyoesIEwdhNMCYHmMsctQPXTz7CJ1ksanDDwbK9NgqsRRR30ZNfXQvOVmRpk+rwsbHhe/pu0GDHqugtMywIS4I+qWFQOygBbrxkJMu1LW0YLWNBfm1P+jlSWb48HTvDQWNpBvrzFF9a2HNgHZ0+6KoyJcD5AaYGT/jOzrjPamNu0mRANIZIUwECWDl6v7rkwL/9VnzetQJrisXNfgXGHadyKMursi2xkEdyCoP2hB2YTJUPZvV7ILohLPVvXwFv8NyqXjkuolcfdrrWsha7hyQ+J41uzCrAp1Y8lgEupjUR2KQNI2lyFShSLEI1LkPHBbqbtwGAVTJCmoVCzF1ipGQLGIwcWcJjZ5DAnY2gDENUgCtCCsMYvNn9UaVtT7lspHU6+3XP5GIZMhSVuYLXPBrHNGR6Rxn6MhsOtGgfxwyZ1vis7lMxTrjJjO0tkKk0zf9JGylothPNUCH7tjdD3el9AgY1kVoDVp1BYsNoRr2zDPz60kLrK3kjn9Muxo041XnmvhKFUCXLVGx2xpEEEYN5Pb5CJI+IsYiO/KWOCyZ0183xUhWcJEdJOOPdIWdGCbvWe06/IkePc0h/fzpUZXcbGBRXmfnOhcCyzwGhEhK4Qth5EJAXizi7l7CQ/Z8I9w64FyoTYq97+S596XgSTIEw2eTZ0A6RYoEyCWL2c1sWmj+6FF2vfmXk3f/7/IPMuHPtOG2Zky5Hdh9024uyU4SplrSY5v/PHoGsKxCXChxsSvfkkAPU/SYHglNI0PPwTHxKhiIQyYLMzhvaESSGtK785zF0g1di9tjyjWbz9g6OpbO6JaI5Lh11K9vLElscfnt5y+fJYSmT3qm7fefbrpESEGvbZSFIHsi4USSQh1ldkUEpL+RKWPw3Bwhy1SlVx665yMKBTzdoa2K378/3t/jlMwpENmL0JRZOCG6aXm2TMd9ig3ZKOXVTbD09U+Zs99GDsIea3Fa9dKg9i843UeQljsyF/28Nu+bDgyMVrPPwC/85hFcMmFAQiPG8o8eAvn0iNgmdOF4997sqUUks+x5IZlZ92yDHrPiQXriHDE/h5COGc08ZRZbT5t5DYH/KTw8J8/KNjVLohOEL1V8ZqTRiz+2he4CbAgEHyzKB0o6YyOGCbkp27LeutLi20JlXF36BBbZLhFgVA5gjCcNIYhUAgQtMqEp7UJS+30SYoyBGCNHhJXxgWTuCulnE+pqp/6v2njSPMXF3ZjKtoOjoqnkzD0GY32FzhJWVFfgL2H5Ck4mHVHHXfHVDJPy0zpEKbCuwRUUOj+8z4hiIKD4VyG4a1dBtQIKnw7dvv6IcF6UFcMHBI+KVFzqWJodouIeAIGLsDYLVW1Ukg/yR+3i8J5zl9A4cv1NTfwjd82nRBijgYhRM40Dj0x1Dtld68I+/pUB+iQBhrJyMJdTeso+cle/C2qoACN0zsIeJgCuAAAgAElEQVTsoBadH7GnSOjUSaHnWoKo66wyAERXBQeFv6BHKJtpcFuXqIj0EJRLakLBII2rMSyPUisbGyJNU8Yv9oa289VKvlWI3hEfOo3ZzHxbeTrqOkyRjaa+fVgAWsdl3ES+UufZS/BAOlStlUsDo5bzxBZ9jjJMX74jpB4EGMRLBsBHhistlCBYxGkLoezO+cZ7B+nsJBCC4ItuVijCAlZjcqCsfAHX2wfEZ6PBZiYmvxFOok7CAwiPI+qMT5apfzVrKPRLDT3pzSP+eTj5gD+S4wqzEazlcemYE8HDnQz6wRkFS1P/p5iOWF1RFotx3WdyTLkX4QW84v4fX6n2dHtxt8AnxH0yjKMrQs2Coq6iyIywyb6qjka7CzOYCT5iLhf9y64EB3DYnih20fyaBqEUiLiC79LsrNNUiy95D5EXzbKIqC7fASSpFHKrVED0I6YIsYHopZxBZuJazkDf3HqYmx14hbIJgXKjvkCQnyvVBdK5zzCiBrH4CgU8drLr6sWsYIrFcq+6D2hU8NGDxcfPn1//+jf7/IHRJGjjih3UFwDTXzZSJJ4QaoyRqu1QBUQmtKIXQ/KHr2mhORtG4RK/sVFEfI40LWfrb9yVW5KKoCx0E0ndTF3z4LP9PVvO1hzZXiJr+W+RziKfF7BpktXSZUmgp/G9K3M6RMtNSWzWl5AHteFuZumdfj0KKNFAQTbRRxizHgQgSUu016W0ODWhGKERMZUFdaAR8/PHjSmr3rdr/1BNivuxCGHQVcg4A8QQxNZ3onkwOCv3vJIoePqMma2S5rw4yyEejw1/3ajw/fOjV895x6rWpZvANcH4xo3Mj7c3tzvksc+QyCkgYTf5uicd3l7bwCcnsAxAwD++PwoFzz96aLaJMK9F9oZDqW1vkSaBNe/2EcR4iUsPwbMi3PsAr9541k7Ae5f0VrJNK7rtnXID++Pn5y9fQCYVZiE5I0VgzTGSqOeJo/zuEdJQPN15YHUmIfpEVW/280ZBRLo/Ce29cBxU7EGNcqFL0kf8lpvhsmnByrt5Rxngb1+//v7tjp1klj3r0cKHybXmWugXj5nkjx8PD/c0SIfZHX2mSVcywGa0CJWoMmyBNEWhv8ubN0tvczaPRW8BvqijQ+IK6RLxBj+pOt9shBA494K0u+dXMrTLEMrnhrXRNH93Uw6U2aRds9kLNty536z/7H/bFtuAQeoQll/9yz5LHenve7swOfFlQ2k0oys3pBG2x46Svy2b+QhlNe+A1ZgQahq/NeDgqMqyaE385h8kmlkBVlBbNGloldaMidrgkZEmXl8z7iqzTAFo3WgPgiiUKMxsEUR4y2ewnbwXO8CYJ6Gg1FBnEhg/c8ZCzGCPlQy+EjVqnsLgyj+10wcprnLD39PHdnXQ1KxuEsS642gO8Sxi0eNSo3/oGHxQq5dF5I1Rx9IH0Gp6aANRPJCNUOOBOWF0G53TyILs8Bg2IFJJRAA87kZ5CBKVHmcKTAfRWok4faGDYPcMB8XNI6LskNq/mCqcU/OJ6kU2v5SYCRVI7GARGg0qPrhrfmOfpKsd30iTY7J/HYvV/gIyeU1yaQFZq4f+nDQGSSExBKSuB0glVSyFZaNogEXxLq7u0SIYu8mp1kyif0oSWNL2bxcOwAJv8lCYtn99GNIFcLSR6EAZN5Iz7MOTrTtluTlc1PkgflF55u584gKAHp25468c+EJO/6Klz6zYcaqf9CK32hX0OwpO1V/YUmUI/E4wOfsoW4UDAIxfZ8M6ZldyyivM1SDDM0+MpolPsBDpzP8hnXT22bhW2gGrnx4EYWaBz1KGT9WKT1tQbitSEIBUvmJdRw4asUVWBl5MKzv01tO9+lb4BVJaaLFIgvig80EPcrVBhgCHQTAKsXswmx7ErIIor7v4RWUsoqVKGmbbk+j8A6wxkiDT4pGEuvvJOhycj2shvpymi/NXm45Ijuj6bsiuoXCRsNdprPhUyX8Ke/GcujRxEG1DVUF4K0RaxbE8o7tArGyYCkhZoOvF+gZ2uWiM8k/TP3Y3RZr7vEXmC8CqM+LNmSvMViadIKo720YJIzh/CkkyMswWUM6G74ldeG4lK/bBxnSqk3C4B3iRsiu6QTEs4V9Zg+QMpLIRM7t650kh4LqoLAG9ffv5T3/FghtRowV63d9J70AiDISLFuq7il16LCWI6pjQ7eeM8AQwRnJGZrKQd6SLVIjZxhoTRU+CJa/knc1jgyElbRjMPup1P7x9eXzKYlshOa4lOTTL0hS4aESfrBmAjLm7MhWZVIQokpd5oYvDp1XgFkSLocnV8k2P5l7gkJ02H4AS3Ukd/DrtkrCBjB7ulzoSApimKjMk6GJqz+I2v54rSDq7wiGlsa3QIm2AZ/1Wlr1UrRyPzKQ47TVUF3Zke5kCwZtAW9oRFzRISm7JrV+QUHjToCUBdpr3CXbUGmteQGzl2SbhrdV+cHsOeWr4/vVDWMlqzi3J84jE+2+PnrD95sWDdGxUbaVADfHAK99S2HsdfzOLZPZEQISZbf28/tA+SzXkhCqZh3TsxcrJrReueFq4Oydaj2T+ErjH13vTeHmnSSpPtHlvj+s1U3Irht3MxptJyhOAPlinviHzf/7xTZAqt8gsMzTRh/ghKow1XjJl5kGJ1t9lxnYZ7pV9Hr743A78j9c9MQcXqYiqDaflkM0Hg+Vdgs8PmzRlxkiKyRBMzrBRMoTpqeuu6dUy4837Zt+lOy6Sir8ABqTAl/4dMFBcOsMRy6twl8uGmW1KKocAfi7fi6ezk9mWxyTJZnmx2dOXn0/SYW1p2eZAMAzURW3MkAwPh+IQwER1BzlO3Ga77D07CleJYE7RdlmlI4tmmy1MHfOOKErKaN3MH7cCJvYiOa/WTlwx2sIwCbHzLublTouJQopAn6XU76neXMYOCqSqEWNbR0zVbZyYuzRM3v9xoglcOAg4MBGVZLuY7SlI4mFMqH6TomLs++8Sxfgu4tb+VOlaLXGPcorkrixGZfYUW2DFZrKpojPf9U4bC1eYc4+z1FaFgqlBnSudFqJqRRaAUrnWUZOCo6EG/SnymcycAphwW/h3VfxSD6Q89FJZ4I8fFfDuyEfdKSQ9i+8YzgiwpAIiD08RdnBqh+ADmK6jI2sFpJumsg0PI/XF69lT49QRyoZgjcZYSpYzqDho5JAC/Ms7kNRf/7Sc+KOP6o2F2v+qHh0x3dXmCIVTfKWGmSo0sOAxVPXEOYtL/dSwbaoRjCJCVSlAVT+4o2ligrT2UQWgg8ivaKpjmhn3MkIwR24kR0b/1Su7zWw7jfsxh4TmyF0OarjTAPRVVgVMCywpelJOVKMvGOdTrX2GIkQDXrGmUXph5VyIgYChWpX+LsiVOYv0Eaj2IRVAGtENrEck6BMfJV47QA/RiTwZle5lcccC2hK7NpZEAyQCUAteIrY4IUS196ANiKzECalf8M6ZWFITh0bdpi/ObcvWjUxHPD8/eBnq/f33nnMbtRqGQ4OGaG14DpFtOTaQW76yIch8Dpy69wxzvMY2E+GiNfGtAIn/4jvdpl1FE6cvpxhMQrvWUdWTWXWdHKnvZOU4KKYHnn2O1twsUotZFVGPgtlIEYxnVz6dOAt8kSc6qrN4vuOQujpvyxVbxo1W4IIeEN7mwKkOfRBMBorRiUvNMCeswAxQuICm20WWedXRR7IdP+JATUmQ/tg6XAJuP83jhtjUy+4JBCKXqD2uxnMN1fSNpsPXrByTTs23KT39Pob9/vhwffv1L3/9j//P/3l7+0WPxdJIxP3pGIh4QBUtviAaCOB59cl0HamDe4WTQUFh95NhoMjVp1ZxdOqYFRtagV2ypAvUnkzhZFygcFF0pWRs9K7kJM4ElrqFHs20gDo3e7pj1yxXKChhpj0fQR/CmsQyQ2Zsw/Q9VAX/sCT5iFsfZryu6rGM/CICLsirLjComxiaoWTsqSjro5HEiDPWjyD+5o1zkjCzRMRR6AUoMbGmJkR5Cvdqdj74xvTIK1yo7cGzysyKvXrTXP1AY31NTOCjsYcAvtqb2NvbpE3MsUm72YeeMWG3d5PQkoLJQrNxewmHjLMnv0x6Ngm54WWx3Izg88v94wP5EYbxH2bAeH1pL+Dnz/b43aIpcvHGnr2UsJvKG37qQvMc+99e3j7cP6P+y2+fbRssS/OsOJN3dhNK+toh04tSvBJEq1JD0rB21g78JpHetyXynfVgGTGlCz7Ckre/KKCK3//5jeCFKrHouulbcQOBbz9c90BJWTXghBhHP3tXYYNn67Dmv3eXztXH6+LZ4OZO5roeEegdx0B1Wy1wecoJLtTKWJuicbCdiGm5GxHQ6TB/nyjkuwJd1qGzteI7+6H0Sug3fXRM9XvspeOTkmW0JNFHHN7mRYQUkt+ZVzbaef98/5ihvTXHA23Tov4xmpk8ErIfRB9fznAR1gBDit+OtNfvcuVC+km94Mkq8dhUe4DGBXEgudwRogw+620wwybHgk7FpGnmmL3P6MkVkOIanbN8nCJxs/iKR8fsEMKzrWlxGcJid2QAlZU5xcK/csM4SLgxmP5pkSYzudkn5eXgkRKfv/h1BkxnBaWWs5M5D2MhRblChwqkfAmgOrRFKOhZAwmvicvIcRYOh4u4F4ZdGyjCjvIIjkSHTCbNQqMqj4u3YCJy9ESX2piMqgKQ+i0zBFk17OxHtYQRc0BFRKT4CxZdBZpxLeyGjiiTMHu49CtVHTMlOh5yBDjDSM+z+UMwEv0m2HTswx+B6b6cfT7a7CFKITpPyB9mVa6O2H3jQuGsp/FQfPspCIc/JjsKnGrJ3Gc13rz55LLMDIUBVHkVa7Tfw3EN2xHk7CCNzI6TTBcdoN61ATmtT3W5X6CTaMjjUaNEOvIIzWXXdHQbOqme1Aa2os2VODtFwwAPGEFwNLyYqVl6b2w1IjWuMMD7H8KsN8E0sozSAzfQeUG7QCacYXc1Zwim8xX5miMFcSXB7EjD+syFgWJZelKZfDi+i8OXm9c/CVi6BN+TcHMw6g4O4bSv30YguR24amW/hFDU5Do1Lzd00nkXksVFKotcHKcgsCRzqaZ9hx5Fa+vPw+P94+ODIX8B66InJrvEIWUA9k7veOW2OkP4j/Y39fja7TiKDhUiOJnF+0V2h/0VH41MLrtcjck6LWExg9snq8laMqHEpBr2iw5zc+AptXDQP6TW1v+AJKmEGwm/iBjtrorTA7ZYtQqnRcYNUiARMN4dEkK9Wd/BjobSyM7JrnnEfaIubBIPXU7u7ejIIfIvHCouUiQgJfTs+8IsqtSzpzjdlRjOB6rIhhtXR7O6VlszBFlRozQR0n8IhUMe0RxV5EQsDsSC9hHXTlwAKSNKmBoynauv1x9vbp4e7j9/+VNO0AWLGk3EXMQQzhNQjjtm1lMSBxmqITIBnU1gWnsC4Qqx2Sc3hhFksEu28lS33iqK+Lhk3gslDHUAqraRRoHSdfrC15gFhHSaWG2GFrvr5HroUvefJLfq6n27KbgxdZfKhPgVZyLwBNGwigmQDXHEDzdEuUpoVLJqgCOQoOQPo34WNVn6Qr4Lafn65lYO14ycdxC7PYJ14qx6JLon28wM63kq40eUm3iIObrEmh8v1oXhV9r+QkvNVPPhE4rN66er2mI9xdkIyBRubj2R2ibVT547A5dHJPqWc0hEuwW4PstIs9THLJTFaLcxsVRL8J6MYwSIbQmpWBEL0qM0UZ7RDv6U330tpiX3QsA3brKWKWJmFHYfSffKJC83Kb8YHiJO9oY6OWL2drVEx+rzG9NQHzx6xsQh3mLKS1vefmwVeMkuChE0wfx8uLunHMy6HeKN54E7af7bY3dKDZ/sK43GN546aXZZNaorlSwQ1ooHyBZt4rM7plBnjPPu6uH+D8/JZk5TGBEWC3yzQNaRF2UuLFiSccw15VQn66V/WOZNswKXstCG3r17xgW1Rdf0qHYrhPUViJTMs5kdp/RZS1/hypB1PBL+nmnCEldotbdpYGs4IBluZszB8cq+ay1VG/ElPFnyLKlI22YJHtvfugzkSof0CKOPsItZ24NR+tFTeGgB3no/ZJTKGIj2kKbwgYePcZxbl+vOP7p2lp66imnywI3Uf+wbE7fgTmP5VNtsEqLYlMHKTHFBXkgH/cTzDK6gEDa0zPNGca5D+vGHodK+4lDxQZ2GZoWdlLVokoQTCKiKO1QfRMQrME6aHYzU3B2cQqoD2VhwNc0ABmCAirzjEBF16KFBzqjv7u6YAMFPwo/6cC9MOUS2ILxF4Y4jJuMimGEItJ9gqpdmHMAGJFxFaoa68pmfCvUyKy7aH8GMgjL9FdT29D8B5qA06l+KLIEpJnfqabHbchGmfKxfr//WOlVFabWSfSwIx43CB2XlCtNJ6gTudAfIqn2BPpb8K1BWej6KMRhEhXTpCtlkNoAkxyr6q7m/oVOyILPXcLoWOb/sJL7L8HwiNtdb++FuwEsN6+hcRe7EdMgZb6HINgiOmIPbF/0UwTUntlGlcnPxyXrn4YvkeNXzjp4MtL9K4+rUyEgSx8jr30io/YXOajNlVjdYyy4URXgYalEVfwKxavEHSyVdZkSMfx86i5Kpl8Wu440riSUoEGQG9gDpkdq4Tv2ZQU1PpoBjqhJi5YdG3uJCQaCJvaiOglnuunKRRYRpUdm8oa1FSxAfLAVJFlt2ztMOfUjNPupmzWra8b6P+PXJ2xc+6UE8fQMdEbxQgYvYTRv0egzMcTQAE0xBgtJWqf9plSCOGyeVfZJcFPtymDCrmkFgQrArNOY7i4nq5fWqLLc6VhiKev3iVyCBgTlUqoIykUZWzPokX0K1riYuE2/4XHQl0XPHvN5HdigYl1ARoL/UD2Me7WPh6dcgY5puCmHQC8LVyMTPMQoird8CX7dvrOsFuY+TCF1qNe5j0DvdlOptrExB26MxumlOJVcgqLs2808jkxXSZFwDmI9SOdGB8/m3v0oR/vnPf/z57/8+907CFy9VL4pxrPd1HFdITDw5kOjVTSMowwXUyTUyM2WWQEqCm0N04lUTv1NAgUN79p320l19GgloDtTz62POaVbN8tCL6Jo2PddEQkjYzEsl9ip/YueIwSP5a0xa3CaxOElfDZPyNSA4+3JlLFNcx/A1/ZRTRJzHTDTHk8qYfRlAcorIo3yAp6DsK/OeBc8ezPHAV91oAL0UQIQt3SKbkhhzf25VbqYHm+kEGfpbLgyceEQIHmfCoPxaQkUfFD5lcsTwwc5APLoNuRTw7Y2359U/PT885pDZDmW/85C8m0/XhoxvvGru3bvSRAJrAbG025wTxLk8vae7N9x3dxZjd/aVlZuG7CYPkcV8JAJSwY+fBoBWPNOtzPumpNb2QkkbcypML9UTO9ulIPlYSmHwuCVpiaPNkTU1jKSk3EcCgWw3Wm+jsxnT3tonU5Q8PnuQp0cqPsv1yvHskiRbCt9tTCay5VBGpCwsdn40d2gALBDaTykpKjHyePk//9YdzoT800O8/8nQxZ8epYmTDEy/SVeOWUq2NxUkbSo081mtHCQzSs8ZChpmWOvu016arRp+uQ+WMqR0un1+3Xi+Kq23tliseSFDZW00L4RkLaqJsPDI0euVX8xJX7vmotjuwBI6JUgbt5rw3jI/2ZmcFdgRJIGQxiO6BnU8LPMDL8F7wYusUQE8TItFAlWgvCQwVWckZbIz8uPRLDl5H5+NwCaS3yZLZij1JyK8Eyce9PFN3YkvcBQU1vmPmED263Ko0RkRiYt2DzHzmeRYTVIZOcn4XChSYUCTPuisXoDKGQZoiBwufwpJfn3qTzda7HbZ+XZAQly9bD83V11bqAkJ+auCQYqmj4njsNDgYQ5u5cYBia9uETBgUYQBUji0RkPwTYsyvIPXSUcXc8OsaAmOsiONGFv/weaTGgOhenQOVDjgQmNaDqKSpJ2d7MoRjAFhWzPq5hDEgBOIJixbZkN9xJtCjWZcyTITCNL8V5P9uhxFcAikaKmBKn6mGQZXfhXHih1QZq2AjywvHEVYrUah/y78ojnSIcu2atxHZUxGnYv9HGojScXcBE3RcoCwt6LiDDm6fgkjpHgRlcJd7bjpchS65NB5Zq2HPMcDm/TKhYvnfo0VtZpykZa/a5NCsrqLJJpBVBBpgehb3aiJm86d+cJ5lRCQC405Z+l0zAXj6C7Yg3KI3nG0p1y/2ehqBAKEAWsVI+VNgeQ5b1QBBw0K0m0xttlDHQwzmEkjJCm18JtFNCjcTGLpWuGNYKN+wtJ+YALUnculiDYderuTaG4C8fHJYyvuTTkcwY4Bsi8HiMrmJKz+Xd9YV9ONmEGUHTpw04DbYnS6rUiOehyV8sdbXriDo7hE6ry4kfMnJ6I+JKpWi0hVdLReWKjNKZ8IBZviHfq7XbSX9u6qyALUL1h5KnBTTGpPkUlw9GQNNZo+I4E4puCQpbglf44GuO/CEVStmrS2AruTtkzx13Qp9GQC8GfIQZ7iJ379SJwq29U8Jc35KGivKBUb82aXwlBPdHtqlqurtqiX0GRj3ciKw60qat3aRiMFFjE6kSNtK+gfscLM1vK2/L24VIwuGumtJJmvX77+hQkYG5gPJhokIwzvuNEn5Daz0waj+QJq44ClyqhiBvUYsv7Y0hsGkQvLFApUkw5aFS5Tau1TNuTVjHfN+2rpENndnKycBTcMmUYiSguJEb6bk8CYfOtX/GoTWD2iXYZCvleZAKA9IKqGMwfKBzwlpCwk3YcxA5UwYSoCFvbgXBvA8yVtJTP9i2e/OabmtWeWqgq79vxZjHv2IGsPGWgRuqd8d8NCOZb+ODtsi9omI60s9z+DXVZhrfmj+yrc2Pv2ZV0/DyeAyYpA5EjyIXrJ19+3XIAb2qSUqFv/+fTy3c1MbMNtZcZsdqO4oYRV8uXbT54y/ZYRPXSDiDxVP//23nv3MgE02q/YgxHsXzzZORkuePDYCJbe4dG6d7YihhLRLog6XE5yKUdXURuDBDqHXHJ59/iAOjZpztK7oX/705ei7/R9bYvyO496bm2CZXE1M5FkBIh4Q4C6sObELSU/v1qZoCG5Eyl7aI7uzUdSdEglQ3tbpsqMOUl56UiPVS5efLVU7nmBFnl+/vzHP/5/vnO4Ju3Kz8hQJ1lRezqh2Aw0E6hSGQwQeQ1VlVt7wY+0nOnWGWZmwL0+ZU+9i5lEiKZ+iNtJ8Y674ojVNfwicbaVIQ8yqwOhLQF4UfeNWNumIZi9V/KNbLjHfSMgDfCaXj+DZUvP6ZxFHy60YB3N77YL5e3LTw9hLodDxryHSUsBxzc4mXgOuPDES/C9wZIxQ8mORvy5Ori+9HyZqQX6qF515hDofBtuPyzdzOXCHu55JOIKUIKHG64FxUYmEUOcIWtGc15DlLFWoBXVAOyo/SF11GuyxEDodarOkbBK+T05Z4Jq5nyDf+JKZTCJbLqewDhcHEuayCjaDDgixVgU4CfyHES7/3AV9wBhKsUOxlSQUCnDb8ZrHCyeOc5YAtKoNzInnpCdFkiUTDUmAaLLQx/2LCysBOw72P6dX9BUDhHWt+7vCOQuZyNF3MP5qKEGETwagq7SzO/CVFyyGdapBRui2pyYtXenYCsiNKZOVGhypp7KizhpzBb5yTNpoWj9QBgyn+AmvnZuulA3gEVXiCShuX6ZmQ54lCE+KQNY5Apd7JBEOyEnsCVqqgaQXIFXnBByrvSQdpp6x2MqLlVKc2khn0+KAYrmSvGqDZwJu+taSSHpJHaqzC6rpcqUG12co8EfiA6AGuHqJ48wupLcwtMnzEFaC21/2WUYUpPPviJk4q9gH/8cqjNKAuCg9o7Yk/8XnSa7g2EyE/rBamVCuWPayh1JKd8rOckY6mEEDWG6fc0RGuWqFCPyZ5+THbZ3RPOC45FHZIzGkgzxT8/DlWU4nmLRYyJMIPoS2Z/stHddnekHQYjpcTtQeYiu7FAE94owK8tXH2SHnuDWNh2TOiIfMqiZ5LVAmU+qSKAXL0yBPmTatUmJwqq0KDDjiNJCohBeptXJEWBC7GEP3bUqO6zzlKc9zzImc3olxr4Qi3zRoQEuq4NAocOjmL61SM0ZVoR2KY/LrPpohzCxQtsZ1sjs1JwV7DIsSaoUTYkfmqn9EDE7/nDuqAohmoLnqxsYcEUxYvpRrQmDcqnUn+sQxIioV46ARue6i0w630EcwnJMbdRPbi3HjcrIbhwBgAsukoKw7Xw2RpHmhDznsi3T6PaMbOkhViwOwusXxFA4yDF1buhZLAF3cT8jAFcZt1+1LCXSBNeUjq5k1+fCCC6IR6k6RWv1dGxPQNibBn7zkBq87zk7ct1uT7GtTYuSPq/NKDg2NwMMklCpqy4PNknQvTVEKg7KxgDZDQ0Tu8b5Ttlrpo5gtwzHg4TSZBXiRqAKjvmUP+RKRMAhv/hP+FWkGspSwo9KL1JisdPsH8gcyGXGQO7u86UGuReQNo3KXdgoQPySxaBGgt/CHVjt0+tjhxCRlOZOeFQqNeffTJcrS36sXHu5iFl7KcjTk7VaL+29enp9+mRI9qndbN9777GbqU3hv3197DUkrQI/WIm2XPvJQnVLzCYC2zGJR6ae88jxqUPykcHE4LGablWDlcmh4fbq5vH5gfF4Oje+7TSsi/H6aZNZT9/L6jyvpzudm250RxtDAgdVR7TGmxQuD5bSwMtdiNEuyfv7O/7y0TO4b71J8ocbaIjx/sGuAw9T/IQZon345n7nbsS2Ei4scZ2rq89ed3OPngx+k3QkfHVFJj8eH8ntk3X3Tx//L//tv1hXMT5+Mqd6/y13LA/M0+khM3XQfc8erMNCEL4BDQUUNgqXKX3lRaBG4ItqqukTPTQo+8+eU1QzeZwU17kvnWJEHRAUZEHMMsHq3twKNJdiRerm0K2/f/c07udHSnBPoPUKDQnNUIRBaBccE04f7DpoLOoXjKLCfD83tFCcrEcAACAASURBVCOgyF/4QhjmqK921ISZ4gBVFFLOZ8Elpk52g1xWR1aRGrZypOK0MSnrJoWaCRqwgFEXWppfPlYIoRR+UrmyPtXGHfMiK63hOTvbg5JMFIIDBKenCHJrRDelFM2yT1ACivLKEb7axB1po21Y2r8syOWbuWkdeDdQpsPkO3wxXxsj0HLVSEoaaA9Lfy3Ic84g9pnE8++lbolDWVPm2sJeTlvmlD2FPW4yF5cSVLyJMqCNy19xEDuqFjbPJyTIqJkBfjTQSiZJaxGJXqR12V8Tjf5hAS0OW/tNFzolaXeG2umoqZNmD7Wr6WhXoXbFWDU3zCZ14DPz/g31YTcOE0k//lNNCfwojUTxD7DKu76QG+j1UdGI+Vrnlz0gE7qUNa85AIOOL5VCsymLXC86YySu1pelPx/qjKCIj4wk70zV5BDXMZBmOgvAiMjr0r5Kgb4MhwBKVOSiHQB4Qcn4HXrgCgMHXKqu9iJ8jLHbozyh+3yCkcWF9whtfCgozKDgEJmkRmzUrK5qaQdtURt7K45dZ479UFDu3Em/fUBRc+pincFkoPTD1GI4Gi8QAReEPSGtJxMqTZJqGpnqTBIh9dWtdJbu4tt3bhcuIvfJAxwJOkISaJs4tHfH5sP75556aHsSlEgqlsICco86DaJNTFLD8kPP6euGQb3BXn/alinBX4ejmxre2UJS1nLSD3fYG6VNGfH+S+tFoRj3lajqvJL0ZIT2bDNIh/qAcHMxqvDaMlZTaMlpFjjGieLYWHZ2fgqLQYmpcPfRe/w626Vf17RYchlQ1TInPwSSu55/QpwO3u2Z/Bpk9PioHrlH92cLe1SDDa/4lWNk3RXk7andXzlG7ErmGD416eSCIgTCLx6FY0Sro0MoEvrUgNhbN9iSHTzFu0Y93KD6s8f6le/e8JrtyEhgjVyUXn/+/O3332nHjEjRGTrmtAViASjSDj8jQrOcIkZoKxPFKlJRog1ouzZXGA6n4Zfomdpqq3hmqA2au2/Z/bT1dnZNU4EbAoJrcBIW3Fo9vLqe/QVEhoiFFm3iuikqkLSVQFJHq7xIu7KXDi6HiElYkOia6bFUrsfoFGnKLTAMi/PmVFv4BdQ/MAuB0Hu8XwOuuC1QYuSigJgFJkHQ5nbisj51i4zFcQRyzvZ3aoWKdOhte62nl4LS+hkLMB6ml9JnHHBxHeajQLvWebsJ46rxmi1c79/bx4GTxdC2OdGRRwbKeXnsvP7t3d036TLPpzgbDj0yuylPCYMMeBIFWeb4/dG7fXMQmS0sLJa/HoHE8SZucWHYZUoxDsjE43Aen80aCizJWS54J2vEIx5ygNe7OwNEovny+TOPwLA6mqWapksD9eyd0k/NkNnsgGPS2l0m5gt71QqpuKeZQFDONfZKQLd8tLmeGBHG59Jz86cprgnH971KxyXilZG4Wdo1g9S//vXPaEaCyGAlpOO8JUiUe0KvEylyDu6DRUow6mDtPSVAZ8iKmhHHOgnUdIZOrpJvWSXzYUPHhJBFdUj93sb04rXqdUP5Do2LS1hGwGC5RJpb683UeWUr9a1Q+1a3O0KaCgWlzYU0JZY798NtBOCmKXUM5q29usSrbrhfwbwh2qSE0HOaKfMNdom3uFShSJP4wCp6Qt3mFCnsRJAlDlMV1SyMw+g3AeXvqZU+So4vvab/SVRpfpGKjFPb7VOlkAJoTcNkZ4p0omIS23GUa+U3i6mDSWgLdDkHkNGqQjHjcjKIqabaivOvvNr/OI8axGpbXHLS8DCeo5JY23pYNoWYCkOtrgb+118UBjrLu6vWSZWjvPMloslPoTodhFEJIJe4EKKqAqVSdPivWpxHprOkhbq40FJ1RkAm0QeYCoNBNaEoZA6DIHiarA4oBYS4mAIc+nWMX6jCTBli2sJdqfOAXZgdO+EO3fiC22nETY7DGWcKGhsHeVVHAiQqICBeutZ3dCf31d432odUDcVd3rXgFCuPC1UpEkBIfxE1KrJg7Adh1aPo1ENo6IoloyDtEFwMqByIIapoFbSaI9QzNpgJfDQcvAXtPjXW9tIkg59CMaJUuetNoiQHgh7tF74vrJ06gfqXQaKk+r6GFZKdjm6Ns4IuKYyHIZ+3ZylJMg5dODQdYbIGpNThICJzOYYPUlGiBUWTB+YUorHcTwhpmoEV9NVosLPWARR0d0rokzlx+rDasquyQ9YDjjCqPzFh45GHljzMIK4rrJYPHsgFLioBtdlD04eyw+vbD4bzUkN5YdHaLQI6OHMc1q1SH8pCPYGktYQRM1PNgoezLkBz0bfTiWiqcjj7uxSpO3ImNv1S5OseBFl3KSLeE38FJgLFsHE5WuQe4hzy42KyPzaVNaasaPol2zMfl19kiX37jzAOm1K4ZQoLTpdTRMKLiH59ybNTjkmiYxEYA0VbdF+46mjHspGKUp7L/aubUkRkjXisklZDok17eo3mElweCw3Om0uQwfS+rRlJgirWIwu/Eg3Tfm+6hwBZaSQDWIeMIr8pM9Nj/m6+vbr5/H/+v/6fYrI0CC2ZowyylKHcq0fqBFPc1DJxRsem37GfGKfjFDulBZbIpsXi2iSWuKNNaZjZSQnUXAg4dCuHkcIok2gpz9syTCeOZ3Zsxi11xLjFs/cfi+HrvfTLLAFRJizU+SWQKCbqOrRoEBoQijO6ijIT3nxEvPT8+YyAolFQC+TwE3lsmUFhRlR187hszNv8xmCxzJ+UsTaWlwlYatSS6PronybfQ88OES53wfJwsxFu5R5CagIzwfhpYygJSgVSnSoYjxI2QYmLllkJ1KXRLYyejyjAOs2WcVrT98xmiUhJJuTSKIq9/nSjISO1HGlnsZ3CUrRmO1+fbQv58NFLnz2FkobJ9bUHHLbEXIbo6QX+iyEIh2e66bF8KMQumBmD6MmA3DFj/bpRYZ/SFHPhbYLsKTYfbpoLnFW+u/l49e3u4cvX0kcCE4fp0yaK3vLyw8v0SlJNZMOZ2N4sbZX87oV7Zhm9po8J8IXCTFH+p/vopM/FV9op4c10ZczXVx/+/d/+txMT7+9+ZzAIa6N2imaG232xHoj4GSZxiZNFodSUifOdEsdsISVqDmWfjboXMbJXrBV70d3dKAihKNLhub3T7+rdRwY2+8+qAs0O3SfAnOoTiKU5e7Iv1tvRWXuzsAspLqnaW5HSPWugNORDYLp0ySOE8UBxVKFkLrSQI+CVVDAYsMpK3Hiuc4Q+A090mUTMIing8YlRbfJ9lyPbNV1h5Lue6sX3ZGq8FaGZblzFoDrCJEaSsB9Qs+V37ZXZKNZ525ea7hKJsp8iEmUArTVURYwIYCxzQGQvmxmwYEbqADuGVivYEVvYAQW0CvDKKB0eHjScrY5T2T7+N24sZtWXlucEjF31kEhLJQomkzAADiZQRQTKOqh8ZyoLZh1GCX8PSo2Ay8aKSGoy7IIqhQBXgMV8wla+zrUTQis9XNPBUJISEFm+7H80JSVqjRRiOPJ3qetBU9ZUeDS3SoMMySZDLOgnjCQQyMhDH0lEm/OkGMRdcUETbaoZ5kq7eqlUPCAz0Kn3XNEa5EH51cIVIPOsVblo0tXVCuQ0GEHjI3saFntrQnSqnba+0zzC1og2gKlzhKFRTblV9f1TLbF1Ia4OFYlgZQdn8unjopYp91CTklVLyBQXtOoPS8oNGqftW8BPeNoX+kovj4kEtVb1OAdIdY/1hPRABFQjf7nltOWUgHhnJuYvEOmq4tXtuAsrCltwI91hxnT5XdN6UuNk+w4vWw9PDrbYVa+ghQkD4Sw/5gJOWclRFIBDUgTfZ3FIhiVcP8muzMIJ1k/PD25ijuIIIiTNon3U6Nd7hKxZw09SwyYOrS9ZX/40lPW4pqB8+03y4qZ2RJHs9pngM4GYmvmklY79xeH+VbWDRFhjx+cDVCOuqBea6+daZbdp8rG3cNmu/3T/Yk9gzxw2pWmZylMy1tsIlHnFdJRjlzImYCQ0g1avnYnNMYHnn9ONEHXQKysiIIlGdC+K/VIGAsiTJNNLmGnHGT/GUcaA9vqZPC6wQcjrZwss19CuJG3KIhBXJuhYbFEje8++KQNM5Ewqynzy8ry/nilJTzAqIkyL4l96LiUZo+fmOzzMSkKTcan56fZGtv/7P/7BYDDgQkSolyliIw/YCYyKNuRLUb9qkOb6DExlNjlnHalTLcH3Nx0TcnEgYakjmS29sa3QHE+NdMDd710qbDeSZ9O0QFUfQzd1FcQATvpg3nlQWYvrLfiEKmJlXQThCSnn9SEvS2bKLKl7qj6IcnAmSkgQHe+AIxQFzZaAU6cksu0Z4AoE+a3prhbxcvkVY0wErkMrJSO43M7TW9RZ95AKE3ZqouHWAWH8ZCrI7KLglp1gjhfN8lMWuuRUBwevlJJKXDJ6d/42m4W8ZEDA3ktslu3Nc7N6JgzdhZ6mba/BkKdnP+8lHO/dz3vvEsvzQFOve24tX0bsabnfX6284lFtPmtoY2LPGrE8yGQer2F6qSmxp9aPyG4I9BacRJNhfbeEoMJ01AZQTkfxpCKgKLXDnZKRGgC04afOkgzAfHv3zXNnfl7ffqJnxNx+uX349pDY3afS2jrlNj/HikSo1N2TfvdGvmT0znq0OpyYBIdz6xEJxj09r6765VQk+XD3B5gspGhSeiIJOKuiWWvKjQeXSBaQaYzBNDYQOhCfac5ZMo/8Py1jrvwNwBKm8cjwWkrW7wxOOE15nuHIPMA2HrQb0JqpRxh6YIafxJh09XN4XtId6/xXoWURU8fvPjGAbsxivogu/ZPkgylC5N2ailwtcC/ECFrdj4yFGI6qfPWEvHyuRrgthYxUGxL2+FJnXcrlEYanMt/FEhWLNReac/3kWYCLTqDynFOzk4SFPb+kVfGh5MWugDSWLGK69v0gFRCa00xbEFYpwgFxNRXk3VHXAcg7ib4Omh6L8IO4pfXipLbYUCPSfoUxyP6FltZXk77UHMFBK8tS54JjnEbiKKhaBAdSAZJzutQdQ61BFEdycyhVieIOaG8okmJJMJ6idySu2lFrnhKFhW6Mk+1iN5TIyPgmqU4ife15lr4mCdsDnS+g0J6JKNY/1SLm5iGHg1OEv11IGcGB6wgstmIwNV6knQiqD3IMqUAHUCQEpFY37yIBhPQRsdQOBNIKWl0Q3rmbaNj0KNogjoVoh2pwlIR2V4c8sk//vFIY6+biLlNXT/dx7FAjcu+n5j54Pgx0pnhfrvtfSVErymF3LYA1xRC2Kqu0muFKJP5WcMDz3tDgOyiDXpUZmqJani/ku6CCr/EbSOf+gKuOCuHplP2UaZG2P3T0fahwOJBFFyWE1DpbPNTL1nrF6bxIKwD2AgORQo0ywca2fRvIbsZiJdoWu7oE2GjObPoBpRgv4JtIKALpHfw/2aG5w3qtRBfN/i6iL7Bb//LxiAx5oUnEJYhtQNQjmzJcatj04aWfmGywkQyCk84mixjC38qqlJxmGUfISQMBSa6rE0BFyRPp8cDj5Gbyw9OzmYZ49u7ZP7yt69HE6g9vgPj05ePXnx9/fOwVXVdey7UmtQRz5vELLEs+3kAvE3FYYF4Pnjb6ZH0+k1taU7E7VEQH3bwkMTJkhpHV/GE0et7YXCE+Ed/CpaAMlhXEYmHGH3+U43uzd8nIJxe36JOLlUuADh1Fgloi8lKOJfRR7Cz95+vjY3lpI++kVjw6ipM75rg911jwCFWh21trJ33kCy4/bUr7pGt/eXyQ9UsxysyEvQ898k39eG9LC3PSKaao7NelmCrDcjjJHQXO9XjvkCHYtQLAwj5T1ET13MoV9rvHcyQHWZA9V9/NPDXN0E0P2UuvgZnxoMgsZmhZuJgx+0BN85cIJotEJHHYIh3yi0xdJe9u6wuf+UITaW7mmFttXiZmur20GSNSaYN/4gOrubG6+nxLFkJrdQYv4tFWGNSLjQxhGyJN/zzIokjyY48MjMNlKv0f81IKgKNb5lMyZXuiN869syMgbajsRWTdtA2PN5a8l+GZKIKEDCnJj9joWumIGwv46uOLjCxL8rd3HKMX2KyFqkxbtgfsVbrpm/hA8A5jMFt4NgnXAOraW924rvs/xuvb97m1ibQE7dCsvPTB8//cJqwTBDnd2UDpfYzgexjic4kdUdCjhrkjI+xFzA+7d81zcLZTBWEc8qPcqMdJqCy/obv8qiXshnBLuZoNMOvp/mUUyHSxIg8mFoMJoy/59+ZovRjQDsumA8nHM37u4qJJRf5iqOrWuf/8n/+97ZLZ3g8JIt5P5Uma1nS8eTR1JFndq/E7PbXzu4z/+3tWF005IyyRWt+GcmWMrWAe8lTnEuqifwVOGw00ZErb0Vgt1cpNtc88ZvrRkWlpC/f775ZAzBybtaPWt+7jaRNIbs7nu4VZfOmx4eIzcaOWRUOojQPVopaZG+KxmBJxBOqSI9NVbFBc/lj6wmT58xV0hbyFGNm2VhEatehq6j1nXg+imfiOZ5YkphhkxNc+apqZSPN7zpZbljZGBqrukwAcsCiH7GdCyKEVo8XVIiFJqYWQJFhJDLBihIYkBSHbF+pG/CCWvqcdBFRxUiguTqprVUMf335AyoGWg9UwxnPT853HN6GoSUpJdRGbLJlQhhElRYW6xokpvRckGAYWbAgQdDZhF8QxFZbwnTBLRTO52AQ3GpJVGjpaEKji0WdlKM90iArCuKhJssMtZEHA9kjFLVrGLclFcw3Ipe0FPlpdLCEBZ8B2plVyBAxtIWQng6ISmhQNiQvZw0SqVgCjawJtDHmhq+oRn6LLTBZmVynZxaNvkTmqK943wQUwtpSpmN67iEn/4e9TdV9+aAgcci3OuMLlu05p+wd0fXmkiJouC/VcLNQieTgSS50aMNFDVifSw5CRDF/6wjMxBzncwGWeAfG1dzFH1eBlYyp1FcTo9F2tHTqIi8laxXAr6QM09PUHKqSzZkEq7ezX1zLUNAqVn3nwPCR7LYO4cF47SPZgNH2miC9C6fnL/nLh8sJ6GccytW5LLC0QF355BHoYfGkI4wohITR3aI3yVUYl5eyph3axP0gYdcDJN8NMoJqQO/AQlQjqCvy2ptY7TwULzzIWH5tF4QT1qCjPOpPx0X9aSYAN9hLZBJkJlnFchKrNRXb9T8LVm0oTzk4TEyHpOBCPBUxYMJPgWha/u7v//Y/7f/7x+IcB+OfrLx6Iwnx+tlNcrqY9DZTOJUoBOvokJHlwp8FnZF0c3xmek7lJ5ruRfQS5UHs0FLLZXr9VZXATKveAduECG0TgSsa6z+ycfQNArsWR1JZisKUy+SRybwjJa0CSdicL1LdQ0JJWYSjxJl/S7Q03DFehhwBbJQFc/Vl/NMntIuAl02pEgS7keFqhXjpiKJ7qyPDp8f7r7ecxX5aoD28WYtIpec3eXj3lOOElqJLl/ACu/E1hTBemWlGNP30escQgyqtczEgDJFZMmYpVGCtoM4VlZpwrIK09aybh2Hz6zw6PJLWy13MggwbjasSSTrQYndmysvbVSWoZY2FXqTZmyt5/9F8blREJs+0VsdHNPfKzJnJw5xTnhNuF5p4BjYQuIa6wXuKYmKFHYlbc+pqpdNo3t88NCBEqWN5Zat3meMkjq9UAHRKjbg9BnMS9lFPqbIo33Kw5s73aEw2F8qeXXiBnI5r8rof/Se/KleUDiPJw6Z8mW2ENlHY9OU/CMcG3GuvJL5xczJBCof9U647m9rjKPKi+QHmSP2ZonHP7+ZaC+VVGb7qLl3c3D2UyIpOWebgSCXPitQexO6ChyBtMrn/+fHv99rbtpgWwpJ+dYs8dxzbF/PzhphHf5Cv2PP94tjWRmFrA8LY98cUDIMt5ZIofZZwCS+YnK81oW3QWtGS9E1Q7UGlnw+k3csfESwY/fvz1L39V0bOP4vzpfu7XrdGucd88oYQvD3KgnKaTJoXJiyBDsnk1mwIpJGfCitImd8ubVGSlDc9IJUNmosHK2GbmGvvUl/AG+kjdxe+ss3ves1qmw+mLmO6sby0EtELQ6W0I+tVN8Wg0JmRK9ns06GI12lq0wQEvXogyR9C9Viw5LoLQuhvlNDDA7vkUiE9kk1KIEGgr6hx/gUZbBrsertaaJaU1z5/a6hI2VwrxjVKadMGSIljRnlsXG0VGUp4kGBxRgFJJRsaeWCeKaERzB/4ggzcbUScNiYQjkPlFfELe/y6XAVaSlmCBBjWAR07U1RZZfVUx49u/wM5cY4nUqcfBxFByMRQgFBNULThn7bEMln/JooOIHAmDHeGLQGyhIO9aWo+0auVAyX0NeDgJnesJIBkhqo3TsKubEAwDC9cKwc8IkweFBBqR+UUhFC8qYNqwlx9GL53694vAiI76ugmWhZlwCFtGjeOlUJ2YnNTIeCHwwT+IQ0gu8Qc9OXZtYmqcE6IZR206CY4vStQeZz33dfrpiWu1EwdY0XR8xgBqVxeJfogBmAwpSo+ppVvX/VXl2AecJIunXKmYGV2R2HckJvcMAVyV5jQDG6R4qW7H1eR9s40IOK2nwSZi8vexVe0+wIapiXyNt/HCpehAs8+52tEkX1WHrtONf1jKwxSOUMhHbO4DtTqFwGiYzyXpCOzvCHQarg2oy8j5X0iP7taQawjALQT3qFuhAd8EVY8Fr9AlHfQrhOW/Bqr24G2FJbyRRSCRdXroJVjSwsuvHLHXLRvuP5/sporTQRzhLXSLC019eI6FXz1YD3c7s4YoSQaQFxfZdaKLOdjJBbiZRhKKHKyNgZxqQg4BKhsOLcGpsIZ9CCUDGUUAlb1gook7uYJuxdSnPVuW0u4fv/1+/4//8ft/eOCYtwNYR9uSrZZkBH8eCwqnc0pg5kABu6CFsTcKZAM5STKPxv1XkOg6Rt1RYu2mrjLO1FrnKHwrN4zNPg7gjk/N2UyMFAcOQDAjSrRQnj/VlSavtiGv7K1XzXb34rOZGCtTkxJvNv8ED13VzUBUQp9qlygk1chHF7/nRQJ03SFbLi1p7OApG8J4gVSAufn85fHh/vfff//73/+TguyoxgnMGaU2yiGJuGSRVN0VX2qoFUPOOoUBD34KN50HLmuvVjAQUnSL4mpnkdm+Pm33NGhklMHzXy13vjfruadIipBhqufWnOYlDWwciSa0yTxqJ2KYl/tmfgkzL+siqc5kXq8+3cBF/QwVGcm4x0TvblOVBD6CailEE5IpooKBVLmuy2CO+GAQeWP5SWIoeF5PeWoM9UEG49HW3mNCwPVD6rn1y7R71YHrlt7yLPRhhDDs8OA3UrWm6eCwbfTKHk0qKubah9lONenUe5ZOMu9vbz89vjx2W9QP2zE/WGX+8kVy/9OjqL9+uZULerShTCtGxQHLrN3HYKjAyHuqEW+Qb3nWKYVe7d52xMhiN+Lj2ObwHtOnnsHTUzzpxmFR5dxA891GRs8sVK35gNR97oxe6vDTGrTnv7xzbzWdMlrP0JcxtwvkgVc2QNRkL4D2xuWfBpoSR+9qEkc+f7lx/xSIqeDl9f7bvWeP8wfBxT5n05wiKdkkkA+9u3nOkiUVe0jYykFa/2HM+ve//506+If+UOpPAjgt1OTK9YslLnNIk5v5b1FcspupLD1yGEykNuKO9a5me8WW79b00QmCWgFbGGcrKNWqpwypHSq7D+RDGaHGNsu6qtrMhhfSB5NufbcesukvhJgfxamNB+2yQBuM/NrDiMjw/Sdjc9tm9FAMpXcMGnXUOjP2xJk5V6hhhJy35hN1pnVVk1OusjjC/PMgz6rPtlF18c1TIfepU1tmTPcdyGUFzabTYl1eknPggY3WgUd9zsK+oXVaOouh8R98luR9jF7UNMkSg/+a0N7SIsIPaST72qa9YmDg5G3QoLzoc2kdi0mywJIjFgNjA8NiTsDnv9rDt9M4d9BZxpAxrYtNPJqBEv602h8AaoMm3sbrWkdP7TXoPBWvWkgC6BN8hBF437EfMGnARozRFAcBylr9tm9lYsJQg3yCjvYlLxifjIIRgYFOpZsFCAGum90c+duTpJqr0Fe1+NU4vdFHfYUf/6PSkOYARlmcRIs2ySBhjMPBT5OgYaTfUzvxqsvAAKm5kzjNR0boLGE0KZi8VDyGCAxGRmBNUQRqDDA2/0ZMgbFSwOJjmtEHxXklXRTYAXGWkIlKWNBA7Y1bLuC5VK+wqlrAJ8w4DWUlAE0I7C4ulflVOR4yDhZZ2SmJU4cJsmkS5c721+HOV9txepqaRu8uD+VguYRqGk/MoLGLsgd9PqpDHTqf2YTuUWDoOFwYnpLU8klaMe6QTGSHQl1LwT1WoOCSSfJsoa7YrdcQNpsSUNgiLyMT8zLA9cPDKFQ0OY2mJg8N/Eut/Pa6FLv3njzXJkJGHmGPM+Ld4p1OWTqok7NYZKbE9KFgUSLarwBaDA1h5hT94Z5U+sJbwkHLYDqIp12fqNMHNI6Plh1XkfhGxWxs/reOXmxsGrX1cenyph7Mfd67+VqaI0v0WOLnd9cP726aSm06yVN/ZVSBHpHCrAz39ubaCotZ2R4qUZAdvkLalERripVxKc0apqW4ErIuxUxnictPv40EyPqITZYzXsHGdFVirf9rlyfGISXFKveoZ4mC0MS08s7Nx7ic5VRvDarfNf/Hj+fk6RmQ4gFg5gHetjNzIwDMhmcw59OwlCsLeM0VWZwS270t7fa35u/sG4Og7DZMo7bHgzcxLOEbGHZMrSqwvirsC3sK8d0QkZAz85F6BApa92NOnJjaSje8PlhOkM1gYRTkiNVZoMQleaymogAdGgKkldZJexRis4OzJLUkPijMz8oGFGMw4pKHf3IX6XWA4l2aBZlhTZHBb7aK5zpbiQoLzhf9TL/NMeh8Wssop04xyRyN6DRbWbjRuFN3Tlu6jbysvlDTBJXcu8VBdkvqbuiS+DTNNviYQKB8fsaRdIFBsD5eJ6wlDUaGqRv3BSfWPMSNWMhwP0stZwAAIABJREFUG3R7++K0yOJW6fbbuXf73fePblhu4LTl+FL95obBtpxsJ8nJYwBgzuakDB7wJFdjxugSOD5d33BnOXjrlTMFu43RYw3XfpINWn56sRK+hCJgG2MRaQMKUbtZUeK5+XTTynLZShsQfcvV4EDu0/N3t9RwXRJipOSY/u0slEVlmODB7lGO3bNSBGV+pq46AD8kuEZJcve8niuLyJX6LTv8/t2DFYBC09//7S94zB3JkQYBJ82sgvwWijKNJm+yAdB5euOiCnyFWxeUttMPMcI7Xyvb65T61oxlAG6WcP1JHc2JH0CxwKPc1tE9gSsQ1EjpJVPGDwDmuCWdH15zgzSXG+L6/XvPDyqK94IZe0az2EOAlxFYGj7yQSGzNXCAaHs+W8b1waSS7Dm9zL3mq0ySvAFMHDkAeqMYKwAmqgmUUmLOR3s9UFnvJTXjjBV3gZ2nsrqU4BiJtpEHixt95VxGWvYa16ekwBQtyngPG5g0Mb+JQgVTMVWCmAqSJmfK6lMYXiJ25FSzwhxXfCsamyiGPECQFjVaFpon540Rq3UcABooBxrNoyGAEb9oBKLvBAJ6d9S56pNmi00a8a36Ak0A6VPQmvhqgPKcNNByvgyTDOCLoqrWoHcbjqsEjgMlBc5JnDARF7qYq3qHCEEhoCMrWaU5PAo0nQUZzhlcRBJPIdoFN9qzqZPGJ0RQAQ9SPwdM0t+sZg0jUMNJfIJBDvggxLFfLE14EcilKrkwWEmCPNKrsoCbTGAMJi4PA+OMiTYYaHKz0BdlzkvzpqkpjZxrHT3hdaVjnyP5HbItAqRkPzE6ISdL0EZqEtKWqMeKalFpqJYOERu/ao6/qKww8Yd5HKV1ZcO52pNIu9rjqvJBdNI54OeTvaTIik/j2KhW9NflT1AzlzAWcbaiNGbhrsxfFcY4MM2lhZEHxlsyrnY/eMcU92p7lksMqYAgSxSqRV+dw3JEGZzI4rSIldSJYBPmrAKEUDJF0Dwcp5nIHmgjQdzs4fPjgyR08oHxX1bkeFlFmExM9EBsU4j91qOWHZYYtunQ/0bEKSTxJOOEBekklw0nvhj69cEDIYg0p/wobELEH0AAFNJdDerMhdS5mLBKGoJhE6pPHsfbc3ncoPJgIvGdPAfYB+tVd4+Ce/3MT1EJAyhocqupqDdmOG6ub9nO81vvKPv59HAewQARzCwqqoe3cwVd6HwuT2nlPDr7LdNCkDskbySnRhVjVlNnCRW8ilzhEeeoJkTFlGlJGICAHet71rRpz6Lx55svuQFyPD5bp9Lz1bY4gq+zgEWK7hx61y0LujwaZikR3JSoLrCh1QKPQB9hSNKd5VRkAp+2npb36HWue8BH8wjW/HptX3REOlCaotPIBLAdlzGx85w82mgxfyheQq2zz7jHWvz7NVHT+mAz35HBr0tSU3yiIQEts4WkUINMn63WmUFQcwTobLBTZCJp1BVbYZF+peTsm+frwIoOdY9FqG62cNrOiO4SHXrgKnO7lW1YjZjypWAqzELBhGVo0w2CupJCCQXNEZeqoaDDqHNoMPLus3sjrj9941VgVjWm2OqPJy9l8Rg/N51w0BJ6fQ0XQmR28dOiIa3LpWwyM1+bkbhzODreu+VCKmdYJsa6ffX9t98f8csR0Wz6vof/iRmml/KHnqGtD/vjj98J6uuX38B2yxlE7lOhapJwv7DFalwj1x0p7uoydUUynlvAnQprNhralvj+rYGX5lz67u7B3c3mdP0Q4pmZg8smP97PaM1fig2GXAIKKuTVnp7/7dudB+IIFEDKPBy6xLi//X4nbIgesiKP/1s20/MUGwP0RsHsVvZFaKrZj5gsv/dYRElwz0FkG8ueRSJhCEkZv7d1Ww5++/Pjpw+P989ucqEucY6IjHuZWAYsaCpkbQhqMpUBsqiMK3HbwmgmlYarog71aq7dTINc3Ozfh6WxV6ohGAqf8pcdpqqSasBg7rGEjMgJSKAYmiC8sPHS9tDGZrmeHailesY2bINZZX9g81yznp7+eNPNf08eBPTUgx6hCPkyOVYhGrClR+l2KW/9UX1uiw9Cx8ZksZERSsfmjyy4pclcrdFWPWp8+m2QtjRjpj6PLKBl8RvwJMAkNgjJKHEuRWjgDA9uWIstMjoF01UtmIsDcGfFhA0AGpjoeboWySboWG2QCPg8bEU5oJ/kBu4R4BCvZLQVjdEAqMv9TSzrLuKM6FxdjfJ48g2/K/ivWfDLKQKe6IanwOeCSJIOi5D5dRQUW8gq85Fi5SMq9Um751v9ULgMF5mT2iAPZwgKRAKeAKYaMclUS9YJr0BMyuXb+7AubTXcTE8mFCEBYj5EFpcgKugfRFiKymRd6GVUgOU0ZcOjqfYQIxdWgmg9V6PsvCJkrBSPKoVtCFzzScpVjgAxKtjZREYrzmYGiWYFtar5QPqGU7ME53DAFHZm4hEc49yoIye6SspEGH6N2nyzlBIo2AMTaXi/wFHsLC2g5BjaqZG4xlygB2ssDPv6qJpkL028jVZ2EW+6clg0iZK8iUD9YZ2FqDpgCaxez5SJQie7sIMUgNW5VhjiW5tjIf5FuKJLg4Svjj9YqS37pS8MIfJCIMxRisvIrWEMlx06jsj4AbTw0SOkjC05mE4V6xEi5pigqL/xfX7qfrrtMdkcIBnakpj2B42SUitu2sRhK0DyqoeHO6kVBHEVzX7XOrnBFL7iq1hl7rBFjtbRxNOQC8/lhXD64AFzee2kFxFHToMYzIk5yXVhqrycJE7FKz3tUpNq+649KcUAu6/HFd4w0bQXRjyUxxMwvj3d3b17eXP98yMLe89DHj1W+MPr+ytP4PjIGQtoZUoNvNyD8fadh3z8vLou1/NnF9C6BAjzs2pRauzATTVRltOREr1MoUmLNgvY6q/GqR1Pk+J6pjhLjMwP5gUEAhtMxQko8RbGGd5CS11PSu5VHOY5qR2mRMsI6+aTbt2u54qxtNm6nlW1VrkjNZjq9OfY68XYoQ3VOmXnjbr+pdDye+fPd3+klPlW8SJXgYL4ySEa28uIpakoTaW9CE8aCTABABvSBToHQWDPmoolq0tvCCgDbVcZcXZ/hq7ZEiSJKCzat93JbJwwGTpgmhTxug6Zn589IIbTECcoukzoMQ0Jg3TQEnWi86s76xBM3xg5BKGT1RCSQvl2V+WXE1PMGuqgtbxNk8jO/KeNTLGpsiSThRBHfA2qpXz994f39l4sfVUFM3i5qJmjZA8xZUTh6mKrxcp1BhFJlNIixkTMP39IrGxCJVz+TMkcz1y5WUN5DQyJuDXrZ5KWUFKQBWXPFVi+q73Q0O3Dco5rj0QpQHiaD+2blWyp12BAyphNSSit1T4+te0Pw4zxzVupWKyJ/t338/2h9/jh+4OYXgLa7RQYr39TQdp9f3cHFxtYKzc793JCGY3UsLVpjkXNrz8sNMMCScMbz8q2YY64t5kdR82MWrk0WfbjreVmSUSG9MNqdTOmmSzjbraNYt+6cZqepIfMxjDQG/fkheXa7uO0OJvfdisMHryjz1uYrTIEQ2kWSmaxehSJC8HQN1wsnIpCMOupsOP6A9KYZzD0LIVVY4k1nlGO0gXCBkVkPU9AQBES66wrjbcjou7NuINACJbsFtE9+LTNjmAxxe4aMd+s15WJNju4PQkCfO8JMhq22xgPrP0H6LoLcgF9Vs5K1700PK6X0qBENmt1kmvFfXVjhTCxisNcycR2ecgK9k9hlfHZMCn7nws0GUG6GTbOEVk+RO9kAg4mkmSICqShVV7DomXHGdgWzdVASWBSjGFfN6e7DGl/BL4Y6yj/SxNV9OcY+ThGe5Xm1KSJkGFeLGokddjxL32t4ah2GNCgFpQGEBjE7ErJIjq1ysrV3TUoJ6zD3IEAqBqEY93e9yLlgTx5oVhfA8KgzI7UD/HWYjY+x1hpOR2dj9pYwhuZnXYOSgpKH9CLtqbwc8zNlh0hVjP4kzebWeqVUOMq7GseUTtQTdV+x2lqoLqibyoXk5MWa/X/SFz9CnCdhiawM7ca1/RQdoZ91g3hgr3TVa1NRI8XlzFTzdzQBYcjnOoYEAYRZUGpQroIZlpIT9UOeDxSPnoy1lKmfwFJgNOmS+NQq4MXsgxmbQ8hYipuhxPvwUcWfwTNAUBZVaY1IjJXtER7F+c7WG6qKaRrMhZGoYJ1kaoO2epEsyrC+YShjnMspdZ69v411eRWvWbcD+HpGVmqhdYHqPkMTvwPcAoFpdRAIiCWFIY3hbORBZIlZ80dLpuQsTnpp26meQ3UBD9eQUJHa9TNLokNIreo6d4OuZXPg8XlnmpLJRsBJc6RlmQSIuAWbs4tKXok8wmiXgHCt4+zaDpCS8o1p+i+p5qdDnzsY25Mq+k/EufuRwiqK0i6q3QAZRiJJ0nW35w+p36nl39YYMHDvS2I3ilzZbv/AlKOpQu1UtOeF5MJQiqhgg55xhpHNnd/EifKOL3PzOxTXjLa+s66I6MC7DXuckKHukM0EmvhtSyh3qUrAW4GK7IvwWZCuXhX+EuD0k1EYJx4SwvAP0i6kt/BKUfxFrKbr1++TswaScQXYA8fKCJziOr/ur3wYJ91l+eoa4iW0Lq/hYwTc01zahdgLha5BJFunrGuE3opx1RDB9OLpInNvnLQNE4gwGE1G5tqVd3/BBskXaC+Kx4cJi4MsTqYgCPqIyhT3YHTMwkNRhlNHDV+ZWT2ObDhTU+yYPIpSLOvLIeL5VBuQHGviUmMmCB/DUsIemyyV9a6FaMBcR3TUZ6G9WQ/XnvKexOQUZWwzLpZy65HBz89xuGrjDXq2/oRXv3elffZL9yTIOat4SfF2EYBYD0OB2oQXEY7Yb3phXLd/+Fq4R0xbOWQxcwM9ED2TSA9wO9DuwHfSPiqQoBsmviZkEzBBsTCSCsH05/mwXxj/qzci9ku9pv1I2SmQJ6eYU9xRgMeSSMmmNYUPdz74sGldhrL6sj59fHZC/fMAhIIXWvrbSVGI6KDRXm1iQj7rAZcd1GUygoEW+9G27vv9kTuXmNxSLzEdbr4aSLQG2E8avHmunUYRmmekqSa5DPg8S5pz/e0jkcR79499dRSuy09sMYyqx2bvc3n+vO1RQEsNPp7aUm6EUsDiSsdI8u2GRHAp3cepV5eiAzI5dBuqf5gnvXdu9sbCWPLHNzIZkoyoqLEz7ESfkln7scRVqRN3ppt65PkRNjJKvi5hjLs8g8O5b/67dqrV8HvxcAZpC2l9dzKrEE3pZLZu+0JgRpn9Bld5mRwEilStOmuwOnteu2REK7CdW18G7WCrrZEUA/OVEQaex+JEZTm4z98fwI3GvmLDi5+ci8ix0DEZgxZKRywoAlaBTSJAGmoh3pqNpPO20NaTFolAMjc8XrRUFIvt2AQySfOQYvPmNFwLOtgokHFxCl9yGiiJkNvQPLjxUqFc76Z+DbsDIOyiAJF/5Vailk5+NHbHAfNUbRwq7utEphqRk/xR4XFUXXA6lPM80Hx6FXP/1SvISqTmTI4DgMFSwF8oipw7aNGAk96OAJArcHbZE3Nu1ZplEAJLoCnMPD9nsbKYPSziLSQFc8tFl2ClQokGsV0kyoZRhXG5ARA5Yt4F6TJam1cjImCg5KIOuSEPZ3FWRxlHsCpW8VgB6k6a5Xyiu7C2Ow0+6mDKBUc4GIfOENfUK5wTZTSdkCS8AWu5YSTdLoQpa5p6VNptQvG/mUs2EKDvpShRViER8NgOi26KioAsww6HNnBrAYGxZTZnms4iATFB0oEOSSt8qMqg3MgdHqqDhHDTEKzjCCHElXHpx2uN+HkqK7OSn6JEJwIVNr35N9Rx0E8QJP0hJxE579jRLjIZqLEz8z+woGySEySTVDAGGPHDKvIq77rMHxHabZKOvWhfjh5qWFzBOVwi1DJOrVmpzHBoHQvm7aRUunvNummf/A4bOHzwe5D/fO4iL3wX5jPV/yKRaKticNrS8zLQeFqFapPNBR+cqqQnaTluFKniHC5i9gOjbozkaxskuyKpmkwQfsExdGFEOI9kuylxzJ6gixD1JF5x6BezyOyu7/GDZL2MUGWNPkQ4bMuUZjs3r18ev+iBzmIBXIdVAFPX9z7wK5/6KDfPUd+rY5ZTAm5H0J/WXMsaAkD8P2m6PTlX+cZQ2T7WRxdEERODiRoOtKBzBOrpdI+INbmYtKJx6GuTIaiQ726MmOiJt8pT0gyqkyctGDoM4xk9Gv4roSRRKZYbbG4Xl5fs0GSd9Ixsxw+MZYm5g90+HJ351jGXQeWmPUY4JRMsYx9Z3TVT0CJZV8kAULw1jslGtN8pD8aEXDupkKvfKhjcmhtyuyUBc3YFwdZqMUyKbzbMixrvvUmN2VNm7Qri+h4kB66iWqoxV5PiOEJR1VZ6DwGNG1R67UmOhcvGUpu9efmIAnHdiWb4RIc69AIjww7yRZLUJJkZsIJOb7XtRMOqtHgMz2l4vippf8adUkpOXIQSZhhmm2gJLELZIXBAFIEWMiAkRCIrH0apV9N+nnx4baKZIV17a0n/rBH2Lwg7IiRaYHsFmAXZY2aeoMduXGQP//pt+bJcnwMG4S8mskzafd4/wBv3vHup1UCg0Q7MoSKxwfqdTNH9z+Tm9yLEwHffOSydspiHvZNssRCB1mVV8qN8lVNRBuBhpng27YTEkwRdXMRZkHZwdM3qRt7P6yAEkAmhovS0O6uSHL3f9wDIqXONoCOid4JKeemyDZpv9qJ+EGscm9cmqqve8NQ3aljjx5xkacRoibu5UldnuDSPdp0Y57VUxvnmilX274WsEqLtRXDVjGzluoCf7yLzTlCquBXMrgcCaAGgKUMYEepTBRtpHFOST5eCmG0/+qpkxAKQhVutpJO0UFZ45Otduv9Grw1/UxWDzb8WG6GkP92O7yHwNsE5KHlkGRR+EATMdIFsfMRiXJj1fhx2SwzIRpv0QhWmgxSL8ftq+fGJcMZulNKM4xUhSjEVSWRH7sMOzmNtVh1omGOXr4up05s/C2Z8JRA5N3Dto7eVRSUGOK91FIvq/tZPQSlrihSKewBrhvpWP0+Bc76RQeq5AIRgF81ULPQwQghqzlJlFY5aUDbZFouXGzQLESlG+VWtBoNPmBp5z/etRZdVIK7GOcypM3sSnxq20XSLE+J67idlnYJ4ACGqXqgsqV1E52JoK6IiqNEu4Jn3cdohlFBBKqpIihBR0GRx88vbprlmiiK6dUdvUlD85plDYjwPRKmzJrED2G6ELuqBiixRPBKCuN9FLQU7oBaA/hLHeFIVF07xy4hIN1VLwr6qFPw7CCQAXe5q0SMkUNKsj2XBg8M0wdqp8wOHMaDDkq16B3neK/HHRkgxmnYMw2VM5NqHsNau4NY0a9P5pUi+wMAl0QNTjCiXIMLLqd50S7UKNBd0pDM2sKS+CqNkNHo+9CuFnLmA4E7DaM10azyALGZutpylX3EPy67JLm5gXzZx0FIgQNnYg5N6kHinN68WI+RcI18/ZaS1VNIDXdWj6Db13vjCFUXgtRvkCAv4JcXWqSHpgZOUvXcI23u70wh/uxWBE7PDTCoFXkwzkJiGEwY2vFk+tD/Ew3hkoyWj0ZArkoMh/6ZEbnX107EgxijfQg8dqsNY/yu1Y67HHJfdD2DnupKDxKW2CIEimG+ZTJyZoKR5j6LqA92IXJcs0d7Moweg5mcNeMW2vR8HvfRFBIFYCyB2KVHnskd9QnUFVZrnfkECxF2I2nIcyxUpMmN/imGhI5gk2/mgMSJXlyKhWmzSaPDcH0KZPHpL+E6QG4mlXVHRME2zv0jhpiROny9+WJpDpzadbU6pWIKZlihaPf3c5PUlerwbE7Gb8sRPRoulF2Kv0VG1Kc1qXGdX/2HmSR5NAnIYAKBNwIyu6ZG9KBGcZN4wdokg7ggWBJKHnWcJeCpWI30rEeYM5SYKsQVE66b8KuJwskReqtUcGTtIcWnTteaG6rrBRFDpKhHf7po6Y5No8Xyqc6VeRrzFFP9jdO9fAQtqUkcIhh2mxvnHtkYRmFlCaRQtRy3K0zaTFsq/bEdmZ5SCPE6qKTf8zvkdujXSuUiEqJpMLbfmqm2oktKchcctSV/1lUiqGYibH32YhvyDHcayJmzvHy1qUfftJoTI2K0IgB97VZkkNh86/7lW4+iYnUyYPpx37TcCGERootttu5o4YeduWzYRJonEBpD3dzemt5rffnrVxK1rfH3P/7g01+8206m+PMPwLhWicjHNx88Wuf9x4e7e2GlWGNC1L6mViEsCP74fPvFS5EZ0c3nz/ff7sxyCQbEYAaSfxp0mvYTIpY4yRAoOruVZXqS1kolOg1WbVKc2ommRxDxPYmWalJDAC1r4NstLz881KW32wWPPX66/mzPMSYNn16IwnJtS7vW98Opec9YkEoysiZOnwrWM0BaOs6aH+HUKGXWndyyjlly9mo7uII6+BThRm/r2W0iTN06Kai5CrW2ltINT3YSPrs1pmhGz00oMiWaaOTD0LQiqyAJJJSdP7RZgtnR+GXVERFklzUWDvx7uG/HKh+gskhrlC+KtFmSFAyikAcQd8hc2K3J2vcf4RMkzZIWYtpKUwpUyIUy2LGE0/ywWCFLptNyF75GT7kCZF2F0KROMsmyFLbTNx+1dxf/ePUTwYJjox5zLIlTxblFo0EsttmTQNtbArIrKKjFZVWjkBuupM+fIrDdC9oCHFo/fRbRc3qFB8UQF1ZSSVXVt8EE2+lOltMor9moZI6fk8mMvbjDUDaB88tJFnocL1FFa0SJiKWVIY0kFNQ3TYW5qS5Twg2RAdhhT+VxktKxSe+k0qH24BYqUZQdHeYASbZj6iK7CKkfUFY92DRUB4zCEaxBUAiGM2XgVz+6x5l/6ZKlNqUbhvDOXNoNhSef/mcacTPuwpoEuna0FOyDNxBHE9G1NqqhY5W7EnOVpAxgXFm3VmV0+6AMM+DHsiA8mRKGopCC4H98YSQR9+N/lBdqqha9vqOgf+MZGjVDk25DAE719hdHu+LC0R6DAUbdTkcSAWl5QVA9EBQknXD6728+kBpXWgfgU11Sm3iHOB2klsp9Bj+2FExSIHUC2n5Sjvq+ZiHxM3eKesIa3NrOalE7fIiHxHVnEhnvvTfsJ6pIToM+7SvSuevilyMuXVN6+WRbF0jiRgGihEKK2QYkYaBXWxml3j/YXmQmoaedpQdUTpY0DAm2D7LF+V6j5/ZAY2WhT4Ta7GGJaklFDMc1BmZgHITGSIg018l1EUkqXYSYCJ2p1//0MeuJ87rRMcC1Jw//0mxdkxgmnOkLMdGjwps7NK3w7eHhDxM2NpEDw1EbQ4O5uCkyxX28mxHZJsPCBvEk25kh8HwbMy1BQ6SwgQrS0kKETTbR7DyFFlUC2tGxsDWSMjTkiaVMN17iPwbM/sRwnwb8s2NKn4+k/GwMeBcInaBUcCAsff5ya0W/RTEhQA5h4kTmMIPJVntdbBMI2Y4QWH7n7lRrpUWtRtolQICh97WZy7KNyJYavX8LsKbP6EuaT21vIqaWgbCD0J65+TFhIa0IhNnIdE1fgdKw+slSxxsJjZfE1PrE5nrL1VdtdAYrZQpsoBy6I7COyksmIED2xYnQ1WSQ9zPnyfFW8m/mOHJMKW1AlMEFDmZ1SbLuRg/ZlE5JIXa2/CcjN7VjPx97aBvcgpj1SOrpiTOA1894gCEtVKbvh7wwW+R3epibfeMn2n0fA9i/QphZPfupWiXUiTRw2PSejYY5sHxUSu/WKPcaS/XQ9ctK5bNtEhBA4gmvpGHvBKXJ3/m4kdDbd+UKzfn/+O7tlrSjKirkJyxVCsgtPmxN1s28OrVmMeWvSbNEBBu84Ob2sxsdmmLzVl/3Sr9796fffkt1cdxdICpngG5PsfXvxf5FFkJQsDVdZ1pQ1gWs7b7GXgrRk1OQ1kRg9dM9KhTCl9xZ4pE+pXpAEFXaa7sk8Lcfr8UdjRI7a3djjPxuU3F2Q3Zg5DvjEvRsO/zZBFzeL/poiPxPN+1ygVNaJnnCqIfxMFYSgIWK777dUSvonjP03dtoto+eDigg45+dx3aDNj7EZMzStOeBnfGCyHVx51kI3UOfa3vF86ckdOYLExeDayyncsek3IuzGZOMKWOtayMAeIx2NuJScxNSoGjVo8xzJX7rlKWJY8V/g4enNGFXpdnfJiDN+PeUzekdoa7JgXINSs5MWT+IhjSNnEvOpKh8yuMlsTIiepJzZhudsQdmrtZd5LYyl1X6da4sS1gNmsCXdfzI5gs5MPuqCyjvQ+iCNniqGR0lQpYRfFIIdiQ6BTGY9StJuErMZiLL8httEf7CK0gRV84TnwqrqUGuHqMph9gpLryiNznlcS6QogFMVQoMY48ZZP6w8MDBOWRHE0DqQneiXLshgTG5C86uIh0QnwSGcp8dhaATahWOEVPtsQVYiVgLzZFNfJ79j/aJKPwOGj4GJ+AqRT4LWH1XGxmGEE0ELvzEq+r0EMItJB5xpvjwxuqmdYWWQpXYm6AiPn3BVApSVVgYzSRXhRJfnzqL4PtKpH2tUZqP3XO+SF4PmBgXatEOKnKBIZABWDxQUKUKk1NM+7e6kXIqVhC6MGAspeNYy3CEsk91Ek+ch2SIBn2s1dW5CESfgfM/Vc9t1zzWqhBw6FxLLL63qL12ySLswTioZ3xVy1wv5IcmknwrVRtfF1Y6ioURgiCwdriCHdWsRv0/momYSKaN9FAOcXI138FazSHjhEl5ICJm+YeAICrvJl3JTVBp0d8WPSxUsmB9mHDZWm8O0iXOgIqk7o9oy4tKj9pwCFpry9227PlndoLf33+TZWV9OZsf4ZN+0nqkoAlwQ2dzFEb05iFEdNGOy4a8/kcVAusAO4WSZHDElIFGS4Di9aiok4kuUaJwEp1iVO9DJS5cKJg4EYSs/RVx8WNSwLYjv7iQ5j7ee0h2UwiSISLaKNBFAAAgAElEQVSKIvLYh3Z9DLx/vD6+tHAjdOY8GD4jmHBlAoWOwu2WO6eralw0EhPYoUktk5L+3NTEST0rrtchuTkZSH76AhE5xHMC/ZGF1KmCPomiS6l1uNhORhdaTCSPt2/+09//rbmQABZbFyrTc2KCQjSM8AvG6EAqYyc0PgZBxHQa3Gb81Jj5ZW9U6GZSmv3w/HD38O2ulFt/HPsD0ZHEZRYBVLB9kCz0Z6IZi4spJw0hlwn4jTFUNXZXG17IbPxy3Eh38HK8zGXODxRRgajmyltHaxIu5Sx4Jh7S1VxnkMRQbVW0jt0aouxKkNU19hYSGW1IE60miJp4AUxRG2BIj5r8BocQQ2kDZLduAEW75OLHN9ungxyK/HQ8QMaW+pmCw5mE9tHWR9d9dXX79bcvX78YRKUatkqeLdW23rQQ4rUpZoTYfQpuKpSa8B2W8FJZBTZBy27tyvRSZkSbSYu8ttmxclkUa5O9Ux9SdIzccxa9Dvvdm9trE5nE1UO/6dglFHrxHLBigck1V29uekEzQaKKizM9WUhPKfDMmiYdeq8xrbAGjMnSbq4/l7N6ZF7Zmj8zqfXcRiOggYtGZoA3AYbXyYOJrNBjZPLhg7eqoP14bOGwJ9SYs+xuIRK8/vhJVKIwoYwQqrk7aVSzGZFhfOomlNZy6Y7kLRcgkjIsoGvldU5kTHwE633y5sXUleT5/sGmSx0zVMTDSCD4JhCr2JTABDLDrVhQg9iSJ8/74JWgM4QpXdqWggkKrD6GKCbSGkOU+oPtQ2CZXWNmvIMqi4Mt3IWNNK1iQcZ6DAEe80MGQQnQApeapgYbzJuvfXXzXend6ESoIXDgqDIpua2dedbhNBqJhLI8I4giQ4j6yCa0RmAGhtM5f4qKDuGucLjko6u2OuSea1vUZWCaBD97xVb7MYZokH0ZoBaNIjs6CzLEhoIKFhMQFmSAMM8dPaOI+F3WsGouSc27Ty7ECQT1B2uexdlOcXS5GE9DVeDhluAYi55GkVKEvKhoa5auoCPPrn5NxngM0bqrp/N0lm6SkgoxOW2Fm5uHsE7qxFfXyVvsyVNXnsBpE8RsYLmiYDNQqcTFC0uLHbUFbBMHjPE0gy70SbnuiKTEJmeHTWRnPPuJUMcrSiSdNQLVRIWtJLhcc1QdjZy28d7nIp6YynKC4XsCUla7fpLbSazjHzsKY7getTYpF4VKR1sEQZPmB3eok9qkEITkMDAROlaEuqpF0ClQx2lQ0MGyh2cWrkb1JsaUDpISLhbtiW4NBiyjEPyGWEH1TnVkY87p2NMqVlXc9/iIhc5CNNrT6AqHbkR0hMIMJViZEDEFZ22cOtY4ggJdqW9F+pRdSP5+AzR8o746OC2HvRC0y4MFhmSLrkZ41NEGt/UQXBmNDM4kfbbC/PUoTRxaHNIdaVUvV8bWeIcPFvv6AFQ42h/NLJsRbcTwDbntOjR3+HQPNoGsc0epVuRqYkcaUS4iB4Xog+dj2KTnpSkS0SK0JZWWOKCMogKIPzTP3ScShjDDmMQONUpiPrUlzOm+VtlcXB+JJblLWaax3xzM5ySGjjvQQV3y3TZRvtw/dGO32CpMHUEliXXoU08CqEnZdn12Vuw2gxBAgQoqqTCRlzsuRUDHJrl02bRBPCQ1GaGsCf4+ZUUJWqa4mzoBysMbdh3ppIvJqOIl1PRMNmkbloh1ujrtgPdXxb7V2OH7f/vbvzlwMlZmcVE9B0MboMGt52yVUC0HXnohBvUIYitBMUKb2jRNVVSi2rScXTb9YCLxTMZ8f7Jiv+GEmv7DonPVSS3+BHvAED1BlxaTSF7n0viqRmo+TptDOmJWR5cbwbMsukFCq63+2aGlXhwlBsTlFz7Ne4lahAw4eaOEJeuRjpHsOwFu8VNecdkTglcPe97uHykpHbGfJswjLxlAmbyU+5a7SGzQTukMhC6zyXIFl7srr5zP2/kOQSWaiQz70e1ZAQeisox7GDjI1Ycb93+4RffVNjhbJUU5yevSCDfbbpqK3SAFC8eBMiDTogm3vDhZmC0ri62IKuCTbfHzTx9M8gFG1SaHGvXBTUX2KbZ5UV4i7rQbpb6xnSQ92LLOJvNfNDXl7kg1mWBhuCUw00GeGPOJLTAA2VQWyn7f9t680dLUXel0A+7cJLLl+qxnFk8qn29vb77cyn1L1JijyGHn7KdraTxerXSLN2IPfRzjQGmpHtNBifTo+0/veMQsr1XDogCC8g5y6/6NHtMoc2UNMkXTpoBZDp35fPx0e92ZF1V/lPimC9scaY0q2B9RGBLz6mQy16NBlOOwT9ULBOumYzvvo7JWCWfMDRg2WetKnhPjJCpVb94I+SJWr/HoOBMAr66w3lR99ANKu7HWYEzoLMObWeGbhumBdE/IyXUoAFQ6NjQjzsxx9g9u+u2On229zaxSjtAWB32wxY571OXpD9YBQlESQtJBKiduvpMoCKNvwkBcYblOp7m3TpRjBxNiauOhRIXcYHC1yKCL4uICdhZZ3l6DmN/TMAi8GKlp4KE6OBmH6LTesPqxUctdZSqOT9epqO5IQQB8IgbH+x2iHasQXCSiZxpwRr6VY0D1JooG6zwDxuWVD2rWqPEvDIGlEfodHYU1cKqBpmGInJPWV9jV0PsXimGcSWmE9sWLBFpcO5+qLyc7mGs8Ayxc1wIBJNK9zS1cgJWtDlNDwfN78IlgvJMG0lUGcBKOgPPpJFrMT/oTIEWifEJM12bNkw3soy3y/SmBoloRpr6mlaEjt6g/dNYlDQPrqtrRQIbVXnFX2cdhDCxInCQeVqJBNpUFdmlCjIwAOQsAoNHmINCgBjB767rfI2I1uz7ST6t0FEC1XVP90pccm94o4nj3MOs8axaU8KMfDzP8zoN8QHU9kGm7K0nbSTOrAVAwOcSOz746qDgeCLv/0KQg/wEAvX7T90Ae+8t93UOpWk2bgtmScUqrzQEcx1TkGse/LAd7+gMpiEp1EYawLLj/DjbPr7MoHOCv7BAoVGRUS/z0CfU9BqSWhMy3uT/Ut8nD3bZsrKle/NYolnyYNUiNfAtd5hZMMDWJqIcQ35zWWQgTRUof/UZCThJ9CBMVY+botZPyickqISdu1yESqYhmYsfxAROEFFaNoOQSJFd4j5UmZPR17aLU3zxaXrba9eOhnYVH1YPnkMH3FBttQAFDM512SeLb52zTUDjYYSNo/UE3dCemPC6JlA4lR3UHIfQdadH1msSLT0OvX1lLUlApYo41LfAnHhWpEJf61xpVg6yTdhaA2QnwsLHDlKqb+/tf/lISQ586cNgvoE8H1r0gJr9Qn5jqvIPsQ0cCtX6xTGaRQvxnREt3kikRWa7w1DjP0KOx725j93yN1prP/EXjUeouXOW98z3tHaZtZB5EUaQCghngpBOFk5OGqU5xSnEgw9Bd1FG2X6lr7G+/QtPcpyYNx7rh/z06aD1bfHvVbar1i7b8s84riX4we8ZN/9kj8LBZTSQ1XAJL5JlouZHulirbR9GWSvcEwGA5G8U9ETBOVYZRMULYNKVwN5fsKkRYfV/3beSwuNHjziDbu1SoiPvm0iYBHf5775mDhp0mqKTVS+SqJS7qnadCODeHKVFCDBUYHDSNFOLBN/QpP9K6Bzi6c+Ln4/NDmn3HCc3ByIO8QmPJKyd+W/5EekyA1lIHScJm3dlLyG3RQ0SPFXTLhwevvPBl6saoHK5XmD/cWZXkUNdff4sMnrKHxdALqWUGXtBybzLr9U9fvuCZiKUJNhqizX3PDqSqnAn9YsT19Y1c8NUGumd37P64vjGedN+xeyzcXHzDQi0Tg2X3YQJ51wN6PEERp/JIj6XqRo23Hzz/D0BEfv3yRX0cee1egmISmr1//+XLNSNi+eXiOcVPaaVbsHXfdla/vngqeDk3Zs2SEQzR8ZUpK+FQnL+jE3KgdkwzKdIvD6Oe0UYaUvqVZcdZCFET46bwgSiERo4q7WxmJNppELoecNM9QIVms9HefFdEYuB2NLrrqNZatdfAvVM5qtfhmBsuhct4vJ+xMVKJYhQsWBqps23pMEcWVh8fQ1RSj3IkMeZFHzRhtq6B+RoVlhE2oRUxjtZ5E4K2Qp6qrvhJIrWf8fTfb1p9b4JAYcx+f1cWHnvoj+dcF7ZA5W1BLjIApU5ZCInU0zX5ptiwwRp92YBifFaT9XKi3KeYWcBIMXl0wExRBnq+GS4no1Uj9SIy/ADV6sQiDpWr0kQH44kM1S3lSvfbtamFdvVIsQ8vHaJFEWdBtctdYhUNpx1rG19QoUGBIlqJgqSdePGSCFUcK6sn+FYDNHCiXOXzyAXIxg7XDEoMDESWoVI0dSFG4ig0XYrG8NS3ReRSIf+Yehd0KVUdJQMYTB+k14c1/QGqG5VUmQRKZDEWTzXSZjw5nrDYvG4qYeGkiTM/BHKsRWUSWEeONgJsujqwwQ5CWHOk5HykHKL0kihs9A1ZVqYQ8lrXaMzGv7FZMlecxRVjXT04gt2hv+S2o2GOWex1XPWhjcfyENeOPpziV80cPkjJ+vJzokQyj6rBHI6JKBJSoqjgyhB3cdSs8k5G1bEteFJ5wPfZUYVEUPsDJcNAwxF6DaJ9TPSvmk4SYXV0ZjIZHaTYJ0AsHaybb2pIypBXiie8X9zxRS/kP71H14EyfMLnVkJ1h0KtrOrJMqvpQ3vaH+/FfoiLaDKcaEmWGaTDoG8S4Oq63LDpQ9/N0zQe9alGjhvX0V6uXnv4SzGVBerIjy3PRVwem1lPx9AfiR7ddHWwQNjhOQnGdnDpthjVOGoFxm4seyjvfM3LRgb32Cgnz7lEq+w7Lbz+1Pd4nxksurH23gEPnmhbbybZdKuL+ZNlgdEZ/bPj/FDFJV9U03FZjX943j91x/5MYDxMEmWEWT9I9QRFKiwrVJDIcokJMO+sJK4ztIKgIyi/fPn4199+q6uT09ZvLcqXm5o7THh1UMjZYzv4rU+LxHTaWE2/BWTpWBlV6Lo9TZySBhIqFOyHUj34/Psf9w9//KPMwADi8VG6XDSNLdo45pldGthAR9uMMMXEeVYgKAW+uPjLttFfb7Vpj5WipJimE5a4ppNuBlrwt8oj54u1QKU67JJTsYFITGE6Rghh48n0SqBURl/mdsLJjCqRAGMxW48mLTNxuI4kXbkjm01/dNSkCBBUU2XRBF6GvV6BN9UDtQ9M1KpCgstS6GgyjH7tlSTAlJIdABgdOeTHv/75rwZSjFQapcx+iGMehJ9qkeb9eBRg8q9MFxg26aWQvHszjkQcI/l24jdX1q35NvzZ1ScBQ2cmyVzun+91uACKEw+vj58/f2YV5k1lTb1iL+VeGT0gjddSWbNucl63/UYzWXKLpiHIenNYaYOvd78XIQjfH91206CfBCw/mKbGAlAGRI+vvdnSLRHfHmxTea7Xl8Yijr6eX86ELrsUqjIVAHLyOIULfRJlRokw5e53xqr9Luy3oCLjYYcCYKsdz27FxrOAmJSzGH8OZYE9LxBco4icvZxgL7Np7TtKDGVzjvrESpKkhYY6A2pkP4PSBGqXsrQT2Ag+RbM236yAC9NDc/vs0R9BijJmeoVO3DW1G9F78LU0f+9P5IZzEzJcMxsWqZ6JZLSsjiQ8oOCFibagQRAU3kZLGW+r/PHVHWNvpY2sCjQhlecwTXZC/hRrTCec1/1me60Fl/SzCrBj4GKr6Ez0F/vkYostx/hPMWfyCpetFfBLQjlUzurTWHGeWx/rbwKyuIBh4+8EpopnrC7vTKJlEOouSmgSaoX5hfwF97RifEP4uKP8augKmVidBQWBHf3iRHmhg5R9gUPojpSCV1ukhRKOhQxu3JVLeqSiOgD0o37tcvm5Le1GeIRK2ooQDqI0JfXTRZZaWwt1lUywdKd9g88IQNekFSZ2rflgDpurnU6YHQLWigSbmbHsmLL61Gr4ksUKsuoaBz1pR1V16t4OQ7l/RgwpYnwGJ9vWQx5pkCea8TXogxWuonmleQCoiTdE2s1Hx7RmR/qjpqJLYC8soVHGAKw2aenShUWBSALDha1scCxEgc/4mSloz87qoLCrGHfnIqbzw7SBzVq7mDD8HTaCg9nEscbx34JGr6qCMPLisaFqXFYtTgguxcb6igAOfIZRg8gMtWCQfP2pEHy1IihjUQlzIS5v9d/KVx9wVApM//qc8suVyiIFYCWHItCcBCTMCVST9H3AHSVXm30HstaFPuTjopgmPHqJnBkt7ON9uPh/fVifwrBJheKx2KEAhEQacehkwMAZ7NXdb7udaOtFrz0v0ALT3d2dHBEODAud/qIMeWwm0rlr0CHpfVX7hGbZ4RLT5lfUjX5K1nB8X5iP54lickYRyNOB7+x1vMT2bO0IRXH6ify+atG/iZBYEApovd6eBImR81rXMt2HB9lQi92z977FddSZN8qTtc5UQJCMiL+AGDF/cn8m0Q2dPoygJIh33jRox/2v6b1RllxAmHL6WjSvAcFS0/4Z/Yuu4RzrhJk/ZBBlxUfDzkvXYjpGZ/zjEN0Xd0ru/fmKeXXywx//5d//tz//9ptlI+1ZhwmTpEPs/JD+YjBAVCEJnP1EhTJXkULJqYobZyW5Csq9NC+mTI300/3CtGs3l/lY00Ct3UtIN5mKAhcTgOCuTiYa/XEwzrJXHXPeC2OFGZ+DtM249Eah0izrREcJLkaK1HwePdleOaS29UJ1cs+y4XEFlaWQcqf6yB89I4/V5G/J+LTPd5IswiFluXXMqAr92ZioC8dmxk2q2O8luQxtXYUpDinOOErsDhgG8SWZ6XDUnqhdjCdbbTE5BjSRl0Qqw0MXfjSHmtOopre92shIXiFxUFsJadYLd3fnZg7XDcnR57YJ34tYCM8WkjHB6swMXaTUvsbZRQ++kae8d2cvr/C8wDbGzVd1Zh+ffza9SoxlNSYTe/NyU4Z2yrcQ68k1n2/pYbx4JPUjI5QU9oZNu98MRR7uBBUCEC0oSHxpK2k7wRGZYG0yNHN/e/vFYw1uPl4Tt/2FdbTU4rmGbpHu0TTvpH0PD82y87iP70wWGpVA77mebvLwEJzyLlqwibDZ5KbbEqW3SmZrb3s+Np3dmIu9es80UaIawqLEXKnkiYpbumUz7798/vzt/sGx5XMyQWSpsV9P/57LgMzgkJqxFBjqRDfEoTjCq+vtkw33okLGLNpmt+2AaPugfbrsN6m5lh835MNIxpf51TXmAM1dqEjbTl2rsojtPwMECQGYFcQEdNqLWFb03Qs/q0zIbOn7Ow8Dummg1uMXPMrRK232fK48TQZAXhHhwEZGXtEzRBFRBoYSo5d6NHUrXiKhcn5z+POIb3XKV+DuWeXA1TlIVHP+cuoY75OTJ1++aXyFdGoAeV5NyIhVY2wG+tD/PU8FLE4PDJijd/U+eIt0M4iTGrmjo2FgQmhepsiRl4E1ZyO7xHv65vzPJWSJ84lTaIiewsFQpZ/q9MEUJBuarMZCBimkI6SLWmSUyAPRfz80l1LMHajtckU1LqaPPSD1fqqvFaF2qe9Uu+rVb0CiMXuLrQ3qk1uB0H+KKGCkpLJV9WNhwXEkpyrnEPpkmYlGSzhHxBHM6OuygDoAl9CqpA0GOEGHC9EBKR3iOcnVJIeDC3nhGjH+MZYRGUrdUtoXBxQ1ViL1Qk/NUkD/ki9oPpSRuQUrcn2i30+ajYTUqv4hvSsJv4J9JeB8M2qrrHzAB4fLhBqgOIv84KCr/ZHy1Cww0dQmOH2Tlx/TwKbeC+OtzhMKcbpabVS1mq86kvCltF4sUqey/rmWgY3xA3nUVVq6/LP1mlE8kvAa9VGAtxo7BG7VI2YBSNNVOZcjRBOMuRpwIDByAezkWFV6ApUEcOFbRMtRxY51OYxctBattq4hMywrbDtgZYLR4Prywb32pfXBWhrD3cHa1kPhpp1Ad9Z6LHihU1BT6xdtCRAYbGFwyWF3LAqxUkM9QejkpT5lpNS7L00cDPcxgkELCGaVx3lQz8f/FHfkVuG5UN0Jd5KuxTShLUWKcewZLyW73YftwD5CL5fCz/3Lw2P3g03qfTEWzCcI/4tJ5KB9R/WMWnuBrAdy9LAetdJkszjlQ26GhAxFhxTtOvaLjmBVjh4wXKJUwitz2bxi7NFFmYt6FwMZ/0kidipG4HwrsNFIQv1ODmGZFBjNRRZ6xDff/x//+/+u4zftmxWF8XsbZGqNghJTdCCOK/eIi6BkiFafcoFsofhRWaIoNtqW4HAzEBFkLixjctvC+0cdhR8PG398epAFwBWemk4KGusnegqJPsxaSXiSeVqbfyILRYms0Ega6b6LVEDUlFNei5go1dKPmuV86UdxHXOPW+rY45Z9Pb8+zs7A7BWCswuNmtAGVl9efBC/sCF0fzCLY71M1+6lEzT1LIER8V0CBKGo1KNJiNlBGScQe5sOjLGglpiSsfxoDRcVHpkUSh7RGwJzrKTbDzY66QNwH/80dEVC49bg45voIXQCYBOZUD95EFCOYBURDmFB6NAaDaJ+2g2qK3IkeUdWPX+/pHBWrjWkh/cv7yz/NSU7M+3dHmTbIt6Ht95K7hbfx57DImLYCEj/spyPD89gdwexXuLaa4vjhsyaSCcybEzNxPTONGA6mfeQlIqE6TF9BlKWMpjuosRH6xJIkZkF6N1PQcMbLAlclrj37xF5ihK0ksaP76bq5Xpe+lKa6+GLr6/mTZH39etna9J4VKekwYtbXjwEp9Vt7nl7fUO/rkqa5L2MZ45IU17NwozTWliuvHz9WgZb7tLdOaWRasoXTD0Wtxb7VU7gaQ2L7MJZ9rxu6mj5aNV3vVI2UNyLF/WDkr4cuVGasTHN+pusosBIMpIwvTJKe9tNphYFPYHoEOACyPRdBEDi3kDoBCZ5X91lblWPiBqtBb0MG2CDAXdl77ldQXDZ75qRCWPpfnePanoy2Osomn5FoIiLFVJxhz5cGb2gZ9DcMJpQZvxd8Os06TBC/awBjbCzYsI0Vsxo1B5AdPAm5W/aMbkwdCS03bLSX70Qgy9cYKBbczLXhYIUosWyiLiIhFiHXvRjnGiO4lC7nA/E8hF3SsCdE3LgT7XrVI39v3CehnPMS0fcAjJ8nDo3nE+H4yx3EzXK6CDZduBCEEs1SauyCOHlxDPJu76BhlooSF0hBzGM51lv6MoAMAVCYDCZELDdrLUQoIVo1lgu+oPDAhLK0KffoCUNZg8AMFlFxGiwfypBkIfMKmBstmQrOwkt4cTQETYFCEwJEhvLAY4i1Bvy8CXFLDz+p+jGiVFWyIU+QjMnNWbJMR3fY6AN7nEVRgwGJsixVzWHM4EdD6BLm5fteljWeFfYw9o2BwiSC/mFidXpJ65cjhXCdADvRgBJI2sMXqOF/DOSYkvzKMVif6PZteCXTEzpE3Ano39WEjtjeyyWxyXBmoPq0lloH9OjJlEkvpykplF41NbhZHGulrrCntfPOKetkT4xBMYnQnfQSE6O6Ga61jc2edfsXZ9yNEUiT8GZOAraLM0nacWtLjqVN7r0a6m6jYcGor1r+f7u24P36XljSllkHUZCSYwTni6WqsGFTTbag8QsKzsvR9St1gMXLlnFSRInF20vAsJfl48a+pdEUiMMWYeStHqo3b9jJLsQHVXps3+8qWhR7PQrYT4ziK8CX6vB9/d/tPvQU2Tf2ic3E9UyM4ilIY0yOY4wVicnypTqJKMfVuTePWUlaKz/0L/4636dPJYWZk9OFAyCZAz6BAYEaKi5qAxHOS6+9oX4SxdCt8nFqTJocEM4p1KGewJSFdCdua967ZkBYNRq2/7//f/237P5qo/4YyK9czba06OAmnXthta3rakxMlbR1itxuztS8SXUNoMFRENr4HdDLT3KN/DIrtxXQdOv3kQjfbi/t+L+8vIox2JrIBKPpCs6Y6RNWenKGYEocGjssOxKTDKpoqhnMPapI5JPxvmUrz4rihiVgoIRGV7sOW2l87uk4UW/a/VzZOd49Rf65zfd/LE11iXHdFqoFbvjjamTiCOacntpbTehWD+9l0/CRM7m0UtXVZ3oqJ7sdUXwSy9IIxtWjw2UENc9EgGdJ892gLlWXAchrFn3fC/qTc6WFvz2pz/bmfcfv985ZVvZAPhSeEvzV1YSySATWlzd1sY8p85e6mibg+vNKTIbKfKzJwL2sB6jABpSlOF4lslVU3eowCwyTCIa5+igSaNkolw8JiZWlPUEZmvEMeTJ29+9Lde9pB8NllIDpgWOFmqTQGYg48FjyaM3wfj8cJdxtr+4anAlIZD3FGfYw5s3licQKDHVitCkA3cPf7x/8qycH18/fyaB11fPLOx2URsK1X+8u88hQ/riUd6lF3LHHGmP3Y7sHmCugxO27HC5lid+an8enRoX9kZDN6z8dFeK3Y3NLApyhCNiWZamMsD+/OWr4AWsiJfpTb/9lx00UdeGZMS3/J3C0dx7nIkP6jTbunOmIP4pJBPqElK7D27iinpuVPbfDEeCKQkmMwafoWU8hFKGgUK6p+7GV9jkbiqeYAgR1MUb6FFkL0z7C0t1Xx6l6PmCHwTzKrKmJgCRIeWiPiQBSSxmAM3mGuciGFJRSzXXCjsxWJKVHTpnHMXvTIo1RKLRVqcs2/V55bYMqpunelt20xoMCgHf3THEjFFSKAMgOSCbzGKaNwkoriXnnKcUbGfMpxTHloWjjIg5qYwKlFB2HvuT62SfR3bav4B3EBV9+xSJFAftcvnEE1QsrPiaf46cgUUT+AkjX0sQkBYxQpBTTlZwJzqzU3Wv8IZkaUJN4VtRIbmk0dVlnpnAoRE9VOlCYIKtRtpfmgtNBcPPHhROdEMOJBBqq55wqxT0Ju8Ph+ebvYUq9gLf3zQVGsUCL9oyv1aYBMhUBIqDKCFjSpxs1I+CtAljHjJ6fYHpQi3BKfwORVZT+HHxwuDQVx816sCfWNQhSR2piiFPZkF2hITDnMUAACAASURBVARuAdoypyGqjjtGA8LeogHjkzeT+dXuINSQwZGqCyqHq3aKYQpufHDJFJaCnLkCpxPMxOs8NUmPg4gKbZ6upDAcqPDWxgmTz9bTJEsOZBVSTYsC8YRrV5NtyDSMwCONDL8rq5Tg/XRZpZG9ajWKbjx3WEsXo766R4KdzOAlPGb3jOVf1E4fVoYECT2cmNHmnyWGCuqfooMvhDBKYSmGI0KAbqKt1VRjb6PNhz3U5sHisrWhtp3HdBF5Cr2weMbcJYQtLTd3KOTKDkOpZyxmMSdGvV8BNMHEwQTldJpL5DEYcwxlzO6s82SYmirtu7+aAcUTA7UrxIUy5OHFJ3aWJhYQm+zDz51k1x6oOmTNtBPsWUzapofDGtusschHzaESU5N3od+5wLeG4mReS3BHpk3COG4JBjAVNd8I2xdH7jdrS2eR5uGLQVMxf1fK9tNKHCna4aovbG2MdzjNHJIHY+hfbCQShjlrxc5/+/d///uf/yJHKNILvDlV4qb4dTbaChZWZxOhnqZckAnQb/7Wi3fzuG50tuLpAHjF0kf/iowe7jsWgX3bY9Dfv3W/guzbxM/93f1vdmZKFHo68fqw1+eSltbdPGUxvtxxhT/ckwSZESHHAb2zWFFDaTyNo1IQ2rzUrLsqOnWeAcRSAx8ZiZsnolO3F7U6VyUAMgGJnnokDCqajYAoQO+oSsIDzCBc/9q926HXh0IfSdQje5bkqdNOjayX+hyw0RTQkm+mLbNGMJUTdfrdNG1bN0sG4sWHF6pK/VFdxlBdbXxJUwQ7Obbcmot5vVx6zW1Mywu361LiWQBtIYg8MB+0rBXlMqTFPPxMWtmoB5qUW/Tu3bTa3cdyDl7RmvsSgjoYaHhoFm+u8610x25C91KkKMIwB6kSzTI7qMbGz9eH/z9lf95lV5LlZ3oYHQ4HEBGZGZnJKrLIYnVx9eL3/0D6p6W1KKmZGRgc7hj7eX92gYjMKknUhePeM5jteW/bNhw7OgBIa2xXfwBZhz0tufyPdE2rgifeXF1fUcPdrXfo9d48ZCfquaXIJMZQtz5kCcscWpYctV49yBoY/cNHJjJYgGWLrZPLR3qaR3GDmkny8UNdkoaXAvTo9u19izHjiAFsyr5BawU/eXiFG9rk8eam1QjHcNIyESVXs7Hemfn0h1emnW8kjibKW7GcriiqlJQvzdekKzkE85hrZTEMK2JAy2aZRJpdK9QQbLME24kaVVAlSb2ZDTNnSOnY9XpG6800QNVi1iXrEj5mxqGYTvpvKKgpHGs7laEmKwqFOXAQr6QAThfYEY7NOCPeSC2i1MrOaEDya8fEhj3jXXao54qH2GuktgjWM1uzH5JJyxiEPGEz5ekajgbxi7IckjrI1tBIZpnsFWSeAt/jR88yYldVZNv6b/itl8NTsk/a4aB4qNXBGbNL4o1O5aukmDBIUN5PVtzF/axtwxIIUzLLETaTawcXp8hUChCKOkBWdVzorMsHSiZe9eECk+ZwGpOVKJxEyP7l4NGTn0VbjVQ6TyCJSzJczfGazSnfIFgl4sCvEJTMQQ0CGhgNnXcUm2BEIAD7cT1Y6vqfFAELpV4ro1p9NTNGiJz662v0ZKv8Z7ElayBqESuMLE2G1OJUB8kBJ+ktKiLL7Gqm7GvcBz9aV7Bp77AAQwjjI86K10opBEqeS4p9XE62ce5PnYo54nCJS1XBavgjZsJMoflXGJdqrybguYNq8RUxi/EpnzSK7mEAU7XMIUJcgjg9dOxskCDKlCvLJibuxHepkMIq6jRLrgSyYn2Vx0RfxNoLKlXv5qlwjpCWlU6eVVrdSQcZoCqdHUKwWmM+HC4NlqNEHycjb9ZOwKx7MgpkUlZOmaXVVV7Z6HXMTKI51WsZkNJIv+Xs3q1giCG42n5Ozp3812cXKfbmC0E746SwPA0CcEbq3Lxcqk/fzSzfWXDebKynlt+akzV6UqMXtiJFccExSpM+BKWiNj25amG4Nwe0kse8BuUh2KdZ7chJk4cZPE4u84rYBsfNi5zmfWJIquiO+1l3J98+ySf68cEKTsmKCVWbUvZj4rHlMS09/PT5bm8HvJXtav2JPDmlMELebIi2J9Vw2LK6UIYuiTvO1WQAiHDTwIgVSyV9DFCtSpyggj/q61MMr3CHybTgF0H+/Obo3QJ8Gjl8hGWCcJpyWZK7VDWlRXPCm5iQOgYSpgOdrgk3rwb2v//v/93gredFGt2sLWkGcOMN6N0H8bkrYTV5N361KMFOe42CGAIx9lDSVhejEELKJTcZa9hLOHq92tXTVy+eo5Og37x9+/b164Z5JkN1V1FMQUNhIm35C09JibCfEvy5t+AnactIKlHjoULxxu0lRdgfsxuKQYnrkz/eM4bpL2Wprd7epMLU5SW+2WDBIoluQtl8W692lasahcCW1Yr1caqOqp7zaLirLPNzzyehHxOQ8JPIWFTChCHimFqAdh0gSiUrx1nFEhp3I8ol4S8FT/lFXfhjHVIpjkPoKFznqtWdcqxes7FpvMypYUIEJonk1473ANWusLrlK4Tjj/4M2iORRkCAugXE7+0A/aZ3CH1qDYCnmBO9uXD68x5JW2R/feCp4XJ6uGRwtozmKRax7nVzx/LKDwy/1fxLYr588KLNW88k1UlgJAbmsaMmRzeMXJz8bFzZdlIWFzbnLsvM9KUgSbjPYkL8IALb8E4cxS8aQQWNZP+PHr979x5bCT+hFbtwOnRfjP/RNsza+oB+Nmx5hTzaNjC2nljzodJKIrWYGmtI0mOUy4KAfUzyDnDIX3o46/38/v3bXHhuuLSfvIrt88jS53BlzBAWDHfakDYdt3Y1ZTQYxoqkHTUq6UhfqZSdtGex7vRhIOB40DrvpUvyaRj7CKmZB72wEKyRyAe7J6iKsr1eGeU1le7LF7+af2+sDjoDpUiGcpF7EWjZIYxsPcerSmPCtSrLO92JK8Rf0KMmn0Cza1lrfofaIkMu5hlwO0LYKj/N9cF4zHdQlJ37qt6d0o7EVduaBRMKaCGLHT6V65GakmfIk/Um4v5pUhxnzv2ppRAHGwvVAUKuAGxHB/zuuVTLCmCOBlCi7v+K1cISWiW752ckUgWmQ3WuOeqT7foqrGcaSuAlbWGhDDAJUJ9fzZGPUxUGWIHROBkmDd1kYghNTGFFtZhKsOEJVNBKyCYqMozKBFi3xX2fuADfxV1ITSM6no+xOIJYTbTEfW4JFWQNpEXrqVqBNB1MBUJ9/KxlkbESdd083wkiX6zxjX53o1ytjFD9CDFHEX95h6CiYlbp0vwomSkdvDAFLzSIBHAiiZoY6l/C9kkEAjTwAU1iF0UpM4GvsGsoTXDAzx5q66CgsJEY2RkmEJmmTDRaprQ6JHCM0Ukh+oo3gQylizVM0QN0lwMZqJGkRNSOhJhLYZS+8iPudC+jcLwfgXYIyLhMZkHvvBzAgT/sEF3C67/v7nQUqqxAc6pi4JxFZST1V0LXgyTlLG5pYv0ZxDOGyPY3mCca2NrG9EL2kTsMz4Wv9CKRWmJYN86iIKHTBmGyQysP38gOS2xIMenQHOwzoENqQ5Wlf+azTC7br39LHo1AaDNKNfxlopy/KPhNLB2RXMyPma4HGEys7djXSvjZlbn5OTyXJp3dSihJFyOcp1wMUyVl0qOJp7bAm7reebWXgQC9qGOjuMpNhJp596R6wQY3g4nCueA4Z+YMUyRNZUzL/Wb1YuJSLmrGQba25qVslZr6X7l6yz2bQoxLsmikOik5L55mfB8GaZu+ENJlEkx9bhKmeaXZxc5G8erkA59fvbj53//lf0MrkcBbkW7OwrmwQNXWJ82MICdR4USZxY3GLBaTtN1uWAHIGZhUw9GtGpBJG85pHWrEarHLZB7/7oeX5vKUtxLhl9dvthqhacRQxGgMptuLLYfDuTvnMydPC05P6ajGnyidFnhvJsuINDwZuJGihj+ct4eLSlDJCxCk2tFUa/MhlYes3sJT7p0VN7YnOsSEZe9bI2bAe92oRlXnQ+HywISpz5PKTN+FpT3YW5kpx/rGUu0uugb+QjeSQl7AWqQALKfLbSuiDaZD55UavYWkEmK+07P/qOSPhJRQMI7UjYNmBjUwmRa8ubocQTZgyFNeIO0QyvVesKlmO/jU2cnOktnjDZQYCoqSBsH55YMHXrpMCtOPjbibzBYyyAhmK/xA4EOopWiO1Ijg06fWEkiJAPlspNMAlaltiZVUzIhWj1BITJ15Hjz5u2hWQevOHaUwgNuk5sa/p8+RJWLwlLdv33hojGYytKsrwcgqQ1pFn1ElmsGyCeV1KGxo7u3N189vnt++syXNJ6spaA5CxgpDAqVg421XT2z6TVBWxoY4Izkhoe6Q4EglakRqL3opiXNC1C9evqCm+9u3NvXilSRHhLRbxKgZKShQV41AFuSrbKYx7FJZeV0PpyzcsZw6RXRXCG+MUDnm1gO5to/UwSLe80eAyCbmxSXIEl6cnAatjsEsc1hwMoBpsCJcQY1H3qDj35YPGrDTdon5ZXtMyDQ3onRCjLzWQl49b4Hmi5cvdXOIBqDCQIl7FlkVZtB6EPPRBTAGF6f+MHCYRkTDjZmbNqOgYZrbJ0LKh/NeZlYVwgrMkogM0nE2XTxvt23fs8jWr6Nw4zsA19wQchjrrrMcVkqexJk/gJqHqOyijKGoK7ohfCJLIF1RzmFaOGXPSZvfpkA3p8VkpGThCj0HZvFpHK23vAQBO3EEYkkl2MH1j0sxVTIIPWfPv/rvIvJVmFhRlGyiYGnOSkZCJSYcxbKwU4cRARjdnWd8UJQ+B7Tkb+i7GkJiASRyhjrzASlJjcUDeCQisgoA1LIM/AVvtjQQ6gbpYMBcqccMCLzQoCovCPW+IhMDzDIJnMqBXoHYAWq5VJ4QJ1GWVSkaP8lAoQlEqxoZu7CKfe3/yKuFC8UkD05KHnJwkaFmdBf/dhZ/h4CgQ949/xqbrIR4KSo4Ckze6dcVkfI7VYm5f2l5vOWyIXUjkkBxvFsOQzHm1Hf7OE/sqKOdnfLOU8zxrepBFGAn/gM7oQ5H5xHitovZzhFGGLo3sh0Avxv9Dn8389soELctPRQZCtZgrNUQ/vQQxXMNewMhNVEtqFqKERNB8MVz+19K1fjWhvm3+LD5ZZsevrNiT8ZIOEr5N9uucU7QwyU71KQIeM+ePe+RhVJTWUODSzAuTbyoZh0aqPsX+qiI9Qsx/ezSRWoJKp0xqjwfa+ThUgq5yOPc35WuuZOL46i1S0mmUSTx33CGPm754f07z6aw1dlPyihPomXV1PZdwhergclclv4BnusIoPNaJBN9HCTDyjjJAvwchbtUrrBMNUWBJ5giB/TdOzlmLE0SkwOpEoBLfU1GtAVi0QDimD0xd5Hp4GpkrRSXxSdJTdLnR//yz//8hx9+/GyHl0WmzUGq3J7JQBfRA1YigFqRrvCNPHK2wUn5by/cQylCGA5Dq7mViiHd3ES9yQIiXTjgc1KHly+ev7h+9tZ2dx/bQMgDTR/ubp94UPVhwx4tpoPcqq/6fy1cibu+kn9nPVNVK0dgkysycwFNGSnSFkpwiD8mwQrx6LZq2hrNsnlr7fj0Xn6mpAwQYSWBxEv8CV1nvW38JBE9nIHNbacsbFBVcsa6xhUGA43Qqtm6sZpJMEiIjVtBQb7MFxzmpTUjGpfJQyOpktqETMJ8cKECW4WEHKewGPO5eqxgf/9nShCE6amBv3SZnPokcl7bxLxqJrHL/WxqU18vk0wK9iyghxQRv0YibV4YNMOl1iCC+rTtrT3ei6ZInewfWLDoJXL1GN/88rrRKWJlArV6vh9+em8g04Bljs6/R4yt9Z5+uv/k4Rf0lfJJrr299z4p04Ads8s/dFbfv5dVCTyZvAf/byxYTJPkJoNCM+F5I/Lrt7/EsnHujx+fP2/aAf3406mV5eGQkOQ7/uyAKIplciaIn12TwJf7D2au9UahQy1JvHz1AjteqfLyhxfGs5gBmIYJvTgE12/f3Uq7DXb3gLPy3s7SeO2X6we9V9DMQmko3X96YMHln/78p9mp99S9pyvmVtDxQ+T5WMJYbMpGCKygynAIVmJESwtvAimJC4bOy8/29kUhmYKyE1fz1dz/tJB44pGsI5fIPkiefimECiMChRkTGy6JJ3D/Mv4chb6ji7GQuJwRvVndwsTjJjDLJ0O8eAK70iZDexq658NbTgqb6gIJqgopeIH+JGkcPh5pJCl41i0n+WyfHLQ+fOj5RRW9O6GwoIVBtDmHlhYLLLLhekbEiFSxr9134G49Qyiz4gjHb9MF4iMRsAkGU4jujmLKMB0ktLpDRW6zm9MLIhPYxJbolK1McvUvFoKwj4OWPST0vD6khJSzpOCKBii/r/Ozeigm/IUUwinP95n8BLDg5+Wrtk7sOXUhmpC38WMlkm7RztNO036IYSEbju+jqEqHiXELdOwLNmur4qPOlkv+TRshTa4RHsyl4wcvgCon2KxgnI01RldIrXS3J9sQE9HhnW6iQqGptmy8+tEYNRa5UH8BFupEFZNKNC6uaKxFnkvdDnsoCLurB93UfqF7hF9oDExIVVFby3s0iP7L9Xxh5hBJCIKgdmFKmOuFF376zQMdTQTqRxfRqxxzS/K6epFARCTcWrSjXUQTjlwoaRxGkI84RSNrPwXkYLB8jhHU4I/jxLNzBAZ7YjqSUWjojkBGRNIbMYq6B1M8Bwv0mZPvFalmHxUSZ6VnU2rkDQk7NkfpfJlhCxGU+dliGcOHqJsTLV9rsGnRl7eVJnaRixaXoMiF8wfs+ivSlA5wT5mAtLCpWN/mpG5beig0afK0rI27hH8V02ajEuWdwJcaGouo3TAY49q+YIz8fSaJRHY+Ex5aJizMHSl0G48p2CcRdHDU5AjqTubju69Wl7F0SkUdwZBLqUJkN4/kdRgf7t42wybZbR4KVYcJ0FTBF7hJ4XSCAzeCkhNf7y8rDFnBL1eYURzCGMZROUAZRM1cQh0tnbMZfy6VyUdf7BHMhTHk1Alu9R/C3Jg30F/DnAyX2rKI6mQajnw6zZR9JQm6KIYXRR/893/9b67HQeMfEruhz8gVTjinjalj7qGEWUGNQhvvYahi+DtKi4vY+74ArkYeXMoX+8UNYlTyxfX1H356JQ3Xn3j31jzzm9u3b1kSUBeAcXJI9R3xfeXm+OmT+s/fPFsBzWpmkJ0lhQWmOpcwlmVHYwO5dIHkgIsadS4ps/bQBYymOpLobXUFY+SillQMY01YAoGBRhEzZ2oh1AdjY8RQGabRNi+b82Xj6rWClKNpQZRJwKO+Zr0VirERHTir7di/w1hI4zeyfAglnSX5s04x14a0oUzAjbp3t5Qjh4fGDLnk7HhwXkfRCwR415QCpFR8Qa8REZdaT6nVl4rhqswVPBHgWsIIdf0couqTfqsvoQSgVpPrW5Fhpciz6+tcpw2zspn72945Em9WNHo63lDhp3svWdSPZE+CS6TINhr5K8h5cSHctGUS1N1GmwTTWAPDuFEjpHiT/goaFAi/EGPzFH1doaQAthEvckAn7YFdMKP3fOuz4IQuOSL5IJN9SRYpy9szJfrHx+obPynREfpGmvyJEpocFzbjvsfWjC+Wjjx7fjMvOi8P/HJ3927Ro9EFEEqVctsa1+iBL20mdew4ZBDTOP5m60M6hTcEra+OcghpTIerA5nK9gavg50tss0Ul+ZXjWXmXCTWeR8WRG6UQfuMQR2oO1z25iLxgix0Ww6Mrk/3d5K659dWXraRE1lAVHVwqLWZyp7yxibdbdkLu9XPZMmwYTrbg4BtueA/ETjIJI0rl6cCnDvSxzuvpLK+cQNozRPPRJmjTJG4iCbznPwEsxG8oFZ0iptNROQjxa/x6iLGkxlfU91JtyLo0g7PywIOrMtM2gHiA4zOUQp2vwPJkHLtNHVU6HoYXfIvPOof4Xe/axzFxY6Ts291dzasTLpZCwWPP5ejBYJIZiH0FhkBOodZ0sD58ufON7JXfuBVUFhI6R4A1OwKEQxWhnjInkgYDO8AZwEZ8MnKlQx82kssjvoXGf3sf5TUEtX9jg53MqehTYBJ3v+k5ytCI9kPonbWxcA1aigrkD0LRCLwgd4tVYc0AklXLfjUv0gklbrhwnQQeORUskAUon1A9G+R/uAf/yqFfHVmlJWdiC5f0Rvk/lG6n/58hIaGsmt7E12sLp7ufiY01NHepOIhcVIJYiBz0kthv3P8ZAl/uA65VU66yl18unt9AlXyEe6d90VUrk/Bbgcomrsxt6MHXaOEcmQaiD5uRp+/CroWkiEqwJ38p9eXGkHo6YhmIJtx2tidwY2dljC4UXfOCl+BhMmBE69YykBE92YKymlqIP3zrHKzsVp6ux56b2meo0kWUs9gx7Q9i+X01jYaG7I9xfa1MXbI+ZFQOOBS7PsgPee4yNqPCC6/XLmg62ISmYTH7GG8KyP3UsePzyAk6mlqdWNoUmmUzl8N2FJD7KwVMHz47v69HR+iKgdlXZ5abZqiiv5lbn2KIrOAzBKSgycqzv3qKkLFji6ajvY+ZJtDdiu+fGwJdEFwBg9VUazO6OwyVcPQ9y7PpOg9rcc7MEXQAmzW0OE5xwahuspw1kglC5r66YeX//JP/5kyYaVbFKQ5o4bnwA7MkI/EI6j0UzJkwMkiQtTtLjRi4zRDx9Erxon628uXFhsRLT4yIVT2go6ff/eTNreHVG7v3rx+LW9oJjcukC2VXIRoMoydt3Yo3tJfMoyeSbnGbrc6ncEXNXK/ZrgcKplLl8lsJT5PzD6X3FsO1dMPnz58sZ4sA8hGs/j+lWE0MIBdLtIgt3bqqd2cOV/9mdZCuOcA53o8sUUUZLA9wbIpTWir63r/2wobDdpGxDWW2lRgW7xVEtNkIgrbWhmcsT4zb7wTKYvIjS5cpBM/h8arq5evXv306octmjz24zFbfpn2sJYQoSvCCQ5JoRtsjtRIliZ7vwUhZQlZh/RiHDvmxLqRxOK2oGCWlohlyuhGIrkTPrU3ihmw3lk3DRFqfwShriIo0M0xtsGxtrWQ1r18EqBMdbsYJovEeiUvbz7CllJRnkuMF+V6X7PCSO+Ztl6Fx6J6IyI5S/BSxl6sou952DAriwV8FYhYvLcq20Xcwyu9UhlNlsXYppRCp+NHj4QvkCjrw+0HKQvyoE4OTNbT02W2UucHnkWhItzr2ij+6sXLn3//O0SYXxb9EMFKc7oEn7QBnDw0AEkJW5QQ2xx/6pjrZEi6zMwvW2K+NUmWAYS7YbZCteFbH1vt0BpjYCn4ljdvaQSFLlQGXuWiCtRZenZlRlh+KfkNgJ0sN0YfPa2yZTAofnp10yODV9c9AfTseSaRyXnl9H30y1mtvLSHYrs2OmWfD9rXEyJ5K+Zy3DJFnGUPBD4nLdzwWibI1+ZxNIWvnmHqxYbanc1ssyzrB55ttHGtTqYLVg5g3DUlke10leVlaYSFDjFX0fOPxWxigdaYZeVnmm7WeBV8IoM/+Yop+RkpSve7lLQS2MJI96fB2aCYkTNHUup0b8GoMDE5xyFLdBW+6A36+U2M+bSL6adgFRNuc5BOQpTMwAxePaIupceY9H8m1Hri4VKZJVTGFwhhrh5SfPdI02E6v+su7LNDrUk1UFit6MyCXGrMM0E7IbfgoqdB4cWigTuExFosjJMIcDT80UqGTqos0ACchFWboIs40QmXkcV4PfMqjX8XeDioGMRQR9GkorBaUdoNdyaO/OZXgVcwLhVM/6A4dvs4n7uqp9/IQHuYolodhXOMIVzlEI/GDGAlqKHKjmMMMchcpcp1ObxBr32a7iflKNmdcA5ZJZeYhTfyQvsN17Am0l8buECiU7Ha//Mv6wxtUl1VEA6Miw4TBHTupxFfAehKNtXpavsqOb5AmGq6dRiLG/0/zWFbipR01y6JRg0S9LyIeNrIngu+cszDYCKtrsbcV1KqZy8yGf4xfGIXGAM/m1u2/fOdJgnlJQENsbVaJWoQD5tGxr+iT5PLWoieXy4Or2nYd9kpxP5B2xcW4U9ZY3M/h396ATpB+KfEribq6WvSI6/ZafeymvQJniPWlk239Gjti3ETv9pVbPnzbK2llO/fvvf4NZICnSJKd4+dTj+zBLLYnHOYwU5t/Cqu96tm/LuXXNTo1koFssJJleF1WgRKygcHJflL5DOoqAboW2pAO8lpH5e3QjL8oYtFn8xSlYWdIkBHk2yqnZRX/p//0z/9+OoV9qFKyKhvgG3d93wk7EhHio/Lgtuh0CFTOfgaADjekl7QDBIcpXeoIfUSDxXqHgjrSHv046ubn3581dPL9gcx9PzmrRY7bgsUCcrTDqFdRpnoWsgfgZe7o4udXeSP6AYoWimyIlhQUtMY9rmZChcRV4JkmgRnLWip4Zk3IHhA2uC3sKuuAripoa5azI044pUlH+a6eiaX61lFpDjYLVhS/rGeCFqm2NIp41i5EnkCSisp2lgjHooh4eEIfqK4vmVvOXIjYBfzaXiFF9u+2KuJlfNXAmUzUe3iVvJFAyq4YTCgHmXmwWMrFL5JzGgQ7jl/io9WWOJ1RpnCO5Gl1GaAoW+KhtpamlMQthFc1mt8rtWS82JjPD11tm1i6miZ6ZbYyQBahWltYuWs+2xItPFLnpialm4+fP78OVaurtdpXYrmfhqiqah+YISf2xDji5sfXr549erVSyR5msZqhTlNvV/5/V//+kvxpfSqfNevRhx/NjhMJhlkqxURyTcSSDZTUJA3ThJ2ExShvLuv+dApMInBhZiWcX/84KV8nqdhhnfv30GRcBJj41LAT9LF2iSI8Eynb8UUdkgKuTGxGlJ13v6CTzkNGSIuV3Zxz+11bNVgmj4mmUdluqihZKg3tiumYQXKrgtaJRaie0qEAnxmb3XwiSyDDiwMumQqqkQwFoM279ZHMidVfWyz835pcQAAIABJREFUyauGJeKbB/ceQkxMFxVylugKw8fZUMl8sNV0xAljaxpQQf5fDVLY4ZI9CWfESzvoLMJWhdDYWBxlz5HhCgElPkjKKDt2qZyVILNJBrnuECiKpU41JROId9K/qEUMOqM0b2oaNA0F29f+1FIfMQXiZoH8pDCsFfxSkEsSGio8jpEYKhBtvh1HfPiOBlzt9PgOjHAhzmnEDJyvlQjPDEPVkrM4CWgwB2MHyC6BSy4IqYzbip1SQKWEsZ8Zxe7uKAgKI8dSFzAIi/l5deO8+wMqqCRaVybBbKLCKzbRQQEbApVLWrktiBHKBknNedoH/qBG0gBmGhhVNlPnfmtOLAoXOxPXWuSIi+jEHYXxqNZkXxsQ8IsGo7jAFvG7X8vr/rLCmK06LLF76vUzQqvRH8K6lJrjJIRrv1YwKvwhZAcRdg4GDs0zLXU6jC31o221ghBeUS06fSqAwtGzQk6rnLn5Vlx5jNQkdZzFVcdtT2OQBrhpNjKilDAn/lSzC2hXOJKzmlXphqKrEDWBq3T1d4b9o6+ieY8t+2L3PFKqtl576/4c17kUJSwEbK+Z45cHUkARU1MMmNoipDEKsd0Cnt4IYq/jd2/f9pYCO0FUhj0xqGo1NY+lesVLEa0bqo9q+bjdxq6XjpaRwgx1uWE2Oa4Pk7GCo0IHePvPLucBs4jIyv+7qSRNJuNkE8UqTDK71+0jk24BVYNU+sGkayQJqOTZhmCWRHluWb5y3w4LCy+TLYDqOS8TOsacSFLU8RmlCh99RtICSE7iFMKwZsvZw0werNQD3ISabxHdZDx6IMoaVN8ee0DkR0XH6EENeuYcYzgBlGrEZDdDmo84XiwLtzKT0Wp22zOL/+1f/rc6+c6O8vAUqekcYTTD1HUoDRa7SJekJcjJJxpuScENsapP0YV6iaKml3mZvWIGRBX5vavD7hqOQaVyOPQS/vz7H//H//xraxC1wLe3JiWrsmGCHCGKfcdtYcocCOG7HiMl6zUT3eih6crENsonHxRVii1NYY3HRCSm2FhefASD6g1fs2hX8GLSUu7CFrgHSSAbvCJIbDbXpzWB1YjComb600jnlbhqdKdJXBPNkLNr1ykj8120i85oHjGSxcgmxbHhiw9Gs/YYnBNW4okRZgRwx21qOmHfMY+VhOU5jx95yFbClAiat9LR+UTWen/mYXX9kqIWXlsOQMALjOST9WLAZBx/2LRs0nli7i/UnAKRzJZrb4D3i62hTUAY5b5+9txtcrHdSDOzKSM6OBKJEY8wQRJ6kdzdAxZIEoH0CkmsqCSIfG3Xa+OF9qNgt2RuyUlm06NLtzqQwkEL5IjskYF7L9ppyWmPpGQKvbLlqcTloSyzlaw0gpcXNy+WV9W8U74osynRTPq0loRg+aIlhLQs9BnT6ndGkPXC8fXry1dP2UPatH6ua7bd+dQDV1dPXr95++y6YTNi9i5mIvrh5Q22MXpxPGKW+S2QFRoIOlNzUNCtEeCM3HlDnmyGCjw0nHXkRelfremzMHgaK3YphU2zB5omJ6EQt42NskejWwSYw2dC7SATBNa16Aud9FqQh8ruQTTNBEKmYmPoQCDRsGhlgONR5WAi9tj0bJCnmbyzBHjyL8LUFnjA0dqJDNBCUCXddqP5dWTSz7pa4CJODe2BN7AqYDSBSVjZSfIWnvP1ck+GS/qtgd+gUowaWW/EfaZad0dGNR9KuEzSexk/eNN9Q/IeCUp8CaewkG0vx8mTupKZdxNlbnDxRDUXml8WLuYdYYC5k2GtSueD21fXaTBFg51KkZnsYCHDiE4vE4TvqTN1wwplthABB+JgOA9kAu0I1LVbEcqKEl5AGcQ4qVDQwwKIwp3BArwLfQpY82tX+xdRka3iCAM+GEhBxsZ8A5D+mRQyiHtyLIAAh63CLmXu8bUImQ5CDN6oUIz7lEqDF3Ex5aL/sVyZLoMPNYXKrOkgK3JGLJdKivhMEgqls66onOjiAaRTZklduC78oT7xJ77BUD2T7oKDSSMtTXGz9UQwEhVPEsO0qiCN+v1Gs48rJDlqE8hOR9jG0I/+J4gjmdhUHm70CDmjoHqs5lI9CWF+jLuoYGwiUaDF+ME5epQDwPB5D46B6rzCigHVSclVWs6m3abTBFXZ7gbpGN/YqG4qGfWdzBNK6NYb0mC0VsgCKR/xQyTo25dOe/vLCC61cXXnyHxiG89TTaQ3pdNSoDZ9WHZo3WGjh7JDA0CmDNg6bOtdISK28ZJzGN8CtTQQrgYOzWWIXwYX9GUlqLBGlaIYOyqI+mQ100pKfXYhJ52fdUEkSCSZaxoJ4aWY2juc3E7lBNwnjvYRppcUNBto+LBJ5o/GDt++82ztu1vrrApYiucXNApvS24mz1AVLULYwdKqzG1epGxGW9UZTHgTpt/OZ8BpMVJwWFoyJQEY0E5WFy6laiaIJuEMwtF93O2KuwEHfsIrCQjTCGBgu074+WjYnMuoMjLUeVLEG/aa+qlJL0Zs/KDBBuMkAXFlyRNZoYvZJIx6/IgsqdJEQNeDKuEaEgfwZEVD1gMlx35KhMlR6uCbRfzp559u/u//T4vI3r+/lSPGdlbTJz0F5RzkBrHunv/HpV0Q7iWjLqEqIW6qSBEFiMPUmwKqaD6nI4caIsRKv1mfNHVPVzPn+jxSrQeG8Fo8+VU/htkCXqtUGxOKw9Tjx88oCEArqnKTkHEl7SH36LFcrMHOzI9BlzDVzTisZCoN1SCySuZqE3ItXuzVuKlVVDsWNZZnOE0AZTC+1NgRfehnecD3xYtXG2upTYYuIQPnf96xNNTysm0Xw9GZFxQcX6MPmpwg0bYo0vvuPsAQVQuOAoPqhp8ahy2TlZKPbE+FoFFK91AeXATBMFeRsFuMLLMwEC9MgJHvP2p/QuM7ErU6Fe3AI4o10d+EvSedZRqMYSN5KTdLkQvac+nRvZfb3N56z571KG55XPnj3Z3bjXV7NsVrdjFbjmef9kTG3MxogPTRFvfy6S9etWcQ8unHBy13y6ioshdCJmT539ROVg/lLCZ3TxhaQnn2dbNhkMTvw/Pnnqpu8xczJmHJgNj+B4/09ozLyxcTtp2674gbL0jNVPYNeFadPlCXbp26u7PpVLEGnVeiiFNm7hojYQYqdKe2T9XUP6d0lGSB8Sfvbio1t5cDpvWMIaU4JGyQoimf0KFjb27LTJ/K1O08+h4MwwL6xYGApd4clRX7FPh0dy8vvvvwxrT9s+uXMri2Rk+MuKj3KBbQc6iy2joXjDiTQCOZb/0ipXKhXMNe695Mdf/hvd4mLT9+cPXYUz4bE2SIPgGqS0DMDifL4phwSCxu19Fzm9EWQ2h8rt2cFhxuZdIJU+V08aWNeYrJHI5Us/SMLU1wvbidonJYcqnXl0yr4v+pIeLFyCQPSBUIsN/KulfAF/yUGzDUHsLHQaJw2SUEqQC7g6rsQrfyJdDdC0ckrX7NR8Grq4EcC9gUNiPXrYbAFVjLN0YiKawEiPWJrMg1ycR4sys0EZZoSGXwVbIEhebdjaA1ZmC3jDsNghuSKKlEUVpdXgBfvGXz/u9ukgf1LAHHVJyPhlQTwasDTqX1GQtVAau9xPvavcQdnCiqePW1PlOlE/y4kr13C2YQymuDnciq6w4AOAv/aHIzlhNGUgMljhQri4uGsNSK1L4hLiaHUXmX0xeoUOLt24liKim4xs8NkAAY/8MaSd1XORjrRQ8dLJGdPfQbBINBTc7E3Eauk8o51x4pERBlq4WAaom658JADMtgVQLxqdPhPlVPVCBi8XzikAL4umgm8TEg1hsvivhFFxHypIa5JX+pRy2YytVibZ+BGzABoRSqJzikUVbpGYns0GIh773vZRhNwRQKN1PJbRFCWCmZKqf8rTv0YKAd0LbusCGXokK5YYHBv+jogGh8p0Ssd9LnctphjB+x+8Z7QWPy6d6Mwn11m0A8cvN7TAbcQI1YmYF2Srog8TUGcf/xs+FD8+S2cXz75WPPfg5cVgFqtfLLDhzynXRL3gUl9rWdS6LOzVThSkREUj6ZUjOIEVghf4HxJT3xcdhX/1EnY/ThL7Wu/Ts1AAEh704GCwtJF6jJrJ5O99wqqEz8kROqBNKdxNzvzP3PP//xdz9YQSUzaJ1B0R30cpoYAZPWoaRFXGpBDB3LI8shZFR7kgDw6DWqxHJOUIJICER4UtCulpFJMFzBVahno9Rug+E//+Gn/9v/43+8M2bbdkKGGOHtwy6QBHhRLN4ToO91VJ3X44A2o6/lmQ8n7EKDKylfqQSIBc+XaeCSPNR4CVIlEyoZoZ4tgvX5wQd1KCIn4CTGMMhCNtm+FcIllteoj2P+wheUK+6AlyXIOxuFqO6mYqM5K8laeJvC5d8xE2pXI8XtnsbI8g9NrsdtiuWmTaqiGd3Qitb5fZGqw1xIh6tlIgaj8m5kpHpUGWeTxWRwzQ5DM0+T5SQgomD1DeE0t5iFB7VpaB87MdFywZRmr69eaISZZaNdG6wkCZy2IEVpUK+0tdaxtZdelZlKa5Qb9GoQKj+wJ9/2P6cLpmYvmGbC5XzSjzvls01hoizasgK0MB/Pej+TTTIaPVL3HdR1LdfWMEQJKYFjmpc8JTHkZSqjWY1Hn7xVWWqp/PPrG9zpAIOJUythlvdklSyUIMQ8eD++vcMpHGKAWtgxGU4qxCAGmCRhj3JEYvGWF5bZzPiXR+apSfXnP/z8/Pr5/f0bPUsiZbjTXCrKV1N23y4Kn6nAYSsNzKzlBrUHhKVA42jNs8RdWYIatG+MkPE2z+2WcEW1yCtlGGzy5BJhZCRiuBz6Y28kGof0wNgCl40xKsQ9NlNMt9aGJm4PTnMdyYF40+R+VukhoauPDyTi9NjY0UDpPT1naiRmp1sAa8hr70wv+Gj6eiSI+tCjwV0jGwcLjlklT1FDbJNz+4YOI7oeLHAbWDSbRbtZa/llDhjNCa44ChRYtuCk8a7mueCvRJIoRZXz6n0kFgIOEP4m4hMtVc8tXM2KEF11TCiUC4PRMWV1hb/1CZbCaWcl1clTAFdOGZx3nP87TCRC5LCEf8mOmxHiXgKDeDzB3gUklQ4XwpQDGnGxA9oq9D3nL+4lxliqVSOcFTlVRn1URCpYpFBBdc/XsqslMcPA8kWxZbmgYRuoQrxKaqQAn/AfF0n/7sM+3unBmYrZdRUrz7TcFY+rVoksMhGtcQjqyHe1ewk3gJfoN1ZcK/MMdbeDVr8UHz7hi4AsreiT6r7L0fWRDGIsK3vo4ulqjM5Vi6BYGJzJr9Qw6RMXoQVn+MZDkGIxHV10tdJrV7BZNBYcDjAkk6OgCt3wT1FhBTiElqpFdN2uSCKpUYO+/oVFVbJyVv/uAJnUkqrYFS3RN3H0lQgC1uWkdpFvlKzU+a3O5S8l9Mm002CnfovIErt7CVAu6nbxq+xQ03AWe9dGCJNFSvnafCgUwciak+pSqA0LiDmNBZisNqNlVvCdfQLtjG01N044fnyWHYaqlqx2XN4h0D2xE5ktJ8wwh0v3X3viU6lsU3RrlIuGwr3aQUEJgZ4Y4eqcx80xPVUn3p2dS0kgMUQAQJLki7iC5TpwuKopF9Aattt0uWOPdff0TrPLb96YOTfvA5TiCTFg0Gj64s+pGBeKNEtE5U4KLHTNVnP7kkkqqOYqo9alTiIiEnkAeMcLQXKYCGkN+NB207+AByVG4qba1JSU3Lt4UBIsrGWOaCTRFVypOlth7X7sd8gKHj00nvxf/uN/8gSoVfmjSaDc7HDda8q8UDcvKu1Y3GkBlqcXNB8B004WAwilwTqKisuNDsZKnYPUq6WZKZ3QgQzi0Zw0aPMnCeL/8T8YlIdJbbMsQTB3F6GxoKsfL4yDBDQsh6tYCwle14mc5FKHKkmlREodR2WQSaZP4cLWd3N4Z7AnYJ9RT9xuZb6lntNOU7/i2STPqIOZyDFOShwFxF4NiDA7+SXQ6lp2X1DQFradASLWA5J9lmSMF3Sk5491xxp1IAp01LTqhHEUCQYDgCw20RmbmK1SsRgM2XlUKCYC1U6xNn4ZhYWsDFTleqEJRUsgOZO5Boq58zhIFChp8ggCvAqV8JmpXleNEmFJzQZgpGzo+yL/Q5kSKFcF4A97r7gBWa88aYMqGAVZck0gLRSDz9QvPzdSSOA+Ag2WeB4yXKRqwHFRlY8k9OnZtZcqKVUW3ljj168WI4pL7+/kkY8sRfD2vPq3W9djbpr9mES2hpoknj2/FtD4NUFhr+z0ge1+euKFp29pJIW1Yu/u3d3ZPbAGqZ2xe/wFwQTsMZMnL58TkwAHoznl7EV+/PE8XWSznjrzJVczNQb24+9+aJ7hy1fJLk2RQ+qcP5cbu+TDgEPV/f12zNikfWhPp2mFoRunPK3HzD+9q9KaUbqYXdImGYObwc7dzuMEBQjKC3EhIcMvRmUJbLAXErmB5gM/a2bEPf5DlRYJ3OtKPL2qNdPXLDxuTC5O02iOjDFb3+pKIaZM9LGdxukvFOxcRQc6P5xqnKK/oB2PnMAPRnpSjWjr+rKhZ48fPH/62FL0+uHoblSTAeZgjo/LG1fGP9DrAGVDgQqoi0nVI0PBJcUsXfObYdenPK0CE1R8fCudoENU1JwkEmMsz2UCvpKKRU+nGVYhcR9qpfViA+oaIRtLVO9zaqKVK07PI490Ews4LvIpQBVcYByuGcPBBmA72oR5sKoWq+n6wkA3g+9yBwmqoiptBn8SObVgutCMFkWcY1S0QkBUFBoCClLCTWIFOmUxmHxDVTScFBShkq6QycgTSRueP/mVS0mj+24mE+WKTNEShQ5IufNJSsHgOM9mYIRlwllJqi/wjMW4YFyBDVj1mFK5FS27wEajB6UI8OegcpgBwo0FwCNokSnTcrNGI+dFS2hHPHSRX8xFZ//6+D4HIzv0qiaBkK4YBnMNVeEPxI6DdBEDxg+IyqwSoY59N+IBsIHLQujkwgWiBgIy8EHAYEQE43x28Yg3pBXqL6777No52j2IUsb47At0nuiLx+p/mwf2zyV+p53wLRn0HGBNwiU1bGpZu1H3d54RxBngSVPAqflqEtaoYUsZQbxtKrZ9bZq9ygh4TLaVA6RMjVV9fnkfRBYeSgrN+PRgiheZ+h7qUwZd4oiSR5x9A5REfZJNsvzG/iyhyHRujt6UQ8bcqYuXmlUZnPnLzO1IR6pRN7YOdsOg3h9ti2/NvDdI396+7dmUdhSeAikNtLhKnFlEss20/e8CxHjtajNlLqGAXqFmG7mNfyi/QJlJHiYn4qSsbt/RMwF2BGyRlqUwycJORt/cWLHRadbg4m5mGNRWCZZPBBXu0xUX+FPS9T0xixMt9Unw9rP4L//0n7PC0OEFe4X7TrPj5nGahcWCcAAZV2zY2SwtuMLEBY9ioRbgKumwUZClIdYnqVpPEPr4FFqS+7prmyb4wRMWV4+ZE6MyVEMvU3SumyclgEybGvy1bi2turunESMjo+bXPgWs8YBF6BIEcpcLk4XmqyAoOKKjA02mCVZDIGw7ySPLKQCR3DRmF4FYvkJicqDu0vRgtuzGKWLq2XjMwiDqgtcI7MbYhR7u1oSRn9woxtZsIzg6iDApGqrBK6F6PW48JrHZc4xlPX13e+5wzIComa/HPl79+MP182sSj4slfCQcE1rWHglr15gMGCLzej0fk70B16wAaztDcW1JU/3mUbXlTnqs5ClRdQxxjVNPZogBLNEqNMfoBLAoY1AtE4ofbg8RTQ7dYy+GfvvWBoGGDWnGCrmSWVHkDFAZki7VM4DWmOID6wl9N6i1FSmsWL9N/MBgML98ac9M+aI3qVgL+PCB3qkyuqylHp8NIPacnOfiKRUEFCLj+dUN4eoDgtzT08+e2IXTczN33v63PSyTjfbO5ogvXxTpSmQyiLKZRoXtuvDEvlfQNZ5ZB1m6nL6ub579+MMraWiqz/9yg9RZ2oGn3uRBIEfJPE6ZZUiMfG6cNhu1Za8ZTGezBCN/a3vIkfkpWtTp1XkEaOfLnm/IJNSaNaYq1CfzhhiR4LTgoEtROxBBxO+Cvj5tkkyLQb8+8rDgLOvRtXl0+9pI1+wD/9n6YOakB/Ahm9FK+2p5UxZiEHlOUNOnMeCJY4+1FbBATgIIayi05o0ks8mk6YEkyD+bbuKMssObeg96if0rQO6/OM72Aa9J4luYXMOQL8/XOSTdkKT4oUASVjwnoUKXamxjHUXrqZ6goIjaK9bNuNoHrtzYx+XpoMCZqJwW55Mru3d1RdIVOPlqYHbYGWApZzUxjkK1F7QcR0ody4UUEDMvGhu/OU1SDnsKK9quePeHwwWfin0jOj9dGxR1YVPftVntIXiGNAx4HvTgDvM05QxVMRitwJOtG/0hPIK7iI6uHdMER6GduIFmmX5myDI6KKQ7W4FjAlPK0EME4jLSJLlaI/mAR3+dUmgSWHJLFESSzEcC+E7Vmz3S2PSL4pwG6Aiv0Rw5K5lCEnjd25EVBVoi5pFXQDPuI9oh3DRXHl+p/SgVbvIFoNJuIUNLEw1EFGkrcVA5RWA0VG+teWHsclEZf+5m2g5qyXceiNqkoyaCy1Ws3ZosxnTomtVFaP8Tg++6BTtClGvQdvH7kWNEqoXc0EJDrrEAvD8J/pPwGOrp/aBmlXQgFiJKDDZk2AhGgxjisJTBn9sNAE0WgW8KDyz/axJ0MUuomlnu8RRrg8oOb99tUIYMod4XGaJJeBAkFvn4tfVY7TqrP26xulchON6AJYSj6rjVeFKVJJNEcPq+/CROInEmHeJsHVa2WqdoVql4p9SPjUrkwJHkajLy4ZqYKl7Fmpx3KW879dj+4s27N78YLUFyEFQ4lc7hfCbbyDnJPWn7dpiXRmfdOR/gI+9CWBpy7Hb0+4snUFhcOmusKdk51my0wIrils0UYjY+sNhPIVUcjENVzvQt6B22Q+uznsiKo21Ccx3e0o5KHLt58PXHVy///POfiKJerd5/VetGOHN4CK01kiIgulRitCF7DJbL5VQygic967gYUXT3XxjNFdh93CcSNikv5AsaiYicp7Tt8NNXNze/3Joc7BVnUCEjXQlU9VhIpkXNMVLCzbYK1CyHfuUoiHLKRJErdSW3Cqb12t2km7ONM7fm3I2adCEDMSJCC7pLrDqzJaZMShugeTOzvHEsWekXryB7BmQjcHwFd1pHSFHRtAEHr3ke2pRyktod2GyvcRrSUWxGqUkrSpGl86RUcXgd9xLezvkj4sWANTzE5WQyVarAhPipvn7x1dPr5y88JwEWeLlUFGyN6VOioBXZYuR9bXeTjT5mtUYBAVED8NHAy+Uz4gALVBiXpGdMfcsWvZoZBjhyKNGKJfQA+zMjBxUu+C1t9vSZdcmyUijqhoh3Q1SwMZMr9zRL6kGTJ1f8D158Nn//9Fo2Rf5a2GMdlqGgOU/7ZFu+a1rG04sXL/gq/fIXC/4oGGvX13qeXotitaBFtHEGjh98CWm6fphr8pQEN6SLcTxLDjG/1EuP6LFkka6tdEQAg2tEqgWo4Yf65vG1pY2uezGpKJkNFlsy8ZvrZ7//w896vI3AZ6Xlf0mJmLjayMj4o0uaRTW5bnZSe5ZFUBhYirIQ3Xk1LSptNy13EA2dxDWbLuWqgxBYCCjIMGZvyYvZTJtZ5sdlkMZYvR43swpvY6lNUqXnx0a4Tdn3iLeEphCEBAK0aGiU2WncxqsKZJxZk0LI08HoQSEkWGBa0l1271ORRhZsV6WY0mWA80CuNQtP7jOSBkWatPn45fZ9W6FdP/NOZ+1BoxSxGgogCK/hcLxEM6uCs0UFqYLAXKY1h2uKRkMdx9NunSjR004Yz/SXFiOfAuJmikMkk001uZ/fRFR9GPwmM7bjq0iGmBVCGznNW9Qo2KdCxeIxujsOFtjLWtR2ITPIQcpk4qVKilZZbaErbMn9y3nPsQoRlVzdovqIW+iIUoWrgZ3i4AiKFHxNzdGTijcDDcDoW0Rf4SBXm5X6ib0Qg+L/SPC188Q16TgYHRUelRlyTZawkwrO1QhaxXoFVug77UoXk1Tp2RHRJBFZbJ08SvEzjqylYE7FYUUgci6qEl6WnUWiI97A+hOPZhJVF2lBWBie/OMS2q6EPaUxvE78dzWfUOKQEUboW2NDcC7uD2mpfmXQfOJtBKmZMuoplexz/yQXv6sIw/DU/roRU+4QGKzpKxpQAqSDSOeuK+XGodrpClB9Dp3pAV30eDKYMUU6Ls4mRuLhJrYvH5U6GQkATQLhOoSCX2tkDF8kFW9MAxsbgwA3Jc8FteZ3lw+eLE26aAygsZPg4unIN37QBtZyKA8/g1ZqaLBNdO79xG+8WorbxrBmIA8gzYQySEiKTi/qPf/aFltAWKbYZNaaBAT1r1O8JOIjt4TgLztzOeMZZYfEUKTk1LvDadxX06PJrk/mkIBZwG7vCsW6IW/ujbMxVjiU4vYAz/t7HP1i+mlPcNZLDkbAYszvYS+xBNTpBS4DyIgSw+5lUtVLf13ojE9oLh0heFC7UYW03xc5i62acrE3dCFMFLN1lEwYgYI0kLsdAWQwoyf+Iw2td3EW28pQ98V0MhRAqu4nmr98+Yc//Qe7uH2qsSQ59zMu2CV8lbEwsYV0hNUAIUVL0HxTNpxI1lmgnTXeqjq/rMCLeghKDszTGTarDnyg03XrX3BaZI0dtvfDy+f/77/+Yh/Nj0aPUs+npt76MNoSBxW5MBT9FyaMWYjy5atY5Fz5lw8KCuTNpCT8kcEk4lkx4MKparvbFOPEBumwHRkbX9+MMPGTT+vDMqWatATMwc0/msb9+NnQexRqqhKXpsjrxj8/bA9tqUUKIyHDXd7/kIoM0SW1BnOQVwM+o2Dt7iUcdYyFNItCsGpXp9gyli/fAFEooVGoYlSX5HIYJ2B6vsOIWk2v5V8lrn1SItHa87kMp3lD1S0xQT0hQIEGxEgFudebey36AAAgAElEQVQS/cnLQwtEoHwpRemdU0di9mLEM85PEuTWA8CN0fqHnFIuaSNFf3lqJP2T9WvsGB7iQot0ixRIQqqcMMrke5OeoINolMiHMx6F03Jr5G/ffbAgpTbh61eRhs7AMcSo2HMv0COlB0a5rgxMMgJeLJ1NcmUrj58/f9Z6EbMcLShMK/qmtx/vs72agyMiA5AeWE5W3vSpdVFmsjXE2HsLueH19dN3728pmniBxTaNSH8t+iyb+eLlLPe/s1fTc6sSH/f2eW+g1kdii2l+yiprpqvzNDHZz1JrFhmeTO44YyGOrTYcGv0tNmz5RdiyMhQGLZ0auNXtLy6VLzFnnZ+JTyHcU13ogtopC8/k0OC0p8XvxX4QCZXKFJKdt8hTs6RN/NwWRdBQnJzNsIJ24sknTwB50rxFQSJJ1ZIY15NPH29yWojoajRmaAc9emfX7UbOEhC9J34KueSp93Hz7ImXJ7aAtt4QurNnnS4qYwk5+Oxw4ISsCviCg5WxprxXFfywH/2KajeCrkAyaKjDbf9GTgCypSLxuZSE/KvAaiRBALHBoIFh/IoWy7taSVcbPMxxIANs+NWnxyL0kE8UihM5Wag2bKHvIp3OfUZJiqB5eOCAR6EgjmHYIyII4tcR7+iABkg19r9L0RNylAUi+8stkR63DlrueWlEHagx8iECZ0S7W0eerc7cKKuw393MXMNezhZKn34YlRCiu96XCxlqBJAQfh35FBMOlfEQhiSWOMK5e5RYOK5VIZozH6NwQJVVXmQ6QMbXCsUUeYETBUp1y6VidWMDWek0XQGfKbykNVoCfpoAULrSXUTY7WFEC5BJz5XDVYngdJDAuKg6Rw7KXAx9vAI7v6Mn9EAWfeQ7ISnRBXAWLJWd5PsBcchgTdNdQQiaEv+CcmaecQmuTN0tmILfgasOHEVyhRQB5vwVSlLfKVDxKE8FsOK4nmhX7y0+1AZyQBG26GO8gbtzyb4W5DljI/kQhyAG1QuVkxIXKZTMsIzKaILBSA+b3t55P/GbNwIwLnygqCzSKBVd2QPDjsDmsbUGXrJgBwsRF3I9xu1ky6t9EOYvTvsf/2iYqU8wcwf3aqPQlYzOpZSwz/nxjZCLoPMY/Pdxse8dJ1OE1oyJglqAcjIRsm2x3997bPn13VtPLke+KupfFJxc0+V+/CaYBUolHfoflvVgsrMprpixoJE40L8UgYArqj8eff1B4dKoaZiqmMDO/SIyoD1v5zfPxUKH8RJrQtWOYy2COwnVRL/QNVvuQvW67l9yYKezHI7/X//LP1MBP6AD9Y0KRNiKDThxg842vFLPyEq2FM34yN+FkXCTi2a+uJeIwmJZF+rteJhBfGoeE9j+UJKZHJpzdH9uvLCNn/GJWnqQEpuSh9qUEafxjLTILNWU6qSjxc562drvA1jV5LIKBl8b88hTUqA/x4YcgUQ8O3AliR27h7cFdkZuvti6uy6Tl/59+UgELMK8LJAaLnJHoScHRp6hNFvrxQQkjSQmPcV6aINdowT92jyFTaTxB4rN5LUHWbkBocwjalOQwgZri2vljmAardnw5DJIZPcAcgqJxx0pc3RKJBfXy40ZD0jtNDNXogRN6Ph3KDVv/V8SPXAqQ6ytGkxIBW3cPGrKuH0Nm21QCcL6L3WwYtVSYulX/AlebYHxhXeLDrf2oC6tbAMUXiYvgVIbWJr6aY8qp+XPXusL57qWtsT7bDuZItSjp1yx3VGfesGdJyHOqBLXKx+lcE+BJCOrJ73s7lYG6Cl1bzG5Mnr46uVNueyTJwaEGRJLtJqFnVAW73rHPT99evaiKeyTTONdAGQClKeLaAiQswtvgmFjiBPEY61mVqfsA+8Nv727S2PGUg18brEjmcibiKKg0kNuPelFkSmXJTieO9gTiElmDBrWTA48/AakFqVTplMY5DKYVtS3kVb1nj6+rl5a5oRqtwFN1fMyTvbl6YOeLAkVMWGKO8M+i09UPZyEdR25HJwG7UODUjPL6x43EsgEKah3Wj16YvGQAcj16wBjByIVe5Db3dqQnXHev7sV1OdTEaDE5y+NHZKy60wLMsQjZ36oNlEgJ4EQEt0bi7UH5aurR+aXe355LoB+/GNKfY3h4GeFcnqqR8kSfaVYwUMbGhVcYXXSM+nZiQEp2imVYsAczFWICyUJvEiR03VaxaQ32pyk4AKE7wp1v9KDTpOqdMdlSTX9DICvU8VlsPiE8wYm588gAOG0jlMaZyj+o6O2wjXn9ZZVGnlOXUVeFdOxy+ovyIbAaVR2GGKSysJov8yHhqoGP+53GEHLSKDIdJKw/CkshIK0uApWJ3EPWKtXHXR1lxOBWynPhejxPz6yvLbD5GOMVo3ml6rEKi/os3RsDms9wxD7wFq3hKmgNDiHrYYJVGwRTmqYbAZOGWIp2OBalciLGoysgzhRQoXbLR9KhgkvJsD0E0mqnlPnFXaz8FBUr6UP40zcgcozxq4A1hApOMlwsojL8svD8KibZJb5tC5Ewh8qTWTm3j20RRUEAd+g6TFLkOIDpqMFJUbdFFv8P+Ei70tyYmyMgBQNSq4aFDvJsMj1As7FaflIMu5XOlZrtAVH+ZyLpIqZnnqrf4b6hjiEpBI2jV+PHtpIQqPgj2Mdgzgo00dk8Wj5E4/318yyFmF7Yt+19vCjx5Yz0eJv+VKc1A3JYn2bXgJc3DXn5L2oJYfSQ6Ef6rD31wR3j+bFHuNQ7fyf0hJE/JNz8qh74yT1p79kMDH5ovNdrFSy7Max2YzDR0Uwog9XiC03wBnWjIoaE7mz17cB0bev3xhstcFf9AQpcrLoVLPMJrvHKUEn7hlGqLviIwSHABHu+4neiM9Huzh6Zw8jSyOEFvAIj0E4ZA0ykig9zQYogwxS+HwQg7jMz3cI/OVWIUoMmbKjVJBCEVf0VGH0JGKBc/keal9cXf/TP/7TJXtTeb6vMUNs2Wl8ob3HeMnC2A9jQm1hm9mf7JeV95hkC92yPGMY9VbLhxqES94Fz5HZG+hyGJZmg5VmXRMih2SOnjlFrnZLo4UQ7STkBHKymhb+HeFhcJKOOV3GAaRMfGWrhZiijgQyk+oP6ousgEUTyZIB3ePEbTFYm9UZNynqgh5kMMoF+RPgCcyXpusLe250rXZLlMGmbKL9rsFEbyaslaittJOUE/qdykgA3EYNM3M0yUhmiIZwmg3EHj9NawGaf0++iM9ai8c9GFHrF9FIzMXAQa5fXF8/fnbz7OaX973s1gd5lIIrMsz3Fat8JljDyfN6HraQ4z/5I5R/G9+3EMwHVgllfZCnnjO1hV47p1r4po9I/leP2qPRyj8Db5p1eaS7zQTd2Uom84LII0xPr3uilgnI/6RcphIbr28wid4feJyE4cGE/aUICNQ/8ca89lME79nNcy2QRal28QGEcFJTliRL/SR8ELUFq/otSPWQCh8mGbMT4NviBurnN89++eXOKKPcdvmx2j3npLpIeDwFJWkzrUWAoDQlNi7LLiR8ZNYOjp8/eeumhdN6Mm8+v6MJD1TZBPHm+WPvUEGBBZWCIjNMSRkkSaP6GEZHaSC/RkihwBmLUACzBrD5i8iYdxQsCuOH4J4hfPyU0HmepzSAIF+2L113iKoszJC27kBBPkM6ZR5ZMoEBwZk05OXzh6bSDUCiUSanX9zGkSmshhA4KWmz1U34u9WeZcs91Km56g3R1K3lQB2zbtkG93VM9fl7L62heOZLtnprxTbSy9EIV2vMK3o/1cc3Xm3/9euL68cv7LB1dd3KXirg6hTAc3kp0LW3wgAvlCH2tPWsut8IjdSCI0f48LWORG4LWdndJT0Fi/kb3Wi4qxOUoLXasogyf8VrInWTC6FLd8q11lC451M8YGY4TK7K5W0F7KKQOi7SsIsBdQ1M/6qSZyWlmqNCwQkDKi21G9gQEWAVkDf7YHUqEUfxPyshSJLcccEjosZoxf3beUg7y4KLJcMdtXBVIG/r4ioUyQqsxx4VQmD3K7juBMxlsOoyHvTHaaEgdsJof4OSPBQnHlcQ100fhdb+VD3dUDrJRY4r/XYUpHBVOFx1koveAaRTLjGxOlNpoE9OMckHqdvUJjX+VrJGiQqrEttDsbl8gb78EnWuVi2IuKgNws7ax0SBWxW1Gm5PuUqqlFXAGNkJKYXTtMwYuuS1T52kQ8nmYUi5piGLiJxkWWypZgxnOGt34kGBaIrg8tuuswQERZiqI7SQF3wPzI4zgIZ7NnMhQYGk29/57BQL4EV34j7flNWLST95h73ryzrKxLifsF1XTGfM8J1xw1LE/grOAESSyrBWb43ThmkK6M1BaIqNI/YYQcOHJmL9197HVvOiJKZSlYOUwNuKgm9rULchdm/V27pDb1ttAqEoUE+dHSa95Ac31jNj7E0M+8XxBEhq3Zy4KlzxCTRxVef8dhyc5J6EdzIAq1DIEKhKduhOVG/G3HtlvEL6zZvX79/dbQ6zjmCWHzqgCw9HJqOg8B2ybGBD7J1FFzdKhvX7xsRGBQYEMAWKFeklGhfcI6IGC1EgJEKgGYi/TL4p+8lGFGM1me/ROG3jcP/GaM5IyciAV5oy/ndKt/x7GNHrzqLV/AGmP2ncfvqx9tIV875u89fGDMI7YnhD4QDVBJeZeRrXZBQ3kg0mdBjh9Ohio1ZaAPodK1rumlhsAM4GG8Io3at045VCYWrpH6bMbQkU73VAei3vcRJIUYuvFIFBxRs7TPRNyozVGvziXQHJ7WOC1S9A6GJHQP899DoXSczpqihs074nrJsZWoiRWvJrO+2VDaC4sZba3eb9uEBMhQAgrYGViI2oNeII/BpY1kzwTjWwGnDr9KbMSMfFEg/kWTtLstao1Uq5RbEdMOdo1jetUtM9KVOMLn/KJQmpOZSVSuSkF8MqG9p/++610W/jMseCaEelmf7YmpQlZuk/7pEDZ56QnfcU6CcLTqwLFg5ogHByqbULG7Mqcqr40Dvw7DLy5LFHPPYCTWsx5RmZpREliX2M6u5FuO0lNbj71whosoew3ycPP915fHu7eUeE4TgPRhg2y17R71tacHvXfjHPnj8DQkIk17y7++RxZubg+RRB5aPnY8o8koK0AyVpoYcqbNotX2EiHpqR3mVFVEzA9PTL67ceiMp2Hj6w5ZYBy7e3bw2Rqhi6x0+f3dyYLGn8UrpZSiGBEyGLmOKfuOXpFA0na3dVFZBy4S8f3zef/b50xCeky/WJl54KIhRhFrvdwJGzIlmkQGIHXIh82IhvLlSuSFPliGVdk359fDA4Fxtln7rsucajqyxbNV4iLXtQ4l6w4q2Z5bQIcuApSTej2J7Oa+N1+VD7RVPgxd1ikBXmlMvKyI0VlkpKFp+0UygGQOdPutPJXDyiTYAftBv80yfPlGQblqKgTYGO1ijwMi6KG03IVgt/NsAsQbQt0gttgibIGAW2DMzNShgPviI3wWGLTzEjfthjVWst1g/d4GvzLvj6qPu4lYgq8Lp2788q4CdwwlIrgl2bMRREgk8ADpNGPvDNN1x3rTMiqEZGO2J4a3nSQKfDQmvrAPJd9sBYgsiSpu3Q5215Mr8oWIXTvQp1gDWacpXCiAw6V2FIewJI7tu/MoyAU35XAnKCxvRcM+cAfCGi8mNs+aWLQCmetXZTMFSyxrp8H5IWKChwctBspOr+ZaM1OPD5T/zdQ0TQMMkfnRRzAwx63SGVWhMoolQyaY+0qsBk6Um/ATpFIkH9hEtDqChTLJ8Dsa5bUTaBFDTAK/pDVvjLDdQZJTGBQXS6A378T+h+Ftyc1Wwy3BSz1gpBSoM5aQarysgtHhIjY5lIJ0u3FYuouGie7GgRJRdJTZ5ZyreamCqJTFD+oZ+wet4uUU2zbs0Oa0nyJZcjKTSwudhJfDjilLFHa7qBIEQJQYT7aNqPcp1XPGJXPiPCC0cirq6RdUYCIp/QDZf29CYrj4Y8W9zJRHmOGQT9MY3VQl5pou4r9Q0I3KFFBB3igd72TIrw21MpZpbNPtgXWy5lV+wz/VR2SBPEFtP0SF8IQo3wkjvvbSnPr7xV74mXptgwX1QLu5JlNMbrM7ZYOMYci1UfLTG7e0mhIpfrHWlw0nJyOLe6H+5sJCGV//fjPL76UMUIbkBUID7rKfH0wbTY7dvbN++YuDYDlEBSWcYzzaXFFmLgtebhAjJlTrUUmikoBZ9PmI6nlG82KFMKQOf9B1gq0ri7QiqxD+ofZGTV65ealNkUp+IBvPWBp57xq85sTTipET5WcC5xpQTaZ5cdO0v/qJ6R7BdUzviv//Vfr689y/lWXXcjPPEVXyKZTwlcVmUo7X6L5RgwOZRaCPcJCv3aY15lbAnBsIOzWFeNWJ4qyzaAbeBwSNaE47AqYe6xdi8rGxlRgPGWfHVvnjn5pY9srPiZ+Nbpy3UVi97ykmwDsiSgDN41rRNyz0OsTzy+AImOcWy8zZKHL081/WpNUMq2Er+OTONnJdCKQp1eFsJUjVNULMgmb+T1Qyj+17bxwcqMq+zoi1eAxBSZJZjYWGkF8CR1Wljr0HlOyqiCFlGijvnf3lJBuBoDaUOc5/+Tlw6YrMtxpHcnxSvynUeEkh0yzBvrI7pHXl56h8icthBNHQMIxByuGqBtSh17kmmzAaTdwyCbWLh+fKMF7lXqG8UsTYmFnoKGWXfSflYQCTmqM24UGVrVB/CcrODjgePs6IMdB1ONPbDkKAYKm5d7+PXpc7sFMebWJsaGEvVVGiTGNPXVBU3jk/vXBx6XM7wHUcHFILZhS7P/Xx+ZziSOJ9dX2SpuzzNGexKF543kxrDvrZ/58umxHRS93sPLhTw75cmYLxZcm7K2SvVZ+29/7VXOmkKP+iJH9BZGfvjhx2vPlDRtIwsisYwPXxt38WC7zkCeqFnOFmpkPlIuQSlcaMg/CXkP/OK8RVSze2ZARFY94KbNRz8K5WUd0Jfju9ZUcgHpwdfrtjbknvfsv4BPCtv/vB4aF6MfgcjjI95DLdSogTw4jfp/7aUJXzyd3XNaujTZlVEABEdEpt4GST173vJQ4A1GtuwB8ZOS4eF2ggT2q0E9q0m05ujkFFRW3+NkzPUz6VVzoStze/f5z6+eebjHmnR8QIMpWV1jiOzH21yKFjUQAJfWutwd3pddkp3+/Syb1YokhlPzLlU04IUbCpNsIAs/Ze0dksjMmhEUWIvC+TS4BKf36zbmxJT+oT2lkX65SBdg93O80Ql+VUtIipFmIpheJonRAB2AUyXdSHbTwtBWc2hHErwKVhlKJaTE4xNwzOCuABCWDqKmEWTf7Kd6o1ZmVfcv+mJIqQNQCUEDy4mva3l9lZQFjeqLDzOnLoALtaNoaQgXBRSbqGMeQ6Oh3ySvUCSXd0ZjiIei0LiTfomFkbKXetS+QViCyveqAUxXU40MvIYH9THWz+EOeg83xmfl3cumD69q5kYVzzLUAR8oYN2ZxhqTrMRRdvF0yRrOzlEIM4WLZrSKaBZtWN7E2F0izyw7ctd9Ch+JvLHCY4SBJ7vGdrrLsDtkgzWcU0GUzfzUakSFeBJVjNYiDC97boYBrLhCVe0COMIdNPscAqe0c+ngHxEITF8R7SvKkmH/sxmUobIJn4f32rzrp73M1J+Q0V6kvbmk8XoozfPWAM2mcJywMrkkyzp9CwpyTB3iSy7VMJsk8a7c8M1rJ0WSZdSxHh3IJqyIkQFuZuRRs8rtid3Y4d6aBaNICHFpaoSh+mCdzSWiCAGvKJgVTO/ThRtZTFKd5GYtiT+zqkLIu7i7igY8bZ8rwPnUxuCov75wZ9n0B7tm3PZWvY+9z4ZU4wINC+ERUJwBOiPfQVTsE9uc+LA9s+kkyuVCWS7NWnwfCMQk4YkqmAUfJ5VRKr2RexW7Qh8pQQ1AkkX1J2RXMoEEk8UXnrSBXUXkLrhIEZeIplJ+faqeCFJRt78+8Paz//yf/kXIVhb2rKAxRMNbshB4c/tYE9eijI0isfV2yNN/FmXFe1mDxqLVYUpOT8sy6ggTLnaoPLICPPeXvD25MuxHpGaszCmnt5DYtU5GleRymAIZ0yUiR8kufieCUSWQokjhHhUJLa+fG5anypOKnghOYZn191BeI72Wp8Vd6+K7l7ibNsge5RSOUJyZ8ZVmyeHvGed2Y34oL0KI+TvHykRn+lEGkSZSrfE30VYV/0Yx6JA2sIYYNAPN+EMRj2bk1aopjIeARq//jZ0omViVJYNZAVwazHAJUf2bLvL0n378KVNYoAkXPGSQkMExPWgtpqZ6aJz73TfgANd0338ueWVsEVOSJ7egl+RQe4+OjNLbEJ89l1OKBR8MAKEYLXImLq05QWdBEsCPLXresweP7VrEFnBnCoFlKWwxx5NXUpPG8AzIqYUjVe7fm3k0iJqxI0+A4KI3L24sQ5HXEZf96wHvWfJ82YrJLRV08OyRaYpPTz89e3JtNLT53o8fBJxIoiKTs8/2WCunfPzIAyVvWkXnXczvPQQjPjUu+IGDN9P67oOHJxQW+ywInvglKGZl9gbRcVf0JDwcNUH79Yt9GQ28WY2dvaXDojBFeRxG+URUKKg1tEFmZTIP3CviuohDhOOZgPPkji8azxZ6EBu3BjeNLG4ULp0qhzUwdWjrbxvny6AaQ4WZwmddhpezsXAxRoYdck2OrO+qXBxx0r6gqUb+9vJEfmOHfqTv6UVaJkRI8b9KYTPJLHfOUabI1UihIUaWuWnl7JXI0SZEaCCdR0AC/eQFKvf/85e3zx4/9GIcy42iTWKpTTgTqbDWh2FqmKB/GLMEBMN5PAJ5QpDGUvCeMO2mbnNsbQUz43AFatpBZMD1qO7fJ+v04itPd0QOHDFHSysCH4opAhYcSiiYv2xVflSILnqsaCF4MveTonMz9/sXRNCSXnE0vWXEaA0DhrqVe6KgB+kZJkWsOIzknyYVryQa5UCNPCWCJFC0a/FpLhtJIvAZii73OfjXYGxdzlEOeSlfGBw4MGZsKx11yjeulfxZSs+QXfRE41FdtOHNIYxKRYpwiHG3C6p1leSUI3djqaO+krtWC6JIRV0CMEQ+8iyUrQVLF7Vu8dvNS/GiHz8IZVyti4zOsFbwQtEhSNWVUndLtQGOnrxjZaPw5LEl0Mkf0iTcRwPgfmHfpYHv3GMqQiJqmgIizNDmRqedwdQQgJ7ovqk0FirHjbrUoSPsrXgFWRHKUR2JepZrMTKLvKNr6vRRaL0gpIwDwaTBVzKz4OngxvLMQCWiqo7aU68zzO/M5bAmyZEaR5O/4b4u6+PeyMTOn6HDJYTmYbQC/bkishRMAB7iIRgBrcrSzRbcmqwx8WDhtg3AfG7teHjrhRdtM5bkJRdthwFzzhL3QpUxSfPYTzQPLTr0aIpAcGWe2Xy2WNazKQ0tisIpDO0YySQmYKY/Q81JJy0GEtOOWezpcSTNSSXJEO4+l2t0klZodbJ0EoNucsdYafjg5GKiVc/bmDFpSPTta7tjWxuQ4AcgomLo6K7qHecOvsGfYlI22lxlyApAWhp1Pl2cAlkhsjxoSkLqqqE9AMP4A+W7UpqlOjm2JMvRvO47B0qkz2rvA2jiKi+J1mhBqaMjjhXMIWcYfuYAVRpvuKpLohl++I9/+off/fR7MoG1NkaaKKSXKmUXDaGVzhB6dfPeOEQgJhea03ttTMOYInSba8gTOquBFPV8CrQqJiUQaTxv6K5OofyssjmSGCm30sq2YVJ48kcCCzdpgNqgyNSNa7auV4ady0zsdJWZILJa1MICgl6vXYtRFlR4K7WKlv7lckSGKDzmcu0A55EURtLev7WRUllLNeAqaaTGxnE1rRLcIohKGWIbAlh2ASTE9JLfNCxj7xFv5ZF1SRldtGSsycqpToLY1DaGICCiHCGKeI8kt5AJsk08hLZuZYkomsxDEfnCRyo9vjfWraCVxtAP3t1zDSSTdyQQU707+diEvWmSeHasqEHTmNlowUOPaOj4edbEuE6W1VjSIuNMEgDtGkpyL62XXh8uEMOlD/vG5CULPQHXUwU15PbX4vfPr69sN5j7sbVtrCge9K5qM/mJoqVpanqnTjaFA3sr8pFPKKGRz7fv7bPj0WgrAjSBPWmrp9rdZy+8mEriLn38ZCvWz5/++ua1rFHGIDdTEhACJIIPnvB++Pn5i2d0IX4dd7u5ufGgHUN79eqVhg+d7Lfk9enT12/eof/Z9XOSppYeW8bF87gw6IV/HRuQpYa2gv3TH3+Gn1ionqfkJbnaXHm2G1N7iAooDoEi+z+SoCHfdLupK2X0ozPLtUkgBETHgoWwixZGuiXfCsuCWm0Rp6mZ6+V1tluqZTEKUKqRbmuLjWIUkniZPkB+XDcKaZTRE2SPrgR2b8LKNaUgRsqfZvaiYpYpPeGFuoQNET9u4WdOzH2Z/iW5R03xikkWr6SStRzHuBJAAmHm06n57I+f3nijwv2XP7x44sHv86LtueusFgWwTHo417LQeekaBFoBjyjlpeDBIgIJODm7AXk9PVJn7f3tQ2sCxujiipYKZLrFktIUpKKVCDtgtwjMy9SBIO9ZM5PHgTdVpgf/k36MuljxGCPmcMVkyaK/7kPTLQf9T7Qnw5Rq6yvOPXO98VsoRXZdsm2fxADcEgPUHDZAh2shPQZx4av+DJoQMKbSMep9DpuilZiaUPxkHrQXfRGNyrIiSHIQ5S64VhjAMOb/hxl1HKOG2TjIlAuF3VUwlMlB3X5FtojryD/gk0DRXlKY4TY6w1nhF1bgnQz7ihnXxrQhPzqYXSRGiR20bi1IJuigpwKoVVlMUrGQKe6BSbULgVNbKup60yBrCrrvQuUSCIYyuvM5nCYfdxLYiEIY5uqArJqi6q62F1sqkRzUZCSrV3faKYGPUKUrXpnsJJIDt5uxlbbDlKjiK2Ulc3qBN7b4e0nnwnZl+nf5qH9KHvGHOATnK4iKpg+XiDFfapD8QXQAACAASURBVEjf3q1PnlujLVbqKIvW/XkepZU01kNbYKONIBUEwx+CNTtZG4AzM4o0vay1aNxQIiUgelXu2zevhdSCgn9LtWA8UgODn2BPlM1vzcnIDHtpyrURxAYvo6Ho3f0GHJjE5dNR5gVGzJUljtG4m9w6oAd1EmVFdsdBwq0mqxnt+0kj+/jd/aPxMjFUryurRTImag36R+9bfvv29Wsv2HvyoAB99HSA9R1ZOwtIB8dRcsto6lOllO9AGOIPwzpjHbWzibX6UgKk8RYlchnNCjE2nCY4+8rxRkCWQ0YhjLm1CJEBPdeKyGwmOfV/7BaJcuxqFACVJa6kBb9bk6m6wPqIGv/6X/9FxuK1ZhWJnco1zJAxpct6jOnpkf1CtNlH2Fa2dzyXVg6FLUtCI7OWX7LpVpTUEBH2pBk9JRXEh0HRpdAOgbqNMyVA5b3m9erq9btSgdJBHzLNSqn2xIS1j/CwTRWPGIo1oityCgGyzANtrPBDGaQt/aRNYMQIECx2kx3ljOV+UV7Ma2Q0pphx2Tj7Z62sBbWkyZHmraV00T8N6mPwJyMwfAwNeIg5QJESrloOF+ArSks3y55nP+iHuYlXshlwrp1Apq9jTGvPu99wQjPL5I+2glwcF+Cn3JIgR1hQ20A9fGb9ssIx7CoSUqobc/Fyt5iqkssZBkI7KfMo71U14yMxexleXFM8iWY3cNHuzzE4d5VcZvZIN1PwMVpUb/As3TixSY1XbPc0RU0F+4ZOIb5nvUthFKKmONpQmnrCcbbLEROT80NzxMghCbXJ296rzvBlQ+zIbr8ePa6GfExFMXQTlHr8YtT7T++NM928vLm6emj6I0H41+q6xzbGx2fsJxs7P7dMzTJK4Yk/ipjSTgZkJFERWZqUl1SlP8Yxr2+uiQnkB19vLY344x9+PyVWiFLBISf2PooTMxxpERreJQ+YC+LIP9cIwy+SZIPJR0KnapasAMfxXFTcWf7Hs1yBZnoxwFkzP1+gEYUbcBKA4SucSBlhxSGOG9ZteloMTr9Gp5SV/mNP5pzGHkjlFdf74ZuP2gLcesXeNBhS21JtWlnV4KGvqJ8sSXt+xCP07UinLSfhZTUIyEZZ7Eb6KdJrZqwBhesHzQIRawVSa5amoIpVCX1xq8+ssohFE9whko0vp3ocDX9lyjskHf2tFWGBpJ+0JwDxyp5ZFrlm9TCJJuC1cEIBESKZKV2EqkMBrFPEMIepKBUov1iK3pw0dahRKhzZEeHL5ZyITwTihJrpuDbSlZjEl6IzhxleuADblYPBcSIhrgBqC8lBEWCHA0Y3ormD0DgIeXfzttWLYMVor2gWtVHlu7BRiunT/E+gVY2qCCu/URJroQa6mHEMEuPHU8ajO4WXCNH7bRAB9MoX8Yiz6CI+9DbzEDPehTB6EpkyKpfrIpWeJWTFwSI9ZUumqSgSXHcnYMVRZSKStbgKesL2XVqIG+SpzXpg7vrorHTadeJfEKpcjE7GUdaPekGL/cQagm43qZTQCOFbaQUY41FJ1LhbjeSQooKsEaj8WHI/sVUeVW4nz9irbCMTiReMnSYrxb9ZYHSQgOhQKIlJo+Zx4Cxww5qA0lf2OrF0PmYCCUe0RkoCIhNRQZ7p8UCdszankAk2eldeKACJfe16mF9uJCPHjKgjqZQWOGZvqaHZACuymn6VGrb00HyMx1Le2kqsKaFCTtkNFhPC6MxiYOH0MHgc0vyR7V79ICekgk8fEvBtEDG6OSTiYT2a2+/4PzJIbaAnx5hMgNVyAm1XNoSEnk4qOg7SW+pI8rsRwcxc41MPV2A3zXXnKT2vXb7/YJuzN/e3d0I0m1Bl0QCEjD68WhqV+4vIDEoHp1vRWZWCUY0zpBf04Y+ckauU0wSddcUCmjRka88XA9wR5WHszwEDa+17pLOosDAtmFE3R5gMApszEHrQFVmrW9nIJt1ib9+76atqzIQLJ8MXNzf/+p//peGrUgscIKAMbM1bRgBImPtNkNWyxEeoJdqFhrbn3aTV7th3pJYAPlbBwMQCfPvS4V+EL6ZPIjSDkzSkzdMYVDLoPjXSjKMcUQGSVQ4DyJ3vHT92bSlRxLoRtKSaMzmP/65VdUqb2rKEpZqgJuwaWjHimIX87uvjniDWzBw5kQXEasS8ZrhOKqRnMdxxlExZV5Fdy4PdzY5Dne9zNJLGL3+LvI/Ny/vgvxZm/NQKKmOqqOe+tcE5zpE1OZeAUszF6CI6QRgSIKMMIz2yDbwRddpTdD6xpBwpBQn8q5IYW44meYW+5BIJyKhX0ksFOsB1c0ytQtMuNp1nzrDWVNHHj00Lou750hejQNfPm3ZHrrgAUEr3yr2ewv74VI+67dItdWPgyT9NNED5uQfjnjZCzKIk2SSFX3GJ9hPL9BvjeU2STB7lU/oYJY8iRq8v8eBID9I+Mh/CjWVsz+xN4wU2JpR1Q2188+iOmOjL08XIIDbhxrMorWN4YBebgJssvnr5/JEZG7OjmqmHD0wi9KTPp8/6swUqGrSVdEH/8fXNUxMmshk6Cpr8y/O/Fi3TaUnwgxc/vPj5j38kaPHyWBklpqXEVzOUzaeQUgkSBzSJuFDDa7tBVMkO3UeaSilF5+Tpg6tNO6N7wcc9xrYcmk6V4noUYs6aWR6YSQ19lYzNaHAJ/l4D07IHAtfbb2SfrYwdctMYSMsYvBSqx8d7+qps0p/sEVmN8Xo6KeN8oITl7WVjJ49nkKDJwGoX48GsFDHNCPEUN/lgT20x9S9WCPz17e2r6ycvbtrpbFE8YuGimro/bLU8l9E1iJHt9MmIYiv45GyXCf00Cw/z37RC3vjEb6OgDvKFhTPjy1Y7GNu4M5OVNIhT3ZZaHtU4c61PDfNKHHiK9rAdNboHfRTQmsOdFska3JnAqbXoEeiKFX5x4WvBQP4UXnRaDxGyHLXGhW/loWqsN0HkLuYxJUcd+giR5UpdH4v8ooQjxwI16a4cmkoEmVBVRmE/PnHDzroU+R1IZUTAIPY5DPo+R6BizHFWO8IXJwdrTcFSkQGKPIREZg0TyKPlXCCco3ScRlYW06r1uhDNPjaOHkWFKKJKGsnl0OO6dSIRFNgE0RWfasxPkJZnqRfBweg0Xuo/xGQ0XQDglVHUMVrBfquDKgUTwRrZuE4bnbqTOa8Z9Z1xMoW+WXsU+V/VfiulQi7seiC7X2cmmfZRAtRDoRLV25XRHS6fXQzCI9v4ZkDlta6WHY9cXya8D+xgFjACr2BYR2JXRpPr+ygQV46nzt3UuJqX0UHjBkJyKeIWqZQdOqv32dzBt5qRDW02RzB5s5Gs+mLGTpq76cEUjy1vR+x2PfSEoyahCcWZxvSb53BNbg1yMzqiHoe0z5YJ7Rx9f+Wny1P5/5FXOoiB0Q8C7sZWtE2VKfGbD03Ml6KxXGGCTjbVWmWngUsYvvrXnZgSD5vFsmJuOWLjh3Vm7u1r89rqwx6z4+EgTjcXNHlRxsKc88SJKMwDTKNxMcErE14D4wmlBm9acU1xxlD0cnTZqiF3r+1zY6QFXCVxWQDR7BH9oGaT4g5sIYy3WX94s3SfCBiSBDqhoncRlWgr5nKSimhXfBVHjl/+45//ww+vfrj0+KeIUTTzzRIwEaFoPFKOP/NiC2ZA1q5fonMzpCSUBhp6K7qxnT37lPXiESHQJ8Ke7c3mJ9VG0YrLmR28RhA9oVmk1kQUeeei9J8rHIdpsC9HZmQjbLqfs6kOjtrIKM9zXo8wIZc+QeqoX/Uq15dRtEIQbE9sMp32OUNWIFY3pWUEXbrTGmd44gB5dFPPl0JpY81xzsOxAERbwm/9Fjy1Q62VIrhauroGGHH78EYCjpe0pqXTZ0NqAGZWiRqc8QtFDDZ8IvWc4lNqJCvlw9VfvXph7Ui2VB5yLAbyvCNhgPT1k9d4kFA3o7qdgNDYY+OUrQ4CjaQJsfmBNIHFNqoHOJphIUKVbU+oMvX06LHb2VpjbB9uvc84IOYtpGYJl+A+m/Rcuy/moObLVw+qV+F5M78iQwp3fZ0EY1AkWdyxd+v9veDhKYYk9uiR3LC8gWySRP9EGUHfgKIurHFTViNrvL1vcLqhLEOorXV5pDl672V6ROpT9/nJw+eo7o3ccfWgvR5fvLzSYwBKJopC9ic+YIRZniyz7NC+PPZ9NJttMlrX4MMnL6bD/E8/vHp+c5M4M7z2RiiLBHhZl+Y8KQBUMEkE5nXziLVuTnEn8EiIKInixiHwpUjZi3xgT1YR1rGrmna43KqIYN74dQpj7RZh7bhcpMG/xodw4Lbop4BcrxW6EH35KmdqtdEexObK+vCrkT8IQA0jGDA2+1wXTql6cRhELprKIIHmUq6ME1/AZo/4aiuiBQrF0qzCjIcgP1v6Kb38+afGDwmJGTBEihH81KVBWopOQGse2VKhoJhQIiy/KmGNW/f2S+hkIaYnEH+EM8rUdDoAgrdFV0aLf6wADOqqs2L5Wlf5RhI8oYZpFUkQN4hhXO5GheTgrgN0sh141xakknTSN/NJ4bqOqX4ekIgCFnOn1TyoNAtRQlpuMIkiZ/KIvqB8wfIOEzMSFchchDKISqe6WP8wEY5b9TbqiY7xM2jqRiXJNMjlX/xCuB5azHXzIGSW00m9sghu2CpAqKP/xSNmFldxXAwt5mHgVBxYRhFD6vWHmUkh82/5iRwxfWTFU2VYBgshmWXnfdTb+DduMSraZNiEwaQroT2pAEREyzwumKBbN7jrsK/9SDgnsSwWYe8CqbwqLQcN3vGdvBLMhCeEJTMYJrRI4nQxhLnVq5yb8fqopTrsmFPGGJDlo8BFQ0ytVHSNnqGoXarhPf1GhcDp7vk/rZ3CVUvkxVFAyWshellFyN1PxfsfcdClk+B1vP9hdE/Etezaw4BidwmhoTsNnVDazHJpmuQtr0DEkdOpjfohAlXjKjjqdPV24pMg3nmCw+SyZ5c9DpYp6XGKEZE8ccV0I/acGWgrHFt2eK3r3WOpeuTa/VHTDJsSWqVIyOjLnMZGXGQnC66kFE9RBMd4n6ozFtrZTZKbSCKiYk6SbEpXLJNB55jLZTElPAnfeMNYPzrCH82Z3xo+tI+44BuepJBBqAEckIE+ogYlgobCVfjTLyvLpC5Fo8y/CWU1E/JyozmDYpHvO8dCEyGOsl4/x9OE4D4JU8UakQuwOA2T75rjyMr+FfOF4kj2l1261ghhYaR0qGbHvcSe63dXRDEO8ejrv/7Lf2P81BhezG3EENKgzcQzXnQKaq00mFgndViQy0hg0dzu/bcoT50FD4GE5LVbUUs5dRxKz2SDM+/JSKNX66WMEvoVT+oop3Zkek7WBUcCEamz3YqNsmmZQ50glTSKk241Bxc8HZBUkPIiqMAF/tNnxBz0RvUScl6aaUkKXO6iwsy3oRTHmhy5lA5/XM6kcpwW9ICgOjsWAFi69IoyLz4VCFVALQOk56qcTBrYh7KKhmF8wJE89emR5FJkPLBRJGWDDKEhauLCR0/CLggbhU198jLVS2yoXrEysgYgEcYFqXdWQhXNt8KQGNYEUO+xmKUOLjbhXaWvX+31Ql+Ikk7JOSgrE4gCdmJ46U7znV9d1cwL8XoB1YyV9V7EQovqvJpSrHnqKXX24jWVNY+MXADAMUf3ipFcv+lg75EzUpcJS/t0NslKb9K8RcN4ZINg4rJ1iqWQAEV/kTkrlsBePfaWNnJIyg9bmKgvSnS8+pe7v7A2Q4kFBZKPDJsnWVr3xSYK5lSsL/RtvAZqsQnN8qBnj21u89gzOjimeFHOlpzUOuGgsA0XbTApUrx73x7aHpSeNUoi286I0MyyfHpmAK5hYx+4E7z6hi00oB5dmr6oNrIkD5yiozb7VIjMPc9TAGSZegrkqJkhFBPcn3tsLlXWs6Uyu99Mnw05WybUInrNOLXREDoZJ1NHfKAhCD1slJxL8NrA89kHH1RXyxJsTpOLkZJnbKjdJpdPn9CL4Vnph2e4SUWmjuDEb5WyZY4rAAsjtHII/Q1M1hzQUgQp7AmX7Bp/Or0tLyj+moDSW+i160KHbgcG4K1a5oRq1Y+o6FwnzerZghFRMWWMt5AupKJLPG4pBTNFF/OOU58Ux8FFtsaGXcoK795hHuRa44UMUlAduuqsHqgxv5jluov04UIaSpsDzUnJGAm+FF9KNwgFFySA6QDNHS3diaNO1SjfQkuQ8nPW0HNXQ+AaeuaimMuElM21U9zoK31Gn5DUTyIYtbUKEVKTUmxA0uEGtJkiUGC30DmkCWRtRMeAH4NES2AMyNJYFRJUcA0JCD5rUgrBhBctQLsbQzDPpQ93Gf1SgoiO6gI+1ntDfTGMvwBn6N0vhJ5qWTM1ScKVoDKiZAKRYySgZgpP7ckK4OgXH3a7hsUlolG4GlGYF3BkAcDlrsaL3+Xfdf+SRIyADj5FR+oI3q1Kj9MYDE4AAgRxPuooVGCwNGehvqBqjURNNHBTUr6aVoOnYKWzquDHRbeC6DySLuRC5q//s9jJRXWtXIQ4AqbqFRopK+EwHJfjIO4cGCWLlXBqXOtzN3xYB7DHQnrfsa1t2oBw+aFagUmiFz1MVvFz0WH+RIm68c0um9Px6oI3r1+/f3vLO5bSGHubJ0xohEEc+YTf1sfUwD97/qLXpjS57W0tZYf+ehPCmgiGC9+qYTF9+yAqOfnVOFJWBhyCbDXexzHzmxwS3Pz9pI9VV1mpEoZJMVNJ6dnsrBNXWjdmKoBq9i1AxNa7t3+9e/s+7VKk4gXoQUDM+bdGroAwjV2IKVCCnoJgVs/5JJIVowO06W6Uq5r6eaiD6BVHCpbF7hwmt2LtGUsX6MGFJMrT/ZtgLlorROMSsOFFxmwg9meFmUACUgmypeuH0EIooqSG5ew+L18+/4//8I8kEl9xzaHWS6wPhF6JOmLRvLgL3sb/Ql76l6Qm7CNtnTa7wHj6u7YpOz9xU7vfKMjn/kuFejEXO91jpzBoV+I7Hfs9MkReejawM3sayTiOhzhOyB2lDkIay1GfjyWLiiSeCGAIzBjo5KjINMLwJGprfeOiwRcptLZL1IiwTCP1Nc4m8+vDeOJa69gGeO1BrcPjO3ikXmfald4eEXLjsZ89zXBFCLKZT5/vn9pSuqiCVhTC3wMr1IxE5dElNUCb9MwnKa9pUR3bMjZM9tyQ2jhQOi1cDOwYTeJogPKRPQN/qQ93W6VKI7Cmm4HBBVYUjGhh2n2pTQpXdOvS/LK60li9JelUE61PRYDAe1FHetmsXPr6aleCZGx+VhqRDX3h6KKL2riQIKLBcuPmMDPQhx+841gK5r0jLbPtbgQkXLqYcLD24ItNraUEgotnUOYHCV+tW3uifLYDYu9KAf7J05cCHAKkoexTS0992+KHpHvdikCH2ff39krMDZO66+1VVOdArSNLEfHm5TNrDO/vBLkHz55fe5sSsJ5coS9dXM+jIJtEyEIv++lnTxG3RhkDIqNuMI3d3X0Q1xTw8dB+G/YQPdaW7meHKIgG2tY+ga+d74T1IKkCR1epbP9VZkvmQOvf1QKdlMD3JoBLBBlqXbN2n8kOTzOLy6KUhnPLCThaJcH0jhNhs8DLXCvbUN6encLmRGNtIrO9lyZaH5aN5Dq9QUcF9GENqdCBx5yCQ9EGO7e4kI70u3sqs3ftxKv8G6LyYJWZh2GSrw+NvHrQ56+/vL0xn6XvlLsWozIFbDYa7zhzKRptqBVSEaPgKk8kr6YsUSfdzy1jNosuXyPkA0ZZc5m5q4vF0UBnk/f37DXauBassNdWZGB+nK4OYL1mvc5sEiumBML/erfEq1gXohHwweiHZ/HihSVI8FDZTpXQuQX7mHtHkYbuflHou4Yne+h6QByCHuwKRACEpWHDWL6VI9dBje6CwqqypKA4PxKdABLQWClsd6/CFauxm+UVXGMh/Mm2mH/BGX/xyk4dJI4RFnvQjkCSioCRkKlVllZdcsBG5MJknoUUC0SiEoui7CIAlFurpUiYqnURjF5xGkpBM7QJJhoTjm+3xgrJVW0sOTp3k0zWlYAzkG4klUYLFYbtkhbSJvpDPbmpfQxwaGaZ3+Rb+ziOAxtCf8k21DsqeLoIcD/ThW9Gkqihj7akpryijtTKPlyin+UPQVoJkKrgO1vPSkGoisYiZD65SoWCM1L6/n58iuxGUPbv3BbHLBIXPdtTpgfPuPxClwjmUJdx+X7BYgSEZKIDO0cW3+r872Og7b49sd9Lo96+fvf2nauL7YV/lRLJMRN8HPJBl5e2H/azXr4Ov2i9bmIBpgxxCUJjsNWoks+3r9iddLsc8AkmAUzbyWHydTmhqRf3OxwYtY62K3gBukpUcDovNSc1UY1/SX29B6Fx0c8frKLRwhY9fXKQNIuCfagzhD7A5nwszijNNBgNMTD7Yky5CzCKBkp7UISNz83yEBPBAVBDrJF2u3G45Ylintjbn5jf8jgwz+e7jFNWlfk2tt2MuT5JgWSTnc8xzh1E15Ex+26UogEeBuLNGA//y3/+55ubl1RM7ek+acskaLCAm6fwni0bWRhypWxgPlEngUiwqG6C6o+reZcl0aEMU+YQrYWvhHbrswQysdUYMJssrXa9LDBRu9b/E3u1RvabsxmypqE/FGlGjCUoSzjwjadankiebbgGKuaCxEbhTV0Azj2/gR45VhIUHEGqyVOwBkazUo6LMm3hHCELdxfxnAk0Q+ndk++2aZGJ5lhRiJCIWINC4Arzl6k+NSTUAyXtaO9jMPsgn5b2Mwf/fOf1JXVtlB9J2XShLNOaPN3RAhmtTGA9OjChAaWAYpkMRj5/thAkXvhXctYupxwux+LrLHgxTH0OhAANkuz9CYdXTGGI8KVaEHrqWYkQGDveKBf5pDZQ4sbuB3Wte7pVamxZicWBchry0a1E09NnrdiziENB/GaEPe2RuFqj0mxDkozsJj0kQSVXHFM7a5APzXqUz288qnxPs2gVylBLOv5peogBfPYh3ohLXcV/CD89t5+NR4s8Oq34w0fXz697p9sqcnvBSXXP3JHZx3ci2WevbPYAnRUz9+96LFrQ0r01CZ7MH/QQDKGZN7Y7Yu5Z3i+Xb51Bu0c2rPHw+YsGJzmmR/hu73r2mRQpMV36ZCn8QGcp/ROF5EvHfQqflmuoiUEqBpUrnbBhWTwjqQOD34tqUGI1IUMjwCuCoJM0jTqusopZUKT7n0VxB5uaf/rapoZDwh89jGMTyhoqyvVnHJLEsiDvVESY68WhqltV/MgQoQePPny0YVmvZtaVafq0hiulSg45oVGARzcMPhNh3fpmJSSUgp3xH7bPb4jn/uPPL7b8KYwN+zHjI6hcG85G/hp6z8rwWeOioAMCBbIoxV7BZSRI1Q/xcL68I+7xW9+HEI3i7AJ3mTBoG7E6GznLfCDzzr3KhlRwROrU6nOk10EyyGEcYDlt+rCDPCPx4O4SYZ2uWY0jpauQg+IgRYPgHDpiWM3ia7zNmmcWCIse5bKVhLuCOX0ShCkLqQS8yWFFVXHrFIar5qb/5TPnb8hPpAr8pWY/NRQDjNSlwkf+UR4vrAsGSdVyhWJ58Q2RzLKqQkTG7zq+xgrnTkqABr66fjuKelS5l4+zkNo6l4ohcw/1KxIw2emYP7vNdyEq4luhIA3iiKzCrkdxYh9DFUpkThWwtZIaWYGaRDgsQlJm0r+kuaIISJ+7BM4COiHsnAkq3/2DPHW6802ai7EKgs54UREjM/vYYpGu8PF4OEhjN7FlA7HkKPL6+K56F/1M8V0en3BuQc/MibJHbCT1qfxAqJ4f+QQ2GlcwhdKSwFFntqFCaZqFgB3sU3bYNIQyU/xF5JBUP6OkNBFvY2sc3cpDGaKlh288t/z6rRNqre9fSSQcxsK4ThJDLwWF0MYQ3r0OraCzEUTLXCSK0Cq6npB5GCKI+uGOFRxFRgUm++52PVLTq9PEkTdS/bL01HEc4ZStYEQRsHKTt/PsEc31mNmlH/wZB/royeXeFPjaGhuBRyyCPGUhJZvMIueSEcUdVHUvsfejxjnhPnv5DbR5wJEPP+i8r0WD01yri/qCJ06VLJpG1vGYQmseNCbSaQzXQKesSadrkeS6ezlw38rXxyDaHUZd5foEJY/Jn8lf66+7YAyi/sPT6yf//E//IqeLVwVMVMGvcjVEd1Yi1AptUtUeSkedX3aV+Bl8jPlr7U8jBxuWAGCUFiBmob56fEFyV4z0AaK12OUY/A2FWttiuTYqun36Zb4Gb2oqx2VKV7YppWiFDzNxN4ZVr0pXLipXJp4zDsyMexMcMVfJiCFEsv5StpRZtA6v91BblFUt+SKOSILkReQyqqZEH5cabUiBBNZLFjjpUcOsAL9I2n1A8OZcYyd24iifNingDhZS0drTo7vjhqw9q4leQxTNs5XX+SHaMyQZ/1N6HELGiVvBlvDD2PxFUlP+Q3Ph6InmeGVdnif2kpLePyH9QkAMHqMI2RJE1ZfjRn1ti1YYpjzTUyYKc16MRuaa5KdPm3tVUqiPOw80PPV0sAl55tp6LMXUUkY0MepmpB5B0ofZy7Gx1v7HBU4pZMsbiQ0QKjez2cML0r521ykHe/rVFESc0pV+L1IMV9lZ5vnza/jpiSyM5+mEAOeRuPfev2Jr5A93ntHDCrAeQ6Nv/LbxTtyVV0rqxboSowytNw2imJXRoA0byFCmy+wT3WdDmy/c8AZOfL14+ZI89KWSlaj35NGPP/344sUNY7AER8CEq2xN1fGMR0eN9xHLwqUD3ebJggvaEdo9d+HUV8kBMxdqWjJaahicsuQprbWeaTyw2Sc42MKV/8oxCMXSJYKcE1w2Kqk1Spi9e/tgsfDLvXCUpRX5YgRMKT0TTNMFWcoMBEOhi2ci+hO7o5+Rbze4IgMjEItWixvoJ9BqqqqhIbwla7QckbqMH7785fUb8rRYNBsdzYzNP9hxjQNsE4JLCrhcUIqb5YnusgAAIABJREFU1F/oiK+IqmD9mcA6mcRKAlqe2wRf8uaUCuei0lW0EVMJDVILa5NuIgS5GzUszmbmyRIhR8S5klIAgepGIWxyIZ+qFIz7ElN2c5LoWmIHl6jx6gw/Qk0tSzgD0Td2ozYYy3eDqkyhE6qVDSsCCM5fJ6qjxhHG15kfhQfoiuB9UUG1qiLOKUzpVE3q7TygwEbFoWBUpAvyKWarVrw0xx9z7laxIDALqUs7ihQiEgD9JpNDtguEWt/wAl+UyTzqkmWHDlVj1WEdhCPJQwraEJWiR2HHFUJztPomvBhrYZDzXe9IhQow3fXdu1FNXAciGFVOrg4O950P4K7tJI0chLOLiTq6QrN7l194djmuhE5KLi4An1aPQCqAD85bU9Q9yMjQkQ+zzAwOZIbeaVxXZHQ5GgRGMirPCCK5+YyxmLqwX5FkMEUMV1ecJUZgMmp4ZTrN5cjP/G8ucUcN4+WD9B4YVJRSO0nJgM2STSgb+ml5XrPKTSz31LL08K/yRA09b6XYbKGuf7VVjava/I0e6PRfm6h5YQVkyeGykUhwk1llbPtNkSqO9cjpc5gBarl77Cj0rUj+sCKpIbRJu3GgCdKFyAlCN+dEQZyw81BjDcZJCo4G7nrw8ePd+/s3lh7evn7rNVGlF4FY/UBWMdgd9rUYQ1R51XJJlkDa7qhSB4H48odS53LsXGe1nE41XLMKA6nTTGWaMMSUFQbdHxisHYQwVqmDvM2nrGq/Nd4XOhfTd9UIg9LZTNZEZszWgf9E7K8ZooaP6F53odGSp0//+POffvfjH7TqirsFmS/H0S+rEN9D1KPHJ+gPXFi6bQSI9MWzUpmMSUsxfarX87B0ISZOOBwGm728GPrYStje2dAgHAZbb1Y0y5bKQUNjLZoRxLbPdQoOuxXhtZVHQ/leFhisqSRFzwaFrdonsCBywN5ATpXZSykpqZAHWAh1pfGLj+tKTHkoOLFPQQaLFOaO4aKNQNGESUqbQbSjs1wth0rMWl+P1gZyKYvdPkyD2gmY9uLJnyFD6NmGRX2G39Y6+BqxF7piNd1T2vlZdG6V0vyrJi87WUbI6MYAqGSBLDGop8jevmFUFoVw+jhsRCrXk8LT8rEcbuDqbMToof612eGn1hoTEDszSLcHVz3y0iAOp5l5qStisKD2yWPIxoHYMz0ZhNcPJYjy+i2AU4uciN0e7OjidNCRlySjVPDro97LNln1duOlOGoDaOE0CMgTvhj8oH3R2bQEkCRB00eVszJfcanms/eW7Glo+dbVlcxM7zQLlYLMdrRDWaSBVx3XR0+tIJRfzn4+W48oRxLNBCmxgK69Jt5z12Uuj5+Y0YaOEXHlVz+8JHWQiV7IsZmrzRxoRFjDXAZvrz7LXpfS6FFjPXOb1c3ic8zGMpFbkLq4ZJr0aQsm1D178viaJaVMgaDm+axzZ5C5Rh057+G2gU6dEqpmqa7SL4osB3wmvqHutMa5WBbHjlim/ApUcqoDQ2b0+/lD8/XkPHrqkcQp9/jcxjaAM5jRYoEYMOWgSbt8uAehDDzY8FN4521mbokrbEUtoZm6jbN7LN1M+rcPi7awUwp/f//LL29sSW7tKYWqbHhSTaxY95G/stdMxK0MxK3GFcbOiVGRUORhiuj88sGaUcCx4R8S+WyBKFrYW9GG7XYzL7NZ2+kP1HBXYZFZCtNxQi4VVYObaOJqhJQr8YHzeEsBOSarSZagTpnKnRAWwckgaaRpBQDJNYqvVer6MQxVOutOOcgOu1aWntrKdIpkgVylAPq38yHuXlIDZywLxRHslAW7LlrRWy3TUXz4yKXOZ9h2VoSfjcbYQkksA7gpPtf8W6gVspaUcGtXSUrhKa72bYKC/cBcCaRQkSIUhBAeiY7Mdj9OmoAJ0XBE9tEJdjAdZ5D0mxQjFiHOjqSIZ1cnyYTjT1nlIKul3IWsAgVD4reVI98gpbwKwVSFcxTdLtFBV+oXRlXY/axMNFZv1KSKyn/DOcko1idKY3BHVals3jaMbjQ+khk183QKTZPl0yH0OZcdxA4qW+hT4rjJpsBlaMfxhpTNRNroOar4BkPF/pJwtFKLSCW2crON2fEaY0fmCbhKQSXgdXyB7X9So2wBRrQUNcRIi2gMHFot4q2it+/++te/vtvMC5uQG2QZXJM0g1UgAQZSaMS5FoG39rzlSD0cUzO1xTn5uZhw2uXpYEL4VfyjLfaSR+LJr8byEXB4Jl53++zWjhyvxxBJFzM51xUhU0aZXWqm+tZw9+TNh0+9C/Tt679+ujM71moqRSHN7KvV1yw/ehazy9sARAMhOiAFsQQiYFsnkAgJUGvLEmpXQneCcpVoc4ACIspFzwGyB/6Vlpk31yy+NlIwnqRc1XKc3cxUEZa1js+E5dyFri6o9Ftqd6nID4ukdOO/5KN0fUsPaOMf//wPTATKImLdLakQp+C1yTHRZb41elJIt0WITzoJnoRIMLjIEHwQGBWOI7pN1TFSQidypELEQdEYW+KKmIuQY4wssbaMLuEKJ/LJL59bQHvlVYcYFJeW2E7UAWiarrZzOEuNQElE4K+TFYpSwBQZadna0WXniuHPTUJzq8lTS/Sa7bf2oL6oJEYhEKJncJDdM6cCDMpz8vqCAkgO1khinqZMjq6H3AvZChW0MFuM5VjHdm4Z1HTfy8CALxlxAUAHVTRkWOH03ZqHZiFTvZIgJO3o9mkKb4OZj1ringlkZG9fv/k//8+/eo0ycMwoGdSMtqphgRJn/U1iSQk3iMkaXZP3aoqX84dJ4gFxLqORLp/O4KdAIASKcgjvvFnOF8hU40nn9nwROxi//HJ9TXlkE5dsOzSsgQ3ZRvvhU0BEB2Nyn594xOTKljREgxXSVOPjOztQekT6sU1Xgeq65yS2UTYAcOvngOjJEPs9ar+FmpvrG1Hn/sP9zfNrOYoPXxeGZJXWUSi8IfRELSNUkYsSTcOWEDTF6mkMbWqqZ4C6xHq4aokYwMs1zUozgK/GPWUSHo2x92UTjS25pqWSj4f2cHlXNpxMlS2gr1GYl4yv80hNLvWlB7wyw6+tSXWB/AmozgO9lR+x/Hbzgc99k/h+xAdCoA4l6RQLAiwULJhTl4xL93vYJReQZYJu/EdcIbGm33mnB8tIc00ADXMGQVqbKAIwUY0WRnUpmKEtcD27oyxGnl09zwUy+uYEMii9l6ceiMY+wrIVYcfvDAx3iyc15SRRLqCOdZ7v33/y3CL4syU2g78cgzz9xTXKy1D3bkYEca/ymQgNWPHVCFaeGCIEk0JLXluTw3+wN8Y92l5S7TP3yqD5F0NU/hI1l2Wwb1ip6Rgn/wI/X5pFc+/o7spxY0cFnG778+GVFx0HOD3SMp6rhLV60chP80c0RO8sjOWAATtax1y5/Og8KNxM6SU8UZ7rhNRNKAJYPIrq2Alr+IANUQ6/FsetgpXmvlZrVysPzwxsNRVwnjjd8ScuRvaiwtgpx9xNolE1fGHJBPEQScV7mnMU75xChUACOnEOdVf6lH6DN/0B0yfA52inFa//7+e3lyuxCr9e/7XSgfStfK1KoLqPrP07Z11NFDv7DsjBBVSk9dnpBdz5UeJS5rcluvS98iGvC3Cs9Deo30Beip4CFfxWroTxO6BqjchvdyehFTCCSMbsbOVTVtYwWX2jzm9397+CmeXO0y+FMQUKU1EYWdbmu003csAjqQLRqKFdlSgtxypuiyFF0/bENnx43+bR7968LXXM+fqelpHwWTs9d867JKS83rpDmz6I9HsapmzkDBzKWWoLTRNwltGQh6B1nPQVHcfIs7nxNuvAWrdr5f1eLAbPbH6Ud9Wf2+qNOV4VS4Al4CwS2XjDmojcE9kNH5pabtr87u3dGfcKN9tu6jS8k0myZMnqA1RjmzIHfNon4PPLIwSeDQgSopNQ+W9sRrWq5E8tuc1mswwokiSI5YMlJ+3DLGVQtKiQPk82cA5UQx+ihvCIR7FiuPiYqiecc6ioqAISsheF6wsqvKWg5e21nDcvrv/hT3+uTaJ9zWTxdgvSDU/U8+9pUEotCiOYGLsWwbUgZCGeWn3GUj60d7ESyEtQsIrUsZxiCF9dtTUBx8aemJ0UvApARFIz2m3FiqIihgmsD0akrm9e6Wmk0oQ37peC45S1qV4zAUvCHK9xmnVPfcRLnEJqi5O0gw7Y38ohylmmkizPR6WU2wyg0Uw1NaVmJ2uzHllB60mI9kzJE5Oy6mE+YzxjbS1gjdwG3qRNwWLfjaIpWYKqqeq9hY5Oy35kWcsttyDP1IObWjhPqc36au9RSb9ZQiY+5etkxV1QgW60obtr5NDJCKVTMeMku81BJ6uuaNzruywQANFY3mTPNBKjhLSBh1TDYSll3r0hTY8XeP+kh3wbkPvSAwbU3TOyjQA/fnbFr+IOW++t26sehX6j85E34E3hVGbPID6iLbfUoacZjAiSFCpkaa3dUSf7KcEC0KJghbdGptWKniOZ57fhjvG7eYxieYKRSDvasGDjZN6n/tNPPzXxPYeii8/3nxi9GXEKt/xRjmqv5ptSnYdGDT3Iwvo47od3H1B+d//p+asX6tZGWrDoLYsyoy+exmUMjx96Tlni67YFizYGinKCpqmHthV7+8tfzLiQDJLEgBkWLloAyjpdztLrrM0W2jN0AbGtZeQ4HmbyVsCIAp0RCMWGBolSk0piaXym2w+nN7hLVkgqnsiZGjVknYSWZPIUhuwS+2dcxRsQprhmsnBPVhqI+0+3jMmycd6M8nqAboPijR4e0iprBdaEeDsV1LaT+CYKn15ffX3vTYZm/At/sGllPn42FptVuDRl1U1hVLnm169v395Ksn/44XnmzhtODu0GU0yGrhQI0E0MXKOH6Sm++FkwxmmZuri6VGoeXR4ciRY/hySXZufoSVr1f3q8JishImHWxls1HsnPNYyeSlAnu8UBR6QUOVFEeGVYuxIjacB1Kh8Lee2KhxqEUy8qlEzLlV61SV8sBq7BoqQCaj4x4JBXtjowdJIfVbXaCBktuxlRDQNemggUqlwRyLFcmeE1WJy3dzo2O/E3RofEKe8hKr/R6R9k5c11CZZVcMluBL+JltpHaxXYVPZcvSEo6ts8axDGhdupi5AQJwKFYMINtpP0ctgF5N98BvQQHsG//eDsYOzi5eS39zv+tcC5kywvnwu083OuOr5c/VbI7//Kle/F/23hy61/Q9/fXBhZJPMd3eXut0ID64sYfy3j1IZGNHrMEKXJ0dWjdZx2oa8qVXt/Hc40dm2joxstLynLzCgpr2cEdPadgCBx0bQrwptWrpN8Jpc/7pV6b16/ff3LG9fFFg0ua6pF7y/zBBLyItp6ecamnkkNN3xomMoaN22AfEQoqoiBllzDBy8zOI1GEC48HaeINp9DYzIoZ9pHrSMnV7HKlOPdxdyj05nxN2iDkm8huNDog42lbXsRqLmm17evXwtkRjJCHcgw7DjBOHbp4p87zKQxTfZkJrLkbyehFDch6Z/QTI5JEi6bpeV/2QCdCnfH2RJ5gDnJMkvyjFL/1R/qHFw7TQqTkMqJoqjkEw0E6L+7rpf7TALdKvwc4Va5NiX1y+F6Uuks+9K6Pn3y+5/+8OL6RnY6WSalgCu6bLiEHuULFxHmPv7SeiJiIXUStU7SguYfzR4afmtITOpZXpCIlpyo2gK49uhC10Yzw7ObNW2Exfpwh1B8geABN8+EvviR7VxltmNNCt1Kmxq61tL5IBhEkuiNvZqLBFOBWbezLB39QEf52qpa2Ia+LKt8yC5LpkKqNd2QoVcJt/d7A4r5D1qvWlrKL+C5cJTGM4JmWmsyn336Yqisqd7suJys7UjgM5aerCrb8xkRZ9ePWmUD+eRg/C/FERfvS26eKgVncss0NF3pTTWxdbILElYT3qzDOefNEGanpO7J2Wpdb+Z0oLgmMrNWZUoW5liK0TQbpeTdX/PaS1010tTYyKhPUmbmT1oXBQr374EC7BCCr/ZcbDsCm/YQJA9P1E3qaXRzOESXkLQulCmV0DbFWT9B5pDXlP5STo+9OoqNu/cfvYtPvEqPGzpiUzq4rU3wljzPGF8xD2xuktRjZV9ZtYeH7NWCxkf2TBRixC8rXLIrc9bv70pDYZeKWUQ75SZu702+eWGjB3hJxWat7+/uSbrRUFleYUtMaL9DMyct2376pE0f833GkRmWFZXLPJQyXV3LnAot2Q+GvKy5jL/cXMkib/3bHJUadmlDxbkSGt1Nr+kUfGxQAxw18z5ZTg6dHCGGsdZBL97GPz2mvCgg9pAQSApnmenRMo87WcGZhy4/aGdNlqUMdeSzFWeJRjGZO70UsXrPjQdfvPzw/q7dKszJ3n3AYGuTvIFGaepFWRbb4+13LOyrhRWeY/GcUs2EKuLDh0df+CnyM9Cco1xWzvj17bu3rNZ4aRpDVvPyBKB/krUjO8tBpEWhE597wKCUgQ0e7jlK9ua+qCMQqc0bvZfG6ihlSy0vc5OqJeEE6wZ26GzNWLLKvuMny5tLIQC6wjv7bmFcxzk+KS+/ipKopU85LP1uOiDfyu8gmuNiomjnz53wgrsvl1N/lgB7sW6/p4AbxOru5UNh4RoIZEcpgGAfGnOdU//0f0+twRcSP7W7Ua6tfEBcdxwxKIHG9xFvEshLK1PpBLE6tU9trQCzi9GFgMQcAGXCBF6r1JLTPCxZV7TdwhnesI6JJDICMI0chPuMki7/f/38bYFo/JsrnYzwA2SHvzm/gP63Vy43/gbW5drf/Kjp8/+z2N/UiaLE8+9W+ztQTr8T9/3gbyt2+dRaAV8yll0g6zXwAYHttEBTbhBGxLTfMV1lkX2HUQVXdrdEP5fpxKd63c91K9Ey88YMhbee2zC6ZipGA21Jt7ctv/7ll188wME2OGUN6jIYNgVGHVO9oTJQmY+5S2ND7bzYs8vWXu05Wdlhq2suo5iIKFxG14SOiwzyWCcCD9cZX7aNJ//mEUWZzke6n67uzu4OVl/Oynfnf4kInagWTEsLi15ajfJgI6O3d7+8e/vLh/cfn3z15vu1efKh0yKnjv3BeTIi5p9/Bh1eGBAiZcgsil/Do0DYkmDI7OYycZJaYbIu7iOv5V0FfCR8gOrmlpLVgO9USeXTJUX7xjlsCTpR1coWa0folF4USu8+5XP5fVagCmkmWTcbEOp5U0bQaHJbIGkA/8Mf/4PiRUwtR1lsXnu4s+AHkFY8DeN49Mij8UL0irKNJlsWFaXV6hHIhh0Wed1PKv6AQK0RIE2oQgvZsomJMU0VQtbuoW/Iaz+Wv1kV1wMBFiu0GsmTlhe7LqYlhwFPEkcRici4poHNnivRbEbA0Mec9qrhu4TDhxK1whbkEbQbhvA05lSn1dm6OqJcK0daJdeY0utRoiGSL80zMnXofPKbT/fJwN0vD2QVeiBT3AS+xiWxN/GmyW9v7XRlfCTj3WsqTOp6u0zkJnpQUt9ajjQoZ6wsKTYcUsXCQE5wxEu2+UKOXCF5rxRKEuajhNbrmbWClDJZ95VgYhsW3D269h8COX1OA3k5BmWPQlcAHZM4bwGrvA0wZHBqQlWOTo2rmSIgeDMHpb17L4JcCoWaqCfPDPakelgknGvUdQlItiQG1Sw9yYxIO6Ya7oDIMOG2YCi13DiazZw/XV1nt2IJqiwNkStavkKkBhe93imDfPJIapeSPz+0UY41gtab4cpIsCSSW2KQ9eu9mhoh3trbR4/uZT1ve1ya6dR9eqZd9fC1txR+9vzaooUXr1jXRkqPwKSAMhVju6Wtpte97qAFiCcGMlSxlEMnQ9w1YMlKixSlfi7uaYopaMaQIiuoFP3Xhc7WZ8i0rmstBXn42MAoo5Wl0kRjWelWwR4p0w9Ni9kIFgjhiuYDFw3Cbq9bLIwsM64Hx4czg/TuGT0smDcoAbeRZMkWpB4eMZnOL0wTIp8ZivDWc2K0DEaEl3bPUcFW3k3y4SmkOhXDDhKHqnvhXwwSvpEH5vn2bUl8E0tZw9hlmUU7tR88DSVvNTclRUM6RSF3+a4uE4tKCIVPwQcKShQO1ZHRMmE2YAqdU6tD6AOWdzCD0QFHGW98whdZcPX6i1J3rrWf2p28pKH7wm//jh4dZLUDrn438qmuBIgMjntW4NK8zum6VTCPErW4E44ha1kC1huzR243FQ9ihfsBJ0JBr4gqjncnhVZw/8k4QaE44xFP1pCdstmFwpQXtEILZufn6nc1QoIKVLw6iNSOugbUhZCGcmIz60JWDVnysyxhtWbA3RUnqS+44EW8sJkmD5bGGCK8v9jypZTvX387/u0n6lakgiv527uj8terO0raB+a3kpHya6FvV//di99u/vr7dxWT9jdgB8K/hfO9wAXKvy3xK/jvR7+C/X5pB7/iv3Cn030MJQVkcVPJKQaTv2PzKM28KOqb/JNMhkfBfnzY2Y45QKX254AWs6Ea+KK3JfflNLJDOaI2r5emfGg32Nd//cVEbL6+TEvTk+OsQcrctV9cvKU7tRnPrm5se2j5odWHvuWI3Suii19ignCgUiaUJBhMKYjPCPXDGDstaaifEddxN832q4DqbgekI/8z6ssHLOe5YlKYtR9ikR714h0my4A/yg7fvnnzixnmbb9a6Yv9AOfMiQjiE9957DFnFzhJBJx4LlpsXR3oIKuyJFtTlRDhaYmTG/kEOFRAFXVoAYmDlFD8AS6fGrbyRkdzdJT4m2NPWJWcMk/wSBopQEiJZN9HLsn4soq1PJveidG3Qy2UaK5NePj1+tmTn17+UPte6ShaG12SSVHFR/QU4w3DpA9TdwaHhClRHrZe7oa1Dx4LjXFkKdSrt8To5ky1N2UZhYJRpR3DCgEZR4CMsQVzgoV3RLazKEElfXb94KF9SaKYFQBE2xa3+T1Sm1LwRawTJVKPyDIt7byghKpIwk8Bkf01WVu70KZuyDJPCpjkFUZKRmCWrYLeg/bbs/fgUyyjlaopk5xqP+TovecXlS4wKBfQybyhxpqtQBJRhc+gI+nXQjfwkxEwn34YIuzLP4u8phHVIMtyjy973KG2k7E0vCG/hS1RM/r5RXNv5JLdRra7HWJdKmQ7HjmuprMxGyz1aThwgqwRoSyGZ+b9y1dDbtEXtZgQ9uuUtNqvwGJpo0xXkwK7ZEPy4jnVcl+2IBfJNtHc7XKUAsjdtnvJnKJtyWdGTjgcAZU6JwRt7QppX9uX5P6DwbpI72FGOvhocQq7ujZxqc8gzZ3GowcBPXzwpX6r5ZWOFz2MicuJC0mimB7Inqx06jliCYMs5Pn19du372yArddaGuftL+8Ng3kEyvJHixeNQRqL8k6Bq/vbe0waykSbcXF8tQTW4KLdw1uUyVp9IygBhpSovz7h6rlDzz5/ti3OCC51njpkEzuY0SbJnm3iYExDQTJjYzAYGysHmwoMmZ8ZSNaKxZRuHrsVtyTfmN0SGSM0va2tdC/NU5YHvGlZjXnisXIGNOVTdgLicU4x1+Bdxt0JQ6JEwodOux5tEk1U9nS/yeUGxtK7YcU9bWVO+fRaFFAL5ZI+AEQXIoFdK0LFsr8Ze4MajEEcwR3s9kp79+69RS6kwfqV95nT9ps1+2k0rgHFE9Ea/B6UCgpGZnzWc67CDD+WMTMWeHmhBSNZe9BrdzYIMo1EhLc/KlsMOL6hZoQkbDdV8XGNJIoco2oNnSNFzn2gk/pq+BFRERxIH1G2zLiTCVZQ4ZhC2YGFsITDSHLdAKlTo9LCAP+oISTR7j//Qh3i9PJdIZPkeipNv7sFT9KpdusAsy3oU/6sNX5mcxTE0MqJJy53JySFaoICPIVkAKd6UKOuqAXGqUYyauy0u5BwlsRRrWifdTUHXdLuevWVicoIrPbKHujR3meoJ43L2eXGqRWeFfs3X8nwe7XL3b8vGurfFLpUOKX+rvZvTpPz30Ea4+N6mP7u7q59B/D9YJd9/ZsL58Y3IH7/P5T4BmC/lVlTOB0i6NRK7ecTnP5H/QSthhMfipuNZfAd5Q4poz8tSwtUFJpvuBcUViEg+8gNvY9YuGtxns1f9JVfv/mrJDF7ZTz75FDZZ//65PsZPusXOJ57sYBAKzXsr0lMrulfKUk5ZCcxNyJqQQ47GTs6c5ja4Qi+SCo8YyuFsMDOWwY7/wmMSis6SGPtUkUJARCuKNeIiymlvh8+39my+P7jO8+meNLTU7RXD3vScVIaEXnC/HY2MOvoSoT4XvzYYfTClVu4P1RJUWDQH0+cwqRRjVINI5ZIUKucpOBLaMHwP9YPdHAUmGgSk1tVSI/ApzaMTqNz1dFTGVdHR/SljMSRAH2HpHxGoaKCKC+YN1dGFaD97tUPBmwa/wguVxY0GkKDPXVozDCDOZfJw8eqdh3qnRZeTO6Is1I0re42ImFB2rJIMPpXCLfJYlu7aGMKjf3LdshHC0xk/lyn0/5OeiyvKh+SyCfzV69+YDkYIFYJZ1I2mZwJkWF0YjgBIGLKUCW6MHOgnDwQV9obchemqCmbUKHJTcMztX8WsmvFP7b2ztibMoKmgUtkAcaYMUi2LDgVFf9kMwI+oSRyGFFhlLPkdounlJU+HydDDAMgtzoSBdiyfRAICuWUopU1fgBCgj4erhQWNHQzDs3N4mtm38d3ECCO3R0uHKekeinro3zRw8N1EJYpKkmuOmzpJbnJJNyET7XEKNnEjFzBvjHuEAOCTLFGq0Ed4xxpj8bLb4w+Y9WgUZYWCTVfDUSVXDY1CtSILY/UTrnO8ChO8UaGs3RmogpIxQbmY+aBEutRKrbhH5yCh/I97EF30qQv4oqmX0QhOgNhBHt1/Vw3DH0yY9O7qErg6Prkwefnc8xYLRwZXWoVIKZNUhsr8/3JA9OzoAhHDge4u7Ubds8T202yrN9wpi7E8jP+8uX99tv7KJG9BgkbdYyfSX+j4OUPr3SNuTu6RUSi4SNSB2RP73LgAAAgAElEQVRQxOSSR6vojyZwpzoJIzH2uUzFirIcDeCcpjHxTRYSH4exzCLxZlJgKboqvd6aSBsozyzWkcg7VAgeFeQF3ore3F9QZ89UQR8gnAE/A59L5evzWPUAQTEh+Nt+vHieRB59aH7pPTfL9xuUlRFdWd3gnkinQwzgeqjuIrZ45EcAxpaarOjFczPMGWUDhR7nZ/Bco7IpP/2C2RXHdDkrpLsNMog44KEKcHe6yPZ6+XVo498sqJx/9RsCrFxOlSkXjR4YHyhLjrKQzikVy8a/oesmKSdL34fUWqZNNMF9KMj04VEEha7Bpmif6lV8eLEgrBBpukNgocvN3Fi0Qanau6YuqhsQ5acOBy7HdLHx1BkG6FAx2CHO10ADjCLHQEMWcV1YGBdOo8AniJUtQPbb7QqTfuwfOAWxJB8xK6L/XnyGdKqgs8h1jkTK8o+djNsCM4BFM0cFUISPzEi+wBwt6MsmBqQvnws959K3893ZySHmlPp29fJ7NPt3F7/DOde/I3N6xPK98t/DHCGXWr85vtSaxKryWyi/KabiOfvt/V37diFR/D3OQxWY5P7r59caf1O+InSVgfj0BV4gj1LOpW5ln6up7FHgaqxpK2hX050asgz6ADhFulPMMCq0BIrTymcsHDHhYu327bLDN69/0dXX8NXwaACZIPMeKWBlCGJDn0YtntvWxpiPbSFawWO/Bsu4mx8UiTQCCrHXmiak4OP8d7K/mMs6gUa3uzVd505X9plXYO0CIe9a5Xm2srEYbVWMOtelOD6+Oedmlsvbeuzm/Rs7On54Z7u4Xv9apYt959BryIPnoL/Q+OHejiOPYhLrBOCW9TbJMVx5ilnS5YdmU+6MqNlJxxSWdhsBpmBQcPnuoPgqYEVkdflUHCxPwAQhkZRAUHNIKgUJojly9E2ivmM2gRViHRQX/SNuGUY1Ir/LcoBG0XpAhTYePvzzHzyeEvNVarCPnFUQC5DVYu8Jcm68xeZOsxf8EYQQoHw7NssCnwowvYrR446mG7GVzCPKJyAFu4ZSWkO0WWBNuxwrKwgjYKAtEyVT2+B9+mJ7EUVuXtycpiJduAGjAonIcQSn+nE/QMVAQnBXNwepR3kgk0Yi2S31Kkw2ewIDYLnLABoL0VRHjsZTwNPUyTk0CllHYq/Tr0w1be1Ro7U0t/GeloFjVlaX9tlBIys19pmRuf0n1zOmVnB3CZ3QoEQMTVcJm2hd4CZqpY7D6N48sQGbLBNLOfUownhS6c+nW/Tmprz3o61ierqIcIk282EC/miHnVk9YoWcU/KBlTBIBwRXGHHDC3JKmw7lui3CO2GihOzrZ1om+5oep+XNNTlrako8j4qWCzKrMlXE6RmSm5cpMyp4dNKsjmoQNwKyCi7RPptE0WhuT3ugfk3n1xc3NzZzxwaGsuet0SSw3h2ajOQVXvScURo0vb7xRs9rPAa2Xc2f+RaYBJ+bly8J5/3tnc4verga5rwcJZWxJLPKV9fl542PsuieTyZTWSI0FIVywZF4DF3yxhTvsRX5MbEbpc3jCnCSziTWjDDRYxx5Oh2efE9EnGJNae48YeM/tWfTwosYsNE7KppgCgWmYcFnhziCK+/uSZcmbamzZjtGYLY6cL1cZUwEZzz7FJ+ftOpP8ZYqcZl9LpHihIzHd3fvMCepZQ65GGqQGggG0/MrTMhz3Dcvvd3bqLoe5yPrB8DwDCI7MFQPMmp7G/fj9UCyKvpMhj6Z3nRU78LwrYn+uhxCwVjHFZT5XfYHq2BXxhfexNrAQlKsXN3suFdVYtIPG6XBOn+4YceGeBunLhhWgIkoCuju4imicoTGOMmlAEIFCuuqXfiPcAJHNvFGFfqaQ0BdfwHbv5FNE7nkHLmDJD7xqrUQVThKCAGp5q4GGGafpLwCi7/Vd2dVamTyTLib6DZhk4OCsxCADEi7X5EA9+n4tJATemjrhCMoFpatFqeogzlVB+6R4Tua+lOpi+SiEnKT49zBcR/mv2iTAwNV9VWdZAEMZnxF2U4CGSX7uBPwxH7AKxJjK1Rcu2AJUdV++7mU+n7p1wID8v36t4Ph/Xay3397xeXfXvwV5N/UOye/FjzFfj3/TeELhH6+3f8O9NuF06T8ptJ3+DOF39z4XsM1YL5DcqrTGQaXcJ+SDr5T4/K9H1/+Lq1YVvgN1jR3YOZ+6ae4NSTZUXoUAZYO9FsGY95E71Ac9CaAt7+88V4squRLGoPZT40FSxs0TSAHbnGhsCg1fO6tpVJDi729QWU7qYgBxdicOGNEW7wcWscOWlB1uNx3xlXJGfCFf5Sq4kpoCaUaiPHtRtcKBhleJZzP+rUBpV6yNqw1suKDQa8Ow2HbxL1//dp4nhYkgSTeDFflbN6FgkGpUgBJCoJT6FCS+Ydupg6P9qL8EI5aOy2gKycjlQqVdjcLCZIYVp8LKI1KlG/Brw5j0PBDtvnyIWnaap6gor7WVwNlZU6hog1H7HahWkW/0zNwoo0ruoatZCt0+D7DhxT48vmL37/6iToV0ZBh1/G4LM7GmAZr42RH1gkeY4YWhqoX3mtFCNbgjZZME85m3r1XUUQu+jOBDVdHj2Si1x/X0DQbZXc6z5ZOfKxDw1RLYbbxo2fJG9CQvrx9d0tcVrMWS7TBjcNp4QyxJL0k/vVT2xItYFJ+YptIcE22bh/xZq+kvFZGpbIK3LaXFPkY0mt6WkZEb/MPJKZvwlq2YOTy/szXgErFsJQmNsrSk8c8Y3Gu6Tq1qvpZzkG1IjmxGUw11VtiF8Ue2rXW8KjIFRs/ezswxjbwtmQiddUVn401iKorT0BkNQObigk7TVE8fZcEr71Qh1WkqRm9tRN/+eWvSF3HZTQqn4SK6hQzu6HA4aIIiGHWPGvYjdFqm9nUF1sS6tiALDNeCqeyxdHexrGt8gkThciIbCX2ZjlGzQGAs8S1hLpkw4ttfOTQ+WKu1lRmI1WhlVjU3Nd+EVHDYp+9GXnrCL9+ev3mL9fPb4zV3b5//+y51yUzEOlI4xnmiz8+/GhA0XBSu6mXhtKJYOOKDZKerUfb/uyfZZefrI+8qg9mjUMPHSc6BDIHEyVohoK85yV22Na5feIVz+HROHrjXI9fBJaXF8+Y8eO9guVTFXm6BXlofnnzfKFOAa8JuP7y5bW0j/Ub+uE68Qoe80gXRwxprbZ4RuMyS25PI489GXfc2PniAYdsirZI1z5K88ElyIw4rkFkW569r79XJuGKmAOL4FBIoIUsMgrAgEZYMrlhI0OjqqghfgH+w5f3paRl6ojkRHsk+bGVHi0WYsm0M/syhnrVBoP0yxnof3HS/EhJV0NHhmatQJ2tM6wIyB2UR8Pt7b1HkJYgZvAZjyA06XgyHA4mbfg3n64zWfpRdmg8c2t7AFK4gIfVplHttFCsxZQnw/RrI7KU0ZoFS05F7rgr+V2UAB8V1tj7s2B1QaApYUREJoXV0ZlDCAYhz6cyWfUdp9CIdn2nlXXgYkqFgisgDqB8zGUuVydqHoUbN901v7BhgAWdC/DklVWEJBPhV9CEP8Enk4ThIERu7XjD/8miijlSjIwApsJ84Q3sKFJRLIqXlIZNlY4tHpoeNPrLSbMsKDjL6Ild52fKp+pqQXWGnJOPTyIAt/9KlyE43LBJcy99atwcYzgewcNM/KxF7zZ2EwoBVlcZP8G7fFz4zdm5+OuFf+/ut5r/5vcUTlK/AhhGp9+vRMDl9DvwHezre7Fv9X5Fcm7FSUzsrK9znOi6dgr9Wqmjb6X/9upvzk6lbyASWDi6SqSztakhvGCFg4LTcZ/OBI9OQlVFlzoRuvdbnfKubiuf2VtRtsnlxnyEUOu89fO9Wer927dv//KXv7x/d0v/ArwEJwPgYse8KbE1LHp1glidZDmhocO9cLlQ4qNz2eaHNcxauMWomUaGzPQzi2jIfaNoHI6nuke7FtGq5NdKFBTizS2kZFj9BqybyBqBwsDxoRyxJlnEGvlmz3tcRNC0XP3d7S9vfvmrgYo29DjCmlA6XAvab6D7Bif4ovDlwsEu7UgDhw4llhGSKJn63PckTI3hJnBIrwSyQAFY0CbMeAk2PGPSxRy8BUY+uVAcF3ecdkC9AoHfRDFp+O7WcXVVNbQdK1XBuTFv1w468+VYH99NNX7+6We5u2ELyYImWUorsFgaJi9BICqjQQxuLAHMMrzCv3+9a7VHkouR2DIcSpS1N3K7z29vb91uNCLtqJf+tXisJa6bzzUwc14j54IPGy4/WOHIJhE6e/f+3uyjXejSBWJO2ShrAkphf+D5Ha3xl+oTVZ9T4KiR1IJAm/GNsw0V4A5N6qVXkvEowAy162VtM11TNaetjAIom7sJQuPCKHpsbVqjMi66WnsmIQOyT1u/AJ6X1Cwnzn04TovSameDpQlUOb5rkrMtVhJJWXDewTjqcHjKuy4IXD4And55THUpY+fCM/409Je//E/LvFZ9D4QinBR06HER19ioLH0iHD1RH8klJ43VaGN7DD0GiK5JSendJhDMY8J1GgCVMAHtWstwqMIRaF/LzI5qbRoRPBRrVFKLb5cdFCGmA5lPdhIJ8vIeVEeRtYPlTdkGccTk/fs7dJpENsfBYbwbc7PoX6kuw/r85Z23t723seFdapXS2TXaBgKE5hQDTx55ZJklyg14dU1pg3P1U6bEkChPlkT3/v2dzjKvNStCyE2KSDD3vLb0mm/P0VvDyqsz70uu3Kv5jprm2EfxzSfQ93SXwGaxWR2LYzXMQKTkn3xqIbW51yh+ZChdaluviRaoIUOTy3iEPz8nDJf7Kbbw0BK7GcTyQj0hni4TVqwLBRaBpi4oYP7CgHNEPPaKwt5RB2nNjgE2I7he92xEUCcvXVC7F0/Te9P3o8pTi+/f3feCwoYIjFNaG2pk2poTXbcGgKk4Kyf86S/xQqj67dt3DAHfMVCaNBcuWFE7G4oH6lvvAZ01WYoXeeqRWvfCclXPSecJyaxu3yPbYZbUBCZck5XTE1yKHHMvdSAUsD60KToaE5oPmbI/ly7Cz/Kd+PG7VkDhY4o1EqhxowrVDZfvcO4z76WWtObSOMSIWF+JNaVFyFlFWCMAmANJkbnKKD9EBehSnWDiPREl2iSVqBZi4NHfGlEolK3SfAVdHwlwuOpvgTIG3dqJQtCfeBXL3/7ifwp0N3HlS5keoifQavundhfWsC+SxWVVakAPBMRGNhizYxcnP4AcREcgu3YkuIPu/C99Etz/8ueUvcj6e61z9WD8LRlReRGHIjOK73U6+Pcx7+pvb53jZPw3tX9z8tvSv7n8d4eJ/Vy6PKTSSU4CLmugK7cRfPCko2Uqk+03DIoqcQSvdscz5a4fZVLReghLoYwGNO3ac8v356Upt2aW5YjCfI0D11zLw5f8S1gNHueSnFJo8EjgsyZ3mlz2dj3d33bILzXU7K6h5bHZVLTUKmYLY2usdNVFrfZMu2SpS5VwcFyyC+eUPaajBD12z2HesPLfTJ//atBOlibSl7RpTfwaF3jtfTBelGoDx8JRCUei1bRl0qgIUVFpLiYk6XSTciSENcGeONCIHmI5ejErKWlQSFRsXT4oahcERAG0xj/fQnsNQohT4YkEgfZ38eaciuhivkoREsZTKPb9iYwRuuEBYByOrrgXWsJTvX5U3A/frMWQDQpkbUPzp5//qA1QQ9j/5B0yVlgvcAi3yXStDmbkhWfkAoOQ4IkctQDgreNu0JmYP8Zpze2Dv7x+be+Wn3/3KhIWDrQeWIZcylCLaMJNr9o40IPHH6UTXmvs1RQLb0L8vRVedmr5+PH1u/c3z43IPLdtYxO+ReommYqps2bVgZ+AWanFaJb9fZNSmUWtaorRrBpQlHY0MV40lNASiw+K/boA5hRbDIZOGessSDjB1YMwFpF2WLNFaQqrnrhbGSmfaERh5scY3NhaMTdBqVRCdX8Iz0R2VsRO3NjkoBFlyYp1DmbJFD3NFfFsZRItSA1zn7SaDaYbGo94rWECIRkCPvdo9umV3f7W6FuRdp+VUZXW0h622SjzUxQqTW7BPpSklDMxShPrrTucfhC5sTpMgEH2DRNHCI3nAe2Rgh67rYDR7CLLK8lo8Mc8IHSfpGMN60Qws/kgj1KXZCaT0jIoYVHAnpc2PkDO9U3PkeS7pNFIj2eFeNNX8xJGwZqQaIAsOTRR254mH9gP4uWFJeMSWT8PH0rxymosDG0r717Hkm8aC+wjsb+S5ohRHli20xVpCH8NPW6/9BbJ2naRrX59aOQyT6OONji8fvfuXX5EL94d2AbgOXzP+hit+nxHBCNNTtyzz2OcnmJfapUScNvI8ElJ9bEFeSqwQrcXiSSQcm1Gzdjq8GQnRnzNlbca1OGjD6xXKbLf2KjUTTHTqo0IXXKU5Ea1+7YE8iPY4ADYEqKPH5gxbWusF/COlqV93FzuuJdZG6n0r7TJ4+HXWaDyLZbFk3mCe9dNMTEVoIw1WygpIHwtj21Jot7M4tc2uC6aII/wUemXy3zyDuYezB4bmog8iTPoWJF3RLO3eU7rLhle5ouAeQEARRVWKDAxgOIUy95rGCOxxZ5wtSkHdBUsgF46XZhKhJNLWunVL0ArwhXKahSkjZNeRkTQixEoqm9fWC7B7iBnKTJAIBykJTSBzJtIQdk+raygS71h1cY+EknJp9NV7/SId23OIW/I0RO5wKRLzo5O0xaw05lauZu6ylj2TZhRiYVMTdxzOLEpIMhmDt1O1O6SGOIRge9w+O4+NwYcDAVibqLqytDQRQgmpNgp2EGH++rU39oDg+bCkXakrL+XGKgk+QToPAUVmJEbQFfTUhyNwBiMJOxlDN8+0Y9Id/7/+xwGv9VBzpgBn4nH/T7fCn377cbB1cHlv5Jd+17mUvd/8ecboP9lDhLYv8Ptr5eYujLng62Ek/3uy3XCm3Eltf5/p3t1Erm/6oy/tD6zLDHpw2NLmQRsrlZ+6H0p7+8/vr+9fSeB8iYGLXdmKdfZtME8t/GGgjq3Xixm740demy5SYjGDrVPe6ueOF7HVARc/6aQNsfGzugla64XjSekJvtv/+MnXovzG0nZnViZhmqM3Tg+FphqXlxlrIHqt9FDuYs1f/j85JFJB2bMzC3j7rXJh7rGEVNTCfSU4RjA6kfnJMYFEh0crkyesCfv6a8b5LRKRFp26JLOZUFpUShfK0Tkk8Hgt47827RBEhCJCi/d6Zoik4wDKI4iFUt+lFdDlRsX/SbRoDo6zbAWJlBQVNuHn1dzIzRqrHvu0o+vXr66eUm3h3xrurCE+HiuatolvpyUJO1nZnyuUeZesqMW45MkKtigYvPOxQFXTZq+fvdOAvmHH18KGURLdNpZbQn5ZziXlE6b3dyrMC/iMRLBGkyS07wwxre37395e/sff/c7i/+tYSCsUrgy6+XNGMJvSqBEbT/BT1QGxjaEkEVUYVahVm1GMVStiI85IqezRlMgdRE7ZU/VWhol7StGJjcXNepE//nTPVC46kb2WerFWDSSVi0U+Xuq4Eq8JkOehbCyqLREPyRLSuUcDBJMqQx26n1AVNMYQIQrS9AUxT6Nw0KVCfRkLtXDj28A2aTdTHrChin1Sc3aawmlB4lqUBUrG2MRixQYkZZoLBRNyW4vQZMAm2xDWBEB7/QZuaFDEh1poCMrE60MMfJqpbgKUMBvp5avli27ELNpZ9RsXI3q1ar7cDEGrzNpqgJTjKcUzdPKMl34YH5kwveDkTprdx9clQTI5NILrRHlwwcvXzTe7RTY5RYSOy8GlCL3hErtnSeOHz25uXluCNBoor4rdeHEE3OJffs840qidKzi8edMywNJSDZ26mV0LFrM0l/2jHOqb9eYGPdMNO70rDIYZmq03VNNPX2ie1LGfOUl0y18tKE6E+pDkM22J6Q2MUmeZNPi1JLMhZwUmQFAn1bL/wxKZwT2ij8vumTbZt3lyXpKfQDsfTKgZkXFsFyVEZ94y/Rn1ARe7s9Gy7BUyJT3fhv6zHzwhjtjw9Qr/e9dMu7MwVt6Gw0s7PHVnU2THny65qzeUP7hDjHybH0KuSkDyB6e2HUS+McfjCH2AqHUUIBiNH6tW8lsj+0+MEVlmPeHngCLRyLKy5IINsmmsK/67C2JFDO6CNyG6IhKyToriVVMyjRzEpIMi+aNsZEvCiOvPomDwIhUqSDgFfQsUp4V9DUmbqAG6N3NhlHCXdRekzBaVU2uQSZO2ByWPbsAv7PgKxOJB5BoPqy+qifG8NnYK88r55qisLMYVtSKqG/VFbdw29UQdSdHGoGHjkAGCzXL/PJKckg26TiEgLk0kQa8/5meWwstwkMELqiM0XABV2yGnTTDXAQK1SA4dRKV0QRWX/1F/f51KS4V6rubE6Nv1niKBDR+zv0Ly4O1erqyeAnKTv1cIO3o169RFZ6o+Hc+l8uXAqkisKNpdZxHxe4X6A5Xu+Dk1D7fFfxW8Tu+VP7t9rB/v/N3tFToFKzE91IOfr3xN7AO2O8FV+5CwkG6hzZdZiyDkhZhmAWHCTSsBiYhKlI1uNNKCnQBHbMnBQ4Id2mcSRQHtWEG1Ro59LHYsCfTbGjz9s1ff/FYRWFdZ1AQ4XDBLUAXxXhq6xoMrtjhzMIba4ReXj+70c195jFmYcNHHK3r1xzH3N0ves5nwonKw1isROoo9DPHi84MvWKoFeSjP15mgzkxRnKVqrt++EPsahbBW1DZa+t8ZIjY1HF9Z0/Ht6//8unOANiyw2rmPas1/w5BxIQrbAl0hpwbIaLQncDLMMLcR7mktF95RvsBEvCpiP36evWwssvDNBc5zLvZ4TInv4EPbKHfMVFjsDCJApdBIp5LCAvCsbjKrYhSAm3cOK0/Fgvo5ZMVcaBd2lvL/vGP/8FtQ51opiZDDy03KIAKuBVnIQaN3F9862mDWjxc1lR78+7DiuuoJ/t6GkmsiElbD+0t6SEDDbtWybiFyamyVxA/mqLS99fSNJ/tGSZNW/1E2/shbkoVPd/ff3pz+57anr/ohbxpJ+4KvOvcF3nBaZgj5DiEdiZU43bGwtxdXztHKAWssSvfqieb/soXNffTfUPwVRcCm0RdmnJCfmbVwyyw9xAWDXj5NKsrNYk1VDR2mcKiLEpaOoZh+zY3flAaFAXKEw5ijby2XYub5RpoxxwJpSnPBxsgo56aitbGKs6Qeqy1dC1b1DTWOFY+JTDDZXmpW0KaACvz9EsbsHw6E7IAG8xHYquLJkqBXrux4CtP6ulcRiPhqpGzttJOKZJlO/uQV7PMXMkcIu3kh0j6fG/3v7ji3tFn/Aws41jeTYeOx4+s4ZA3rRUvBaSSGquaeI9B5L0kTORSEE+VeKbB6IL7YocL9ql2jKvrl89lnGXA7D+Tz5C82x1jPNnIoCtAm/X1DAt6hSGqv3/vDXi9f+V1+zCzlswakTJV2YVBrsRMifYG97zzTPrhx48wW3nRc2vv3xtR9NFZ1tulMvxiVjcTOhu8frjr7XD60AyJivnosxuvD/HUxYfGSok3QwHbozbt7QHFNOw7zNkwScgKrC9HX7TlGB7lE6Zw2OT6VJtV57b1gnhHkY4M8q/sgHc2HNlG1vTcc8dJaYIqTNpplZklNI7cGppcwlFx46sZngXERphIjC0sebRHj1E4kJo0Z5S7WDAR1vR5xAQEsSB6ZUn5+1p6sm12d5aXrvdCZOT6V4bxVT+w+OXOJB/T2yAW3jaKr2qUJxYHpL0xdY/GuwRohPMcbCQKmaZj1bJ3hti2SOu+1DFVoYA0RwKsMIPltpphekVRFBQb4Mjfjfl94SFhLAokHhQSboSwV7Glkk6LH4RwjJCAXEAABGAiRK1JDFWFvoo/MJacojhHjG0grOiXSqFtrhxF8aRyNziOgXdfa1cC3BLqE94mlkbjYcteoMl5S4Y76zS3W7Fk1mlgorG21/eEqX5NUrUVToa4qkB5mGtqIUbXQpdVyEVtUXF6CWf3VAMv4whlFBX5YoRLO87C3YvwoLsXzckWpE7GEoQulBgslDFShqig21G9fxHfhU4uzO5mBIHd3VScEI4MFUZqEC6fjiL7cgrMZFLNrHXIunco6+hSNDl8P/nN9Q7PdRKM9291QUDnNOK3MoPU5c72OZScu5crpz6qB0qDf9CeOqu84pfql9LfgHUfv2tIkoB/mQCSvhe81E6Gg5x2LgU6Dy+i1YwXppk5pbS6joUBH42DhXlb0WPR4Z2/u9s2BvzLXzzATN/LCEom5y1rWzK5mg0a5qgC/NJDU0PPPZXSX5vYao98DH9wZcXpcfLJDtGhS5kqv4k36rODqM/rHJ5LLswBEDwmkO7GeJiqD0sxtfIJqIIiKf9rFkfDtKdDrBaTD7ZzWvvavP7lLwZHRY2MnDSiBfLaLYKm6AWlJCUVkka4FqaRdb4gwkTfizLLC8sONXvag8bXYM+VFcgpwYLLIXWQxtEI4bjbRc6ThAKXH52YQnXJAWlR6a42b0UiBDmjXHVqcLl/XAXoQg4Y+wSiT9lM3BaOS9pt2vzDixvbHzZgUzKoROGSvkvb8FbHhLI2CPbJjFJPJpMF2sCEaylRBqWpXtspEHuHRPs9KiTv+cv//Eszr0Rhdg/2YwkfH3+2Mnt9izopsZ+FwlpaUR5WBXg1b553NQP98uZGA4DEiPFfgx1+NBKvxiA1lee7GjBlEpyCWUWXF+jqr7tMKdu3EE4su8+M3V9fX5UklS7LZop5n02ENwzMkFrxjvlemNuUooEc9KYEuJrm25tIPNTc+CI11Cojby6SPRYgAXClF93WwIyQC1OKHfKITtPstKHHFSs1kyBu4BQ6jKWVYnpDPaiM7P7HeXBBJ8+1f8wxNktZHlpwl8wQUjLajqQGhZ36qwLpM/JSGciDqKH1Sw74zjA0IWWoSTwrOo7dw9rMu04jjdMy3WXVKO/F1GBpNeSZBGedfPofprkAACAASURBVKmwP/SHGEpfaVEQqn2Fxf4HApAUREZgQM7LPSVqupnyCblXXHzspelo8Biyzb1ZdfC/2NslTfM+9qapYWus1VvDIdFZRVISbZw6E6YJGbhMPFmUsrdO8ulDo4yS4NYGQGqdDaU/sdMfGznLqEGQBz8A8IkncB1YsyIR1w1OXqhvhqKH9ie/ejwFg57Uyb9xTs5KpgSGn4FRjfJuZyuzPFnsVjNI/QyWarxLi0rc5UxBPhkJ88qNDd2lRNabQo4TlyupSlONbiqQzyNvBCbkUvNm20kePAoAacqIRBf18HVvRM0CQn5JAHYHf/JFG2HO/P7Lh8/vkV7H24sW84loJmSapWWPqKkTR55/TydFdTZU7JLxMMsstS0wQV8bEnHHpJM1b9p3xh/1xAVGspuPy0TJYVlYD9YzAAS40OM/DvBK6Yw6V2fOc5Eiu/CSqRdoVCM2D6glFpeMhrpo7yOiIYizxCPLqEZhYlLSArnikv91go0quhX3lRuhlc9PXJu0u+eoMpS7hka1yqhS8uhuV5XAYj/OEEhrumi+XCv4SNPhNOQA8ZSkHD4zj1QWUUH0we+iTFidImaiGagSQQQvioHiGleZDLqNNy63UHhOolIpkKCiuJi5/F9oOYSnnWCQzlmpEOuJRaxlz26na6ILbYVjgXMSXSZLfT2lxLq8I6A1CQqlE2qk8NGlXMQmY/g76zeiTnhxq9Z0+KodI6Qx2g+wb2fdSzAVVTc4++womiM9LldwynWt84olhYnA8S50ceBC5VKYj76TR7o8sh68ajJOEKqLon4u/wMbhEBU0ZnuStxlFyjKBI8QqqsyIZwLQBj2D/b5rMah5QJegWBHmEoMYI4RJgypNHLCUct+PsKGKCkHqAvYapS2wvZn3PBkh55afm3XwztVlu40iIhXtQPYshhxpjBKjR4fMBOkT98M81Mjh22LLXJVpvX+Bea6ucr6mkTEkfhN02Ai6/Ca61xENtfh04XTsPb/GAzxdpLhr9HtZn6WMbsK7pog4UCjpX6Do02ea18MZhkgfXd3/9bkuTdKi4Et+VLlyLd4HvgBpBcsp42QMeoQKpecv1XJ7jgvr+weAUPHQ3ldeZQzzUMihF5N1cpPimB9ABvbKQwBhJnpJKCdHDaHzGWsqeIMoiO4pHfEOC0XPYuUYQhGVRJGn+GdrtJXyaGkPe08+oc//oNZUSOdZTNao9rLNVRK+0eWFp+Wr8kBIwCjmvJkK17UNnw1xKLNxDsplUNIvz5/9NR7M1APvry984yORwdsbtZmgOJPCYPhHLvoSkbgiqNSj6Q1JYKT0ORnrZf6oo02s/zqxx+s+Uc3TeBtelC+NiXdROmMSa83VQYvan3AamqvY3pJMLWiNVWT/mTTpZR+qUVjhrXa/1kVjXc7zlA+/jCABtBI3thgMbH3AhtAimTDTx6+fmwzzTXIGFUMeYJgSVcqIaEwgiDqdyJN0caXL2kSlPcv8pkbi1XCsRKu6m6BmsXPzkwoMk58X/QOpvTAueqjlHBpuBGzZkKTSjJVzEmLAkJmAHcpYE11SUg6R0X0sRN29rSJd+Q7NURcpAepSKD3UqZodMqe0xvRYZQ9cFPmQWKoBtOp8phUIcXLQnqi1iXU1mzINuCMts9f7c5Swy8jMQCJcq84ftZELcDmoR0wswePvIy7BBjfgm+90mfE8vhW0nL/8f7BPabTvdGmjeMSBVDWuzD6169fmyXFvzxfH0a8IuWeIxmBJKwKaVU3seLMmoWPe8e0/BzPwl9PKzcx4hZd39+DZgobNMmmU2KrkqZOmvu0jaQJQe/bdZmzfsFyFoaQ/ZaFkMssQlpd21z8S5gLzg9FUeOsXWsSvIal1w41tJPuyGrJAXtGM+Nx3cilW0rSdJl9FpIAu4ovsQmLiIE4M3aZvt1yvTWXZoR5SosUMwQZyVyTWunNU2cWKYBkbc7EsQlzPYJNEmHIoK9yBhYsX28QlF+2hu9pWYWn3+yMSNyPP5m513nORmcJtQ0Rms6gRn+xjnpnx7hoWVIEJFYFFC/oJbz6EtRd5tLT3PLjYrDknitu4+CGh0NZ3yFDAIJVttxyBi6oFbKyI9hbG2MBK74jIf0gyp+bPgnKJQ62azyh+4lVoYidX9FuQ5uRfnQcy2HOnPzSSu4NbRassBy9fkQOUJWGD6petSGAPGG4qQxQaWvUJqvsduAVziFASN2B7qx0LUmsfqKBNwiqBhV2eIwZM56hz7WzmdHclTRSRFEyg3KlKEnO3NuVw1ZY4Qf4gsnd1Eg0gwrLqEmoY2LiSsAZnwaIdelmG1BoHEl/css8Jj+gEwfEaiYCBPe7k30jInS76AJHURhaF7rj9qjFw+XqIKE2EV/gHEEfBECFI6wgEGbVhpCFDXLMdhDOCWbMjcYhOcKqUDqvbpE9r1e+INq1JBF2Z9+ZS3FJxd2RN67iyCfUh6Yxq9BgR2QfeM4IYukZBCkwTH4OplCfgkOwGgF1Eb7znbXQCYuY1WjMCl27JPhaLyI1NPfa0sP7ntp7+/bNuze3ZZCFWw4W5rUv440wctWsXIDwXIq5ZbPLjRqKE1t62JJDfs23NTDnXzRhJn7zs2+fDGo2lxxGcMQadYjXGVaEu5DZFSeV2yfSXO+mEux/hcDqvtJn3LMB0u1VLT2UHXra0QPZ1lb2Vr02HEj0h5x4TKuLi4QLekDR6Vg3Lr0maqTMwvIZRj5yVgYZ3z8dF+lVJz/0BVkD39eQwBmVx6HrjTqpjQ8d9YXhGHJEZehKzsCqBvVKooQSVljpxDcKtRkdN2XsnmbJWYgKH5RyotLDh5Ye/vHHP+f7bahRmjbqSss0V5GUxFtWZT070yEFRjLCvOPe/rLv50paFh0JIbqSq1s76gkgQ7V/NVT7/u5P9S1QVjOFGOGenQBcN6nmz9uK26B7j/c46DkV3GhmdDIANBD9448/PLt6rtFyqwgITrwPpgNabJazD8GkfCaQ9M/F3tgBNfmpwyLFcXJJrsm4lMKZVjnZSyet9yrPwJH0uGV8KSpj6HUjAExFyVqzavlZKiA58BKkdjrQHpgA3wqxAsRXZMufGtHJJxo+LOdWIbpTPR9QrQ4Js+A0OWrWbR8ZaSjl00cSi1wEacUQjB5tXryGNGMdV8QxcgAtuYsoJeSvVw3CGbGRfBlGgwCILKQiPU7eOJTMrb7c47Xi5ZOAWW5a61+uwd/bObBcAV9N7jdIxccyXjlQooS251gpOrpxurw8ISXQnEzV7HH2qsZV3cjpEikIIzmbIWy2HWVqeFrFEyTSO4NxWKINrb5uqNLaQENQqJJLUQTDyhhIXF8ix+u9f41FMoSHlu559qUErgyvh1fuXv7w8smD3qqc+X2wX036kQpZkmKTLqBs7GldJjLMwMvyZT8m2W/vbpFVoPOaHH6REpdAyVlNc2d8Ps2X3zUHfToHGQyhCYtMLHbzJ9LI9mK71oIGmhHWv9TlBrVhdMbgpRoS0N5MYsMgSXPtdHn/JwrsrZgkKsTOfgsCrVvN4k+kqvBEknNItNbMy2PQTLgNMRYZLHOsK+1tMb33SlX9OltQpqL2RWdbkINACKURxG7eaM27J5IIv8V9FN1eSCZ5905kJoBfOOiLz6mSdR+btCzw4xfWiJoZKPhuqxA3vgsnG64rQqOe3Vf35O4XA+8Go0ravEshnlnQ9lEiIolyroV83iUTtbSgOrlkLsKTsKluY6UfP3jyaJpgndBh1dYW/MOnxiS/JibIxtZxVjBy7WPSA7qmIVEhKDvfLUDWhKRHpYQvAZHEzugp5teOFIh8Vq/bhO80fw8IisBEC+YEMb7WoEP8LLFcGiLEkYGCyixODwuMALsSnFRZ45YAurRYilDB1wU+OZ9nw+4k2FUJQjEwS0MVm5ycqxBFj1gRoJUtEPH80I3Lzt2jhzC6Fzw/s0nO5plDvbzGbwzVP9FdXd4vxJIFWkYEkkZGegsfjG46QsrwBza4WGAF8RwXo2b81rN1e2WTmIusTiHVqkemSKTqmMgKEb8WeeGYh1JJxX3VFgRcDVdqCqDr7j5uKISsNU8NASZ2f+O9I7XgCUeKPAqphjpBHDXB3IWVVXVKSe7KqHWO1L2o2SUj6qR+oWKlBqvSqsTWBXjVnfiPhIkiGScyOqu3yqyE87YuE8FcEmr5qeZeN5h331t+Y/TQ4kPu4a7CxcVKB5CkWSvZiS5ESL114W+e3dxs18M9xFxXskZQELZ2h9z1qnMzFF7kgcjpeUBRN8YVmNRchKdohMXyigZRklcD72u1E4NLO43/3CqdOGrzvmgNyOEVY9KW/hkdfSdv+fChpZXSFt2n+tMJLM3NvEB20gccaoebMvkFnWXoY2LEpOmpyr1SEliT70rnuiK3fzX40RKRcRAax8wsb3Wa4WY1rp820n1MYEjoVKAbIUjaHfZV8SgR2Zz6ndsM1PAl3OC7DnPxo+8yPt/iLd3pl9Phf/zTP1099mqQHvkckeJXwxicRZIEtVHXqJIDbDvl2sJQ2xLvrhDwwIvOmkAma6PPiCwZF/jlcM3uqWcJjmeZ39y9/z1LuX58nd9N4R4AlijG4NhnhgZamJuhjU/GKg3y0EdryIxQfvRI/IsXr2q6ZSmTWQIDJ+HFYkJ2vCZqzUridrH7pJEb96nHemywo+STXN3GSeN8tUUsTBrR2EMqkKDmMQhDt64usXGJddiCT80AMrGMA7dRVGYpO2wEvc1ZuFa75SEjDT8xADaDrXYU+c/zIhI9NYkyyKuMLuXNLiWDsOQIhNuzlmbmkdQQV52oEq7GTkAoL0JGlTnaYmKNHKlRh34bkEgas8BlY8MvIgcLKQqIBQgry0JZIDJg1GsgyV9GudcWx6cpxXpgXuDbLj+oaOxLtcTFEkwHe9sbGPK/J08JwWUyUFBagVyUzW8ZZxu7MDzA3JVgNZRWUm4I2VtVTPgWRoz7AwaVfmgVJfPlEGTNSO9xyF5kKiaq0CBoWfIgFzIiaNIXXfLdF89fykTbnOGTTQ2tDehNOdghORJ+dvM8f3301SoK3zc/PO9JDQHo8ZObK7vbFNOlaC+evIgRlZ/SQh9zzTImZKtOBTrGxsx5n+xRz1m6tTCAVtIWNjcnuNFi6/ncIhJ2Rp4swHR6i4Djpdl2emSTPVJThi2lld3Zc/DqNH8WBXFh0cfq6h58lhAbhW2S9JHUDsH6bQTlsWJklcAu5mT29VjZT7qAtpgciTnR0gtPctxTh8j++FnP6fMFEiNLYIwgSGFxL+178vQG4eRM+/hme3cmoA3kSqXlW2sZWU9uly1jQcRwkLHlXRyG5Ve3dKcxhBjP9mlW8lkMvHh5FqjkEqU9sWW0uXithqWFgUIJMgrQOCE8d3XGCMdOfhCbS7eAoTzBH31XKXSqlJFi8qPXQVz/8COrQxD5M7CCCyv1k3CQ3gK7Agoo0a0UjIkTuBE/zcQDLtO3ssfTHC10dAZQp/Fd1FU0XyMm18ClJryCirRm1NcYFPfziByyrAKCWIbDh6konwFFU8iJfeUA9zfHOzfiA+QqxSQia2n71IwBLqqTF+dSs/l2IQnqEXfAwn2aw9ovsHMGV1iVf5rchAKHRoN/4wZJi1PBSCwwZRT1ThaPDR+6/PTLlR1Eiwm19p6PtJ1GpGMqmSTKWB2pfU3aXUo1Y5k0cpqI+lVhUTJZd1DJE1EDUNte5KTKxKiOr6ROCxHNaPjmhpMjtU/6QRGxV0E9GvHdjVR5chDHCbk6GFCqmpXy3/dgJIVLQzQrqejgDMmEFGERG4yBSNXoiqFKDSiTWE3AhdroHhhfkbA8YxdT+DcMCTNbOecHEhwOOIVgyid9MNRTefit928VjTh5KznU3+2lIr+8tlhvKU7poYMsLs8JM+iXplpTZZ2zJ1OsOxQKrenunSmaA82q5oMT5/b8vnrxFwNojVxGEUhk+kF9Uuk0eVyO3dMy72TcrspIocbMXuEqqQVScKL0QBdiUB5vomRttDSjwdGPHzyb8gaTprH0DmkpPWBtog9exGVxA+4qPF2km+x6GKF3nCE498U/xJMNWNYgO4uzaEy8BLiuvcp5ewzO4EpbTvfim0wmCyXmPJWLDEHsmNxxg8qSZrareEWOTPMMVblVpV2sHusolvVnIAs52hvr2WlNTPnp5as/vvq9rjFQqhTT/YCRj5aZNZ6UaNt1b1GnoSKgDa9sJTj9BNvgM7yJAbcW39315nunpeR2nnv0+Jd376M2NZF4i6j8FXkS7n2jKc2v5Wyp0/twm4NsDMm4r12Nb+/vfv/zz2yrZSp2Mk88iTCdbzAPlQWjrAeE0TwxJ5mJqMjplv661nuI3JesLRwgSqn+OwjohrvKcsBvvgnY3kKLA53ciZ8aiXWjUtH8RSZYWLOwfwIh0uk5oyASmOqFffrY4FZDiRpnS4oxgFSNqwGe4jGeuAooe1BRoPTAxPXCC6pmYBQx45F0RiTWNhohNp0nwE65aHukBMJJ8oPpgG+ZRNYrT5oPYzSNbaxQ045zzxtE7UIdELy2nVAIhWgKiqkMxabtelpW/pD5dSoBtSFOrzlOaNilzE04ZoftUoRadxRpLtGHQIEVTeQWasiemY1JwZGs2TOq9NBKF4kXuoQUvKSdxswev3hVvjWiwDhNR5Ot3aUkg20VrFmH8c7wYYtEG7F7IoWqJ9Ca+PvbD9f2hH742G7+k7yZ7geWzUlvrJ0uXaF3CkC6FRdfPtny34N7LrMfV/yiR+RrinkPQW/rrB6NF7GePWpiXK+0FEvu2AJaqsXL5lWjgD1ohVshgFpeIGEaJ9mbyBmJKJUzSQjrbyRp4/Xpol2DulHSlZFnniA+lLq3DVH9LNosGdSrz0SEC7esebUJUE+fFKukPf7pCOSAn6ScnijJ9zDTOJ/HyUsNEIMTPM4onnJnazRR0JB2bT4aodYke6ytBZLmEwwxpGiKRJGxf33EtkuMRsARAwmDYQPZk5iDmLjK+5w7PuVA7xLRVMr/FqO4lCTWnkABdOJeHlcHLIqsTm3z/AwO1xCHkYE1r1wQY1gJqadqHGeu4U6Gyag45hSLgrZLBu+VWSgtokpSKWgGlvMUwwE/yYWD6sZMaWj3fT2SgmQTtO06kSNQqQyg+noJjcDHbDKKzwIxJsti43XHKTGQTkru+ZEL7sGMTbdGNOjkVWcSmETpjrvnDwDmUruEVfqCa+RXGxGbIfmGkVEkrOAHPjiAoTY7disgQxmOEXLcMyIVdhXefFCpihIHkp1XrAuE06eyjHuG+bmN9I3Ff/p05R8DykgAD+NkcA58q5YxxX6HAURXBY/gQlosjew5DgjkNnTVqeIuHQ041lRVfLcm+sTr7q5QBGbKWzKokZw8gBkNSanornhVD7URF4hudnHf+6nqoCc5d8CpOxC2GFiFaiJIubR9oLpWmRBMs+g9V1ztenLXooRj3CL1yNiVroLeBQdppEvnO7nkijCB0Z/sRSy7f9JamZZnsDd9LB1G3epNLb8ztfzmtaCAZ3G5bCeL6IPjgIlYtR0Omly2jrsRRNnhOXx6baVUgU3PXS7SbFW9/xhC37G9JAJ8NtNfdAd/hjf1xl//wzmWMi4Fiiau7u7O8VQxx32Bs8jkwIlW1MChySG932aMCl69UVqD+e7Wc9k90ldfqf7RaBjkCbGgAIDruQhwRBe+HUb84SiGhOJRpUrtVpbtl3m3pGVku6G3zB8FbYIALaFPHMHDIuk0F9etzrODy88EwLX9qjnalJ5JTemn+kW2kelmOs/gU/rU3y/T615aqxmFStPzjz//ySIpm5ixH2GKDB8/vtaGfBblVTfcf29gLOSzA9zlc+1tk/cK2cL74fqBXYQFVURKg3DNxsRewnjzznjtp//j//U/1+rMldJ8ItR2UosmQjMjO/jsxQ2JOyEG/7QuD22E4emXTz///vfPbl78X0z96ZNmW3bf99WUY9Wte29PaIBoAoQgDiGLok2H7ZAZIcmhF/pjZVt2yA7ZEZIVsl/YoVBAtEhTIAiRRFPE0H2HqsqxsgZ/vr+Tt+0nM588w95rXmuvPZx9Gv2KEZBNu5RzgtO4FUpmCM7SxuSX5ZUQZBddkM7F/nKW2QpeaoAKlOBkSQAjQTRoHSZmnlrM5O0mLZ1k7CDXME8NRIrhbLe8pOiPKUstADLEoLIdTjIrHDtvUq4ldGEsvAnyjV2DBmYWiDINaQ+N+q+NOx6/BWXCz6wK6LhO+aCny9SJRDcldhwSK1lag0C9YPcIZyrqrnHPHDkzrF+higRkMzkoantr6tbCgk8S6EQU7sju0D79a1qbmeQT5eQZkdxOWsdOnR3RYNb9QgJKxlRm4IpVlR5NxHS3sYGq1F6QEvhTjYRDLqUY4ahbsCh5j1GGZDMW+GUdU4HqSCO/z9YOgmTgUS9C64IJQm4Dhqur169fY4x4PaystDXS2kAjkTKhrUI23uYea/CykSzOY1AwjvscNOXaqqbnN7EuoWlwHMuosIOX8sg1TPb+iYw/JCefXljKqYCoh7e7G8+21+ra7Ovi8rJowKgoLHMtrZ8zFwTaoa/xLQOZDx6OScDJirlJTbybBA+sinH3KAwjkDsyrJTVWKM0rpHUCF4QNWotICPZL6XsckOqwh/dzbu5TyM+8a4/6ImcF6eeQ1He6L6Zo6yCmXiDUcaV9/Tk+P3Ru4PKFj/Ie67HYZrBwE9C1EXBUGOHGo1b8HklfbJ7AzTuqsbII3DGrKOEu8yXGS0FIQcCJ/8iYJk9xaEIvy4whhZE1o3pHF/MNLucL7QfquscyfglveTNMd5gXkjn2WEpepdwewtOZlezFKeMnWm5HR6rS711u5VwLZPNMkubpqsgBTqAi4fFwWDOgHdF+bq2SSKGgtgXcSQdDM6FB5gBuKp2qg4+oJlrawFdVWZBK0GK9EfpwJIaIsFdOIiS5BEYdUBsuIFzoHMIEJREk6xLDpSsSlHoIAnyoHRRwY5GrYIhG/zwZnjFhBLTCvpHvkcptcLRP8jYeWgk44USpUc9e3UE8V5a48DvOga6c0E6eXLy8UTItcHCCxZpVVEDBPplxcZgJLtye5rtZwziMSwdDyD0SRolOFZPo/KYBHc7Io/7CqnqmvI594ScDINTvO5yjA63a5XYtTj0mYNGVBd3IYwrkUtP1P13q/Lh3qd/j9JCuKtTbSUO0gI2e1MratLixOff+EJa1lF8jkDwDshxG4iaRiiCgy1VD6rcSpe7eYinimGoYqUn05AyjFoqQ4X1qvVSX4hWWZuM0Y42tpa9uX539c6mNpYqywnKAzImippJzdRqkwqttRF2+ZL1b8XhiVfqlSaCLGaIHY1QVYYJRB1CRksduXptbPNoLh32OOmBIQGECu0pbz+ziqJMtMzs+pekEHkspNjJHAsqNUnPrbZbaaKp5EaG6MSkkyTx7tbDuLVEBahIm7CVZ1BCDP2EPK0M60gnpdlrGsteSTh2pgaBpKhWi5eklg5yJq22tpIMHbgMLsj4Uj8ifaWmbAhq428bZniEPwQpXVniS7urxPwem9uM+OghIyeWA3fwU+HVHC+gVIBVaeJyMubl5/nTy/PTn375Y50Db7dgQgY79AcSIs6dCgAFBJxqoxrpWeZHa9QqCtCNBqBVUB4LULChLI81erC07dQb6EeezTAzgs+fv3l7ZUAFOH+ace1czbnRhQI8iW1I0rBacqkFE+sjRUbw/Lk9blz7+sdfn15YHmQ6qUw299k4v1EZHGUJ6QVF7ddcHER0Qyygz2cJIYnlOQSqQVnQVrHniyFyC9oiKc7msmxXG8qYISuPoGIx+NhrkDeVwBiRMRIPImFlSApbSKM8yzEMxCSip9vp0tIucU+SphnO5Dby4MaaSnO1LfaKyKhJoaU+iQE5DZMYwKRFx8SLEwSENYJr7dL4MZaxKywxF9H4LeFr0j/m18QIJYV7pt7wIWvZa6pb6Rim4GSVikNnJoCBuGre0As0jnuUQj/IVDdnaeowkimwp1xbNpf+jNw/tkxRnVoqm6BaNWjBl0QCmSU4YVOrfRCJXbbH3Jpyzoo8XfpgEFEarCBngtUBrrErQCUbukt9nsbxEvBSlh4BNhl6915s8iqo90/u55hNEIchY2/h4IePts7RkmTUDrxl3sCucVBdXRvAyE1tyOAbVEK10413bXADPICsl4VAKUEP9c6/El27IX70fgC7/ziNA3CtGLAbIopd8YjMp7pnQgN5kay0QL2EsvzAoaS6WeY6PU88fdMtRlbORx6sjhxdS6T9uB6KRuVphByiQiZn0AxfLSQhxAJxD4dCZ01sA71kvpE4ltB4uSrtPuM+mbol1kohFYLl9PxcXqXc9kOq8yai6Qt5k6qBTgqiVoJl7Io7yW56SprbpiQkFgM8CgUe34rR9L647r7zeYjC+W0GtWuO88T4zwkYvALSS3uCWqJwVn45Y0ooOXrBhSdHO4Rb9yvmzCoM4pYMpjnUAZh9T4h5V79EVIt3f6OlyP+iOe6juNI7CTi+GHgDiflH5Bb0D1gVAzBwCIcqHbklBtRc7DhTjwJ/Sh6QKgV0/nEMaBYyi4zJJYrRUI1W3eC2eJV/g1t/MowZICCB0Y7AWHOTdSgWiwTal0gBLXCOqZqSZGEJPbKnp5VPh0B1OfE/ssNaKQAxboMGq08qODDh9WArK8MIeJmtps+ne6NvlZBeqFfZ9WSqM20OYcstLLlge0zsZqNTCXQiBQArBDM0j6iG4lE+S2ERBZ5PdVKjKfqdR5JLYUWeL0X2dzAD6KGU/TuKqZjEFNs8/jhATixPfoM7rlYmnJPsWCoUr1dwYAmiWmmh+mP9IEEnvNiZCSXUMO5nOu0syhV1GNoYT2S1d7vn/Pjo4ynSfZ8w4ayDH8Dt6nFB3fIjhWBWbDJV2IlW6JkxIZGrhXefTIttvZQEsezwVnr41r/iO0fZVKtT1wAAIABJREFUP5CqWMYijDamQBPZDbc0BKTj6a3tXnBhjdjZuZ0RBPcCZwlGrVmV2VRQiDFqENYBeuqSsPIsuNhRwXKIpFcBp7VpvhTNproIVuX773qSSyrH0RFedrEQaRuGIz+zoK3XivrWx5UHX9/I3HKzyAsMiYfkkK0rj3Bp8qDLAeRJmCxJ4IjXh22Pep5belHkLOgDwbq7Q4RcpDHqQ1EpsEDX/9mkMsggkmjpbwLIN7O6KFRBgfl0Vtfwz3jOrWZQICgfdb/5HOCDx6mF8CME5+v1tHXvDSs8fXXx6lyiJrKThv60A8H1RDNQk104MBRUfGwZYotUvSyhtVmF3gKUthHHxq5aGGU2eStXPn++uTER9tk4cop5/uxHprHfXv3525tfffPmxz/6Ck1a3KdnGoxqk0t5dHlT4tJmCoCPQoDXHN/Hj9++e2vTk68kiOeXNXuZX7oiVJLR2jAFJfHvV7Io8FFcQw5KFsRT9ESLZoWy38msmN0iyJkT3klt7UEWkKoHDZUpj9nLgFmV0Wi7yglniJdviQIlm4owuDrO5gE7FuXcKf86FJ6hdTFzLnjrnaG9p0ibB1S9XyTPLBoRYZdOCSmOjta6Bwx7koMr4FoNTuEL9iykocQ6Im1iGQEMMPH6R3Gk1iBdFlDDRrnQ6TC1EsQkWjmLEcFeXxt8qF2t+aCQiKIbWvZIbuPEOIhhb8aTTGTzeoXkPPo/87Fk3hhSvKRNMjbWNm0W+433RC69zMoVkpoYD5amhAprHiO4t+TSbKbvx9TQwyWnJ3cSPkPIEgM5DD6iXxzLEnQAh81z0VbFfpQTYuyYT+7tzJ8+6r/SYIx/fuJRJ2SjL3y5dAmi0T5EYs4CxIcb6TIyPvUeF/BzuyfeRp97l/yIF55uubl8ccmcdIpOzsprZzFWIraZjm/z6pnRYPJfovIFG/bZfK0CxNRkKWfrE9KYOMM6wWRvySfz4S93ilrNiAY3uaUaSqJQYshzKle4ffrpvm01mUUSJtga/1yAFmYrqpf6SNxfPG9noOJUqzsK1wQoj+WLXkxPbRoI9ZMt23uM2E3k6W6DYsqIIhRDM6vuscZeZEwwTCuz9t+uuHL+h146JFujArYE+egv3or13AH3YcmEk37tEdqxySYlJjoMDNE9Y6XIY004otm0KF2YBjdbjlP6tqo04yRTlgkuxnXUC2ERd/LsLs/SWUrqi7T5x2HOJI26BlU/fpLMo7MoQ2ypIskr/wN5Kae/8pUDUUaecuMEv/xOzHA4Ryt8uENS9Ol2WsA84pMI44WoG2XwBCEUN3/REL6UUOCZ1FKcCr6QrDZykFAPNFRwuRF4wBAazekuEcVoMZBpHyWzjd2oNDnHeu1fyNVVa+xVPKtKV27TO6DNH1CMWy5jJPiPuNJnWHv7Yql4UAdU0WhwkognV9WKi4CjFG01UuLTx1MPxr04samUh/cpKcST0MFjQnYpW0lmYNXUHhmuEkc+3u0fkMd81jNJjPyD0yo7SmRuPop1UozULqA0sgZJkdK44csu0gP7QUycpdsKrkR9lvGKraisBLxh8kmYybn4j/Rhimy1E1w2hd8jaiSW6kDHzNbkVWOCS/qk132HUE81trlxRHljKG4oqp8O3crQZhfkZKghK4j8/R2oMiwN/T06rTlmM5JOfT825hmOG0sP375tBKgusq91vmoBZ4sjCEnqIpffitdGCfWqX16+9PSytdibJ6qXm+UXvwmCAbKoSXUUkp7Wxp1YYWJ9Ugm51HY4isXuKsXhuF8C2kUGU8lEXItV2eTl6NFMHSWsjC3j8rVVNpo5QQxDGkpP1d7gjEJwoei0UvZ6wJqi8vRZA4p0sICMoOw5YUYM2S6rHDaE+hmlj0jloa3WMcca8ZG6KofeptekGE58T1a5L0y72I3jyO3pNivYH/H3OcK8UmU6rCeFH1ShUqXpvnJOFsXcFrsrpflZu0JLz16dn9tj0JycjABmZqBx29CFELRJ3xHeHkgWWrUY8WCyuWTkAiV/KBFCXlkLj+6VbozC22lEC5xi3WTf7/3Whzfv/+Jf/NWv/+Yf/EJSYpPMBlXVhDU1qdequKWIkeyCj2aG4m7u7r59++4nv/Xzl198IWxEt9RIGYwjuPwD8jQGV4y7zdw4nQasCE5wEwpBOyCn4lGtAhLcKKdK7CnYN3l0u2YjbpOxlRhlBTwlq6q45m/H2fqL02KCBzbfcyuzWpUXWgYv7uRlxXmWnlPdgefxF2okM40YDeUP8FiJU0PdCNDJ8x4gRapUlKqRqPHGGSBrLeKBJg+7yiVoS3bu0snZM625Co3l4N04TZZLsLoE5y/aZES4bPKG1T3vaSQiIYemPUtvkhQZku1sPSvI2SIhlDJIupaVSHXU1ea+77nOpm7tBZ7Pw+VpX7QC1BhqDSz9zgewu2AlyWiMCjzNH/C1T4QGXKhI1NZC7T7+yTMXSIKojKD3whHDh2fyvB5Jbm8dgL1yjpEaCATEk8VlHGqaQC+xbTSRCaFBF4ZmHdmsQU/WMF6ZXr1doZ9ojnnVogQRkai8GeG0/P6uhy3iJzs3B2x39IYMy4GkKRIsD7vMHtSz+NoMBS6o2rKKSeFJC7K9aabhcvjZGLMl8p7iIsKPTz0sn0OnheIiPRr7TCBKyzQLnewIUYVDx0UulBHIwlFpkChnMz+K4OWJRVdazE2Y8shacYfGYX2TMtoCI/uvy10TQhVyJhuDu00EId9YOJJ12dJg7ySFIHlhmWmJ8UirB7m17Fjjfi/OTzzybfNwmxuxadzplCMbQP9cqT7DWCuY+bOlbN469RLGuRbyXcuH/KFn9l8nD1LaU3ldpOzKzQxO3cJg+pHbNSq6SX9+LYH98OSDp/VVR5FmYJ4TpAwd8iqSJfnOX0Mh27078U6pRhtT1kKuwq02NoBaSKELkSdGam4C5X7wUgl7U7ALVcclUrcytUMXQIVl3ZKBcAFypl+AJpNIKZgNuhN9HHgmuayHYKrvcyDvoIAo8tguRySj99Vo0GvRLweNxFVG/44JC5y0kwHoq4JwUHaQOFrjqwzXtz9GScjpM4fNvftGhSNrBlp4E9BiPsxJpfDhZtExYiIgOtk1SIGsjVEBU/W+e0WkxTAfrHR9EOlbjUiYeqS1kOoGPMEADXgAXBk/hwqkrgGLpBU6bhLGKszOD6Q/QMvQB6kcoogdXED66zqGqjVMg5jsnYcT8xMIBWU9nR8/le/iCsl/Ahb/B/hJpuzQJTgHyFFODH3yO8AO0WIy2KEg07ib4FbMtWEqUA89kDVRoCpJOfWh/n+iYGJrjdWdNoIaAL7DaEdtcWTaaV17b5rT8FG49WTgWzziqV77YjcUppheVLjoGGdYLCoFE80csAmcljVZA3TpeULd58Z1MsNoVxPcozzrcpBYiis+jICJJYy4gIlHuLfLbisYzu43/CGYHXY4EI8yxGgF0IMcissNjvYtBFXFqDZPVeGOx8t0JcDGrWzy7Bm7Zs/nNNgqIQznfpKse1QRkPpWgZsSJ+nOk+uCr6KKz57SHkzaCthqxlpxhAtEbFxRQUCm0cNg8qRDrRv0SAAZzOwvdNNznb6uKBpBBQm1K4cwpYRSBKV1AgCtK1VOLJlSxAVj/gkSA1Gg/KrAW1TR/Hz0JPL7m4zPBszgnLXsYCrUVlIASdZXMG9Gp0kzWqkvqxj/LQ9iMdX1zgxDkMjYrJPdQ5AlLHOOVxenv/3VxS//8i88K3HeVJ0dDaR3MoHEBqYgD4aAP7NBu8a3dI4Mv3vz1pzdz37605evXruaSiBJnDEUw33iLn+HHpD2L3TLJ+BZkBJVLDHSLq3Hs3pu1TjlJ1gihcNZJC6EpNVVxUFtKUAN45Hjc81mbav15agUGTMhbMpUZhtNDdtPrrlLSxqozgA2chkBg9CyKkuwTYGBU3pIdl0SIxkPemaTLlBabs0Z0Rqd5RZ04MmVC/54sNPbWRCefg0dUTrwyGl4Qi0SwQnkFjBYY1ybGkxhuhEX8Qt2JpXvLlyqIpHi3w0yyS8sX2syUftUJ4SyPJWcYWQApUfiQOkIwhrIsIthoHK+Fo3ESX7QxD0aGzNOQmW6ue18o7QIltSd4Rpx8nrH2JFUxdbTZzfXt1DrgobOwGoRocfqi0KZA+U2H0I8GhZr4jykbNFrCcFTj6Z9siTxeI7YOC1rM3Auh5ON4S7LFeo+2NWlnIL76tsIE0yS7nSL7N1Vjp7DIM/PJ1gFk4vLC3SfXp5yDdFQFUL3nJbGzGLsTLnVrrNAberDp3d3V9AcGu11H1itf1UBQ1skYAsuhOgYaCjH9PF6ckKkIb/5s4e9mq5peK5HbRJojxAlyxSarjlAcVgixe5Ry6IERsWYD7nRHcqyDynqniFmY9OF7s178aW4j04097FQxLcktbkmVsfALCZSlcyJzr7jCmfCfDl9eaPhmWWtsjJW9uGmdylJPSBEF7y+qX+xG34uSG/RnA9N9Y5zVK6AxhqQwl+uFxQXfTApK+fzRxbbwy4kRJVZPVnWEDgsbLH8DcjlyIwQMEac6RMHbb/3gsL5IUlBsVW4CLD60gv3MKVY7kwWYdZPIx2nwUl7axtUQyrXqT1zk02HIKX6lBVzsB5AKffa1Tk7GTiLtxhfzYwLtIh3YeNwFJuvTEz+g4BDLlErkdyqSfH+p4K6AaTNKPrpFvGNSKrLnRJ2zVCCzQmVyA6rL8rUnnYh9F0hEqiz+QJx4y0psIAVIt8Yqb5yGF7VkoQwgzA4xbGMcNhmAJKCcovxuKuF3C2MSCAQMW+ceNe3pU4MsRzDWojCREynJLCxBW4mFUtDiomwxv4YIIGuaBrH53idVAYm0Yc+7cUD4fqsfNdHi8tdCYUyk2U3QlIkLCzFZWD6v/PHw8jI0tw7iAoK+P5hF1WgOEvimUVnig7coA/feEHEGABqdcZuxQ9yHYFWiYA61u6EFkzi4REJI0ENhetDllACexSMAaxmOlFVFY5k2s76nmd3lGwR0HKaB9Ml19fveMf8pbhAuXnxTEc4qn5f/Jni6vW1yPDEiE6xbAZEeapomnQLiIiBJKUfBHMgB95BDhUpNd5zZ6HIZdegReSQJp8MDNZHSWFk7MMT10GauBxPrCELBuKFLtG/F0CxL4f1kM2hezjFCGqN+owpS0nG0ARIVeLYldEJPi8nhYQceb46WjASqBMnz42R5MVwOLXY5EQrUNsfgyDDkyeGIVY6gA4qbU8U7E5qGjHFmDSYlVS2KkWZROp6cQIpxZraezOkQUvLkaYnGhz30coagFQVCRnBnJD+GqMw1kDqUVp7bwxmlHL4hC4rSpjGDVTHXUrqfasWNhGSxUiQb79D40WtTZRXrdXR27DG6/nzs8tzqee7dzdWLgIEw4+//PJff/O9d3t/tUCozIenx1LFSFs+kTQgIjb0SRe13rD81bff6ZJ8/aOvzy8vyDyyKlPkYosYj920qUp2Q515mwu5rYEkNiC2GVfTjqlNR/gweHMkF1S6H7VAZrNsuWVtma9xLgIt35d59GJf4uoK2RRdFNI2fLxPWSX6Tay4LaD+YMVtKDNbPsqqQrdpxdjyaZNezcKXBzXcwsfoFVtbnuWo5r9gyBkVCV+pSuM2EGepNJUTZI+Ujg2sRROnOZKP7JKne+73tVEy7TuJbsy11tc9gARfnFedzNoapnUCxeX3Qj8f93QOSwsosIkvEt2we007+7AM9xCNBfcDxZ3K+KnGbBEa0yZNkInqNXQNcUiyM6vlN8J/Ixi8UElei/8lIoyNpWds5F2Saq/1PQ9BCrfmNK/fX9gZ0SAouhJLw3+Fnx68Pb81DuQxpxfPzq3ii+AX9s2wS+ubd9/ZM0Y4ACRyUE/8S4nkefiaHHKug11EXn7RUykW0rx7W4RMpGeNvFMXY3P9s3HAxj0TjnkVoUYpWrM4Gz2ij+TODyF4iXHr/Egw7yvssF6YkGBcmdAwvphBqmhYWpNFEK+HrO+btDHzu2ygeDOulx80zqpKNlAszl7ksjgUCBGm8PGNW4RCnKl5BI3/4no5mm4IHy/s1CfJVi07MgyQeAHPzNlcuk1TXpXEq5XLKm1ede4upnDOePQBxdqFF8TU+8lDyhJK3bISIBpKP7nzNAxSAjqrnvEkR2f+fC+wlSIy1HWRY+54Nng6Il9NENPX4cIjJ6VOlXUfjNwh1w9SzXHzPBzGOOMsWgjsfvw2GJ9lznM+elQ89MmwmMjb+2sQFNhAK+i2WxlOwmZK+Kn3GZvq0QImO9OKStLxrEU4OKpiioKEWc0A3XCCnmqHtoO+d36UrcosRo1QOgej6AJ9LGuP3F+4SbgrvNgo8DV2W1TYmMK0z1ty8EkMHD/ZfISlJ5RDr0GTDXUSsZNX5ObENRkJZwKc/SYKtwqQoSeRqtPr45+AFdBFiSg/WFNLBbKqcIYuEn4yEu1JMhNwHzy6on/VyLFGIXmQYS1a9VGJxHwwYIGbWQ10Z9Nfd2hIkULJpDORxW8FVF2RONlJqXdyADDhrUkJbRCcl/opl+eG9bEl6NzhAakSUeonzXTvIDAwiaP7sdFhPPVZlVg4iI1qV4+yEB/YY8Mn5aTxao1YOILHSfKsfmGqTk1LnKzggUMtmB0PVDj6dPH4X3vQWuQn3Nc/IVgku/OyFLsDaulpo5BWO0c0czbEjFr2rn8q0BZO5IdeFFFnVzEQRE17PzRrZdV+ciMFi7tAYCcsBdIAAj5xTb5ZjHOE+gIEQ4d0qnWQPHEkj/jwVW8MpGQEYgbhuBuPSsd4gHQ/tDPN2cgxSmEsabI59vvbaxM/qqXLbIAhqzs7OcQdpoPQ4mwlAgwJ0gVrt/YgSTjRE8H7KWz2wYJDnmeCr4oDR1vJ3hdyIzCjST49NOoIQleINngVLXopQFL7uDCT6F4XUkP/MgFXZpdJPGwCqOIOjiKKhqzkUmzU0DRZJyrQYqsDyuzpjlZASugIWp5BfbVvjbw2nMAgGuGouSoVkFkgH3kGmcgXLeBIDJUagyjj656ifWKvuWMA5vbOQ+P3L3/05QdkNI1lY7aN/3z0lHSr0+L74A6KYziki0azHr757t2XZqlfv7bStQ3lcDjGh0t8JXI5Gekxoh5KP5wuM2HhmxId+zgVgCRkjTORCv2k0zLsLGDIcUoMtR9TJ233DKbBFd/1fskgSZYwqSMBmhvC3liaa3Sv5Q+zAaqlMtLvLYMD4JScUcLpGvHYOAjFgmaoRlKWAJ4+MxhPBVIKA1AErko6tgdKX7JAGjJiZ0lBeQfjBJeda5gR3ChLqYBgmhXBleV4d8XHT/feOv7ea+uapy6bT7ZiStGIPlkFIQDXEynWhmLDlHFpXfu5ZAjF+iet4Xt88ckHz3l5w8nhaSICSmQugJbPBjwTIwkVGzerqQElBxgBZB9zU7prGS1QopnjcrmSJKlq+/l57E2PTna+fl5Pi49OuQX4FgieR+AHD4WcNw9MJsgNzGfrDa2TE6ruP5uu/mTHf+wQ9+nJudtExLRKnjBP4HqShYMMBuRU4OH6Xr32IP9jUjaHlUmRqh1wPt1WFZkYty0Y0bUK+/TkamOut9c9xut1UmVGytsc8eSpR6Rb2mePa3aCU+FBx66kPJNIE1LABXkEEyEDoDoLE6M0u5AgOqJn71lkMGLrShcEFlGKGc0nOAl+CXfqjwv5flQUk9gSAYoHDTES35wf4G1F9ZD1l6d65Lk9bpDYoKB1hFYoW1/ogXQKrUfwZNu/P7l8eQmgeSRz6Pdeld7orOfKT4oWJRC0gV9BA9yUK1J5WzJryPjNSW6sIY3Tf7vSZGZozYpraHIN110kmYbb1a93zHRKq9isg7yORzeC++n5GRfbWLJ7xeqNN+eWdVmbREJhYqkVe3hasFIGcianZSkguADo+zuJb+PxwkQIq5MaNGPd9+NsinEvsuajRKdMMMZPw+WFCyUSGW6qlI1hQsGSjIDCQIlH1MLvLpR9jbFcY5eUYr5FGBlR8ba2a89/uDyecFJYAjeaS2dRxeuiFlskmXk7DUYoK4rGAky5aLhXOwiu/EAAlnkVC+1Sy0nhj/lV6Lq6+XySTNY4AXdkxAWu/QDiX/pMXOXODMRoIqCw0XwRbMZsUoBz6VefftCLO/1gNPpFe634/IA2nJDuSglVxPjKReYOoxDbqIQRYtQ4rnrKHOvHqcPo69pRBkwCBz+hqUEsZDLwdORzSC7HHe3QKoWy1BygKq5VV2sVE2x3HiXqeBZ+aITRhviRJKXqBB2FWUXEp/ZkGez9P7iuutK17P1H2Oq1D2L24babB+mdVrJ/kMfLUbcSjtmi7z4rFjw2oeH+aLzjY9saW5h3fXsjW8xDebk2gRh8WNH0qg7ACOVmPiHpO4uBREDGpxj9wYS1UDRSPLX+/vmDeABA9hPjuTW4GW7QVQrNiruFUmfDlPQhaVQjfho/eExzalaO9V2JtQ91qpgsUv7RPGFjNGldRYXmfW75/Ht77N5eudQauwkxQ0ss+0owB8hI3lUzZ8ieclyIojqRSmloRmrEwyUKy3RFgdowkTdvIeXlWEUdKlg+mwOntLEVxbu+azE6vc3U8qq4Ccw0XlaV6Tkj9ckjGl1OBqMx8sDw19Uavc6UTv5ZAhm6Wl5IhxIBGcsLKww8lKl5xwahv3hhK2D1cGPNkf2ADKhwCeawkZm0Ze8SiWAYD7S0k3tPY6nQ8vnnn21rQ+iwEpbIfXJx8Yd/52/93t/627/z+3/wL/8f/0ULVhb+eb6qREbtEoqZ0cF2Qczwhsh3ffv++v7+57/7+uUXr04vjpfsafH6kH3c8bEjGsY7CjPLacu/BC71isSNkmKFUFZIJXKpZWISCwpVB0Ak5+ESAEmZhzdiJHPIXpkz6DSe6mb/+JYoOFlMqeULwRKVyPexEtJGJAXnRAW4xro8PZMIPzMRyVDYx3I0gFgoCrijVoqj1esaerjmShkhklsoIsU31jsXX9w5GtAW9Nvygx4TR1owfPXm+zf3H3qtC8IKwTZmqQskQm1sr8ajxNFysBFGxpY1tgMMkmvgkVoct1TO3GKMSXnIQI7sViuHmD9xyA1IynyrNLjnA7Ks9IIacg6qg4QxIDMkMsqLhbZcr9fSfPpkPwRtRKKFybCiUCUuPXzyMNzlxbnRhXbYeWFA7s6aQlTd3N6gQ6U9Nffi+zdv9CUEACIGLY9DaZGvd5Nw2AUYs7vL8l68ePfunRRzVvzMizhzlNMTdH6QdOvl9hDEZz0ZpZ9+Nq/aBEmbetH3y3MxD/ws3qNXpzXJc3RxvfhD2iqLt1ubWPqLHBBJFW9FR/UTob0JSMO8b5HEKZOSHZOU3IK4dXOPSO6W1JJBCscM4P5+j7U2ATrbny0yYXbFEHP5TAhkBR6feNVb9vieAXyh3mM3GmPSFPkl5ijWgckDStn3HDRjXlIITKON97c0hfKyqudl7XJ34crHbhaug4Bkuspmx0gzk3Va4qg2s7Ioy5+UeIzVlFQeKkH0dM+K5DyMM1dmIKzu9Mmxfc+iTJPaQiJqgc/GmzTGwrMnnmZjM9wQ8Bobi1bVIOoWHLNXDtywPHsoki6GFCiKvtUAzLxTHaTzDci5mu8ivBHAAvPCID+FNbPGFiOvXQYwGH3NQR7tfg18EXhtVkoERMUC6GN6okrIcRzNRHfAOa6CGn31HxZ/VB/qlS8gCFRR7pOlZFUBiKksP2ICgXrXFusm1qofAS2mqsFRD+RKulbDlACVw/cAp77wANRBApikQU63cKeTrsEdRl+aowlKUb9TWvXjlbE0k5EY4vmxNYsLFzkOX/7w4HkVk80tda3SxIdutM2sj3Abh+4e1Ez5cVyh4ypkE8OhgcQR+asUAL/9i6Y03D9ng1dBpz7dTQc/CKRioGZ7aVaJoWDYmYnSsR76ihEOeJXvS1X4oqCTQLiUjiOpq1EEo4Q7GH2O764TTdQOZyoN8fENxQ8m+xs8UVbdbL1yGUhJ6WMVlfdJCX6jJLpmbksTLXzxfKHY24xofawSxPyWqUQVSNWlV+oQDkUkL5163GwWGJ4nBnPsFps9fX+qjr9DmmAmdMkFhMJmjXNCmO2wHDITS9GXXJhUlGpuCTyUuNK0ZPHd8JW4YgEIULNYiIBbpOifOqDAU7bmGzt1260n995QQyg31xoGbhx5acGfOgVoByAFAATSAyYCpvHpbepRRLkR7NaqxhnWcofkEM4iXRwe+WIuqlEAPoPDiLBywE1fYMwiC6FKRECEOI7BQw4xv58ENsftll8XxThyyDZ3J2g7Awim+Apo6UbRvEUBhoCK69rFHghsmo9nlvZqBDircRAEYskQsjyg3Kt46hWMnu7BUo0fFtYJaDNe3M8CbKN4Z4zltl0tqIi4if36/var3/ntf/9//e/91l//hQRC58Nog1elYS47atcP1UX4M6NzRW+ZYwMM3P+gvxD+3ds3aPjRj77yEhW18IWIQz6zzmQ4dgk90mIo0STFoHSQVHzB22HvEaltSD7UZvjH3GUlG1Bh4RrBYBFdS9aIpqdKiUQyASMNR5aHGJ40lIV9kgxwyxNf1FCwc6FBakmAJVVVcT+DtFjQbnxzUry40uWAQMEskZGSXZMmKdzZXt0mmSAcN8BdepqhuiiQqk2XZIKd2POtls8GWLCvpHplPJ5ALpUpXyOorJagPj3x9C1CCMJMtPpJIjDtapR9BUsIa9TZESvJWzyeugdKgKo5eC+lLZ+VOWWRTSyUQ+dlmXmNWPIkRudRd9CJ8SRKIEqWyuCusdQHT4jIZVltmy+ZZLLujWkUDQJ2e3cnd1ReXqWfC5h0BMTznnyy4rBULQENa9/DqEPkqKE/iWxNoc23z3ufigUnPWfTq0oQdOfFm8964YoHeNQt+NuM54lVnqBM4nYGbM5ekk2bRWoP8EoW8eZNAVhkQkKozhXI/Awu2zvcXTeKh1vJHrMZAAAgAElEQVRcSoEJpka/zyfDb8wpAVFCwk1wnBS/2QLp3t8ZCmU1BhRxoUo+zc0cHbomwI210zHTLAnekDZAmYiCDd5mg5QsKuZBJf1GhjhLGqJc/u2jENfEQuaqITAyXoRY6sCSDdI+eyZzPxprAwnerdoyCXmXR8sX5UmYzairnstyMVWIHCeMPM6y8syhbuciDOuqTMgTwotnDDVh68ZSKybFUhmyp6LkxMTIfGU2LE9SK76f2Duf6epMXt18+eWr1AO65mOb6jASLGGZj+nhzShQ+kOrvFgTGVlXM5YKGB5/uL8980g7naeq4Pkf6WsYojIuMjIpwsEQchk2MlJQnDZoSrjTUfzYGyLSa4BgdSut+eRjIA5V4LKyah1gJ5JkqBikh97dnEspXFcT2oFCHlKbN6e+oP6mXVAAY0erQpjxBHvKUQj3yUUF0AEbGoWd8YhYir4odGsXCiFJheKrNIijICShYWnZcnpwP1t15weZzW6P8DMrVqEIhgbcoL9nmVmLdJ8h6l6bZfpYt4q1ppGsBWfJwk//UTAREOeCaGrIyPyO+iiRRHecpICoVrBUcMFJ7lH5JFEWu0IKEk2q3w95hFGNQCfbAUqWq1tgD+UAytqJEkDBbch+kEWKS50JbfCqUJVHKpKXamxnCY8YjNpgPBbKYnAz0nOaIdlN5BoVWNEDyCOnx82Dw2BV45GmQ3CAqXtwxhpCpYQkwJ/2qaHDPjppPHaGVB6gyalWdPvV4mgh9CK5XzSPi2xL1vBM4DBa6FWMZR81g+AKPZmKMMQ3s5vDRg5eR17CZiAH/CEJLe+Z6MNbcAjTQUDguupfLHaVOMxPpOmUAcliFJyxAa+nUhpBNL98d+17Gs6uA7NauQykM5iEks0sSKzdTmSHCCZR1xJJ6UIQwKllLZ1uhK3p7Oq6zEfjeETCyQx8Hj2tw9AgA5SVoTFkZPQ/iLVC0adA//PD2hZUc45MU92K5ITB6gdBOBFdkpZsQyFXWgbAVL1BQuNS++Kxg6bntgyxOUTvP2asoxsf+Tera9pXwm+msbFRwzXvKbLwwF+EXw1PvOEoUaODY5tLNkYFjoWKSLq5v/l7/8H/5t/+X/2Dnnv1noYemG0WyerEImC2Ne8QAoyCOE/1E3aSkSW0MTUE33z/BtlffPHF2cVFylKxppOAa+Go4hDbbMM9Z4d9ZwwJbcmZu86TsoZE25qoGiDBbpfmw9keMSa0oDvWrPZfkefPPKgBcFImLg8s29MDnhnqiAldTGiUPPx48EZfpIVcumclElOtfmM6tSR8nDM5y28agSqHB6Shzg8Pxs8wOUkQAzCN4aXVQ1DhRWZWXttvoE7pytMtbvLxMtrSgprkGYVHLmz0TD8lB9meJM5UezJiHvGaBWI3OOZ0KubZEZTDDy1TiZ5GhjJgrRssrGCJF0HmeWAd3mP1gFsRZ648uitpnz5n0mRXIhC3+6YMQh930UDKTvxZGKJDIVuR08De3OtMq+LM2rvmSOq9Mu2mg+8Sbu+xeXjvMREbbgHOcC/aF+ni5u7awgLVXFTFOoU8tySop4788y2ttOH/iTf8vXhqJ4djRBAow2beAG3KWKLRw0YIx+vTliSiucddrClsX5tefmISOWbhefrs5auXwbdbh5WkHLL1A9F85CLOUCBmlH5nIbrTsiemcGLPn7TQiN2xtiFbFnk92qW0UhOvUUljh2VKG2eltcSQ08xxEMC+gelV1UheVsziGuelAmM2NcnqWtHIQWfckr8X5w3+gdpSobavp3rEA6SDDnRq0E9rbXfNecN1Y5Y+bJHWFkgyDWsQCRRZ/LNlJ9mLYKlREFDK8JCVAadz+gUy+4GLFzTeSTB1l/iR04JMZoE//3JlBAEoBS/oZmOiitNPb9+8+couWhEpJW0hRQP3KMm8ilw5BVlLBJu2qMnLDgHsamALbPWI0WktpnpKVQJh5IDgiPbn1AWUjQ1fmaTLs+PMrCDkyg+JvFrH1ZQEojuBc6SQaBgPq8ImY9n9iayAk2Tk1l2AZ/Q3oJ2N7auDcK3XEIcRjO5o3HGDx31QXUl8T5iPMlc0iZK6MWxSQlu90QEMGakEPXJRkJT8JbFOJMHuVbYKxevuqEY2o0osahR5GU3GQKjN5sdLJSNQebbhr4vB7kZuYH7AVgHbgb6hRCprucpMoXIOlW/wNNscDTvrxhRUf8xJTA8VtI7QluAigEkF4qBGGcfYxNJxL0ElwhQ1jrrcJ7IrmQSOcDVEbo+ntL8igfTrYvVmMMeVUIivO/F1wEVzbCk6Ec8BAgmEoq6DPlWNnqOvcjRmYz6l6t3lWYd3uTo1jpagjoooSSoDS62GnztNwUkjGsIio8keHeS1OW5fxd8u1Z8KuDp9GLDkkIPwZdvFxvvBcaZe599QX+m9ch80ZFodoERnVmwMRjhKMeM8FshgomWPKJrdIynalJlPpvwIzTWOsgw3p0lK+2AhLVanuo0IoSUj2y+bFDYsgPHuUENZvVvv7v5Gwmgq7IARW48duMHBt5p9deTTqSIjqqawaiML3szAR8ueqJIddCXBgn3sPn6OlpVrZwjqHJXQienQL6EQepxPOVDvOkwzncr0O/OAb2awiyGnlRKQPpFK9kouf6p21Cp0pAuKOBA0S997DtFAxAYR+z6thbR2x3BIpONEg3hv1OLDXe9Zll4DhbfiSk17mBsciNrP1orJvg2luACB5wW++e7bdzd3BmD+7r/7D/7uv/vvX199b4cPnSGz0o1pacyaL8XMkb8iudNMEwaM+4CfTYUU6LfXt198cfnqy5feR1HMED4DGNsIn1dMTsha7ZQjxCMItQuMGUPDe/VqfGEA8SRSySDFWBFgtreQnciZD4KiW20lW6sHnDTLC3+ft9iKDbYPsVvAyl1KYjY2EGH8KQPfyi8QGrp23tCj8SOLAlH3gGfzucSSIxRU6K8Y67w+VZRqCXp4BWRG5X8SEsG0f6wLDwogm3l2MhNgk/Dll+OUQhPvU6NuN7eWzjXJKPmTh9D2FoFWzHoCCRP6moakyl6Au8k+z6MGrCUFxlXRAWVJh3OENrdVYLgXuqM4vSmhiXI7yfQUxImC7pWriAosM8tx7fGzKLMOsfpPnhjVIyuTfCceqUk63n3Xvot0Lmm2raBexiEYSYTRuldfnLFXAffivPfEkLB0UOoWR+2zrY1pn3NYcYeMcpeimUG+O2fSz35ojCRjiGQKJc1uS/lyEG9ttn7wo0MPKdPbnJQY2oJ7gafXAEr07m68ypwx17bpdqeU3DG3O5ZU+jYWCAVUhEbfw9jkKQtO2cyFNhdVdOeQw/5RV2LqzRKmbgqZKCXcmXclWyddWyIRAtQ6DQT2bhYkG1prK2lOV4Y656InCTRKEvZnkrGEgiB7S/iLnnXj/LUDah962ZKjRkMVavjSlum9HinbPrs0bGqJYgMCPR0PnNcvM9t6UAkp4OaaG3JucJoqKWihLXtY0Mr3po4iA0ZmXwkDl8SWQrYyZJ7kGltswsuIssQWJdOYN+e0W5C3MtpZTDeSuKkQKG/JLjAt79xzOQSzVqJJAyt3pdfcgLnl6XAz/XkAz7Hypp2AZU3522y5mLRWDJmPGVwxPaqZsto+KjpcuXy5m0Uy9frZ3doXB1zIzdo9BuHaHIJlqMN2XJ094psx5u6OlKHguVEeJpSUqTOFZBjSNV5EGwZXAjtLE8VSydCrxaAUOOjBiiNE9nG0Brd44XQDWKs0f5/nJssMUO0iJiUfsqnB+k38OvKTKB8noj9jKmCgquWzqikMLRn0Q8AAuukEZ003B0L3wjsWKMEEM+87bUVMPMIUQEQEApyAD6Y7DhLuIf0j7TxcO+oUPVCn7jqp4Lg+DaahMYs/YJRVJvA5bH0W1CXZ4aiAeyMBPRNtRddEJ6Fj/Yw7g4/jAR1bXSldUTacw5ppR9pUfNAf+OkEfSuVPGFdXA9s5K0OYtyJMd/zmY7GjAJuROZxN4IcYWPsBzdTO8omEj8VXSRP0JJyLRnL7nsriNBUtZR5wFyEEz/LLUBonCOrcrvfMbP+pUBgTEROZr4GZL4C7oiZacoMcnpAZx9zKgKoC7YUc0qGOdrjCAVZIJFm/MmFzZQCxMQjJI5jIEETpNPZNBPmN6BU9SWIVtZ4X4oZoLsrh3mj8ZQJoFicnHxmLON5GhkNGU7C9NtF2shio6eL/qlMfrpbeTcD75PoxF3jCTWHoRFH0JqMlA9j0ndYwzGVJsKE2FdG3f9QpracIMbdSNudrmiUBTfQhwpiAWgFljIWc2pqDngAU5eWsk/Ddd5kXLMo7Wg3OZOBwunnU3tb1+HYnA0SZIcPd3bsgzfkSm8zqiAEm8oEU08sfrhvezT2kxQNmby+vreetZd9/a3/6d+7vb1qLrewg2SPpjr06jFTmoJurbk1Vsh7eOaNFCdt42bbm5qXBjkSwzMrzHpL4s9e2h/74rnhHbs2Zg0lVUmbR/aHQQ6W7EoFyTj1pDTEH4f+HbIpElcpzYqkh/zpkL5EVHe1iKo1cNq0Izjlyy31Lk4sSNd7j7glumW9jyGLEAA8XH9mTrpdCw6xZf5llurOiOhP8tlMsiasBgcnWupjKdiehq68PCbzSIKZoHmWxmOEfQas0R2XR2whNiQJIo30FjEL/cp6gBNzmaW+Er14p+7MmLQOKeVpGVSjFKlbVsawrUbALvoJwpAxSpJApJAlCFgph3Y/LzCraHLzae8+mXH2TIaibIzlaeO5RK6S3UxPM2FdSY4yn2CyQQ58j8+PMHvf2IW7xnvIBN1eYy0FOrWc4cHGN5m8EGNBIcDPPp6xmhZv5iXrcF5eviwK9MjwmtLPn23VatyRxearop/1cy/sCy29sOX1vS27cGSLGymUDf8H/rO0o56PGV4bgV31ImYtVYglx/KLQlJBYSKvn8wKbbAjJFkNuQU7jVaSFY9DWGhZg6Esx6UmiavXyWQjL5r+9Q6eSHt0/YzVLG3PodvUuhykZ08olswtKKTiNNdk1py9R3TbEX2TBAmFFbjNhpK96myDdEthW0Y8iWfZyK8hIA0vCWwEHMGMRl5YUE03nrm5SIE9o33uOlnpQymWc6OykdDWp8preyIIHpsu7oFtukQjUjDCGzJ+gEiM1buy2IkH/pGH5LGFR8fpFvmubaUovRYfAzaB88I9bkVl6gL27ZtvvrjUNzA9XQJaJED67Gs5q96chKFBeowXDqz5TBelrewlszHgyD+rY+7pVhDgBjkVQJlmrPAplcoowemrsAyIT4DzlAZuDxrZXfIhXjCLUGylUmOr4bqjGsh0iub1Z/mIwvR5YGmwiVGNhgzNH5BUPzL5T9BGdVqLN2BdjjPGE6rmPnacKuIBLcORLw70pLo7sJeFRaciZEjo4RhvyS5qwDz46FYQXYAuIyD3BNUJi1JrrpFDJ4TaRwF2UNBWYtgEyIb6Uhg7jTYfdzGJTb4Jur5JACUZLUECCxmHyiYA7hL1VXKn+yMLKcun4hh6NQ4qGpxQoKv716H6sRnqnI8BLwn8TalcsnphV24KwdSIUDukYd8Fl8dwKCH5ob2PvEokCHItReACoQx3MOLAJ2iD6CqbiBKnhcUKOJl4AK6QrwK3fmBQek7xYCb7qNa+Xax2cNPPIxPxn0RcH1J38r8DBPU0rO2XJ9KbA2Q7VmQVFZu5U1KKsuNtHS6xxe9cNX+r61oVfMovJc40Jdik5VA3QHPMFKAk3MWppAtAozaOaII+3Eos/U02E0piTFzRn/UDriaD2QxGbYGgI3zr86O752Yap0rJmqxa9k/3nz7Y9FuO2LYFeEgMCQC+EA/VHjw5Enp3/CaISXAnu4AAZvPockBNVOvFK+wjOh4Pfy/bnmOBQIxIfESivnq0gQ06TtF5QxqfU9VwpPHMAPeZQnJOkgClkQnI3RrMrCQEKrhVXWeVnuQDFPyQuZQ5EVQPpSwxPEYPN4poflBBiwCfXXhUcw9yyodsBTzfFegwx62OZsMzxCK8FKYl6EYZmU3zrAT/whCCJVeIWCbx8Ysf/fjlV1/2RGgkrqfewNM0vu7EmOAbj+EiMZSfxg5s8Va+9vH6+lY8ufT4wEVvfWA8sUts5S7pEEgefUjIEXiTSfLBc5QTZm0NGQPe/yPgqQp+vturQ0hbFVE1oVILhU6qKOTDbWZkUIqaeYBpRGEQnW5pJ3pbJRjbW9sjDXklQEJjGshwD7Jtt9zwPwf2MIfUOAMw6z8TSHesMT1r3zPqdJZJf5DSLQlAffafeaQMIVZbHr8JDCXNyKuUDeRaycS/KCloM808vaTXFtYblNGOQ9HssFvzTCZUTRWa9KZiK43b1idRtjYR4JxXXCstDFkihslUrTQLbigmSSE94CrkiHv1WaOTe72HIoe1o7xwczDAZ5G+RpvUgGVRLLUgYPbbiqTy4eeWPZAzsEhuP+ZeWNdm3cQtRTAj7BiDuPHibhO/r18mU5BOTy2wa7/rD5/u7MLSY9Geej6zTu8ps4VC5CJeP1goU3lxnrX0vka5MYlYIN+MZFpyV1rDlZ4/u76+IRK4pIDNROtFeFmLdY13d+DLVBCDF4+ywPU9bRZrsZ1yUbZcsIz2GE0TYD/0gM8wUJ0UTWLXitgeJCq/pCwAsG9XGlPVbQnJVmqq+xBx6wRabyDbKOlxqxbRXuuRQYRk+NHKiFK5hqVFXGuLZeRqq5hnzWC9RDA1eUCvSdrkUuDaw0lrsy0eeGg8p0FJSpQI1mmxOHXmYYBPAOnl6VbywStbXave+Nyj4RAC8C3eNShkGUD5+mHHGWHmzy2z3bUfBTdwiok8AP/opI3HxppFPHhMnOTfvnv7i9/+N6vWvIc+p6YJIPIpHqNVZYvlfZELo3aZ40GN7USRaBlANudAnh1JLW0MSkByvhwkE54gdMbmqCwlZ0Nm/8XDlBIZCa8xicde03Ar4WZj73lrjtIFx7P85BnM4KRVTFMyF0UfyyNAp8lAjlgVBAuxuY8zOFVxFSE5cysIC0kYhKSQGNAYOU6OQKvarKMoecA5AGULQcZ2qujvN2QNRBl/D1YdkR3N7gdapUc6qlRkQwvgozEuhRncD944RTPMw1/ZiMAez7CizpvaTj80bGoVQf0ut34gRINOVAvZwwt1RMBYaCIeLddBFE1nPwqUgmPHKaRJhcBwPztOB6lYAAKkBcOJK+UHJUYOBjNGf4l6Uj0qd0wxEzSqihUVTx8uPlYNdAVDrHgYnPQd10muC34qpwRSXWJ1DgcooisAeKjImaKj7xGq5AzUXOQH2P5josKjZYxH0mFkyXsAul2dRxpWlotyNFbbCBCxpyY/pd1xEFLDOeV4gnSpvFAhYs5dOX5kzh5VPHADdAgpC47qBrgVcwR6PGMja1kb3/DawcZoG3VME+5YpGH6H67+c9k+URARBsQ0GprcyoXD6EJO2V3W98wWbjrANsDDojlB7FnSAB8tJAOE7aCvjpfRseHayhnC+Fl5BabK7ISJJRhMw6hrzV1rX8U/sU/YIMYmJGvAGfFonxWNcTVnemGOgkMau1gkgyfZEf2jlvo/43cNutoraCd9BY90c5Wyb/AGAphHG43O7CBvhFdTt5FW+itH9EufPYO5gaKWKF6et2QZMxb4n1xoAlUmu+Zf6NI4ozVYJ0Zp3rNUOG41wUs4NHsOISZxeyW5Kjr/9u/9HvjZVLpsnKBQkfOxQhvctGCLHjO742ozZaKGhGMNFpy58lObJuLayKH5Zd/xnxQp2UvYWoXtnPqAUY8IQpDCHiOUo4L2BKHhVEtzpJL5OfQ6IEgpKqJyMwV9coMjlrWCjZ7WMMsb5FJVCRg03tghaXiMEjNtL+v1wIT7WXhRk3iIhbCrUi9PZqNAbk0NtY49BFPjQShSGkkPHqhZDtbC/2nDRFn36b0GzACrCeKeaAG5WUaghnx0KyTdJ0O2yRugBStRQCqzXdbUcwneL4MvXoV3ZgMIG1M0MzOSsYUG6aJ5RhfChRdSz7iBsjy09Y1tSZ3lztLYv4UG7EqZGSkRLN1kLbkCUYcUUUe4IMwRCJ5PYFBKTnpYym5m3pzmnkFZZ+DSvmjrGS6hldvKbr0WmWvTui5Khi3z8RQWC4bJ+zyA5pmGoLGsmSEb2QSxtC2ixDWbWeyXL/X01lLmp09fXlzYEda4tQF2b96rb2mYV3GvbDGAXTaZsCkZtbIiqJmnSVY6omOdMNlXQcCLs22QZD53uwkeYiEBMzW8AbtJnXMeUkgyjlIZMIWSRlZa00Mu21/G6OBHqS2usl3pgqOt0/Uflyqfltc+uKg62FjiDEmBEcrgk2ptZusXqQyJ5UtsWlUPYLGGvA9kApW81ruPaAbANpiDLYfYcikdzmSBtnjMAFTxsnI74NQjN/yJgYRrk/wf/KW8iH501xGWF5TS+W/ortUCNdzFW6KdAwOkRhuwh9nvcp3uQ4gUJl6Q1++xcdnjzqxenefk9uXl6YeH2yKMaZI5bJ0Ik0ulsMka34w4A2t3bWiLAPLFwhM3QUqY9+ZNvqF7Zilw0WE+sjg7YsFqTgHvmW7NQV5ALf7WMgK4e/J24i8ooIKg+3aOjl0KWALB8GJsUgBh3n2IRYGu7cYg5i3FrcSO1OE5ipBbKe+GpKBpoCjiIh+Lyvh0DUIYi5mBjeBSs/FRo1VIFKa67qt/qwZ5kspp6uF0PSMtG1bC9d1IpA1ndiOOiijUKWRgOQlnjtvaBO2rFS9MME7q6XVCUIksHAoLvN7CoUVFVdtBNNpo/1GAq7XoMdqBPiiBJerULWCFPziU7CgC3OO7o9BhndlkrDSAq6juI7DYh2f3W6Xiw4gGb5JKnmk9y1jdZB1nawEOKhJyLjhNpXgKSWA5QBLYpaFwOtofGXff+QE5IwKAdgAKXk+q5RyYAiDkSQSEGhsHlLWQHgcDXqnhdcUne+iGgion/mD0SUaCqmulNg3aCp/r2xYxYatWwqcYhupUe5AcE3LfCSwPQ8AEOToYa2tdIqzqB28jyEW4KzngiWbE1bnBYWViWb1ss/MtCFoqmHG4sGwQEWUzSKhtXYtDOZGgbpoPVo4AA4xaTylcTzca2brrZsUSTIKk48o5TglxNK67U6FoQhydUkoVdxcbqXQlMvb5AQn61NoVWoOVhZcjHFb5KK2EckTZ+IwMZQrYA7+7o2QSyOr9VcPfows4rXSJDOApw7kfUhMoMM6SXAJ4xBKGMurod0rVJIcJTYulE9Y3WfYpwSZTzcOLi0vDJE/uPlmyefLh8sX5uf0sNt/VJNPJiT2WTw85sMnaXJMw98YNW/eTlC3U8iDQut1ffv313/l7f1dXRnqeEBMlUvstPhs/89yAgZ9CA5bKuuSqZfjs1Fykc215zcoH737ERa/4vrjooYRaQYwQkza90QkHBBK3HbgPzeRflPEjTUN1ktCiiMrqKhJdib/5JmiqUNXOVJIUNyCjSLp0kTm5fbhGOUcVEnPyYJeaQ+dmye0PTwNlAHgVhVs+iL0cg9ynTByW3rFfOQfHg5dJ68OgKVuyqcOpzcC1SMBr55LMwZbRXYBct98vhUJR+HvetFR8xncmAQFaSyxIAJ8I0c5KAe6tJeVCJjJrnZP0sR7RRjZl4zVpNvdQQgVKUiZf9kUNcuhSPM2wcVBcC5bNJ6qUbBt3Se6QqqqDwDhcXeYNv6Y0ZWI383y00oTp8nEl8qUOLehkH1QMVwNOcvlGuNOEh4tvMxMr81KYhGPiZbrbYUe+IjNjCAautlKupThMsnjRIjmjp4o8mCluQKJOULvx6XI0C2wLZcnmyalFhBDvKRPMZyWGDhkxxq1qu8U7BdtsRZpy7CBdOGwXT6skCcr2O7d3N142IKsA70i+X3zyhG+hjejY3mJFT8dkVZrDnJsajWtJYc3vsmw3ivnEJsshUefH60+MZmWey9S5bjmrgoY6zk4Md5UsSn/rgcj/DC7qg+V3UHfslYMWNFq0x5hbG9CwkwdxSmAkpEZqGO3zE+6MNsgzaZQ9N/zZNpO9ZqZFKinf8BxhHU+4G1+Q5YkVYL6/anY+VWnnmzoXkxlZ3h0oddNajuSgIBgzGJY7LERtUluPlIK0hQ1cFNzWO0JIPZ88MGqZKLRGCVFW/0oEe/Lrb78Tw+6vLTR//+rlFyRGR4jhErV4hIDhpSbc7Mm9joRHgZ7br6t03MxJg0rWSBSrWmNCShY2vr/79OmSpQWgdDnnCib3IWKCSh3CcWGZ3WLKV/CnRcXyV6MvU/QRW6K8dLkAkv0HUjH18nJVIqGvHEd4npTIMOorVaRiPKidLynMEuoeuJdTFDfWWlf2ALZKCKHlkkIXw9bV6AdsqgE1smeY0I+iQpOLfHzZNGKjK8wMD7MjKHKOnJHxluhiF1+pit/Bkxw2ZrfRKIUz8MyrGBmQKKotEIEiwLfr8SGcsGpjh2u5+OnxpoLqAxDYbMuxci4u2TsIfpQOSot/jQXMrmGJ9ZCnKlf7UsX/VLLi445r+zg/uD3+KyBM1dL6Wf2VOhKfySRAj/cGeh7Tlz7aVEcq6lS2NgPJ0cFRVDwEkU8rFF0HjyPywH8kUuVawTip3R+okVLz52ob+HX3oOQR8JQYaX3cIw1fUKnT5GCfolJc1YQgxkVDFVmvkEfF6TJ1knj8sIii/WNOJsw2xxRi0JNdytmHKruOqUBHafzqkU4DUTH21RtTipT7ZHL0mmkkDUKT9EkEWUI2wX8cuZFllM902bUV3RimG9WsPpS1Pc+szkly3Zh4oRYR7fJlpKd3tJNHtpodsNcQxwCykdsXs04yZerujrxKRnBnieZooFNmclsFVYpmK1BQI9bHCQUcAjYs+dl0lJwmh0F1L4QVQtdKF3OOK11Ga66Z04aUUJJf1LDnQlUlMu0IiyH8DZxbQYxoAtHKJtL2iGh3kiWI5Yi1nom0KPDk6en5s7PeOQGy1T8AACAASURBVGv/uh5KeHFuTD+RQwiNAUVi7uEVmyP26E/y55ayPV3GehnGER/evrv2/eqrV+evvvxg8A9JIzfTmmYeG8hRKV1FYTuMIG6MEHUNkADqB9seiG7nuUZoTs7Ps4xw1hk1fIYv0B0TRDJVd7Ir4u4UdtGGkJJzkqjLSy4MT7aAN7hK5gT09unoslKpUrHCJXtKoZ3WHt27J4EDhDRbtj/Nawsro6V4uONsKJmtGpsxOpLR8KzQF/Sw4jVpR2zN16rHLclGz4+Eabs56LTZA17TZ9Efv3kxzO7YOcXexQu+6UaNrOKQoERoCs+Yanpy6gKGk6vrm++/+w4r1VEhhTjwzIf8qU3L28pgISZUNbrpvuKNXVqY2OMXme0UiZNWBUXcUstklNhxCqPIEVmIhWLcI49wXIjlw6FActcVpPqE7nHBe2vCmUQxQbiLu1xT1gvKc4+GWBr75O6u5YDZ79MX3pjCtB3Jp/QfHDCL2/tbTNlcye6DMqf6KjDVPNeA5Q8GyA1l6WdohqOjNFGCYpQxi7IoVoS0qb4QblnFh88egjFgCYGEUHEzyOoAgj40Is9d08G2XEld7dr2npAx/OWXX+RoTcXaKEr/J3uVrR36x1hNW6NlzLm0vpQDO+QnlgW/nTXRm5QIDyxb2aTeHig/9TgRmZJ06mzXdBUSaZ5Xj9Y9t9K7SMVbn7+4v/P4hcd3TlkzUVnVCeZ79zQEWOUizPT8QpXsC29cgXFmAL2PBBcJe+veoCxQP/ea1jaLwCT4GnJOQYUPn22c43EQo54I/0QXDSr2aMjiVRTlX70h2ituDCgy8E8lcsyGmS3PIZCWuUABD5aICCtu09N7E0TrNdle65d//uc//uJLj2G9OnnV1EhIM8XAP0QVL6BusCWp+WAvwxSBmFDZIQtX4uBVN4SN4MJ+2UwM7dFfpKnNPORcw9oHSUnbPzkRYQoJSvJ4WoKaPOdmeXnxDxyYdjFRK52Ple3V9kBACqrH34x1PgWg9DS1lm6pVhZuaQ/EYQy7C459E5sy+m1r5rvRvaCFImedMRBhkaqifYOPvRIGTZji1ZkVHpogH0jC3S0HcB+AXUp0PkzCTdgXXnL9uPEX47HU8JOKfmpdF4rddVTZRJWs5JGh74f6lyHVONCS9Sm2bmdZPbhWqchesboXEOWnoLMHGivuuFusiqxkM4LCRzrY1YWK7gw8V0qOeVxUA9WtKh0jqkVSTpQEgpzOcyikZ5PVidphJ99SVZJcghKRs5TilPKanA5G3Mbnj4qHTLN6/uQPXCCYasKJrPRzCAYZAxAIr5l3p363jyMlelqgYINrFffB/6FkxZLFPpUgLG1TWTuCc/81VAQAaY6DcsGSG3RSrSgJL7r4hRDagJMvCsIbkPtmYBFQca34OJh4qedRWI/MtBm12BJzrhzKjAXntGY+Efs6hgciAVJIfnzAsEtQRINvNKQz12p1Iit3n3LSCi6FVKiUTWEYlJ/WHTW59N6zm1KZ4pnL2CPcKInPWcXoIoB+YsDVxwJOXU8v+0FPsLF4NHMTKsFKjWSKSxZzAQHwkM3EFZ4RBU7UFRGiIEBoP8wL2pA3tkU6WexsasqHuqL++azVjw1VY3wAByiy8rtAdxwCNTP0BJgcDYFwpFMTaY2WNKi4tKxGtqCBWc2EB0Humx33VOITs8lKTNpPnkvOWv/UTrHRArPSHWKj5nZRR4soC+HD/8Zf/5+cXFzevb9SbqqMaMZCQBpafepRlAcVIFsQVFo4spFrCMo6PJlszY5mAL+oZosrAXkWFJeF+f4vdkZYXC9uamcXfNHFDSkaCvXibKuGmsvOJzCQJ2OyZiBI/uQNPUnyaWuqcjT4iwbWVBR1zffNFAySyZww3xaDabD4m50ncJcZnHEnbgd6izhMwxGirMJcLL4zrxo5JEuDjM/IYEjx1EZ6T20UQPZQAdv73BYBWb4nNxNSi9VCC9BWkrEfqlmWEz9YV9F4rP8195huPvjq6u0yn1ZlbMTzWJWhMlmwHiNPrnw6gyXDF3abOjBUvFvJQdFSiSVMyVGUtOF5kgllQoin0kQS0MAs71WvWgwnw1dtKZqi2Mum1XS4FgcYpwzASNTTM8ro7XQvX13O11uNQIdWL6j28d7WNgbyvOqtl38EovFC40EfLi4uTJUCw4qEL4/YcxdPnBx2xZZIDk5OQDWmrtTCJv0urSmqKpCdPHvy8vJc9Q3DFQlwjjmvGs7nAWkRXtcxYuTcuJfInEkQWJLvqXkLVCVxxikReHt7yyqiLBrWOxfaub25b6DbGbGYMQ0a50sOqTXDnxMm3qlSAP/UPK/i7qhBgwm8QZoiJAFj3L+IoVioshBLM8m+vlwRn84nf/To7TkFWnKMAFEYPbIvuzPqdJOu5UXaDmQXeIqaRVkv0MUvOmWMejNtg2XSSZfPA9QPnoluCixWmxIXMpH7cPr8zL49D63NaTJGAV3NgkDv4HluD8sBZ3yxBKM6zQuytLJTZsv9ivRtzZizKVCCee4FNnd33765ffXcZpN3X371ZRqxBlGoLfSXT7PhoPnk5E/N1Be2N65vhaSB8SBPIqWOwObwXi92DSVzLqVBViJgfdRE6uQAFgHHCJkWkzbs+ji8QBwDODkcmk0n1cxdApNenIkUTlFm8cDRdckMnJURdkjhgENVwRAFZ8DzQRoCKidGk2RasX6Y35E0gOSzZkVJTBNvF4q8yVBDc/CbkpL98Vd4rq/iE3Tg/StxiQreUAYZRW703ZdLS3ZhcFZrqDBq+6a9ZvLJVUmIVhNMOo/XcIZ4YNRY2ORyrvENg6S2LihNPNOL5jxtmggUD4szf3U5jOwt8S8tAQkUDIpjyRdJSwjL43c/soYYWnQFa0LkSzUvgwsA7E4S5ASQtqNTYpNNJHc3EkwCyhJyuugIfzXjuvvVx25NLeEhKTG44TLvSBmLGkn6wM5ME4sifvynpU0WZYfBgEvdsGiXwKuXwU56qWOcIDE40XHkDS6N5nGmGikKeTlGQ131h0SK5AQw2TpLSxvkeNTXgKlewtAnokmtHLHkK0/Dal9u+eR+GXdcRs+YHSeTYArI+OqyVVQRlIKZt2e+Ap/3JPi3wFr+5+PkiLPAdwBvQXA43YHQxQDCDGaii8nsioTSwYxBDH9/+3B3c3W1hu9Y7R6VyisRwX476Dxby/4TBKEgkvqCw5+6GtZk3gXnCXAlHSRVIKB/aELVEgqgUjzyFJ+XJazkkjm7M8ty5GJGuXydEcHgO2tLkWU2MQjwyI2khMiOqlj1IKgwiSOBUBJXndxoDJFbiZSflebrVifk5A3M9JdWfSYPBiEIS8WEJY2riKmvpmP/9InVSyUmnMK2Y+ky1Hm/FMWRWT882WfXYzrC7N3d7YvLi1ruaNS/QXATlPOGtOW1uAdAF5EjkxEWNSokp/ESaeVLeA7BHnMFpOHlSeDgmGBJIJ0QPIdOIrlcCV/HiV3q1YpYiiwhYECCjvlBGRX2Ew2zqay/3K2RREeLSEGuiX5iRuNc88mD8gcbIxtw0hIDNNWVCnz+tMZG89mUnk3ycEDYmZHfLeSybgZzwgHvZZZJO9HUVCtgCo9KFFWrRnA2MP01wMmY6MLo99SFD4zoqjMGUAoQSIeJPbZAEpEAZ6XdcJGuoMwsYUeczNvYpztJpcw4AZKcxxGUYkMJsykUCtHE0qz8JteGalFXJqsA5/DgupCSPUKYO4jZRWsf9nH0RVmdO6TZ9RyGsvCO4sNR2ekRo7NxbLbVCgPFXsN6BUgmQUpYNaGptowQncZu864tCSI6g3bZbxa+POCHxtpksh6L5KxglyAbwqE3L2IxCyy/6DNFsD2Njq2UDIWzIVL0chYYeqhFLugVHd6yiI4r+vYqANpLJNc3t7bdYRIG3QVS62Q9xadPnBwLCcxY3vZChi13RLMxNn5FelbLZZNlWsyV36ZMWigJs35A3imDyRaaI5YHE9daFVotfKGE15Ck0Ax+jNthoIlyo/7s2Vivh29aGkjFE0yT9akgefLtWQWKW4ybImjG2Kd0W4nWoTTUlKyAtWLCq3QKLK0iKBPnUYYeGQ7Zvv94r2PjDXtgM0lLIyjQtLUJCDbRkC0oTDLpZ96ICx1Tp78OsomC0+dncsczeyN7yk1ELOAirSTReK7VggJXoS9z6frqBYuFkKQNSf/kl395876Nudivh4QmryIi/DoTs6NaRKflERbMqE2Y9W5KanEteCciQTPP5S/FYTvdmJRvUcNGydd4ILwk1b/MJyIchoHvduqsH1DKTpyBeyDFVyyMud2ZYNTHKfdp8LjCM/sgAOMYSSLPeh21BWH2L2LxSlfdpt+yjT5kOTB4HSXlIZhKcDHlbOlIcHO+wkeHHc1DGeK6POE+KIEjk+A+9E9X9EZ2/aPHgsLsKtLY2wErCqO+/knBtSauChEb5rSoDWggD9zkedSosGAWOYlyqNSAhkGLu4XVj+xbFOeodYYCPBIiTDHixiY5Jo4SweP2yHKdBP0xg6h+XF80Cag5GQxGAGs/j1LpNtEQgkNkBzRkpUKJKedE7AE0vtPKgfH4n1gaHyHbgDU5M4F02vA/zpK2iXBIlAo9IcQ4MCFQS72B6CC2aWMlMZrKQnnIfIMvzuM1YAUNDCwdqBGuXPDoj38Vxo1viU6WU4gNlJt+1XC/r4Gtg6cmqPPoJrm4zRF9WGEBApXH7TiPqdE+oa1SbXIUIT3/idyg5YYE6KARK0kKoHWI6bt3c5W+LGvphigQ+pEQUgcySYLb4QjYteBOjKCjBe/pj0n0qaHrNUl3D7c3N29ub/RQy4EwDACSFOw0MSU53xNHMNSeFFwDHmbxsJrlC8k6Y8t+VSjhlmxMuo0OEXLPMPebP6iFxqg8juDJeNPXlkPMxtzrg4V5y8o6hkDZ7jiR0XMamYAPQbrbgUojKOEA6ReFHY0vR/OVXCFR19qSOVlrdRqirQWslmqAYQ+9wZXreJzCQN178eheO2ZVlsWCDXMlXAuw4tzQVI3L4za5hXcZ4XvLEe9vgdOEnz05f/3Tn0GrqSKwJFvXJyunA1XPKN4apmLaoTyCRoAaEoo8R47lSctcEp8bn5NjtbS+xVUayNS4YBDruXbhL3Xi2BUa2tBMSnarwZqCYgyjHNS2dNtw1KS7sN1iICDbT4RC8gwyFBZb3AMoovIicprJrQElwvTUsAfrYMVIgJdws33Y2mu612+U6893VZOm6RYBZvGDkmqy8UjsgQZPYtYGwMu6CmOzA3MGaTY0GpimoVsW10JGXUe2LSttvRclpc7ezIYyTPgsMyvLzE2ur971hpEgjxpqz7TL4djWUBdM2F/jOpD3Km1twhOjx0JanTB0eySZNo88bmGtkZfQGWTSwWiYOVClEZrFxf92+ZmptkdokSqk2ZJfKkZu/6OK8rXaD5J4y2t6KsinfexmAwAa1pKyYTlNEfaDTRPPzB8YFzezLJcTsuWTtMfCDYR50pYHyM5NI1y+fMkGveun51vFNqOPdx8+tybvs7raHqI/srK723vVBBJRRfKwRY2KeMOk5aHNL5Ovdw8bEuOgjJKNvnhxSbCyQGkQ9iHFlT4SyZjkNhKpEOI329DWfWKHYCh1n7P28IeuCNurmWnVnTyevxrzZyKe7WjwxApKEeXkmTfKNNXO1K3HPIIjoeoGUBjHOT09RzOmMiO3K3Hy0JnAnN8WPxD50BanHKYEuFnmaSRLaM0f/Z6cmWKGucRYC6YdozJCAx8cknywuez7+/MTY+TpfRHmqce3BYK2mAa8xbItbcxuyeFYQFk8yItwUHTtu+U6G3fY6M5h6NtdPC+iR2OrxoNJ7PD1QnwdGtJuyPPjh3/1q7d/9ldXr6jo9OTy1cvinV0S2R52DW0+3EWeCZAgl0YbYgFWQDiXuFuM2OI88WM+g7w1/FJHlmouHjseUBccrBtae6AgQIWriCf6oLl0RJ5uOoJL6hrI/bTot0v9ppJsPvbrnAWP9+Tqh9LqXUjzeBwKli/DB5WYh4BDmNVQKA9WinhkF8eM6YFPcbhYYi1Z9MEVkEPsnKwhs/yq2IYSxMWHE8AUDiSXXHs4CgfD6MdyuYMpJaqPlSRBXsUf6EdPzzQBBIbIipIaL4QcGEAJTUVHPTzVin+WkKGprvlQJdImNQT0MbjRwIXsAYSkGdCIK+Uq+3F5zYj/IydBy4+x64CVjd8Oq66ECmpiN/lMLYfAuoNzf8d5xUYgORVWA3R8VUkk9o/FO2ZAi6KDnFJ1RzBXu6smcIwnH4xWPLqSxDRSgdsxmXJ4JQ8E/k2wB/wqRZwZ2MQ2IUQQ4YDoktYiwY3DLAg+EGBAShG7Vqf2RgJTotQTpRbtXL+/v3nfcwR3NfcTGAuBOA0FIFpQnbA1PCJEKZzfYnGZWyx1j1kcQju6KOSWspD5G7ZHPyBsHgwHqusLc1Jx0D+QXXSllLARrmm+qWZG0QlpHDMDw7rbJFI3YjRimUonzbEcu4wq41pIEwI8lfLu6u33371p25YAKp2TZA4YaKQha8g0Mp30I80jUpd24iIqVJsK3exW/cCD0/KL/Q6rsCzUN0bU3b6SVcQm15SV6AjJFeabMI/DQ/E14yRb3X11rz8Vlu+jF8VBrnz/felrSCwmB0WP/8orwdsq50Og5Ngw7Ha1Ifv0Ef7pZGIXWEKHsLFmfOj07Ol9YwaGC21SqKU9wiIBlGUci5R4sDCt91EMbFj0zs6HlnqJpvd3n06evmqWRyOX487vconymWfP7h6+B1u2RxAxTIzkp03RcuuvNzmV4bNRe89hAWno3bhyOQtR5qcsBWZySB4JFvlTcpIGlnaw7WqPS9QASNFCRG5axIUlM4ANC5Gm1epQAMIti1XEns22Z5uSacukcs2rHnOPPjRCSwtNOPYmL0KA01OfOyiB7WUbsM4D20fGE/Xlo9SULmUVKHEKeO0WVaaD2bKGUJbQVDJGSrmInCsbnCtFy8V80CiaANhT+YSHgkyaK2YnpIps8YK5ulne4lh68f2btzd31sDVGNPz5o45jbL43IaFURZAUHAI3QIDRpsunJdBQebJHnNtDGX3bDtXy95lJ1legsER8SmXUyacItcMLD1hzJmi8yC0NO4Y3QtcCkhO4oNIPf/74pwipIVUVDa16K/VhJ18lKD3HEG2+NRTLPfGC9Vuu0cE9Sq8etmJepmXb1NUfLpnUxpvlYh7NMSL81owYT996rjb9tr1XT2L3DPRHmQpyyQjiFar3eApsgyt9NG4IG5MfNdGegjGG6iZpweKy2DQqYE4Obm9u9ZdJ8SkUaJfAqKrQBYu4J1OAQ8TOQhO9Ftc+Gy/x1zzWXPK+GArddsGhpDr8Nixhlt+RPyZGmSdhanDuiSS8c5UBHqLIhtmPJpY2erU6n4D9t5ECrrgnOOzxcZjkMmKGcaZzZtS92wUwR5Gbilyk++gNppuDlrqtXeo0CqD7FOct8B4cTkCOLWx1m0mj/nsISOQ9NTPXh6Jm/pz+ZQYkIKEkGz+sJ8IyP5ylXoaNnv/9OTt3Yc/+cvvhHlC+fFXX7569frC5pdBqiurrolytsBa+KQBlOwIYjPk7d9e3wC9dz10pd/LDQBHLIRumhX6+Onu7ulXXxfss3ppbvgj/oiZ/XNn9qqI/8weHD8A9ZPSJLQBjREUUVGByPVsodRN01INkI+2wb8h6HZ0hFzhhMECUourUcGZXXel7DkQ7JwzMZ1y1FZ9FCmiFr5HGqJqJYFWiLU4ncdlhQdnlXVU7yI11UoQXpEPbJc2hQJoxYrPq5ZVL86tGZqWsIUGkksMfuO6YjB3VBwrUhVD3R2V1BHTj/LyjwGsqWrTzfJgLhmrRBQysBGUNGSPCNIlQWNqiTaaOajKnhP/LvcNufBFAcShOJ215ViFnCUr/6aNiUGYCpoCdWZqWjo7mOIjovVYrAJqqaPcIgqUEz/9SwoJKmnhLssmX56Ctzh2zO3q/CNFSaByXgdxGj8l2lkMQMnuYFM2mKJIk3Aqz0QFvvG6WkSZILAXMclrcddMVk+sNU0kK7y+ubu6e397dfPu6t2VoLVZt1oW3bJBr5VIWGFHOtoOCvftepf9xaijTBI6HDk7EhKRQG1zU6V4S0mEB+MAtkHQ1uo8ShA1laXFnQmgrqic6w4fkKRcLhNIzYVvAnIhUYmayMv7knmI09BMP3aTj6+aQ1FQunF7d/X27Zv72/cnljIt7QJ1ek9EtdaHtIBzuWRPopB5BAfc4y/GUzOMQ50muj9MIuB61/saCWoHgSqqFxPRuABHoIGpeYsM4PLS2RiuoqLbPo/HbnXoy7+J3j+gXFFWlCBUh0eFGEx1bhaqYilBxYP1SzXdNTopFaQUVPIxeUfimpogHR77yZiLoZvwdNFwhnYSMK6oOeYbB+V7QYEGwZCHNseTyxXRRHhS9v7VVz85PX9JG7we4jF3tFxKPf9wc3vuKV0keCXauzd37767evutp0e9yhmMuvzml5vizItYp1+y9M52cEBLwjkZJ/F//OYU6MW0j28cIraSpXQNXa5DR+lAZV7tggRukvSV+y0E5gT4SfLaFypZKID6uaEm4sMhsLhMKVA35dJgLz9biNJ4PGd/GSrpbSM6Rg89XOQPXXcgNdNdflNslmEEhBGYRUqIrruR4jEl1QRzFlVlV/xbNIjZxQh36+9lqDGhTGNCblIoGaJWLeDpXz8RB8UVg1uarFRmZYCCmZmwxE6Ut7SPmSRQQhIfwEgXVmS2uqXmh+kaVZIGCb75dTFH7kPqS2ttAh2RavnOeFGgRBEm8xbWpy5QknHxI6ZyGUT6krwaGdpzwCfyn57QIKCNEVpQbLBQZLn73OSmxATMTeAynk+2pGEBGXDZjMeZ25eHYIwy4kYq4DEKP8q4whIIjnMQJYqkOjhhYG32jSvb69QU9DY/ip4HGcn1+IWJ1Z5rKc4ZrexFwD1iKdCh2WCJmCsvLI+I6sRlr+/Ly8uCm15x6m4Me92GDazO75LrnlgnkQaq11KXS7XV0aZ9A0b82ZUXvJBmcfR4SpR9UDFDob40YLqZXjIVldwzhMZwqBFJKtUUPvOEjZcE2vyldKy0LL9I+IzHfgFOehE2iLVLzGjT+jLd01PON5uaUjOyD5evemT4+t11dGjzeWyoYWl5g4Bfpwzqsh1aZiYlBsygTrWYRsgEyoy4QBaCCs4icHm4pfC1UNpwIPpP2WsljB97UK7B4m+ubvUCfvvLiz/42de/9Vs/RrOFRbRMrTb09mSbFSAN5hmhbx3Je4JKEhtsFmYYgMFiNnPnfaO2oFct7ytjIwS++v7q3acPP6XtY1yoIFPb3IrVWOmD2f3nwP2qn5OBQlmzeIJVKpNwM//BNDbSj/s1EZC6BWx+V6e0QCFoEr2D4Oaux+0sxoc4+1Nt/UMla2OScCVrDnKrPC8Kcy/4jLfOm3bMiGtSAC8Qyj6PUKC48rExsgLHZlwg9ggu9V9EDdnIRHnYiiFVdTZCxiEasakno3CvjxwOBUDyK4KMqywjSnwc7rf1FkIJGqW+SKfZ3fW/XnUhZlWT1VD4pqSQYshJlcLhioDklDCcTcowCHJOKpagJxAnyBSku70rqgShip3HcTqu+MRakpIi4nAo4ynnO4R+IEMMEmcEihYyFYGDegvNhj+iCumgRkJfQPZvSWVxVbRshDhdDJFgNLVE6EFKNlaBpheSiHKBlUGGaVXjtfhjBkogrN1+MHZobfTV7f2192y9/f6tM+VrOPJ6plUriH3wJpARHwML1UssAMVzXNDVWjiXJ/yilSvMRcfXdwNUTWKW87mQh69LKnZ1Wsn+JcGkUvCGx6XlgsJEDdB8KfU4dn+Y6pkhb0JL1bjFOra16MWZolKf3oDwYBzh+ur67fW7d/JVyNQrfwtc2sE2YEn60DTOE0EKXBRNmEyh5otUwD5s59BoVWr6qq7M6EiQLutgiXfqFt0KJhCm8BynY0T72sXqxdrWxMRocMq9MJU+RoBrijw6QeUDE8dHDqhMBqHy8obhqwAQSMUymfIXKqDNqSO/wiVr09p2pVGQAzde1C1McH9+CADgNYyutyYqjv2uz1XGhraSMNTK67yvzFhFM9jPnt/S6u/8zu9/+eWP7+6+I6lqLknKr+ocPX1/dfX6ZHvLyQYNaD15dnr51cnlk/e3t3rr6NcQEszn970XURtdX1tHQtbSDHP8omMC9M8d4prpJj6RhKTyTYpPwxibVMuc0k7m4Bq2WAzYzE8ZruTp1xKayZNwNiZEEkKSYrAYetAGW2rp2+yVJ5TvhUMyFM8SIrUYjmIBPVCSJwcsMmRayGpT6x55qb1oIEoiWou4uTwEuKLTidHltnioLsi0FJ1sggm3Xcjq45qW210ZhZAeY2kFReVMQ5EJJTtamltLC6zX23jXpOxF+tWgAg5RKM4vRpUhLcQBWKt0YBdcEpe0A7pSiFoI9uZajy8tdFpb9sQ+zDRGz5KrPDGOSAwP+tZNZiEf/AaGcWREM2sPZt6N9ypkXNlIblTWCEIPXvhfimwy1/0sgb7yzdo2BmsSX5zzds+Cju1ptNp12GDOtv3sWxdG6ZvbG35pw2p2YGpFz7n5VgN9vaLNcNiHly8veSUAiDk5hpI+P5X3GLF79fLSQjd4UUvw7ch9dDyiPMYXPRiIMUtvCOR2tj9suM5QJXOSV9WJYroyMysj7zUHNlHhH3uI2H7dhlHzwIokbVL14lJTtHt7hFH9Y+SPsLj1uj1WcvSuvDZ9LE2iD42mtwhK4BraFoaJK4HKAve+Qd6GVOpZtpuJkVGZGluh5ye9AoeUMOjDc/gqi9QrKKjwHSj2qJYnWdRSRWjXITyRyNs/snnqLF1jA8tET0O8v5ccUoJZ/vwru01v2Xqi4yA+Jw8veijNDDEA3cjjkJeBFe5q9vNkoEoiN/qery5gGfuOTgAAIABJREFUUflf/9Hrn39x+fVXXxrMvrp6d/vu3RevX51fXp5eXhY0mqFmsbq+hKtSGY+dng5ETJC+/JYRNg8uE83Q0Ex4rn28u9KusC6xJ8fJz6aovIxAq7aqoMYTMZBikY4AutQ4FYngv7jLuFOBIJZYG3uKXVGSaRz1aySwDnJFSAzGQjqOq0CpgEPZ0FO0BAACLZuUJ4KL/S2u5EH1DqMvZeYRn/naMvUuxgmszSNKKjePgBuOXVBwFCtoG56iHHqicbrLs8ZRfngQkBhyeuZXx+kgMh5EPGWS1JhkR6BouKGscnyhECDjvZNft4vpuia1ViMFu451gVr1IQg4e6aXi/8Nl8UjguOkRtOR8yNhTZ7JIqjgDmeFkaYAghNM8TLpDgwyqVANBVwksTUnXQvHGlz/ZsJu/xBoUo9rkxMisgPFXQm8vyPGulxc6l6dJsUTcsSQXJKkRj+Qww0L9hCLzi5mEI+iBNUt7jmWAqhKTPXo2NYkxdnBtevd8qO14IeipOF+I4hlh3dX9+b/bq6+++77d2/eLkoYntFN1SE7TLz0EH1wcFdOKECwEicJKWZGypE0wMFI2GKlKsqrt7JNfuB1BbKR/agDBE0uDwwqxQUdrHgXNFCvuohHe0k9/FWb6FxQKpRTR9Fz+p9aMTspZfXLD6WFGmad+abT399dX797++Z7r1AxHK3CdBbYVBCjEyTQcx567DAVFBdCtE+FOJNqLk0x3S3lYdmFOrkA/KKJS9nWzG+cCOIhiyewdbrw3ingfVKbY7d65AbquXe+1w9llAGmzihUtgJFzG4GcqoOcliya/+PutVx1rnPIUxabBGPRoputDdT7sQ+WpRLlmP9gFwUrvVrpCFodQzMX5iAx2UuZFTa+PShrN4OEm1P5R6unFycn9ye3ty8++67X5smbcTjIIaQ1M4+H26++/XnH/8OYhokeHbJVvXSbZ3z1B4xt6UOckFJoxhzd+uhgLG0VWL4EvpMI4CZXgplCSspZZSu8/4CVpQrRO6l/EsmIsODL4SlgaPB5EhnBrLdYYTukC25ND/ckwQN6B8KmYrbyiddkDRZGRKxQLO2CsbstmvMYJVgkqREzecedMhYzcM+3Gmo0pOiT83NRXy15C6LR2qDoLl1SQ6CIU5MY7biPl7LRktz/DhD5+xu5kcopQ3x4YdxNohULwVTPT5KlRhpZyJPS5zZWZomK0F42vq6aeWs+biMJmuKxbpAmGigi2gFCnNzdlfeEK/UR75rmlqUKaMj6KJSSE1bG5RiY3X6YZVWAxflNV3BZUfkREZU1M2AO3CpfKRNWzTjT8UUqNMUmbx8KbA4ltjBUofQi5EBYV4ABEqrZRjX7E89QlZgc84vXn8xe/bUs8hgpeBzC+Y+3n18+fIVZB68aKK21xj2UJFJSDBstUmzfsUTcx12sfnECj99vLg4s292A39EVb+ddHqttrB/Znxx7q3ey0uL9p5IQ88vPAZeAzFfm40KFbmJ8mf2ds4Mqakt25Gc/DNLrDJ+A6AnJwKZxsJYabaRDRORtoDopMJG/vRABHDC/njR+p56D+IwUbD+iQRt6Z/9UBHjWE+rlQash+sJlQrkuVvh57D54ibM22c00/JhDWTeelBZL5vMZsySn5ycsYRFvNovakK/cYgKl++yB0ZloQKyNyfYsHQtLMMWrinXd2GLojItys+DyJ2koM3YmE4dDzsit/pRvlKzpGeTmfdhgShzgPXXP/nx7dvvVfP29yfXvST9yy9eysgTfu4W2mUXKcw+5x6IU5R2rSho2FhT1DtvvBfRate6Fskwi2wTAx7/yRKCu+sX51/nrm5FOO4WDkJQXKtGmQY2loKm0HrUTWnz5QK4/0YosYodXlFx1SqlPqTVdgd4ybeglKjV56buExokFUFP8mEOjjVQixW1HYAFTUyjU4hgaPyB6nO7GjJ3UEsK1U72rjDlx3xNXbeYoLSv6HkA7Hsyr6xrmylPCHkrqA3yHY1kTQPCstVEpBaMkQ1n4jiYFZqsGCZd5If8cSqvcF5O6nI85IMQupr2CuCbOy5EkUZJ4yACU/EMAqbQqVECUXRPV/rKi8/1MCcDrCwhP3iCL4+Ine7n0WmrHsJoDiRzci8klIuemH6UviicQDAWyshWwTNq2YdSFesWUok6y/jh2iJGyKqOcIWF0ShWNYomwASWxU8QAxYmQAKFqqo2IZAyQqXoo7A5ZKJfnWpHB9m0A0lDGNiTGvIfDw3cv/deC/PL1999+923v/qmjj79SKtKbg6xwANBPJZQkEdZm1aDNgTg2szIhA2XjfoXRXr2uMSwrlcBvZxCc/lMVD+SPmBqxAIbpCCv0QJvx8DpiXc4lcaOwvHhbwI+mHIYf6JC7odJZ30c5ij6tfErtB4psSgnF37z/Ztv3r29Eh6je1XgocJBOOQGIIi+A5NyDsgHipVEqnuzeSZS2ZyiEFcGwT10X5J1KXzm5Wwwop6ayz4oksFpfFutP7+lw5IS0qhUlqeUpgCLB0tZXxJLN33QnHmBFwV9yBSKqOlenUUiO2rvOrBusFSiTnm1zTSRevpoYUuJJtMxrRjGAhw2wvxsXRSETGCGx2IXvvxfz6SXtNpusrVEftERuSBqPA5yn5z8s3/8j08uz//+f/gfPBN3Lap40HWGsM+H29vP17cvftq2Ew2xmJ+D0auyr67etzebFXIyiF7HYSbEuIbxMCyYVGRihxaKHcWn5EDsXB7xo4AKYmvBh+4E3jrrCV5Q2LAQwhO/vrLcRyyDQ9QvJpR2MEkoVKJiiqLnD/f22+sJ60CnlxfSEJJS2H3NtTJSOu08MziUqv1mC4+GtwFI6AHBV9pIv2kbzWJx0o4+aZ3hwJbTucIm45weG/BViS6lg2o1jr61LUQCzCyNTJsRLW46AlJ5bhiRtdbmI9tvXHZ4d9PDGctCxOXkUtXisihjnhq8xOdBgnIbAsiusqXDUxzIZQl6WuhWpqvNM4exUXm0zS+Ky/TSVDzvWNQVpGexj5EWWoLoIYCaI5wQHe8fAfNqiZWBq+LmPCppo4wJEGDLRlNBLZF/82JqNe1L6ryxMV2pBimsYQUvKiwys5NLYw8yh7ZF5LmnJxfGCXuq5MkzD1aoIcspXdDupq6PSy0bPgFQzEN9CmyJT8PlrMie0opj8+amNQYCPLrGCQMTYpusV54l7iWNFo8XPDMVAiCafDQ/kK7lz4lg5pFIZXESvhjVpFHceBeAth/MxqqREpfsPedrYBNcaq3FWyvl+sKVLCfDNrxJztbk0g42kZ3waTyJNREMiBSvoLfR5azFBHGuhf4zEwXMwiMyrrAWJs99VWoFoT6MZ2huvMs0hZAuPqk0PyIXoRoyP3MrZWinYbXwF8aagLbusz4nKy+I5TBjHS6lR2eEkCVb6JtYfZ5+uvn48PUf/Fuv7u6v/vWf2UNIYt4T7WulYAkGF1/waUEzUjN8bd/2Z81PExzJmAiwUEEvl71DXmClzaVxbSku6f/ya8ShlzGROBJqwfyhLnNPc4VWx6o5Jf08iYrmMrlLAJwhSvjwn8BZts9kDABmnSkfFpFg1Jdf7iLZtp9ABgZK9EGRh4It5iz3yorcnh5yLASyxVBqRkYYhiNp4VHV6Fql3ERvMvKQM0t0O9mlKLjGQAcMJ9GMlXhCNUIjpPiWAl3zByHCg3gc+O9YDbTTQtofUBEjnSIg82ZAVe8TcbCDC+YMA8hMHhD/xJ4NuYGYGUcF6qpc6CDKhZWYC5RAfwhH5V1IeIAfyaRUW32QoxDq6it1IAOvPAB8HXHkLJEDtpbF5DCaFVe6amUMJUzJLaqD42omq/6Q+J+glq67BwuNJBiXaGeSSIWwu5q8BKS1A4GrCfOvvMF3V9JSoFNWBNh+amIA4tEuJxY255Qnvrevv9cyWPN/bynG9U1jh9998813TZFob5fV5PkrXGiImLKQuUpJ4VQeUmmFWNWaH/036eDJi/MeFtRp7OPIG3BYubt4lFaSC6VkgX4TTRdK0zBOuEzY4eDv+s5i8GAzUU6m+HPRVUwngMTfhUPKasU3FyoK8yNfMSXOitjXb67ffvvtt7r7lrSQrvqPSA99ZaDFoSFI/n4h1aBRg8uPF1xJnI+N6NTEftNWuj6yQwe5WbFP8BuYMZpVjSWSRXcnUAC88yTdXcKg6PXjVt59xbO/bCb6fFdkJ7uoXvY3GSknUlRGkVl1fpOVDFu4iN4U1Z5cLvhnYhNFSmLEodi4zuSr8hyvyCHCUvEpAQOvSnOW+ThszgYEDQRh+EUnpFFbe7zdaCdurm+ur27Evz/5b/67X/zh3/zF3/wb8IqoVNfzHzbjvfMWrAi9uzZxo13u3c0ySKrTofn4pL1ljGRon4cNpfxKxtPYS08mJqqDNf/GdhomxryrWxSy/0nccEuUU3HCyJMJuQbDYQUBT+mswaulmnVymop5vRxjinW3dKTLWk1CKCOBYElVcsr8QWt6xFdOW0WiduK+zKzSkYA+xE9b5U2GLVoUb3y2SFRl/IkOm7stW/yo0dXA18y5uQIGaWQOU3oNCAXzAbrivsZ0ldOQh+WgBF99oESPh1JPjlEeTPLYHiggityxwQD/tT76eof8iBnLPhzLd20HQFT1kCQbNGow2KyicnJrytLec6vMnJ2NXyBrQutLJb45LSjOiB1NgGbKMe87x8JGgcPcH7dodJaCGqxy51mTws9fnMnhzi5Ypm1ZPkiDjQIKOuSvbRZezjyBC6XizRg/sUO+PREnOUOhZy6BblLFRCS0HqgqbzHyZ4TQaKj4ISrCYSGjyd+Hj96hYTpYgEOJe9Jutk8u5qOl6uxBGhSa9eiUVKyts+3d6aKIN+0Im1+8fuk5iXGhFhuSp556zkOmy53ZE+mwInKgK8Y/CRTcPu6JCEL2ITlFxVYUo7/1CRYlEXCz9g0nG1JruWQdttL9zDTNZsB67jaIRJBrdep7CKzd0W3L5aQgJutNlZ/tfp9BnCR8WucIDMeqYnhq+NZMCLr2OnUF3tMLexc2VyuZFAVAyKNr5OKIU9YNBIsGMyAB4KTkSIP37PT9ExlnavfhW1B5jycpAHLYWPhYix52fUG9sayUdbMlSjYdSX36Y8/OLs8vX19++eOPb795f/UdMzQucnb7/hVk55yjDI73shAZOWabHwDDJII9fYxM2wXTva2PMdOiNYEWughGCgsxRX9zRfjpYLaqraAjhyluwwAKZuRUmyVn1TTGufJ74FLFIQC8V/Iwemhq10mlm4+5YkiKWTlaEGgUp4ASC8GqDvrxU0dyA6y5ZyCD7S+pNTIZZmd5k+NHB3SKzPzdzZlfN9yP7VE5BqowBtkDJRF4zCuzam4yLvln1CKvmmy7buU+nSJDpV3BiP4wuNkQ7PGgbSUrzqs3duCPZcVUTcUKROb4prQiqsDB5s0hkFDLUqTODI18Iv+I8SoAGXcCARBVOZRzEJ9eBChFiAjljdz0COOSOkDiWfnCkbtI1S6EmHsSF+rrbOVHah+JrRprFUvZc7p68aoGBi3L7WAEUJXVwqaDvC3q+Gvs+1QLJIhjwUkQ/ERocNf1w3D+Xm09+er4Iay1f7lFg6uFEkcYG0yIEhC4i2PFOa3Fnk25ubp+9+23v/6LP/8LT+tXQbjwmz2J7w5ACHdwSI1L71OGZ4blwvvnbebQa+ZFNJHaj25W+7Y6EWbKBfVFOyC54xRlqmc/Zp3In16TB9plRFl8qlTIieOOiCbXS51Rk64nP8fJ0PUKdtzJDgp8BfcyM/HHf+GphPj61uTyd970cfp0/W8ampmR69RW9fDAinnNM7EHGMZUlRoiIJoSS6QfNOW0WTYbWEwTvgfAsrqS8mxegTJgeMZWJjc5LC4PUmwvbBSrIUhoB3fhzDrDwjkqd9joQkdicL2/Ca208ZDGREOvcZRhDVcCTI+WV/VpmLc5Zv1q+AJdbI+2R01gaCabpRVAAyZgGtNqcE2LZU1gs8qHh8OTWzZcOuB2bPb06Hdvvv/u5vb9t2+v37y7Ml7iFRN/8kf/7W/99d99dsa7aIFcuM6ZBPH07Myzmqcnrz6894j0PUO0XOpCg3dqOYSJvA96JHqyDMwQeH0AE1ImtezgXSOaoTwKL3kQ9v7qTxOnAlThUL4y1UKa3CpGPm4CKzdySFQrKdLkOlSebLOpZm2yAGeArKmbovIrzKeovnNSUjYeAfyBM0sa4sZPSloaXspAyvNeyDKKVyKJXGcRBwrT+WFq4s9oU7ZVgiXaKtOqJwZJHbBo4ZgXxsSC8holG7dsnAEZpkqRrXdZo9xa+1SZLesS6j+dtapSU126B87CVg7RXMELu8AcT9fW4kYLdnoE5YMAzHRiT6DIlnNh/OhW2AFP/UXnsk9AoFHTIRIToibfaCR5BW9KOL4n2QZIqoy3RJln5zhZreyzG1NHKOVnlXTH2oZe/YxtMS71FfFSyuZ9P0vsbGptlyYMjiILI5iZ6VRNZZ4biGhB6vveTVd75sGd+4sz074Sm9YMnJ3ZB0dHOqpmD8VLh9yIVSR9we3OhKxtXExJWyH62S6WJlp5MhnZQ9uUnmBE9tEjb2qLRDPmLakgprIxJEQFtuqx6yegGXnN3CQteotgeBCPZs5omUEmnU127mAZ22IJLcxuGA1/zKlRhn6PN3kMZYmRczKRzoqbT0+8S1r+5+GUmvVHey18ydJsygO8J6h6zxBOWZos1j6g596rQjSuJPKErx1oIUr+8dk6Jk8FcgfK4GfIYADFMQjqAtfK+uBI+VSgUkyoigIwSQM21FuDoTge/Mv2henGc9l9F2uqsyRdI3EMcuDUC1HMnvz8d59cvbz95s8v9DffP9jViBM04ZHa0F0MYJAim+FCNsSryNcTeVrMMJR+NL3jFLVZpk95kNepyGVB4l8ZBssjJmUywZIcqncac5jC3xGgpgZW5CfsR8TNc0EtePiP8WoSVlDjJ/UztdnIiACl4LI2epXYgBoZc3Kb/9RsOCvWHZ6EZXIHVuQhskVBKBIecNRRDAsqRvz2pHlVFZ2QnTwyuPKJQgUUIj5qOnQHmdBVDfowB4pZ81fHgW9Soh/UTpkKrfojuliOIDAPeSeTGD5orNPpelKNsmjASqT5K+kQFsPapTpFKruXExUnR5B0qvBZGE1IVU1Wro3kXLsa4ahhSwHuZqkB9rvx4nSksljOAqrhLhOMsGDjuqoMNvs65DyNQ+sTOsoPWhZSCcLAQwhjbCLhj3OUhh+5h3uRslGbMQ+OC0Ly8VEHJYMdueqklalY4C1N7iwGDgEL+Vy55NDKEdnhrWzp5u7m+7ff/+qvfmWLG5i0tFoUq+MpsOHGfDiiI7X4US9qyd7zs3OvWbo4v7zwVKC2XlLojg602C2V1pJVug5kMY1HdVi+mNCdoLJsMKvoq9Mod/M4gG+pc+SnoEmiewmKDVSu0o+fRFEqPjGOW/TX5orwhp7ME1puKSDcXl+/ffPm26vvr154eLdMWqeMI4UEzD4J0YXO0hz3cYtWu+dq6i3wqJmL9+dW/ove9CPAZF/KzalB6OAAMHbxPmubKPh0A2Bjez4SV+kymsAGeZyGhZnUBhMbFKHOhJAUinVEIrlKxVnE5FJZX2NRCooAsdb9zazTSsqRGiq9OcidaSNaG0BbRSg1hiBKMlr/w+HL7SPOKRNWw8hSAPYYltrItQEfn743QmkWzdtaL05Pb7/57t27W6v9CeTeix5++U//6a/+5Z/91h/+njdigFaKIwO5udGrl/1quh7u3t28e5cuPVt42wwojRHn+6d3nsdgfmgsu/nw8fLLVxcXl8ge/tFZzy5pJqHkMgPJIdNDrTBC6WktCL3xbXwpvtSWfpdxlPfIO7Iwtm1VhlpZNLyNGbU6cKmhOeRedAv/CP9gVHaGULdYigK+koc2oUziPd/6oRYnxUYiOIRMJQl0gRuJ5HwYA8DRuDE5ZgAoZFN9NuQ0y6CBWlulFG1lmH8QqYrauo6tfbR/YQuYkMdQiYsQ8GNhoLFd7sFGEjdiGRjW5SjN5WY+6AIQFgM5920JslHSokU5K9sigVixLqDRl+yN0bgrLrgOXWkxYh3LcDZGi//JnEFX4cGapZoKKl/wIYgozE38KfChZ0PrvkjI0Inf3EHednoipcG3JXfi0IdPdwQX7k9PLi+/QI3ckRRqFw37lWJmGV+8ermn1rQiBUymj+aGuFjz02cXL715vOnQ0hpvESrhac9FT1OAgDQ7qZYZWlfgIQ+7zDx5YhsIG/oAIkaUga/zoJYsE0O8DQ29y3iDW97lIVZmkOb57TduvxpTyQVvPwUajMiz2Zv1b8SQqcwMDIvWhRNQdR+YcSM0hlnItbV3py+8aCcrNVdENtlGmaFxx3yBW1gj6KLCdSNUpgFBQ4JqKWGGU5wx6J8MbNn90EbQugH1miLpVIaQ1/FWubXdTR9soG3rngsmcMe7PeS0dUWYYjHGpJ/ePWSZq0RVvb2Pmj/28vRnhC1DY9dNC5zaVdsNaub8KR4bGEF1psqwsK8gwjMV9ohJvdsUTbiKZSG5ztpFRcQofJ2feEdOr+lT5tPT1z958+2vP9jdLIyk+MzQbfthilkNrJasMyD9oQn4SS9ixgdsz55p9O42jizz1B0uFCa+vDVv8VtnbGlXRHYRikhSboLGjojietbXJdX91elUuqeO/OMZvoyEAUXnywaKU9Gg7aliF7mB8IbbYEsaNGekxEs4XYtGXISJOlVjh3OwIIQ5ivo4RPRiY3aCGvwvm1hfNBj91kZqKSMhkiMgIL5HYZEhkvEVBT4Zmoo+02L/EhQwLh9QhtfhYosA1cSBYgh+rOmkJGQPyADI3jpTY1SlXARNqoUaqLIWfwNS5ya1YVdmgCroUjFS5ThkRHAYl9C3GLbgXPw5XIg+kOOMeQiNqWKjwPFQu4+1MO7dbYAUmmpqi1FlpJnocrjJJ6dD2USV7k22NcCJItQWUaN55HUIEHQub16l0Kb+rk3qmI/9UvqYK/K6bZRNKA1OpnIsbJjgIyDs+ACJ6aAyM2fgXR9Rh55IS3d/6Z+lO7Kl9rWxZOTq+s03v/r13bUphuf61uYgaszqpmSQaWK0NoiQLxqtL3UwZPjy9ctXr14tPTR0s8xQoFzGseSgfl4OtxFHVEZjreLxixEy32gaC3N7F/DkKOGnRoidUtPxjyQpfhcUcjITdKBgYj5Kl8Ic8wXJLrcTekR303g9jXPz7vrNd99+I96dPL0IxHpUj5IKfHDZejcSAQHU3HZ9RglZR/s4ws2snNYoRglV3Cuf0UJXKhK2lHO1iGA6YS/J4TCOpLJPHo6zgImsDC2eillZjKsBz79dLBDWoIHaUA+ql09HXgYsQi2auB00lPp06CcZ5i+P6YSkp6aW4vzUWU5PVJzN+sTkYCSW6AlEjhhleHfBpAyAPCqfOT6KurDfELKnp3aVu3j96svb+w/vbCvrwWT719x/uH9686f/8B/+7Pd+9+55e7WUitx/8vjKF2cXTTQbtrq9t/WYJYfafi6QF8yhdXNIRhefkWmbITOH9OJUu3j0RwpxE3+iJrQkwYBRk0jysFy1XC4OCUNkjzFM0V38ZP2Pzxwoit2UI3sTlY7v4zmPpzIh8gZUg4kFjM9RTTfAC3ytRVLqkZEfbAghP+ieUon5aIlrvdAr9USDlkaUSRMZS0a18J0FbAldD0l4UuH+LqqOx2iyXIRMDVhqz+HMT2oQNyNeEQKAn7F5oKPTDKuBPUQa5mnqcwAkeSwBxUxZzM6+Nuc4QVRpwZo4MwfENaRh3Vv7++B4BgpOps2A65eiIcdohfbshjhrj5PzHICUGHjiz7jXFUo5k09md5hxRQQzeZ7c97PHf7GjKTwnetV49YvzaDY1r2dnHazs6kLOaiX6QXH2S8ujnnqeWMGge2v6kzAJIim9eGI2WYYjD7VOG2vyGMilEl6d0gMRVIqbBhnbkQP9BTrVMx7Tpq0Nl7VkQzIzud1pD3zQqKd/yKsu+vuH0/Nz85K0VBLfXFfiIx4K541ejkiu0pQNV91hrDhQeCfRGoMwZurCbCZtOAyPh8YVKGOgNgpOlMTQUsZnFFv4MQAb+2gjZYWZQmaf8acBuvAkj27BuiLJyQvyUpPR5wpmjlZziqj6ZU1UJU5cwECe0Hqq47n3lOjEyaSZgscCZV8KWO6guDHK+twmuXBechxaW4CSfK5qnKrwa89RfRgDwV4ppETLXDKeNtHiumRT6zJDjYLqbtWBY3Tn6UxRlO/pog9PL1vjVILhWRwgrdc8Of+zf/Wv9Df1Gax/eXl59vr1F5d7YolQpd46BZaN1MHcsz51VcunCQ/Z6E/l2borRVOJRgaCjgLiIgsSyazLma7cJzsmRjLsojp0pLDjpURiCBMtLT4sfS5SOxRzM7LcK10/+rioA3VOmNaqRUhVKMMDusKJSZkdFVeQ23XSmvYBUyEKwrkmrFipSg5jciB9uUXB4S2kuKJSOVGkxGAxpPhahAkjJWqfKp9+JFxQTGE1aIqplyRhmXUcmEebgmDAxpy7XLKmTq0bQUWKutGq1OBEXPeARzfWugcfQOgr9pBLNAUZnWqXK3eziiOdiqMl2OozXzVCvtCIQ1G/S3BO1yQAHbErzx+oOFI3XhTvCSjaWGOCiOxgqzDZDKtbiUe+HelA88AO/fXdvTExqUZJQqloq7l+0KvryBU4ELoqiT3mJwyGyd9UQ9CB2HG4wMwO3Cq+hC+T6Ft+2COKfEQ30Lat721ZfPfu+vtf//pXV++uufQWj5dMxT13gEq9weJdfv00GXNkh1+8ev3Fl5cvL850zU7rsdedb4ZFqFiWIVokLlEvjSNzTouLlNE1BI/Uwl4HyW6CyA2iPFnsKiLWss4aDooqkJ8oCZTC1OLnoHic4xgXSw/lvEWKBw+83vfoskdUXnyX84ewAAAgAElEQVTutWQZ+GHQq5lXBQ3YiZ6PjIzgHf1ZFQ7Mo1Qx5+lJ+UY71v6Jyno6/a6Rj4bE6e7B+GEu6asOakrc33gGsbO+sjDhm/YqsE/tuie1fTK3lNPAD+wupCxC6lZSSxqCUl+OSQcDHDJjUhHR6UlL1IqAVgZYQdo6N4gpj9Ic+L/qKs2xJ4poScj6rh+1hzG+8zSY23uxaZ0ylKAjGLVhrgmotYGmeF5+8cXLd+/eWZ8UoRntv/onf/zLf/Pf+MXf+TsaHA0e6B9u706/+JGWsthQ1wR32i3vUDNq87SN+hRKRImh56zu24vk9ddfn15aU2QbncwQ0/lC8tJUl0EWgDOUPljAZAAWRHIsh8XW0e2inrxBpdqtdspN9E1eiyV0Ig8wqPCsjYCp9diTRfvAzMvtPAV8kc2EuwbUSjxig5QsZpTehlLjzs1cYS/ILP3aQw8iDAdV3EE66D0lqq+11j/LJ3IrF0NQYleLXz/YASR1hiVz2A8nC7ECODhCLaS8Gz/WA6yTSyY66yqSRhLIXRiuxADrW+YIBtkn6p6lb88DUqwzqgysT43M6F6w9AbRlrggNCmFsmJgRxeyMykkk/qj4zoAWB5HQs065omRUgkfuhHWPX4kvxyr6nZ9kklcmG9m3HrLnlbx46Go9tx8eH9xeaEHIhtD/ouzzNCMsBV+QpPX4iFFViU5sMgBMtEwQaZqzyl7BKGZX6Rb73p+3vs/CFXU8xDfuYU0572qUAylVLJkj5Y51pr1cE6jkiA1EBgwL2BkMW1kQw4kDF3iVNyri89PWCIdyo9YL6b1RRqNrl7te8rDdiHO6fEKSmbQ+JYkyUwNy5G7sIQHm/Y90QFo9pmJWntIxqaIzi+t4Ejk1iHUz2AzexoXrbzA+nMuKQk2sMjLAFUCkKOFoTNkVLvGno2wOzoyChgBMGhBXKFdRLPkBmxPLjBJC/TFQkurOfJeqmlogUCLwvdG31tzoqF4byWxk8yDQnId7kyjPqrTskSd0BhSDQerdlKnjjRUydRRy1K6l+Xw+AzGMdsu9NVJaG2R1OzF6aVqfJ6XZCj6oJ8/X93eXT73KNKrq5trNpO9Pnty+er1i7PzqMLxc6+DtsE7heE99WzcnfwgiNWMJvdrRkPt05eXYsR0jYTjJxYLLbXcpQKxlUfNGbpKwDA1tleMnKtgAVy6m/eA3JD8+GsVaQ5AfzGaY6oaUJfI54hhASlXyIXyQIzDcoxf1KCU3AqQMI6ObDNLK/IF8PA8nZNmG6I+VHk06WoQZ5XLY9V2PelP4lkL1MufRh3MEOvMFA38FGPylN2slnpMJCJwoRAi3BvhRQT0qMU4aowbDJxYCCuC/YlTDTDFNqRB96rWTyYua7BYLgUu3teI4DA8mXGohBWXXGlwMOaLNBVBvit+80D/KhXFCMHzaCSMWma9A7pAcHMxi0YVU75WqZZi1YvHpBMjvDjZdlu96E07MLgD/+QTv91WzHUIHeu5NQ+x/m9B76AYSOhRFfVZu/8cOAIkYRgZlCwz2oFDfPv+JHWKAqcGI8X6A0tQEzoLPpbb2unsRnZ4dX3lsZR3b96NAK6O3LipFH1klLE87+WGMoh26tJcn59fGDy0reuFnWTP7FniJVtHdCoMdVzrRtRIy7sRGMucWaMY5dNFZEfjofkkMj1OiRNSN/3FafxXOPH4xuTkmBzSw5zkKEUVSowFGhRQtL9CtOXo9t66fvvuu7dv37aGVac6eDVDAYlZR+g8PnRzSO/wHveTq6uZYWrJ290Do4CYoqsxyWXNBFhW6KeMoGOMzDhiINlMIl2C3feuSM6UmhomOnZ3UBT2+PZhTHClcBQsQSUVRCM/G/O/G4no8Ad2k7DqjquTQaaX8KWosh4mTrc9UZjujslHajuQhDkvPFiEZ8j8Y59gFt2yFQ12ckQicXjSMzeOxdHGgqzJ10DY0feZhMKSddgMUcDLJt/e3PzX/8V/6fZPfvGL85eX1rQixaIFyMgPDB7SC0i8aIS+tC6eucUIxfYytMyIaTOCL3/yEy0B50QzRNGKpOQxlWmWO8+C4nHspfSVIFCESy4SVf7bT5YldsEfknhJ4xsoyJx7OuT+RU1e/UgA006jOKOut3d8PDuzZ17Sa8yj8SFpQFOZxTThjbbL9mxonG6O11QcjSNgyVgAI9DESO7ZFygFU/VBgK64GXG+inlQHZ9ss7JIptNsRkSQRuCfPFAYHIvJ9I9BatpX6mdYSF/REt2eLJn0YNYwGxxDD8v42COwsLhXZrCx51pEoXJpwVZRLcjz+JyE8bcIMqt0jsbspkYOcRzePEuIKIEBNQqcW6SsbBjJZOpD8vhUE9UK854MOEWmoydPWxq5+90UvmIWEcanH9hiIh78xNcLeOQyEDz15mzkWThtDWJQthWLJ0ui0bMhZleBeNrD5pw6mlPbk4vT8+vbO0b3QWariRKUrc60dCXyWmGJKrLnWepJMY2ymde1XWIyMyn5XpLnefJ2pheQRUNmqpNW0k2HyaXllWWsYUeY5TFZDlqFM71xodWz5ockCZ35ICPRkhvSJyCoGSfnwveLk4sPn+/rMEzxByPyXY0mpokm+BYDaFywWaFhFtx6+sRI5BHEeqhZqnQuC1xMU5VYzCoXRsvgR6RHXeLXXp6UWBJiL3BTVXxW/1wrloz1RC02+PCgrzi5fvKGOq78ub1OE8dUG7v+xKORLYijC5G5gysO8sqsZM3GBJGl5Kz5ErITJqpjADE9WuaouLensL1ERwL01asvvnr9+quvvty0GOrahbuSvako49VgGVhgUGBnAj7QZmZF+MzmuFRYefbii9eu0ANpZOhRwPUrM8GqmO0epuQ46QeHhxJ3gSYpHlY+/aODzaUm/8M27x6QCjstPSwLiiYHlWEGQreDGXKpQweDV6kYAXPBzTlx5zOqkVKYIPG/8LmLxr+titUP2+Dv7gMmpCA72optnOwIN9GbKQaRQzfALx5G3CIqGpyjLfKU7X8MR91OYV+z4kw5pCqR8AZ1zWLZlVvBTHrLFTU3IWgIXFnMR0F9L/XyKWbYQ0KSAlBZV0hBhrYwkLyzmQqWiGaCwzsEC7wwKcn8EkvxxKd0sZIqzyLcXRgGOoEKkzpCoveEcYh0S3dTI/mny1FCd8ipG9SdsnROt0RvUkkISkRzLKMAJTNF3DsKwSert7KvysV9cArwRwQFPINI7keEWMkkLySRaaGZkkRzLue/VMmwR9tZeAPx2+++/+6dRw4L4rq5kzy3UCtPS3UIGsG+lx3qEnti76XP5Us76YsXF4YP68/66Yu880E2szFD8pnFALX/qCxpfzQQUs8iM/NUmzo7g3boOxyjWPaJKXdSzs6cV/rxoqPdIwUJtSAm6Gy09IO9/vdut8fVhx+MJTzxnnsVJ3UUDUSwfgBCT4muIpMC+kIPQZREVedRjBoXCxqzPzIsgBaWalRAAYI5Z+Nzg3Rcsx8XmRTsDmIp1cdYILuzImHz6V94EGR1iO+AkbXYMj7ScpKSu8AlxCFAJURCp96BOkiugp1yBFvmxYglaxbHlxs2zCBzgr1hxAPf7Bi/oQjBvoDI8/MYI1XRUrEla4TRAFROQAbCUxmeuz5oaws97xl7/uzy5IUpnEYWnkmMPr359bf/z//s//oH/9bf/hv/9t979eVXEh9UYcjo0Gfv9ehBAWs7YNFgGicqXxSgs3DRQnN+a+eR51//9OctbkpaCFyULGMjES2Ey2qnVeSW0JHXBmdyNJAQPDPEobYBwzFKPD+kSnlZaqh+aQclm93eyIGiBAelDsm6rim91O6pwauG+pgCWLXEeq6xppdrqKk2X3oe3uJDPgxMRpeWJXNso1KINmpfB9BYgqEh4vXwR+KsrNUd+qaUYDLvN+6m2oLTZjEaV6FujfQ2a6mJDkuZHxOggz19AikZ6EhZQFZL3BO6tYEYS+l7DyCzKag0QeifAV/NxubN5YuKfxATiwJBKt9tkJWpMYKAxAvZHfbobMpIyg6zZ98aZcgOKR81wjzJdApCBp1pOSFVq97YLk83OOeeuULWjESjgMKc1S/qsnDThbIuCgNB2mSjBnEMbX4UoDurbQr85zZn0cp60jxnUP3q6kp/BExDhrnH06e3FqncXusWW1WrLsF6BvZDM8VPzs4afRQCydXCxLo5bOrDEysjpSMgmKdGp8AgTTxtu00rGnXM2jVGxvbatnyeibFjElkQ8V4P6J/IjF0uKczWAHAEc6CnRrkaO0cdRSe8x2UJEqOVac8jrNEFxox2TLAc6vk5ro2Iybm8QQRYMmeTVowfozu8v2aysZkUppismpkhy6PAunWedGbRirFwctCeiEgAW62E86zRWKkpbHDRd3sHvGEBe90bt2V1+Un7KXrBZnaLHTbC5TAQI5oet5vfrstnxEqUwl0+sdCbp+SuBI8+VXl3kbYY29Sxvm4NT/x5oL3hzBXTw4GnpQ5lBQRo/oxGDAkfQQ8gO2YzJ7f0MMETFqKnVRnr0oDOzsw6Z3pMt0EIcifWGgoray9fv3j1VZZfAb9JQPWsIfM2H1FO7u5+qcWw7oqCuO0V/N+HJmMxOWVgnRRFa9fSArGIE4WSmg1LEeZs+WgiR5uQTCQ0mCcRVeSENGbqaWjcE4pqrhN2bRNt5mhlioO0VmOWAya06rtz6CDUCPFT+IAsSOADFqZuNh2AkEVfMBVoHNctt+Pu8V9Q2AOw3YmcJdfDhaJWus3Xo96RX2PglY4X0gQw0Q5ivAcuKRQ3HUtSs47qhth/OBJRqwTzd1WX5qAhtSXZzmPVJ7k42LGS9ev6RKuqn+3kRCtIeiw+Omrp4OInkKuroT/mnuAyQoODCBzU8ZHFRhkthuGISSEguwQXk9aYcOmxlILSniA2kUe1oZZ6pd0KFnxsBZE7BTD/ypVAdVtdN4pR3iof5sZgypV0ZTl66aElN3dXNrX5/ttvfvWdRWDo1UDUhkGXDU4YjxQiJZcRC8QaRyYSzj339VJ2uJcTmcXpY2pFilFSSD6JtBRox2kBRV3CabKEZkLEyZjq/3SSXBR4xJ8ZxPA4Ux3rKVyJRFWpCcvBSgZ4tTEhxS0jPtj+cN8LDT7c3Xhy+e1312+u6qtlVtnNgtUBJ+M5pJzcsssZiGP/lT5kM3NcZRexmDEwXFXovkQA6vVZR1XCJ34pTChHIm0FI+09/uWc42nExLIbXfihDgrmbJGHmOBAhqb0jLjSAl4Aao6TV7rIjBIQYLHxGyd0A2xj7zRUJGzuzEbATo0jiqwOy3UKF6N4UA5eguWHJKCaMtNmI45NxAYyOXFIeYWWWPZYaSUOkbipqX7+5EFDhKYIcNN8nJSUuu6MMNz/yR/9d9/81Te//3f+9tcv2j6tqM5EhKGmL6E1b0V53MHr0dqKzIQgoWt9NfB2KvniJz+WpC7zTXwIjQCfI4q4QGqGFoyaDO5CTq5zlJvGpVl5K44IaleKwGTZg55JhVmXgPtJA8q1EKvFOuyNI5Cu1neW2yBO1qht5uPPT6yBJVzZ4Yw5ywARkdmMWUI1KQFoA2lqNbEYZfIwhGykDX5OTXoZjHwBxmwpsRcjuF+aNjpVrgglaxQapa1lRVMnJOWg3J0NPBpJetKYtZST0ISKmShwxdHqM5TtOYw0Q4llE7Xi+gRUn+QQjoQOEyxmjFrNhvTb6+MuMnKKNXLZV1kOvSVClcgxl52XRV+W7TIf6MYiRgLLLGvgCaXMUlstu6KVRTW54DPLJAy84QGmbNmxtWL3RpE+pIjjHXp35oPn55aYnOmDGBn1CMUtpVADLA0uPj2/ubpBg5kW0iRCe+SkQE/jltn0+uYjWNJdb+k8o+K9eTIuKohAboEeS7wJ1QNZmKEdNy1TPfIwa+98dNTZ2fEU81YNPTdOToLGxvVq6T3OUw+OJN8koB3sVZPpnO7XXBIMrVW02zwgh8qGKqHnf0fw3JxgzP+QvHKZqy8jFcHJPfp1b6KXE/pATIRYiycp8of2gJTYsTqEkK35djjTVAS859EoJ/gspMcCueW9zhvpCMHY8coS7zBkm5fnr89Pm31eq0Lwhn1IOnbLuAnq0QVbvrn4yxJcIgnPfW0zZAlZ9lAlhpFXe99gi4BlCVRYK1yMzEnHU90BNh57zt3icarYb+v9F+9Pf2rTIktYdQbvPj4RkAijfNpwojLoY5MWL7Tnh9dIvjCozE2zMlJjToCSwaXeqeCTtoT9VI0VolZ5JxVyscBRvkIdc54Ze+pUPvUd0BjYh8fttHBZkA8FsUxI2X+eUVvAxdDnjB0VwuF0swu5FkRqtJI4PQi8hzzRxVx8j7x0PzK6DE8nYKiYdgOF4oLmlIO9OCimlQMx6nJNOVkfd5Z5KuJyNVF0pFDRs5+sTR6Y5f2ADiMzQFdcjqlethcb8U0sTbrQZNSM7jWATkKsQNiULkDkZVHNJjOigeM8CKv3TV+laIxgjV0SqCWKHTSovG4nJEkbnHqPRT+fYtyOkl2U1NfEIphKg4DCeELu6medySieF7VoIqTKse+ybotnfBhwPX56HLOZRTbgNwDqJplmpTrhMb6rVYFYVqoVxhhqwChKAJZRYgCc9YUAA6Sbh4OzopL17ddGcqVJvFN33u5VVmt9MItyd+W9tr/6tXlmMPRPhVmi3kfTkizSGH4ERY5YJkFQetVtY/DylR3BShA9tuZXmyEkibBt4ZAfYggp/u0TqCSYmPCSTTuG8RBdnqZIpRLEBDM1HES4Ql7ddAecGA1e0qxxBRnQSvS1cZ9AazTkh3ZeaOFhnn3fW/XeeDjFI33GTNJwllW1QYvZURLNgg3vBzPHyC4RnSqcoh/CDqJDfbWivHsqkaNkoZHaGtGy7gL1Qm2E9hOtc+Pk4ENOh5l0nxUkwMl/PB4UEuw+qoiKYQvxIQknOHA1dmai3DaZOFltR9kM0MFwBw6OlNLahUjjx2z76SuF5xJke5QHMyGHMHkABBvA2WasQ47JRBIhAMt+RElwvETCA4/qsUa+Hu2qExO/hVNWKgYDDkih3iACWT199s0vf3l99e3//O//z7iMsaxE2OhCnULa4N6GcHR1vHOZWV/f3moNPCPiafxXX/3o8ssfSU1WsrBFUosfo75IGr2HR40lJMVoXWTo3csokxWJHVblll8ywTJKqXYabFhiYm2kmgjcZRnq5/eL2O3uUSAE14oQ03m1B+2B18BeD44sAPOnds9RclLueVXDcNoxKtDwJBR5ty21I4PlMdqITEeayTTSsBJoIJQCUkKGEAOEYOZpderq9cnQ1CnSTO7BLzQp1DpOubcwcWd1qAUoMOpqJETamegyoJ7O0OMEAAmiaurlZlSo1S/Pb4uHQ6sAIIQGPOiiQC4jiohisS5EkjwiWBnR5WJFBoX7I+cm3XZdTaWfLS5OGsF/6pmTBipVRqTaeqmYW+ehrbD1JoxswYQ1bz0xAoZQamJOtlvgjjx1MogqDkvadMQKRcZGIpHXGGsZMhH6X3/B6to7471k+OzVy1e313Y/TDpBaxi/txUTa3F8QC2GgMLHtiqM2BMbBSQjhZ5WsREgsdyhSffMYBV/FVyLtIWbTX3UlPQ2ZD7jyWVLCE1GZ8CEN9fJgRUmM69LrZvgYZ2zCw/1238aGW7VeBcqSlaYSzqq3d12S+j0rKEX9x0L5lKg2woYlM3jGtnevp6NIfdivZ4ZYDniKdcG56jrenuGC/yF4rQHsXZGlwmd79W056K3ar6nTVZ8pmmpsSgg5BlmKTxOdHf3jtsAaJC2597VrLNbAGrs7ogy8RF44md8lFaDSPhr3J6eX2xNqZrNQzf8+KynlFBFccRbXOEQmRKZcyMm5Z2WrZbQzQAwTRC8JNtcpAd5imcVhAzNDa4UiEAuBlG3JoVgVCu4J+snZ69/9PKnPyf5ZEUKRYPJJPPt4gipRkUSNfXsDDEOmpzIAUCI2t2Rsxw0KI6daejxoDMQFrtcT7FkU0CIUxoMUNpo+LwrOZhr/pg5Rw0AYwCZfIY2s3WhS12tvRtnO0URnRUTm3kPteo85CipKuhV2dTdZFzsdXc4GSuMaswUiUW9TBflLnZjoTM5TdHMz2Wxe6pBUXqr1DoARzXXFmJiHikqKpdxOMpCXD8qAR8ZKsOCCafLbsmMBSIsLRJdmXNsjIaVJ4B6UsCKmyGPhOz2cCyg6M1gAeGD7aU/RLki8vTQJAByyvAyXmBS66JxEXmm0389OuOB20IokDMMFYJVp/+QY8dIQEj2QnVumCNWvF9F8R58tx9vZoKNG1U+WUR+97I7FwnL6EXBpoHDRtst5Pf8qN6y1+m9+/677z2vUT1WVATPqsXKGXfCgC65SPjIwJp2LZ6lYWdeNio9NBR/3rSkfRa0VVIN3laExff0kuWgCpOzhHQHkUu76jsH6jix0UDkdxwX/R3fMbKLh7CqUIlxl3GP8+So4iP4jMYHwy0jx3oTkaYSMH1l+PDuxsOApLr+RLEHwEwphHlErxsKe0roXp4OI1V0sctEU8PmPwawGfKwrwV3G1FFpMKKdl5q00d1ts5RN/nUtCUo2QirVDfDAfX4p8XbxYAe7IcHogwk2g6s0Vl4cIsoOoN6dKG6Z/+ylSw7svEQMuwkdZZVNkirpgOp7fiG1XrCUal4VhQB2Ds4PGgJUBfciqLGR5OHD2REKTE+0KnWFZgzcW2D1XXlOHNF6F03bnn+qTSoVeSYsUjIi/g8Wu5dZ7/67ubGQ40aRemR5Uokak7VHnTFzprGqVb+ryHzyrEbK2rv3//eT396dvnSOoisZyigx6uE1GeoETQ/y6AITkB8ZKj/KnEoGovjiSqC5Y7JIX+sT5mUi6NJ3DBJOwa6oFgla/nYEADx3gcdZNy2bc2X4bHRl4AzMAK3Z3JDj4tCdgC2e7Np5XhTgoxIlHbcNjrU9Gjb/widJakqvnhmeszSDoM3pYwYh5BGKEPfpO0SewmpAa/NQj43mdgm0iVb2xWF2lTMJPVnGOsaQAxeXd1o/lIrHkEy5pVaNYvaVM9nQJLVZdWx6ZOpsW4iJXjX3C0ZSlctpyMTUmVfGRX2EpZHfMsvk4NSIPiUWCczWksXSTuHcuK2P66CTEgzuK4Z1Plk+Y1cTp2o0NhXauPN5P+pbZlPLtmPXU7syGi56gt9dtc53vEiwYen5twjktB9q1SeLeaRB80K20dJcK3G21M5NvdJ208/2lqeXM4vT4xueFbP3i4ucyjc5VeeuLcB+rGgLbsiuLajlwjhWqBtrZ7XihjwEzazT/WKKaUeBQ/wT+5kkeZ0sTY7lGQRep7MAFZFjyIPk8I2wnVf9E8DfmIAeVpsklyD9bG3WDE16x9PTstvwMWX6fiPBrYplH2WCDbOtgRaGIWlyGQ6z7jyREtHupVsEnBiWuQ3d+8p59LBwsmTUy0NnNhBhovYKS18Yia9h+4xI1xqSuRcYo8HhOKn1JqE5juZGL8rwyLSiMFR44SxFcwtU8k23fzgtc7Q3aHTsiebrrEFBEuVUfVoopnrIGdncMDbK9vxDzPYGouz57JMPrewTnjz4FopzxgZC5UhZtEpptGH5uP4yBYWU/Pz069+8fuEj7WlTuBmszxLBy4MqaOAQeCjDRWwVoZDSdjoNzrcPv7qoCLeaQ/H0CAQ7Nrd9W2qiHjxyo+PfzQPuX8+Cqu4XCJhuyJcgJbt1GQUWjINkl3JNrANe01eBBCKkXoBsmlPl3PrHUQPjdBXwJzQpL/H1gJ/WBq31VhdMNG34xgekmmVboqBNYxHmVRVJ0QRKKqB3EqhNOpAnjFTgGNRXVwJWzT1k3yIHRZ1GlVOBZwRmzFUZUoAaqR3s0C5irWGkUm14OEOeiIlzHRQSenXoKwYO6TT6BZ5QGvswnDcRAtiddytmq9aBNICNFFHIpQgOEJeXI4I90vXKlQxX0gqMgBB7aTY1YGUfsZqMH1lT7SVVR+97rnFQOhNlb/5jiT0H0TRjaYnFOxOXNq0cmOHutYm4mzy8vbb7765ub5Oyplfjo22Ppnxmr+EHg/kLHyamNAQeRxFcvjK5LJ3iIox3kmpMRdWeX/tWOlsIomXPrMrkTTRIGeixk2Wg9gVwF3S3K2EmmpJaIwEpaaI8CsAxOoE2dGQVPQ4zjxc66OZEHk0ScKIj3grE7aUyNbMb3U7fZJ2yaVKCQs508NYnqDTko9jZiUVnNE5DUkOUUQbXoCimR8xxNDWqmgKwi1Pde6HF6bKRyWt/WmsmwGgha7WiUnNs+NstWPolkRmMOMN2flLTNISutfBOaQ0i40LSKKmrDcDSnIZ96Q1uSXIUhMDMLVemkOYa7oTDIM8CIvaUC0kD8YB7QCYBlysiGEhSYPiJRl1+FzxFzc0jzuvPHj/HsqIgNeyQqdFLaNlLy5PX99TzgvWWeITovL6xHxzbSLv7IlejbfhGgH+4EGEuvYf7I/DkMnXDr6heHZ793B143Gr669/8jMJCblExyHvPDwx0GJSW2ypOU5CvvwpmCZnT0poA2gySoikGNQgl3DT4JhP8icJV2N5tiraSbOyELZVFsTnyFh7yUrMRmU/DcZEAEuJGNqYTotP+Ue0WoomRAC7QdKGfIirMehINN+k4mEiPY7q0MDh7KQIBYDCEVjPZw/KZR0vPjhTTUnNeTea+M7gi5IV5n4CDQkZhcrcn3gX3PXbq3fdMjgkWbcANDHTyFontlS0yQb5pouk1N1iWZRIyFxOGMm07DiOyvJrk1rIxhdYQmu8ApzwmXEirz1LGaFaDEopkUu4cT7DDeY+9P+8GeZwlbto4cwjMykp13W7nQpdKhOiuYP6r4aLSO7ZE2kcM5fPQRl5OUvcQLVB2VajRAZqsS+LkNBNXUSBOI6T8V3dttTGW3rvbPucHCxLJIHz80uP+KDNw3tGyPk+RYca64muVxVfPdwA3q461jCdnI56weUAACAASURBVF5d31qoZzNZQtADn5dkKwgjKE8jamAk/9ZyysrMeGpA6zi1yMFOh6JyLxMSoVlzammFwHuEWVzonFQlU0RXJyXic3TaF58WdmChHQOoBGT8rjkmf3xQF9bUSzHGY1gmhx/uMmaPnpQy1kD3lL2bfg5Vyk41IqUbHz56G7VeUC0YUpuBnUZTMsc5fSpz9njKGe9r6wQrH29sRd6aYlTarNAUvresTPXeovkAzKP+85k6H/nMRu9yqPw4X2AFOkJv33//8fLD61df0MWo0R8qXFMnIkRkwiMBTKv29tffnBp+thfr/Y2niWyXgNpGQxpGVakgXvsJmZcpYqydPZuTYjI2gytnBibXePLyp7998eXXyMkfwCeGsiaOMl8AK9LdzgYQUzVl8qXOsi82cfwrk9HqZeldrIVMgMWl+I0X+sxZshK3hANFYtQNd/Nu8cdganL3lTnhx3/Y04qD3NlBDdkiXkJCufLaMQcLRKgscOZIq+V2/GbwBAkMLka6A6nvmhJwZocK7jB2+iwg6E+oMSBxXRydbAoddSIrVHPpHtDLRzqu2KAg4PgdOQ3DOHAFICiUZ5KJQQ84QGuJakTFkKOfnzyA8/2IiVMICgw1MH5px9R54Q9AVyCO0AJRITGJQlfRHSizdAL/Kkyf4Ff3yBuGaQmGSwKXSFblUgSMF71SMlKrtf7piDna9+CtUsyXmdKxf5lYd7IMx+6U8W8mx2kWAYlWqwYhGU7COKytjI8+ycCPNekiUs2rGGTyiKd7jPf7N9+9/f6NUQGfcsMtQAZn2gZ+rBOcECIySSL8c2Lp4bkHTF/a63gZo5jrpt+9faPsMGlETTLo37SIoA4TQ3+P/jrLSLmZKpkQpyLT0mS/GuSyyo/1K4zzSqacoM06Zomd07JWUCDCFMfGWFmatereE4Pjbz1RaHZPNeI52AzY8IOHJF8Eelj9JJinobhjf7D610FyVjZCnIo3ofbZcG3hKwIM3OZhFBPKsZ9qByaV56Gu0ilwXJeQFcuCxkwXO2/gO55XMUDrokaszq7iM6aCSrw4dR1VB5DJZOAcgRLXtc7pNIyCfk3AULOyjljeDNy/fCP15J0g94lRXKPskHrMa7bywejecxlKxoACmMuUk6sLCFOm9fheZaMXrkn56sc/Q51HCIRcK/JlE+gRgDXsBrkBpMl2+VXvw8PVt99c3XiNqgzMFnLvb67fkbCZKcst7D/y7v7jq5/8tmlO9gikgNU4LXngO2riY9GNuEdKqlVA7uXFX9kZXKkllslynC40pHxnZVc5NBmRYa20nLaPk2ROpHJG2SLzq+kUL0Fvfzsf6mrJoCp1ulJstkHijfOptTCkkGAs7+kVSIkZYGCCgOJmHL3N4UnpdVqcMfpqoCg7C/Nat5aL1elDR2NIPSaS2U0H6nKQ50/sGJz1Uls1a9iRGNf3N7dXb97lOMtc8c6zMYkO1GXaC6mGmcQkF12ZdaqdfIEr2BenBK/9A5YpDD+CFiSSO3qUX3uZS00bXcv4spwgONhPqVz6i9BW7aC1Jpy0JE1u1Kq3qlJeBE5v2OtFOB5sj6vpK2GKgBYYprBpl7Wr6QQ+7b21MgojBO+6w+4kxsRgQ6UnJqzp8uw8Hs0+t7HO8Yj9plBl4CgjClM0tIxY9Nxf733NyH3x/PL8tIDU+gQuUeedDVgMqWlQGsuyzU/PP9kUQs5EfIu8sYxnZBPClm30vH+yXc/d4HF6pYJn3MEeTwg7RaonP8RnBiKy51yNiqXthu4mTsAI75As6SWa8g9WVrZIIAh223+mxWyVoEIUupdAa5bIwaA1Yo1EGrjEt3cdG4t9bgSC9CTW3qqiKKaPgEHKM3VaI9czqSDrkWLXj+rp+FNbHUUHBjIXksmKzFIXMIXAphwjWnxCKezieLYrHX5qqegzGfary6/QfX97++03f2mRvJ3XzLl7MN7U2Yebxv+8qgmmPbry9Jf/8p/9j7/85z9//XXgrQF40Mm8Ojs930A5iWRjRNrkm3hUP4uaXCCANiHP7NvlRNrx7MXF6y9/5/fQl2E9yvWwMvxQoHQTFzHHLtJkTBbzMZDxpZ+CewAOTcdzG4kUJ5ZJJAslofRxAHtHerow1kIpkJZ2K9y5Xk0ljcyl1Icm+ENkwkA8OWJCYTC0lVwz/EgMVkECkZ9XMT2WfCFtA97IgRtfGOSV0UVO83oQ2JIbiWSsrWAGBlNcdLPoII0bB1UNMnzIkoGHt5g3EIqjLNYPFsOjfCLsMK6SmGLq+c50JdmTaJccr8KIHb4DQRIAVzxtgIN2xCnBWCPIs4ra8B0JLmQ0EOWJrWQz5GAXpjraegeXIzjqKoHqZKZA/hV1VUvRiRh4DNYquQ8rkqgNRWECZZLEl6OYOhw56SGy+LnWq6PiIQhFvGCtB0KyK1lNioQzRcA/uobE16cXJpQZOCe6M7ksOby5eWd84Pu33FYV9p2poZQxuuR4zAyMecHClO/ywL2iQP/41APLZYYmDHT+XHe2ObQD9RQ0lQxS5KHMhz0okdaPTyf+xnrCoIAaoCr06bwSP5yPrZV+BJC0g3agiWraE9yXm5WZCTytP9x7U0wuv/t+z6awgKplmbRAmineX9d+QCZ8ckoWdRBbDffyIdhYQOoDQPHVzIxqG3waRuyQXCdZhqISxoFsGSlzj9epVmOfXcXHmsux0wUmkoVUjQoThTZFT7UIlaFDykyDhAYnjQUBmuwOmexeFhZrmbQ8JM8inshn4EcieMwvHzm+KxEU0lEJ/LgOdAdZ1GARRDSPqyyuhOHFaSs5JFfpExa8ZsWJ1WJcXW+SQoYwa9CvlUxBZZTvvLfn3dUf/s7vfvMXf372+en9w40ipPQgNn7+9O1333rnxXB9unnz7e311ckXP/vxz37MH+6u7cPy/cXt1bt333/rfYn2Vrv/ePX55F9/f/3vfPGlLSmsj5UHoTuOceIwzyPo4cZM16Zy8kV32xE+TvGUBS2QaaWpksNPFGY0EgFJJNg4IBWeGaMdaEK24IlWyiHb7k7Tn+sS+C76rkqhQVs47VOBDKTsOtKOkKQdba5iFpShFgn2cI9CDQJug+6Gf7ESDSLZs4YlkQVNLZlIny8ZlVG9p98KHIWfAlcPUPeKDxJxpTGTnL/mlwk0h0ZZp016W1jHXvV0ScBAlaaSxNQveelx4NL2aGhkpX1qsImYxj2TU+aGWc25Xlppaz2K0qMMCBx1mzN0P70sY2Go6lBEeJih68FScg8PgqbnF8MN+5H27iX9JsrFIwBvbm+9SEedfAP+7QWI3qmy1yUjRMASGe5u7g2zwSjvmYI849wbUBR4f3Mnw9LP8JAxJQYfDw2JyVOmgwQbDl1PnQXBsPEkM5FGWy0AZLyEudH0MoPnT2zH6FGqpFOu0AiWYIdLpk70WdSnTyw6ubb8MVkh1dI+hSmiHGtix7OuwAvJMu0bKm8Noh6AfssTPX9iskWTXnwDPha2crQaujJ4FyRSzy3UE7Lqryb9JQxJ0gJGeZOYiTkfHFGPwCmfLVhYoUFn0fxUJsjAeul0T/ywb/PyIq7Lt2WHGlmGxBN6PR/XpagtSLAK81yvrWB0+rTX3jSibbF9bxuM8jZXNxF/55Gc+krZUvkZDhrKKiJlVV7xlaOR8IIPmyKJzKdJCS+fub9TxdMlyKMKj5nf3F2/unilHGXmdWGkcCb+7O7qzZ/+4z86nsx+KXnP4Y5xsnRhwsIubmgJfBHbvYbvSCCvIYcN7tJFsE6ff/mLP3x+4TGlLFcRbOZauXNVUmfD6BkyA8s54qs40kW3CtGP7pnRE3Gm4t6RuCX+munHMjqB7uSniULCjPjcSZn8JTy7keCgH9Xk48wfD2qtLfGOnzQeTfsc6lfUxTUneAcZ++IGZZCFwAJ5POQJvKWKId+PcmFZuMN24x/jsYtjp4qqjkDE6SyO3pQS2rVrwTtMsMVLAKc5t+Al3xEX9lroZiSiA9r9d6A5NPcSWa50tRtJAcvtP5s0EpJ7zFTkpCqh1nN/LF11gqGxoxQl/KDRUCPlaCOTpVuJbs+vLFIV1yFTqG9QYogDsB0oxwJEju3RGEdRQVCJbrSWH0LNzxJJ3KYFsswAzQWReyW7WSRNkPus4SAv112Mr90b2Ia3sy0F96dM1iklLy7HhveH1v8xJadf1++7K4/xfm/hliZxKY0IJoDgNPigIgNJqCHlnl9oOEZv8PmptwvZ1OZCgtiyp661MFkpgq0TP8ED4f8IjYcI9re8YcfxrMihsxlXh67RtgLRXznKU/cA8HglWAOeUVZsFX2vd1wl/I4jDBtKaADP78H79Q2mv7eJ3ubT5AKK54EDmJSiikq4QsG9BQXdnA7d4EF5ESpnibsLG/qyIFcZlj+CjJNM1AByLW9UZrRxkqKNWKhSYxnVO06ErnW8P8XcWg1K8ON6DK9wpEbHzivnt/tF0AYYlAwTuo4qLICBBfmHy9lZ41C7IW5qHPeJCk1iRftILx7B+x9GgZINBj/wU9K4S05F7ad2IoZUydX3TfjEL7B0ge3XclgCFW9k4+nF9/fFnH/5F39+/fnkp7/z+2eXvSKPx3h/g/ZPT/0ba2Tb7/e56cL391c/+sXf/Gt/6+//6Ld+aghboLcAtlc8Xlpz9IUExsSmLTT+s//yP//jf/onZ+cXcNsuZNh4CJn0NVITHiYQykL7TWvNPzhWAKV9/K9/Rms5Eq3GY5btCv7jQNkgFTnNXE7RcyWFD5ErJ/7xj8LKIbWn7RroZGKxkCubs8Bsaq6jHyXo6Cc98r4hkx8YdyxRYFVTKUuqPPQMTItbAGiueKMFPVFBfpWUcRAmby4W95hCigfWd1bSAwrTWTYZt6lPTGvYjPliZJEH30UI6IjFT4sApl7T34853+xCiygEzwsm3vqf6Ab20Sxm3AtWiTj6E+kkX+KSq0RPxcmQEPLGruEu+SMrApoZLvQcdGkreGd+uJB3c3eLDOwAe6QvdmxIbqSzHTclVszm4vzMDq4yXUvLjGeD5UH4Ui5tf5EATIHkYQGwR/xvbr2Q9IYiyHwRr5l36jq1o7InkcsgrT5k4ERswWmB8eWriy+8ZOrykgRkjSg3I+6VpBLTWYjNcRppW0f7BABs09WpBZVQxOHSgtbEJA3sejSd++CsFhBuHrVJ0MReC1obyNjE56WUXId+acRrP7zDUiOYABP6OByliJ3sHqUPvOKpxHpN4tzaWSXMbrdxtJCa/AUbMBbN6vNpXG5uCcuRDXZV9ooubmFawawVUs+9fjVvajAMalLzZKPYY8ym8MDsGm7sXZxGFqmyLlOr52lQApAxUEciwP3aaRTGRxaRi2EfDDvzPnuOzTaHt7vG69dfX1y+9mCJtFMgCovCpNGM0sM/+4f/7fvbI0/73F5t7ZRUnwr7diYyzS1Cc1M9LYYwZ+dk7Q2X50ee+Jah0srLn/7O+Y9/RGJQINa1DBoypEUxKWbOE7SvPC1afLPnwqEKNTF+Y4e8GskzQdy2P9isNlhuR026qGDpYFOoudFEpKjjxNLtFqSG07EnW3umPlKghR7hSmYDbvvrm/ja152AnCTe5KpShPoKf+YSHBj8JMdwoX9QYgeu6kQUEGTQRwFOq+jYhifrkQaXoDmqYB8XlKDohRkniaHIKCB2aaAC1qdsPllVpaqJxY/yLo47Zj+5l/ONmgkcNbEXJ8tZYFEhSQZEBR+wkJUmiwPcX013IxjkIz1IBjKoA1tVp9EcltdWOWn7jTdA/O684dBhUEMcm4Dd4NoLkiqGIv8rQUFFT34pFXt1OTIdGvS/CC6ql18GCwPDSj0N9xy1UmpH8Ogf92s0T53CYP8DpXNhlsHC/htvDLhrT+w3339/c2WrqhbHbPLZf2EGv2hjp/kxmDi1MqSBQwmiLOLFC/uBWXvY0kN9Ww7UsynCqe9jg5QkmjxyjfQY311JOmSxk+S0QkjPbrqR6Ppx5AKV73LRJIIygWAcsBJHllaFMDjtYLIuqRT9tFv8V7tgVr1x00YKbi0+fOuFgoIO9jKwUUQRtYpBcXVWQDMzK34GrzvkUenQxtwjTxln9UKOvFjhLHlruB0XrvOeqGxERz0s0Dip7EO+mfM+wXq8TFgdu5AQR2Vm0QwjMzsocSfK2ASqIkFr0aYSE1WBJrqILrk5wgY8TGh6CTzL0oS0+EeKT4WNBcORjbIcN/eY6qRT9d+Id3IA+NBSoEegiNGViNQqNCHVDK8NaDNnK64SzZTeIH91TBY1wtpslGERZvhHf/xP/r3/5T/4Kun9GUleecC+dY1nHjp5Z0+70+d31+/E7K9+/ge9p/bZye2n8/deV+AZ0M/takECtlm6e//2+3fXP/n6Z/+7/+T/+PrLr/7gD34PDrbqXVksg0AnsATTb8LJdRGUdILBAQ5CS/sK4tGdo9KNIhqhAkudEA12mRTBuMjm4imlEFkhOlkuszHh7J7B0IbekkvbUKeJokaRhG5rv/Vfn7VxY5PT2/dOq4kgoBobtiLGxHcWkmuB569bdYcbTiugQMo+PK24VCxKADVj0gMxhtJVbxqA5SA9WpMGPvYnldggVlBL+mzs7Gl/7b23SNdMWr3OchOGmMXZk55oAZmYEy2xJjGtr8QSjk/GeAhJk8wPVdEJBqHyGVU0FldFPjHXDX9Iyz5ASjT5QLE95VTOHIx8oiuqGi+UilUNmlPvI1EqCl16omNAowzcGXu22QJwApk92nM7maLdGa1ZXEeO/lTR+dWtLPwZITnxqEK7/7ed9TNjScbkWjHUrOnZiYe7EeOQFokLKBKzEjsnUp/UHz7lWKcvTLrq67xAjLE1D8qcnr67uqZ1CWKUEN3nzwa57ANB1Kro7QStRFPb1pa02MmVLNo78/yHDpbcNAuQ+9M0jo5Ixq7EO0JheNSKL/MYqOLlpEWKnD0rpzWjfdY+0uP5GdMkluLTIoyASRSEyXSYbysntALtpH0EtSxRugzg8zOsQk0Rtr++hfHhri11lU8bbYt95wnn5JGaBN1nlkmake2FhErbebEt8s+JwoTWR69yAbP2S77IJHFvhqEtDDHhINXLrec1yNU1SevN1Jhibvxmpg6pmoa0dVRPQLm9LzIQiMFyy4u8F/r+4aNXymgVJK///B/9o7fffKOVhNAF0/Nilj4D8RSXeRhjLgfKO7Uj8stcWrrqWce9P54d0wLJnb7+yvBhNdxn3jviv7J3vLK3I2nMaPFZ6pi9pY7spzQn46eEgFWdVAVGV8sJ+Ckoqe5wmyMhKPLMhwprW0JJugqXHwUNYblL6q09z+UFNGV7QH4fWT7uA15IbjBbvRzIv0e3kqjmfwdlaNk0xLAS/9EAFgRjxoXwwRCISM/3sdevsyzBnYJg7E9WalTVccHkYNyFfD8KoPCvAfvGkyMuuFGLKhpLUAkyQhLyitBmray/AS8aLRHqCTsFipBSJRMCmVmcyrKK6NE+wu1e1DNq5DXyYiisRbncirTqFKDLT9GreeYoqwWJRsp2AbtFyxqE6CvHOIJT/JLpeErvhTUcBUDhAEMeITomMHdj8sEoTSvvL/lE30woScYtcSt/4AFE2ueUqMH20Onqjm4AExDQgAMRBq/LtCXIrVUshtzflR1eudUOoqVQjZETd3aSoCZuCIo+8s0SzkW+pzp8lxe9T+/xdcsNHpY8Nvyk9DSSrDA21LWAxycqajzdO9wAcTHZZ3T6H+Mp3/+01c1q+SWW0TW5ZUZd/c2fWolVsWr6LLoIjT6Ct53AvTfl7urtm2+///a7Vg1kfhGoyrCFN96npcUDokHJ2vxG96OaVez+pJOekl+3Qt4Z8ZWWNii2XYNlqEsWG2YSc2HLlMM7C1clw5lOEzXFxnUXsO6GQJ/7lt53deJgZ3Oc6He7TyBXyWkhJVtZdJux1FnMVZhWsSM4vyksGLtVl4L6KLqGYHpULEqST/zhcowm5Kw9+gtpFUEV+RxFa1Ta4ESlyYVFFnEiT6c8po+GHR18VnfFegeCpCciM8j462+//7//0X998dOf//jnv3j9pYj7hcSk6Pnp87dvvn948lyP/+Lrn7eeH61SHS9OsxTPJre394rVGGrdPn6WWcp2bAL8n/yn/+d/8ct/Jegze/MvM6ypazTFVTou9NQKLHOcDbqOy3jAN61rd9MVXgSVPYLDsDubLSiFzURRS+O9eW2wTHNJC6KlYpWAOU1amK/RCzi2WzkV5aC2EHjX65sn38J+6g0L4DjSoj+eEqBgJ4+hC6QmYTrIobSunz0Om86KM4WUCktY5g+yQKnM+x4+oOOoyDZAEV5XfQqdpAwd2eqFf4vBxEs+aE1rQeuVdq65nrp7xtFOd9rKw1AyuYN2gRCNjova4chIqpXQMYPq7HYtQgQ4HMtAK9hYGvGMF6Xr7rtd5VkfeRlsstBtfY7xrIxZ/cbmLOCTBD6xjmZPvGccTSg/yBEkZlK6ZzrLCxW2qjZIlsZJSSLIhzy/olOJ4Z6CUvWDrVOzsXpST3W2t3pdF8trejfb3PifwUXrYjVa6jOCcx3mQkceVfryxOIerOHAheZkSm2JPXZZNLXNXLRWRm7jj1wIrIZdt7yXRsar7wmNoJKW4My8hWdbSSjHx7g7mgQrz4TgkUKom0W56FDylDaXtiTsMDR4zChEysbVsqsaPDcs1qMFlkX+apIv4q0x1JQb95Obkl55/15omFIFLZwqnSB1WtqDsJnnJQMILgNgyfCVC9Y75TpWCpIzpluh9OyJQcZaLrAqnA8V1jMWx7kpcF3JeoyusWob2RRi/CrRHHxDvh+vrz3T9nBrNOTW/oby+ftoGw3sCaH//L//J7/6sz8jQqxxnu9urq/ubvPuJ8/OLiwAPdXALrEo5tVEYixdAS9YoYPnSd8Xnp4//9Hv/g3JfUN5I3PlDsdMU+SZq6lBvIsEZDQf2PWMGrfJJn47cqGIzYIJVEjNUUDpEwmDCGSXlwJOq5MKASkxeBOSQlMJhH3cwj/x+hSr1wKmbmY73ehtLihw2yyQZ6LE1Azf66OkFqblB/EE2kHsGgykuQxhvJLxQl+qiUx6H9N1gHNtX4dIR17lDwahSM5JglsvZSoAlJm5oRbLdj5zGO7EiiPAhYsip7NEM4gOAet3KXKuWbKOqOkWK4/YhCm+k6CLpb7Km2OkQ9wiq7Ss0vtxlxQflT34i2zxhZzjC+p+wwbfSIIicrqfw0ec09ETuoZv9KQ4R5M77o2+DLvwlNYrriazw+HhKypmNDO06kc9Hpde/mA5BZ1xEQGVPETXBIXI0AXjAdbheUrr2sN1V1cGuEiM8+q2SmM4iRUkbAfTkZwpLFuI2GIZ6xCITZOce1uKcXg9Mr3D5gLkhxWofTk+S73TT4BQk2AmKee4mhZmwpPYiv3mSK1J1f/E7GxwAMihBnQXBjoRuZ8/9W9VAS5RqB/MqevnmZWM6+u3b777Tusg8CpY6ha4AY6uBE+uB/DDkZJ6RhcdqSBm2EhMZY2rr0S1s4rDJpC9hLAWv8yHIksBiqTF6GQ0CBMIBzoIj/ikDvT8YLomKKwlr+xCxdSSz9K1j/MK768SQuwBhCVHbH9ML4/OWCoeB0do4XvCcPdkhfuGMs8I7mOgCrkTVBwiUF/XS7QMqdLTKuYrhA1M4lEDprqI74whix8w5OWWwW6xapKrC552yNm2FJbE8uywP3v+q1/96o//9E9/8nt/+PVf++uvX13+5OsvTPt40uTXv/6m8Zpnz7/+8c+Z4vu9+ce2LW2wZt25lNBQAdqtSkSvRjRJevry8//2f/+f/pP//o+Zq6ws+WqTZWZISHoLYCQVRTn1JGRgqYCYbfjRuEVbH/zylwNLFoHhxkOaYmZSFI/LYuE0Q1MYb6i/4erDtZlmLgYQS4iIIl0moTaZklFOaBzDXn0QTPLF0cxRxcYGjOfPcqP+0KUC5Eqfgvap/WueWRbWjHUENgW2NgDLGhubBSITODxomxepj4HdmVY6JULX9RnN9KUjY4qTz2STd9Aln0eUFlNjxzx5PgGWBCSU/rL70lkNnFwyE5iNpOKOG+Lyo39dyVF6FFR70QHK46ecJrDozZDx31aRicoJObj2o69f//W/9ruiGXuT+eUDiCoJbgqQauSKMC6L8g6V1mIyKIZepgeAyGUl4nsJSsm9xTcOzIygSjiVLNoMC0QrLxXLPYxYGmxvcxdt1RNmyPCEUKOMsHt41kUivLu+yQvEoL11z9wNiYij3rMS6So/fWqVJPQyl5JRWY6gz2PC6DH+HlghBErXMOPadHGqF3jYmZdMenrGWnDLOcrsJEky/hQrFhsspwNprfSecaKNRvgE48vC+H/eEd/SVFaRujd4DC7hKUPMqZZ41+hkXRTa6qRbmTTKIWlEk8XxD73gZSTyNpxlBVvNST90sQGIqgSUZM2VU0ZWwhC0GlQDU6smnurznVhP0hzxfG5NpFaysKbpDW2E5SxZEzGCqXgfUYlRZVPhNKkqKmz6iNRrCoQICpK6M10PwVH+L//4T/7if/gftAUKhODJU88J/cWvv22l+s2NfsRH0iO+zT8FeY0rxAwbwHpIn3PUAtfz5+dffHXx1Y9JA1vkMHJIog5hQVL4i+g4RzNklYz8QiuDST/FaoVI7+gesqJ1+RIA/O7GcggWwRNpsALtNsNUINj5S7KJlsSsvH9dKTyHJmKwLPllXn7rgGVWxbxCdXAg6maM21q14gc2t8reGVsEpZFJ/AfuwtCVg2LwYg+hEFI8yPIL5ERBUXGyqlDpzmEWtZ7uRimsjwzG9lhIRGOn7oMDsvZVzf5HNBaSVB9F3V8+U+EEV9Llt+w2Kp3wggxxtoU3LpHdkXx343nEkNBOC9bKJPvoKAIU+CIFT2FMOP77rpkPZ1Ac9XdQpXL+CPZRzgkWEhGayH8yLsHrOCajfeIORL/OMxp/L8lrFgAAIABJREFUxAYIjgd9JcsxnSlXW7SaI3hAjiBKhT4x4jfbizSNpU7UrZ1vr95e8Vv9YO0HDyiELz0M535HamlfcanxQQe9A8oczeXLV6cnF7ZU8JCXPnrZYemhFIMJH3SRzAjAHfEMeyKpFRl/aO7OcatLIU2vPpPYVIvuCsZ9qk0U8bEi4ynenRcq2MMkRGw1SA2V9COINi9kaxSvi/FEzhtvlW1bwAGBE3QQfNLhsBxGFqLuDgHist10MlJHqxP3e6avavOvbHWfmqVjvqKAvV5m6o/EiA3fSM/44IU7gphGCBnslHa4fN+xqELC3Z0DgqvpP0XR884e5QHOcPDubvPOkLuk5IFQVdColOI28NuhT34R/p2hpk84Bm5RJtq7EO60hpNA+Qxn+KZE12LqaDeYltgTifkSS2OZSkZVLfoHQ7t32s9W1uNEP/X5n/7pn/zxv/hnF7/z+xe/9btW9J/bLu70/Fd/9ZcnXpVWmCNh72K4fvHs/tQL59qAvlRrlu4xz/vv79/z49Pz81Kc+gFP/+P/w//p//Kf/98a8i84NnThBx9kRTK52FjxrzynjKzX/TUR1o1DAZFLmUd0cEKZWYskRwRaQNKWEAd/KcZhb1rr3xJHuQG/APkQqIu1hYnrkE3kSOZCwzl9JeUsyP8Uk62gpsto2PBN+1Ix9qKgKtrZ0BZdiZf5Fwkx6ndp1mMTF90a8pmE7wJo6aKi8cmWc5wHtsC3ZUtv3r27v7+j7DSb6X7KcmQIEu7GQaf9suP+Qpwj+aGXWa/YxwDKP/ysKSrUEtsEr5hg5nCVazdRN2FSxHE1MR4G7iDpBISO1Fi39MlPPa30s5/NHDHScCSptR9S3IzuLCODJMZpvq3DKi9rlDFP/Y1IR5aA13StZCKz1VpYI0h+JhClky+e39420EiJDXXlKk0gmhF2wLTTX5/aWB8rWhKTDW7Eg/J34FOhlJEs5RakJO2E9njU9+Jlb7JHfxqcU9fDfNDsCa49cJ0JtZk5q+ul58uZpHBSHDIuPwJq8FuoK/vDpD1+wJPN1k42ZswmiggF69wwTfkQ8m7J3V1oe2sjZvptLjIoEdTYp3rgIOzk3CLjBr8bjKRyuzI9P3VgjFWwZVKEcxhBi9tr+hltY6KsoCGe1BlOUVrv6PAI9ib2GU5PYBL6eC7WuJvHqH3E0FwwM6vVx3H+k9WjjTJ6nMgc9qmnwuwxdNIOvX5aVai18sr3FiIzImX/7J/903/xj//femr0TLCzfpw/+9Nffff/+ef/8ld/9Vff/eovr66+J1aBxJS3sETambeX6JAfy2okCxGBI8qXP/4t6RZQ7LY8PxU++osrISBtF0BZtFE1xrJ8Dt7jHt0tAyTypJejsZauBTbnOdxgEZglxwqp7JFuJRh7EJK0j7uBhKKBiTEo+BwGMqALNpw2G3BjS7StnoAmt4kpfGYdTnyJmlXLriMNN+V7IXDZLy8ufJQLup9I03ChfpVHARCAj0iHQAROeT8FqCr4pNfjkATVA2jnE/UjFaAmzFw42VQLmm4e5ZN+TOziYGQyeV+eHO06I/lpHa/k0gBYYw9igKw5G+cOidD1IloVJxSYwznqHQ4obyzga+xaWx9P/mKEnxZ+mqEXMosvhQzVtIaowkHQOprokoAhgNiYTOjFxlbLXxVLMXXDEiB0j14Qc4knptQLXIJiZr41CgEkLFSgqaCk0z5HL7wknuqMM0V6Xs+Ty2aW69QKK9oWDbMMSpMQbzDVGgUKK8saDDlYLNzxydOTi7OLly995XCWHnrphkYkGZooeeR89BMLULhGwr7xE8woJ5YEgn40F/qSU6izL7yRz66sHuLHxZg5KgaiIkN03CeyDjhQMuEQjUvVfWw+qexQz/fGI65vvv3Wsym0H11xWnvkh4lMyo90RZzPIe/hD+MyvYhPoZHIqlWT9R5XNmjOjTnF+sxE2mwq8CiKNIlpU20AqJWBp9IgQ+SQfA41Zjazv/neD8KojE8V1NgkXYACmzyZUs1cRxD0yBGQ7kCtkorxu7uqH3BYrSaP2rRQ5fkNi7SstfDE+7K4FBbK/qbQsIPTz6N4KhNZblcQUjpUy+COcQtpSjnEoRYm/tTCO82iDrx31LJEpmhNaK+40r4R0pBd370/efbwj/7ov/niRz/+3X/nf/H1L37vL/7kn/zlX/z5r37950L2nR78kw9nn6WGTKX9jb05hcu03npPob3/9OHb6ys22bDHh88313evz15z///qv/p//Y+//Iv/6D/6D3/xi7/WqAIR1YPN24RFRBcCMp/MSZzU1Y3SRqAS+LSYzvnuGuNoraufx/HHWsFMoxcSt4kgIHBoRbV26tdDhySxtmbLGCHIkIezxKLWPAKQkcpsD9dLvWpalEKRoSPb5z3U74ImLVOBwMROW94IeqQtLAgKlFGWQZdQFvMXXWPN3rNUhgKPuwKBmQ2tiRlUW9vGJ7X9khIweoGhzWFEzNLWrDnQffgUM9lMaX4rgMxamaEzg6k2WykZBwO6pjlj3Ax5Q8iFzVJwkasgnTDLTlagvngDkwgcpwwLPYlFBe6iO5o0yirL8oFltb/989+yYf9slIx1Obw6xeOrJnzpqNAp4dXL0KSShCpsz0W5hOiALjtdW4boVD4Hvyed+Ka1OIykjVvOFGMPH1TIxoNft0F4ac2EyaBjEjJ7Yw2J1xNXYqqKfMXAXp7+tKd9dVKhc8AUdvFBFUNRWJcTNd533QPRxibPL6pLzam1NqI0Vo4ILJVJVQnQqSwd5Wy5/QKt68zM8Njyu1wqC/bKlkuyExDEasRHJHvWsX00pTI2PrBkt3lzVrGBYc91Ce00RxUNmQkP1gtaqzM33xJGz8CeeFpFCkUe1FbXXATQVhgEZ/xsSUSZAnv1X67GSsDboB7R7gEarxJ8GIdMkPU385BsX3w+/UTyHgTpTTCY/ej5aUbAMPJJXBRyoJ1pkXrNPOg0hEeD5ooYRDx9ftZIZw/2u//cSgPtHQP4s1/9ZZtBJ9X1EODYqWbjys6LrtoW5/LL0/MvTjwrQ+le0ZgcS+8QuEUHHIvtrr/kxXxffiVaxCOV8ay5In5YcKfYzjoKyLmkq4sRPT5SIFGisod4BsCFruHXv0y+WDG/RyoQblez5n9nFa+NJUD6Vb68c62DpkUJJ+sHQq+NcgclFSj+HfPXecfEC+Rq7i6m0yTUeTajJHCrUQsy2EcBq6MTvqh6NUSPKtTAAUNjCuoXKJDmG++lLLJc6KwMvcdDAaR7zmo7xjc4hRwCwCmp0ZdPfEeh6Fcm2pXAuVS55IgDgl+gI5EBB8dw/iYuBMUYtbRdSKhVcg8oEEhzgj5AwYPxuuJ1rpQ51uSUwkWoHBLDbsBA5nGR9t0GpSvlB4fKsLQUmCQYYe1ClhrZfU1LkdkYhzoxcIALKRDKFSNjOoH8/5mZUyGLMhtDgMSqyuQR70KxO8dZ+u449wAtMFBEbxbVp4C6BPG6VRbexZk7N928x0cxmetNzoBQed5W7tDKaOHJGiRJ4eXFq96nt95u7m3ssDUjFZ0sEsOBPEJiJ1M4jHOCcNUpDGR4uMi4j2jEKpiGR7BSP2SKqArIbqmVo/QVuR2FJkk4Tna1VY3eaXbkJq2NwWJT6t6qd3dj8U3WT4EpNJQ7J54A5Logarxy+3SzGKSU/5CxpHD4Kh51mRXzSIMHh5bqykLrK1t2d6GwBlrhsB6kq14Mc6KyywkNlD7Zx5r/RNLVVI2zznxCr9KEpG7Mo7XryR5TE0VXXCqVcR1QJ/ny/5ep//6xbdsOO7/KueqEe85NLzMnUaQkSm635ATD8H9owIBhGGrbgI3+xQFum2jIoiRSIsXMFh/J98iX7rv5xMrRn+9Y+5LedU7V2mvNOebIc8wxw4rKwKG6AeYMjSBSgO/DoF0ly5CITYGN2GhGZ6oMuRUu0efb0ngaXWPMrB+zNrqy1vzVkxukWkA+Gp6WxSE+2ssdz16DcHh4vD4vLDbDcydRweQf1i0pJOA//r3fffS1b37t1//Z1/7xP/n8hz/4qz/83S9ffPz45FgXJE9w/SA/eH9hxYD37G3aQLolDQnTtyaIbm4fPT6RdeS3SnJvbprAOzo6/uTTz//1f/N//vV//I/+q3/+Tx6dHOesjXEnlKlTmqgq1g1/cTrXiG3JaUdX0KAVIZZzJUBnu9wUj8y78ZAlobIQ55Ik7b/GDhKsjZKj4BSEUaqR6yIOAUSr70lMOJv7jEOiB+aNd7xpmoOxLXfkLQnL0d81li92n7zcUUwvR80ancxItTq9DKOq7mN4ekAlAKS56TVgI0uXuJbCdoBL+kVpiPL+3krl16evcDmOELVGRy3y9zCqC1Cv6BpjYhc9R2TZTTt5hd3ghlRPB1Ur8nwJGRY1rUdcapVmKem/q0QwttlFxlFRTKJLBvm51z6QijeyRF//2odv3vbmDMbf0vOCebjerV21MWVv3wDXYsTg8gZE1zzuvbF5YVYanJVpWmv1YnVOvJqb9R8im0QC3wtvXRI27MycrIbjFNvR7W3Zx5MdmPAVTXpjeNpejGEbg8gGj6h1YTwVwvbW2AmLb70rHLsQpiRYdXYDs1sdnmIlKzXPyZoypn5G9TisRh0wGSDTDOft7cHeoZgsDumKhfa995zGOtm793ZMB98mVutxSxd1AG9SGAJGQ6c0wY4SdOR1UhihlHdMfpYG2nrUEJiGgKRx/1ayKeAwohB3iXUTYXDAzMcXNNADnpCckSHbgHBULpPgYlnvuSYR8BFFMnKUaFMVL2+KYbAZf3bkJmO3S8teC2B7oBA3Q2j2+mApBXezXmvcK43j54pRveOzjhz66SG835zZM5QkJiZNLtjFT1jD8c7h0T/95V98/9kzGeV951Ba4ZxO6DhaHpAH1UYhsyixIImKUNntgxNHeyyE1xfqK0gK6oqHdoi5U4/gO8XNx/rrcaYe1OAWQmVI0KznDtsEVV/kcdfdzmYSUIWbcHdJqmMM01IP1LESo9Eg1SoizIvlZ9IflTUGWnYg6MnYAQ44ngz8CgSxyAS2BONKQ9ldj0Ix6rrfzdpYiMDoqoApVGIdCUqx0HWxUAEU9aDSSycfOcONWlwVBFHZxtXhBTOOlLXmeFJPjmXgjb8ADD6ZfY5pkZESxbMlfKs9GEAC1EElTQq5Fga5CwOAG19Mf1ohNBuelcSNUmAbcfv0IMw1mkt1RWRhGDcGVsSteFFbWF/MG+pVAYIe9SUqGhiHqf99xhPF1BXGQFnsChwq8rjDJ2JNYys0qgOMYnEXhhlaAEJ6yCW3+SjNCLJZH4578KkE2Q6ryG3L5LIXp2gR33XgUh3ja/AhFapYyoOO0kr5/2Js1qsH3z04ODa7bOeya/N9jazreUswCiyiToQSTiGo3fQbGn+vSXPTr1Ac7kTHUBKB7mve14U019ABpV89dtvTKdjVCm6MGZBLuw1KjHVZrqFsf6LRYO+29KF9rR0kYHQLQF0tIeEX2MwP7HSgJwv0nMbyLSS6qkBYocx1ajOC1HwpkGyf41pct0l798JkbodusuxfZKbsEB6e+QK2UC1KIsUHatzOon+rFlMjHqcOPr7SmmF0ZIdFv0f2lakjnee1VhicMiYPRpXbhoyOIsnNmqayE3yaZmEU9Gl/PEWwOdkUo+hwmIxjyWI+SlZ8YZC2Kt9z2gVbTd5eeTFr3t+K9quHMy5B9EnR7u6u6M6TJ+/o6Q4Or+0+4TIEkTYtOwwRbN772im7V5d/+G9/+9Gz59sffusbv/kvvvGL/+ivf+//cyJ+2tqlu7h04Tzbq/YE7B7uXXtjw6tzDX/aay12Hj9+brmsGbu9wx3jBIlua4qMiXY3d//T7//hn/7xn/3qr/zSP/nNX3v+/BnS+om5cSppagI5oh3KMdE/54Sq9U7oUC6esDtyQE7cGQUZHnu/CwFbv8VZjZrUBTHG3tqRF4ov7WzFTbriCZaT9pQBFPsIkhEuMVD8Bwl21Al8ZrlIQR0/cIhXd9dFZQGhXX4TSb0Bt3AneZcDWs011yjQM9APlwRpC+2sJuwsYnWRFoaqD0SvCRZbpC5KC7kQkX6Msrnisiztoj7Dp6BjBT49XKsxsQUsmxLluMUy9/pgXylcPXclKYkaPhnWRL0uUqjF+lIvqMTNWN4DxEBw8Qio3dx4/vy958/eOzv9CHWDdPGUKkxmRmoPZ6fncDa+fbgWUgjpAspFyHExBLVIlJIuDqAlfeXRt9iy8AwajVmunZtthHAvELEcAiINpxxubgiEwDTkzrSKdGMLHPF+48ECbVgfHB1gDTSSjy33Aq3ZcWUOlAI7ckUZBSbolPHrTS1YiyNyjSLsaG/U13w3EbMawHkZjEoM8xI/RQwrnKUuwcf9WBIApauLs5QBrzuBRe7QJJBARzQze1Tjn9W6wnXhY1oo8x7aGi5H0nEeeIwDODqEGnRYGsihjsTqrIRdpNGGbiJsxHfrbd1ZBVbEybqUElkkD1mQbVaB8yBjfaQ+r/aQAEoQCtEQOAmmio/5paE5sHI7+qf8nuJ+4ZkvtVLHPb2qX/wMbZvXySwetsMm05ySAKmXQ/Zr6GHDpJJPwCYtpUS9nVzt1sMvfev9x9Y87+9ZKrpnh7VjBZnKLDtMVezaKQ5eNCuch+j1/afvURoGpx2cjKn96eNOVpWD61tfoZOVRorqGMRYaGzf3WbtqO8znbhLgUqjiILObroDSHaSLbrIILQrcEkxGIGSagSH3bmaUv5SzNnwN23VBg6EYzkv6h1qy4/VaIVjhS/YP6VSs5xOZsVXQCFqEgwFy2WpScJa1M486mpIGNwyYrdppL+VADweTOA+NIVQmjCQ8VYIGYpaUXiJB6u4kls3I2lCuvSyR241XI2enPc4QgxbQvD0oP7MXYUQQKvz+YZSligMj7W3uPMhxZNhAACIw80xH0jjSurNBqb7VihScu6AT3dgnM7XFADFjhJ4415b3ZawcrCB5AZDNDUgz0F3qE3Ve5KPjzdTuiI99TAc1Ft1QKk3+G7SkFG4kEnWw8EwqEYfTRM0P9BNpTQ964ZTbf9fv35NhxQmVEouiMKf0KNQY3FqxBQACiB0ZMaQ7G7OtZno0MhPn9sGwRav8TyN1uJO/0IgLKimthEzmCXwsEmec6evqwr4RzDL3QXfoWYBBYqqIViJ6F8Rubrhz4obkPYMGTlPnsxyfkmbyWJ5T4d3bLx5+eL+iudihwQUpKm5wA0c/cPk4PXP1RAzeLuG4ygfbEcJYlmoh1MC63me0Jgy11EfjL2e1zEGbvR1GEFtImvUI6KyXgy3354lzDeyj9xClNWN7NujlILx95nf6aWq6g/AyAji8tFE/4r5uhswWj4WXg3yLTNsjUM9SyP7bkIuD6FtkUA417C64fsVx2CfZnqSsfewj6ZIPV602q1tiV6mYNuIPnSmj2Nc5UbxjMUNMo4hUSS0sbZv2HF4cHJi1/LRIx3tdD7nl9en13ef/Pinv/3f/l+/+OiH4v2Ltc2f+xf/6m8+/uizj39qlujsQhJFt2fBkde9YlfvaH55efnR29f2e+4dndSNd4bzvaMtyIMij1OF98bZxdXv/v4f/m/+t/+H/+b/+H/5y//hu+dvL9ASwyK0USE8acrwm5G2hgyFnidNJLOgNhc2CDYKQHa3VFj8VLxyuPGehvJGm85YScijX8jNXnK0GhTQzzSe6jqQqkMxcbJDmsNIm19LMs2bZWlQyzckeGzKbcllgAyJfKtobNHUwtf0lrpTAKXztFxWShilrV28LRaftoCJAE3UvSR4zduTYA9oWytEAHDrPjUhcsmaAqRQZv+47J5/nIOWNNprFrOE9u4EK3+EsDhXQgmy+pVW4FE1bCiMgPpwONoXk49J44K1O3eae136yHgBrhLbm++/90x/LubQPY8zia2h2ps5uK4WFkFSFb/oOu7hqqdYYnEa4kw4Yl0rQloUkf82wMM53Df9gOUHB3uB2JJd64we8RxCrDsEWHlJLPEERhaQ9xKUjIkvkFEjAHprIhsv0JvQttYt6lGY9Un2eZuVYqqScADjHn53LIsldAbhCaYTHIf/G5TtRpqcEmoaiR6RLbKoulwX5kx3a5Dz0Ep7G+q1xAN4ZV+q4lNExK/POof0mJlrncv0NFUoJRL3UvXlkGEaFVNG8emQOo1eRm1mMWWLh7EAhhRKVEs/p8820d+LIYcvDXGIHtvxp43dANx36o2A1OuY2/KPGvgADgApLHNi5ezTHJ041njuOt33pRCWHtIRHqfIsExrXGgnihzlXe9MkTBOsBbpStvsdoA/YhOF5bklHAMYSil12nxysPvtD97zAps0B2+Q1F6xguZ8pdbnXEbVsco/zgK+G5aOPnqEUK0krzG9aAzJivUE4+i57znOrKVbI5ExZlgQfQ+rnn0MNL/zyLlU1McDIIrJRw6FW0HztV4FE3NwKja0XQQWYzN/rFWzor5OsQStFc8rUeVQn1Gb+5IMAdHoIq2owa6AYG4VPWe545TG+ZR94IRTs4KIPAIqohpChDQfBOYFjEHcK6SdCDuMYVZzSMj9pg0rIvNdCtSmVtPO/MfQHbGYxZQDSB8iDQhfU6XhWUiotnAmoYwCsxjMDNc+pYF91yf6XbzDpeVi/BuA/uoEVo4UL0sB0jQ8hwC2gBPe/oMf8dBbMbanMdbXpemKTecemZXzA6Xpp3EX1tCCBnZHtaHLrOELW//x1A98YBZZBR2JoU/qkccMqWjnEL1ZkqomL6W5EHfnJ16G4aI/pTPTTO+oNNz3aLLjsoj598y2mpmwOg2wTSvnUPOmRYH2B8wRxHYuO0bBtmWTyzr4koflDls0HRe1qL6L/sA4WYVGcPvpcp67iMfKQHohrWGegvNtgVGlpX7sqPJ8+juAEntasGA9t6jORL3Fh41oZQ8v726c6uO1ei8vT71bkzdfYRBMLQ6D4ljKmUbGiPIrlYutcXTQ9nUUMBVIssoMUWNzU0lZPFa7xklDzbrqNDNSwztNWUQ5teklVR4FIl3CTSPnJ8lFn7aUmFJDdmDEeVlej4dnoNMzxUvcAJeNRxr5KdTDzMgFvRsGB3y1asqgl1NlDbzrOMylsVGyhf1+L+gvXELI6Kh2NKMt5JSASEQLT2ILPLzo4O7sxRd7BydUpE1C52d6Xb2BY4r1cjS8iIiPaT37pvhQjyxXdbB992jv5uJKjqEkA3la8f6T7//d/+1f/+9/9tf/8a/+5m+99/6HO9/4td/+g//wv/6v/+XTp+86JJGWXlgocXlve6XD67774s3dzvH7737DKe6tqtUT5OiF7nI82/edhbzp7GQLkSyd0Kv9zfd+8Nd//bePjg6B/43f+LXn7z7TJ+AzjqJLJ08J5utoOekOMyPS0KuRNBfiOdGTeEaE7zijH9cuviaJ5aL4EN/tQs3DDqRxBrE4lUuxEps8xK1e2y1MzuUu/i4dKhfomznlHIND4DjS3hxRPwmkmwqRMszIQ16fsLKUQjN3RwvyMgrp/psrTIWMIDuOWWPKYlkcM9ARJDEey/LIgqgYPFaQZKUok8xKFPfeW8B1uv4Lvyz2wgrQGGDN4AXHOp9FHXFeoyndbhkXGcpUppF8PkCZDCKelzotCJhcoDA4M2jFHuLyoSjnf06Ojr7+wQcYDEb+CljxS4mc3ImNCWnpzb0TuUjUkBE+oM7kMn45Kw9r4m+yY3/FUXW1bU4yB+09bDju1cadVrN+dXYmajY8FgthztnduZucaAyWUavL2Xrz5s3ubtdwK7jArs3egyKAUkjE4tBmh/ORi36IPFrW56mNz6Tg4O7ehtd6RNRJVEEHdDwRr/Bjl5cXdY2UosRCb17RsgG8yDLUsQBXWiIpiUicwpE7r2AmC8VoEyXh6We6YGZ+C4hb+QAQiS/OS0l10WeGKcWkDZ2q6AygwtYiVgsom3pKwdoo5nTDrZ3OiPAGdWmw3NsMj0kOpiTRgSn1tkwD7hK1AOExUC6UchqRCSkQqK8xFeoury/QVOm2fJGnFWDUEh/giR1GfPVcBlyRe3+ve/LTqsDNm919r4fJAPm7enByMbSKMWPFKe6mI5oQ6xZuUCqqr/NXhdf+xvNnjw4PjUNGJcTBfGg+rqBansn0AIJyKnUyo/YArR89ebdljllYWPIbHqnrRnUhob2039NsUNv9Tt3TXBXdnbpuo3tczlf9Husaw1VVecXqWfCRWmIE3IOX288IlWG5fueFpsOh3vULkEiaKyQAhBTMtEsx/EIQN7mYXkKvydZIYG+jrrER+MItokAqIg1/N6EzsbSOE8eirb7T7+lRhwGkOi7Oq3TAFf8X/3hcqSpH/fiBUZPAD6oLzQtnktjCMiYZp2N1yKANmDiDzECla767gRMEqTFIKp/ji/ApnjJ5gIymgDMPdT1DVo37MyXgFSuoDVZrksl52rMiaJzCJcD9DDeSaHX9DCYA9xlvVC14+e+TG07ycpmJrfIQVVljvlB6nTR84KSaf4isg5jkUyXDB1FFGiij5Z7VgQTARxEGN2DpxTRV/XmQQwjogB4lCH7M2VLWj9DJsJaKZ77+LYlxiM3cCm7pWUR/AkHhn53KGaAzsWUNOQhLl8sdFmnzyBCNBbUHmb//ma+136O0s7+cPa513bcFP5ex17e5OXh3K4gxcwWXJJcaMW91L164XOohnED6zEi27Slet+b4lLNTb0158dIb3hw1UgcePmSLZzmYfoAYVGN3o5CvWgc8GfgJw1pKGXnLFLEuuVqelC3oM7bLd0zxOC0QV1ihqrI3vKoxDjM4XfUBzHVfPWY4PmkR6kZre6QlSFVkSHaZembScMvEPFhJPfS++jaEZEfBr0tJIxX3VywqfuBCk2SD8FTWPV87y21qVExt5TM9tUHyIQvOKezKu9PLmte6hiGcu8Gg+8N3n5++evH25Wfqh8hMAAAgAElEQVTEizOdrXRpZaBV/zu8iCMoAGwTwc5+Gnl7LR9iQohueYPKuwC+3Xht7nJcPOrPXr76k3/7b/76T//ol3/zt77+M7/y/q/+y//23//+L339g1/91rdM/tiIuPWwKTr83e/9+NPb9W9882eO9k68iIUfZXvTTeoI9LiNHPTFSD462CMn7Q/W65+9eP3/+H/+9//23/3HX/uVX/iv/sVvfvDhe5hEl4IwbtfZc3FO0I08V2O6ZN4+gXx8R68lCj03PscvDS+ulT/MmlCJRzZYEkXaip0xLnDTS2Qao1+5Dnqsd1VELJhaeegpl+twmVFTv8gKGHHeBAphy7KZJRGSEujqiQF0lKPAZX2EJYDDhNGKUCo1GhQaiVDZOXknxxB8wcf4mkbMmi+ELZnBBSfoeBs2ddfqI4fVaUS0yRjyk5oxTBJMqHRrd2ppjUW9YUjqaZdio2H1STiRntaXtEyiJV7DKMbWtCf/hgpNT5Vs0AE3T54+fQr3MKSKHXLX0+lFY2PL1azZKfNY7wXfxSYbF8k2WVHHE6MaBwpGxKwxOvIwX69vTVy9jNUOFwqIP6CY7xBGh+2at42iSLZswckBsRqibXRDPdHwwfEBm8jS8P5+wyZoJK3JC3v7Ni6hqglJzCnCtCRgxDQaM4GgSETqsVgL7dgONKEIAbWOVFBt4weRHKRtpSM7g0a44qV2yhdZckNoiMfiIVGpxXTtSb4WBs1QiBl24DnLSHw5aSYLuilyQX5xm/APqnMfXyMNN7We5Eug6krEsnVZqs/TsqC+4jYeGYSKQGAzF6ikF0LhgAjpMaNTxLF8ekRBtTliauDciRJ9M2GNeHInL15dEOpL/ouwWgXoWMpcl1jfH5u3bRxwQC88hXRYnmJEuubSDZw6u7zAKj4OIkLBTtAaNZEG/9a7T/br70p/hKWfamRQTA3/0UVnGqWk0ZmlpYcHT56N+oz3S2FVQbsPaVJw1+le2peOA4XfQSSL4rv+0bpFRJAUAnvuNh7XuUwd3+t4uk6LlYcdmrK+9kokYcZHIEFiTH77ChAa5msoxQXFAhKcwu46sjyMqgGIWYkxm2Phsc6vwg1Fu65MzSxOjuK4BEYz/YZPvjEt0sDwHLnDxe6Fewh1tYCmSMDSWXTHDPbQoxIEfvkoW6sRQf/DYjDtT1jX4PIZnGJlTSg2dSMWQoZ/ecucALFOLJh3UsUd5ceYMIf7iYGLF1ex2RoNR5HWUbjUXUSZQ66z9qcy+S6ohj7ODva8RD6Qaod47Yzzr9JwzW/kLewK/ZiXXGkyKjwK5rAzuAM7BMglIhdBVEpzabjX3OLj5GzqfbS2Qib+hdTc8AthyReQOrO67sHToTbiF6m15jxWP+lusq4uq5heQeJjpknYiEPuZQ69zqwJD+NwIeLiWlkr64PN8DKpZYfklUzDpZ/wi2txK9xGWmGqYMWnrEfuD/5deQqfvs5tvFyBGz4FITmBGrt9TcUBLEYTkPn4azzKlcgg2gnx+tWL63P+uJeoLihN+4x7cAtCjA5dkgwexwXoQkEMXP5FmaJf9U9fGZRymTDdKmmpz9MDQaUh5nAgKRZwMYOo9WvQaLTWZ2ggcgXGH8EtwlDtoaLa63s1++Jm7AxKMcgAJ98pETiYV3URAy5h1aJgzIK5BxMBnSND0CTYrzz4IvnED9GxwkBrOZeq+apN3RruyyCxEEjHlwsFkmyjLI1tr733S7/65Q++/+Ljj6z21rJsm6xJzjW7zg4ol27y8v7KUxq35+wMbkKX6SWz3pV3d3bpJCY4weXWTN/G5as3f/Db/++/OPmDb/3aP7vd//pvf/dHv/OX33/32DvM9l6/Pfvxq1ena1vvf/Dho8MjpB0eHVj0hiCQZRjJ5eby3AZ86q+51og+tKTs8sJIwoo5rwhx2Pbdf/zPf/oHv/+H/+jXfuF/8T//n3z44fs349mVZwr5Vv8hA3u9o5yn+REdZzPRhcFohzphWCuGDg0p3gTyshCL79ODglXkhrX8gr+CSOukt0SrPk2U4Lp1YETZbgOL5Ny2ilxsRfwa6mSZwi+QmvbTmv7+Fh74TnIqak8reYvpMglERbgTMjNBwFie5j2nUXZUNFk50h606nYKU8AyBUqlDXNS08Uup9OvjfSqxsZ9pHC8wUBPW2mU5jWrnvbA5dfwUIs6gGLBUS39u2dqxZTwpMqhNRo4FpLrSw8hCAlE1XIeNCWkv1//8IOT4+PFNOAMW3U5KavAlVRRYREzWVgXg2/geK0HbiBZO86FlX6DjLgEMpQPo83KSD/XcxjJCLqkPL1x2EaX9V6IQkVjY3KzaGGT1WvIi6kMohFQuJcO2PGwzRWV14OpoNnLlM8vaQXBoXa63rEjJIuTOqGTWG0MF823ONL+W2IqOQx7OF1npKYybbiDIxZkvKIbSbvGa60SczyhgVtz6Ghr+Y+lpYVxUVXeOhfJoWt8mWEnMETI5BmLaJQc0oKGQKztGhKcRGzxv1y1N7jsQbX+IgmndYRH/1VUr209ygfIXSONxL04Qq5GNVqAfNVEJAwhlRiXIjZTVSQpZe1aCoLkSASLNKe7wQdh77IeAUv0a51YQIjn5Ti2dw/ss0c4ptnwzMsf7u4b5JIOhvDj9iixXiNSy+aFdEzSmek0yNE1e4Zr2x14yYDMRbx7cvLukye80EgtzfGP+gGVoSIVM/C0zoam0ZkUdffkqc0si+LiLcxT97QZV1hkT0aJ6z1wGHuxLxmNBlbePQ81M8aptNog19KMxCpOT0oRgoHb8VvxPH1VK44vjIjOzkONNg+g9hQIOvtLdmoELWPGYBfy2H6HQmi6Her+59UHgSGEVrDlRDbE5DwUVg+SsEGUS7fqjTnBMX6Xg27NuQ/aYN4voE0hMbD4MbxY2Bbl/UNuFqpgAohtPkOuwrmemh8jGgAtSAhpNAFdldW/gQ4AkPG2wUW0+6SkYCSGyg6tLnxzv1tJh2Mal7pghAGJNIkms6kGm+HZAPY8/uSKe7gQIyunyRlf+eum2gHKYeKelhcGdhP2WlCgjgPkSB2CFKonCnB9dH4p7eCrpplBM+DD/zgweCsPu4r0LMy7iPnxE/QeVpYYYmq7mAsQ62CKYsxOJ8i0CB4pGC2rh+aWZAdzTFbpzs5lazI6JXbbmymLK/pQuMLiCQlqHtkLAjWk2dqd/4NRWYHuzf+QQnIEd6MPBFalffF4ALvETl9jxYjWdV1GD6rsV00NR7lXFoywxngW6pgfuzx/8/rV21ennS/DpFb1/MErg8LBoS5s+fGcfRFZn9g/F7WzXGmocWGGly62dNc7bWf4z7QnEZsPZri8Z64UCPIf+bQBqti+DgIc1LCiXF2MR2TfuzsexK2KrfgQdp6V307Tohc+rhbYsWUeLLbmevRuzLiuaOPegSPMgdpVEE0SQ00oL4NrSCRRoubSlQ5+7Jj24YP4/AhU/94sEloPlAIQ1LygSlNi4Zl7Ubx9//znf+7k2buffPev7i+9fWvDzuS2XmqlBHSHOeex5jWvsWfDySDb+xzHw/rx7d25XvKtY9Xkf2wF3bS0QU+lwavTl9//k9/ZPnp//9m7n785/fzMa7LazHhwePi1dx4TBO4pfHZ+OatJdkYSOVB7rSix93lhgPNAWQIdJy6eXnJcLV3h3t6Ro4D/6M+++yd/9t1f/7Vf+l/9L/9n737wngFV1tiKSRTDTmc2e59LLTQRQ9oJPKNd0nJ6SqpQNCP4SwhVJ+z4O5ZK4glQnub2wTzahE1+j9wZUtPHRGODtDWIbtoxbS7WjDa1G52vq2jFfVMVRKH1FnLZtphI8tJUsY5YDswN85wYLkFVHOm2jgSAZQq4wLHgDWojwfRX/ZS8C3GGAnhFZvrxjjHJKOeEyBlPp3ypY+qealDMmbMpP8jw5IRT1FbSeJwaZ2GtK0hFm23vZholKadGHjpYOayyFrlL5SA/Ux7m1AqBNIRQA9b3331Oe31XOch3cqQ6nwYGoFIAP+ZqnZqiibDMHVs5oKl7x+MdHR2yDR/RDgVvt7NTlB8sV7iw6UT4qGkjPYcOMRBjTKGyaKkNs5EmxmhbgBWuWVCuc5Ph0yWKatQRA71w5fo6LrbKFw4Wxt1LnNuPsn+4zxIsf6QnnpHH9u7GwZ437wmTctAMggDjDUY0AZ0kKoyVgr+ERaxzAMfkuSUA5QLpG64psTJhSe3yo9il17YoyW6tWRSEZpwlyzwTxlA3bM1vuSTf+gZLqMWS0nvjcabbuLPEKKG09EI9Kc8moUwl1C+m8VxBzlXXh8PtooVusTKikAD5kGEnlBltlM3xQ5RNxDV+NmXPgxvRMeS8e3LkYEbFSHy3FPDdlYOjWMhHL1794CcfnezsHAjU7MJpdn7n8PjR8clxxzZenDoM0ypoB+Zk8lEv0rx9e34h5+j1N2LPdi5765LX/F3fPDo+sIIqbY+OFmfWv41hEPr0KWahO7tKJKuPSS/XN/ceP8sC9NhN9+sRxmP2ikJXaX6oZ8wsqghrSjKJ6cco3Sgkbk1JPT6gWJhMWHi2zlyXe5lkU5xhlSbLilGDdkLWbSw9rNuqU07dQFtlp2ePGFrOjYNUkwOwPi6NbT1uo5bqkUityvODEfrj9YEMFRKGF0caCOBaozI6nRr56R68BPFDKOGOmYILb9rg94JBXUqhXFR0MzZ5ovqCSZdupGEaHNh9T+GHT3TUMxX1JUxl9lFAX9l4U63YoAqGxatpYkANLkk0BTSpSHE1rL1BZmFPo5Wajk3gLArYd6csJQ9MQwCOAqKv0ULcGfZN82ChTQUw45XvcJkCxMvdKRpfE+r42MGn8oTLcmo1M+RcQn/coJtkFH+bTGD1frE3HcrIK7Wqu/AnhsJm0aCWfwlOwe55Pey4U1o0ZMcqq6FAXQnYYo4iw2y1RE5aGSeoRazljPwrOJzgb9O+vx3HYnfIaJPLJQ97xmmxIdo3ejqCGP0cCkeamcYiYg1DIe5gQgQm+ohwe/hWgSpOIX/dXp5G2HJT8bhUldjet/gQzb5mUX4QwqolAXheB8M6mMOE5qnFhy++dCiYvCtO1eukMkw34DgZYiCOxLLvPjHEH7/98F+L7OemGyowbPhSwQajFSAof/hWtspaefeixDDKrZPEgCqNWH5husPsAM/7lujiewqX+qUt6KtSRQa76g6PfB8+zB+gY5ZOiGqY9orEsY2wB5cqdifH1KfJq5GCvpab1qJmlkDfJZk2NuGMgB0UAM+jJJIAxPiYlQAXROM/Y0kC2kkM6nlYY0ykGLFh9/47T7/9W7/1wz/904ezcwN2jKKlVhxh4E0gI1nG2hHStNS+TgN6feTB4f7xvTdfFQOZKyJUi9ronQSEmOLy+uz29AfOLN5u/VGzSBu6Vx3o5qaN9i3Jsgjy7FIiCXCx4+HRsZa8efztzfX+UYslztbPpJSoC3HKI55fXFFiS2wNLrSuV2Mk/+k//8mf/8Vf/vN//hv/03/1P373g+fjiMJYAueq/Qz6dY51LDRXSEo2vfrOhjcowZh0Xt6seuY+BjMSq/vBa1mItLm9Zjgt0DSbnKXOVx7IgBI/e58b5dJpKkp5TdfjLRZbbKSfc2v62vbMTsVkBrhrjZBYkkmMSSs+EVCiGvWjOZi2nJGbiAt3eM5o0H+TyH2TpywjfuoRk1b7HkaxkjsoeK4Adizwl25gApq0hUNjDhjFOnAMgHEhs/u1CXmkxEJc8kjkFKoYo63xoJ7DglzTs9xuRgexqNtcf/7Os+fvPm8yVP10McpjdGpsAZuer03WWZEql20N6WXHDs60s8kKyNljQWtNKc724uBcOF8a2604FOHxtF4/vVsukDVIMYo1qSqrsa/WbGYjLX6ybVUljMmIEHGk2KqpYE7TSruSg+yzYxGbscrFwtbEqB5WRKGPJY4O41578EqVcLUqd3tPTOIJfw1bam4XcTtB+lc+T7hjnyBNJivsEbAUmDRcDbLruCAoLKInVgGwEB+kAkYMSctU3HEIdu+kHsPOio1DcIsgmG/6pFGx2iyCVCX9waNCxaaoilOvnSGQprVCkZ9VlN+jGqmulA1ebupqys6yRZypD0g0tHbLyxZogy3nBQziNKl0kTpcgVSF7Xe+i3gQSpydj+GOowj0cm8uLv9f/+4PPn51+nRv59nX3vP6h9Gi9cODo8OTx/tHx3t310cnT29PX7x88cWag4esv89ZPzgHCz3HndZWrEptX57bDudArjWOoyXCaerdQ4tOCZ+2QzlGFFrKQIinzLmTRDHB+tbhyc7Jk7Qvh94prERMghEP0NgUuueb4kHKSyqeLEaNMybyF3REIBkVCKmCajUYP8VfbDgr7APKtDFXeI3ZNcs8Mvjawq62PHfJZjMv2AxmviQcLrisEAZEWw5Cucy1oKd6KvozzYeWukvTU6ZpKRVIS10RY4h4zpqxuAgmPDPY1MwzPCxAHtySKfSKVAb8MAW24aptbrMPiNAc2uY7EirhMzQJpJbvCCkaA3nQd1OdfKImVrVBNfxeIYnTlACYWFvTlY99fkF4COp7N+JSaCSQLGseK82Xd390MmeYE+xfjizWRXroDQkRFXaYNZQqPUJWKlfGRmM0fcCQlZJrS5NFqQL4NlePn0y/NG4FUCZNN2jMmJQpqvGaPe0nHg1SEZCKTRYDuljle85zxDc0L3L6h5otTGF/dB1yA0idNJbpcnZ+8X0FgFaQG9l1rr/jbPy05d/Q08i56HDx18l74Ue8imGLCsTeHsTK5DZM9jhGVX65k5Usd3CDKg0/1RvJBa6qQ24kd9+39B+44K4K4kVayasgrOg3P93rN88ubE354vzUmpUcYomXECTm2ltg11Yg42hWxH8APAILX9+mYOVHSWqzB5rsiZLLR/cdCn14kHzfPKMW6dWYBh4HRFtw6GI1PE2GpNavua9c4vgK2UlcKB0HBuuQH23SA3WVsxxuD4eSA7RrtobSKUYa9/qSiYJOevozgwD9rpH1CJMnTHVAB7V/YxrjW6byoAxE3PJ4ZWIjj3AbnlRlIVAJZOurwkF0s7a/+e1/+htffv8HF198Ydle3lQUIOjl8swsHx62IsAiIjkhNWXFruRC2t4GAQjr8KRYcJVXZVCts+Kv1692by+Pnjy5vnhjpf2hpMFhpzDRUApORb1AAQ90VtY5cY4YbIkEGp2v1taL8wsvWKjnXrOM7EAvhu2m7FTZuOp9kkYYJsCNkP/97/7hH/7RX/zTf/Jr/+p/9C+evfccRVEwH9KHpmOT9blUKC9hjZfMQsY+Ci1poUzpn1i0DNzwXYn8cNbYoKJHUSb0bTxXJ2we0PIvF/k60kkvCyE4eHkZ4tGwBvNafUgVjOQ2Us7lJEYBekqad+ShUooiP3ruO+QLo9wFZhpKb0IlJXGhW7crwkuXOsylTIH6Nr40qawcjLQ6aeeiPbVAU7PuTBBZkIykqoRf9M7fOUR3jDEMAai5r0oBQHulnYIEhflomOxQDaUAaaEKNoJsWSp6eHCA1fgpZ0bonoeVAjOfJdXTbfWdkHx53cB23Tuat7h11QV07JgBEAXrFaIRmv5fTwdMMZ8tKTv7XgKpZREG/2d/K+0T+XnpdNhpOX/uHffCI+2EK/665gKcumoRNOepf8JzR/Sb9KTJStl37w3Xc262gK1lguDs7TqPadZUCPjmKGbg6oG443uWIWLMRphZwkCm9nBY0HqVnFtAGVsQK42tE6iPkYXnAD3joMh8a6Nt0WgUy+6ZisVoykoL1wXNVi/Uw6UV+GdGxn5gQyjaS0ze0WhWl4o2MsK3lFBGDt86ICYe4LOTgJxWmDYKLClLgsM71ofxDJrh1ut1TmSCqmQKwQw1pvOpEAV+uMZA63XrOZhw+zCdDEVqediUde3hv/ud//Tpq4udja33Hj8y+3+DlReXTw8OT45OHj1+4owE0/WYsH23d7GzV2DdGMxn8+zi5nhvXx2En15dvRIclpQVkW/u6wJLjqQ8mpi+IJ3rbPCU2qFd2jEu8C7yYlgkHzx+Nhpf4RRTP9ZVr9YMArZgE1Kzq5wwiXQ77R58sHt6tQQtKaTtWi+wcidnDpUp7bfAhvENYgBTARa6nEUZkpUfe/eb/KpGVSY5kNRyHNm3O8phyJiIEuP4x7+EGTLdmXA3+NHCdJsRSCdmlMQ6Yo9PFgyeGoTWHVo4392ZEo36FEJV26DSwIgFaLCAfO6rNrXR/7jBtFEPUkT5r+JC3lAUFQDWSWR8U0rV+Fuj9dIAaMItnAyAr+P6gjuXkHad5o33rGzumeMV1sEiShmsJoZfc6sMTXgtqBRDNHwKlYFayXgVYC2rG2qDBjkNetVU3Lco6ia+kIWCVGE0hYoAhK/TTprjicoKkAR8BngiGVlWeWJxeghm+NUqEPnmKvo/AqmpmDHM7wGBpS19cIKRqhgbjaLam8INMDPQpnkaU6a4mYD5Z2DVKL+lh9KHTj1s27JxnqfAzr8csRa0ucKkdjSLpbUSXn5GFfviakiP/C5iCG0YIqZWwg3C1MtxxO351r0+PZzq/io82jPCqOfIvzQBhzjpn8vOYHYytiMfX74WauMKp5T4YlLOLlNK/PEolLUG1qCoBDtUbNrrZnV8UWyEm3jDvv51QYO7JJkcBq9b75skcTiJoi7KRnl9SXPBq+GoTGyJZ4pFMqIj0s/8QvRgEN5VVTpw/qffQ74S3R1RlHJqTDoyqGZNL/99CfEhomEmKZKpnoviZ/rxRgHK3BKsAKRpNV7p0Aoh1ZHmr9Zj14pNaaxP6jQqkGPLhus30JTyeafD5tazX/jZzyWiPvqpVNGat/Js36+3g3Vzu+2uvM9sZdDg5bVTb41hpNF328q8U1hSnsv6xc4ccVSR3odU7q+db1cspsXe8zNqWb6rs6J39W7U2MIv9DmOTnaZ79c1aoy6SDxS6no/h+CcnRn26MHPLy71izq6yQbl7UwtW2BEif7d7/7Rf/q9P/7FX/iZf/lf/9Z3fvY72UGK0LLCdjq3nyAIlnemQjNF43ifcZ3mpCSlBBUHghjMwHI49iaSEC9FGEeTgkyPN6XgHp3mIznxUToIt0l2x9c0VeVSFWl1sY/yJhVTcs2pW2C3zGj6psKibSOd5LQS6fivZmpqHEiMKDEJoIbxlpE4XlEgDVqRwaIM2mgqds0mAByg8ygVz8qp1F8pA5aftB/KSEp1CTcDTMdyp1oK6ykXNYWbo1vzewwLVum7hiKwWgVwsCRB34EE2dLDb37ja9gK3/oWLXJwwmwx0dqNEJ8fK3yh7XVPKTAyrU52BBIXa58e/b+Xy0N53iBu4ToZ2bWAatZMPdadeiheVVLqu2XNhY93F1YplGIScWKX+M/x2alwua8CHWfXIJfbNmNp3gX5+L57UIKZvGDl4HgNwhb+OAc9YbGRD0VSGDEO1sEULjjh4H4WX6dl26A57LULIUtOFT5yg9hpwcbWTm/V689isBOuCPs492SSIrSVaqt4i7FL920jG1+SQt6sBQy4zTowu3MBxjqwAm4GkrodgUXqBT8pTFFlc+dtD6eRKPPd+6pFrL46XIwar2+a9o2A1C9dT/9oDpAq5jGtc9ByOiY424vHvR8SPzpPO5w6oWacH+O9ImIo3//4sy8+fXHKXyn+6Hj37sHazRya7gpHza869Bqy4CJTr2W7Yq6o3EnJv0cmo9ceXnqH5Pm5NjCWmvknfAzD8ugPW+ZbNoWGqXszyjD2Si78xQJop9Dc2N7u4+cJF05opEPLDIzAI6fpdrEU6qjKWFmSGunghwd6YUUSbvwnC1aUPJoUpDEzdMO+pOSTpmau6nhYFz6lehhnqdGIM5frcQO2PvBSHCer5LfwL2WoboCyqaZBi+0yyntLExTyA5kWuqgyJlcLkG0QlRQhjGE1FOZkOqyr0izaATnmK+n/cKLpi1gcu9yIPyExZjcNKg9H9HMBbviTS9EASBWPYdO5hWuXIOW9o2r6K4CHncWDg+JQFDs8SCI5x4q4j2V9GbgYSztJBi5IBVApzxs3LpzHSQCVtoCgtgtdKjHoQjNIY22Vg1jAk6f6eby8fADiCXxnmKoyKONptTxtxl7VGUi/cc7/xT1Sm3pcIEAdeWu03rquzp2CgErncjzX0FISwnODhs89KkFMjSHVj68GOd0KCtT9bqgqjIJEfGfTTKOmdMCNvxmtSFF9s8p7eyaX25jSzPIcH1HhOVQMI4Ejzzqn4UlYD7v8TjoQ7H4E+yRp7c0FlqQT3a3U4v2hMi68vwNnOJRKB8yXOpo0atWav/METboNo8oSooIzM8sOjLi+vjg7896Ul96NRGOnZBCCM6o4f1lD+p0CQq2xUkDznW5GnwwwG8Qd7aYy4EA+drmIu37qV/uMgsr/uATV0KgCY04aZj0ktfAqY4vo+YmIGlqIxKQRMKH+Pds8hv+o99+XjAmZstuE7U+cnjKV05v1XSMekviQXIutCEFWVkqMJYxLHvqXxKMqVQmTEZq/kTywUu76qBm4RIZSsSnzGO+2MCccQs23/q0kOTBRaOW9zME7P/MtT9589LFJMxM1fL6knpUURLix/3C1eX13PieS5IfMN9187elTo9fX3tRcAqmJaELWBWbOZqDWbTK4pJUH+4emzSWtDOyp66ZNmfG/8+rEoWenp1AjPDkbfKfTcXzHvFNZEOeACHtgbTFYMZaz8fb3z87OBDn6yaOjg7RBgmpXHuLuz7/7vT/7L3/lKIxf/sWf/ee/9U/fe//9GJCdSrBYJekgOt3bll4IZ7CW9KmJcE5GPkch5sWJ5NJyfpJoHSDvEScJOh30v6fj4eNo/3OC5EL90kRfUjGqWtjN+FVJYTspsQ0K7RAvAUFPlR0FaMrbfpumVgGko3CA3vgdAs1raBoM4Gs/18UWqCLjl7viTepIdYnMrV6lOeU26KX8iqVXGXAAHqEAACAASURBVAWTCYj+vsip1ZllRdnRhL3ZAtDWOoRwk3c+Gd64Nt2lnwhVrDPVFIqHFJZpozlLjE8pv59nz569++w9qzM1APVKIwM2io2nX74yToLbNxyw27cGWXuhK5Zbpeap1YHIpvpCB0yTQrK0xu42TnHe5Zg170qBiEEeNk0BHx/b5+Q14OcaGvNH5oPoxPYRzNh1iM3e7qmEOBds4C08YWjrTlbilxwTYzTUO05lzK2AhHW9LG4XgYSd95jOq4HR0apNy2rhhldMdJEyDLlzjwtonMzSSZadu+5TlFGQVvaOEBqEiVmtEmxY4iPP3atWCSsuNumfTQnLkm3brYgqF9SbBWTFzfKbjW317R0dMDNjn/aoHwziMvbSJjqdIxQutF2G9AETZOdm6h6Vbdgj43ZrBooOa7ry62v6FaKur++1OshiEQZx4CRiDVGMLGXd5pjereLsK+tZO7r74e7zL19l0He9ROdob0/gBnnz6jq38/M3ncWmI3t4MFFg5lvHAGCuAw/YfCHo3etzO5lDsC0w69Yv7ogZC4T66MJbs64JqlIAboRr23cb3eArDRxnyGXv8fMtL86mtBOZZTzZK+1beogCz+kZ0kjdFOjDsmFSZaM6VUztsSQr84Vg8SjKiVaNWE0/Mjq/igHQDhROhHI27ok2/cE7ttM/KPV6gtYVRAuWj7P2oHBedwBPah/JeOre9MvT6DIUyXwSWM2o6je6qEeYwFe7QQ4lZFRiWndHyXFxw8E8iaaYFzqiEbcRVbIRzf3qOAt14NHTQqVxEjXoR1HWnVHHhYx8Sk0ZcDx2a60FKRCpMjLDIHDLB2nJpPtVxjNfVkQVebpZZqMgq7Yq6n912K4vCSGOQcE42c8gpln9GdCIm9oCP96NW0bMABkUIxGs3HGPuwIbqs2DR1ecreHcUs1igkartFx2Nd9IjGkHeZgSAcV98TTORtfAi8FpSFHn5CfcmP5j0CzGmD5AFZpQUShEGwTMeixzGXkLHyh7CscJ+4r+cIR9cje7u/u23TEqrkHysBDCw/5wkwvYMETlYBzDwxzuoQOzvlag9rWxiHwhelVSWZyII31c+JlHqFskuuK8+3jUM0TPZxUvj3RmdVajfc5BgunK/LL3g9m6fPb2jIcebkzrAzQ9SxyJfZCsMZdE1q2oWWGBP1Oqh+EXSl1ga6ab1IogdLpK5nO++vH1K5WKVzqDkUBJYNYV/wK3korr5JqSED729wRKRD9Wt+LIUmN4CSk1YkOqVh4ConFnqTn9czRVYtCF9EhpNKN5uHlJuXTw6IXGE3z9ReqmbbBaWzKMSO+q7vfCtZAdjrldCzUUz/o/DOS6QiVAIHXle4bkBo+OrGc/822cu/ryxdbt3lWIl7egayms/tZ6r3NOzItrdx4fnjiW47JRbIv59bBCkbjVSxn0Ng10jmxDtnfRWbuOOHRkhg5go8Blie2oryEDTdajz/qh2729Pdby+u0bEu/lvJ14d7Wz53zQGxGaxFuvt7i5ElmSnekkLxzPdNEhrrm7FDvoOj7+/NWPf/p7v/+f//yDd9/5xrc+/JVf/IVvfPMbne49pKMjLHG/F12goLwRURATrBhdzl64zM3Wx3Eo3XACkxbVSn2KYMxvtpd5miYNANqK6/scu40Ruhy5o244aZJKiu+xuo7FxpdymZZgN9XIpvNwXNA4m8BPcsF9fS0paX4UjwcmpaafzSYwJyI1fkjKpX9G7UqwEYC+vNktaVHKsxA1+q0R6piZKO/ZktOe8ki+bqiJioEIc1OfZK8zpCgQrPF+ZeT5oemKyu6hbfhfvb5krLyR7SkO3xqtQWxd5vQQvR5ErycDPebWGIjb9j5uX9mqs1xBOT8vmOsU11apprucHQ3BGz/eJmDtoN2svcIRfntimIKnZNBAS9BQN2AFIHuwneXgYN/YQxzjphV7d7dnbMlSWLORKuDx2eU5PgvxsLvttFbNFlC2xjFTz+7X7Vmhx8rLUiAA/pSD8y2wKOpaxsF2vFhCqWKRkhFQWpZjIe3Ily/DJCnt3LqQRzBQ7FFutS9MdJicW6p6PYR/qaCODeldJFpxp8d5tWsrFMVaA97zMijpsMx+vVisk2ZzrI/gLw0X48Km5UprO5hGUphm/J6SzwsAi72kqWiCmf2i9YebS0tprfTUYK2oLV4SLBM0oZSwo9KOS2z58v3V5a1pZSuTo5mN3D68Or325mwkH+4figt1mSaLd8DyNu0MqwUkThtqyvv+XnzvMMnzEsG3pss0mDYbZHTMZ6urRhSNGQCv86+AX0tU2dIsPYxjFN3iCo7e/SBVM6wx3CKCUVDw6h5oBnPMEgDIEY7hdxGdxC7ix8C5VozS+zI9JqS7zjqZUn0Bnneta8Yfj8HQXUypxEESCYLu+u1pBsTyYqYWRu6DW51XHxWjuhFgI+SQLJgEXfvZ4qQq8TyvkFfJJRUhZXxd5s0wbYikSeNWaINntYe++BNB4zOiOTpoVq5Bc4OEwr7n6BSgCcpXSLPUaHIZBbXxpNsxHCLjHkZpuaDRrSAWJnOXmgz7Ik4qVnfmjhuJUqHwiHGqu5g7Q7mnnkefu6HtAtSgJaApjFeUkKFEOSb0wPgCMT3vNLRqQChr8hS22vMFCrF7Som4qrD6eDDX02IPFKZLmlEnSacNITP8zVMnyrDRA0zNGuQugNQYYCsZrXDGimJ2Qg4pUsyT+4RYOA0fxse6Bo8fvNt8MNobMWaHUy9bbmaZoy9OGJ8qg6If7U0pszGldRllmnwMt3ItmBHyySFqAj9siMZQHb747YNVsExvUlhP3avK8gFt4Eyh7oZ90LudFXWxtFVzPecqSNN1A6G8zkzr6M6M/62sNM40YSh7+NLiL+PGMApwleG5dD/uEO6CR7illklkVRLcQMfEnmTvyiZ9nE5uHmZdTLUMgn8cqWE36dL4chRm65JsaI7oMSVL4FdHVtgMbI/i9whiic/QWhtQQ6h/Yb+g7Sr9GW3viqNOr1vhOrRBcNS2NoebQaFbACoekCwAbIoiM1H4SfT+5xzd9HXh/TSDHdCLePW0uvAv5selBd7ATwOHkRiipLZBil3xrh6kKhXK48dAfcbG+tHXP5TkO//sxdHOof7VGYl8s/6jqUz7DbfuTNYeHB+ZJj69uAD3wd7O3e03b0/Pdb/Wt2czRjvegdbyd10IUnTPAqZ4bF/h3h4p8LO8yOnpOSPa3XegRT0xRTk9OyUuX6R88MzIwspFlkHNETp+b47weLizBFfA6V0X+GWngswQ1nFrm7IhzkbZ3Pjbn3zyX77/g//+d37/nccn3/nON//Zb/z6t77lgO52U8YDCxwxVbJye5cyMS9swFFyx0eCF2eMswkLN2CCaRSapbVmQU8siyRwub6S7k0mttNyCFlAcqRwZUfaCJ78+KW+t1Kz+NicNpWoLRqaw1K1M3elDlKM6YO5YlrYGdUaph8dcZcPynVD6v7m4vLs1dvXOpLUgIxRI5JXl2SBLuk5F82Yj4s3qTrnZsMQsfp2PTGRZGXkOHkDIhvgBjdihdnHULzDWvFndCu/FwNhnjnQqAmHusoiNWnudffdd58xKGimidxbVSbYZD3iJATp7bFLYykggXu6ToF2OtIS/9WpOSMPZgVtzala0TI4jTwNG0pdC4iFm9yftbA5Qm4xCPNJvnK4XsEo39gyx9bLanS2J6N9q+OgtaNiPZa1flaZcmKIK+64MxynglBnlozj7OrMyu90fGPjYGZvzIpkSOLrqwuJPV95G9KAJAFMdjKtSPPpAHV1gMPNtTUA7aZIz1vOyDzWHrx+UO8bMxTOTyQ604jCQWl46xETWQwtOOvdLY7mplKybPRSVk7hxhNxLV9hOhg5wyhblXlaEOX/dFh838TQsTfto2WFjg4ex0H43N8UxqYbnbytM/TMXHTaJSo1p2zNjnrJTLi8VUSWDK0KuGLdP/r4xY8+/tI8PmQu727//Ad/98HJwfP6rJ2jRyfYj/93t+fjlUsfOp2n2fCyk7cfv3S4KhrX9gwOw8T4LSXidNh2J+fmqNJQsxS8BJRgz7k3wOz4oTKJjAtn955+uHXgNO+xxrEDHIhiHWBpPNzFnHoEOGc7eUosyjKW3hdNfsgxzmNZsR1TxPts0E+iilH+MQwMoAi97M7NyotTp92EVunSIW4s0ZDyamRFwNVZERwEJqJIwxOM0rn5xENkmh5zq1JKANr0UbDW1cIFbzRYcDLX/tLjZpbdT2cQ0TRChlxPNeRRTc16jnD/Y5A/7LBOIoWJFnglEyiNSUEVSga8PVcBuhDgXiIF8yFI77pd/0kt5omC/oWiGtENpq81UfVwNMujaBFVZeOM3z5TBm7l4+J1EHo6iKfwcWh+FUkmcT6hWZdQd6eOdaFQ3ZDRmO42fBWoQ3Q1UBfQwPeAOwiT0QhQlEzww5Pl/gAKQvVrI6PNeXB3ALbuyLdYvPBvyB2GQxmZfvsFzwx2rqd+6BHRQi3YlYHJaJ3xaC5C6aCyJWuJZtZ4GT2xLZ2r16b4JenutaR6TYX8L4hMk8cvAVB7YA9Zfk/7tZWEvvqESbJeSiaJnqjWXzU9R3VsWj2I20Gdx+OFklHPK131ul6yMBhWrwCtwS6bZcKzRMTcoJ3LL27OHSQ7ujsoaTluUZTYBfn6nThNUQlcE2Gazo2EfU8LIjKc/anlgRQ29bf5PW6kJCJPymPwiAFKxSN4+KRn1FT1+e8Q8OlXMg1///s7gL/6k2r0tKYri0WFbylHgKJhHsKeZgZiwGZIFcr0h8LA//3TFQHMaTanYGJhaTqgXws67FqanENe6tG7UaswGBHEuOAz3FnFgi21XHMLHcknXtWsn9xBbAzt+oj4ssQQDfHW1x49dhLu+qs3BweHpwKQu0uckjW0o+V655ZzmEiyjdWX1h2aHbSFWZbl2tD+/Oz66jyXj+W35xcXPEbqSltLhJpGNMqvk6C1dgFINe5u752+PWdUytTfAbe7T3w2qVxcXNQHCc/uH2QW6LgLAi3o5AoazkWgE2TaUpkJFYZM+AJDxfj0ZnU//fLV5y9f/dGf/IW3uH7w/nu/9Avf+dmf+c6TxydHx4eX3t6R3295XA53pgpK52nIzlOswKh6lM7gTSqj33l0ztDTa3Vap9/UW3BS35gZe1ubqYYOAGR1vV2MKNXE72In6jARkqLlgUw+ejFN4TUg6kdOaYlKigm6Iqq+1iHyu473KyJXV9ui8br/kTlRUk9dVIW7ru7VnbhkFz5l1S0E27RmVMoz/Nvb0my6OLKRPiJhNiTk8n2DMnmlzIMbMfHnKvI7o18hikJ8gIDAz+zyu8+eteSLhmUpCUXEiTT6sExmluPcrbrkkziVvMi6HBHXIKCTwoFbx6Ps6Ptsk7JxRBCHt4U+Xn9sb4rAroxXS+loF7yxG2sgZmBFyUTkTgW/usSi4kh5sShJ6ZFRnEuXuCmji77N+SlUld46AzqRbaybBgWHblA2NItAY4IRj2kc62QdhQMV4PykKri7wS1TfULBkl1vELkvjmHQAptco/evMGqJ6hb2tQaSh5TrhUe5uEk4Eb5oaXNL/pW2tPaUhJzM07jCOg0hsyDT0d/UhKLAXLLAYTTJopwvHWF/xTOjDLihdTtUCrAhOXlEN9W2D2dGsZDPySQi5+EvB+UIzurek32UMyWg5emlGxcV5eBlCMfN033LTL7/o4/+/Hs//rufOHs/PgCKKMOeS/w/OnJIzb49dzt2f1892Ovc4TuKUEVQ20z1QiLXOhd4zOH2uG+eAN7a1rfZ19wmIKPBg0Osa+dYhtahNgJhjJN+uLi8O70oVjRePP7g6+ghVj9ZURYF2TG66ftHZEjxJIUvmnafhKh70TKhEWyOEZHjyaGrbCVRB5y6QFYsGMEfCHMxT+uk3KNGQVUcxfTQpPd4iRqrNWadCwrUGGP5OZexf1itdpjX3tQb/5AKx76q+8u7Vyfx+iXzBKYSxYUFHwOiW91kQFNsereuIDIEgKX/wgfPh77CzcoaDNRMqNP9IsWq1aPksAeNoAD9FUt6GHkRLv6d2kNdtKhcN6Xi8qW6oT0qR+458fx7rQLDjmKfSn0dLYzGSdKm49qIJe4FboUE2BOKJ5phmLoJMEL99m04qPt2H11FqR7ELc1Xov9xghuHTNjl7+OhcjFsKVK1tAitBBeHQnbwdxMtlEoJONS/QtHwqr5iKVPZmAhirRY+BAEROlBXzGElX/e5aRINoQxacJCTo9w+M9r2CoS2Llt+yKUuZ2KLH3mvokOWFHKLhoyoai/M/Qnpkbov8z16hg6ex42IWO6Hzeq6C7gkgkCsAM3DCrkdCI+GpqWVwpYxnoZ5/Ie9KX4Zi1rAfGtB2rn3pvhp2JZE4tdSOyYDsWAa1FkJXNDjkgYkhbHuoSTpLkV7vsJyVNJ3j/TvDUh06vmOBrjZqj+aA4s8GkknxdoEjMWzBV8pVXe7Sbb98XURZ/Zdo1PH3zr54UqYzUXftVmZFCQuDXqBU6S0Rtpcm0HBW3h1x8+Im2XnEi2Lqnupt5zP4DC4RBzAkZf607KaDlZg88tuwCtFdscTTAureDjNzx2Ouzb7V8cXVwqssS1MwC9QOD4yF3T34oUBiGVUYW56bs4ze7A68eHa+7+b6zmPUNRuru1PH92828bVzVsLCvUqznWzDKj20wjxlI2MKOHqzXD1op97Bwi3yIkWC3ecjXlyciyVYWIsqsRtThuxzYhf0B9Bkjib+/OS5+7v7tjruV9y8ebWJNjF+XkdY5/YWnpPVLex7h3SBii0/PXZzeVPPvn+D3+8vvbvDne3vvOdr//8z/7sz//czzx58k7jGaxryRzO4pZowJs8HIzC/IpL6AOOucnBYi/poK+ebc4qozm4IKPZuCDz1jWKgncCtQyY0iIbf3iDJryItvAnF5+AKKpDXVwzZOKWXG+lWrItAKIROX2docxBfFED1MJU31LTfqeDUOW7cGkRfeLM39Zfb/Ui+tYLCoooi7bUy/daCM8YN2yyETxdc7xDLzyRmxHEbaMO3GFPtZXirXCIOHDgGZqZjwBxe/ODd5/btJ7ijaaXbZIj3mnXEejR0YHZapmEXTO5UKfOZHY8ikN4KwITOWG7zJ/NJ8A3EyqONfVsjt77PJy7SSE8KDDNyyCKRomcOMjReSIltVm3M/2RBXu0DhHOZCYctWhLFwlUTyd0HhNoXd0OHDUEpiQa2k1BjPcQdj3s2/IiEGxlXEctxmBko7FAx+TtrsOHcI91mLW/LCdWHHN5eWb+mkrLlQLeysdcy8SOjWSx4TL7b+5Zu+IQqojN+KK8ENoYSI8sQMyR4s2qUZKdw7eXDqglExO3YW/6hTsWOEBme/OmsRUFyzbwnkUmOw4n8dNH6xbqAsnJiLoy7Z4xQLglC1zCBOM9uqGobCEINPDl6zff/7sffe8HP/7k0xdfvjqN4fhRbwo2Bnr3EmeGSTtHB4eswkkGxm2su9jY1vUrh2zfWIr82dvLT169gXFRoxUFej5MhhuVftg62N58x3n7B/vn52e3xydMsOE+Zoi+feKeU5KkHfDQEeZ3++9+uL1/VB5+RstQUjqnOxfULYH5ij9J3sMUuB5J46P0y2+UTDtVXLnLrDy2juKjsYORIJlxpM94kutd6Pd9WJEBY2xNsrtSgznqjKJeIhknAU8jHeMLJHy0mEVpQMlMexyL554OAsEPILSb9gx+bgrMBmbuQToKi/AWYwYLkYujjwGo6AlwAfQfPbmU2BW+iodLPjECwwnmmvJNbUUjzLPClkBk7vmVPM64xLQMjEAPql30IxiURRvLCfDE3BPG5xFDJc/jzzAFKv6RQt4SArU1zWidjKflkaN11YmZOPKT40vhhoc5B42x8ng+4V2EAQWtQGkuIQ29STO6ogeYLiJptCZaVEoWQjjfhjfDB3XTDc2Eba64Wj4R6B80XOo9MLPNRoPK/K4FYq3aNDfK5htQeLtUGzRaqxQojltHZMTM/zDHTKxVCEJDqXppf0sPl3OM4aBkHUqs1s4gFOjhE9CRXPs1M4Ja0HArNGsrnDyuMsrTqhUQrEvZvtKBhQh30KvolJxa8SD9CE7QUmFv5+TRJi/Q9O6NAyUuT8/evjG7fG/dzLqtfIMT7EKyWgNkABDjyNCvlCnE0sIK+ZJyDcuV5cWSifphbVlGNTOwaNOb+sCDC6Aa/hSjBNmwNGa5bWzpAogoSecnQPM9v70ox8KQ1FBRLBxk8aVWqbSPRpPZiocoSgH9sAyXagwRCOluOhXpBRK+86i4Vd4kJWtVWem1fk3sn80supv2hmIGHHw88Hf5BHfuIHsEPkXzXuhJ0LGjRl3r+GNE1xwHF9vNxrSYM4z3BIstprIK8GDv5NH61UURmCPr8g4Pe3I2kLssBWKF/cP9roTWhZeLmAoV+dg4JU34YOrv4aKO4PLk0aM6wWIs7+3bo8xwtVD99OyMndncqfs36pHD8hoMy8X0fhAxMnLSjTkvfHljzRkjcMrIzu65wxpbv1+ayrzj9fXl7s6BvkYyklTdlFibQERcuCljYb5aP173xhu1Mv7W4jUQmM2Lz3761//ff/9v/sMfPD05+fD581/4he/8yi/+/Ld/7mdYWdzi+cdJ6G6lNCc2ilG4E9OKzNLFUQtGylAFHHQi7eQE6unyOOKqpliIqmCsIK+1B4uydLxTsly6saSUR8j1UGCKad2jp/NanRYaiMHrLAqFWpifQP3TRO2Zky3D1ySmD7AiFdd0nrfQsKm3YsdkbIpcqilEaclIv+PrCtmoZEEwbQ3s/F5MOu8SyaNW2uKnkZ8ma2NwQIlO2x2nKRwfHX34/vta8ZByqSyISgpbW1aYJf29XdAJwYCABYvyRW17zpBu1ZoLWboHaoC5UsW7pDFnB8JHINA6ybgmrJEbdtr+tS0PRtIqKofbLAd1IsiLyxvXTZvuFfU7SlMOTvXt/W35SGvKBSHmNmQdi1lNVF6XgoXtreVwjnppNrSjdqDfnHIvNbG0IDPPfkon35kpzla0apCT9Iz68c8R0fHfDbGIKjhPZLOVa4IDqUHkW5ZbgiduG5GlTqU9d0sVY4T+k2bIE49ravsGtzZCwQ3M4VUVLncsHVlPFF54TlIYARlawkk5AC18KSDnQahrVu5ejPer10SsTz6zSXM6QfFa5pRzywftcNyMqhtUiR+/MAS7fHN69pOPP/7ksxefvygx//bs3EM4k5/mp3rt5T2t3/BClO2Nl2enX56dffDOU3Z7fHAkcCSl1PilPOjdxe3Gj758Sf/aKNP61U60odWiaoZ/vLvnhOwnx4eP7Ei7u3/56uXjjSfHm4YfrfcwlLWUxXCzI7e5+oeb9a2do/e+SbuoQbqamuYGMTi3ZyAwftTluGLEh6fmFknAnBrkF4t6SDxdLwphKvWGUUbPlE4P63eyPozFZF8aIIJHFTAtpieZsRuVa6n76W9N0raAyhHnNHI4XINH2tKlK+SuGrUxbkVF3kNzVCTEBglYlphcRf5l2Ho0AcpSaYCAXZPqQmkhoyZpVK4sjni60pSw0DCSCtYgPL5rnsbGha7azrILYRuJxR9lI3XAQ6JPuuN/nOp5/OMNyCMwtVlxQPx3i0S6u1yHJvH540kkuU3VB2L4gT1fgjG8oOd+tDN3Ch0NUfjhwCwEZVc67eiEC8CRGmdCe9iiJOUcPMFxb3nkb1aMV7rAhTPJNdZVYJrUBSxcXlAdUjzBmAS5lFwkkht2plWTqLOWBiU9h2fP04BGHcb5IqUiXk2CrFTpCBhMUrAeMCMtEdFbJsSGu3sHdZKtPhQ8ThwRTv2PqQkyymCbhP1EYnzt1nztr68epEIV72c+LqJkuZFAoTXVEshXkLA2+4JlrQU0DsQyn1rrW7pbYGbMzaM3HXZ1dXtpb8qr1y/O3pya3RqZDbbVGYwWkKG04JOjMVXif61nDDBWOosafejmIl9ffaqILCxuYFyHZ6iaJHo6Y2d9mW8paB9wOEexNbAULV3vk4gXdk6ZSFzdBL+H3VgYvXyJgGgAMW2G4YSFGXWcE2gszFOHpiIn+jxtTBMk/WtOzNO0n7DrSAtTSdjt0YgwLck7IqFC6i/OrXZH/+arx+mX5xquu/RYZ+drSSMtKVpvmxoqMFadrzOtWIDYFFec9Cw2Ombv5ux0Y/v45PH9l5/zkfJYMlmN6AHbs09WMHFLGXXwou/LJf2wZYJo3Tuy/NvauPam7aOTJ3u7h3CipgKG0oSXl2bnuHZp8KPDgxuns0kP8fF6WSHy9rZjUJKLAVqzvhsHR3qU3g6lzzOxiCsCVorlrdBcCuVXX9cgdjw42MVvKx9ld3ThzVBLnMyhoq3I0J4FlBkZH9XBvM1v7xyYSP7ej3/y53/zvf/7f/dv3n//+Yfvvfvh++995zvf/tY3PlQDrVhBxfGEdPAGYRQaSuyQ68Qu5knWBAtgc6U6+YZtbkyGpvc743CdWUKnHwqDqRObgXS7g7l4q/KaaE7LmQ/lmHFf+pjkNHzXWdx0YrFBoy8rNvJZ9KZtqvVqdDwVy72k3+ODMAS37gQSzBfzeDpKkTogbBYzsRGip2EqdWbI2IiGYcJ6WIdb+Ew6fSvRmJ0Ujo/KJKxMov+ofvz45J0nT6rqRx23h7TwyZ+Vu0pxyzCU5QkudfQ14Pp3OT/hUHXl6GKHjU3Uyb7myQfbloc23beQDiqC4CSaU7fnSUC5n12vexfPRZurJmmKAwWOdavSTv3jBThT2NKE8JnJU9PoIrhWTogstzZto24h7Jqt98WUDZO0Cx9QTBDHkdYC4kkBRPaOYFwte5HUMsMiRmvjiiBZjgFqRl1MDMloFlFxumk7xojFenMGcwALKNKREYRNYTbqbL9vrN1pLp5601Gf6SUk+egD3wwbECABkSX9bGZWYkGj6DYn4FXQ3vzByQAAIABJREFU2sJO3lkWU1fijafx0KYTM1M7TreB1WxhprDEc3f/+vT0o59+9qMff/K9H/zwy5dvKL/xBoCSg2jMQ5UT5U5yX9kJEL2MZ82m+p2HW6+/sYDhe3/3t0KeR48fpYZey2lB4c0F7L+8uPzz7/2d4w+P9kxBQAwwPIqPLOVoZ/fo4ICln3hj2P5BPhasq0uD15wDvUV2g9lSrKJmrN558jWrD4lknGbxWtajIiMcvV/UYJRuHGUSHdVPghmt8h6kzogcr60dV4sVojflHN+sTJo7XKgnn1bAohKqQsCdeoDCGhJJ3v4qDgcuguIUzkSt0psN+6ZtHIWyMt13obKcUzbX6NT9uefhmFC6JzMyt7MkV5Wo6b4uXcKCqG/MCpx0b6EVjVE5pj1cGDS7K3hB6viT9LQaEFGS0RRoKhElyRvt8SzKM/sCJ0gN2wOX2ejlGrHMB62JQ6HY2x8YZRfAxtJ5ok36X3Vsy+60GKgqziA6rkTWyJfXGqmVHqoIQie2ii+Nl7q5oFxfX1YmePNhxygCy+9uJQsVwtstf5IPC/Q0lYux0OKOrG3KsTdnpUE40hBevUAiccenfGVciwM1n2UoPXxiXWrALj+fcipXAlf73c4h62sV7mHaI0D0bbF4Vdi8sGA6CVMVnWvDXXbgISMu59/JN/oorizp9VE7nfEnaH2dqzxtD92Kwf3218ftLkJ/uerhfIq+Y1aM7WpqLHq8VI+ISno4F1Nu6nheXNhabb02z2wK0SmpJgfevH35ygI3pKF2WgYi1uEQMDjp+0h8cMLL0bBwSxP8R8KiBloORnweSINkPPWYU9O/+tEf1zU2jwST+hJC4IJGJdFV/SpqP16lF24E8CuqGAhsV4WGXtxt5L3WyralbjUH61iHhMKV+fQ9oQazy7pL9yqsZq4kFveUvlp4w2cLDck0L9mfriBAz/EnTc15DLKQBDbYY/2hzWclLCjEgqLPaTuNzMcr6XYgDNtjk6+6SR+RARU39HblDq1tidsEBDC+sbNw0wqidzZff46dsawsoaNnNnXGSU+l280H+R/xnFewmP/tFXlrthNvrd1enAliTp8+exY5bUtoH8bR0REwLvR2r25eE5AtpYTnVDlbU+UC6I890TTdZJrlExJHFzf3BkZ6Mk3s7OxrRdh3YSUrXerMZD2TZKSUDPKs3r/Z336sgO5djkeMiK+oF5naMrnkgVBpbZPNNfpKxHolUSHDxvoXr97+5NMvLn73Dw72D959+ujDD579ws+JFb9ty8X2PmC9TIUmEZaYS/foDlaTISby72OunWYHuoEeHam3M/SM94XfUJGOogQiGhGxHWgJNH+lbPo3wUaCKodTPD764cao+tDry/iMDsPDiFZGjhmkXKIWs4hwcRg5kh0T5KVeLsTxhFWci/FcTqiZmVVA0KaVJjXHcZRSUCbx1E7EpWxpU1+oynhyoXDsQlQ+YkrkDnm7zfX3zC8fHTfWTPO1REstEqjTQPh0T7Z6j4Z36h9VW3cqgxaFOlLGaNIKbPFt00ICM5KOQLqwrKFFhA0knPFi65JAcN3yViMVM7fOwa4LocCqD2JlLlHAO6LSukCHirMqBYrqR//sKsGOXUf9MEF8mvlzb4IWXpWfax8r1MokFgRKctYr8i13Xk6AaUd7XiAnoduhKgLfi6sr+DJVfBKVmv3RiKdGyM5vdo5352u2D6Qhvk0Y1mRTTBKHdPyeE++wjN/CLx6esUgzsEYajGucl6To5cU5tRE/a4eqC6ZNxX7VBQQEegRXetIctJWpIhu4bAsQlS0q9QX37vTW435oaVNUzuqWtEuCtLFh+du3Z5988fn3vSnvky8++vSzl6/YaaNuouanRi0TewHBaBTKKUJ6rsWc3B1wJztbR1ub5GTgZMz42edesPLX77/3/PHBvtclIeaHH3381z/8sdju0DBT+hkDq4r563s76wd7h09PHjv8nNWYP9g72McwKyGwN5dla3TrMlOGy5urcxMQTkFc33j8/tcwgp0SH+QGGXo5fJ4OfnxPnppeQRfmfqebrGgyBRzk9ARjchky+6oIkBjEMhI0o61nqOum2cTkJk1YemIQ6PnKZkbjQ4fyA1PHo1YLQmuTuWZHozRTYcxk2NDm61J0CvKfUaLtyOdeIq0HuRK/AOPlzUQ1VBvBKlyPEMjxTjQTpVUKj5GzZ566V9GqhbNK01xDx4j1P3yXssGqJF8BKIkjy6+h2l71rHYaH19hlBrjCnl0SElsWqNgwzKDmXC1La8kX0rLVYC7oJ8t612mvwNtGoWDAUsy8jN3Rmqg9hMrYkq+tPJ0nTPqVtiOMws72GqjJ92KWPeUqmiNzyd4sRSmcaoK+ehaqBhPGQ1TwZdiv6Uyn00ZNMdAw6JJJQ+LbZRfAqjarlkPirKKaBtCDMyJQsNgSMqeWkUzzWqFl46qepS8tv9sl8fXixgC7smB5F0KED3toTJsO+yHHlwJf41GZr8G79pzNf55yPvq6dJyRafI35eOucAMMFYRgT2jDCvIS/GgxuwaGfD4omyC1T9x20y4uRfvSbo4u3SyzcurS5MapZ8W2KpDgQCmgeL6VSPSax71oyjFV5yS9bN8Fi0c+vC91Iu+JJjwSIfGSRYnEktmYyQ819lkykhFNTnOmfRVxsHld4T7KjZbdHWeMAcf0BVmT9qt/LC9EXR1Fr62aSmVWzDpJmjLmt4IjTwJJ1JPGKqGsM9YbeFgYWHu3J8yLQM6RFZ88Z1S+so/RO2wZ7TcJTg5MeSncR7JCGIc/iQQHKvVrrBTuLwKG2MOcRU9z13l419USNo40tg/b3C7Ozg5ePTO1U++b85sp3Rgy2EpnpVZfuqb58QVFn4x0rxoz8q8cNa8dMvtt0Xqau2t1xHQJq9WLTIpaIRVR5cNx+1EaY/n3u7B6e1bFU1W6gxP377VlFyffxp1hPWOw1D0Y+147a2XMj0Qx0Yhrt5XrsbmaxIVPeDqKAE+NPSCtSSJUd7LLz71it79w2O9K9MvaTtvzYWRM5BJAl8++fLFTz///A///LsaPT48+OD95//4V3/5W9/55tOnj8nI6kcZRMaaz0qydMRfk0NmAIzZ2jeamkAAt+t4smnXDHrElzJSgwSHGOqacPmLAdHkiDGqxABJTVwOQMfikA3pteUCaXobstTdJ+dRUipP+1O2RfkmFeFyWVqURvI61gNsWAaQmOsmM+7up5ZUP4cI1ngnarHoWUqd3unLpuXMgdosQRXn2ng6MtdtR/rg3XcxWT2fsRuANRCkNmRsWbyaPkj7CIMW/vBm1+fNZnYIJmzv7vd39zVBOg68MT3djnhkTu/lNw/IkmWrIWjF7qRgQ8zmV+GTk1a2LNY2kMjy8UYo0Sam3klKOrY63alo8ArgnSUK8JxEICxR5T9Ux7wd6Nyh3JjQGj6YYQs5CUywS3Yyey3UyutxyeqIuUUOdSEob8lsUWUf9VqGwXl7zyTwHEMBbxFDH/CydPlBsIANCZ+6nnGjcxj05dWNlTqCTnUbmeBBmQKIJbxs1785qokf4t/Q0+Otff4EPg7NtXgx285j9eIiFsT0RmFKAVrU8fEnn//wRz/52x/+9Isv33z+8qUh1ixRHPgk3Kwox8V2R/cos6bJC3N9MCdeUYa8oxMIdy0luu8ditpEI4N58ebqo8//mtFTXpIS2yHCEkPZXK8Fi2h7hjY3Hh3tPj1y0O++weT+wWFuW++o04vLhThJbm2tXCoRO1LRFBVPBOzOwdbeUXhSSLqKN/UPfqCAycMqbHKdkOtW4nysSllbrz6u1N30FcVKJmXaX24DtUXnVasX8TVjwdFSwKyX+OdeKcP6GGVoPlA+NTMc7Fmg7XLtKV2jMlobXo7pgpqQ6pkU65u3hDfhmFbpPJJENSIH2InTaWPSiTeN4jijkKydLLP+xh3lVYdA9I+vjkjh2VjWVzjEDqX0BBrUtE9QopmXzA6D4T4sIrgSgcEXF3Ckk/TMT4eaBa0WUOHC/6Wi3yEZce7ghGuWE9wKwjFV9ajquSa8ANUNPJlPOJT1qdCwetjYXZ7VrVypB9VMNUtwLy0OGzCrdgaDOuGJ+OHJYNOxUYD5BatojRNBjKt142EHDWz3O5TcYRcDMApEP/FYzTxnXFEjgc9oZXACssqWXRdcp1yhHemVU55D0VkhoYDYnZINWTTfU/yHnNYgmjQ5MLls6TUPt7XrcYX6VCJ35GchdP6E0gI+kjICwHtS64PwUhq6KVyfnv//f0bquDIqpUoMqpXkM5h6kGDi3TwJCw+oZhsTyuPwoj5yHDYenJ6+fXX6+g1c2RFb88lm2UW0BwMaxUwpGGySQ4ahHOVdqWNNDhWVwsyKRo1/U2bGHAb/qSI0WrtcOgxKUeFftGs0TcW2GtaqG1ChURk4gbnHD/hLfWoP/DRjfs+9mp7Gh59hgIrFRNNkGKsGfPgPt4dBLtkJhsNl0IkU6s7SAk3cSZpERVt94TbJXiXT8Sk8IY6+jJ7HnoGEqJIMw6/CwhQRtQzYk4kG6TuNnwTh3OfKRe3YopK7vtJj3+rXupfnHVtoKVJM0zWuedWyLcS7O+99+/azH1+cvvaKgrV13Wr7DB0wjVqnGOvjO57MdstSLNs2MsvVrZ+bcDWKage0wY1+GsZyARqyFb/JIZnC7e2L80tzzdJd17cXNocqen/GIDc97jVSvptBs8x/kjQpPnuf3QPHJycX5xfQFBdKrug/pNdJ39wi9dODJzw7SZqSllwguOJFHL66vgAWpQ4mYVhLxmjnYPv8/JyothxO0zAv1aTWWPjZq1cff/niT/78uzYenBzLZex/+OH7v/rLv/Tzv/Dzj+zPPDoWvsr/NzRi0iWuSsv4kuMRxMpOpVnWt12Qrn0G5Js3LzQYR0yPTJPdXI3KUDjNMqQrukAVxUaFAWnWopBWE8qk0XChXoEvyAjRbuWjuUilqYUtIb2MWFoBgF5d/dSVrPUZeJNCeNpyNJeUwMWowKK7KTn7SJlTCy2EmQsfsY+LUVOlcIphPDx+/Ojp03dG22s1W/DBUnOlFs0V0LSMMuXXGfeq4SZl2CgZiVHg5X9He8nJeePS9aVIkbMg89K3ne1yRUEk/DSZg7FmkVPcbLUfomhC7nPXe3qkpYRxeBGjc6vyxALT23vKBiPvGbAbePfgcDaC31gWqQhcrZJU3Hh8cRvQyArY4bz1B/rCGtpF04yR6JdmmaZ/CJPdxE/AZTTXrsVTKO6NI3EBiByH57d2hLjetiVHPaZXcJpAZPGwmQ4YrUzaEjQDHovtHPRIZbw3x1pfgmgJGr96sHWEdIKQS9PT4nRtaWgCTVSkDyati95lfLct4+DnCOJ63pVnkkdHwhJfvnj7k08+/cu/+cFPPv304vT6wvw1TbOWUWPlvBclBaz1Uvm+8TPcQ36xXi33i/eJROManZllO7bO77zwUIiw9uZqdPQ11DAhEDjgRP3dlgaso4I3YAcatAzx8dHuk+Ojdx499p5GUSy94hngxBLUzXGViwpJfTnbNLNsgSm07QfaPXlKAagxlk48x3MqBevGogC5SvX1KaPE4ZIvSXsTUk8QNq5vSlfAndx2OTomg0JfFaz0+MrYNV/U6AWbAKpWJI2HoUuxVVyYRSoQUhJgqs6cwq9SarmoJ+xh2esa8MCNsb+CRV9TJLcADHWg1JoqUVjzhKxchh6o8XjxrcFmxkh+yXAUsr+Rpr0Qmq5WNw1lULuLNo0pPBBQk642qarpJbJwT1PwbKgPxFwNg7oe/IZVjFiR1WXxHOLAqdOPHt+q/JV03IWNe/EjHAug4mAfkh9RRQfFyo/Ujj43Zo+hKatgtQeHcrFZzsKUUdJaHCJDSUXIl8ATkVTDx+PUddACbZooXuFoFOF1iX264oosjaaTZApghMEpGgI0QNzsuurg5tWGIgWisAbwu0Kj6BWpZkKNlBBivBxhoYLh3ng1L63Xf5kK45T0sdYftiQbcmUvCliWplc4LAyB7/KJwaHk95TrG0z0525FL/bNdQT0CQtFoVL5voR41adqZFUojFcUd91jrdBWBs7hF53pj/kj683Or07f2rr84oWjI4TCI4xongb80URYJok4kD3g8iCNW/7G6xHD2GlcXKEfO+vkRoN6SFGktHINXjiVHvtOQJ3ObFAFdsDUJsuVOFZoUNPBKCz890srDJT8FjzVSQPyJFGvcJgO9t2Z2+pERp1pvMCXRm8EXpPVGlg84+BQmSk1oWquDHjCL0hUgpB80sZQjcfRYuonJlHk4sJom74dICXyM6wj8uevGn2jr/1zr+J62B5OqdjbYwAXnYZThOEnc0+kYYhyKQFhveSF08g+/M71Zz+9efEZlh4enoixdCBehUuyXmlHH63sWz+fCTa0NK4uRaZFIJHS0cSuts1I71qMaGLRWEizelvBIvSoPpRuNnqnxcHhgRNzLYTkAnDJhPLVxQVriIibWwaBDgrGS8mC2Obi7ENR0+mpY3Yu1zf2gfI2R53jHLtokmsHOR14NNJ2WDtkEW4iT29MWHS3d+8yXltlH+52922+XpP6FnH1nhVR2owIxQZnt/dffPLlDz/+/D//yV8e7NnIs/f+++/93M9+52sfvPfu+++aETs4PpQka2jJGHJhzSPjgmgITFk0aqJpowFeAjkFr5QL78vQyO0R8GxfaNpRwtVqEnaiYIa1qAqp+SEnEwrqulYLb0dx+LnNXkitsXoDshRQyXR2nDRM8oCjk2FFvILCpJzCpL6jvxJ2tJwOAhroCTsIgi3RNZjm92BWAZQpmfKIh957/tx2UzJXraFvSKRQdMCgEY11liJwZBTbOIO9XCNvIb3ayhkzkZt7gl/OU7vcuiQxvdf5z8TJ5t6DIFNuG5odhwIVL0HhRLIXgWZHG8IvTGxaMOWi3UI6YwDHv186nbuXKoJszQvc/G4Q3/jejtor0ZRxDnxmi4y99na+Q8FiR7uSqV0TRq0KAH3T8tmjOMRGaTaJ1t9bqXgmSpOtx3h3cJ7tKWyGWOZ+fBJmwZCbQDWW2KaDlnpc7sZRRPiDLUlBcphstin1JWYjpGASG4lGkg3ozvFpr0/ysAV801HVqUhgne+zLeQqxRiv7bYh0V5qXHcqLpQ7/OTTL3/w449tQP67H31UlKyOPGhVTHrMkjvinZ1DCNN2SpbQ8ar1yhpltqM5VAT+9M2TvAyGieWFaaIlOuPEdU9wqvrQdhjnkuKAVjMDglxqyEV73fbGo4O9d588PZQR8X97v3Ums4MH0w286AQpjGPzO8th+6dnF2/E9VKhEthP3sGpOEwx2UXOpwSn3hyTmFAedlQymUE6t0gaY0GUqhiBthIW7e4nnONGrtH96C0+GZvwdfINyQsHcvUuxw4BBLlKdaiZEDiqeR7YBgqxAk9Axu5KA57b59amUCYkhlDes4VvuaCQKBwDFcdrYK6XthFQj6HONOoCFBq+RKquahqt1etaYULXKjAApcYw6T+9WjqCUK+tLO7WvBJSFag2msPLp4dp7EAODlvwkNrEf1f9VHA6Lzxc0T3pvcV6yi3UDhDAZT/a10Qa4zNhrQYqUSvxqibTCDUak8+t/ACL6EGerXKIw6iAKxl4cjRagEpw/IelNqru4/m0MahAuy4prGqZ+HpcoxWtYJobN+JJ9TlY4MMGCXm9rrssLBj2xwP8WVhNTXX4CqBlBBIivromOJ9BXhukiC8CROpbjFCUAGMxodeUWQ5l3YouswR7P3Bu1+TEL7UeJB8YBt/F/Av95WbkTKNzY2Q1GtHN5cHqKbrcyFmFpA8YSxn0YzWV7U6cnR+F/77c6IAOkQPj38sdtgbs/PLy7dvXr87fXNTxgssuqlI7YNCBfkCp0QZTuLA8SrFqXA1mG+MrFR+HwhrOS1badY8mHIIAHyl9wJ/zINaxc7OskbdKdcaZZ2Lpw8K6SNI2nFJJ9/soEGjIgV5bkF/43P3oXz0dUpCUAtbLBqlvWgzruDUYBrquVNVUauGhe7VYznDSPZMwDHroJd4MTVtp1ESAY27Akkb8EX6A30IFrOpZndNcolgxkRQmdDHdC1fga4+y3D55KQ34PUjN1ZA21t/XGAsJGzkws8Podp5/uH/y9Pyzjzdvro42LCXaFUmbnLq9Yml3LYpqTZMDbG40xrYey7AdH2Oeuw7DFqjpweDLs7fMana2OvyC6x4bgF0f3e7b16cE76tiTuBeEkGSQ5ube4JLYmIuNA3Jfsuqw1IEgs8OCsVB71SwV5rR2DptIkpnxrTm1Lw1JwzrmS3qJS6sMAGJkZ4BZW0c+q2ko0ycNw3j6TgrK7286INWCCdvz88lLHXDtojyTF+8fv3i9en3/u6H2OkAKgO5p0+efvvbX3//vWcffvjeO0+fnjx53Fk8s/zfokerNCk8fR7VSC3YtS3//OnIv1BSHDta1unczr5OVzOCxizMc9xudjL+PJmPCukIwZVrFA24U3LIPO5XCsl1MuA0i+UZgaaEY4MUMJLzm3hKr1K4OhUarM1gUgT9IgQrww3R9dRO3G//gTqKwmBtvf3LH36IV7iXq1jlm5BbI5gHmk3EruApUGOrAPF40mb5PVtkrNezrWFesdMKms1NB23CtHGxTgICc0rO2dvzR49PIIgok7ZmSkEEwD+5Q6NSpE5w2tI6mhYze/ujFBqNzlwFdl1P5hLd8qw21PMalI3buPb6kFYQWCd6u2mV1ETFRFud2GNP9AWHbFE4UcEap0iBq0lSDTiELvpygQXNao2V32ywDPfWHs4MVx8szbZetXy28y9Jk5nBo9HChteOGwspTnXZXz2qub0bZ+XMultYlTYtZaI38EECrSDHLJ4aCwGtBhFcY1BTZmvs0wbks9PzH/zwJz/++LO/+9FPP/v8hWiUiFlAvoRInCO0g1juJidAoOTWwyA3sEDUOCJ6uhJ7viSvV+eXK9LXmjXeuHfqqeUdNJeaN7fQLq7pPtgUM+z8x+LycU4aCSoOGiO0Yfnk+OjR0ap7M5zcNBS0YjJfhDatNUoxv8wLXF2+Pb/48u25eXdnOu48+3D3+BFQec1UOrcIuSFH7dSlb5BtvNoTKjBGlFwV1opS3fd7LCSnX6GpGkO4jPxz5CibvAs9VUBGoNRzjRyXdWraCmsfLpD2ukj/KlVrPRjzyMgV94mRPFCAqE1QwNdsMD0ldJ7P+G9V1WJvd2O9AvwVxQsG0zW5vqQb6izoHD8WS7RKrHASGU5jTafVuQc9plUmHJSbcUEYaL3QMj6A5kYOxHOMNGzSrYTuwMOkODDoYlDQalBd3kf1Qhu4p14LCcCXApwyMVHxaWkuUz5+b2zWA8UGzxFJDIFJo0R8VcdApMax3CPVUaVIYegi3OUeRNVoJrOaUJrHiWMwgnPsXpB2L975FKn7IHNMahEHXPLjteFX+Pi7SAa/YaQOctPw5crfNGrqoAZ1yXnyXPAZSNE3PhhpeIdhtRsUi2piH8tg+xM0WISxu7PPA+q9mFQjUQV88Tt0R0iu0LlCcxr3a0VubXqmzeXjeiZEh+thHd6eL/zsOpJCFHbRXIFBW0XYKhDuc3daJI9Kw513yAc2fC3DIzSbyWV7FF6/fC0h0rKVCqdbWAjr8R4DHZQaGcVKfK7s4sTWRDW6uQzPMkm3Y/EKT9XdU4MiMo38F/Wl/UVCun4uLZ9Sczq5GVfS4hQ1rYl6rHTDp/YTaj517lSOYizfaidzih/B8iwgrsKk+90O2Ri24lxP09dFPanD0ko0L1UEObiwDAe6SGzag9zYlT9a4lqme+GpQzG1qi8abCHctJbPIgCLP2e0qDryi5ELE4cjMVbFcqlpNzjD84XNYdy9kPU3LYdtTrpOvq2xdSJoFMic24Sy+fVvaur07PX6+bkkkNedSW057mLz5tbYf33n7sKRVIVjJn87nBm76mX94e9LGRiOOdu2vMZsat6V9ms91O3dydNHZW2cXHNtD0dL0uw2wQZBw9196xcXxTRIstgCv40ENtfFEOtnZ+eiGAlBJEwvS+XksCQpnCl349W3Wt4/OPA6r7dv3swByCYYD4QWRZn1wlS3fdPYhWEbRstrd2KCs3OxiwRH2Rdhay5FRnF7l66QLS5byDibbY1IhGO5ph998vGPPvkExw7lNTc2HD/w3vNn3yjB+Ozp82dY7DSfx08eb+y1naXZcBPv8TkZOkicTMtGdQ5jkmBP9Iw8ytBLYi3hnR5XXnDbQS2SIq71CtCjYCwRXkSX8FJ9IhddtOs2XfcNGJE6o9FGGqu1MfVULxHBotEJnisM2+BMIfInUo2mC+IeaRmMqsvPS9Jf0fC7z98rHhJiJnS4hA64+n7hmxz5g5dOy9RBRlh2Rz0aQBNa1mu6eVp/ED3wKVre8EZm6eQZW7Yd+E7G1CoCA+YiMPR6iY5oEh8f7l6/fkOgmSHnfEthvGjHxl+rHou37IAKbEs6W1Qgbyhnzf1mXDdpl6DfKZmkT8aYtD+z2NeXbTxvArpQB4/ZkMwiVZVcRFb2qhH+zjCjxJvuZsITIRR/LS9iDwsFbno3FqGbbRlrZW6ESnb31hsU+Ip+iuZRDfwMZjITDbh3fWEBxTlNwExdQTYA0iwFBo7bM1frJVWQVKftyZ0AdWuT+4sXL3/6yScvXrz5yU8//+zFq7OLzhsDMSc5Z1LWRFN/GGHFZ/fdydQLg+g4KeWRONY0QVhQPOQyLi8XzAAsKkB8GL+3/nC8vX0kn0ndmmU3CVa3BUzbW9zTFAQI2HhF7nbdioL1A0Hk7oGE5MHOJnvpEEQeAstaV9cghLJqlOwgLgdvSPD2jTcyGgvIIF+dm+J//vUnX/+5sKJ49QjhZ0ij4fQP/v7VY0aDxzR4OhLkuhk36roVWuy6rgY1+i2IK+xbksvDNGgELwh+jeYnSp611BRH17IDxQPmX12CUiFcbnVoAAAgAElEQVRVpfkdO9zJqBmggxGSW7eydC1OZAlL3akqEeQD7ezMDf9TxBRN+XyHenAc8DCubY/9jYpEiI81TM+S5pTrduoGxpATZA2o5TEU5lyF4Mf5GoUEoMENuta6Uy8+WjLeHbd7n5RHtYJZEz3HYaZaBg6InBSw/Z+WwXAnBtM9N9XlJUikSCP8tZK/ESau2ABIlgsGCH5GqBN4hWKFYKV8dXNNwRnrXXFk6OjmEFwbUYwzlQzRwTNGaGRcHZEED+0jC3j6jPTSsZ4Mi/KHgUhOaXjtQofrGJb6DeVx16AmoZEBiYCWQI0B40+z5DGBGtRqQXiFXTfbZciLyz7GfwWInBkH2XjWRjA9M8dQ+JgAgrsQRxYxIgrc9C9WRGc8mBuV9T2MergU+qqov2EwpMWKCPG1OhVXCYGq9atmFnlGfxR3n/0auzLdnKdfxnaWHp6fn75+8dKhCLO+PnqnPoBAxuqi81jrM+odP/zvn9Y9wH3qVQ6wi0GnC5XQ60ao+e5pOQtr9uvdqZZ/AkPyEh9NvaF4wBb0wLqOLyULhM+A7G64RGHRQFzuIeuqxyJ8PVloDfKDjYcpTTYQXsOzqi9w0iSMTENgWAXIsP4EvrRDD2hC7XiqqPsVUTYCC+ZQWNgQXQEZTphpGpZnN+7rN9BbqDjj/aJiflTZeBFeBc7Dylr1H3q1FYtXLS7Yh0KE+u+fGMGveNRXhbPQdMH6fjPK9piaT7SN4NXbja3L414+0f6MTOTikva2I2R38+DokZ5Y2ps2G+PAQpRzdmq+evvw+ODy7Or4+OjMvPD11eHR8Y6wSKBpIaCXtO6ViLI78dAeZ6bXal0a430Jl85ELCHXm/pOZQZhLbiTvWvekOCYCbIgM45GXyJWEMVKuFjGhbE6W8gRbm/m1aI5r93Ns/P2tSzsYYLSHuYcZbagYf/kmzdvLYeXjtyTAFt7MLW9f7Cvqz4/OxWusFrr5Vsc3Do5b+xt7m/nYNdkqkTOl1+efvLy9R//l78RZcQ9Oc6dnQ/ee/b1b3zt+bOn73/w/uHh4dHJUUeZzSvRjAWFKEx90RyaQezydtc3rbbEXUouYuhAkSwuxUianArJUfykICvZSy+ojfEkbeObRXtVdv7WzJoLxzIyz0Q0gq38b9hVooxXCpCK+lt8CSDkmyyfUnP47Hi/9GSUV9z8/Pmzk8PjgC6KznVQoZRdp4klonnHUu6m023XvevQzDkhZf/YsUcGlXfHx4ez6yCFdrDzzE5mbKBwK+J1EyiOnlnwStM0kVZmBdwk1nXYoYysrSMWJl6yDIokfJIE5uyLQfcOdrgn74hTmI0wvQ5ebgVnJZmd41IOD+lX6kcbNTrLPeNAqetmvW2nKGoUsLZNq6GFmOW8RKb8LpQ4CDqwTMkJdDEz50EiFhh6gfguUVDZGNyaf/vBmrlrxe2YMpSoewPtwsGE5i1+SdnOmI6PFjOVP6B3Mdong7t8+erNFy9ef/bZFx9/+vnp5ZWvxltvX3uzsWi0fo6WcgbtV3FAoxexlIWKIQMsV6A9JhMF3iJeCJ/zHOHmUOvrF4UpNoADANM2xRpPS0u8AO94c+Noa/1IHG9z+obFx5qdkCxGtwXZuhHnhXeWhEU1u1u2hHv35cHWlk0qzYsVmTiT/LBseWc6pjsgp8oP97KGHYiNLn3LxcWpdSewfPTOo2cfHB49xQfsmI4egmgdj8HOc71xiZ7UrY//HuWm70MguqY/1RrJZQ7YpDTTA9CfxRbATpdhPv33BEY5Wp4yDz+qLjj0IVhxFbtYmnGjm0IgFZtfTUnoBbNTbQV+/nLcBRmjMtXhCsJ3DNOfBI4eYN1nOzoTTRmhLAUQGT1VKc7U+MKHhUxfQRwas1ggyuqqCQTPgbAWF/raIFPRirsZxflT94DjZwJBe4ejfEf9kyKe96nn9V1DBB5+LtgU8FXGTxsyPG6EE4Q++BF/xmeHDCgDe3zZpEurOqKjnQsLlEIDY6xNCDVAHprUrXqo5hWAn285EVgWWWtumlgaDXOFljuRNwjAOf6NdOona78goxzPQgjeLerRU6OL2KWUL/KZUQMQk9XWZNt9cyeYoALubsDcjVuVj2bipg8ojEia55frUeUiDONzFkKB9Fjbux38ZGlVPpEr4P3q+EoijuVoJ2QACMH5WYCCGzO0vOITFQi7muo2+akSS+ZbhVZsGXBTLeDgVMAnSpP4AmRuBi2QCUdjYOpoO3DAHElTfrpWq0LO3755+fbV2wZIxdCBCdsapzyB7lt/Aw4IeNzD6GR3GWqyT7K1NqIeUqLEnZDE7dpOeOOoIUB56zh1N0bvPai9zGrF92ivVUhQMt0LOVAHUvM7TDydMlQh5a9tY+EWKsEkRigzagc3dkryQ0wVE3QYDxQyJf/hXsrUQIcGsJBqB3dGfqD15mJWg9qSqwS0YRMr8iNPYUmyyKPdkgwlS+oOW7PjMh5loCyQC+2Rjz+jeNjS85qDV74EvSGow88hxt1o9TSSEKDF+YuQGFy9TB+Zo6y41G1L36LF8TZye95ycHT/8IHLp49en796sbH5+fX9lyaTRWWHxxv7hydmkOvs7h/OT88lf/TMwrXm/i4tLevwEUJbyIOCtfi9aN3WjrIIeWedWNm5S/GBzSqbojYko4G2Ic8c49mFlWSNFeGsHZlFR96ILBnL4r2NumQooM6Om1A2Je0cuM7ltlhwX5Kbf/dJTS2Z39u1G4CVMbvuOps6byigaIKQd1dwu962A1loDabbjjgpn3bSgLx/SMpJXvrkYds7SoQadbtsVxW7p09vrj/9q9d/+ld/q08mgpNju9AkN3ePjo++9c2vP3cMiPdOHB4/Nj39+An+iIpId5nXxkkzoLcXp5/99KP/8Ed/JqYQF4lgcjqpzkgNuqlImk9idHxzdsvgKgnCjZ2OZbhc9GGUQDkfvE9lmUQggUkvRxvq2XCYDlY906Hu+fe05EEM/vTJY7cKZRbVqScwUz/2pTgOlvQty0sp0QWahsRF5p5vrvj4mmvFRKaqNbP6QCQC2NxZbqp9CJbQvt8/KD7Tvu0JOnVUFgI+rO3ahC6NcX93enbOdSJT3lJoLqdo6JpAxwoKjFramZMRRyyI8bzSyQ5PUQQD8RPMgr8bb8OT+baqL9eKapBpCCXkaHBL8ymk6WYE24ITu6SxHQAQ1XQhT3Rrer0XBKBMc+LKso60OBu9a2HjvPjHLUd26j4Jmk4baTNCkkjBDUH2vI7y7szg++XbH370xen5ZeHg6fmbtxcvX76yxZkX5QOiMVsli5KUCcUsbbk4isF7hD/cLJkcb7MZGi6rU8eFn+HJ+BzrVLhC8NWi80Ap3Dr4TgNUW1uRT90py8nGw5PtrZO9/aM9u002dV42oORb1Ocv+Bum5Ohs+3Qc99oZ2q2dIh3FVGHeNzfGeAE01yCFD1lv4SIAO7Yky9+c22Lkbda3r8/PLtjT8288eed9W4ryhFrxS9gR82l6ccropwdlo1HiOznl4KYM0PFI8XoVyMU7HjgVhfBMifZ0LAK1GJgXb9ws5KUePRiHXV1guwEe7gmbaqTbo0hu5lt8QmwJCpf4BwKFOgrOKCebCg29GGGEVsFH3ce0kPLkrr2NSaZ5eogRwTQWVU3pknVFohYWAxpq+fjw8a+hZLhFRHgDXkdQC/3FuGxE63NR6iM4Uc2DqjqguzH14/PcY2t13hUonJpAceIk9SujBvgUy/Nx1gENx4SSjHwSXBBS4qkQkoAsmGN9dUPV3eGpwjF9mThZmqjwdNYSvjRIeWINeB5SkZFEJKUSoYKuknVQT2q1X0DhbwJI8z1lwW70ZJCMFSosDZK4J3FroWywBadILXDws84k6iMEHuP3AC9A8H3aLIoCfDhfon2YHEdqWBVPWoxk8K9r8rqH3rlc4sPWv6JD1jQzNHlVlSsehCQbw+cTp7qYv0EN60omYH/iq+9z5Qs2Zvwu8u/quURyj5fyq+I14WYFejifuZcYwmDRyRlOd2KJk0qMeC8cfPj6y9emb3jS9LCsmE8E4xNzIzfgRmS1RA49T9k0mHYVMnbH/5AOZT/lM8Ysg+Upa5rgtFBIKKFbLKCqoykmGXIWqIN7racu7BUUg/FBwvfFgmspWcQaxuhbpu0XpHxRdXAILR8CUNRdgBL+6Eimlc0EkZb/fdUkH3cpSxICKLgphTSL7w/cNHyNEli5V5lAYBhRz1IuoYfCBPQ1wudAFPLFr85fLuPAYZeQUDFEor3eNE8/yLqjdf/jyUT1kedS2VBLGYom4Zlq4O3wN3ZkUxVWDFmNgc020kj6anX8ztbl+s5/+ejHzrH9zntfO3x4OL28Pjm+Prg8kidzxCDU5I1y4uI/07CNUNfNxwIkYwRDOk4Y+qj9vd3TN84+tCuGbm1SJTl1hGhJICH/t75xCAk2ApgfmxwpHIsQKYedEK88TR0kq+dLWQ7OgWY/rEUa5PTi5WcackxNe5kcuHNp43Ak4nwadN1CYP2x/ogKCBYOjw7xWDSj226o3onH9Md+iNiYrVqFOWvtydtRc/Qej91P/Ng/CUWpR4XBsS/l8GRLN7fELvCBzMvLyy+dFPyJ19w9/Mc//QvWWBC9tXVydPD06RMZ1g/efefZs8fHJ48w0Fz82zev/oe//Kvv/+TT16eXiY8aJPTe+1dIJ0gYcpJbCtD7eZkEYQrQYAwNNchR7pBWKTMiFhhMQJmcfejQqFjAmp4foWDSdHhi6eJxInDFlvNEJs2fvfOMCOiduplqbpqiUXgbGqR97Vt/IcDYb5nBtuGkeBsGgLMr4bhIxpph4iLF8les09QYdZl14qtsQYss6Wc63ZpCS6DuH452RSFSPpJwt029Tw/NvRiGFLzD5d5E7hVHmn6j1+tSIM2qKKS3i4u/bdU3tIxvrUZlSyROeeiY8tPjrktZ9W5l/HVXjCXYhcqszFOvwN16QaztpX/i6EzPOY+qG6zabWWQMqzOuFMM88x0w4ilZYgjCTbANdWrFDwJw63bMCNsFtUbw7/44ouPPvncXPkLZxK+PX97dtFYUfcnk3zXi8u1TzwpHsE4yMfGrxYn1I3SD0RTEvKodQK14lZgJ5xq+XxrHNlQrmU2mNN8wjMMME2OMqtkwVQNgCaJ58PodJJLb100ZGD2sP54Z/vx4f6J6LD3Q8vCWhxFCUhfWm79nvHf3R7uiJMZmfBxWVnf62PlQsl/Z92y1BIupeHTIIy+c9BB70qRcjgztrp+e3F2Bez7P/vO03cpIRYoNzSGDXVixPEfSgCliRPCFbGkOXQymQodxgErhlfFcNXRGzTlSvXHHWDdPJ+imRZZutXzGppn7GHK1+BqbDXMKClCmhmM+wV4GjEBBUAT9gD1tPDa8xL2Og0twDItUKgHsQBpCWyMIrQgn+lmZeE5uKqDsmI3wgpItKhdL7YgjHwmr4GeBDPDD7n+x7GhJ5teoqWoURIimikP6IeyDYTQi63OSeAG86Ia0WpZjFhVi0Zu2vYt7g8XYl0lp/2w86U/iENPJr9gN6U9Q2FRG2OI3DrSIFNe+/rS2rACvJfrDaB+E2RIKzpN1jPXYl8GbApBr+am36srKIS+LmmOfiSpeVQ3PYwErQgRpJgWzmjRhht1jLWXpw9bqKJl9ThBKFhpAOdLSu1xVeEUwcDWdBwwXL2dvUFTeimmVNWxIuPu+AMDSd7TxPK+/culTHjW4kPjMf5/toMNSiGBaIgmVNfzo7XBPBq7t9ChjcjrSXxCRs/6V+uh21967Fajo8otgECtjWCFacrTkz5upTocXF6Fr7tuS0i23HFdkjoOPrx0ogTnQhAjpGkslKHjf3BJud4lfeWnYuawXKPTDvj0LFNyQU26yOepS0ubjoAQWgs+ipWAGU/N6bpdvSSK3iQwqkaChRFkk2JF9vz2tDampLIFQO4vzyJ8uVq96GK+uksDFgZ/VTCyog1ofMxE8hmq+zck1Ipm3KuqT4/hybbrwHUtBrC0TVdVoxVGVal/ZXRNkz/Ur5Vic2sCxvqrRpxDMSv2aJqscnSjZUx1yImPcXiRcAUSOjSVLDxMo/1EV0gOR4KCd0LB/usd6r9FF2KGxuuiot2XpwS9+fnpq+9/8snR5vb773zNsStrpxdHT9+juh1n2IbQwEHKj+6BbmtaNkzOhp/UPcy0Tiu4bMjUYUk/SPItMwwOweFzpN908/ghqLLewofb06+DXPhyf38h0n3YuHK4Rpay6Sxik8h2m/JlckTbdkDb+/L2zUSAvUNColsvlsLL763d7+8fUw9rIxDGZxphoBpz+E2GCHsiMG2ecEU2FK9Tl+tbkdCWmeyj7tOtGOmv+ENw2dhu0/aC/ohM58yd2gRIcmttj+1Lg0k3Is27YtrkFaj7N69ufvjFSz2kU4L1L016mrfSKVqX2VgzFcupmVCWDCt5kNeWkipuJ6QZj5IuqNRnDMACADaSoYEz0UDKKAJAGoWBMW3qxqJ8BAZR99vbW03EFVohM+UfFR71ECY/e+eddiOFFQSpj9+UEsXpD9K5saKZtNp2X2QWIAY5a89QMG3UYP38zImp5Y4S69qaw/um26f26yVkd7dP355pvPlWNtBsqZOYWteS7lNETkBXURBfMozY0tr0tS1Icn83XtVjn4dVrS0MsH/JMtDpPulPq46EWUq3UYm6khfMbXbjf43Ynfs5hmipQy/+EfJA7vTN21bQ9kYP6ovABy9poWDuzSLStkFpB5nDzrKbhvx8+qzLaZFocb9Bwu2dbX2d7nN586mjCE/PxYKv3r6x40qkKIUGGVJgdHDOfIwlNq3xRaY5K4f4lG3iJdofYnXj9bUuXL+heQoghDUAIwboIU2qlOzhQ+sy7MKjDlKgSJSWH6vXToqdskQ4S6yZd6jDFl1rC3ADkqC5dbS9fmRTv5xGztXrZ3aO6AOZu+HdnOdivOuDvV3bUKQMjQocZVD2EHN7r4xxZi14J2bRMltre07BuE3KmNzM8tn566vbtSdfO/rg2wyPG5i0prKh5JxmXgtPaF3Rw+JB55FbaMS2IKNTj2I01dgDMVS0OhTJL2yowxgLENDmpMFc+hwuL0ebt40JkF38cjai3xh9zyIXj4onzjOKWaEApmKD04Coo8lGJvEFopaWlJGLgkZ8B1CN+hj/MiU00ixlKfZQCe/8crVrl7PRCxBEOkaI0+K4KWMe8+YpX+PqjJJ1xInpnUYFfAu9yOLd8v3YBYMa9W0CoPDNHcz7k0I/S14oa5k3xLo3tfI9UdDXrsBZ3EK8cLMPK5t1Bksj+ZdaFvuB5GkUhL16oemTO3UVY7o5+Be5Ld5Kla6g5INMiNepK4mDVe12/tz3lNlThzRavYC65DeAylyMfMMdn/Sq6VKA1M8KoOU+KkZVJm7EBCSOv+d266pJM3yndYBCEAIa74Xm3MXCZ2SkbNE/Glu6AdKpIFwTbVIofRrBgWkXjs6kI+N9THVxMayHNdXndKhs1qu6BqsS0v72g2lpTrDmk1T7zJMkgl9xLmTQh855+FWpBUBQABupu1xpiPILjWoEtEJTvb8K84kNkHX1di7f8HHemX7mtLw3L15LrKKo6HrkBbCGqUBtx4EETuPCq0ZdBW+uhzrtpF1uoE3DXbqTvFXH3WjSdeJ6tmFN+ip9qEcsUApsrMv/ETMZ5v+Wr9pzF3oeDbcSSC0U3inoa1rhOm6NmmgttRvq/QKuAvM9n5M1LxaWI5mayqTk0FasIWREk6COJ++RLrGK4QF/BLUo5OVHP1zSD85XaX8kgfTizG2ixB6kPZWon4BrjAMvNq5E5cbqOgoWlidylUI7zhdnuFYzcUdPOOFuiOK0isO/2EQHS5Jx+e0qMG5xJ3Pa3Hlz9tYhxGcP3nF19MXrN6fmkfafPPrmU9spBbHFgHcP8gTKn19eSx+YMVbNsTKQdyyMDcsIwfPz87fGRhp1uqHt723D2N21Bt1gQxhp/L21tyMU0P/LKYg5Mh8v9m714VvdnClj3bCFYk+fnOhPe9WeF1rAH11pseVlVw7lNMONG1Fzf+uoHcEZ4hiaMZg/FxdiTrrkkJSd7QMd/ZrUBc7Y5SDngU8pqfMedHx7u0Xq7bN2+POh3bMGSkZxSDBKsknLZhYGrH3qKYfK/i/PzqwJs6xNggWepsvMFAiC9IQsqPzF9ZpcZVyfYDPghwc6c/jaiSNGsRiNcJIPqRUYsCEdfJkPeAl3pu+mQuUwCEdexqJ+mRvBVmyod8iBuCZ52kIBXGqP8qVpHQXSrCg16HFAlF0XawtoFKU4vGbVp1NiROiyTtQCRAVGI2MKgKK/9DlrKjQWXTXSbdNSa3ndZDPCO14Ot002ijai4V7CcufgcM/uAyTgntUFsNw/NJNodtV5N61VExRaUyFJJRCatO66Ax84lyLdctLbDSNubvb3rUnQDXDurX1qQCJJ7BCl40OGTYehgc5Wx03O7Pr8Zmd/h2ug2AyOKiBQn20WmoTK5dk0IzG5dv+Dj37SYZQFdBc8TxusxlKLsckI5LzImjLZkwlW6enzM6+CkeakHFLXp2dX5/22y8JZLRTDkYRf/PSjn5YZVNh+bpnXukwf3gvjqW0djfwrV0v9clz2ZxRoZr/ycoYKeYT7u/OzVh3o4ZiBKfam+ifrj9UQwFiAaqb53Mbn1Am+gkghH9LrvKXwRYEzRCsDHRoYbz1Mfb7wyrUQjiF36vba3dOjg0dH+8fsmS1t71pYu3t8IuQ3fNHK5eVnch5PhIf8r71rHd4W861F8Ur2tN+cv6wsVGUN727PWZNXubfO2JTy1Zm59u2DvZ/71e2Tp9grIqEYWJrYRk8pMj3NldGqvFWeFyN6Ol0F5Alopes9zEvzxXGUSrtoJmfcdryI6wFEnjoKxWCmHxNE29kE2ONWsauCOdUUlin3LdcKGwDqmAHMjoS0IZ9G9LVPRRIBDz9dUreySo/HJWdlyTk71ySNku+s86hfGjMtgiyTlyVXLNfgiWtCRpZfIM+p8spndJ25DSg5LH4k+6/VmJJ7QVycxJ4lPvGVb3IjNg1pSNHUYFi1sfd2Bac+RYqNHDQdiuolpaE3ONN557frf0dinvpwJFMOZSE/1EAkPvqeh6uDjJlADSbVSxDQH2ZMpbBM+LUXmFqHYQW6CJjSHo00Y5H+uHVfw4Kaqrf1MHkjaKgsVq0eeED5YMxwu6ZDQ9kxziKe2sSx4siMBhQ3Kz7qGtwJAiEapKlP/wcQ3CUxsKhhMyATQ3e5EMNxmcSwIMnBh6236pg43qhMjc4YpJi2QijiXcfHqT6oD84o7nZ6NeSGfnrjS7SAU1UfCAQlXRzGgT9PIm8ezHe/4ok7CyOC3WNtl9biRXnGFvzleHRFt9zgmy+//Fwfq4eIoYmm9sK8i2mzphZAmh9DzjznYWX74Fb2VcER49yDykJH9uMHa6UuCw7DRDJKLfcpUEyv8ACNdy5SL3fCySc9wlDXrmA3HMubZD7xNnaFpkILQjGCjkLVYzqxkDStKFuxRZQDyY0FZGaVUPyGA8IyATdHW4sT3XJHJe62IWEzIATW/1laOClEXTdax03kZPCsgT6mATRUBt9nOE7IKWiJ+vTQTc9qkxQoYDpTBBhpShXmRewSPdd5xC/Fpkegftlu6Z66IJ1E/YR9qeIV5T5944xLr8Kz6eR40wvNbl9tH2zdC5PWtx1r7C1AHKbXcTuUgoAghXidg06R4sjwlYDWL93fOT/PcTDalU7Prqwx2rHbtChQpwoTnXw5aVNjW7t5yWxB6MFY+bsWZ5Sl277T71iVhSS5E/yXdoT48eEh0r0NXN8sUpFj0zv5SPv0YtkycfcbZptv162q16J0Jq7qC8acCybxhOsX8XlZyJuz0xhn3hkHhi2lj9ZMO0qI7Nc/J+/ssqf6SNnZ9hDdCj7Wbdlq4i2fbtoRGAwgSkv3oYHkUfwWPElwkmXLvcpmmekbE3IUedvcROqNR21sXXc0eAFmMgPPo9wb4YE8Zom2VJqcTcJarUiwKcBQoLOejlDGJkMpmeROP1ACsRjn3uHnQrQgFy+kwGlm/GkBQFnbo8Nj71/WbEaXuVJnTaT/2lGcTTZnavhD1neQL38Aa8pIncy9Qxcm1/aMG3jICM6soqOt1a/TWlvzsk7xRKglWWdMSk5alOM8FxPTtiq33xU0miblZ3efPbwUFF8mF3gbY5l2M7+8hMyuOV8RyST58gflsIVX9Io3N4zZ3LfUg66XRQCWECglrCaRYCiy/xd/+d3/3b/+P/2zX/+V3a21Lz//HJNfvzrd2e/dgKpjnPOMRIFGR6/P5DvNUOcfscIMi9G+AQ+ToAnN5KZueL319oyCXyYIwZzIV25xFG96EbGWbgP61L23jScDikqVoJ8rnrdWNBvRugXROJTkzWnBuJ2gpgkjd9f1uNlQYmVcEzf0jG9h43iOD40IKmCavCa4SyMzrRngjAplp8RK3yybPDCfLOLe4QcO+Yq9Q9n2tau1dihenp+dXbx+ur/rhFDyM3/g7Dap3FwP9PmiVCYOkxdFwao219wZ0Bm+XZ7aJf3ut46ff52/kzalpkVUg31ZQW4wr+hfqjiui5ak8vY0qMFvLDGie7wa/GPI1M81Dv/qznoX4vjSQqjYyAToFAVNAxvS4xdk1aBFBYnkMmzJCUxXMlwCKV2M01riTFonAUITHrnfRm/5ll7cUnvikyZK8xZhigD/BjONaCvgpRWivoeZtwuaWPVsTKXlf7FHS05BE9lEE0hFs0qohlXij5pkbOGXAKbH9CXy4mNefZjS0xFQGeFuGWdFWH4k21YWpFHCCMSv7vehTNHRPeXpR9+gGZnuBqwWGofMxEuk1at4SAQNv7qTA8GqaIrt5UBhXetB8TNM6mpoUUXgVZ84vBjOhgEY8Cx2BXcOaNDluxGSntdGv9yoU6ltHBkaoPoyUFkAACAASURBVD3Z7AjTRF2m52k+3sa8tKwWQmjwCSclxl7DKsflefrj6zxlaypibO16PMyJwqqCEmb+RgUkklEVEzdbt0zHqvk2L1vdW/ahXkz/zFlMvK1SLS7IjHT6mlGEx4IuVcaqAPao+5WPrzii9eWO31HWjXCYsj2crFgPhuhq1StNoanYr2kMT6HMkDgI/sh499r2vzsvOTt98+bV+Vtrjed4gkVZJoNe1eFp+Psy1MMDBljhphuw1GSQk5W/+TBouZoq9CyH1bMMuPb5Rmoh+KjrmZ0avpI1sIZI5MG6hgPD6SQBXnRoyUPAGCCoGuATA9+HsmoBooPrlE/sARp1gm0WWFYm2XZX8aTufwqbHNwO0SrWZS+UVpoKROVY2ChlMcnNQ0cog0CXs9S6VTkPl8orYNicg+8i96V+//3GVYjlTVJ69hRSKcDyq4KDod/wKGZcnnc/Z4Bm1RAa/cV9ddphknN05X/RYXFhz/QfuswJsZC69frilZcoOzuGa5LeraPrKH8t6jzuraS9xyT7QiQ3vExFRCjdfG+mtQlTEQDk7QdGn7ldPAp0Eao0j2RcSQ4+ZHtrH536Wmiax7RNBWckbXjvy/NzIY3pq/CT7UhEXlgiNVjirSb2nTw3k4Yb5rlO4Yau9PX+2kYwQYsEpI6T6xJDAAuxmcFsMuL8/BqG7sNJqur64tbRLN5yjDRKrwN02CeW21KCTznMtXUpJiwQDbbkMSk6yflSv5kntni8iJ8ATRFrUyRpQzQkee2ZUhc/eAbt3kMT3Qp7StExnnrXSRFhRyGaJaUW/gYJz0Gmf8oCn/4uUd1SQXxTwEc2XEUPs92JFUJQn0FWi7JjIYwh6XcxSuGbtSMhwAXpynRp1h6JxkZlUhvNba8/e+fpo5PH4aYasvON+aN8NtFmZM3pJ1uRIV6hp7lO5AkZBT2CmE54U3AwQvK6GIhIaSGto5d1W7bf2trs5taGXN6hNQO3zgnaNbWc8T887G2QFlYbkFzTWJogQOMYDo/2JfpS3CbWYUfxbG3O6VOVdHzm97MjSnvj0Ba2aveP94A3eY0hssftMilrrlSxO+n8zu/98R//+Xe92YXxkALZLAev0hWnONjsPJrmLX/F/ZxSk+xlgEitmAMjUC0bQMZEJFpenB3WiQvzCMX6+T5iAB8cOmHGFsd0MuC4x6bc567QAFXcExDkuCjpw4YRmoWY7Zax+bpAp2c0q+eOEstbmZGgAHlC8HIGmVEzMs7mwRlRHJ1k7VZFZ5ZEUWFXq6kbINSy6awey/HyE/uL3B1MYLRib9dtuxXf2Ib16NGjvSOxo9UYjNV8AnnyZ2teFw5tOoBiR4Ubann1tgHk5c3FGycgHD89fPdbNo1rD7+ir5ane8cbxHcOSxSDRwH5hBx+ygdqrtAPTqbnClUw/uAI5SU4xPqrilLAVUCHXrQUsVXsjtJRrwzNJhp/8cCjQI0ee9yBFqVpiz+ybZEBDCoAmDAxoU9zU2Ua53EpgzKDYWFojmSa1LqlJJVSOcoyDXjUaIDCYVDrDg8ADXIc6ibEIZiJssJ96FoKuEQblisanbFnBSa6/CT+4d3KnuNsd/EjzwwoApVVu9jNfRd9pvuByoSacWm5G/5RoC7OAgLLLHo6Fr1FFy2fq1jpGgX4FxIeZ7AwJ9qb41g4qTAEFlxrzyfTQcuCZ3e04l6cVStf2f9Sc6pNfFRrsXD4G4LdbzOhp56ppcCoWS0UESpeC2MEy1c3KlzJpfFFBL4lp2HXME9L/iadPiuJqFQbeJHWDiP7jrFWMCmDwoAmacAqbaKqqeXmYtr+NTmOftfr1UC1Bg6MFnhTMyg+oxopStC06263pm4c6nvUzJ3IT3eXugEI9yXUVaNHweyTdkytIHTbn2mebYoOxWS8c57RyqLrC2u87E1p+dbARl3GWtv9X7UffviFGYvBwGkuF+AeUIfKTJUhhWOL+rG9nnrCmvDSA4KvG73uKxHnaVbKqWm1EDPCybHlKfFouRmOQ9HQ1bMR6dzrV76wRwMDFbHSz1DU/SHHQ4QomDpqIrPra2wbHWZUKzPsVnSk+QsNwUQloL2Okell0u7wlblyEW9yWnixKEoetSLxpnqD3xSBAIJm9JO6ITTlyqQbQyrIvlSden2FBVwLCDk7XYaewVwbY2WuXDgys+C2ofBZxYXd7xbYwqwyPRtrr88fXr4tUGv3SQvkHx49fYQl9dBbG64l/3SI9V8d/GE2aUtO4Pr0zdN3ntbr3KzZseEkJ72CvsBaw+YFk2DbgS/OvO5Ch6qjavpnZjBpmyDzyumDWjl7/ZrjxixrsmgA6+E5EAhR3ABI7Gj9flGIbQrnF6dnb5M9wtqMmeYWJ+FJ+zpDT3N0p97UArUb536bxioNk0zG18OK6HSxwZCedKJyyxMJoJwfodQ5SEdltZ3ooZAFuZg+qxjbxawX9yg5CHo679dXSUR9PJdAQELP9JlckpQ42J6bVhFlMXDT9LwBtyoarUhKkBbWtVMS1OZjZWJg3IsNIS8MEmHQf0JLH4rZZCXpZ2443U01UizGFAdDxP1CCq1CDX/qFGJuspCXGC6qUx7u6ZMn7THIpGFS+JAPjxOjvyKMVKrZSwco41iGW3hzbzee2xyelWa5uU54vhMzYRGeVqR5mXg9tnQ/EyvekbgmN1dEwZkKSw4PzPNirayhVmTmjFgAw+QUuU5B+q21dyIeajyqniEMxWtcrQGXUYA1Dxa5WgthxtxsclHxrJJrMcDVFcY4lSUeNF9x59BtuWS7av3z1RgeuGK/+/tj7xKW7pM7ufVKngZCgrCxprSD7ihPISMrw4RXAS6pNWm02/YdFcOtjQvTf+BXnIWxdUj6MApKwh2GuUR1w/b4ZM6JoL2nmd6yGhsfEasVRMHc3g9corvEihPuEAFkYpRolZ4YbPAveYZUwD9GP3ucCwtIlfVbDANVngpu3K1fnaO/uXVCDA7f2NtXSvZ/NGPHvmq5Q4n2J4cn5saOjSLur62iKSjPf3iHnoyosV408wbESgTnpu6lhQ+Od77+izt7h2infFqfZIBZlhR33PEEAaFKIVPsfuOJRKJ+B+FRU+iAEJTQp0po1h0cBSVaAFaqZAdZpNUk4vuQT9rjMMrWp9ktMqNXRnLDj8oHC8N8sqJsJ2fhcb2Rctl6dsBolKWNmMvRlKjiftqPnB0zmgyktpM8leDKFw0x8lcsB9A/PZr8ALNNb/JBWnInP8Z7W7aBsETPX0JpaRcc1PHSqI0hNZRLDAIuQUZ+Lh4l4ZiStrEJChQjwnVo6TKuaSoeVSOKpiOmSR7FCmWmjyrQJqpRXUCnBlyHvshFL8TmQ8+oehM+OJdYIDJq5qk245uLSNZCXK6Bab72fBtDSWrucmHRoCD6FqLUGFQxduxugQKZMMTdEad+WZYyrgxd43PGo8VnCMW28NIuKojM1yE/BGJJ6HsEs4YMoUphUgRKFzoxbqribZIbj1owX51wnurYHgjXgPsbC9MHH9NxosPeRcsxMWBe1cfF0moCqZkqffU3BFfXo39TJhkM0l+VhVh1pqRnw1KqkaFN/Xm6FKlm/n+5lRlArKrFs/7k0+BNp3PxJgkLDptdbgHi2fnb1y++bFGX4z20gvXTGClErPBuuAcUMCt0UizIElF2MjdXf0Nlboy1Yf5k9RJSaFEDPbrKur7yLORMyxOv/4VR+oFhtEvkLNIMG54i8ZQ3LybyYS6jqmmse56RFn/fk9RiZlhDHd1V7e/C+EW242DcToMJs1IQ9w89g27Miz73+hndAXiKLoT33KdKkdbi2cW5pe7xa5Rx2EEgFYyh/eEPF1ktnM7HpMPDBpTXWWtZFZW12Z+IL93vb5EOkv1pzVTBYVHLGG1zyr567tdo4vStMaBvmhc0vDo7NzK/vD7XA5n5dS4g4izXc0ygQ220S58l5Czwg5eUOHIgfnxkM7IZFq8SrgvuPRkpuWk3XcCD9WF6CSkf6MvZ6D70Gnv7h0Vz1mZZQeVtzpjXKdOdRGNWbknyiagtaO/FlF6tVlamTIy1gHZTWuL25uIVNRQwyU1qT9Oyfap7v/n97ZXDaOJZM8E3LBA7nNO078Q7kfvtjWGaeExzyLSfwIkzvuKAC8l+QUIg7RIIt7gPT5YhNGbQVt11sHP6WZAncig8mP0EfEPBNySvzDz2kgwRHKliL/zrOudskfQ5qenw+JJiJ4anLKm6L2loBJBI2tZzW4igmtzSbq/yU/7a6ebMQeyFJ5gCVPGb7A1wqYFQC6BGlmX8/KQTILTNtmCyJXr41ST06FxB2/QelEnIcHx0/M7TJyrlmes+p4XRZ3hAQIOA+Pi6MBkGcCYmYr++vCYNOmqsiRVL5niZmDg4ODq7PtMvb+1acWghQQGWHbw8QZaWB7q/uL2Q5hLZYKxksPhy60hazbYbZbXc4j9DBS36JwxhMR0ZemXTyTbT8pZ7fvbKqSnm1lrik0HxZ2MmBQ0G6iQHb6hmvNQXK66uxaCSqia4mad7AlCcs5WE5pBcHareOgwaePhKk4WSQk7acLvWClcSI/QYs7HpfVkcKN6RnVEhYS2c5mv4f/hjC/0hcVySQcBtWEK409kTZ6f3zYHe7eKf4K8ejCkIvWDPSY+ftYKCQUFHVNbeFEzjObOyHhMOcSU/PkPCl9CLY0Z50IgNNNFdwVwWon8t4qrGJ9dXf/Tixdfvjp8MN+pR7RLL7a196KV5hyXifbx+Veafm6wB+d07fQWeOfD60gusLy3NZOx2Fx0+3v/gZ/YOTqCiEb/xJE1ffZboUCgzCNHaUYdEE+45TrPQ5IgFFC3NjLp5nAi1709qTl/BwOT8NKWeuCIfHoYJOjdaM0FSKhP2E6dWCs2VKs+Xg0cb+VQWM2gseNTbMyeSw716DloSkEWYwPZcpQjtSZ0aT6zxaEezwi6zTJFkEkJHqI1DX1CJMiALd6CydCRf8QIQbXse6opHo+o0n/hi6DxUXZcJkwQ8qA3FcswRlikpUa8NYXUUiQif5nLy6QMTZN/ihN8ivsGkJx6HG6RVr49BTN2s341i0FlPW7q8a/WGmup7ooa6oCyYKoLdw9JEAKRiCCQm0POKCmZ+cUKxwAFSvziI0IQYEQfD3MWQMr2yOv/wmesqjtT6Fipxupr9osJgi9mHMHST5cDuF6iaV3AY1fAFm7q7wIVdT3xVDu/TwSkfmhMvFUGP8hH+sNXY0pvpW9c+k8sTGbLQLHYQBzhSijUxJTRHApG4omqaDqW+kwrOdVWBBa1+u15KYPqUGSzjV8D9Q/kCyIOvKi4YzPc4Q4s5wVb+tRTcjJ/JZT268PDV69cOPsTWaSSilfabX0FJ6JAPFRk+1UxNlCzTNF3kB5KZ2xBJAr4UcvkSr9Vdgc5qszkI6IgFqx7xdLo0vzE0fatWLaqKj3EJRwaLJLropXvKUNKx04gflkXvXM+36q2Y/BVvBqMVRH80BxA04AuCL2FeCMoSR7urHyEoSK+H/v50B+6q1UpEGY8nkqWUIlCch/lHEGrZY+LKnhoj+x4GAyvQ0/iC4ACsL4cI26mgRhq7NU3XEASXsKTVQwVNlLJUv+fziPlGlpuyaKxZtfg3M89akfT49OVbWy50P8pP/LF9eKjv6J1pJk81KQm3J8FzdUkqvF33Ly6k9Sz9wxjxleYU5TvtQtBOK8TGH5t6ZQ2Qq+s1DejcxJszT5yJA1mDkovzU5YCqZ37dnRG2XCBKjgaZHffS31JhGXmwmnFy1dfWnBoGQdFAbwMffMytriqh87mVXFNMOePEM5cpHgL7fiGfPlGUaAozOYJ21bqBx/Wj44OpD7razfuHb5hRtx4jsU6qJBdgKnhWOA4vbOL3vzbi1V21i4FQ5IsW2pCYsSXDnjaSo12oTZlLD4EKjGnIt5pmydAphDZDcJAswyZn06yKUlQxETSniZE/+szxAexh2UZzonKc0aSWx3uqMWOAkimkV6qTaCQpSElXfEhgSYlwSxgLZ9anKZ0qiAo3toUHT5yBE/amDIuFWM6B5O2lH5gGowC+0bdkkm6rIojeK5vhQ80TNAa4c2dzlz7vdn5UsgWqxG5IJdQ0EM7+YmT4+MJAW3dyTrseJCFkqBlBXU9Aqa13t6Ya6WvlHe9UxV5LP4cNiRi1aqzEf3VRKPdW8ofG1gDThqht1fp2rErG+aXDYCpjdOZ6Z4Q3hpE7k82DnNYEbtnHTAZGpypxDXe7hwZHO0nDFEUqSA3LxS6ipEs3rA+0iQFmKNdSpJtWYAQ1yY4KFrEKv9H1gEZK9bi+Loki63iTpqZG+RN+URx2EwlJ9iCIypkseN1A0HMaWmecLasC6bSbzrQORoZF0HjQVA9xBhXKdWS+Az3tlLmchK0Wol5tPT+J2/OfvT6rHUhOKiRDOHh2cHBL/6jdw/tVNH2ts1kZ7dXvd/8/oEJitIv3ly+vTQudHLD5s7N9sHG4/d3Hz/f3d6rNhtLoTDWBQakk/WmtBvOdYC3zVGnYyFENQQeyFC0bqJhldn64qrIiAvQvxcRZwFY74MxiYaMOliHSmPW3M5z0twYrmKiq88ijigPbqgJDoANjg8+xM+eakZ6MP4ppYnu1FwPYzOFGFK6XXEfZbKgsRimXTEBZQS1sEg5rQ9CcAm8AYun+KCHCWwLA4BIW+pJKz+qj2B30gF+YMGCgZnzwdaQqWt+aNEM/NWnQfFSE7Em1JTpKujDCGoJGv1T2O2Q/gfkh8oAlB0d1c1pTUCAf0ryHnqY8Vr6Btg3TGWdGiqsIbTE1FVcibmIa6DiLoZ0j+sYjVZHyQq7R/jQjykTVCXcqOAv0qC8jRvBSEbJGKQUJvbkeK079xcKCVblnNuoDDzyCrEXoGw897iATLjanRFS7Q268S5xpZXhMIiEXM57qIBtJY29PVUqggfB+At6bKhqoIcsrYxweMLml/ebaNB75DMztGnar8Asv4Jby/Ez/k3DmqixcPC0f0l5iv39LwVWvMpkvioSijENSdNE5I3gYQ/OQo2/XYa6Ntpr2xuPyh7aiHjrPWmSR29effnCBEL+ooaHyvgXuxGSOxzb7OFQkkhS7xiNBeHkxy21amWMM08wVM1Tw4wedSztdOLTKepT5VSCwYvPEDbvqz3KGfg8GptzRTAukDkc8msp5+soTR4ctmkCjKsQk+JUkoQIHgw2BK6nCUV+I4Cux/4qOqByZ0gZtsXOxBJxoeEBVWNji7yyaM/SjyiNYTBA4/J10KXoQLjh428IzYTifA+M25CCHQ5l74Ow3/M3iARAzyGcJDJOPVthoi91oHpEJNawG/LXMonZL77dL3qYBBdoWJOm3Z9fmyHtPBFOWM5P4508Q8RrLb8D3qpD6QG0qdsLdVqWbrfpAZm3wqxcy93R3vH56VuTW3Yq3tydHhw5N9FGkx15PPjJ/5mJ8qaxo6NDQajJSJBbtRb81rTN1pfeR7d/uEchsb6+0wl5siOdhZHfMwAxU3t5cSapBim84KIznlyNk5ZvZOxTGL2UKOjGNlUnhjhSRNAsCYfzC71eM3u9aZuy/u9hSz8twhCgTlVRgrYclNM0axpt2rQ5zVH4jTWzZiSBjQlcn7WxdXZzYaKxbQrbGxGqhgG9wKj1ZLlJ3Tz1xVia5ZxgcYGIhHKbfpWVjH4KVL5VoTBXmNyLwMSAjR8SBl5N/CFgaonqps59VAhcBCb/UZRkRlG0SoTjEd3nvQCEFZbVo+flaUIKQduVomQuJcSev/vMMd/wWfUuK61O1j6LBrqw7JSY4Ckk81tzSqgi5Uk9Sr46QkiG7FK+ttkxuVkECrtF4GdWmirURqX6XcrD3GVG8ZzHxF4RoT4Z450PJgq0QjGYBcHy1vl6c5cYAmMEtEIUpzpgvJOTxjYyCuSMKODcXpOMgdFZR7dpx70l4hsHUPJaIFqOyw2SNSgdKX27I+GNTzLK7FBEZeOwcHr9uh4LM+WtqYp4iuaeXV4gXzJduIvqqNKQJpGgh/tqp1Fw8iCzGMsrB6klJWVHvdcu3wKIHgIHfBpikYUTlGx56QAgWU+BHZUp7gFZu7iKG85VVAvcLDT5N14kaVF4MXxcWO9l1orWt4Iqn81PcAZ1++yGErKApet1pecjSo+a9M691y0XyjOR7a2315efvX2z/+jIsfgPwr4RhDTh5cP927X1a5t63vnZ7X3vY9rOe1o+wS5ru0AHjplofQFqMoqcGspxvQfmmvNrBTop2tzL5GCgbkYPAuNdKXfODYAsauQK1RpRrTgCPL/GdMlcU+jlOpQBpZ/cc37VNdZh8qTVMgYfMMEIMw99nbYVJpqaCEqPCY0sKp+ysbY6SvykOWkasCSwtAnvUpLOg8gh50eCDBe4Mz8WWaoMKHdCuAcgIx0yPnWsHI3HTAzKLqI7XvDPmW7WPj9xuXp96jBxukXRg1GUumqZ8lwOBuE/WKYjtYlxtDWu90kEWs9R1NvmgYFAjrI8D/ORjFioyo/4qWB1ERTkYrgu2N48idAFfWUGcbdHLOFWR5k7yiISB6UeueF9kXJARwMGTw24l6CD5Jlmpo3IjCj94oqb8J1VPmQGPGxMv6BLsYJFTIPJAj5bUsCjSlhkO/eDPHxPpaM9IobV/oxA+17z0Aia3wuPkxI8BiqSUjvaCNaWTmUCw/IiBly4CHAwRu9jgpbSekB7MipCnkAPCZWMlKE5xo/iLA/Dl7AU7K/q0JiKgXFvuR3QqvfXnxHN1IwV3fDRiTa3XPqww2H9641opy9fvnCAWYXCIC1xHexFCghs5r1/i0aCpMdTZoqpkoinBfXV1VDNDTDsCR3+cUiI8flafmg+XfDKXasBIOom1ZwtrSJsI9vpSXGcvNKkRD2fLlTCW83OjysXUz5CxsRVAM69VVWooWUBE8GZRMQuihpz3XVjfEGOVpH0suYzXwXTU8VqQFna1fMRZbdHuh52KzbmIqsU0KqkkDEzmhNPDqIxrx838tR1PXJLE/1ot+Np9Pf64yDMhUVaVr27XRpicI0jzNj/8jwDouLR5psQZ2w3wjc+f3nW4ipjUD3rnrerOJ+mdZP3l0r3mgSRihDQwgn4nV/bt1SAgQb99/HB7uSe7w8ObHjeJ9BzL9y7uTlY8x6zh7dnb/k1s3jRZjZExIDzzYvKjlxZeoUE3aTWLWYnTLO45nLPbhx6vI0NDpUGyoyVOrtON1zX551d2NYqQxMpG6YHUXi9IdxrwleW0jR3G5wkJs/azTAM2LHFAbOo6auzMxOppvBwVsa8dGuvxasDgKGuVxx2fXthr3SxgknTmyvZIFPbFlZBT2JL6JA6NTlsxVVzvmZRJ9tShqalVy0OS2lBRPt0w0ip96WJ5ItvHmG8NpGPt9hiKG/1nYiW7HMiSpWvKtSITn65FGj6peMBZKSYtqRWwUxx/EqvSnZa4VaCTU5HcKFAprK1IZqsNPljxqKXBAlXJ4Tv7j198o4eTpl4m84QIPWbCquWhFBtYmhUgLfliTsiRlvWA0z5kl+dxlPGXcXQCisuI83POYqdte4ZW9fJnp2fkQIxoG9t3abk5ijEyrQvSxRfbm9byoabSuuTMLltQ3aaY5ovzYCci7YVXwl7a9tCRhw+OvBC543L+2L3LUq9nPmXj9d1ALtruwf43F8prqxRqGCrkzfGNbUiICFfZ9jGU7thdvcR2DhFnoaIxmJVgitNEC4I5mBMbHgsZ1nXL+4v/IgFWBT5iT2ilGsAg4U62W0OIbjmrKkfWQqwSwtnputeVlBlu933dhzNs7tnH5hQscMj1aZupn52dw86y6cxNgEFrazPQ29AGddadKvRXJowJl9dpEg7DIo8UhFaMkAucH5wDMlQxRX/Gp/cfHp59d7XvymDcHr6whMHft7sH93vP7nbPVCUThQcObsU0UsHEAkp69J4Fja6sOCBb6O0EEp/xkelQem6kpjgtFoSSVlzoaq6DxcFgouViEjJNCDKg2PhhdI1AlDKlpITd8FbvTPBdbO4QNGEEo/pZIUDWUdVpbS/rgrbpcncLbSqyRKTY541skJD6UCF+rS+QglEhYeDgs4lPAit2BtuandZeAJmajln78U9qGo8muOfY/6Kaulo6K3E6Hm8cD9pd3M+BeDRyJkD60HNQCgjd6tHTVb0KBVv9hiLgNU63aYl2h725bqUxwENF0WTkDG1U5Y0Jh/Rt0DBfEl/hfO0oECyqEHthEZiyYskjDCKYQ1cuxla0TKsKuwnLSiD5WkSXipPWWDDLXxhjDl9MDmMgMmN93AY0++0Z2mlx2ESdCydKrk97YdtEELRvyr7XTP/gHhw4jDmhO742+F3RAYh1S4oT40VHZmqjj2joWE9qFdXUUlDDpT5s/9yh/FOw/6PRFPGBKxWiPmsvrgzX0fvl8t+g+jPQOjX3FrBWK6HrkopG2dJJp5X0U/NrB7On6WqXEzLmrkyA3t9ZZuXLy/P3ppafvm6gV9xjA+Y4Tqga6dW4izofnuigQjwIb++9S/TSMwprhpdVEWFqT0aoJRy9CQ/X+4QOnmRlSeBpkrgjAh45PhIPAzAJ1uk1AMz41KYo5hQUPmp4neYgsd0K+P34DoDvpSEOMOL3Huy6Ik7NaCmKzJWcyGuHrsmuAokDXnc0nAmLBCG8mFMmFAIgPueYsTEaFkYMPbfo2kz/qrh0RRa7vUlPob4jGUalfP90l2ihgmRMUQf5L9oawJBUWPdbDabKXu20F22CZTp0yCOWFay6OS0ur758syJzsojSpx3+ObtGZdlKbq1Vnogmmwq11uGwZYqe/L45PTMS2JvZBDFTqRFdEYZFw8CRxLoZc1eMffy5UtSPtjTdXnzwo39j0ePTCcenZ6+ub688vY5x9TcOEDQRk6vITFr5rVd5mpvrs5Ob7f37ZI8oooWZjWZIOmztdlM9M6OkxSbyyhuMPrabCV82wweKHJ73QAAIABJREFULJf0bj/NXzUnfO2tgA4vFP6dX5o8KwZtJd+dJIoNzo2Hsls84uRQfbduWwPGbe3sey3flkzIwSMowVwozJapZusjsV1W5tLh8Vd2Y6TZ+Jd/7Gg9ML2hDStG4MUWQBdKpgX1gtojY8xkeGL5DnLqIBLx6datFe40cLsdMM7hIySOo94RlkVUUiwqA8xcshYU8aD68slkEWgeKjJcqZw1NA8dfr4OCstQv5eeIWrRrQ7rTg1IEBaPn5hfPl7sa/RFzfQVZKobZN/SxonD4BPGwpY0VIgjBPcMcMsJVEQI7WDPBHclxMlXGkn3XpCysHRYnhuFZrrt03D05qk3IF8KemihvQ9ao0oZT9vDnRdTXM5J2QkkkCUSS92849kFrieV0sClsXMl468FqZdbV+Jyix8sMcBVHIAkkzo+PgCqpNyZYz2LR6crKI/r5XEGYV61IlCzvpZGNAQ6OsBK3sn0MTe1ZyTUKdbeRi2TV9oQi2mTsYn2+TO6JZONZLiwbeLnenICGGmYwPzMm9sNY/e3CdorpzXtiOda1yumE97ZK9LCViIU++qD5eSKZyQpS4VvbF9cX7ALp0XKLRKMtbMtko1ugpDzE1tiXmlsjeMzYrWec52TPukEiSfHkSYeI4G6QLK31aQbqd9oVCczw5muNvTcP7w+eefu+jHKaKHzMFO3VsHSS4p63QSqhqWHaZkQocfp48qH5960VHpyvGUtcW7uBAVC6Ssf6Xo5/dqdQbGOhjmkD5GWPhbnWmI6fludYh2t8OQaVKr8baWVHP+fQYwdhk0Aph1FxzZoWjgOri4gwHMVEYZSDgKxodCIq3IZUOD9C/2q1Hx01DlURihKJbACZL7BIxzKgrCAtiig7OBX09PQUOF+72sFZ2krxfGtMEOlia1iQoAmGxsSPkOzX/iBt1D0wdGQYEiJAa6xvbppexVCPkKxtwIhPDiPN1Gvp34CnjnG0UJCtxgpBs8Isa4n36R43f0ix6nHH1W51jU5WASreSDaHf7hONwDPQ2H0qCTSnQ9jeO/qwkshk098Imf7lOV6MDDKE2a4dAdTNCchxxXWjlcASZmVAk3PA26L/EhJGLFVFr4XqlQqYo/uGe9UHh3EUB3R/B905yOpmJhsNRwOzOsuQWV3rWjJH+r91o664APwFpaoHQ1/+d3NVSnaFE3zr2mK1y9+e0rd5yOLXf9zSfFkX5307+hoy+BXH0WbGlB3xeOee6SK9O9CA8FiL1z2dlzhoZvX33xBYfOsQ4KKVbIaIdmxyV4Fd0nh0XlTUM0FgF90AiZPiHkcqm/tN5MWazrQ3UlrBr26nwZQ+j4rwaGwmukMGyKJcl4UBj+TFuL94HR8ommisPCk3g5SgbfdJByh15lhkcLq5SZCQFFeja4Rt0iiRhHY3IGC2WBHhuF50Dzu0gwVGNshFfWbx5gHi733IFMxj1s+QqJZkz0O6NNHgzXJioN8zJGmiv/58+sB6ovKojRH/s9acJCFvFhftejKHefmEQ+8QddXYO3kE2mmREcfeAao9Yezq/v35zaV9H5LN564FRqe4QtznNAbtsmlDRZ5rQ2a+aurrxqYmKjRnaI1reZXgUxLJmYRX7mke8unMcBLWOqxiDyK2Gpn5HZ6zw6MvaWZBKSvBFmcBhiShGVHIl5VkEeaPpy3THU9ceuUMohiezfvH2lGa97SxUi3AO7EvT9HYRo1hNFaNEo5kpuZZ+92CPSYOucFBksks2trUvYOD3EZLew5sApNroc/SsOnV2e2sIikDVJf+HtwsKLMX0rLxd1sAwRZCvbcGF3v90P0onu4GoUxN/i+NxWWuTDxxeosjpRfK1MN0OV6EDRJKRlUluOl31RB3f4PbpLTxC1UpEEGMClq1oi0FS0TrQ/fgM0bmuplq2hKIIrof9KdArhXzDrIIQI609OjicPR4pZeSqYaupwhpr5qxUg6v2dJSlYMlVtFCxovrqxd0EetAPMr2W5HEt5I7TiAncf9uiPiXtfVXPetWwjPUwyN/Z9O03cNmERVzvWpX8bcjlk6+q6+6VTHR/TK3qV9hgEi3e47dSm7ZyDKzST9SUGw+p+q43GdkyhD+o6aBso6l9F5957y7f0ouOYgQ+wL17x9hIfr5o878RKuOEkUjTHnsZQOvbIiBqNmCClXe5vsx0hvB+tIDarJMjQales5suyu5zdBAzj3rVCixwSYX//kj8xEyNrqJZUIwVmWaVlbKNHHi2yvM8Lna1U4jklsMfkE7+ntsZrl15aNGxNQkI0sGkFpGsDwHrwvFTvrYYk7aAVFSJQyWOrI0hl0sxUgN7qC0Ct927eOYqHQdRz6rYlS2hqBad1lpgNfIsH8F/FgMtrLyqTS0n521zicU3W+S7JvdRzVA7QYQ2LQGt1YccispHUEuyUMzjTBYda32tRR9FdEvK9lB6Drv9AoD9TRSuNVchXeSVHjbuIOW6BnQ1ADqgJUqBbw4rUiN8hrf3sTCWjPk3yn5OBoBa+BSeDmwAvR+qTdbstfh0jyYQH1rQXK1SDwMwWN8SaPhSrh9aa1g5XMl4h4BhRY7jSGATgqminy0pXxW//Mtu+qzrP4kkIsXQkh4TrIa3byKtWLIhX4wWmboi2XER14BABNY9JCSQaEqqi28Y4Pnn79KGGCS7Razbg/g0604pmS8d2e9ALX4/jWX+rro0aQlwPJ3SsUBj2bMwX3+plFE5JUm/MxLEIiyPKahPcka/qNRjgyAu5eEH7G1zj0XDRfucISht8iJwSFPCOcFM5P3Vs49JRiiHRFZcGLyAjKgTq4kMw/VU/tVkQymDmH6dQJbBL9nCdcS/EegpsOHwlx9CZ2+EQiyq2sCL6++KOFj0Pl+iJ/OHi3B01jnQMUVqdWoB461pcD2/id7jXQIA01lNgrAHiF0wQ9bGs7M5rAE7tTXn76rS8mO59pJXRDBCELKwPchDcjZz+1ogLRTlGeJa68K8SqWUF4aZixTxZcCX0jNh/USJk9AFNk1QdrAwpnqgynxqjosEFKPiLKxlYbgU9OXN8NTlSmq9VwszoWX2CM+zMYy73QUNfFhTzewj6gig0A++2mz0CK7JqT4n+qbYS37TgWtcFiwRSlZAeBIctSHKDpbjlqXvh4Co5ggT39L5OAhcm4LOysAhwMUheos0WhetNzc19KZRUum6loal7Iy8gp2MHHIZzqWuIEys9qtHz6wTWwG7NCid7NXmu7cOjY13g5c2VZuxpF1KZQxRjNfSRhLu7ckx0Swh7p7COzUs+qNCdfaTjWXprrXlIKtzCvo29s7enZtJMPFrtV1e64bfjjIh+VtYLNMH1Jl+e2EIHbyXZc7qxgwyLK8/OrfSSMFzO8nDqbovSdAoQtXUUybpAb8ygQWwO/YItXab0mVBFQsp1Z3cmKJ3sHC5z4+1h/J1J7Wvds8x5uRw5qr3dtkk93O1tO6oNh7fXd9tYk1biaXosHhLonFNVior5umhC7jwf+RtRqe3BKU7OAWIqNP6ZHQOUm1DSblLQnY5A0aWrrgmgC2TbJwFTU+ST4kz1MFBbJJZrLfq0udWexE49oel6Lj5HczpZKgnHmcCl8aky1cMouiDxJPwKxkDxIK+6GBDN3mg56fNnz3DD3STY0TkN89OftDd9twvcdgjxkjWFqBtdTUVTVYQk0SvNZm2i6BIuvYQNDgYekJOhKl5vPNqELMSMB/BWjC6glDuEUdHbKCd2UUqlGc/ry9cHh/tFfpBHoLe0Nc2lhagQRBKEkUlrx25EUW1IN81fl66fc/Kzs6CF6l4ZN+v5LC8UdsHHniSczzwfHJx0vX7Yll62TUxtb+olyPa/k6zQLYZjI6PLK/Hrt7kZLwniWCTtRI0WS0CBrK1eAHP3fl6iI9FY/qBljlD1vp+bBkQNFSzxYAsNigmNjLY2Zaxxb84WXds+dKRicR3O8EiCY7qkX4OE5bMThRTJuVi6mVkBaTDWLjQcVdiHKREDCdKpcSmk6kE9EMVLzPP+20TYvpnRGfkrD0fw/AHVod7k79KfBqUYR2WBIEFNQF8JboruTj/oae6sJlQZs1GoGU+ju/SIDhKKR/m/QugiqoRVZ49V+UL/R9mna5EYhXSwuk/pR82rrOVKhOJ0vNFUuWww5S4qCZ7v9SncDifpjiJ+KhWbqpyOjyqLvwrdu9mUKhq0AAOKH9Pc1IbHNN5vEtBwcNyLaAAXjriBAu60DpLN4ACoVAsvChzAHxOy00qtEIxERQg77viwy+kYQhKskuQVTUcqupAX91VDYw9DZT5TJVb4gXb/CapyY/hhi4s0KGxzBOGuWf/AgPxc1GyYBQS6jrnsKJ/6kZQkYfkbAiEcHmFSAKtC2hqnsKaeKFoAo3xTckpU3L9pwaPUEPpLe3E01aq4pogoPxQFKyIrWyueVW/AdIHJJeJTlIKAuTO/c4xQdgPV5BnqE2YMEsFZ+MOTJxs8juShP8T78a9BQzC1EzQwRphzD7fytwavmUkcXFiy8EULtRid2mVuzc6z557G3lr/hwphMwiMSsN6Pp5rP4HF/uC4EU0ewCPokT6FBoXADGXzuwit3iLY80k88+GPItZ1EohOZi572Nwyn21YqJe/PH379uWXL6TDw3zYp0LaEy7T7HAJNbFoUCumq1k4w2VpGZraGO3zQDFoALjidVgsjJgxVk7fRz8RSv51zFtcTCuSgOLRmJJlsHmCLCUUx64jKpgVWFxMtWhuSPesz2hnEm1jL2y6Uf8dqirHxnCOexrJYcT5ZM9hwqarJvz00yubCXQcrVBY5rZwITeSDa4eR39C6K1FngPaA7XiVJGAz9iPNvOTHA/m5sf1QUuoV0ZQOEiTdPHTe02BuisUyywOK1CO4viUAceAhpo1HR/cgUjg0UGwC0MmJEb1xutTJ4OImbZtR565rTZtyKU1eLi62jfdurX99o1XZN20nHZ9TdQoemj8U5pyvMTmhhNtzt7Y2ngmSAN/72DPpKFNo2aozfTSMKQ6o2Z/dwvMw5MTmmPvY5GitXdy1w+Xjk6UAxRyYXWpJDNuyGjM1tss9MpiiE8++pGsnk5ZFLl/cogqc4d61p2dA9xxDAgV0kM3K5cqlcGaOfiYtXln/vrmeqY7dbn0H2sFTugUYehCBBa7eydvX700YhKhij3EkTkCfnFei4yVIgE7E1q+ZoGUaOBgT7bbdOWc3szYqUeeDW0KpzW9K8JFy6JxxrbWHMO4BQyhASGGkVKlpux6u1puxnsIZddSCpDm/RZKpS4ZXr8xzbpm+UrmB2DW2QPcSlF9IRccdkU1KRAtUsWaM//rpWhhrjqdoHBw8JbtJ0+faJkJujsVsx/6CdSiQqCmY+V7ioktQ9zb2xb/Eq6QESqQTCMQLuYxA2sxqX3rc4IGOBSGPg6BGrbYNDPGN+XFifnrrTabk4iTYuDXDh7vtvZ2vnTWr7CBqjWiJuUhNTuosL8dymxEo+LGgrdrWmDv1M44uE7xJBQinuFMyzCI3R3nbvN9WheCq2o4YWhRCrNQFp5sIjZY1UDTDQwcVR05WGA5ln3KVj3yVWMI/O702SZTwmuuQ3XsTwt0MIdIWOZXG3qDYN1hK//MaLdy0VCoIbKQzKvMYdAUcyMBp1bTXaMdT2msgQwLJ0EqR/w0h4YBTPakIsxCnSXJolLMYp6aREM9TV3DEs8VC/J2DL8oPFX0uPy28dvoEHypUkzzoI/4Jty0VXN54brrugYQXXI2c92++9xQSlggBId0ZZxQep0D9C2HOZ100AY/pQdslZvTwaceKT2dT2qan6S3HrgHj+IFhHsAHy3U6ZT0Sv3G3eXQfR3yE2WX6VE+vBJ8dem9SqlbLzbeO3z8T+cDbApFXO+eElp0RyPjekk5fctZJ4Fx48MTvArhSK3bVQIwd8aytYbSgig6it+DA5Jil7IqoTpqcUTNvrvCBdaOgqmenSsZa6YY+ZiRiDNVIUNNxe2ljIK8yDxz6ScE6rta2KiClicjWEuxV7VAxS6//CufFhlUxFdSQDE+AtRjxXGB3oCSTo1AZmycAtVcfS1a/ekyRoaHDzZosSZqzzUhRfFXnxRhGnEDo3jo4php2O3MZ5oNrLZSRBIBM/5EdM0ZodUI+qtIUpqtUZgN+R4N1gl20ErlST4gMxBSpw8cFxJxKw7O/26RV/KhEiIFz3BmMIxKFEJlKRQyvOPSMi2fnkmryydlH9oCHvbDlyQSFCAU637QQqbLBbEKDOL9qcxws1txNjMGK4YE9av/7mitW8OOaWKermBDefxqHpJzbXuKkztOX716eXV6OXZYFwQNcHyq9Q+CG6i1jzmpNQQShOvBvruj5Qu2KRLOdyDU2BalUHeYqisqvcLx+UyM6I+A0fUQmhLmCWZMCwG2BLe4kwgDE154DGSmSHmV8TUP3BOyTiKxM1BJoGrVczX8jYluBCPGzl8szSP4UqWwr6GRVS7Jlx65PR9fcpM1kvW4N+KoUoCHC7VB5RZtj6FzgklQJsRq/4IkRBTw3ZHk8MnIZvj1Z7BFFu0qjzhfG8qn3742Jg78V9QOVMW1EhGLmw27sIyxsSrHp1qY+v/mTI/amcGujx4dvX75ihjqES+v7ErRfcqj6IVZ5P7OgZkuYnLfOgQvCtL7tvyQLZVMFHyY5cGMB/PUDiyUu7h7a3t0J9FoVCO2Oc/5hTtvL15RQq9pladzHPHFmSllynjt4DvUILgOuxQImNumPmkazbAEApZewSf4sHhfog0DRB5SLHprW2Taiqx3rzM1K922WaTDCj7SQuGw8aBrx0CNyGyB6s0O9tBYZeG4RyGP8qJAnLPowrW3ayDMHb7Y4rmSqXcPpi8vzuHrBWtO9rHAiMrMOdi4bIJSsnB6bgQVBMFIj0CBOnYbJIG4NWFCFnu3+fI76a6kJxq1PbYX1bRm1IvmxhIxrQiPpWgF2oIehaXfZqTaIKI9tiNfxEHb0wGb35/LAlOfQjaUKJlxMz7qSPp41StnHj0+kUSEYXpNTrlUSqV/p3gyB/2kWgmxM9KxVNMSfqQzc8umdfPXIJv9dykIQZ9T8dCtLEeD/UYCveBX1tZC0bvb4+OTw4MjcbxjrcOLcKjzBFhGDtotqyr/7LXahgWXV6JYWAjfpfTwkfsSpGq1t0ub/XTqiqhTpvn2YW/HhpL6G21NdyiVW5+Mt/5cnJ6XBSzI27P0mvAyqNJCdqT0FhOk4wmcLUhghguHVWzhxO6Odh0izT4NZlkQ0aHw8vS8KfKZ+K6Hbv/NxOXFvtl0SeKOEZBMmlCh3bJmz6UwaU5reDP/BlcYnGFSIYMkbDc1jxR5+xGBJGsDcujTLgOhcZ6tXBTHnlksYrRDkbY3jPrlmDvRBzErgOK8FIUTGz9qMNCxR0U3EeLRdDp6cz68ZSGYZFwhTCyphnvJCLX5Gyi45BXTlNGLbhVsUIs8S/4nQgdm9Ez8Qe8KAhFZB61MWuabKETro5OaS9+UrCvxP7LLzk5pOMDdqMPjUZgVkFQZBCgVziy+jvfE8/qQPmEwNjhY1lPUpJZUjazURRF9yIQOGhL15jAViSOKhCgbZMyBqjTSF6AR4WlksxiXSwPZi7anHxNx6N2S+sSlEOvBiEPxsaxpDNeGiExR7ZFLKEazBnOvOBx/VB/ohaTDsSk79MRKE0Gl81ftuE1yyDaf0lGaWUcxTX5FGWQ0qIgmBl4HEd7+waUeFSvqi+ndMCL2xcH8h/mVkWE4pmlamkAJO1aXrtCBaYPDGCTU6+jHNBZewgBng5kghtkualnl4U+WFsxonRWiUADHc+gszVYe3BCbWCyEAC4uhKPK9NU4CkQcyttECHyHhAgGvog4NtSKOhMaxOkFlUpHC/Z4PuawfI+dId7Daqo49aMl9a4CNPpa0qKwpruRVDl/oBUKURWYqRLHUu2Kws4fheGs2PClC4hNU9VSaor4E9eDODWnkdjY1/70ZGFT8AMxN0JSF8vlTWpiskS31lOdvn758tUXL6kLrQqVqREurnAhfJE3xh9vhqThw7Q0mLjXHX+gVoFwrPCgGPULHSNUzRNReUz9aWFhq2ma4MuP1uqIvNbxMQCjStE3tLmnVMqamvqVqGJt378qvggjtIcr9sShaoyvUnFk6KKX1RvE6UXoKcmKa2vkMZh7FF6JZcB45iF0423/v6owchm6azY/F0oZw9gnACEChWysP8Y9LbGHk660SHDWj+sgiCLVd0Oeg7euMMVa4kqVS8kMhBDtmU9qGa/ThPAcE1h0JYy7nb4lpUqJ/d6cXehT+d3Wy9Nur8KTgRDS9d482RSxWum9oOmMHYV77miLhHZ+Tos0poBNo2tHR/siHy+c0LxASsU65Q5HFPZZGghtgrAP2osuLkBG8t22d5y0z8BhRzCz3H5rz5x0ezMxTL+VC3OE8UNnX3u93tX5uY5QyYakJsI7wUc2K97r74VLKtOj9OrmVhR765W9iBYSpe7ttrGpgiAtceM3DDe9HWYxa0LSSW8fHJqzxBiZLfGf2EfOzWhPwiY/g8hJPIhkOXYCMs5SOBXM1VrQFsOxEKug400pmC0oodtq3zph0T3+l3cgXCnPgvI67HpfMcSFVZjyUtkEsPUBo1MgLlxCC/DWOqpMAiPuWqOvaWbKXR/AFCAKYPKmNBlLKu2PdKXmRvwp81Qg6q0njx6BKQKqTHOg6S84YcEgx28Xja6UPK0ScCogfbm1s2kRHpKIBpniN5ZtgAEYymABod09Qx4Y5VwwLdNPf86mj8I3sZX9Rl6lLaXWtA1xvXnzBpeiogBMCm42YoSYcRRpi5AQFbaCRdYhZTj5K8/xxraY5lvHQA1pShlDYPxRm6gYsTbVhwh99sIVENtk5AHy6ShMhUUUc7OBAY1KsFmoOeqOZKJ8AlP46+bIkKDidyLBZAc/1aHWOcFFcE67NUb9PW7yShna15R00fp03GP6Jf9Mphtb8dD1YZjWQoUbENVlKRDjYFgflRDBtV7bedqzVyxhpFCz7nAS5PmT2szYE8WoJ/3viir3iV66EaNyDjkMAxJOmQorWRHSLIVKTWzM4icLPsYXJX/fq5YZpBxFmgM6cOhHbt6ovRfxdmkGOrVeg4tKuO1O9gWXLKm5AFoPdzBSyGzB5cztImiRRezRGmiQSDddF78uersQVckeYXXqi1go1jNAnLr1v5EzPmmj25CsOaF+dtziyX4A1ojyk8WaVtyMF9pTz/9cYSSNLQKDk2DXodR1xJiEWXQIIfqr+pi5qhWFge+hhKrgYBHZQLom6kj5fsh5MO4cNkGEqtoKwETH4TLP2Z2BWvxehdRz1KDOf9jtfhjDORYipTA23xCays+d4dIwaiVeixG0jhdsNOnlXAISysBE1EBQHzIzeDAC8m14G8I9iJWR3H3MqYHq+wN4bStdv9knqRJvsiAX93ow2rw8UJOiqlIUGCxNTDVwUBrYAMQlX9wZg1OhlUeErL4a+fUidyUTCphQCdmA8ockE71xV7M9DlQE0KipBvGlFaLV5OJkAXY/fk7+O8n2qCNIox9ikQTKtDStuZobgM5n+KFa2IDb3x4t1UI9Bi033Bu8YlL356FH/e1JdwMfCbUS6ErVXhfpD53QXTUrVvrQuTZG7xdeXfbyxZc3FybdGtFWYVCPpVGStiMkA1vJSwP5jshbsAt1hUNiroIQJLAWcJ6FQLzzYa7FqFJP7R3kFSWDchnJMimMXgyN0bWoVJjVH8TZYqTKJaiFSiSm1imAVhY0l+fQVxg+UTPMjbouzWWq1jTI8DPwLFmtwT1DyO3hZwronmuQsTCUku2oRjj4QL67Y7Kgx40EImaotoplNhsc8omz/iAqEYGrChqa+RfCKJtIUQemDc46iqeozgkaqiSSvHqsADoA/Q+nbmJDFCWYlNDf5NIv/GXLYwpagt6GdYCSxSQpGXO3rSvKzPSsdALXzqVuLuTJZBPtyc3JYryJY2x59OiY2ZydXcCqF0L0epWOx3O4jB7Ua7yfPHkGS0kahyS3/UX0cX1t3tnuS3FgJw+jRbBDEbDKukaZG1nKO0HbVTT//5j6D8U6dizd1pQhRVJmm8ys2+//eH1OVeaWaCXK9Dd+cNftRWmtCAQwPSYmbLRP+cJuaHGD4MMKyM+PD6iHq0EtKxobYjQ2KTTzQl7QNPDm3exusdzeVgavurz++fCIY5PjomvWpZqLJBic2JSktMWN6MRXZ4tcf7hBpJaQgGBUQch3JpqVN8qSw273DLEbpxHFCpJckx84pj7FAumANBs2O/rMKtgORRAUGlowYIr82UAg5crdPCDfwyYKJhyUWJizV2w56kVUWbxDQGCquWgoUsmHzdaRnWZniFRQGxGZeX4f1G5lZxTS7OrK/NvmRCqmeEcF3dhUXsckY8wa45OVZDAB5eQa+Knd6VdvwQguh0xNGYwqkQ1ZMhg8GEXlY9paAJGFIzC/X70TjTUqlglaXerFNr96+Q2uW1zYsZGNkrL2XJMrXRTjf7YJL1yk8Hc33q/iNMvXtk+R9iFuinpjBSsVbzlp6/MacCWlHLc562dHYauvDjYksLpAl+9QQNQiHsOH6otXOBIVjPje68svHKPtH+BcElB4RgBvqSYbwlVDWzO3ORbWUrRWH6XFA8aGaecKF/aPtFqGujHOxBJpFdCcNUVLSfY/9G8ms6o9THUk7KQ2Atgm9yblI/KbwVeneQeEnMiQtGMuq8y5MCx2SFG1PIEeUpjQHZ4cNcfO3ec32pSz/S7RVnhGV7RqcJQ26/A48Fy5nBxjQpd/2Rdi/ONdLJfIyInwJVYqjmSWfCVySINPR2qlqgtymoqtiMScVB7JOyaLMNl1WXNV6C57vra7SarQLQD+V07JorZ45JiDKHXOrcrgE7uj6jBWKlgLCDLz2R5kY0fHjk/AF+hs4NRZIGuDkFA5RXzXw3JZvmSp9tXYIVCOAAAgAElEQVTkZ8y9Lj606QGmSsX3HpcBM0lXIc/hWIWtui6Bgyscdh0yZ12JdqmyOrYi6Q86opJlHntSIXNbmiIvQpAUCeVzH7/9o7IEeBApLYM7//eDw32mGgFslTqSaj4DOs+RbJGMvmp3B0gRGzmEQ45cFJBxmfRSHqtLwKkqpvwAmCeJQvfSSvVv8u+Z+z48nnJhRFmMyTKbWNnko9ALzOy7qsQXJfaBpo28QQIeH0FLmBiInhlLBNSMAxNA3562RMdugVxz7yuM3zAD7OHUOPnqA0X4QfYileAMfiJLt4s0u0DqBKwQnlbyyJRHynDKawUy/sFcfyGpYkQp3+cT5YmAUSQkcNP4uSyHAolz2So1ipf/wK/wgRYJ/ZHY+Sly/ftzwGQZKAk53fO93JnGb/9M1/Q6iS+f/7r7q948XhNiAdCoiTYFszkSS+NJGZgykATKXVdgREZiBiRDtL/wXR7pBgFOKFZlXGxYPp6IR+FKy1LtrBQ9HczaVEqDxQfEBtMOJmnlylJWe2LxZUTtFPUgffepRF2cdcDavZdpVYUC1nPcyHAwyAw5PSa2LFb8Md7AytP2XHHFNBA9IJrJijdNoT1H2S4nsBEWS6MWufEm9kN9tQ6D0DekpHHK7Z1RBpzx6S/MjZHagQMceYwsvKPez7k4JFNRfbu4jtQUEu6j1JIlSEwsQTAtJZspNuAFPc+PXlyLiddNg+7sOW0jBQn7Pv52w9GzHeNqYAjD0ezoD8GaguqYGdKfDz+8b+vq19Vvv//R8si3r58eNV4iwNY1Q/DzWuO0wadiMCIwaiUqev7tt49fvDytCbhf729uap7JmCxqabIxUYMlEPLCRja4aJTTkMZbO0lEqDYpt/7LOF322DudmBMQuW/q//T7Jyf23NzcEIjXgFnZpZ3T4NFkx+g9PRR3/izELBTwhpgdsweL8FRVUQr9TLt1bNVcr32rI24S/EzDya/iod46NrK1QQfBgjLIKaQBMF5MLWftWwVo8e/FVXsbzNRL+VvRnQ+SkdNXnkFdkL/3Lxd1wVCESmi5NmEQ8aINd1ljoWoPCRAecbBJaRG2cAQl2T99W9/lUsSj3oAeAq3D2z/++O2Pj58y29lM8stXRHaBtQsIVoRtBLEALVJVW2Oizdu+EsgW4ughtHawRiVMeGE88hsBb5nmMCjcIQ8g/DIF75zChXQtURhSABEawqbqhNNOdbnBicUDTVUXH1NK50mvgU8RC0miyjv8RiiujNnKpU/gXSp5FipsD5Dpyz7M+ObVNZWK6pku5qxX+HAjdvzZoHJQUrFpXKZlsUQd2R8/P3w0jt4uKPqyWpFqRW9mo3UFxK/Nv/U6x4pNOy0rrNUNYaLFjoi/hv+VoFkE+OviBg2kUhyqziq7DkAjuDSUT6xX4AQcLZi40Bv5DDHGi/AUdgdnutQxAxkXzsRR2RhV7r66QO20pHW3IUZx9XGOg0bXlWkcmtksPDhuUqXMGbL2WjAkMFopLELl8pCBZ0mnVuInrnKgEUMyDA9KeN3QBNqMHeWukF9yja4iAGZr/heQSfCI51Pcegl+pbweTVaJD8iy9y8z7n8ceoTHlF87Pqc9v6Z4+8DzY8NSFTqFwpJu5Z+hFAfHr6xh9MlvuE1QJVdnYcJekFFbMz6KQInQdCsbQRzbpgg0clDkrrdt/YwUaRGbEcSz66oONiCbAKX7y9FFECmVGR5wGUQFXFOoQgHJmUPqi5RjEaAtZ0ww0VKldiETSiKymsTIksdoLtNhhdtuMD+nIUNWh0PgXEda91NSYkhDUZIDDIvL8T47kddTVCWWM/w2wpWKi/L6T2yncHYyuYFIYpXyeDwzJ7izSqmjbOJQUtbly/ij4FCHVmBV4cr3SQzRFzLBa30napRNfaTBYr9ML0KUSb4ZUpdkDKYvGRJDBKylQ4HruEdagmKBoYzISSqeS1IGFtDZkke1GjA16pIcAhMey61faI0E1PqvfJSHwz8/XR8pu1wNq670aA+7rGhk+sZFpFW6+3hb6WUmen8eLovnLzCOPVXg5Q+3zWDVZnfw4Tc7l+/vb2///d//s7an1e4gV36o3QWJUMit3xCNxIiKDDil+/hZxq6IkhBUwobt/Kt+VClTar6Jmnx8a/m0cKviVXRAFVc5q0UZZ2p3qTLXGOatAKpmTkKgpfmy+98zaqVY/0NYni4i8fxEW+wNLIIGJekcgGpU8KI49DKGB91yxPj4jcRqzCobre6xJ9MdrCuQiEKL4Hh/GUwaifEyKn3nhdzW4XeHxwlxpGs++dhBqEolgj2UbfScO6UPvQhIL6GMqWpRd37givTsX0nFIqwbf+rDxaP9nq30ctBhG0TQeAYbPv32kZVoYi2Vu7u7+/THBwOBDODT+0+OwEGw8cDAp60QdT4I4L3u7EmrdPXhg+DJazM8M7xnAZm+yO9//NkSsEYp2B8JNgeRll+9vvv8ReP92+8fve55kwVVGE2ddYGtZbSf+tvT/cMddqpeGdcr+2CUbKDGDFwL7PNfWlNxgtV80gwDga15L5vhwOqvFt0Cwbd3DXy+/mQ9GXfxsyae8zC8JPaVCamFoJuXXOvbyc+NM+ZinK3dYIyT5DvHN9soTm3UkzqR1T7a6hHzZo7pUazHEtqFYFqwl7AZDTK6STPGtxTHpvZCIGorN9okIpiG1AiBlIpq3EyA+DOJMd0UzTQydGUdEm5syWBk25/9zQwShXgqdefQcgNoOZYsifmWTSqT8Eqaf/3znxYgxp5ZvfwwedcIZWtzKRlR8ywGz5r61IuRmc1uTaQ1lM/WFeDUqZlGFg2sYt2w3AJra0e8C7j1gm1Uv7p8eOidezeLO6tV3hQs9mtY67uTLB9shfrx7cbWn8XHBonb9S5SUL4ZZStU7fgWLhX9NK/85vX93SP+ADGgjCFj1XZBCbrIGdHv3ln2YFz41/uWz+o8JDRKg8IWeJdI4lvAYa4aY2/AEmTRm0MQza3QC6oLsqyqXF1Tm5hLht1Zjz4KVw0BcXYiIbz/8MGGv406oGKj2h6Ls/ZWbqYezwtBiJfx0oQFGKkqa+nUdJqliiB6hYxdOxtHNG6KSEf3ULTluXpzsJoJsuwxU8AXD/nasUH24qQmAOEBATCGSbxFmUC4zz0UArBRJFbTmp7LDXoOEEWjREoWwZw3uolf0JQv9PGwpkaRCmiBibT13kFxcWJTubjbxTdMKr/TIIM/6Cl1DfpKVJt5XthmmVXwBZjgx0RglBlOFCLEPcAVIngtMvOXihBxGiwz2wQQxJf2M5jslj0ri+eBZBAGu5maIuQia+8U9egFyGpJVa4QM09VPxGNKtXkkP3GWW0FBOOxTGHxqAUASEJkZSg0wqqQ/YznFcY5popzKZ9A0QNArZSCgCEH8HAkddFcCwwA6RMun5HQRVeTaZdKNLwfCPRQq7tCRUCSATwSyo7wAqOWVDRBMTCxJuMwgDFUWopZEMFmNMrNTMBPLLx6FGzcZWHZRlhdIeVvKaUVoiouD2L/soo8VOQiq6sXOqS4BthPae5TY89LzjrjbnqBnMQATYCkIz3HMRuJZRQnSPDTUmASKZOtz+wYWiUL2aEYAMiofZJYPJhHhetQdAoGQwbZQccU/OoUcw2KTzsN/BBwJhcDJWZr0i6KJz2M4PMMaKzta5n2IEgwlL7/J7/rvxNWnhJiJ3LKp+TIclFa/wdcagjLVp4Sl3WCKZW6NcwFZvyScRH/7My7N7n8ePfooNng7DO4ABA12gYuyYYdBnJrKuOIE3b/fEYfpZzKLuHUlj0DpPi5TKyoQUyWhoyX0zyOdFNhbjEPgFE+bhV5TJyraDE3If1EVpPD2EzkY10pNbyS/ieAJOIqpY29bucnc1kpKMEMfHU6GuFYVa9Mtb7iGeG4P7zKE5Uv4IVZLK3cMc2FZEx5a6JBBnJ49ehagOKJplzot5RoWvvUU9eg6NJF7BiYvSb5kd/PMvmdfEvIAnEJl4fxUyvvL32EvaxZsIdNDFQNXkTKz1jId98b9mq9+Lz//OeLyaxHb1v+8fPKYj3jhVrdXw5ATr5NcsHx9sI4nCYXu96S4kXJcGtAzUFrmRiYpldDAos23eZ4asX9dnJoWpxTqN6IyRo+ZQXV4PQNhkjK+JDXqyhlDtdMjQbywmnI6BAKfH3ydpXesVb79/qXc7A7VBH3jXDkWdmWaS6BDhOTv5aWLXoK+C/7sZ1OZ7iuc7ltRMCOgjwPaptDFBCReysY3379ZlaaIJmB/reP+inujPKUbC5iXZokbENGm1ecgIjsmtim4LICPrKpwwKf3EuVBUqBBXWZfBQsiwSRZ4vuTKNp7nx5h05PZ/OEIKkmMhgQ9Fz/ITZJr+aKW3OWIDnWw0BDRo2jHsFUZVWdIBbUuXLYj5Ya6gxn3dya1zzgays1//WPP0S9ctPGhrw0KOAeu8rGgDmZwSeo4thefyeQLbZKQoZ429tRjWEjNt4o3Uiz27zF2fVc8G0MjBGysfT1/ddvnz5gIW/Aun4arts5A0tBnVjfPnPOIhkI5OxJNIebzSjSznGrHeRRpcWKCKAOmdgwsjwldh0GLa8S3E5YrC7ofR+vWkFR1eC7ezE3odCr8xu+f71XmZCtt5Bs2yzV6YYqrURb4MUYdm/jek/ps0NwyMrIpGDujd3cxF0tE/ZFFYExFZnVBgzbXO06MTU6VQNCy8Yoo9MOdys13zXUYW+NamCcuD1XYXcsAHAMtOnvFh3qGTR4m5p4cyH495bV8kP0irGQ4A19PFchXWYkBAPbP9WiRnQWzfNk2GolWviOeYjxoNq03aotUz75NHmLeIKfmVE3TlRi9YwN7FZOFzHGW0RdLKpJDSJHXJn8U73X6c1ZVdmlSR8muupiGUvNNQxohdVKiNZUFDBsV1+BSuRIlb+C+GhlT4oYUhZAIdxjFt7T0a2YCtqyjWpVrbv8eRMocVUzItzUVcmmA1CNiaxT0ULfnYC49QkBJup8cj4iBvZUIexDOrjJInkjJkD4SiZIRUCfI/0JvBZkywQntWCVexzUlg9PKIokwR+kSdzVPGIwx29EzhywoYTshWSLno5+ig4TAjFMdaiIlMNfuODmo5JCIZXyZKWp0tYxpmQf72s2Czo7PZdxZY2+ktz209NTfRMCSFbVCWRXMSM4HC/E9Rv6IxlE5KeiK0LS1NhYkSw77zNWyweomZaKVI1HazJbz7DhxFp5H9aByqlkyCNp7AVenJuNzf1HF2ZAO1aG4MiupVUEc3ljiUwFfbVA1adKg+FPWrVMDkAb9MlE0HDRqHRu8+CNoxeug9v/KkvGFJXYAmHJfU/VaavHPmWbkURdt1GXACT2ZEXL8GI3Uk9VTMxuso3l4R45ohrgeR97Ch9v//rLa5dbYsTISDIdRBRlZ71ADkdIZ5TTb+yHTCLk+9cXPY26Ef3/gnCLPz6ELflTlY6fMl5VsJrfbj02+JRDxy++F/bhzyBqdeu7uVqdKhO9E0b6KHVfUwRsSA6aNOWmhZ7HTj8Rmum4VgdL7EONVKYEQwjcWJN1eY9Wqzxlj85IywVpSMvcJ6usAB8vzR+HShFGOdDV6MBo983jjsdaPZBwJGvlrV0tUxRLJcxBjqghXCWJ+uHGY1RUD1JZvHarUPhcz6W5zUyCJPdKuvFRCiIvIrPxsVmr53q4GoMJRFu5dkS9KUxD3ZORDAdKNxv8/OXLrReiGMzZ/Ka29sG0ryZKQ9vu1GIC6+TbjdsW13cdFPLNgn6bVZtvthCqQMHGZPN3dnto1Lfm6Qdv7bx2kYeaZmRGaNp7e1t1xv/a/nxHUEmqrTOiKaHQobpjSnCXTf6w8eXy2W6GKmonEr/32kC5ZmH0VHD+tqiOizATqs22mabmxvDc16qF+FJNsM15o01cSAN7GbmF1ucoFli33a+IpE3WGVN+k19hcz+dEWg5pr8aPWaLDHFBOnj2SrevzvNDhqEypdg+NlkDmgyoEnziFWaxK4MJrTMTMX8rdH316mtLZLSNoodKJojdpy/uishsM2rCvKohcWNewZdLiVyX/8y+IZbqJpiyCcA+/fbJyG627XmdebBzxplwdXz16MV6ZhweE2LC1ohqZXrDx9WrDpJ0zrP8DFxBidlgY3i91JisdoK0CdBLA41QC0x/2Gu73T8z9V4d2aBjQYhBxyv9gUIS8/WOSGxo8IoZIEc8tP7Hqysjb86LrhaJni/Mr2KVzXjp3duLK1TazoQeq1cdeUhJOjZOLpRnb0AhAB7tl+01nX/5/Oy9L3GE1lx3ayud7uDCELIeXlVG7FnAyiTfFVb8sLvlq5WueFSFSBOpLErW5I+xw9rafqZBm2I6EomJ7UoGzwWEdLp0/NFsCsO23D/etHOrUWvYF4BaM00v6o6aCu8J64tgpl2CR+JTHnZRSypYXE2msctwCBLkqhFcCKcs8zjiRXVkVrJKQqo1YBbair9RTYyKtCAy3tIqA3kxNkByo8GvKogJfK8hIPuFCDIK6HMLRINTd7pt2dVsbP5JcqT5n/hIsrZksmCYGXTlegKtPFSOCT9q9kpmrtqsKgKnFjHRlIwOWfmHQiJ9zvNoyXFcpUUCwwreKaFYEcaMuYKBAWzUVaXjYUjKh9Ts12Uh5gvqTEidWz2rEsWyiiozX5NrrgKSyZqIZNlDNCACGk9l7LoR/UNANCWB/q2lSkwe1aqyH6CTCKRRKucCmmp9YieZUFfWo03bLCEVSRlLyeL4q2gjcxryPIQAF1Qd0ftBb3LOEY2c6E0AuI9aePy9kO0ujyW/pdEgJKs4bNVe9z4ww9FV1zPWcMGRzhMOBprqUaoRouB7dJTV0B0iwuuiE3i0WauEslWSstCPuVF56NodvRJUgpMFyD5Tcn31bhWo9MHjiTQJBiZHEU6MzWdyiJ+uweh2nwZfIkPWhYUAVdeLLjIfMYBsWckQAXzYdDEywvCSJfxJdvrrW7mJragoiIhdynTr4T6ZWJwPXMCSqE8/Xbsptf8vyZRk7MPQj30B1tOb83s0dfjf//1/v7d4ixNP7zMvxlHrE+7KE28uiNNKZEfQFIW/6nwI0dg/9ysQylF37JZCexLALs4fKRvez6358FVnjiMx1KoGOK/gPz/Zdw8yWkKQQK0ecNzcV0qQ3JOG3/p4Dr/mT4GeKrsc01cPlr2c0RnULtd0YqOHykdurT6e/JMpWcSY23QWieK5sLptRCzwPhKkizMMs4go1zAUJga1caCadmX8ktwCSPcvIiP5BAUHmAmTZXQPpgsJu1Y6RBGCwsxgTBwx/037CMkoCfT8xdnMCVBscy+Pz2aWORELB7+JWrhiLzq2raTBNueKPH1rM4cXqHz7YWfJ3c87BoQTAZkWyblI6qYhuYy3apRYVFYiuX28sy107431Cua028I1r6BoL45Dc0xBMoicAlHQvgNKrIT1Kj9jM014Z1mJFHsadXN88HrDHgzXBm/SeYLN7RiZc6IHk/r58/rdtc6H+U0SztDdOPpm+xUwOJ+JcvOP3uHyNDO7endzc3t7K9RDdrO9Rni+f91oJKJqcjbW/mwuG0obV2/v77SRBEITAgiDTHCRdxxWVzDE1oteGmjJJgq4vfcjBcwZZZlYz12mPrd+gGIvImzAnA3JmWYr6bsJU2Bo67vTF71WRCirXQkKCEQ91+aCdSDFeFLThk0QYLmRaY3BhnwEBNCaA6nhPdYSucXLNhsJocCLGBQl9Vn67C9rD3r0Z2iokU84tnl2fKWDDI9hi0ozL4RB3Q7ztxe3n+9EXSweKUSUaox+iUqc72fXyKUYy3k3TeesOqTHZtlbrdorHGHUi4A6ec3krV3EHcmIINmh/ooX7dTyi4TeGV1uf3eCi8lKIUTcn2ZQlnpcvDHarXp5Gaosb29sUad3XigKr2+ucWGrvoFGKx1Ni9Ol5QQO14yLS7I41KQWsb+XvXxrT5B67swagaYZ4TZTi3RRKASLGFryl9nkJKVhMRPi9Jx72PLKN8xVVwEu8+E6JxfPbTbHl1FEqxuJ3PBknQbBGjU1LWZUvPmg65vLX97d2ImJdnhVB0lvAQQlJU/4qIZm8UUCnk6e6VKwy3oB9GdWo31BYEeulY8ZsFklVdp8eFIDJcgz86ptHkjDkGlMKIwzE6IJTxTI4P8GB+D24ZVzjUByLA/qerTZVbSj0/8w++I6AKzm7lY8kptjcgXQZapwYOR0VXUAIWdAEI7lOq6ZTcpcm9Kh1GX5u5SMSuWEkC5HoVuxtSvwpYyFmncYieWsb5acocTrPtnZNsgHNs+fLbrC3Ez2ANKsESS7r6qMVBlO67IEfHxfWwFPgSb5ImFiHCGxmxGNvDh1GaJ8Tb9NlJzoBP+pGzVJpVyHggR7rolANJwZFWCPtewmgvmHKqlqgVqJUZAs/sa8PAGHTRH/MxaosnQeXQQhL3OCHGlr6kijLLIyxpST2KKr+tkNQEWIuZ4ZT9GstFRzMIU1ca3UnLn0mUIjX6GKCJAWgoKmZ0+HWcmqG15hDSA4Izs6J6TwHmzRhcZlodDmXGROahmV0upjzEU9wamAPWUs8bYhSpWZOAKHJAWMCBzDENTmo9Vt2EBjj61JBzkxBC6ydtNPtzMKaFJq+bL1amFsHqYgpRjJ55OyUPxCdIT1ASa70Wr4Cq6f6qjCKA+cEpXCXu+fPe9N6VRsDc6jvSn/ufvrzgyesjVxgQBugqx6qxvUMKRHmsMyNbsarUOpoF+ffpczUPmdSC6jxzwwL5yFcHT11ZtTKUFKOJVmmodbP6RGlpnxuTYvm3JWL6NLi1LrCwM83fWTC8vOXMf+5Lsk+UZS8APSbWLx0OXENFPINyAk61F4hIMXzRFYIUVkb8YmhLEoq3MvCxZ7XkvNUPj8fJgkOQ5ZXUkpNCzbHmKkMm7zYi9GfCReFgWhZW0N7Ay9RMJCDn+t0LwZahI97OVP9UH1nw1UXkpdeWyENQi+k3kr9nCksbeNU8tqJ7GBBavy7V3mLLQ9BrTetnXj1+fP/3l36f3I73lD20Vvb+/Yyx9/fMKFhqeTOejzq6mxS5O/X5/effp4c3v/eH93PwoMYxiqFE611A80iq4zYlHda9Osj+L8d+87NNHcK74MMBqkETjhuzESqwOfHry5zev+/GsHvsjVNHGr0CZKIiVwxTc3ZzFloqCGX6+M/7G1j58+ifgcC9LOAMK2eszEJbjtnxWP/nj33kBQ64bvH24JaBtd9Q5f9264Nx15o8KwXBQ6wEQRYiE+AAtE7VPRxE+whCy8c7gdAngpFU45Dw1pYfeNUTESl2GbvklilfPU9wbknjcQBGS7HlJ9CitWnRfPl2tjyK7ZmxnOdEsFiy2yLwWkGYYjWNJWqd2qFmVM87PdzGG+7OcrUdq/eoFKuxw8zwYZGqGqpPx9Fi2lyq5AN026mSY1s3vxFLTXFuFxFChkbaslP8mycWZTtEbxDIO1rwVERtcsMJjk4VunANS6HOtcbUC4vRH4s4jQ8GHcO8nlh5V2P0zdkr035qFIDIeGhr1JxlywUzplf/528+EmG96mnJ/O356Y8EVrVI3Cbz+eVFtGZCUVvPe3juq8ENWBRge4s0pP/6EN0zc3RHxz0zu4qb0XzJA8osUIzPaX5ba5pg6aefP62oqLb5mT6w3ZvkY+phhapYrSacRrcjZdu9a5MVJDd7o38wV6R4aKLUvtGM6nb63u2CtYOriHTkHJE3irtOOfbP3utHbG00Dm217SCBGhqdoPnRNUN1CDYGGVpHQHlq3iz3XSGGRqqtUAsf1DXAnB5mTsViEshNU61rlNm8ZzM10W4RiBBv4VVCrZzq9vdLzVqCGdX5pHPS5GZv/QS4fHfbljiZnZyY3aQElbSKYZBCf3ikr2yMVkKvUAWXCdDNKY9XqUzpTMhxMtPhsWLTEMEbeaXkycCPhLUEFZQWXW2gVQyqlR8IqSM375YAXFV2CwXZ8uZGfbQTQrOvEqv76utLdOORz6aS3GY6f3jqwCgtX0yujD36DJUu1CvtuFHY2JRjMWq3iF7vm35MgfrmMsuY9SKDzCjE80qW9lK95GyImPkqW/GhiAmVNw/YRSmYRf4gjKabn3DNujB5Zgk3sqPCIBKMnJ0SfVoyw4/lcOT4MKUAKAiBQSX+bmS98DJfnnGM3FrvVLhYCmmVIntBSp+I7XjWXJQc02gju6Q+mvBbU6qUpXiMbENGlueYEUfriOlwB5UKbyliVRgVOb6nGogYQaNed6vEZao99KDrvq0gB2QYMileIElAIvTuJ7My2VO5Qw+FrzTk8JEzSzt/KWvVIjDKxSDnHnqltlogqu5RsHpbtTLBd1atAKSwp/JqZQYKsIBHfUV7meo553rDFce8Vzm+oyYvP59vN//5//02hqHY4JAxRgMjAXmYDbA8RPkDOSqOtCNYfXVWbcpxTFGQBSYrVaVM726WbulR8phYY5d3cb69khI5qGbB1TPrWCDbAFqZRp64g+mg5dsIFrFF45/7Y6cVWaOVZxxsqxZGTJMjOMNB8k0ai2MxOYBsLuUWuuqxJZAJHvUdyEY5SkBosqVHtU1tS53dRLRhFiDSbAVew0PiS+e9SPUQ3VLRUPWeYJFTbOxVAoWcXDcD9ZaaT/LXZkjPXgdzkaI65SIEHqgUv04HGw47fUF+F5GLdP3zTlq65vXj2YHvbWConioYfGK5wRLeTidG5s3nTMDb68dffRwMo3y7xkg25RnT0KV99/PaqBmoqcwKsff3350hoqp1WL1Fof9s2iKWEDSxSc5ci8Q+/pzuggGs3GeYcJRtQu0K/e28ZhsZkjbF7ZaGLHia6M+POdrcfV4hfuhAJ4ZUedXfLu1eNjvsFc7bfHJzHuBqLKTwDI1tC70Nx4V23tmVqh22e8x2p/0d10ABQSxBrtorWez5iS+OQpmy3s6EhIAU1nnahO00oBoEcKcvqE0LsAACAASURBVBSijSPzTD10vZAm288kUp/MFHo8DNEpRQjRYpSrA3OCkgwktuNEBgFhf9WCsa0NL/Dl/jetIjMyqFnVoms1qlODhFNiS0YgjhTFhqB4yEcFZHMRmSnGgXeW/OMf/2DI2VK1lrG0W1qfoQpyTIhwQpN1iRub4s9rOGzvGwYc6S6uAhy/5ltxIaN2xqQuWRqHs9gAO+28yeLiK951piPilS0dhAUd7kmerazqCOW9tmQvEZnfmD849ap2pbHh5+9X16pd+3a3UM9IXKfL4/bu6UGER0dW07z/6CRth32q0z/FeTiX30qGZIpQ0u08mp3+aPy1+L997oT9cP/AB9EWgO9urvSnEdIq0sZovQEPsEt5TJcLE9NB8iRbEZtgr8Nu8jdGjF5mn93FOLcANSHVgAPFw6gLfJ199Rct2VTcvK52BJ0CRGKp0oput1uFGZm7jhEhsuUZqgDMSNyc/iSaX6HLn2qwMNFE108mTcZYrxeVUzUmm1eejwC8tlWQE22aK565pKTTOEzrH/PeCZmTClDBa+PTRCrf8ZDlb5hDpyE9F07EbxaY6QI2bPOph2Sywi5a8xjKIF7lrv0kxsowvnQNqkejqFEMtlV7FXWVcT5/wTaUDDtyahHUoP2C4Ld+TBbZ2GoulCACa7yHMSjiRnY5tfWBQYZ1rkm1QDuomUlVITLmSKdvgm6hi4RI2f+JtCblBHJKRn5ND6kqHyE1Lhc6poRUwVz7eE9axaEFydld8lGNEYGQbA8U+ctdY4o2kZZDHCbj/AEp0UgCT5nJYrAL3VxHmuSku+YnUCNnuZLCi2uN1gPTc0QMZRbVB4ULVkVCroBTSGNX7eITGkrPMaKdRsBEKmzlJFySqqmNNqmIJTz6r91X4Bz1MByujyLiOD4inFBpPzYUlgTIGIhldEWby6IZao1c+fxlXRKTaDJJF8dCqw4bM1543+BfBaqzxLPKGuVQxePUsC8k4COkBJ1wIqP8+CYI1zGnJ0C/CS9LzusiKXbdXOx0pAWIh5VsSi5cljXRrKq4WwIuEvsEWkpZ+5R1hU5C/EI/s/Es7OlPxpnZciazrDpMA1qhjIJgah94dK7LKxq+WTZ2+/l//ufp3h5V3fHhQkjQM/jRWOiTnGdTURSw8sZmax3IJzH1CUuWKUPJXSnp40u9PxabWVsMxLdr7EWr2ZRPFby6mlyUByMyWq5wIr4MUrsS84TkG/DsLs7TCY599rxwvEepvl8hXBJZ5lGJtCwMWZg8/Tq5p6BIHr1REbxVN1Ych+7lgyk9wyq8WZ8uqtdv9cvCoi6/OwpKgWWlwEKbD9aMfAP+YkiAKdOXYkkuo4r/pS5BJZm5L9vEmiHEQaWqQl0OuYTjE8OG5m5mK4F+uaiWHj4hMXKhES1uq9GilAJEYV2N7c/CHZmfnh8Ne93dffnw/sO7Tx+Ml9Bdz5uLfWWpQuGJkYYEGOGp88ev+7u7337/k/wFiMCKK6SLfWrz5J84RQCKvPNSlqevBu2EhlpXlLzxSj9hyKXBHvN6jbEwXRqpb22EUaS50ReHYGv58KWZvLpyGPWPhrW+PlvcJlZrCkC9815d46KvBCIfWX8xvXm1t73s5F27NduIas+yCUGvWjGQJtrh9KWQHkO1opGuWYhRS4kWyRlhgr4aNQUgj4oNzmt6U8EYg5ep4x0NFNCM4esWHfJwJp3JlqAB1mbURFGeVibJiUdrjsikjlMHJTKy43W0x708kO1Q00wvGaZgFlmgyXxqti23ZB34NrbqH5V2s6BNKfaYBSJ0Dauhoz//+Y8/fvud9eKHOmOsBkztjiTiS5dTFuDsRrjJkdA1shbMAeivUyHZIM0aSq4WbJ3lbJRBSBVz9AZnPXwV4v7W6+9AMmv/lULSfkaJWovhGjyrOXdfpahuiOCp3gAYVOdUTiYKgEIoaa15FS4DE1YRt6pvbzI4Tw/5PSZnzJb08Pbd2DMt7mXNQjK2IQPiHx4fTWB4Gb0WTnDJGo3yYsPII+tok3tT9gzWkF6WQHdeCZ7xFQvY2V0LJtZc1bQoFgDrAS1dqFHQgZWRNhnEs01XluUKVvR+xIBR1buk7fCinRNGzPm0IhN8dsL2BA1UbMOy1yzzIqHDbP2ZjRU5yMbx7xS3pX1pKqUQ3k8iV+9Jxkg8y6nTWlDjgv4aOCBewSEByp8TWAu6+skg8xORJBbUsAmELdjIs5SfcBK7PFt2RrGKF+iJBkTQWSdUgSwGKBzILMoxBznYcVxNGp6CB/COoKoSL9r3VDHwjtdDafVLKVVmTcQGA+kBOUUk7IoBiL3LmNzZQyaaOa8grDMwIjwNmO9M1UBrbUrS58urrlXJKhjAEqsblUB0rLTBxUOJrnFHHVJX8UMXw2RSEYUKphg0ccgMfehOi9PwjboWBJ+83UoEKsbrJZo/HpCUhXFeNDlXT5HUOLH0wCbZU3g1R3ZikCkJe+4CnnIjYoQgqtIjqIn4w9vkAiQalTstHvmsEPY7/TR4MZ6Wo4FpSYI7mUkloqxkGUAYfZ5WKlooo+KnqZR/Pb8ZBiTxlaASaOFcphz2nhPqNAXi/J4bAq97gy8KStwGhAMPjcL1MDzquKXZM5pOBKckulgLRcVPJMItzY8PSFJgcycl6yZNZLGJw3hsJgCEYhuyHjO9svQtwIF57JZnWaTzclHL1Aa68sGn0bEmOUENd2h9Ssm9dOeBz6jq4lCbSEaH2DWgMm72SVpaLVsfIEKT3Y3yQcELCYoBrDoUHDbx893w4f2XL3/99e//9M4iBEZ+tjPzDVrSiyygV1Ui2c1+UkIcKQj7y6oDtjEyiMOnqri6IGNGUH3oCY0bI6k7xr8ha6r1fTDFgLIZRFxArAImEmqQMGEVLvR8KkWCG73FqnRyKJOrlLz8cwx7mqb3vIiyy/IhKpse1gqsTD/8A42o0UmihhCmUDXEEKfNxtbWaZ0WEHrIJsuhxKlxWR7ygwrCuHiZsOtMiKhJgMeMZQk37SVF2WNZGTflOzld7OHMqSQPDviDQ8E9yvh2JXfDQv8LJCQZSI+DFOA3jrVx5Jew3YpUQjX79vTwNYDkswmly6tvJo4fnx4/fPyIdVs62JB2TdOpcdVmX/66Mi3973+bgK4VMUBkrEF0ozXzjYA8WodIG3jLHWljmSEB0vrNhw/CMhq8tsbPgqjONHQ28jvoDHi7pgiRhLenCEMbTmgLSPPdmFDNtFffRKbAmhRsbWJdVOMzFjKSLD7BpF9jiuJeu0/uvzfGqF0UJN4/fbUMToOXsHJJ3gLSHtGH2wfc/fnnb1TwP//578WUaV1AqRw/qH9DrMnHEFrr+qtfCBU6GC4NeO+hq34SMgMXTwtSqjQ1tCy3A4fdYuH6/Q1TNdxE+NgEhLjWptb6iwEcd8imACGd1dHSVwPs3OGWUJE6GVo1Sq/VAX5yhrxAONWr/tgDghayD423r+yW8Ri3++OP31sLqCInsSxwlQkUcDNotdNv9lK1Xz1nYp60B7yXFjKmKnCE9aYiu9oL5lAMxEJTOePCfL3jygX3LQr8fnHlJc6ilnfexbfh0sIuUPgp1caA9MX3jmtxcI1YkGUKMauqzTZ+twtZzKFR2vGUzeAniQ4n+ooMQb4Nv4nHSNm37wY4bTSSgYCKuTv2KN7yQGSNLkneJO5QHuE75rNWU7EE2hYfIaV+iJomanTig1e/ICNLxZrurj6DU6DeXb+5sT3LPva9IKFBuqhVj8EiuCpq4WIGnAaoY9Oa5Emb2GLEagEmoGvCt2HRgn5PN1ZaE0ZumhyyFeopyO2ZUici9a041H72UHkCA9FnfhkqIgoAg819YTBbz8PhAB6irdG1HT74rK9dMmtVc2RZkLEurzrcyHXRYdVF67Aeb1DbZ5NdoTWTx9nMYa4XNeUNq28kISSxDLcnPY2GNLvv2oI59+OZs2PlKgTpkOVPMsacWNGgO/AbAa2xyFxVmfhWEI+NxwU0ELPHLAWXMUAwc4RoByVyspl6dIeYNTuMB679L3PyjVjZxdNFUpVbxSpFLfMtARmAyFXNUaijGxTrPhkUTqkW5euxVKVMSuTLgp6VRClRMYnJLjjV0JgMTNYlAxFFA+ktmJLDNcuWluS6LZtMaENwRxHHwoGRZlyxxikiO+0qAhHW0+pBQDwBSd7+EQc5ZUtLSDpQqE0peBmMW6/1TswJdcOfyzzaZxZH0xI9bhw8K0H3FI6f/kALIlKOlJKUAp7I1UBLpI9/drfwZfKolZMqWz2ItnUlkw5qnTyAhO24x3TD2ckbP4mFmGNX7Ys93Ku7x9oTW2ZXrtiYGUcfcors0yZY5FDPbdSXXZn4DdQ0ggiFChAruf8kOMaWFgFul/s8lmeMT8crkhTGSxc+WQl9uVrhcV96GCs9Ml6QnbvKe0ZQqN2GulY/GS/iRXm52//8z//94W1Rb69wlS0i1fegr6LRbFytfYAUc7uO4HinlcyEFbKVHFokMHCfF7ojI81UydHICACZ4brI/+bfqXf6BYB6xk9yH45MoAisNre6LV7IHTVgI6dvsX9UNnHQ4A0Ndbf67VfLf24TYfGWNHmGA/whQR/6QfAPQHkATgaITqtxLYnrhFxRzZ5xi1p5yEZow+Ocd0pis/6NNpCGYlmYvCen3icOIer83lS+yk4sSe7oy3fC7Sk6NoQzBiIxOe9BwlIiBeBSNVHKbRYaBcu5/OWROYD4T83VuJgSRoB3/9RKLyyobsb5TInqDhpURpANTAjxslx5zSlbH/Xl85fGY2zTbUnWj78+3/7+528GYXSdJDk3UUv/+a+/HL1ek//6jRPv8Prm6lrDk5xaHCZQNPDCrBpIBkkc5M19thcQqzdeePuxnD6MwzYFQzIWNt7dfzaxS/a9iE+A+ea1l0TL01AcMyxeNC3emXZGDtW+pydn1MWw72auqz/2GdwLwuARelL5x+v3tGjlF6PsiGweXFDqzcIXFzbF2KOwMLipAwKxi4u0tTXNkzK7BTypxwCbYdF6K/VnACRuW24aBnNGYrMOEl/bxk2+VngUuQosTAHrRzYH4ZTmBhARFnwRodnq1atc3LSm5ScP9YTGkS1glq7qVGdd5ZKKIQzmatYlZg3pvKiMAFoBJz95e/Ncdr5A0APg3rz2QuE/fv8D4IipfiyYoDN5s2cmn//LntjKse1YqjZV/0ezZxZ6WqDmW7W4cEr2UwPBZC1fPYgcDFJ9VXH4I30JyNQosU4LQGnt1aunn1+9CNn6BTua9CI3hPrsTc1aNeNxQj1GSOLCwWZBBDQWdnYmjtc9f728viDJKudrr+ExDCl8NFFL+QT+wwmdOL7+6O3M1QImZelpiqnVqwrZKKM9MPCs+3xxbRxxlaJ9IfafWAbptTe6Oq/F3x0sc/XOdDOVGbQ2TIgeAM01qxRYsu5CfugMjupF8g+W805LDdf5a/lgKw2almqTDSkKF5wxdmlo9qtH1iGSsPAXNNbFEihyiw4rLqZ3vqMzlewAI0yiIF4G3JmORvG9dlLFucrNWceZkWg3eSDyzhakrzneLXYM1Kf1MkQeM6HAal/9DX41P3ema2UQzbudMqmTIc/jbHQLOraQ61ykm6m521LjLK3OR3atHnYnuGBcOdgcppRZnkdst0DKmBmjkpwFZjdKBj+34WYjREpKUlaJ5ZTbbWYFcPUFr4DsH1yVrF2GboEFOOUODYoUk8Hn75RqkepiGBIExRSWveZCnqoHXGA2XEY9SeIlqUAjnCsA9GpKPBgzqrFbI3LiF3fiihF8WIQlmNo42UPJACzXQ0thyuE2lvPkufAXHwFjtLf6pQW+rrEzZqKb+6oHGZFcpTIgLHssu4iBtUgez8kcTmvjZVcyAY0/+aJnCZEETeIs/xBBoHuVTNih3o7baW/iiJCgHMZylkBMlVoK2aAoXJgEso0SpdR4toBHFUjQPZhPVqMOKEJKSu4LZfuUXmsSMuUrHI8wKjuSxWYeuiYU/wuuAEhqZRo3s+QE02TOAphBc8v3LyzQbqSUAoE6VNlJmiKVKlf0J5chDvhm0hU4AoNy+yfKP6Jm4mUvYcJJABIOFyFnkJ7HYFSeTHG7jJEyhXRPmIE6YEqQDZolua02SZoEG+ZskiWX2JyVCV5DNnd//fXfd5/v0DxJye0PhpkxwPscSjNDxMRr8sBphKhj0aBA96vY0PuLCzKJpMg4VUUGvquFPvx6c2eaI1bLkgzskP7gV9pf8jv6jAhIiLtvyaoEm2Yxh9VqKx8QinGBqDAfskdUZSaojItiyzgNVSRs6zUAXiV2L79/h+r5KqnLwgaok9fvgAsBIkOVVEzgd3UvoRQHgjJxRJWbAQioRAIpTiy9nfhEV9IwHmGO4ReDqGkdz8pVJH+Kmdr/qOzTXTbhKwUw96DH1mjYhQTiWvU5gsXehJlO7U02cexQkIc72ERKmt231xZZXelrhtS6PcdBPzxqm68u32kCjc3U6f75yyF2qqWg8NmscPp8Nu0LlOZGA1MOenUEgCnOtiHFgmBOiPn5s3OBf7y7bjYZhTorNOho5dbqvX1z+/kzFX63PcZIjCbRJPM740yoeHpjeV+WIuhqLW0zp8be9LnHSdcWDhoCufDOvcudriwyuWTreLkUWHYkzY/26sL35teXu3sDe6I2TBoNalP/Y1DZmmqiomjs7XyofWx7QQGlgg2cbtDh6e7e3Dci+zSSxJJzTkYgc3TnHJYLkZKNDl7193Dx5rJhWu8S7tWAggxns1zwXAo5m7zm3MAR4ROB1xnbFWu559vX12+9i+W58a7ii2YJMzzKHV4X+0zYkrpnlilOA6gnw4Q4a7kbYl17Tyt5xGaxN0D1+s3HTx9++/RxNg9Dnpptss/ZcURV33ORHd3ShHKPMk3MNgEKsGmUKkIVSFxEPyYq8MF8lLfx9vnX3ivzzstaPtk8rjBGfDuhv7qciJ2n2FE+trbYgeRkGlyTG7/cbvpOJyycku3wq1uLBKbIXOt4pJqIMgyqdqLXxg306bcQsJjVEYcNxWX/6lyiRJ4pY9ta0gCuhFxtgENx5xaZZwGQLbFSdiFc0ispItQzaaGt4bSbmzfvtStG83zIQUUmGJogQ58OdvL0lTqyNtAukMEnHHRAhB500BN0JMDS2fM2M/X2wo0241/bg4zLvEwj1F5T3pAqMlFNI8bgKZP8uUNnhSqQFLBTDedcyS8c80kVFz3riJK92NptsXS9kLo7WhS4qtnioUUY1YVaPoJX67JP/xq5VDEbJ5sNZmspSlkYoY21nJ4QITZrmBuv+nvgQJI8AW3RRTkmkLn1LHyhjXHu6ZNMkZ8rE5FktzLnSmqtJUZBaucP9nrGCJUg2cWaXPbYCk+WUKtgVa4nAi+5erlFzheCClDdTKtAKiryXvPiwaoFkOW4ak+SkVSf2ML1OO8WNVkpldcEdhNeJWquJckqiyaAhDRcjRcqG1WBD2kXSA8nFIGJ2e5AqXBA4hu6KKtYxC2hL1l6dPQmYbRHmjL+qyxqQZcoWCwWQ4RQE1GmIQIhhgszKKTMBErMS6Q10zUFVVpfyoA7vWmfekclBanR0hUPREUXzbMzmEZ/aBAhMq7HANfyvXyhOaXARUAjKBJyOIE6ggHYnfQgluxhzTGt5q2oB1DWr1FPNMlkipY+mHV4shB2qjD+T0+sUWStFpaKn5VqjAPbLaPKHKAC2g8NT6/GPP/umcQS5IqiNBFzv5mqu2wAmC5X988sYhgaQTzijeBRV35kwe4+pYTW37jy61PWk3uQZ6yTdSSD2HVicesrigctOrp6eTIL6wbPPE9xWdHh47Po8Mk7cv/6n//vf1tjSgQT84E19qMHHLU6UtbgZKOpdCPUo29YJU5jWN2ztDe/sN8xj4CBK2sOq/FCYzT8ulkLjS0Zxi17S6pyI3nIJU42UTAhJxrGbTXJMnVb/km162VzFzwzu+WNg+q73+nMszxRPkLRFY/yVY8qwJSChWkDvNho+IXLd7oIZ8yuNOveZ9FMc001GNX0CGRwiky/eIIUwLAPaFhpQgY/knJ85ZBlNTiWzNSfKQnPPAEwLcPANvIiiWEOpadZY8Ivz0voWGb/3SrgfzCisJThK6eHxNszplwn1eiZNlaTVpv5xiINwx6W7+9QNAqaijSNxx0wot/+/OPu1YNg6OPHj2Iv8duTd6DdXKhDhhW9lFlL7lC/+8fexaylbShl21dljpQObfF2jS0bZGSEa3zF2i8UX/589+Z6cRD5mJa1J+CrrRrAfn9++vL51lCNQ+9oROOIEhxqhg02MWKDSBIbn7w0QvnduYJjJ+YNIFFxWjT/+P3h5vWNoEC8q1FpsDAKMk3/VRJiITQVphrz/M38s1FJHJGjl7sArk1lxsxX26wIYYoPsgjeKXeKv5TlEEy+JFM+mX46TuVs/1RRGqFRBJhGdYyHORGFlJojphgjlL3DzUdO0UFWn3fY9BODNpddFCYcEBilyNUhwqgG8FCIoiyS7Yhme4FNagOQk5t1hiHryczbCXtp//KnT5+ivyoqWIEtM54ojvlES6qbTWlx31BVe297J4pTCD1txjwScMOm5gfFf06WYQy9R9g6TmMAv25v73USSM/AHrXNHyTzCuHdm+5a+/Lt/aePEdjR6HkhdKc++Nt47txKZxilCMJR0rQ+VTUf4aDy5+ePv9Vb07GAXYTHgCmHIKzbFClqd7Csehz1nbAMBgpvK8nqhrKMw0YfKpHTKLfBNL0LiEj2eiN2C71ad4hwfQ+sexdRi1f9M83UxixdIEQXBYo9Fp3RXYoNXQtG+RLSau2hMXKjt2mL2hI5RRgRbOe+IiAwZ8PRonxPmAIL/65lClbTaxSfFQuC1Wg1mESlEKAOLWaPDZ4V8+bOqb3lGITkCVejLj33FkKkuDGYf8IUXrJJ/NpMlYO0DXGSpw4eLPx2NjE7giZYtMccV1NieCYjE+XqDW4RkiY/ShurCUXmgsJ+ZrEupEtmljNOdzMM9VOecg1hTcBpGJHWnG3pQQNsLI0GFFSY54QqOfU8oqMaguKYhQgyZVoeJc48piyuw94YWLAhhCVefFPmwQWZW7QiQBCataykxmd1JHmejytVnigNjQwNHJCHJky1CNEgcEe27whJSIA3ZVlDdFg7xOu0t/pWCYU9Goh4m+RyYNEUp2HpqeKeAQlNfCjiA5FWxf9Ek++JlCNn4qmNijU8g4XZAdGA0HYKIj5wFYcgmwEyRBQMiKdlWYYy+aSR6SlKIhzEmuMIlUWsDUzxe7kJodpS/thnpOpwGOp4gFQhdLeoedwF5sR1Cr+wJB/MYUpjLkFPDBHnXQHcRK1hpEmInbE5jFNH5NRXCsCejQHZanlhrU/EnqMkXvodZa66IZP6+q5loXYEpOQVnbxwqPuS+JdfjkOA+yJUKOMoVVYsRZJb1ERyH3mio8TSF3cm9Ip6qKibjGG5k6US/1s+cGs8uM42hTRzob9tiubRa/VMLnutheGwdKZgwFY8EAHP83UVkCEKfsgnrIlj6CM44nAq354ieNCUP1SSAUO1NFtMyOG2ZXBxYsvWbSxsWQAY/aVBdpiLH3LireeK/cD3DCy/nqf9EiBNRE0zSWjmII14VA/peBKFFR+CaKIdD2DMQJJeifNu4zEuwBq7Qw0W/8s5cuC+z0AXP+ciwqIipONBsarSyIc06qgWM6k6+e2XH6B2Iov++QCy1PCfAjKyJ340q8qepE8+k0QPpOcKD7lEJhN+x6Ssh/p4m1CPHysxrfTXJwglvXl4bOts0ksya7cyNaY3lfaO4kY4SJb5aNe1ncFQOkhh8MbhJubEU1+/Ge8RqOmCiICchvPXt/8IDgC+uH5jd4u389m2Is7DroE0EmMJ5q6NyKoFyPBCCk2aCIzAyRRP4WjhmheefTXqRs/oSWYEzmt7m5+dB72io00Gssuj9f9w8/6vL3+RoKbYeShiPKOLt7derPfWxLSFhk8/nt97R5/3T3x9NBxlJOnDxw/MWFWxOFJEkYWgqRAmVy4WwakwS9NvBwy2lyP2/WVoecaMoOE0U9WWvdl/oC0XC7e/oShF20tKLosbgi43T0iYdpaIpWKphQJvm3ovTFFtn8ogB8cIB1S5MnFtlSSFMuYTIZJJvsvPRqpWI3eKHiHo6DeMgrDURstH90xFuPavf/xDyL4mgCCPUo1gKVAQPHstsXrH/9WEoboVgcygDN7eJkJqNLEhYaEbEVh7atYz+2rq3LK57xfXRSqiVALBkZlNM/j2gKj7hXdOk2E5My2S4bLqSeJbdWrveS/FoZPH+69olsFLRx68QMXccTW0+mbVo5cwVhcoxNDMAAC9yGwT+hbXms01FcVomHB7QprVVppJo0rMBItp+zxLY5MC8aR88/HGogLLHIiuoxB7aws0uO9N5W71f3RX0uQ7g7KGTq+4irpATosXwmDOtC807IjO0wFNUcJMIFi6ZYZBM1aWoz6IHVGaMUD/61XdJIH4Zft4sjOY87li0TaQqQ5CkzwKmFpPr7t8svX7AixPIfEFpXohlMyYtYxHSMWpGUUmsx3owhcps8N5CNQUHFK1AefZeHOjrZLMcq2RiBj/AahQ/oSOuydkrEorlYgl52BXEqNMa5otIpfbU1SCMhPl8HNH6TGD9yQdgReowt5ViECfghkEtS43SK2hRGsoPdEurQ0YbsE6jQAHTCsFI65KdLBHCeuFPWtn2HW8InUYk2+h4XKDoRoV1WXkcOd+iVW5rBepaxSk47MIHhO/fuijKC8DYU00SUp5ohxfkeO2SG30gydrnfjEcCTshtCwEEO8gsx09sJIiKp0PUmsqMvgGAFhLB1IbEciXpJ2jjzbCWexaXqgmmS9K/nZT2IAs0QlVgrl5JKssFpMiGlWWCc5UBiEhUpDQx0sKxARCkuCTZQRVn3wSLGwNhgeqahGUjweYQHCMxJxmDpQ2QAAIABJREFUtjbSlIX4LMNYi++RTAltzObicM8HE11JaQrSsk07Mmcj4AwRL4ofMV4JRqwBMnFkyUowFZkYk2y1xyTSWctTpp4OBGarCQWM9SmUTOgHqgupEnotapVqdUC9KsknIUS83MkOlB70O6n9nW0PArqCeZKAvqS6wuBASBugLHaQKiHbYE/WFSMXwxtNmPjod5vRebIK6/bLf/59/597w+8oCoG8PgBiFYwE6bIrBpBCMoUy7N84qu65pYGVlYk5EEHkSE9UlRlxLsDmYMmlhocmsut5z2xPJuWhQQ7MZnFLSYnco18tRLRGRtWyII07CPboPNRGsSJSozxikVGmuFpKT5jqGI3dGA78OE56XTOjlxKlhCNVhyLKihFDbgQHlXnlMAZ/RpldKCD/cB+Co6R60AB8svWvp/1Wb1GAjmFJAMOYOJQ517FwxCopqz1KjvJuxgfqIP77A3Rg3XZBwEAl3jGEuOWLgmURoVf7bD15vAfSMjLHFr7/9MGLUlrItYFkuxDac6FNetc2Yem1wKaJ311XR5+fP3/+rAVyEh0pyfnq/TUVf3t61KxpwAx42G1AABo+ctO0YESsifaGFiwUu7pqllpE0gwaz1BYINoQ24kbiIcTbBPAYnRbgRmRy7RlMtGxgsUTojoC0VI49/gnQxe1aveBUgGEQcIL7acgtdEXw5PXN8Rwd3srg7NK4HtpTPciEMJsS1dny6Wxiw7WQbLhpxoN0tbqG1ywUQ7Y1NccdCfJEZRzxUnUaEIv+CiwK8zCLGWLsGdftGOiucHauhh4sGjMgrdq0Ku3Nshu2ZkaS0NzMupWTjnrrVqlSHXIdeNYNWcqwlpE+sucVK66NKkaJUWfZWRb8+ewZacqvh7O7799+vPPPwsZgjuPjp1M1Y9W2TCVz9q+QKPiRIyJBf3g1ogRopNZnHCJVWs6HVQumm/PEUFxP81ToJMFGQMTXtOTpXoRHYkNv/IytqfEplDv7dvbu9tWuxl6LMKzvBIhPxvzUgBxAuSfliSaRn77w9aep9emktVK3RShPzsiZ+9QFlR9dfL71+83780F51asHkj5LbUU7jt/87uNWROfslcWv+q9PNkNs1cz628wplxVxk4X7uoiUoZjbT788dFs8ybCql06AJoqlUV27paAS5nTmMtQRVhQ8ySCv1wuyzgtj4ZQbLo3tdQzUd2Qeuk9gZc4091tI7ZidmI1l244XcDwCzIrFFCVI80Y2pSjWul6sE9nDiU6sd68EmJsJJtCGzWplOL2Ur9YDomeyIAW2XaugrJyCubrmKhqppdo09lUAh01gYw5BegvZ5VF+Yg1mpJjtoseaNX9/FexSJZUJq3Sy1BWDgr0irJOsDKkzJAD4F6AxXo5KgiRDCGskCpUoRGXXJahyoRkUyIGHQ4txJlTlQwwBdlLlxEvQIl0lB9LXCQXK6HIZcdTDqZwAgR/h4zm/ztqnu16qiGY248Jbk0zRWmdxQ1KgkKqr0EsCgNd/iwgLjjLGA6GQzrrtVQCs5D2f2XrkW3WLAJ0WSqON8/VCpqUvYpTZKgZSI6HcvDDrsWccGIgmIlynmRkhE9xxsjIZ5Z4ZpltH8+b0BQo0Ru1fmnEwyOmAjJMHoklytlExOSdW4SAGiYaSyad2Yw1NojPF6XfZMg/r0ON1yOmJBTpaUklwUuoi8qWtZBAgf5GhEjX2JDJFIdsFmbrCem9Tvjwsrpa6oQ+mU+VHoYMeDUK+Cmb0Utt1S8eG5nOKhBPnYHNY2R+E20h9TSa/FPeZJt3JNxQ4F3zGJ4jN2kAnHqSAqr+NEfxeVlQfaaYBFpC3HpSVl9IdROopSaRFZtoepypwb3CJ9tL1qlccgrLnP2QA+vPMDMbVten0zmcb+dYm3tLvP793//3/3aelqUtGWEm1UXK8m92UfDS/1FX2oQWigRzaEBYJhwL0mTfTUnnqsRoXkXRg9gfd1ub1rRmf5kXcaXvMvpKlCGhlXhhuB4ao10qvQBYJL6IaKjoPnuXJY43kljHNFbU4FGQMXWHT0WRGhI3fSd8aomxUZAoNNPyZ6AeMeriwHzdaf+wJ9EfsEkiYn1mX+6mV0mMDM4eIQXi/XicWnYtNb1XWqMrQ0QO79+0VDRZnkxd7HrZMAFq5aVHXzi2SNYl+6saNp+xHPKpkCMTniFShPUzlYcnryfu4+wYThIwBvO16LDduAYnnAjXQTKN84oQzWEBrI0pFmMVhAGgY67fXrf+jGg22+iYzV8OVFTU9ozmfS8uBZEF99dXqpdWmuifHp0u+OvdzU7NqPFvt3I24RC4y87Bgf/i8vrp0WlMn/Ep0oTAaAfC4TfbhVqUiKVqTDoc7pmHLpwBzPnKdhB4e1iv+2uE0sYCb1ihJwYkkrAddZJTzgvfOuKkjQ4WaXW2nwlzzaqw8q12mrkavBF4YO1F2shgETYYg8tU8pzNH735xuT0PhnvPI7I54jJErSUlOcs6yY4hG1QS8YEAAlSoNloml5dj6QxOWFutuS1bHnoVu9lJNDCtIqu3MxKTakWN3G991CTwQkC1DY6iypEqVMTECJc/PbHb4JmYGafpLu1hoeDqk8uHn0yTKIZb+Yvbd1kUdrozyQpkPowVEdqvalitR8/bjoUJpKtW0iqFy2kU8oagQwg3O3mOaOPN71Jzx4OCwmattZb2Nnkrc6kjaKlXjazZiadpvQjDjbQdISXAmn7O/Mv64WOBiPaiHXj04aayDAr5YNK1drRtRbU27cpOn2oc1WzNs00olwIaphQbjE900W6+IsciYCeQBM9KUXPSePV67v7LxFZW0g/NE4a4gDT4odaVDT8Rp2chPd4N3M9pbSJs0bDCeHPr7+KaFlRLxzKRdSjljuXgkbvSv3xraUgLYY2M975iO3+duvlWEeJaZoXra41Ns/J1KtZTwl7Z+iXT7YapPpMODiiQrhEnBrIjKr6nGOqdUMMwejr9JppggNdSi1aLiUDkC8nIz0T7apefQoC2qeM69rk/wqEJOThFzf1SOImNkmhYiEcAaFjc1MM0OoWhSFgLtcV0uK1yGVkR1vbZg72CgcMlGoghHlO2WtnolI2+ad0OUupP6AOUJC4gtnw2PonxuNRVIaoW/12M0ZA2gNZYciJhiALkztfIGXIgn6IRc6Cbybyv/TIS4SeV/EQKwvhRbyLFzCBlFQWj7R7KCnMSXoh8a8ALiyTT+XGVrCIMKaKb2qwEqt8ySYVTTwL+BQxlD25JCRQsSAL9WmQSRlnqtLiqx57TkRhBcUqILjXB4DIKeeoTc+5EsS4Bjk4k3DAK5imZd5d4tqf3+KqSEeM+uFaKRULufjrmrM73VhElEGM6DvRDKtImu6QNd/HWAhqfY8JAxCU4i23Jn8DWBMUdEAfrmv4sD45DXK68ZEfQykSlbgruds9SBHIB7ZIAT0YipP4Qk8SUg3LI3nfAKbM7gL+krn7bl/wnazlIa7Qy9wNzoeg+0GUiD5Qchqq+Cw8PZ+/wK+daXW/CTSryJzpYTPC7ed///vx9iu6MxByptdYdcd0IiOVeFpfISqzJLxM/9FzZDCyJhp4XmQia3qoXvUBKZM6BC0cfO5IkPl8ty+jHwXjB2y6Tb7oyYJZQg4S6+6z6dlXVjQNhoqA0kYkFTEwMWhlCzn+GeyGcPHQ8EkC84PjeP5b4KM0CCUSwqipQayUMcLGCvltkU36zzBy+HTO6VcM9lWMOYH8QpL0ncSkeQzhOOvZLpP7pA33CRb3vMdKTXhxcrT/wssBd3hDaiyOSXBiFTol8gNLHgVHFGM3E0LKy4e6Vmgsv759sOLQkdgGvlr8riOBtzZyOtXFC2pvLm/e3/z1778MhzG1Lnq5WVs7mny1YO7BwI8hi2uK0mw5YU5caPxDWNN4oTWCjie2sOxN2xSYlRZK/ivvSjY1Ztdk3rTIz+SddpeZKuugwuy3JvmrVvfBqdzfn/gE04g4rS7MqhzUhIDr9x+YiG0N0qiFXYmKhCaWSM4uBIjGkG4a63plseOTVlwEzI5sdCEw7TOWbTeBzjDMaptpUEfcnZnI9tjazQwpxVvEJluLGusiNnVIkm1c8EJqj3x68caNKkm2mKojrZ3fKGNBLOUuzLZeTZFaHyUa0JrL3qbXzDqTt6um6BKrhmSNP6kJAtBWuDU7xpBZBI5kRxExFErKi37lCVZ0xZwQeTRfpc5qGJVMwOoKKPv2z9//MICaue8pO6oCoIEKzB4oDAG3dSomcrM9mVbT7PPABU5tSWm/dmOErfNLefv3IlLoxPytBcwNG37RaDh3/f17s8xqU/VUrG3s8Nr28wh3YKb409RqKVjCWS/y+Tk9mptmsd8+fnxvbcPbj++N9LaKtpC0gNK7FvGQJsha69FYsElww9uPJENQFHp149hLk0cevnEIvJ6GUI4GGaxmz3UBnKfYZkOsy4scf7zuXE3jdt9+XHeyzI+Hh15nYkeNHdcUiIuvz94KQ3p6Q/68plJI1j4qkaRv0pZfC0QDp9HAsiU/R2sQKYPWaEI/c3/VXmyRJv7xqEtDTs2AN3Mh9LLkV7wmFNZrynmRKjHoYynNgLZoYR6taIzgd0olrhKNULozm0Sxxho1jpDVgoxIjVlGtj8Eq03qgl0+VIrgKkI2Qr/Hi+Em3yvnrMj1ccTDNMZzO2zU8GqODyVz5UgrXs+YoFKoRixzl1BMNJeWmYWr0K9ywKhPiVR6+snWKr3AM7eh7igZsU3Wq35rnJB8mt4TjFaD+DcspC6wZId2JfPA4KJxexwku+/ZKElCNZQkSt4U0ZhxNSpjig4cVn27ahTKBR7klgZXHTZXa/PgicdaMRc+YymK5Eg48eCnxq/ghsDKmnlU0PPKJomTTrLkBmOmOB1FhXynea5RRWQgJ9IVd5Nmxp2rxJ7HSIn9eAxQnYPRGvwBXxHOfgyitSYbFYFGCwlAVqUvYU25QGBWPbpzajIrkrIjP+uCd4ZQOEMI9UgLRBIhDIEtr0eslwQaCxnGCWZqDL//REpWqaT79FtlyZKOsYVFG4TrmCIRMEcGLCh3I6ViU4uL7JwzNORuBARV7uQkzL9NERzVvPXKZDUnU+y08jLiLJ88pSbYeJpcYa0H1V0sMpFyz2AOc1APN9tNZxEVdbtGerC6GYygLAp1UX1m4QFjComMS0u+FWaLgJZmPldb2fIqAcD9w/3n+8fP//nPf77850t1KlsJRlAGyg/YMVJC/YPSu8xI0C978X/09CBxytKSCM0Q4iXvS4EoVcmOtCMLeQ3n+uaIURW9sA//DCUbT7ZV9n1Wh5LqKsVMimOoSoAbbP+PFhRdCejgrwGWD/DsJGn3uC2AGWyyPRJlm10pk4iniQEI04TeY2XIQbw/p6yehLIWfwOVcYtZbA8s9lyE5sj1hZMEGMqIYcy85AsBLrIdyXGzPgy6V8kzNUXmYwMTgdE1PFnx0A41XYrMDtGVQTaoA7oyFVca4DhNEziIwz2w0Or2wSiO9C1dutxr0ZLjK1NuzeB5Y3I1futn0Cp2FPl1rrW5vDd3tw9iOG3MzfsrF7aQCAdTMj8ikLrqoLgMRhzmRSjXv3u7ifEY1H24MOunziUZb06DUOMrkPJqn17I9vPn3Zenjx+cmNPSUsOTGmytrsza3Zxs6i/yMyoiIKPEJpm9ElcrChZ5ruVzoSXszc6cmelyOwyubyjVkLpQwJs9ihRp5WeDMUKcH5cAatQTLBNt+0s2VHUrGO7DHtqh5FAnkZ0RM8QIKiBCm6cEJShc9PXGSGlmXqW2TbawwxCmuDn/z8F5QXRN+WtLg0XIKaQ9GZ2CsaYHVdCFVdxgkZ+eFdvIXmRUE43W2DRgCDMHEMu0K6YlbhZbGzosEj2uSavbn2tgCi/TgK/feO/2n//40z3ClVIbGv7MXqiIOgATUaVATM3p1M4tekBFzlCAgvOGXfOfzQnYGPP1p5WC1c9FbJZgOoAQhKTUeoLv3mWy7Rt5cGdVZgNcAu1wamtW0x83ZKHPAimEv/nxtpP9IY+sV68sPWjozBtxmOf2qQjHrbD2CC4fEAhTIhEaSP748UOm6Gli1Ddolorea7kRqs4yoB/OzjSQ3KYZ5sNySBMBJCYoBJB2bXquY2Pt5PU7cJqZebKolBSaunXXKKdzl6yv+Pa14fI3F/f31T3aF4LV00wKkZImmZMRYoOjoGVyhq5+dER4f1Gr78GLSaQHZtDQCeLYFH8h+rHLJ4tox4m+U28bsvSw0VM0ik7ycAQqM4uCeA2z7G3YkpxdpMYsxPWW8L6yqpIKpCerRp0nnlGMVJz2Ik52EYVZSte17EpUKAOruktQsEG8HD9OwXGEu1o0jChRDiU1qzj3kVD5agEC3IKh3rGyqluPpz/iiPWq55HeqshLtRghYywCIikSK5dVI5lGT10lan8eKBmt8leBmEHVJFwVrF5ZKmJEGpBwsIXY8TgVVTUoJiEbcMVTXej6VVEIWjWNPwnOUXfDaWoQdTDsop9xBQngiPkb7towzeWLokcLatR0gIl1cn6R2EQ26eYVsIUrQoz9wPniTVGklMJpmspyApUX9zUwTfByAjv/0gN3sYiteYBYjrz1wKfitjqpMWA2F6DytHyWcbcUBxnHLyiTFo+0gEONDDxmtLAHfRgEsTEOM2sKyX67YuP4TI6hjvjkVRpRsawqVSR5CHDk5zMqURNXMxrutBMJ/RT0bPV1N4wqPpXPXFO51OpSoPowCTcrCrDJirL4gLuqWeGTM/gzpom73oO/aApY5GZrVbk9yQXWSxnSDs8/H2pKP5XyjcD/JTu0wavWQwUiJrsYAd2mVyrqUR4tjApV7fbtpxaZ+5GM1eyqFd75a77H8v6vtgZ8ub//z93tX//+v//n65Mj7owZrBLGTvzA5ip3kB5DDtMoQLOKGkbkQdUkpJtlykCqYRRTBmQjL9ZSZFJXBFko2rdWIKJK4KEDFZh4jfOqXOH5IeNl7DUwE4afUIKei42UYrVTjmAYWMJo6W3Ezxi6SrhKRT9+6u71w5TbLEWx4Q8Yspcdgj5bWzSEwaoprA6GUMXWLmbeid9THA9FlLqdjqd+wglnAmZqxDj3pY5MVEfmIzU6JjZ3Y7bbkV6qq31qoCok82zif5NR4Jp6MADPhJ40UlzVTaIMh+1TPrARj7GnvWaYAjUtNz9vPBdmCcUcq6Lz/fT9m4lXB3xoFe371TgY93IOIrldXn0SkTmUZGw7yqSFd44mtuDsw8ffyMGon2AQZY4FMVDhZLgN3XlR3sWzkb9375ys83TvoBmHmJgsdix2mW2nVSwVaY1MvbVhU/ZH3NcmvzOY5316abkidqh4118rbL/dvP+AdOal6Pv3H2qQq5e9s442XZg/PhEn4DZqf/7ri4hU7+m+t7OQVkcSdhhNh/MJQy8J+afXyFg2l/E2lidAcPqcu+Zr26WxsShjS20uhY6L7OQUVJjvg1brnl6joq0t7IYZPYmPIr8G4lhMFL5u5zUqmYJuaYv2NGa4aZyjg1pGIYU25NhwXYOFqV3J2iOlZLNmsUGRzJvAVQcSSMlZXp+4mDSyB8HHmzf/+OMP/3R4VMiVRJEsOa2T2YV7zJGQZzjIgiqdFaoG6r3qYJeG84sEJRDa5EPRSbQTlJ475SdeWpYHgPpnZ4kFB/bKfXu4xwiKhOQCMlxQx9fnu+urIn74SMk9WrxlhxVVN1iszcJe3GevW5MRPx0GRM9CRRbqaeP8r39Z5jhSEfGzPcJ2Td3f00tNCF//4+ft3Z0gVVeExLzURBdFd6j3HUowcPvTGlrxlm5J/V80Cs4KFUjFIy9ofvXTvntD6ZqhsNtZYq905xy0PIMqyaE1iDpY3h5p7J2I86wNgJFdtBEgBdqbyQprKb1lxzbhFsuyGTp9d9MxkIZl6zMI+t5aT+lN4NbOXjFf7hObGmePBHbNLLfKvOO109yG2xgYX4MSwiR5txjRHlCH3pp1CO86advK0ef8RMoN7EIccsNuGscwk+itmIse1Au4AMzauTY6nRlW1dx7UOWqguR33HBEKJgZbphyV7mxyMyJzh8rruQMS+5FBlCTVDkdgu8q6Q32khp6xLvSmhD/5cj7KawAj4va2XMgXObvs8ek4LuKpDdSbypdIFODmZtIBv2occ0vKgcpgrLFoiofpJ66ADQ03eZe+P2gyaKMGCgzKxSMCsSdFq4S7mIHXRENXFXygJYpLgJSAXxs3cKYFOBmQbW2NBJh6Jz8BxJMSTUwE2kwEp7EjLb+bF0COGNKAguLhBxbdZsoQjk9HfIwkUCyi14kWNsV8QWFmvTMZAJWmrUZV0vi4BcQJMDa94bNIpN4+joZgFMppqjsVwBNdC+FQwFEFWUMzuIWX8iQzpRYG0rrHTuTEsHOLMIpZUKRNQ+WBAaYUSxWSiDNXvjlJHoYwqo1bJkRhakvQRr61J4typL+Yc9WZ10Kx5uWvFKwBu4oulBtQgU95n0OWw76MqKd7optA6RNbiLg6OmlwT5ApgPIomP14e9kAi5AjbWpMxvCUSgjpWyQn3gwY12F6H4VG6gaKsm5Tmk6bN+en9qzLDq8v/fSlP95vDfPgqrAp4bqRhxOyASeQYCcNqdtD7KBCBtPI0AiDjOzHtTNBo6kK4VE4ACY/KXrCbWOqH+cZ21r5hGZCU8rVaEgjoQkn37RNlXUT0jA7FrGvD8EWqZy47tF/slxxcfFugyr2ofGsitQTVX4ELe0QnK3MGtL09hoXkZpbus9JyJoiUwTXGsiqabC8xSrdLUg0QRjYkVKxAVuRM54a0zzS6Eb37kbxh2bsmXBmb7HuR98VVb66B1w7mG/1YvEdaRF8vm9Exy6OB8FAwNChJV2alD4FKxEELLQuwebQ9SZcGmqDNL08tkGRBxwfW9IROumOfG+BoMlchlpO7i1K+I/VU57T7NaL5KgYQHWX3/9ZcjL694o2qIxHy/pw6n27/rGiSSdfd2okoXkHXDTkSXCJ2MTyCDNoxSDW0/fnoQdWXeLwLwkLR/MvxjDsH3AMAnTUrMXsvPsnfvXjun66PwgGcje21+wv9N9awsAK5DSg2+hUe+jI3N+ykGP1MgsBbrcj4EigYL23k07cjTD1g4CXdzp06ty8YVaMmQTLrIDj2fWEkiY3IAmHIknHhQwpVbmLBx41yvX7hwP7iNIoKMKtWVVgRYqFgAwutzJ8FaZMiC8IWG+MkdJe9ljkRqtYQgXjYY2/y07d+zYgIjOoBh1DWLRiTbjn3/+IZiuHrxYhTAxQnwgySjcKXPsBmzDBouDc0JM+LVJYVtKCgIYw6pTgVFxVhN04jYHWD7ziLwRIEKyVLDKlnALoS8NMNKJoV8dArx3ZAxAmpyWUXZMkhDKDqSHO2ZpegsLry8+mHMvEEtFVjS+NZh35Nocq+jLODJN4FdYqZQo8/bx4caGqqmJAdBUQYDZZzPihv2uHTrtSKN3Tx330OJFi/ycsmTyBTv5ctPHzr5up1ZTbMmfdO3xs/NJ5RXVX7aP4/r6Q0PQ2UD/nx+s1mAqZJDijjQVIR8VHptkkv05Kryp7bedjVOYC6GYuwWXjWLW6+EQ0MBIRB75wrxoXUIkJ+cy7FWE1FLE3PqwRq+zCsbSxvhi9AYEOVzNZM6mVeC4kylX4XAAzjkic114pDVGkF+SFLH5Sxmlusl74bHoonwVKlthjGQPMh7SZoI+bqpd/QCJP8BK9RzGfomxGpsjdgGiPGmwwqXkc3H0bKxbbhVxThfnWSkxVvE4owhGcRG06+Z/j7dbNVWLliFSD9B+AFAmkl6aQshC0hgBPji9ZsZt5o/Z8nvih3wqEiWOVhjlvpECFEqQV5y++YnJszg7TlMkEWChepoTDnvpybMuVC1m8NBfEGwDUwOxUCcgSph4KpRfKNskmEl6ynCWMpGlpTGjoOgnzIOTp6p2BDae0mxztj0M7tDhL8tKnApHWtbRQ/nBa4tdeUH1Q7ByWTEUtdhZo8kvUY3MisWw6X4FAJn/cUX/wjP3MmZdmU1s1yASYmDP7+wYLXNPERIrsT+OmHdTH8hCSRfupUQdOFrusb1WFmGVCfWEEHodwuSjbvPTuzzizhZzqCk0m8pxHhGmvCxzthy4paO1bImjkL8scRufcJ3p+JTmD6UDyc8nVHnIF5XllRK9vmDwmbWfZ93iPsISFxBu0lG1AQvpeTWhH0SXRR7XKkSSSWKl++Onmtt51OB7BcXD/Zfbuy+Pd/f6JD4KJsNMhLDBiZLsMa77yBCbiXjXu0yiCaCULhNd3ER8UOpTHq6STDBHLb9TaLjtMjyZ0DUfGogyy7oanpdJtHTCwoKsPBPYGHY4hjjcvMm6CLnRxHj+eeyfudNRsMxqC5fqk54qVU5P5EiXB3vh8B6gtvzLQtYw+kciWMpKZhk1wCdVkWhKPFB2rYL3ie+IHdQlqbAT5LSZefa4egMj2GC4WnJp3R2hyHc+qzVy7DNB9AW2fOlgJK/cISWapOa1PfIP2Ejos59BLsr9+doOlcdixHrpXsNAP9m4wM4pvs5eUGc4x7cX3iiCMTpsMuvnO+HRk2b13TuvUVGdtToh0ZOxSu7XT2sQ3779YE8ovK69i0WlFwDW7m6QiRSTo/DiqsNE/vzjd3tHjrVrrw1SfHNY56/v726adf58+8WYoiWGogmdHgWNNVo2R1JCRWwbRGTwxni0svcOaERBh1F7QYv5XDZprPHKt1pSIPv01dCREamnr4+IlsHkM+PUZrukX/GgxvppkZf5PQ32XF7L7Lx4w+whCRKLjaKCMG4QNoFpHWZOtmEJ1VB/HWGvxUzWzNk02QStI2+cxbMAmv/T7tsyhip2aOiHKMjK2gsGSEpWe2ZGKtQaPFeqKH2LqQBRT+CiXKLI/c0yZ888YXVUhz7nvklGLDOK/PcsgdXMPDPZm6ub//qvfxkSXqhE/3PKRWFBAAAgAElEQVT1BZ/iZutpsnTwqmWMQIFavcJKIFDnJzfUlJzYCH5jw6ZW7SYhQgOoDabaCTcLPS8LqQXKb2Dfjm9jniK/orQm1oVbBFG81xjgG5vQRTITs1ixPUwtGWhXsdfbNOAn2lnoFiVIEYQvnDINbYu0fR/txaiHrNHCkfgeQYK5asArCyEU2eT4m1c6MPVhCKFjkrAZdyRcv7aNxw6gOQsGEEnLOPhhupkFsM06pzzJs143YyNbsRzuDC7azJ57srGaFLxIiKnxrsl+416oXvtUjVhXJBny3t4fnVy2NcdumxaRFtpYMRkE0bvDEAdHB4ZNGFzHUKZHig0eg7AmzQaLJt87o177wb63dkob/PPilQMsEwgCakQLtBTrj5AznmK1rdWXr3Cl9tWTRtcsEr0SLuej/g7eavlpIP9CkcdUFtsUNxPG8TeZCsjzgyQWPNFTUQmYWZewfmjr7jTat/5Susrgh1C4pj/pts5Qif3zXDGEl5WggrgCMGVoIkJ2O3S+KHfObTPsChe0hH3m3G91ueoV3tWwoBZRB8yJBdWeHmUgsHHsfte6uImWqAXVE6LmYJPMdFiurjaEmRG8LK+Z2ERBUY6R4IGT6661cCVlQA4AMGJarWO/iIjdBQWlR9t+I81FbV/RSK1M+XykZ0+u5JVHZ0/4G1dEQWR5b1YxmPwG8MnoEAIU/tLaPnK6rMfO7Rd4Yz/AoKu/iVFfBoQ2egAg3bhUD6OpXRoLQqJEgoK6NPYhJ6wX15IPjB9MssRDYJi7IUBT2lU2qDLkmdqhFAdYzuIO1/Ie54WZWEfdiQoahE5oUV6SX5WoO3ULb2hLKIku0025u0mK0cGOJSccNJa7ywkQ44YqM5P+J6SkzQuUDV0UXnqsOTJqdLkh6fABt2dgD+7y0WFMpTIYhg3w6CwshjjVLcVXeuwvLk56lU3xmJolAMZjmsTRhTWCIk7ULvJiHbdU4xFiQgnUqlRiiFnJPYsyIMYV93ISxo5E/qDLwwaaMouXBBAEWJWMRbCoti5wdEUp9zn7irGi/AL7tB0twKYqiH1N5QVPKZ9i9uzlcQ5yueGVV6ocEZ+jUm2ClTVVCAWu+17WvsZ4oCo9xx3TIZaTjHMmPcumYCoUmHNl0AEehazfL6a78+kHEmoarbuKliS4x8HrKhJRVU6fXJY8s8W69hlYRY4a+i1T/yszktlvYl16ri0kNDhDXyIDrUgMFuNSx8kcJanqpeiBYpjk153hKmYgQvJWifZLGtV5kXgNs+anCMqrVm69VIJkrt69vfv+oBFDJYk09ffhA46MFf311y0ONEdtMxZZ/nrlnSWPFjiK1XTARRYdsdEKp5ah9KKRQkwGKTps6KgpZMfpZbfad2TZXUuttt47ppCxfrKVtMOlf3pV5E8vFtGKGUMyF65Kt3jx2y9jT613dsqxqLG4J6/U8W9R8ltznTXe7f986d2cikO4jMBu7kchS7ZlW0ihaROvQmHiJRERXlW05sFbmI3vCDLW6220q5f1EboIlWQMnaLTsFGO2XtEUGnhmsMCG2moShfU/Xrde94MQjV2KF8bKdiXgbHUV7alhq8zSqbWDJOumA31MrByNjtM+ElXQF/NevXTHqKNXTTa508DX5tc5urFrJgqXtnk4Q178bbhLTCqShklwjMhkAlGtYDrEMSI1oKUMWi9voJO5au+oIlqb66ui8qAECOKJ7xd0Gq8RhlfcUEMYGo85yfIZRL5a9EVGxQlDLEjlV5/Y78/n54ftOJCN+OUz2i3Xd27Qxr0srSgQWhnsKPDiDI350cMY+EBDsTypult7yCkfM4PtvRevC7IzBeJKCLXK8iNtz3ffLDzSZD6jsrIBy7ced3LOipmddsCIohkD57yq2SHdf/nkotB88/fvxtKd+JOEm/oukrpJ7PsxYBvH1NbJRoh8Qx6QHjjHHlnWDNjaznQVc2yUCH7blmC7ICnj9VnvYhUaTj2vdPjG+8kPVEsfgE3UU9FEIi85QEjZxi3R7EtvsRI1oWEnTxKVcigvHk3rRcxt5VGKnWncKtss6HjnMCb2WcKwZ1PK2OXkv7fcITJ5dF8Zn1+eCSw5YmiGWJwaSMis5fE47FYkAzy24FQ6jxXUvE1Wvmxxp3g9ZzU/Doky8MUU8sWRWTYG0CZPyWRxbwnsQ9QlaysTERS6/XVr1SZYHLLSSQxRYB7pQvqFVaKS4wvOBQ42ul+nH6vCBM1/B+3S6U66uxaCiCbkhLgyFkwHl9NFxSuh5dQ0RwKyupZTFhFYJe9qghEXcckXskuWJ1SxMv64rMWoRpUOYLyKMRJ340HiRXyCstTifXUeqysSG3OKVtAkGIKUhgy8MyvHsUWn+RBE6IM+su5TjOe+YiaaQTAtgW6idToQOwc/Y9wl9UkaagGAboeJ5dUm42WhvRQRWbMotyFu1QDJXEYjE9I0EYJT+jMG7eo9jQf6NEa9BgsKkgSqgmYudZ2KBSw4ihbMnGkHHLKnC5P/ugrqS9UjoOTcQKqeidUxIX2VLHwKDYyapGzGcYm1QcLbc7xE2BPAu0TirG3xMgqsySkzJKTlguyl5oua8HzO2m/wYFzVZJPWUDYmHeNsGVk+vHaHy2h0QnO0kLqh4fnR4v0rTqpyxUHCMsCkyt6Js3o0dRQ19+IR3iteRkPB77D1l1qnI6qlWMvQcQmBg+IOIqxWutizRiQMniUljB48YQdguiYKrPrQxXiXNNfT3zOg2L97JV3eykAUh5XaupbeVRE3wodFZd3iF5YiImNnB6aySLyWtEcGkjFh0DmQ4VE2bwr1KI0GaA3fqMcD5VFwHgZh7Pn7BMOCFjJ0RXJjLKQAxhFRQlHjeQYlASIAhj6U2DAYFhZ1WF8ku4YepEkS5rsUy6EiOwP+FDkJBTOVPahisdvRtrMCYppst3e5eok3kZ0vDHvrsnHTqb7aXLNS/ZEgtYo3D9/9Ra+mLJf+clbUhrV++vzXyopETE2ChYWGLQQGv7xB24inZFqLg1vqL9GIR7vH2BJpx1Boi3vLXaEbAtzL1B+c/Hpw4d36lG7mG0E9QJoS8KuCcLaPivA2pkYfk3yttS8ed0BJSbXnhseFwsytg8fP9YperA92cCPVvzHw9f72sFfb2zYJoZex5xmTCULLnvnsmFFivzaO1Ycf2js0GRz89cC1hr0jZwZVWIAGQEG+JXkxrc2sJpby8E3/Oavt5D+aizNDKNaacIQkaINUTCJ4V3PQ61uzVmiaBQSdiELXR1VJZw1ll6gDJZBuhc/OpPIq1abjH0qF19Fcr9edxa0dxsWAx9L6mn2gNzM6lSQzPHjx083H27YxxylFGYx4xiDyFdQ1a/FVnKWOLPKmqoF7KSht45txKmxJUIWt7Wlyy5yS0XF7k1YCNktIWgC4aO95O/aGGTq1jjp+i+9SjvU3tloNaeI3MKC10+jkzDVws653AgsYTcqrCF3omb4C4sa3xUdyoMMGmeY53CiX5e/3n+0S7rjJUWKOiE0aOqZ83l+siv9W6sfLHJtjlsw5U3Qvc4x1nhT7XcrA6HhDlt324lIO11QsK/zcPnuGkMIIgST45YIaPyIwkJdXvfD9cfHrViw2z2J80FkOB2ItKheyIVTigLJCkhORsXJxRi6/rbd2W/eOgbcaxpVPWpzrI/yiubwMxPtLrpaEEJwhIAppNStava8UQBVh9Iwrn8nrzwMhl+ZzaRPiWoBXWzlpEbBQwMfopVGEkGHLj23GV/pX159XvOpA5U7ZHlAYQ11uOsE40kOEI6ZNR6bUT6U3aVjl3kofpMl1uom6wx3iYXIPrAUvLB9MUsWmxNkB7HorOnmlxYi16Ij4NSVHGtANx1MGoiEVeXM3RWol7cEgKI8Ow+qD/soAukqdsbSfLGuWkzRVYVawRFdssNT64ONEzBWGM8iVNuGOo4vLrfuAiqg4sqIvHLhralYVeTzs4tKI8i3xQuRSyhS0A6FKF9a6DyZj4S0/g07QF7kKhr3gWBVCV8DVm8T/CWWp0tMUB6ULhNtbchoDXcaBZcUWOb2f9dMAx3kSAiF8G3FoyUDQOqYUUzmDuPCI7NCekM1GwcmQNYxGatVSJ0C0GiwNg0Cia7FOHRZ2OMZAAGHYTxAmnyznkj1Ny3kNRGQzNJx0izXaiVpYqTM++AkxXpauInvzEZWF1lzyEgcQTS+nPneeCWk+t4Twug5YLA42eR2M6c6Nkk5kxm0Gf6cMuVB3jpBD1yl0NAt9rVKRc40OEIPK0k6oLHSZ+XkIRlqR9YJ/CQQ37gtuGqCjFpfPt3HwBClkeDnNUdDzbePml1j5xS5ewEiNLMZEiCcI8aXUCSmCU3hAM3egNM8ohTn9KTwNANnUu82OcqPIDSCCICcMgQDOXLmz5BiCdBX3y6xYAwA5dTEU6Yq2JSsVWEYeWTg99mP+9Vi6BAwrFCOxiLZRgiOaD2iaR+35NJytjQzIL4iObWEanqm18MRBEopXnppy5XamA6B6U6szKpjzi9JwbCYOYR1T5VRIsf1t8gQGzT5AjmLWN2oYJLK5iq17mlC3s1yHuNImP3FNFp9125lOhE4uVW8u75hWlZCLNpcoZ7sMyWWCOlhtuxvft3dP96JoYxavXnjAKRavJnZ5fX7whfToGt88KwxM8xAG8YRja3RZ/s6N7yhjdHOXBs961yV13bLM+I1JAb/DFrbLoDIt9cf3t9+vj/ThF6dZ+2XDcVG1rRupg7xzCqS+kXHmogloRKhPdzeOtqdAOb4CKBIGo3EyLhuWgHW6LrJQeZOAALEgsFfP/791/+oMNi1jdR0oDOeCkQJgr7aWpggNOqUbMRR4ImHy9fX9vvrWRnv0UcW06h28qNfSMrYbJhBCTlrmz0l2rww9f/4efX+WiTI4MmchlwjmTAJPYwajyRZ1cFJ1bBJfCc+ihgbgAOBcP9WYTYUvxlQz+CuSQU8q6xt2CM5MvWIaKlfvULRIcm7BkLCITGvWq6XRi4Btqf18s9//PHesUFgA1ut4VKKkEZwdZSRuYZrZogaVaoGRh5NUZQEuVvWAax5dNfbz2QGuZF3FaIABQZC7OhAQXwyFFLJzy9wUTrRVWShNj5XQZkCrcBrM9LBJrzDAjbzj/Yl69YY03VQofD656uH2zukf/jg1Bs22lZ3oTjKLUU4A72kRvxGOPJIoh+rESw5MlKe7jq6HByxlEAIG0KsfMPr198cmf0scGxfuYyCJKsSdT/UACOX3+4xQgCNPK3GMqe5Xbbp9Jn2BGwqMw9g/YNNyhY/GA1eLUzeeT8O2hhgQ03N9KVf8HUFnn4+EQIxV72FZZeWSOrwn+afIRszdj5Oa3wNqtOO8WcX1IqCBCUOKMAFQOb0r/4yFnLgOZjgbA5TtMeKT7wmvcE8HvokeOZ6Fg7STCTnh1Q/5ltraXOllEv1opsyIdh9Yzw5GDqQhMqqtsRy1P4v7j/GW5BDFDLs4zezJptmP2m/dncdH6akOIkrntwbJUxi64ilh4CG9zRAuKpFyFFmQhlq7DNlYHIaHG9YepBXkLNfNVS5UqsWXeWU4rNjAV+IrFpI8eyEjOg9TU1coJo4fKEkkVSfkD1huQT5DCWorVAnuYnRg+lb/vl8BhFSkRXM9DKHFcEHolfvHMLYZlbx9med/J71X0pqMpKWspAkdWEIaNXl0TR5ThcdoYB03JzqViZgEmXSUMA/DCAxmUvz1xcCKafzwjbklPvAMowA6HiD2GVLXRJIDSWfFEE1/YDRacSuD+qyejYacpiBGaoEA68nh6akn6KjNWbYQAwG0KQ2m8ljRzYXxVtU1VZRU1f7q1YyTUGVdYQkofUvi5NvT1cle4raHsRvDgORoy3fSLzS59CDoqScxwiwSCPJUVEPMZD9gaDRmeRGdW5uJbM5mfDjqgApkYOAAIEYZkJcU+FHLUeIf/2UvVpve2ANw6DETfy4K0RK3qMEw6Ray2bjgYGPRxtAzd7ZK3rawiQeOYCOmAkksRSfxaqHB2MszbAi2WXZ/YPRL3r78Ume2RYIoa4IEckptW4K97R5ZT0aDUWNen+AMelsd0qJllg5IePAdDeDCEW2cmLB3NsLDiURXOcDkDjII0ciRUSBMhRa9grEQpYSdScBmqGf6sIpx77K5JHcZ76as0VoiLvQto+EUALcrihYEhHjGOmDdeSUTIJMGn2GOpInrSHsaZD2CAURXlJ8VNAzN9SWWbseSyV1FcjlIokE3v3SXAUyGwtI/49NZnbHOYMmFnNOjZ6k10JoemUykvH00+DOdxsCEgCj+FbbWWxj2s4LcCV621jvZSaH9plr7ylFQ311fXN390W7bnekRtf5Hr///rvo0Bk0t59vG4QwBZb2X998MO1zYwVe49nWPLSvsJDFe3TxIJozmIdzuFR0O53ze72BvXkn0zBG+7DXLgRe6bXdpu1i9oJmRg/OZjDRDcg37oBU7DqgprWpWnrbGkzjJixnEQPpfFDv0JhN2ojauc7JTSkzy0XaORuOxoCKeiEMhWJuyOL3rOumF8A0TP/q6Ym1I7n4bC6GqEAz8HrRa6El8tpmnaoUhGhE6qpXz81fpEY2pvtqmEfYVa3CmprDiMFM39Ola+kplD7Uo1m/a55DOlqN+4xZoqgGFL0q0SYKf7V72RVEr187FeW//uu/nF7JXdDL35Gfxkuu7CdNZ3OrQmKg6pfkRJcbzAdD2WIijRFp46stJyIhEwUNLr6dbTi2sZ6Gj0iLeSQd7cL3DoixTYdwGZ7JDUODNM7SbE5iJWI/R3PxUwq+/2BPOkMp9IyGWEukrj1l+Uht70g7MzoU/f3HG3Tb1ExEb68wUCfg1nrQd0GWbbIiEf2ZVx8+fKob8+PX031zytYzCLGJEpciXOGa/C4u36nooavX/PzDG4PEomjuWE2x2s9X4jN9nnYbNam5ynOJBr0jCjD7T6W1VUKWhIuFlIi9bMYY3kIb7UEDP1+/Giht3IKyVIeCNi+OzWK/v/94LWpOQTmF3hGhnltuK8W4ZGc0aqkt3mhJMeaIVtRNAF1JV0fEt1qcJRWcRBvIDJhjEP2TYakZmGsuALU7acoR9OrOxfvr9zhohCzTUG2L2xAxHxfbQyrU2Iffg21GtyKslMGjvKWBtEaV9eJckXfNEtM67yBR34ukMtfMzcMEl5cT9gSwKz+5+j1FchOfHpehsSnxiBK1NmUIlFjGUzrc3XJHLtA1/LK5q1EnAbJpm1TOEglUgMZqZa4IbTnxkgMkb8WBUTyxRDio/qoqnrNWpTUny+3B3x/g1mmUhUxQmE2wZ9UEDE/V3cymYS91xpBcsbEHSYS0tfURD6yPzPkKQEYIUOwQte6oaVr0tClRwt8ArapvOdDgWDghMYl5Hoa0HBI3SoURQUk4NMjqiv/MWiCafAcgYmDV1cOJSjoZqb0cxgE9dRb9IyMhpkJo/cbBC9ICYnbBnhghCraQptZjnC5TWmalyQmfibz/ciSP0VNppFUcHtwtO/I93efIKoozvOK8ZUl8AfdRTvl0MtVmET2lpQMmtfSQDOMvs6vlyh7WppBjmJTbsRJdaPBy8OME0pxjdQ2kokIKhRrMKoCUuhE6efKcaDECOclK5/r6nx1HxjgM32QafTNfF/TlIYEjMZdD7fy1vYFboWKazVYVz4txwPUZj0k16/WgcTG1kGSzixCE8agBRRNOtpW5VKQs+3gWD7mBSkXdpFx5H/4uj5qwcta7jjfygTBcGeKxOObCHnKnwXaZ5bLG7aULNKoR2NdKyDm+A3BARLkcks/9KAS82h7LoxxI+dJa1tjF4PYLx37qDIlaSOVCPHJoGWW+PFDmRQhViL+lAWqX1aTk5ap8/tJe6pnUY30PK9dTPz2s1i//buFEyh6OqOVYDTiJQQtDIKOgvINUjVYj2BZgA6moWzywq3CHRqm44ihf3XXsc+2nW8GFTSHmcBMZMTL4mkZttvGYptW85iHB0ojTj83NkdDFW1uf3jo+uNPaNDM/rJXz/P2V7Slp34S1NWFqjNeA2yasgUGtGV4GWjDTxBzj6NBjbTNWtMRaehGLkbyrT7XtxjCaJuMu9mpjusOu2S/FkCJwfe8VZHe3xsyaE+sFuJ1volx9Z3s8HSsDeINq1gV61a9qa5/Ko7fpkox3MX/+/O3u4Y5pmuzLPoUUANqsU0BzqcJn3mkxF9LZW8RovePXJ8I0gt27K78+m0lk4ujxlCy+Pza7p0tEyk0Oqtr6SXtr3+X1pU60lXBOY2xlYj2/Dhhia0bWw7TWCFaymv9jz4SK3Y7vSe8p30+UqANpuV0U1QWhwGb8hQGs7lQXDXActDyC5c5uSFWL89unj//484/C0fVyGVAgZigks8oinAE/AyZQMdJ8S815OTM7A6VBdwEZ4Wk3rBIUOUWips0iVGtGRXvXVwbz+O5vv4q/UdPozVvT69TeyX6CuYYMLcJzjFEz8V7pw8li0WivRUGwNeBKTYIwCqoiXr7douqytcM9fWSS1dDB4XeESf5bKGCkri5Q7YcZ4O/CPqbcii6m3upHvDfOvAPDix643cYOrxuNJgw9IiOR7ZtumNYSCbPqtZCGIXmh8neCLr+/Ry19ywWTiWn3q/feA+mU80SvWjK/Q6RqmDIZc3tfnKbDakkgdRqfxB1WdD3Yz+Yse3ce++ZGX3+v41EOchbeNXhTbFcYkZoaHWftRJcWuQKscjDO02ntULWCuvL3xbtIhpSkjHGKUSgahQLxjK0qLc5mxijjD7ObZhIAWZiUUvKu7vzqN9Ue5SHWJqS84cd0Tc9uXddnyyPmKmtw8pecVRf9L0UBN3Pnal5dJKhzdh6XIWQl1knrkynCbCAL2aopfdJaRlqFzPtVSC4GvEA81yGbVACVHIyDPqwKRFUJCJMtzNBVBKaCNj0CraEc3c8Gwha88sY5WUYn+BmX1MIM99SqXGET2Cmhq5SC5CYiqxkVT3MhTVbhHc2lN8EMVpiSTp67V//Js7gkYlskWsBHZwEFv4XOnriseUhh4IbZrUohBpON3PqPpaaY+0x2ENa/UboRA06qsrULdFSHJ9aQ6rtM/6upJJkteYg9fd88Nmw48qnJm9xc1lQgqL5TmpWCkPiN8ojBTeihY+OqJLcf3UatEQ1U3KiJrd89TMC4aKNS6jPjz4RcFFDxP6u0IcZJynEBh+s0Ehd4zJ4Vib8y+sSnB1OgJ56rURoZNShBz2HNflyHD+VU0aFa1RIkYWPi1SpZ05LUtLA6Z0H2bERkvfvgs/xK8yYboimhmWo/Hla41iP9vnARdW7rifhEcFwHjTRJTEogjNU0U2b+puHD26fHO44gZXiMJzYn4ySr8FjAHiwvgvb0/08kZZFpXxCQUKZQ+cQVoFmIpMzFAwSQT6zRerwUpooTC4JNdtQhCFlsFCYmS8JkyrGUBhaaRdHLJ6eTqKNB9ozo6GOY8SVf3qt86cstUayWLceLtiLVM23XSx7w8g01tIyhh3Cs0gxBh9A2h93MqiaJv4aqPGXPbSnvGsuMTy9qypF4kvyiM2NMgdWo07cbC/As/4RYicSxEn2T2iQ8eS4mz8UrUMZCt6y+/BGD89Kh2N8gxRdGX0pEpyF8IE+ZpOPafxOiDw61bsGlM1y8reT5y9MXbL5/ZyzwVpD3n78+k1iRCmw/fj4+P2p+CuYaJbn87//5t+BPm3nx3RtBXt3d38vV1Ns3L7r4dvPhPRsWF3nZnuJGy7RE2mqjd2gTAliKd3//aKiymcGb98ZayIsS1QXDMFdX7zWHliRaH6F1crqI+UTzp8c0NZDiCS0kM7v7cs812IeamTmLzqs1pPMeDQAE8sPVzfP3rzaxMkDtu2ubRQptv3zWiaJ50mWqVrj3qUudPuu/zsxcaeYJQegsnIVXNPzcSwmNG+VukGaWkAmLGwykCSNYMWtSTV87ggTG3qcCiWCRJV3cPd2Lf8lEUrF7Y4pVGUxNxQnbE8BdpcgNJabeDIBXoroGd9WjEpkA6N4NKGpvt29dsWwIkNqIzK8PMz/LqasixPz2n//4528fPp16s7hXpjx4hK8aHCOTHTVZZSd2KFlgDTi8PiyBaEjs+7efpl9xVMbBIStxGICdRiRa+vXG6rr376+uPlxbq0RZLMpykxqKQm3CubD+lAT0G7BBjg68tJAUrk6eeXp+ewN1juVKSFVtN4BH18rvVTd2rDS0nNLBYAtZxbu2ASMeNFT/ePTqxforOaMfrf7kaJ1ug2yLWS0WdVqszfIUypgFrwaUtYIff3ufBb8xlC7IZHJo4E47UOnrrw7EAZng+F3pOlwkA6mYmGSYO/iY6vz2lttap2U3rOqWdCcuDxv2oKXvrw2jstP8ExHr48vlm4lef/CCmbZSels1IVxaZcvMNsTCxhmX8vx97UXvNLKm822LHIB62XndSKQasWU+ta+IbOp8NCDIYQCe0lQeK5tkzrVEdI/Bminz/2bhD64FT/ni5AIzNJiIaozgXv4shOTByWhZUI1OAVFW7fZiI3W9LtnfmrpCpoRS/oIQReEujNB5anhYByy5AHM8MeMGuexruF16WpsTQN/M3RXa+kWQG59q7AvhFQxEFoJSGvQI1px5sMYe+opQasFV0rjJ9VckIVXBmGI3btdydyoNfDKFG7oK1fBGFITDh8KYPuxGQ4IrQiJgj0A2XQKk4iq8cuxcScZ/NEaI7qvph3tFuCy4krcQ01wQOEDGQ0y1xCVtTzsAxmkkE8rGqoqcRlwl0lxw0lrarCMKVT7xFNtBofV86VH2WqrkRFBK1ZssFtfksBxPPNP3iLEoUmiVlkZUmOSG8GRnfqjNf7JXp3I69cIwXHWK9XidV0yTlNWzC1LanF40B230J+7I4XwTQIgFZCBBGOxOym/O4egxPXgGgiqMayP3ICWshJCRTHCueI2KlDmu00jfAwNH6ejGglrVYtkAACAASURBVPpYFXNf2ZSCjNbfcxw5ZkKIU3evzeKpdbGXOKo6cyScI92XxPHioyBRnmWAOgKhmWjiGWJfUbC7qTLEkB1S4EdbO7G4Rk10k2W9PeXu4dbGuvKjNGbwR3ZEVtphvu8DNqUcF9tFFje2E8Pf+Sl/WTLoLll0XatpK+BB9QBzJy6sUcZnzJE2hdeLKtpKxtUht9kOZl8AFgyONL9HvwljAlEZj/SXJUbOgxG1HEFBe1D3jIz8DrRMq9AHuiTAT+A0UpaJnjBR854XQ11KbfRlJQGar/Dr+RHh9JIYEimbhy+pZNOHyFVZaam6QkF1k0unhpxx5VwU+xFc8itbJEzSwS79pEjrU8HT+HWTWql/gWU3OYRKn6+MdjDK2NBBWTy7vfd2HYeJXGi9qiM18x15asm/mmAmV7YWSF289ZYUjUeCa4W4F6JcFha1bOvit6trq+mtaBAGdZTdleXx9QRMOn+5/cKuMaolNvDjVETbVhyLrSl69+rSqCRrR2VTjSIbYzDeFnJ1zWqlaorFHU+P/yPo09+y/dcZ2VrbZmwL1pvxZHXOuBMrCDvtoHn3zutSbHEtXHPwpzfCqAfgO8pb/+jm5uPtvbdLdwQ3gGokMekXtxa59uOXamKeHAvG3hFQ9FBd5fz81NkV/xGp8EVm/yx1w8VIvbDkjGARJvDd3PEN8QRWV49cqgG8IsLAe274sydp+XSFxa4imOm5ACjDc8N/cN45cHbLAmsjNQkeFRDy3Rmr5gfed3nX+GgZgNqWukHn+TYKz1qyqlV9AoEbo//1r39glqlw1/k9FvRqrxmsDitfxWEkx1cM3rHAqvKcYF5BTrH2DzuZio7sunjXTtL6FIZstV5oYeRZ68W1NeO9oSYuzJjan9tY1/97jo/OgHBNNOBgf9mUIqiJV+DSqDbviuyif7umvvLxTfyjFf2PXx+hoDylHIduU0pjij+MmaUF7lnVct4XnfqjDaNjzl+qsUFd62VtehG/Z1k4Ys9FdZ2a5J0msNXk63Qzuet3l46Cyg0J9d+1K1NEVx/K0TZP7cWmxyDZCmOCe+/O+em4T1o3mFmdHR++eZb5f0IUSYtaCRDxuBQeNzmOeuPxFvVa9/r8/fpV7zXQToitaYRiyBv7+iDUHjTKMG6U/TeutoalSFozMKdOvRRfl6PjxBvFYhIyvnYggPgeD9WBgoBOxmlXO2LYj7Aj5x7dyvSdUiJeuuJzcm4QUVqkyTjALtlgJcPMaJhBRWXctHbul/W6nbYzNh+kzK5mNhr1mZp0cJHUD5oiJDsuvViKuAo7Kq9iNlSOuzJ1D6frMZs/PBR3W2kU+ybYRAJ3AkBerrgM7kkqq7VuDEk+6grxyDcIInDNX+EdfyL/iT4Dm4QiuuDgVEn0xG5EpOuDvvo1XwAIyn1gEyus+iUbqm31QBVxMV8Eu6kexSH2j2grJpKTgniSCQKBj6DkPn5S8rjIeaqHMBEw9lKhb9nBr/L1D/GNAB7RJUEeIS9X8Kr2USWZZAZcatMviEFbARYOFe4+9kMOXP5EGQFpwQ6wk0FQCyXDEgm45DrqdKbosiAnwMDHIlJrrAKZRWDE85/megafnLBy5MaWhHSDUE5UZHvaFumuUaAMhAmJRP2XB5LMKr2j35A0AQhZ2NicZJmBIeLVjTZm14NBdfMckVugPhH7BaNQu9s4GBcxGYIoUS9+OLUrT9Sf1F3gsNXsIsMtH+aBpJQfgaONobjdNZRheSG9XLP1ZJ1c/aCiLEySRXqFQyuiNJQm1pzacc/t6gRTanIkuRh7IS5YlLkFJiiLvbCu2s1klzNRocT/o4lq7/JMwJEGbRWdlNYwJcIsnAFTdKM6ROszNoMxcGGavrMNQmTTFNLDyfmFt92WkOfpcyhMdahoFdTAFVJOFqWWWfG/8yKmQ+Qr7FkZj8MkNvUN3wfn5NJzEWHF/T9Yuho1OYgyBCcvp8TL/dKjbLJZalaUmFMOI84m0iGPeHQAQir0CAy/wLp6kUMPZsmexHuApp1ypu/klMTKRm7jbEKa7c0g5AvwSo+G3XaVdSauX6+ds2YZXmcfWoCVmWaOT7f33FRxkjcyO6CE7RqY0G71DhUrAg2/vX12JnaHZbzR/+hIwSszxWzP3KIW+e3N9fVfn78orrlSFzXbugq1Z3YpiCD3fryGN5oFyIoPOYIHx8t97aSdlkPYDIBFY0Iiwk+fPrIfkyia0l+9P7bx9fdXH9iUkFFkJKw0dog1lk8gqEAbUkS5XLZjbZ6+qug3xjOzkkbsTD06zqDzU6bePK8xUUI/J0pbWGYAtbm/xjVb/ziztOdT4FstQxubIiVjpUxI8GvoNF/86pcYgunzlp6qhJ6e0U0aQTfnWl1tJHCKo5ZoAiz5kEZjUJlDrR1wrFfYRGmeVYMyldlSFtWHWaqCvIno1jU5ZLic7DftTYRX5UiBR2YoUnJhr+0m/n/+P//VGJKHwZCLbcxe87/ZkJwZb2Rmc5keCsJe3uDpo6S+jvozmoY6tR0OQ2sGseTnxyhIlLOOq0nktrAwKhjEUsrrnLTvWDdslQuFhiPx0jE9tDuJWkG9p7+IWofEUUhMCz2gIZ2r458xTOMFYqRk+Mkh6i1jtWr7qyWwJM789HPk967kOUnrFD94g4pI9vlNm6gMP9LU0/cfNj5DZ2xSzwMXRkhYXQFDrcWPB28ZAKhFg055vHn6ZfFuY3NNnVNuGmyBBIXxenaaGGDlS37+6uXmxXNkJPbySZHV8ekqN5whJOENGSpvJMOY+zsxtAbIcTaFbJxGc/2WNrLk45TojqYStYZMX45gfGqh1UTADwToeJzwdj5iskYM5CTGjuMSECso6nTRNVrruqweiUHF0IT5ynoIa0msjgAWnaQbPKBnj1EfW4B6cFoTIrHfRwhSpcMwGWb7jeVU1Gel/XSrLPeIjGgoriCO8rBD7UmgJzbUJzz+pMhsdJQ/fw9AUUt4RMkCTZBUK2rp03O2ntiRB2GDmmWpAoy8UclWFU6sa/L264FSQLN/ObV3SJsGJBVWR1GeVe6X6FwWhOT05e16FKwCF9i5TSCB7XE5S6y+Y229ns1o5yWSBe2KSj0qDlrpLHK8wBThQ4OGxckJU1rUUnlYG3bVcS8bYEW5oYWUzyewMkLOws57nDOOaFMwAncVj8GFF59y2NHTYE8rOxm+zgw9RaUcEvoBF7mz+sJHt/F9UJ9r1pC+a/1h5CH3qvmkN5JyX4pXbOhZfTJFVYCyFsUaHvSgK0RVWaMYuIiUS6JQzNFli5H4zIBHVc1gaGQiMVZRLeW93Uo83Mb0RFEkH4JsZi1iZVZ26eNPgniSV6wKRaaKBtPg7UipUEW3gkeWry7u9YzJ7VhrYdL5LOnkCksSJfe4QkiID/IjmZSF5NWuclbAt9qRuFxmJNRvuEKE2Fp7IzbekfZw51apI4YXiIe6kqAKEYrxM24P4Qk+RiYjF0llPJ5KVY8tEiLYN+iVrXlMQ+6bR8xZLwTmXBJUL0wjA7X6ZCPCYKyaBbzSVDyujrPpqSSJ47yArk5sPpKO8/b19Dx3a9S2TEnGF4U1Qlc7KSXiMp5DJjRlwtJJqtSApPx5YYgSh4EJP10pgWpijD4GmkesUIABCzzgQY2SrpD84olCn0HNKSzLxOmLeZ6i2IE7mrPw4u2a/Sk8YBTcAP1hJFzShvVFewdoUPsPQAYUYQgMw5p09CQsj3sURwzyy0Mvx3t8Mt2JZzGFRVkWePX6LeW0BEb0nh40/F4T5/SQPK7t8Fe1uCEyhadJBVDLraDwzjbRn/dOvLu4uvGeZRNhBmCc9ucDr+INO3oHmhbV0iyjJn/99cVEMXFrcl9fC7x6iciWM6Zd21M+f/6LAkhAQ14bv36q1vm7yE/A98rA21cM3tx80B7bXsCEbgzU/fxh9Efkgc2Ka+p2hJg+miYfsZ2lbHNRum1DTNXGDOa7BlcaxzfAdnlFTo0wZRJodHB1aoHFi5zT6Y+fltRpfw2dHgoXFJo69Hn1/GR4rBfGSJzBaK3NUG+/QrJOzQI46hGF0J8hxoDMAhkCXT3/ajcGsbitMiqyAQODxJm8uQIJDYwVrnD3ntLXqFWE+4eBq8okMEmbU/sMuhf4vv7jjz9+//T7cQB6o7UM5BvqqnFy2yAPD4oANTUbXOsCOetRoNpak0JWlINSgxwEaDDM7OEP/VJ8NllrZRsQrcHraER+8O7uIQQbd9HqsRqTr6yiY4w6EOfi2aKE5mZt1GjALz9eeJfDpW+jgoI5wVvDyXVuEdZSoIzs1U9Hf19++mQjuoHqztP2wsNXFozWbUBnQW3LER2IfZHF1iH62TJZhtoukcRMH2kNrkJ5sV6+w3ikndYACtTETsxfYCqcgt08OBOsXiVdkvCGStFhb8xzfbpJhDlSX0IJmASdSbt3n6iVBWch8jo7xlCP2kvMr0zm6+izJ4PmFEkJSGLDkOgJ4cjAuVMcZQjuVBY/moEGkWN1+s+fLOTgADzOLbqlMToz2Z3TOQYGIizTEXbk9LbxbLGpBUZUA6GiiuzzMOKKuSLf+RhxCQJc58zYfArOpNcqkLMi6hqbzAOBHL3+zRsRe+XgyaaKBGPjJOVY52ymnEyu+hD4YdDAgEf7yY/pksXsFxtQSyjSMopMaDD0SutkonCfQckLQ8UduDqOEyHVxaIEWF2RSbaHphOWKAnMEmMHV9Uw3zU6E/qqj9xnZVecJZvj1ZGVxPCBcol+MT2vAqZ0dIzNJAE1ate+5nIxl6HWtK7pLXCGMJ8f1dXH8iofxdJjLtrIg9yidfF1gpe/mo8pJi1d2Vwl0J4GBGmuFY/B+YFYPkoLTiDBQXtzylJSBTICLAZoVWRCkjG1avkZAMo5rxK4hYh9ITC4zAMjmcSCGhy6re1TIPh9xSlxjaRJnrFRf88yyqjP1gMLB/+6jk/ilgd30EhWjTZ2SJIFluiRjhnyEzGkLMzhHoh6R9NRIoGR7Ak9xrZKU46YgY7k/JxCnja1VJGyU4ZM9CReG3++qqcKaGEunFTtZlUWEanpiP2MmNGviCfG0+n580OcFJSMMuRq7iQZPbEq90Tmp4IYWvvUiheNvHNtvn4VHd5+++pgBcy2dz/bCVSQKqYgYE2pDHLpnoSG4iAg52TkdqgrPfdRcqXLO+YZQ9bvk+3gnUDjV7OrtSUG7ZcBJB5xjyuavEJcNQ6MNLj0XTx4sZnpN80lioZw+1Y5MkU2l7tJiUOLQRA2As+4JiDcMcekc3iFW5b9g1Dqkgd/NqliZ68qYHlAP+9dgE/CiRdDEsdonJiOCJQWQ8zUJ0Cp8ZLoqmMRPitB6IhNTMimcffxmkvpSZhPWnelLRX+UCbcNV4SS0/yiibuCUzhfVLNkpOsXIMb4GVIvKUA2l7Su8cWPzhhsJavBU9e26Xz0xvDtFFqEQ9iyliGyx+Xnz9/EQT8+c9/yCr6AeX57uH9+/eGqZmd1p11YFqrawrZikODf46CO+cU2n5g5tPQn9dLCLaEWxpOb0759Nsn9eL+9s56tPYQNG1hS/HN5lstgv5mDAN7WmWoadhYJWtKtq+vxH8MXZt6ZXzFiYxfn1QtAxyOQLGycRFhr+WoHjUB8vru7jN7NFVnDpSErIczsFelVR/VXoNGvRNvs3Jfe92tOmS1oovMNFtKqwbDqmA6XeLotu5+VbOc0Mi4Vb38pJMaNzPosTFZddtqYDoKDmuYPYkAsl/yquo3uJWyOWfN3TdvvGB+9kNYtEdPPT022VDJ6nJ1sgLpuWa5+urEFuM6vYiFEIhUgKN+oMftDJor9JvpKWX2/l//+oehtVzRDIIYZt6sJP0PuJTmNxd9dqhJhjNc2TTQyXVWhUrne++YaEAajipiK25U/2WmC/Zs/SUm2zTEmbaUU2iOVqe0WKpgY4otOp2GrQmHxaghpfjeKsD2rxRD86e/flomGAHv9AQa5EaClQmNqCV9JBtD/eEQpYgqtLrSupgz9dRQNHfcyw/J5uLt/f0d7hgwlmnUFvrrD94D6NXkRr6tIDRr38Aheprt+XnfdHMn94hZL80m61M4RVG8ZCycQrNpPRNdirou1cLmghmeQOzaWxzvjl6oULxS/UPqLyPcHEUT3KAxqLpm2jQrXBu3B6UP2hsyd8KOulPQr0SWY11IXsapn++uvtzd4hdWDqxWO0GozJcqC5NurUav0cNQc//x1e4WQ9UeunP2eNnhqo7VvdfBaOCt2leG6O38bWrt+QbeMgYW2AQ9tMruB2FwczPx56omEcGIK8NI38+L61pkllsDldHpQUbAakYcxBFuJq3hCE0BgOzAZZnVg4wyrNQKY4Tsq301NfvAuc/NZuW18Bmv/oy9N5tNj85Ibhgb+DqFsDbj0ZpX7RgQfcYxcSmMcWnrSMCL4lBqKGi5Dena72bVoDxk4ymKEZ5yWglGapFVqejzBSbFwlIFAY8lJWo5PA4fwq0XF2mFJfJGQmUWzcgRbUEltNBgKAGlvQxjgIYySkCUsE+WNlpwpLAiB2V6LHA8adEU62lkWcq7bmGBHA64Cl8qWrI2ppde81lQU2qrGEBoZLoJ2tqgofIlYhyJ0sKllfcTScicxzTTlMvhRSBWvABOAj7lSVxBJrHoEwWmD2yjE5qgqWaegBktU00zRl4plL0X9SsR6KK5dMq86v9gc57QkljtoXQsZX0hO7TuNs4jCfVMB3zgTG1NazKrLVPQltVWMFQKjkFgXl9Y5uX2tOOpJe6R/rcUUtwxgxD784mCyrgg7sRfldgzyoia5epBQmxRTq7AGcUmer478te5DfeOtuFoCAiVojYYs0AwM8lkV6Obr8EZ3z06fE1IU1B5qS7biR2IMktX0SjVjyznfnDd00rBoTmJPkYHNP0oazxgMXMdgix25aqn8ZjZnT8PcOe5hr1wMM4TRlNw+w11Qq6l7fLEivKWf0/S4pj8O2vFI3KmNLpP86z4YFWZVNyyy1bgCVvOhpSRUDsrzqibUvbDI6JnUikjKiI72pNVP1O/LOXOpSfzyctzWJDY9/SwgFpGH1qIztC42G/Zyycp9qT5cTdoS8tBVzanNNH2XNLfKEqbcsMQ6G6BfPwmwBNkfb3o5SWvRGkfP940HWwRVZbSlg6vaGRZt7e3Cgj3zY9eeZvuzUehn3EXitW20QTEQqUs7ccvx76Yo3m8M7Xquejo1YePH8jg4sY0GfeRHG3qdCEmMIlSG2mEz/K+OlTmoL2N1/4A07vvbFJYja6bi0gtIrK9Kld+qx9bfeXlz9bdDxG/dO0Q5tWErFlnVt2bVRlmEV6o61oUDMNOdwghi4ZG3r7BDUO05rK20MYSQ01tOslf0n+ypE+dwuuza6GqlO+wQLoNN6nE22BAZ5UaVa8yE9GKXzW0G/cCCGYTdjmu2noN8GsBTdsILoQ9WX8tU93CqlutiH+uM828cHVCXF6o0wKgvElxRhGkPN8VJtVex8Bs+Gmk5SHkyj30MxNo7ibLa0vHH7//RgKUGyKs5kAqVk45qshdEmfGise18lQFeTIpR5TKm8eote4VwKaATeuG0ranSUlnQwgvX8Opz883F06l7OhmpoE29pZd61GIEzu3D0RBbrqjGKEeaxSTIU7ozwi/3T3a7NHS0nxS5HMu2LLM1I48hHV0kXTHj1950x3VJT0trdBAFEi/IrYWs3a8tlTbX+xQqZpbbJSsa1dqDy46xnH1MT7RI8p9jcSGn5skFgfDoBdhXaMwpKX6agLM5m5QaGb5R7PW3wSa9bfaODKhVb1nO9lnSoJybV8jXRjXLek9LuKS50a7pVZBUsnrrNSYnxWT15c3N3aFv3SfrJ2tFhLdAibrg43Zy6Y54M4S0iI/WDNuSIsauvODEQasEviN/zC5h35Ogm5AqIve6IuHsnjKhivmb2AU7NHigSox0LU1HL5yMclIyz8AHg9diJYGooG0AJO05Wn5MaZHY5lgSi9j1GWjQQxvMRzAMCvEWMqHSKVzdkr3SX9V477KxwjAWqNXHjmleU496Mzy+0AFSft6D6CSIQgO8MsWrQFFVjVazMLMCpOivJvGBIt7qyHIO1IkrGZ45waKtsFHf6aZARb7w4LOGImTWEZLNXRVMWR9aqHBOZIuQJC8xbSepanRVi7tT8/qjsqP32ACN4kNdRR4ylpgHSB8JSSyJ/2N1YHg+fwI9iomd2skGfQEnc5cSojcrrYHWl7prWTosQ/vQdQu0ACrGtUYBCHFmHT6SX7wEW3KsjohavxPs65ISWpocQFG0Z4nVSqNUOODGXgtc9ZwRNOIe+Bja92nIGcVeHChJMlvHDonLLmG5WCslxa26Skm0kpChsN19jmll9iioz6RGcMRrMTJEKZSgxHmpDmwybwerco1vQDusbxIibFkEV6//cvg3U0WSQ0ZPi84T8nIq8DfebP3NC8gM3bz5NRDZx9+c6LXw11TbOULYoDlOugiRV+eOx2nZSpP9BBHxJO4YrGaQqN08ZP3WGfNngchO0pSlVheaW4aHhAb1mwXGTbb4mJxEoaUWN4E5C9xkmr4A+uX3QzoSxL4aJ+UsrApqLJwxdKLiKLb5yhyxuFyFGYyLziSwWGsgd0hCyfT6S8aELeWad+KOVDZpU92S+z+nQLRMzQz7vCm0J6OxiS5uxJXn8chXHEgKeuOqexM6f6dxqhiGRlQfQ6cCak8ngXYVVWIMN3UpE9HL5lfJPNyNyCVi/O+z/8uTC+v1nhfSHHe+w83a4+/ey+j6E9LT2+Up0EVx9CpWVeIXRgadLQL0t9/eF9I5HNhF/IHAyCNElvOL+p88Jpj45GtOCSju893tgAzhi//+ZKv/mE9mfZaVGkG8JcJvmrsYbqXkt0wTnOUt8ZFCtWzU9ZkkDBz/GUzqUEcAcU1h+oSevLUOGZ1glizzMaNWlPYQXrG0m2ZfbSp3+I8qb9+iJO6NtxmEcbtvWKUnpHY0SGihA/pDeN564ZBo2134FpoJZ3mK0UzN0JYMYswtndsPBhrFBh6BrJhLdKHaENF4oaG0IoOX7+1J1tlSIv2nDZ72LCAUEBmHKRK/xZO6pKEy8bWZmQaw/67jzKbOJFvnq/NiUgVKhHn4j01tLY6avV6fTOn6kJ1pz9vHXx39adX3NQMVHWL0Jdt8lk29NUmZYFRBMAk7y6oJybU3G1Gvura2kESa1Pz89ef1zaSb/RRWvOYdNHLjveqOowaBwF5YmASLMhYM5nQleWnuGCNBGYkBlgTmgsiIwb25jff2m/kOMP0Syggo81WXyry0jwfSrfwjkgbkHvj1CHwHEgeB8hr0Mg4ZihssSqHSA/pDMloJTkbyLP6gfNKBCYtjZ11LGKv1VY1sOot4XRkzM96ROpmdBXah9MTzqoODdnRDhEX11SnfZ+LWkRCJMbGDnMpRRgNOthg1PlHVRiGoVZjertbkNeceKi0Q63VsX7IHRDYYRC+1VUWRQWG5mFlLaluBhX+yxYaqh2qoTvuf2aTudF3oyUzEYYone1GOGPqnPmq/LETuVk+acy2KsGqcq5YgqkafGKG4tBqVC1XXfjyYZnUltIz5fKVZAJdqiWPPZ/lwRTpoNRKVTWr4Bm2mo6cLssY6gMMFCkDu5IcKpn2cMFEAo/JYCIqvJJm4JCDgrI0UmPgC7T4KQvSWZkiK56f1wiGTBrDj2mf5k7Uog0+RevfONZgEaJHFApE1dA6QvzRGQgVDoRnkeprwqrOnE80Kd7yiapigoyJlXEtX2NmS8X4qIlUn0AAR5Gn8ta8DUlQUDKpYoSAT4Qe83GcaLpA867CV3fafq+XZk4ZPPP1TDowUSUcBTKhgXKE07NN7o+gvIkUj/ARfYs4PIru3F2citR4xKRRnBOdy4aOuveoyqYZR+OUy5cqksJhtW4D4RSqQhMWuqvSNy4REKj9HRZ9M6r29cuX13WhfINZXWMvIY2uyK7HgPiWUqwtULxiL7bUwFL2kIXnIfs03C8TEP2mi8ClZAxk15OiqaMIxWzyc5G0lksxUkgQfRJyVaDrRHWks5x7PNi+moDv2Yv5x3ezuQbpciAO1/9uhb15P0e/ZlIvACggU6o1OMj7HjHZWolAvrAcGxJS6KnZAQErFhPHDAGlEgYEknSW3wmC+juXkv4Q1LiGf0AkXLn6R5yEMUMKho+0BBROWRNlN/UYXkQy6UwsEJ8so6d8KKCcPoplQAfaYUrmA6p8XBhJABs9wKdSmH1KWLs0Mmm7DyX6PoS5pLqsmxUconwnovOh7cmsPIlmbnem3gTl6WpEOI0HCuqgBKHr0hWqrowjxB26I1odYq+VHSnVsd0oMjZKyJeOL0n9izv507taSrdVOLBiu6jiy60lem8NV0Cr8dM6orUo0JSWhmRbJbzhTJ1BqHlbL35V8ZxleHt/R05waYxB1M7CYORGtIAsTVcTxFH66/1773L7yCxpTACnkUMkRJhUXL3VGAuw2vxi5dY6vFr3ayehXN2wckN6mt337296m1svWKv/LQX97Fs1FpJisIZx6lRMM2KVJFx2q/DzGsveQm7FofGVTssTWnxoAi2PZCvJK+M9rukARZp509zMe+4BgcVkGm/1iiQV35KJGmNDUERL9ohvvKfNywrVS9M2qLz5I7RqzBrzSIb5nL2wlapMqQJNGt7s57r2aIpUWA3mlplcSqqRyiuJrIOe+kYU9yck6pXWy1EQ1jlEfJroK9HOPqb8Zg9YZQXppucmHC9+N3742+8eZA+xX/iCXXkkwl5K1phQZk3h3ZMatlqLUsvsC7EOPqR+UbBb+iSD2ZWhuEyPBI1uFiO3TeQNSzHp2clB5qA79kjvUbYf1jKcySaxGny3n+9Q4gm9N+WKnF8OS7omT6hTjUkiliOOxISDNol68aKpc2blEVwEy7a5JMiKkS6vCbhI1CrR7achqpolujPzmEE2K31hJkC2kwAAIABJREFUo7wtR79aLsm8ceyDTm7WNWOubmqxvndSpqN8JBqZtnw2jSweorkCzU7UadHeYtzkdgQOaeUxTZFaJJ5yYY/ODtfiBi5ShU8uRHPeZOWQJ+SROHZkAGw1JjeDNN4emfosWXMHZecvqJQ6WEd2RRNzTdNyPkp+NOUeUdPIVq0TQrqmrKRqbNeUd/YgU74JCY1WroDMXPwsbDALFsqXOTGfkMFY09ElpnOk0qSyquNcM6AKZbLLLBMZ1PxL28MALhtYeX6aikXiAxh2vnTYAiNjk7AlrDBdjZSw/t1qZLDZUrlbSBaIjOvQfEBFcP2T1BPI8kdi8XTMwUO+ysdjNyjCVOaKclmUqbiy1ab8LaInGwUX6EQi+dddGV8HErT1TZuFreqdtzAUnNElYNHYaJS4R0IagiVZoYGHT8YnxBhhnrmXLedQ3QcwXBEXv9OQu8Y4JdfC5nJqJEZrCpHrsBhRFfHI84xhMNDTSsoXrOO+PJqdZSUqrL9wPqGtJTzCKZDwLH3KgcEMCzcr6Vl6ioNkl1lEF5aS8TxAFGDFHboKS8o/iyzoBGsWxM7X4SdSENJM1pXt5JZzuLnuaqCvKjcy+ZxsOzz+hyTJUI4KsDX61R3/QUQf0bgNsP/ZRumqcppdb+OkpKXFpkceB7BlS7gozMEHmuPY10aYS4qt8YKsxJo1JSM/2XhqiMCRmGpL838XiQxOnHChJhSejR3qP4sPvTflmzEen3SJ7TiEPltKbNipAixUCV9/o7p2KMmqhrCEa6TgOziRmD7KS5srtoSJfIQjpXZIk9YW7Ym+H2LK8k5poBrAHCz1ZxUhYpNrDHpwNJtZJJ6wj2eeL4mUQ1ZpYyk7b/UiPSXCnk5PAc6m+8k4ki6QbBvpK88ExqNiLlMF8FpvtVMskytkBVAqCp3CSoVyrO9rslsdmpjlYXYnrwLR0Tc02WNlA5AEAclTEKrc7NIDRlHdPzYqWwpads+UjYCk0UU8prDuKjJGhisRhKBM/KzMsu1r1Pc4QL/e3D3++NoZz2KbNUgx7YiQR8U+/PbRWdIaidZm/fr16fffrOpj7RqHNwb7Xr+5v72tLhGqzmcu7a2ROm/1tfVY62tTqxGVm+sb8ZmBIEfKvf/wSdumQbWOinx6FYq+nW3R1++MGfG4+UOtc0eQmBfLnr893iOUcRhlqYiX7fbWCkOBzyJIxx7GE1pFe8IRQ5VvzMEZ0ekgFXtzrYmMpOtrsnn8dm+oUR5W6exHDvjd9XuFRRFv3lwLeUkIU+Qu8zoQdJkr9I4WHsTxcpGhqUTYsrLo3vzW/Inz9gzYkOlsLYI68lA1XByjxrSppA0nDm7Q1NO22UzRIkhcyJtfX58Kc+H9tmPPso35JwFBHrlFYH34Gct7TATUmasfqTnPQQkVZEwQc9kEJS97HV7VIf3jzScgbKVBvjf//Mc/vGHPo9q6aK5SZTU1PFUiinVfUUnVl+pOtup6VSHGWlwoU3FV4ZfNJUJ24W9N3pumm/U07Fn54CQi/Yqv1mYCZPzu+vKaIDnjdzceMelX3vaINKIHhZ8W1WO0aKhZ1xy4HSdQMRudAeRB3r711jA2pSuiM64VSDPRDpqpr2KOn5bs7LZ4sU+DwdVuseAPA+Aga2f0chQRQQLIXEG7u70T2SGJYV2+td9JLG74E5CfTuuE+ug9p1UT4BylOhgNxTd0jj1u0YrGr8ZzGYA9NgbK8Y4JnQ9CPCOdCXSKzA2TY5srrEurhSPdNvUFHInOIf8mJtYsgUBEHSf06+fNzbuaMjbzrRPIcwKambZiJAOD2zkb8eKm8jVzhZUMI/b5z6x4oYnNOgpYxEgnnUCknQYHZ1Bw37IDfKxGa2lXFIAnWk48aER8vc40mJlk0X7rS6mTUZV15Hxq7chuRuhRFiQ9o8QT+zlR14ZsI/T46OwPJOVKkHH1oirQZPpqAXVClGUn/w2mZ+FVXtnNT9bXOjRVgTCoRChfvC7BgwB71ZrMEv5pYkANCmIKu+UnjEoZrKXFliciB1chAsFTVEZj69X0CVdLG0eUdzGJzJs6YB+Zb1zK7yMvXctPfEaR9UWJg3aRlPeOLPvP0NmQMlQJLuY8rbYOu5cPgHmknqSCqe2CBCY0ojOTnjzVBeRWYNTOHrrLnSRuRVuEMHawTGZRCvhU6EpeKbJEzq67SyoKTfKahEFHx4vmoiTty0Dm1NAYqqSKY2nL+7gNJgOmmiVe41zqJxBeVlgUOZ0mErXGiKq8a9AHmRJ7K0FGxb7wu4CNstwSZ4+yR/4ESsAiJt1lgz4RIGOWEJrTFlgF1MqdCoYaU8R4cLTNz7KSbYiKooky9qo+RBq2ue5KJzOZ+gAsWKVdt8D6gNhC73KMzSORiKrMYB8Li260TZIvCD3vMzgyZd2ZzIwRfUvn4BpLUKFFhOaXuSM7l3vtbGcuzC8kQKUBQ1VKBGbEJYpJKQMoR6orI06oKXOSv/tjGyBkZxFUDvUvNWA4+ewhh7PhHO6Fv+GKuSAG2aKxCBZUgqAqwR8dFau+J5nQQ0k3idHvaG2a5EhyKZ5WweWQv09AEVd0t/obeQDKodSq0PAuIeorzIhZWEJRuPtIz7JVm3rJUSDcTEprw+toV+VWYCqKzJAMmgsKDyN6qkUJsZtypc6/kxQ4xaqueaUKZYsu/IOC3biUmFRiYxl3L2V22uN4yztENuLgHw+Hnqp3QjhA4DwA6VP5FY7wX482u/OfZpTOLBIWzI69uXx/816Az5w+3z8Wz/x6bR4Nkfza7V93hjQ+fLR3OCaFd87YM5tsZqxQ701nrGjPNLfCOwOD4kLK5/0/fPyEHhjEi6bpbOkw7oJ9Jire04/QRLWWy5oxVCDJjLY1kfe3pGkwErNvzZDV/mUy827FWAIAwA3QGDG632pF+mCPpugEDSYQjRTedI53nZHw67ZsTEYfUAZiMGWY6pJ9BX+1oba4hBzgwaV9E8VFPKr4o3NkrCfrY1CSYS+wSy3oFIi4MMzFLzfeB6n5Z/GBULh5wAYRyaeN0k4zTtoqronRGoJZyfrRyOAy2OdqhJYiRTKVbRFFlyKaCSUZC2KYG4qdOiQiYgSxkvUzlbnrTcZJcSdukC7oJGJqtUOFHJdIMJXCby0HhNlLPiY4koPIlqglQ+VsqYB2MEDYGeJyxmBC4HJKMrRMQQ32ktvWRwrguIOs8XVHbjGq2qOs1HB176EBy56PVGwNvjheP82cb0Wanq4um5C97KxyIREnQ/7hMul8efV0/yDwMncCH7JZl/HjSNl4zxINHup7GCjMwK69Z5yRWAqbatsFlf7TnNJ+O8V9LaJDb7wZyJh0s/+E7xnzMPRoRLMu0N6+LTy2VCEZFSs3LL52jbqzGaIQfmkOiRe/uE7ELIHNRUsNpkTDyTubs5ELIkWeKtdYZuqtOWdIzECuZvpoK99j0PRbFULAZMMLLecztPJ7V6ah8W26MnZrHFIMaOTe+CJocDemX9tZ92Puow1q0Z+FsJswZHg8mnHWdJrT4URMx1NiSDGSj8pj5RuRKA8SAcQU4CSS8ZYwh+YhrA0LJIikkMH2p1qrB3PLxU/JhMXTuOYzU1uurFIlUVfDM6iBzUJrU3wK0z2i46xW0DIWofLK795qM2MOXWLyJ8Qh5tkz6eEWRmk1BMosW77fBUOq8IjGsufIgisOcsARff5cJ6wopfxTIEuIvtPWEuN4qrhycpLfYMdIYs8soiE/sG5DTfZF2onqIV/d7A5t5VEM9GzKR3Kwu0oME0AYInTJ0spTmEKF6bF8k3OlJ34FZJcBM+QZrekpUyTZpAOpO70jxzAlch5jhdAGVLaR2KbkCh1xcGn0A5cIse5ZAGaK/M8InTsJb1JoNDwgpFSAGvVJiNIMCAFzcmE0Nf1wvhXdgR0pwMoV0thw24cMw+cr60oMmQhiBjnOXEnxJ9uoCEdPhYqEC+t0VIYjQ7QJ0/ceeZmqi8lTVuJCyQvNYKFptpTgoiXVx5Qmo4QXdqIpjP34zpIGZMtQK+FB/6Ov6fPDVCxOGv1CHHVZbQsf9DlafGQgQsvzrb0p/nGFRWOxlITimN13nXDxs7hi6UHKJKogCWp5oU2xow1yRX2NLRT0Gw2uJkt3S1GcP/Xhh4tZ+To+kfkESak1OSueKfWZiZFj9XRt/wChGh3naZjGcBh9Vi6hTrVJH81rzg8XoaktiXzmsexpMlTBZIRNMvdd2ZgIU2zTROP19EvdWWDTobUI2ozI6H+fUzfPvbRgR1qy6+luA921CnQi4ykONjnGNzHw6l1OIH4qt+eR5Gmky3M4VipdloreUaBEj2fSUs9zZQJ1iCMAF5mQNJqqBLKyiTdv7x+Nr1nG1NCWiamU8NNJwk905l1w2DIYWMlXb3sNrrebPDvMz5jT14f7B/O02mALEblUbpCOvY+MpAw3UiTs5k3YWjXC0JGhx1rDtwJBev3t/QfjQ+qF0abFUp1dzE6gEFxaWfjJOI1Iy7pBERg0Dl7WZL5bbQ/ovEPvwGiTqX0ET18f1DM+jLl5zrJN+VlDKYab5+vkGlbfgkfHEXfGjfeZ6+QXBk9ORig7JsZSxVWoNKERNcaHsMI3onjfkQXZr5YVNFTYvJqJtP1ADDSzacdJzjK3+NYrMdg/WGqD3qnIprcsV1f3xlsMqm6mERnXPFp2M9YykJS9cG0aVHtq1dNxBlL4CEP6dmjfXo2t8uiQMZ9KsbnT50jbmX7kpPJZQEr57beP//rnvxi3ELuq6WFNLGlVF+gCujp9vGiH6cxosqlAMLeZcLSERnLUZspQIYJ8PDCaSOcC8Y6f1H54107bkH0jBeANxxpr/fps/cDP57aPQG8XjjMOGW0FnX2o6kE+gQAu0oKOBmsR416a4eDvDYo1XGJ2WcIv9qmaMBzsUJ8Y3eAfkhCGzae7Lw5gkq85DnZrGtcWH+r+1uqFkVZURMhYAKd3w5jit736qvFvh5Fbg2eRrCikMNHkOL7N/+YlOp5G+ruPH21gMY5O1FDSPFtt5V9rMd5Ak0tMT4m90dYGXDvbU4ei5ObhiwQwrkOFe5v0k4nOiYUcdq60uhEscohOlhwnrOKVg3vEtSajvcdQVN0LBEWmtCHohouG5VWiM8HF5fYv5tumdSSwbcWzXzjnW1K6i7RVz9eOAfIsWl27qzIn74Ud5eT/srFcUR442sCpb1abut0OoZrBMJUivTUJGV1QOm6RUPJxpwZoCGGKlEEUlah4MZ17TFeRWdaZ6N/XUFu2S/dlwKgKqBDwGKhutBIQgGBUixAJlvYPmHhAiEzoK3EthV/1qLCmhsCTLk5og+ziw5qjBVvaDfIFV+8Cn2uCwQ2PzzxIJ/O7cut/OELWVXH/ykRFj+VLbacRgbeawI3qAFSqXKKiuPY/4Akv2mr6Mnh5ShOQ+Vk2Gil30hg4IDXOGyqOh0KjaElOhBTwKQ7sQsNaU8+5cs6GERDlCilQQKQ8vqGsLKbKUNAxJjkhvb46e1ifjn3XZAYx6vpxF1dnQNk9k1Fz61Atk4pRY1d+92LnbDXvJoG8OaowLrMC1D2lcJ5236Nw1ug57hP6YZYEhhlZo0oUEoZua/zjwvP4Tu9regiHN4YnLay/hwiPJzvgTyiVyGDhmSMu2ZIKeIPtK6CyoJ4Hsb1R1u6JAHeH45gJ6UEvLRjSUnXsZFceN4iAuNEY/N0qic+osePPK67antLwofemPNx9MRFj2DKzHA1hSFaJwj+3w5IV7hpvADUqq4dXHegTJYRzSHFZ9XDDk0l2T5zuZvnlQ7yK10jhaRRdcpa92sGFbzj8J1MsuEIKAAklFYSm6Qo8+R2aQ1r8JvdyyexfNy797ds1u51DS5N9MBOFCCI3BdymoUkrwQ/ZHrpiZMEjm/DS33rXvnLZwQpjF0iQZxUmxjPsNC6lq9FXpY1SsCMy8UAs5e+/SKpuV/1cZtrh7co/8wEviRE/xmQ4hUsI4j6uswewkodHSU3ZI5PRG0hSmY8EIZHX55NymFHi7UPxEmWV10iYYGjN1tvn7w+pbFIxm6t16/V2l28fWkirA3XZW0YMoVkj75i6G29NMe7y5pvIUpT2pm0rQJGoJXkd/mJMzhil4Rzx9uXl91e9PONXu5+FZD8dfy0kVdu08p8+fjTiqNEzQkMqX57+8khcZUODpk4gxQfo2IjG+HxIqag546trUcW9yWgnI1rZ5kwZrVxdpSdTibTYaJWoNoLtSs4YtJ6OV7T+MZ9S4DXXbkCuNQVGs1Dr0DauzVS0/Cy5CNggJYrbQWHKz7iOtrxhe82z/dhVIPVQJXFonxgInXNPOVABrjxNeLYtOq82a5pNtkk2zeUW5n2yBp75pV5UyXzKindDdMmsoTUhLQKObK/eOl0oE6ZU+ZTFZZbn79iGtmxu9QSZvh2A+NunT8jIuo8Rs+ZImb2xpNTPZ4UcPatr0AJboeCu7h/Dm4mnd3znQ378vPx5YT4ST2SZyNeouPAQRWJ6oZ5qUGjkvBhxudDu7bWurWFeXUvI+Y75iU6vFPY/3t07NDOOLGO9MjBs9Ftw0x5nojZibOKV6CiwIOn7906o8UmHNp2AEGau0m76CxudVYcfjlNU+kfrFL0n2tHnP16J4VBPEYqY0bbqQlAkJ6OyLgL9grmzm+rm+r3lhmoPRlg7kQqhyF34iNuNLmt2f7w1TpkjrGs0StqQhBR5SH6/6b7GFWJ7vY3IQ2OGWufENPebTljEH6Gf+qhcOTfQm28okrZkNqDFL4YL3PDhrrHR2IExtV9GdXM6RmRbyZCEp8FiR5plVy3KyK4CHmmZTzFnLSSxyaWdTo3as7ZtTdHRlNVwLZgpS6HtnFSyRnC+i80sSsZhvtVrmWIeDky1S7gKWbaaATkzLJTP6+FPBlAiQfbqYtXRwxnkag2SWxNSQYlK4xR4QYzhpFWroHG1UdKl0eKlzFsmJtYemakjLhZG6xWO2Iwf6sw+m8HhcdoN8JNIdS3ehTRgB0oi6PHj7/AjPSbOkyhESsE4nITfYXn02VAnFlv8Oer8gJCGg7qqzRaVgSFzALrglftq8ez5DKDsww0y2pMZKMglOqAyAkqsiY9eQFSilEs+Pc6BEwFIMKwICO3GDluvx5rMJ+eYFw2n6eCkhhgfddnJBBFShhkJ6lotPFuXDdDEsC8lU/MIlUZ7sL9kyZBhmPE1SIlhRbN20uWrQw12nOu6yFdhzV7P9WTOGCO+elDRicplZ0VRbBYh/+pAUquBhEOitLy4itnAWbyC3AVt9z/Juh27FRrRLOSIBvVlwRlg6SEbA6EhjFmNkgx5mgpbPYOq3gG5UFa5EGEkhrPDjKCa4JPJxWZCiOJUOgpkDZx6FJrUnLNosK4j5qyNsTXFe1McfIh7qoY1ItBXsV2p4SkPIDDG2CpGcpJGEMrK3L0iu/LV9fQW0678pW2fDCuCsw//GRuSGEOr6olgjaZUlnc4qANU8YQasyD3CLVhieVpclyWnjh8eaoQm5CpYssOF0fgGQSetz4rusp7uIvjbqKwghkFWCfNNxKYSJVSItQeNg6x/8yDgbgfm0eMiV5mAgprahnnoclogZAYeCn7yFkJ5CJoNzAyy5nmySc1TVRQ3ugMDGAuT/p+p3M55Vg4LN/qxTAeRR2XFZ65EoirJy+EJLJzk9x5lZ8Pj9VuoxFGcR7u7vH+7v2lNXwagNvbL0oLiQx5fXh/ZUjm+dfbD+9v7m7vhXc3bxs+NEDipENQ7RXRRt58uNYcoc+1oZrGI7jyWMRQC8swLrhjExbnaXiI8M2l+qQFixhwWA1xU+T9vVezXD/ePbAkLTOmBWQgmZ3Gu8Nu3jro2ICPCOGq4xIZmQbVVLL4oOpAgPF1CUOCwJhqtB3N7hqjenf96r3U1w8/DDU5XqWtnbWTMl6+NaMsis2DO6ra7PY+VfYZNtAm6czL6YPZeKBBYdCZPQukVODarOC4H16fDimxGCOrtPVBAHP19uHuDl/yyV8FrtrM5xwjUmEltfKwMbCYkRCEDGvc5DCykJZXW9/Z8IyKAMW8Uw1brrMTRiy0rmCzW5XIotwa0Pqvf/2TSIVEFMSe6six0AWmWXj0Zis1JEy1DY5MNu/J5KoioqgQzjyXn6ipGD/qo6BdZEX6XtqHMsJnUeklSVRlWvfpeLYfgpWOnCQrqwY9vfxxYdBax4NuHbVdnRZsfft2c/O+yuhVeEL/XjXMftVMujIQhgxSh7m1gMK4Cdv86TOSqgeN6vVuRlJ69opFiygsJ7y8cGyTAIw/MASIUmu24yvJdRA3WekRWZir3edpYtQi0u/NKfN/vfDZAT2WSMq/bsb9w4NQ+MP7D85/0hfK1zewZBv+k7hPDwHd2ld1jZSJATt5DrFIwZngYNt3LjtMAHxrK6sgxF0EYCzSyHR7XwCkdBgxz+J00BCmklqzYWWgEQKSsaLX+lvtATg1V/BkKvm9jLSl9xrLxCdkJV/9DNbItFgNqlmp1qQlJ8Q6X5QtCrYasEd0TSaeM6OU499q+FweNSCydmC3ZEYOBJq1l62ntYkomrcHAPDBkZShcv9ZP4TVhcjzm+xZHL2C0E01d1ViNOZZZerPQ1xUKkr8zo7ZBksA6MALZPGGlFO5IqCc2EfOS20FQ0VMztEAp4rw4iGq8rCELJxAEY4Y6jh5PEZCEclJAHwknsh1uRg/V1NOxat3UR9BUxbIUEtFpYZIhuCLgnQsw8b7u81z4MjbQ9SxaPT/TNHmJMJeRQBmgkCq51rhCa+YGgN0kSLSUdjWw6hFmJak7PJIAbWjKosYzLRAVTyD3tfqdbTNQ7mYMoDkeaT21jwCFCJMdyAfRl40pArk4fxTEmPdppEIj+rhTojJB4ppOGUlsqrRcm9y3ZDIjG91DBGt9lEPW4OXZaQ1RQLuvy0/VJQvmdlB4OMG1OpNhxYkbhu0SlIQD5Wo3sZbQNKFfBFLQP5Al7Ux2fHYiiNCGtDMJsjG4OoEbmQxdIobzMNNjBwhrIBHmUDYPMiUOYNhzVT8HcajefDdrsZ6sEczJ/uzOQprD+c6nRRhd+mXXjxFcbEFkl9WfgYtBpKqEJfLmLyHGWFFdsiobe2XNOMaP/53f/SU7gN82JKGBznZFb5BWCMqXtX7lCZGFDLnpyJjFfsUdju2cVKj88J46j/cQRrtSWw2LfmwEmn+Mz0dr2VergxMZcbtiE1+QGT87utxUgguMib/MsZEHzNJNzahCgCCdLbjfra335ShjDyVyRr8lJQ1EkeFkwjLkRDp0bR8XYZzUlM2oZ/O/GR/ivMwZYqf8wskx+ATN6V65lFE9PmbhkKwEPucB6d8+WHylRBXfF9l3H1wvGr225eHR4zbySGSef5yD5YmVktpE4o2gPBgd2LSQ3Xh9dd7Z/9aXy/u/2lwReMtwqBRa7iMuxhWofzVndd//edLsaPg0XGGTw9UbZRPu+X8EYxpUu++PHwommwyywxaQy/QWbXmjDoH3Lw1HeblaR3b3TBZO0Cv85XeNaaZV9l/vLKQwgihGMKrxlOxN3m0E/ry58N3Jzylzp+9W1bwBIANzC3eskXg4sL+m1lGSqI39M9vn3GvhpnefG8rbuvmjJjeObamuswB0gWLEASoJkUJjcxo5519+E4QkJkoawlZK1TAfqOjJiwAhSbu7x61u0zQPCvClYO+Q/Oa9HwJQGmMRXArpJ4lpXPZ+jJSaKZVVYrWtr9EC7Go7XJhMquPGnl5JY64HblKzoJmGnnFY1s8lOMk33mHioHaZ6cVhml5hneIZ2ogKwLUhiThzXbjoU9F3HvedwizM/Q7aP2t983h8bUZ9us316JmlJW96WP7k5wd892+qM617uU9OcH08tiLSORkS9g2icw2rBEgw+C+uEC5kdC+Cj7DGCGmGaEIT3xv+JadWDhoZ3QLIeZ/iYgHAt+aVC7j6t114WCT4EJiU8g2Be94Rfs/LF6q+TQ/WHcbcDltXbp5/+7hwSR4m5TtaxIYYjfFfG8m8erDDWXoq4g4dTEsvXV6Eh8oELSDG1O6NEYX0S9GKWQvMisQI3RjikktP5RQi7zySy+SVBlbOIvNqyyqwYZX6pFVno0QVsVF/1sCq3buaJ72OwsRr26ukNfZ7XXIMkxjkJjychl0WKaZ82RCBoSSJUPqgG7AGeiGe+cQG5ziMouXJvMzFlDAB6QcNK4I3n2jDklBrMnI2WYS6bzolEUV2WQsDW+6H/EzbSZNGGX1Qc4+KRuQ8oWIU47dmvxyrfZW14Jc06YwzNxD+xlcDLdyuCwokb9ijWJhds1zzraYtdY+NwDv6seyZuN5TYLBQPA2NKWs9gNsJVKTZ7m7+mbDdCDhFCh6KSYgvm4OjNFIY9Wv1W7FyLRwTB+lpHXzaLlqOIJX1zxWKV4S/m4lUctYCgJRXhQW40mpH6XLDk80qndxVzafxJl4q2pHd6Pb0y04pQuDz+KYlU+GEXKQ02wLY2DORnEV4mosjnikiKSQZvIiIhoMCvTeozJP6VljElQo0rLB4CiJm4LChJtrK305kkB2opBUck5QlDZG6WmSiSFpVpmE2cPo7koL9YtfP1oYvCRQNFwvZ0wArMC6kUCAdGCgJsvDbcjR0wcBnq7YUWJ8xOUkTdAUGXkYSYtKKKur5Vuyx1US4vdRssowIkOTNFpbEJHqJqJf5Bz+lfAsgFWkVNyQbtXzxYBLQB08/UvIICEYCkHZ5tNsEzC5/GTe7N75/tVUXgnalcRVRhH6uiSAIDdJliLH2I6+/srk17/Y6OtQjrggKJv6UKbTccSTX8sSc1hWQnbUhykMX02ZEApDqkAuBqh4CgjD4pH8ecYX8V1ytZNgythdhK5oTwIRE1l7siK3fqa1Iq5ewyhfwaZHJYQuRoUUkVylNekqRzaNt+ywL1ZDCyMq8VaFsti6C8eWwjNsfuLFtf+xnCKOAzfLAAAgAElEQVS7d+GTQIIzC4exG0nHtnIZ1eWtVI6XWOp7GWoDKvCCCfJuexpI3MbcSxnYYi4JQK9gxla2ioQ70OMunvY5T0OFflli8Ot3b15uEMLKPeNkTriBDGixUc3K1zdCr6en+2t7eL9+dfKZsaFGQYyC/bS3+IFNXV9fPmmIDO9db6Ee2xbAGdZ7YwfzOxvqF97tFXzfzcyaLLaMN4Knu+qjSMsstRCMaLSl2jdHCl5rdF+98gYgQ41mkAWCViVWudhM6yC/w8vBm8hlLUalNPUmhinRI9EAkzP96yBjrabutecbfex4nQnNZtvL5vze9rKTJiKNdX993npn3GfmDfPUgohmLGKrbjt2WGCnlU0IwkJeoGlQ3a76zq3k4KGEdt6l0dKvQDI7img62L0ZTFEvtXTN/IykpiLFNnCXVWkIBLh/+y0ZsxYKy5AbvKitrWcLqtfMNCJl4v5nR+3IJLMcleBeMkwQRZCIk8509lSDZJyKybz99OnTP//45zERxTKRY32uq55VgV1UWQKMglWU4r7wjeEsDjlVHbkoY6cVFW8xn4BQyqb4UYLC7aJt+whVOiFR+MWoDZHSWi8sot2/gyRw2z/09s31zXtMqYXfHut7EjvCPny4sXK2Y7e/OxT9aunehac/oKWy1luUY7MOcf74+Om3xoF37BG2yEEHwMlfnz79Rle0bI+TwIt15XYaqoMzAxMLtl6QV8oRiKAQ613Nvd8Zm0Y0rTbkGhKLw2Uchfj49U/HKM4IcWRouY1ODoQngkvbadpqbf7d8onY4DnYcgFRC9P9YSqpIkDIssrLidqhz40ioODq1U9LNR68Jr3wDiNGLu1XaOZrTqE5d5lVUokzHeESSvU7syySF6CmMzP//KSFoR0m4FHe0y41FNXabEtVvnL9ZHVETTHzbFhqFedlcAZPvcqIUUzvc4mVcR84aHgYuLgarOau1Ra6hUDCHszYEDZTgjwn6mkgZQSp6oe8qUSuLNq3e/8KEVhFv4EolYZk9pkfUG36FGVWeSUDDEZta1UB8IUNDC5oHnvq/7JKWHCgkga5QVyZYBu7UtSpM6gs4AR49aMxXeKsmgYk7Bh1WYPeZGYOHA/VCxyumnoMKyJFE6XXMVyoV9zJ8CCiisQHTA5nw5ZRn4Rry5AVgDEnODlG5be6qlcmf8y1xgC8BFvOw2lqiNbkGv+BTZvcGWtLuIgpVqxx2eX4DEL2IIjYG+ZqS6Y2AiIohDUSGSr1P01OEJlTuV5kjaTcC1r8SFT1MKQ6lKkgJ1LAkDQmcbLn2VTAIao1jLJAHA5UXQ4kvcbJVFeh9INHGVkTmpDuus5CTaaqXTjUI76jXHr3Q64gzoI2cCSTxPxLKXOnuOthfJzmbBS3eGOTMtCsbI/l1+1Hb9LLqnPLiKg1W/HRW5PT00S/wjOv6F3NcNH1wAVHhU7ERJmOe1TIsJLuMgD/SYTnaZOBbztHH+xNebjbZG7tz4ANXcxUbdJnahlZO7ADYDca0RFQkQQvT022Wqqk7Bl3hUId30HOBEqlV7CPXdSoEsb+tNXuNNmr6qc2GxZTbEodK+Mr8/AHcOYEd2ZFby73P9c95Yxs9I2JeOlfWapgERYrjKwLyk2FdEOW2Mpahia+IsN9Kqs2kAwGasWgWe/C89qFCJCv/4k72GiELbAIUTDtlKPHuTRP4Z8BZI4hACOvGVGZ8cndT+QlwUpk84l4xjFGwc4R+gx4coETnzXJx7K6BgiC6KiTDkRK8TNKYKvGKeiqRF8r49o0qLKW66Umi7HAIApcY4vaSaiDCl/9+vjx/Zcf3986Ue7y6vbuwQmJCotrvMtErVF5NcUfPnxo1d+rHybamrhk5Nzo5eXd3Z0WNz00VNYb9qxopKz3Hz/0FiKn5e1cQ00ycp3M5I1nYsor75/49dMMoNEaCyORbEWX1YteHWEqXFv96dNbIzaoN5qpbdiBdW/u7m7tSYYKAVTpDUrp68cvKwbbRWsDSjtOLoQmohbySINZCjHbPvF8WbBasKJbc/nWS/MSizgMPq7WFtpGOMVAxrNMjBvfSl92hX01gKcdJVgmIjB4ha4CmYt3H8S+kOQcjWkRu7oBnS+p+UZMzo5UkVPdDP9szislbTo3EhmNl3owx7wvS/2ab1GtzGLD4x+ttuE7G6eY/txkIJTP1IkhDzNzklgk9/rP33+/ef8e+qKmjEwpxTPml2Z1y8ljierkmOXIUis1A6rJKaZty1F1tWbJmKBtItvN4NaYnB3rT7bgGI41RHyRgSQEQ4pEaO7VKoL6FWh1xjhGSBUJfBF2CJe9AWxMi00+vxKseLOjKeHcSgIyM8vn3VsOcWmfuehfmmHByGOWRBpR628jw8k7k6z01jpaU+HVKd518/qdQ8iZuRFN8n2//ciNAhK62kfivTfv2SJF+jcOB977D85pfEdR1SyS89IgoaH5aAOiHrd8NlYQ01O1wLQ46atbdSWSMwkRp59uACDDVNQ8XV6sy+SezbikcXZCHELSb+34QYoR7hDXPLRtPG/T2M8zCdqotCBeT1tYx/fWYSqaVLefO5F7aOkxf0KSYkUOoNkCiBzqrgl0WuUOUxREarGOYRBeymkwj+zXls/SMMDhM0PZfHAaoNwOr4vo2ojM1nGSFL/6hiMZ5yEnCneycrx7Zc6ipYku8QHQztAYBezvwK5i8IC2jH2HrIx6CMhwkfJ6EBlDQLTAeLqLAuKeQOE3TKhSAKmMq2A5AxhIRRoAG/5yGn1uzjJuPa/hSdZwEMWGUWH2UNZ54jYb/W8wUS5P6htoW6GaeIF52ScWFzEwqdb8IyV5N2kyPqIjVdYIzoHJNOkoUobitMiGJG+zZrEcgpbpC3Dt82SSdAY/C8JdrC18Qb8U3AVQgYgaN1V/LkOCeMCjvFnUknQqKlPPIA2ylii5joQKBm2IxdFnmqUU9SU5e0TGlhi5VLbbmFRnGNvZ9MOlZFtA1e1O+apnqMOjkPJarfnYwRsJMC7O7iguH2LMX2ZOtpTVghBH3qhRUckZATh1mPIxETIte1ZKxo2gAkcJkeArMk2WuD8ymFEpjPbgTjbBPq5YgfhVfYE7ZtrYkPyddC83pKMcvvo3ibFaGqA+yTWp+Q5/isqkJSfFeiEC6E5kIDWo25XSohzTbXqt9w/3txYhktuypx8FR3e6TDsIqOr4XZsBeJweqsgqCVWpssiczm5HuGzKu0y4MsVk0I7CJibeKHcX73yOCZ/+AlqwG4chHgZXqIelT+C69bsQ7cgI9rjoP531pxK+ZFsRTSO5BNQn2uIloywGRUMVJgz5BZp9qTYeJera5VYVJ4RuEwEL5tob1WxSM6hh7ScSyuhTaAYm2BIyFyW7yVZ6EGDQI8Z9/32GLMFLjig07HJouyf3FwV1FxuVR3ogEVbZk+5JO09IvwdDkmUEcxSUXGopwRws9B9o1YtVDgHezx+fzSU7ai6ZpTTfpvMsJPvy5bZ5Nl5Mm/vjzX8+fzYWISwT/RihNkACgynm3iJW4Yv7r3ffHvFQDZnNG5mT+en9x0+ikOdnc7utBjMHzR4mLkis5yo29e8ImxC8RoMJvf3ZRmBRF6MmJ7wZgDF53Ibkp2+G9OwG/vLlC8ZEk08KpYxa8steaqKZaYDEeA/2NaVM8uLZtPKT5slGG1N8nmrn7UJtHvnaCXy8xuvffv8Ngy/Cb3bLUHOi3vE9mmqT41aAaeSfBAY1nEYlW1TnjRetrfT2M5A//f7pfQ26hZJ2hZtubsMpsRI/XZIey9DA4+kYyypmlUtsUdjUGOQMi1AZp3EHptkuAW9ac5aNSlWABZqFdw9fn0QIYpGcUhacKvKe6m1NOLOlj1mfJ7T+0lBWl4jzn//8U9DWusOZSBVpgSb1GWNTC/KBa5ipoDXQ6qZaxiaqEHy3j6mTY39+DU/haurHXP7ljQnWJux/2DN+YTs5f1gk96pzee4twbw0iOhdw5YTvrb1BIlyUkHRVZF6Yy1W3WGMH/HuRKo0ymsLS8w4//lrErbiurf46Hu8Mmf9w2gie2o+V/va1mAhnWHrrwLNhpAd6vT4aBzu0qAjzfG6e0G23RZO7rz9cmfd4NPrryRvOlo4a1eWOM9yAx61JUzbMk+g+bXnH2QoRr95f4NXqx1Qa+E349Pm26rVgYxXLcMVnCn/6p2pbK/PeRTjVnEahNStwnqDkKlt9ZwIqw6GYS1gMLbp3ER1ECTnHYoiO0vcSN7zm8vMm3aub27YlUeKw0QgLGRREI9ROuvJ0WS3vB4/nJAhpDydP5x2qE4H3zDTvBbr29K46lN0oQyJmta8/SLvrGLVLTXQuFwEUGQkK6eZywG44wRC06OOXxGEKyl3K1ldKetff0OTaVVT5odkyoAy1MwuEyvTcJ0ibv3zBIamiV0oP/6W4tJgvlY+3hEKSTthwUtGmqRSBnTPKl60lQHHt7qPqTOAVzMQdhKGgVyKcVtV1jCb2DoqsAousx9HR5VRG3chEJ0h59zisCYnKWI3uSE/ufQ8P64gfigItT5qzZqPcCOvYAe8nLgrDaL3BslIvygoQ74FOPyOahiWvQpZlVBzagvWfYJo4RV1xF0kRNo4jaOMIESmlUssPQKpLzcAD7GEzc9LKb+eoCHtUw2sFvgwuXgphE5ENeFoTXugZ5NHx9OSFsd72/Ma5pYCDHwRzwxprFS5T9E99pXH/cEDhCW5+i87g5hNgg9RSkyPWK40ZhOo7GNUwrFOj8ZdVO2RjAH0b4V0DfrtH6hEXOjfWkM5ks2YmpwDKJOncneZ5KNkPy4z+JCQ0cQJJn+vmvZA6WQ/eNE49fgJ0lFNhctBM0utwsiFpYo10abaUjlhNpOry/3d0TYWOj3es/T6c/AC13cmValghOCgdXtILKhTgSNj6Gefio4rv3EaFZE7MyI9oGSvf+LJCEwWuqrN8Bk05OZywfgEONXETSy4ISEadUNryPSJWb5MXexueFijD/CKkr3EbPI8ijAwGRzusrkEc/6DeLhM9SMyk0c/ZruYUDaNBWyh3iF/yiQzdVWhxmSEG4mw6wlu1QMNCSfsisdOkdshK0Gh9FjTeVg+D8sdUYiXKUYqmmpAToglRm9GTVcrcwSh5B6SRuXlzgyrjWWXP4iKeuyClnuYUBKHEq58IKfhrDCjW4mckFMKby1C7OA4W716E0kO6/UvK+ds/uVG/SmmPdWIadiMT397Ejp08ojA4tp71C4v7+/b1/Lxt4+3X269107rpLn1DuWUZo7666OzZrZzU7hw8/Bwq81Ggd7MDwcwemXFVC7+u7Vz+eLtb58+are5Ei2KQzwFo1lfvo+vqcrQBmtHiOCGG6ob4u9nZ93ZkSKMu7u/hU6cjwDmaBEX4dClDaqW/rEO7XxhFpMrDHGgoGnoFkWYkrZMUcvfJG9ziN7zZlyQkXmpMBj91w1DghCaGFtt1kYT6RuKmAkZzWezzhynAGM29ommppqlaK6jdCqdkXtnunAvouTUSrvlInOjTTntaRGBahBPSSkGeFeHsiS1W70yMi98UY50EDSTKhqjwmZLTra63+m9Og57/tGT14KkP//xT8RUQ4kCFP+0OV0HjeGgJuNBWdWXwBrjGFSmAqb/lWWMofAk4Mg3vvVOKMzZ0WABkzzioWrR3uINriUNigYye1VUN6GGYdGh+lccKWTh5pHRTpErefkTiyAoHRI6tBvpzlYqSwWev9tMfv/UQT8iKkOYmBJN2nTDUAWp63vDatjyTfuUxZ3PXh1UTYbpw4ePe1/dN6joEnSosHHz7hqD+kPCMsJ5fvj+xhGN9R2dAtMe/NaEvhe4+ztNQ0NdQkDG41mhdPFZ26Qy6bhXIdhpEaFBvqMgufZAEEF+jTVyeKsjiwwE09dt4sFIJhJoC1kdI6VJYk36YDo+35ipA9g53Ea1WY45vm3WST26EO+0uA6iwrfSG7xjaWTEhliOlijZ6FOxu5ZUepJSMuxsUwWtjmQa1MWcpGes/z+m/kQ9ruRI1zVJAgRAkJkpqarP/d9Z796SSqoqSTmQGDn1+/2O1HMCZMQa3G02c/Nh+cJkNpDBJJ/UmA04XCmHO3EtRSrW0ByJls8B1MjZmkIIp6DTRNd6Zv6zegalsq/qA8DQgH2xykNdQokgdQxDhzR8aHU9+3R+eFnDzgNGD1iVg5o1kT+PWUOlfkz6lm2U7JYEBlObjTAF9W4pKhLn2aDlNmSLriM4KR27mkOpCYdDnYSRjnGyCvvLrehrsH8OH/lcMBIqUAuI7dqLcMQXCiABk83xxCP1jIyHBuVcqDIZ8KPAO4lwn7w3ZxspsZXpLXoIcmWeQGSWBo99VnTrWggQSiZidUbcT1NFifIyMIJStCBMBMiYI9aff2Et0cxoEExsjoKnAqKLKwBESiSO0ShQtgFaPIDo3y5Uj5idhBDA0KBb/TQQwakOvg60PkmoMgkoaUQOtRJBSUsC4EVLowgB0Mk46XYr20ynfCFocaKOZB0UaNF7gKyN1FVWe6Qc0qKCDKsDVBH9WNAoLq7isms4CfgRl+0RwjH0iRSJ8EI1/MkTEcM96jtKlKWSoZl881cNo+hkaTX6278309BRtS+x6eWPwqW7IU4E7Hj2NFjTSRFw0Aa027ioZMREWzo9ZrTjnWIoyfTtk+h/p1PleCGdGl6C0jo3JuRTgqi5mogTeNVC4m+8yveLZP66VdMfm/RMe7G+78iquA+yHSXNla/YxMeCRg5TqreXxVYyu1KWdK25IsN19QYNMtCNwgY3jsdCdp6xi/sBcQagCx1F0aS0Gy8Smz0jOqUd0QVsvKGyti1tvkg3aN0tNr4wFObdPfcyzwSZp6zeiIvjQx8SgK3QbkffPkHtwNd6UKPTedXGbsed9YGdKJxwP62ysRl7xNx8unv0nAeTMrPWSibr+S5eX9/+YHTHCCNZaNGNj0mkmJxBO9PNdrjmAC3S0gTaqLmZYo2l1Vt8qq0BPM58YXnjq95WbOCHJbSXW9OGLY3S+pmz050xUuSJaTi0e0jUVJSUXhqkeb779CuKvdbCcA6pGCTHB/qZlxTEsfEnrEjyeiWuBmI70pEyjcklKE6ukGyboWr5r2EZZOSuX3qA1MuG3no1RWMNsl5PaMpW3dM6Nzxfq+jPyzw+P3krH59yHW/I44IyAK/FEBLlqXyoDBQu8mWcTdgZ1PQAVduv0AJVocoXuzIFKz8FIaypG0ewl876ZG1d4YJFrppss7e+XKr/ZEJQGdwR5hOA8ld4o5PzmY6oQzszSxxzbe2eALKsIDumoNnETz/98T//+Cd2UJuwCEpsFHooVbWwSh3yaSLrcmBHoR6KerWgGVOBuHqZlCMbDO2Za77vFuUmKWRbf8muakJa8cPJTdzTjkEwb7gx0iworSMR1V+erHtgysInK0wwOEEMmCLMux/eKaN6ZkIl0qVLg6nPngUqMuaz9lr/8uXe7omFg3JNtPWyu+v2YqRYuxQ9PbqucZO1e2KGYERS4ejqXUPahYE3b3R4ekAaA+ZV7d/ei1KKD2tR7HOpH/XYQr7rt9Z991qgPuwY/mjQUSY0wjNyuXVcPENCb+ftHvBSIndMpDXLiddRahSC5ZldYSoubXCi9gZg/KZ71c/Cf8Ooe8KDUx1XRxyXVArBBA+0WWmLj5zt9SiMTkHZc0FN/DtDLAFPWHodEdH4cZbHqIW10hcFxBLyUaCmhVQNv+dNjKIbhe0lNVlbI99a5rQ8suMNO8deHCy3zYRUWywrvYYZoNnjMkBIcvaiKDjEPt8nr2QmT3cho0PbQptEJRchVaYSOPpRLYvFUUqJRjYeuVuXZ9u54EYCV41GCEFGURdg4afJUY3QT1MUjDCFcxA/rYVgKieFcT5BFGRlfY6DMqoiJAZYLjNLuzHin99GOYktzw0R0DMMxMZRgucxwoDiyayaChZOdt+1spaYJZRiiiLq+BFtYhg5XQtYWAS6upxDEqWRpMKENmzdQTZLJ384xFPrN5YTNOQ8IoajLhaeEw5eeTb49EA+Pom9O/6l/YhnLjg5tHWl2Nj9XQoUFUVIoskYohjIxBShSnSXUaE/kjsdVGo6qecyr6AelbDYUvNRkSEAQqgWPauKPSjKNqCJgUgF/dhxOqzP4AcOLueWY2dh6hpzOflDKoEwLCk4ZpFfmdhAX15Q8uK23wq7G9JStE6VTZduN8XcrXPN4WyrAKHyZBkWgDOiaJ+kMnseR7WWVAtPvnuppuf4JPRCFDG0Bqy9D+0VPBWkj8k2UibI5IwnTj+FuHh8o+4YZfHE5D56lZx+YylR1z6h39WxaKLcwZTuboXcy84KXf0zbqPxI1s93KY9BEpSnTmrINCVnAxuJMzGJjd8J2uQJ20/mVq0hINIKu5TCngwH/+t+P672ifyR9egZbncPCGO6SOaOF2ZolEKDWYxstC4CrUFKqlI5plCTIY6GlJ5xLAYB/Ef2pwoCcYE0yheRJG7BM8LIVy1o9lzNrUPQEKt+rGwFT6KCIobU1KQlAm5v39jR/uwAcB5RtqICF0Yos/lqC7UJDBf5igZjcGz7FjgoCoLm9qhxs7YisR6ViNStNSwTaEx7JFMivG2MY2nGcDPv/SoMZEZKTGcYSGXip4sfngyFahZss5LjI0688N/+OEHU89aa/hbcya/sSvKN49Yfr6+vbEizaZl1+/et57vQgN8p5vhmdOrqxtkjANpkDE8iZHtdSwDIhcPdZZ5UC9j+/jbrz/8+IF2DOsIxtJcLHvYIXRy36sr8cLbW8jCEDcbNa+ZPYqx26Sx2GFchOhoXlhs4VoZMKnuXW5FiMXxTAlBTAoLZnUy/oZq2ijn24U2w4M6HvN5++XtF5v1HFtfRGJU7dplUSNh4o5+RCGyzV1E9yVwmEqh9JX7uJYL4sO2fxzJKa1hWb7LWNmGALJ5+0SU5btUPE3Tx0KyOw3uLOeYwp/++JNEv/Lgap1qO84ZW3Gp6qzEfZSoHhyHCSX4lR2RiirX4InCpki2SpMMvaXRMQn1ANC6rAKCTwEMt56XFyWMMu4Bo+r2ouTe6NjT63Uze7KVTOMCcDtFWwzgcXAaHBxDuSZh0ZIqdQYkQGX5VkEYwS0xksAQqflfhmcNaxsQxlBZF4+4vPxqTpnVEfC9tQEIu0IVGfSchwTLGlhjlWFfZiYqWGtQY/T11dsb446XWjf28+z1htf6FHo14l6CKyO+emvavFhNMlr3N/boabTYhVt5JDM1xaktFxZAz48ptf4rAvpHjhoVCs4ibADU5HINXibJy+xf4wn6zFtdhb0EsPHYtsV5uw7JWvyirhprRtrkTtO+IS4OnrUyjHIvHGsf2SdC0wFDqklBsyWDtcEjr5uK+AMafSYUwGZ7CnSadWJD4+5GbiFzyKbRFE7AS1uqmUGd6yVneoQAIaxKvjODWm0qr60KkMPaZgQFrFEdJ76YRAbXl3+oShJR7xAUZV3Im7RBEbZ6uAGb2Cca61gS4IDlGYyyOKnmuFayTL3ztRy7B9tQNwWdwJrHA8KKzWJRxKxCgGbUhyegx4T7LoSALlJQsifUnB1+a342zDkugxVtikqpS3erLULXQk04ChyJQir85sDYOOORYZg4D7XJOgTLeAIUvy1wAChKJ661XrQ1sQfIR+64R1t0E8BIxRW2eqBA8NISwZscKM7eZBaSqYrqvmd/UUCR2UpmUIMyEZQoo7FogCACAoG24hhi5tbtFzsFI460xd0NYNaLDVC7M+Gtnlgcth5WVT/pAlpwynq7ErJTEoA0UL866hsQYD2uuc8LWhPl4yDN+w213/r1Uy8vjmkV+kQ4hok44kg2TvOXFc7jnKtP3fEGX8Dip84LLhq8/96S7bGU6ID01ffKulW073Zy9OdyXcH26bAi/kKkEHPFHTFCTLL8ps6wjemyc6N2Zhs+0qgZMPQKXlNEogsQVBTBjvQoIQmtTzYVSxMAeStDHm4i0zUVx2+q6H80qeLw6M/9OEC5YmQq2loZQzo+c1bQcJMMFU2A8TX8ybS6B3Dubex3F09hkpgcX86a2lE3CBUKMbm55qB/ik/dNC06uSzhKSnMexUNJUpCqDavj4vU1U+XVACt1LD1ssBpqgrw5ZVhqGj0Ulty2SfkySpIibkfluPQ/5FabgXVaiOL802ou72airmZh0Uxx1kYYM/QRF/Rs9JDdARQoSq9EOJuhu5KWjyV/BxOyR5V/mV1gYz8iX3IJIg01mtLDJPIwuxuaAPh1vlZ5vXmjQQu1RpuebS/GrNqW+Narc9eJXxhVdbdz/9ijcIw5K2y9+aSd+/CZoMPDXmLbjI6L370IjLrIPidl6mYKL31nO7z8+zGG/ZCingDhLmoVYOXF61d089oQzsNrhlby9e+ffjxVjYHmtwLJTIAA1R3n+4yQGTmPhceWVURpPcfbuUXLdjyEr9H+8sYfSm5IUxVjHJZ83f12tCmOWWZ1rYXSHMatDbfJgK78zAho0S3N/Zwtin4Zi3XdzBIYwQTp8ZR2GHvCzaFLS1oC27mVhBn6PdPd5KGdTgurEJLzTyuDLzOHr9GN09haoIUaD3p6LsGgLSZ7itDU7vezINnL2oZ/Ncg9aA3AxUESirLKmZ0k/0Ch9Bv1+hlfuoSjpBQbrZmycuX//M//0MMQUDws408WPrEYOkpi+/iTK8es6D2YlwT0ppYuw8yxjXJrEtYgQOukvv1ZrOx1z23XqNtzK/1iAxD8pemctQaIDd7g6JbkkW2rJa8mefeffLKb7P5QiC6U7JRQ6kes2Td6uucWNJqJWJPOxnKmQm54jn42x6BNx1Ivc8e2si3vn399MluNR/Cor/t6RbjuAptsM36Uev6vOUPcYzBSKi7jYhjuhfzeBbfBPQbLxYipmc7Y28lTa+afP3m8c5sdasq5YX2kEjFCbDNaDhX44ivnslku0rTfP0Z/4oPWgsfVSYAACAASURBVBMlji/XdJdeLVPs6Rn1PCYctaV3uRgnTgdos1/pvQfFgNnbgFxV2VdLjYz99y5BDtLKo7LEqPHmajCMLZg2MKrLfoCbZdJ/mS7AhnYpYuEUB3kK7eC9wYhGBBs9Yt5KqrPsceGw1yLMUmrSMhUckZInypkQ8WloF3IkFxk+dJVmGt0dmoRcEBQJp2kAGqo8raGgXFQMMzUuQ9kYJG6AgE1QU2BJh2l2JU8LQ7XBTaonpdCqjh4cKl27lDhBaD8X6CaQLCUAyw4ByEbXHBtBI41jn4EmVG5V4cSRANU6wlEjh8RP7CtJFhPoHOTlUl7XRT95pZ8iGLS4Ipy5UgTDGDH8NEal+aRcG5ywSHoKi9gXHoV4mxyEOjBBX5tTPuAMKCgQPi7BLeAMd4KodEQRKWaWpYKCKNy5XgFcBhAJCk8KPDEFBUctKqvEmh2nqaW+D4w+jq2ncfXQ5kfZXBCzsde+B8BWO9jR404wG3XNMBEYngSbiBVqzkS5elJB292xgTNNFTIFvTAhUZsZiOzTKQdAmioiUJ2PomiB6mBJBpNYolZj9tC1pTrReXQMO8Kc6mjlpa47JKc6hKSpFdgAYjnQoT7W1mQCEgcAlCG6WWg/s5wxFZv+JgVYqcPVXQMqp4CubNBEgZ11fZUcahS6KF1EkkysfIPLtN7UVOBHAzDkGE2pIdjhQYNRJVyUArVqBGuIGuZowEB8j9Qoi4paA3QkjaQyWHGoVNlWZeMttaqR3Gij3rh4Ugoh3Bk5EmTdqTD+aKXqq5y6/21krgTQedFxv5MXgwo6xRcJxOxlkO7PRBJVOs+gMuKkFkw4whWxQTtiiIRMUVGluqcJxmRHAVzfpGqlr5lUcm+Khuo0fDVPRFBhXzEe2t/l3OlcYmbSUHKNPfhHeElb8VwgcYIouqpBaMGL/lQfxaMnU3a3W2GCZcCVCA3JFUbCv4pzleRa8W6nk3FPaZlBmIKHuLTouLMU7ufegsJGLghYO//KdNtyjjZyM1ojc/K8h70LhXhKtSni62sbf7QSDgpBjwUaoVMl0V1ohB4da5kITvqjr/C1Ha3TC0sA4eb29skDzhvw2/Ys2qo2HLbGSy6Iwyoy1u/eNfJ8/+mj5Vy9Tq3dgkn14vFeY2+7knfGFD2oRp4GP2Nm/BQ8Dcx4mNfzp9OkfpV3kkvBYspeMNfv8AyV9uziOp8ZX3vUwJK0J0sP0fz5lbyzrU/OWERGgnn8lGlOZcZ/RBYSZMPUoWcmDRViGIt/XDRNyANb5ui9ATZn9jKPUrqi/FTEvXEkd3GNcMiV+IThAt8+4CI4FLOADMC9ZV1ym08P9ijQlLaUM7N2O/elFv1FgS4zEudgyxGpP7AAZRdBefX99t27n376qey0AQMgao9TYa0OoFHZN8dqCG8RrHnt3q6WtaItbNkWMZ32ybmLJSqvvIPO+HFzuyWDJR/tyOPX2+oUs5M/0RhqbNKZ6F57f/TZk6sFcC1k8Mj55ZLIWavkTDYArj6JpAcPQiDWNCgkj9yHu7uL61Il43PSwdvLRulon5OYiKeUZnghTiZhbqWj7S2RmEy03wYgLRV4q0zjv5krFk3xe+jegoSerDJlHQVGKL3lZerbRl5EYoC5ZzjABp20WYv5W9MFLD4d5mrnZQxvvH2nafC2TyropL3asWjIo/wr60kIx48Ih4gYKhjGKTEu5RMPSVgWm6VN9V2bA9ehbWIp+/rqzRrtDFV3onZ9r2YRn48E2KfooCzE6CtLjqLU6hApjNFxHLMEmkUDiXiKeYPWasnc4WJjLxAULzfxvS8wss3iT5tVFkKZi6NemhLn3ag1Dn9+sku8LSkC2tpcXsTkSWXCqUBkO6l211BP/cXHwr+ry3Oz9DUCSdiNMDlMuNKCXDDDrRBojHshthA6wcb15NCdHCeUh7qwZuQjxDfJTOPwlykfYirTfxhTXNmQW9y8/IOAsGwcpYD2wsji+EAil/arnn28AAqOD4YiGu3hH18UJT7kv9D4oinaDXHyHePBnnejMKdFvuJdXZ6Z9yqJIggyG3c0L6gPTPgiJnCTmnLxH3lxhMbks55tNMd2+f8Z8QX4XFReOxz2V224BeQBUwEQ0iCYAmeBv/ERndQenE+r4YmwAm2Yqz78aKr2ZOIQ+F2uRT0k+9bRziOT6PRXFyw7yapFrfKJLHMQ+bZPfkaVR8ZKFY3Je1lxUqgRG+a4GNqF0yOo2nUcg1HHhgMGOyOhdPMFLiagJvNdUg/iozmON9WsYRcaIhaXCE+lJDIo8Ss66MSVAmoodUd5t3DnX79lLNtKwy/8PB3CZjkKedrEu4+//iwrNrxYwhcHnC1+gafX0joVJ1NhybVEgWTc+7dCoy1Bq+8zlSvYldwnGQZWAO1KlJcD7TbXRFGNsc9+elcV2SoDJ99Ug4jSMZMuXREZ8s8iIqhoe/mk9CQGD9AJ0idUpwaFEa8yVfbljk+H7rzQST5gDg5NlN6tSlrx6Q6FKdTZeGJMkm6jNr7Xj2ajxWOBNkXGOkwLHVyLlwO/yGVmAUswJUOCA1tR1zrNIpJYv6tddMA7kDnc7iuR1R/iV+uELZfdQkIlZ+TBDxcqElwiqvwS/bC6GERVXE/wFQvLcKNK+UDkNCtlcO3jvbEw26p5UviNR5wYmDpyfM2nfgib++WX325uJWh2Fnl9b3ebqyuc0y8vFsANOrJNT6eSrEZUq2zPRFOKkGnjWQJn0444hOIkQjxMxboR7RpzpclEUVsBGxH//tW6Rk3C58fPr65f2RwHL2bUGgV8/caLIkwIYgAEA4oeJbHqS9Oo28SUWzRZe8lqjFzWT7l/7PEFBokpsjGaqR/MH+RzpOQgmTMk0tCoS1O4l31wyNdm4D3YbUudq/dX19+2LmvPgrTYSLPsSVUpKjLY+/Mrea2kTLpWrsN/z1ZRhvhtRypeK29ktJU5r3uAN0S1vjTrXxN/8FJNhkjXNcDy9VbC0xtPz4ORbDhQZkbrbUhk0z4juM3FKkTXxJxK6Rq0RR/yz3I0hn79m0ngUzHQgP3hxx+sECC0KGRCNQslwbMSIpB+ShQ4Tq65pLD2AOzA1QzDJs3OAomWBllIYae2Lx+owN6YTKhKyLjL0noldVtIIl6KFqyQSnSl4EUJiGX8hQTcErUskJV8MVl8I5kudGHK00gtomIwBc9372/3jLlBoDfvegiJVxh7azDy4ts2VZFFBhvjxRyZoqeJXcA5LMbFmZhUDy2FLbn+4+eeC9ZUs5s3CAPRePjbb55KyQle6bCA3fPxpLqgiliWTAeB87LFLWY4jMPIk5IMG0lmWejiI6gS02/Mex5MzHlnbWvNWDv5Gc4EWW/q/u4ut1+kwTvlsHBCFOTsX+rxcMzSIxB6Kif+oIF1siu4Moq0wb72+ABD3YT1UW7CbDUp5LWl3CozSzW9WgbkbGzEu64wG3C7RCQd9YAVndIFUeDPJ7dSOXKyaRIqYsYcGlambIrqnFc2Ocz+3VvLk0qAYidr0TO836sC2JzvOVWLrZ1uEtY0I78jcadAGxyDCyThjH3zQQSsZYiHyLH8eCHSN45zJV+9sRfd0AxgxDfahF0MJqiIz5mCV7EKc4cxma91O+xJYUU6K01ih+VetfRZf3W70KgnOWGT1BKeXlXDEmtnFRHLQz3pZfYZUuai7vDzhUPqiwCAVaTWjiQ23jfNxHMG6DM0qNkyh0PGaByAVPji5OgHmgqw0T8Qk0B6qMtQI+pqSo6QuC3Zcz82fv8bh6qF/ZQ+bVCneI7pYUxCSW2M6WJFJy7cZQshKuHmP5C4kaXl2Q6GMfF20EorjtVlVdVb3xCuCGgoFLkGCKqbyhVMnGa/CtGoQY8wqVS/+FBg3UuX+lQr7e8wGIOzlZ1xvtYddcl+n1OuwJFIpqnSVcDWWlHnhh4COKM6701IjlFzuueKwCKiSO5qmPXNdNOEx3Nl4/vd92l8QuiuQSzO2JtNaLOS5+Hnn/9hpX9peLoFOX3P8BzVFvaXXqe9Do6RlGDG2IwfM6OqYq4mEdDGdrd8VJxw1gRk704hq+EBqfY3sYpfjRd1x/85o58Mm0GgA7f5PAT5zNQ865I5rBgrCe/wd+FUrWYthwqqVTFQFZumu5D9jc0My3n3BykeWJ8TCklVDv0V13g5fUk6gw1w//pKJoSeE82EqzZuJhh8O43FsHbDJ9fpaAEkQiY7iGJFGREDFYWNLow9RfKuKnWBWirev+EK9JgatFU7NyrrX5VeDiPg1H+5PjNw07+8YNFxgq1OH3sjWdelGZDMAWUFg/bgwWbRFhW9bQrsRCgDwbLm9zfv7j5+Ms7G6gA0PGZDGY+Weq5ZD0b+5+NpSkM4RtoJjTF4NoUv9ByJ9vT5jllYnO+x57JDU7GIKE+KGojeXr3++NHLM4j9uxln5mMb7jjyDgmPneZspa2MwSChzQ7nItRkY5En07y0aqK84bobycqlbb2ROC7xXtYr42eVeJW8mO/eU8bu17ExXOrIMCjCjB6CI7e9efd+sq+lkSt/vLtHJ4Ng1pRScOQLb0yLP15d2rQEU5yxBliOAY6XEE5lWQ1vZVFnb/TWK84xJHnZcKTVYriYJ57cqDbbeGRGkKcLN7qOb6QaLaR7lFLPEbLwGeCSg+w00ggVnCk4C0El/XPT2njHtV7y4P/805/e2be50ajcp6ifNRd8UdW1USUgqZ095Td4qTfin9bLCkLYulUzNDNu88IebmgJjC0Gt6cmDl2RsEvc4RDe6NrTwXevvGsEe6/1T24vb0tmmMyTvSeJ6qL9/r8+317fergYPfRuBYQHlo2+yQgl6KVWgp0MqV6NsbJIyHYuAOxxqFdtoKMT/1oibBCRd9NL/dQ9oYkXjT7ZmKStsG8jk9LXb9/efbglQK8dB4879OKfp893d0KrtQ2fDdoQvoKKIgCp9MZBxGiioH3LOt3iVaC9l0vq9rzaOoFUKc9spFFwpAoiylOSeqqp6UgHXOIMtslQ65qY3Eaz8UIm3QbZgHhN43Vv5Gq8cJsEGTqlC+XJnWPCyIZRx3EoRvyyvGFJYSm4A/rO0lpzrL3MBkZCVGQwtZoZBQsk21eJsyUTbtN9yp6p7OSYnHbXJotA+pz0CEeV9HGZVjCSsduaoHCL+6wsz9+YGqadZ0OJwyuzNQRJY7RMQI4Zcea9SrP7RVV4qgUibPW7iBFz9XQqXtrsXq5YKqEwP6KIKoTRtQ2llRl3EcFIbcWWA6tgI1BFN8jDX+p3ppWjO90Jt6sUpYGvkPInGYE9LER0ctw8hSjjsyoJCPzU3mNA8vhEO5Y3fpcHJg5l4QAqNpueirXyDwdz2NNWK7eyyaE6cZY4KqQu35ipHaQMMDKC0PWX/0u/CjsEUAwoL9OPUq+sa+Ihh+Z0m5CMV1UpDoPL2kM4cSuhFqiJPclEjZLIivMu7EaK2AEZVATfp37AfSLahAkYUCrApFcuHQlolUhkLd8GUInEDQKvqruX7tE+wwK5Sk5cDlfMp7vJWvndde4zICtMryzJVMLLKtbDDcdwl9oUBSaMGUmXAOKULrgX1Q1RNhMyfMwSebuDwdEVvt8pSDU83c/cE+7SIwHTCo8e5xNVNcv1m/uUC0Klg9mPM5++wY2OmV0vvckpnj/99svP//jf2VvNUbxD4+BFxJFBGGSoenKsCWkgrLiAKddX50COS4W7BUYnFUl2q67kauTD52p4CiL1bHvdn+9liK3Zbr2ziqoIAozJP7Dx4Cj/qdkJIO6QFMyS5uZ/OczKH6JAWWECiJAoOVWrLuR1fV+K5a+juSuJDBnhTWdIjrtu91c+i7dQNbMcVYkZ7gO/6VfVeXXx0eGoSYOtYUjZjvffhVKwI61jesrC5srIycWS6TGr4T91K/ZSzVFypyMM+jjPVVRagZD3mR4JK7Vk2Go5+38BgdX1vKba/cZyHAS9y31ZSeV5Sje8lMIDHPJExmThksSO63pVI4+VV71//4OE7F+PvyDGFOFF03FvPpmcbovtchpz0FO41+ZeSa5eP395/+OH/PObIp9/+/Tp9r228tJ7axvPeHvDVqyRssLMtCur1/J5rYU1Uja6s3SMLZ3ZWMTO5Ns0DjMSDt9WSjaZu06UVCnuMpi6TbWMvhtE4RWy1UePHmszS3/x455PQsisDdTRsob/7bu2IKF50jSc+fZD7k0CeHmUa5QziN9fPGDrqOdbv5s/5a75/NvXzcLTrmd6vj1aYzdH5bJK9i7ddCXCMlTsy7yl0LInM3PZnYyt+JaiWZxxVkk1N8KRRARHNCvpDNHXtobxMK9hSvSAeQZ3laRTuviqoU82uKujJnAgEiyJMbfqxsuavyxGFRHmhx9/hLdGtysZBCvNiXuIRPrnEvEQM/D5jiP+XZjIIqVy+hsGEEupa/6Q1mIgktAg1bvIn/AABrNsGFVran/yeh0WoXqiSVMnWaQ7ELzgW5VZM/M01Wu/ycdW1zHQDP+rp4nR7EpZNWdgP5cXt70Q/N5211JM6/8IOywb6zKeB6kr0jQW60l7YD/88MEb79CwDF6Sxwg90sEu2pZSnDKCjZipsC+D1BTWXE6huF6HPeGpJ27luO/eKmCJo5MTrvXP9SsmnGalP7z78HBfp8LWTu+ursyhL1EgjWa3eRybxRsFHY6IPksgQr/7pjj8Pj0ysErVDFur+mjP2ydrE0Uq1mhxME49Ja3DQw6EhFD9LyDS61yfHByTGCuiYhZIh/lA60EVC11Y01QTuggTwSmOhpI/YoxGlMMtZ+UsnvXeBJeKVSuClimm82NOoe7oJRnL93iVS8UEJqR54BRK01LnctRuyLlLTyq3blGBLnvzMppzscT6ZAnLF3MfBl/ua6ayNtpH7Sb0/Q54ZBcaFwShAh9m7EK3tgaKExFlZBlDo1iDGwe1s8tLGgQNSEqC69SXlO8S3ozaFNpRsxhb1SODebkVHCe3S0BMKPHzF7TU/LiCfuBzu/62Ch6IvDmE87vu4kjWpnwhK1vJuXznhNNhWkhi4Ac5qDzT4HOydg7BXN5VyR9zhbSOaOqO6QQfJAUTpB8XE26ouxuH6pYWsBskQKSIwXfn6rm7/iUZpwoX47fQkPR+/yAwFN32Ff9hi4YMKLaDNT4msGom+8oDFIk1yA33AsA/RmlcIyu2YSyKBR5HCA4VuP7jJk4mQ82GmoV+iWACU45h+pUiQVp9t3rS0YqqFttUAumh0XISXDS4kVLDRyIKcVhMwR1pESmgxEMZDu+DI6RZvPQx+tV03zXzNk3ZFIAaKSwr7FvY0mLtHe5o3u2yFKUkjPpTwnTID8dQaxBsmZqLf3v69Om3v//9v57ue3OuAmxF2aXX4yW7S1SAIbSjI+L0wMxQTwbY6zqpjQsCjV7Xz1fVOvF7rjgkjrTqBhgNn8gR6oZrwppcrqlL4O73jFY/BR9AsnZ/mZjjgERUaiVDssqUziUn65kMdeIPSJI/NdN3BKk5nRB7dIFJUBG4Gth80YCLY4F4RneGS2MAU1srYd0ISzT4gB2cMQ4lR9TgZk2YcH3YIR9HFVIew5Hj5jAB5hM7XcTxKPIVwqwrkbrfn5NMJudboAMhO4pb5ZPIYAWvT54QM6Ef/ev0hikkB+w0U4FVVolo8udlry5L8liNx2GfoLQugK3bd0bz8qhdJAODQF+/2ETaM87mW8nDQwaZnQreaNyL9a5Zs5bj7tNHbCikpWRmRk8g41VPD0b6dZp7A4oFE2881mlI0QI4KxGfn6wkLK1r1Ve9Pe0W5/n40Tv9JJzv/vnP/4FHJqSxR7mCuECjIyydrYnV8u/qnTnllmaZazsJncluTbnGvEd9ZQBEysVV76V5N9yy56Ab6mO2BgkMkmGWZMowXEyIpZvWnMmEzHF+/XTnxTA3WsXWXKLzwlMLvb8DJeTpAcNvT/eZr5cPfrZ1cy2WJlZ6xKkxx0EoViJg/zcXeRksrEw7UKAqGBXDjqGwL+0kdRi1ZW92ByKjOpEX9mg0DuQp5oyTmqHI8rl1lpX9ZSY+ffnPDXhUFCLAWJumAGXs+/27dz/+8AM6V3ruUCsg0OUqC3aNERo88g+snks29iMvJJhcUnvRTuZQyDxJWJnsanOjRG2BtlgGqzhYKiDEnQmjKGyIEcXN+9dMZskMgMqAxqUc/em+B6TAY1oKk6FdWXhBEYXGvNjGLHyibzr+DB5QkGeSHh/kf/W09SgMWYtHxPDbx0+oJKV6HRl5iwSk9S0MrfuKgHZwYqI6KkZVOZvXTrLP45Fj14zjKxsxMUUmJK7z1+vXUrFi+Ml19AfKcUkkcaYh4ZBYfJAsasHIrqWbJNnKV4tlyaLBPONq2YKq+a2gP63RN1woRC2zBNQL+hLa4qbiaUHCR2WvevkQu1PMvxUIGpq1ApJsenFmHr8wh8RGO2AuFUapY8YHnfL0ix0KadjBU9IEXhPB5CQ4GIu6xZZGK7uYYBmfqrEeqEw9I5p+Sl4wpQAaBLS60CvI1tQR2hQXVv0V0HaFykBRySWlMzJWcvTt3EH/+0IQsGwERwofGjL3KvD30g4Fs/Jo6OMamZBm7SN8yxUkhiVIrqB3yuAJCabZ7Byob2xVI3OVFRx6IIY0hSywuog+EaNTKpV4jV/ygD5CApacHOAtomqykAt1RcEXbjSUuA5PBFYg5KquAcllqhO51OoYjIohPrSJPqJKQqu+MawEEPHpALDwBdxBNfU9YkgRdut+ZpfuCbAKSblLo3irohFbQDM/34Cs7269MOa47Gc6nZQjtVpFD+WEWj+gL2KVPBCI0imnpl/msAZKtjAmu51BOfOFllWYHIsSyaEWEhmDkHeuCl4qX2pcp/7UUjBAgpha5BX/SSTTYDKhZlWZJtiVxJv/Qr5Vo9C4WRdnclxWSwUBz3UIshqRAxr5OOMkeE+8w9OtcooFSnZfW5a4wlixEF6+vxXD5IM9KteDJ2tFONuZW1kEQVtTyYBpDEDO2UHpj07LDfdKPS+Oslbq0//879/++b//lDEzlXy9vtFsLqkgDc8o0TzRwoSIqJSfFSkxaSI6NWOuKyBkMKP3RTmu1SXIZ48VrhowZYIIqqltsX6Nrlio/5cFJowKZruCUcCzhJQQ6nJWvLmOr+w6xdS9UulF2KCku1FXAjWNuqaNCXJlk4oao9ZRHLs49xj+6u56qBHgzPUU6kxlCBslICL/pSxyoxxUYk5tSE1MB2qWWIUjvWyn8wnuiCu7qHwEsKvYdjTqlMV14Ty36z5S3HFBpVy9n3MG8cp0K4Epvy81hnKmBIRTRSJpYAADQOGu7mbEd2+y7WpI/eI5I/Fi28RrSb7Xb3ncMhVmzyUEe9fF689ts4dyLa4xKtmPquTHyRmw96PQ9fW7i8eff5bB6J20od2DB0vfye3gZBME+z1jNx5jSV/bi9zffSIRLT0U3olirE6w4AdwMmh5CUpQaS5bw8gNmPvn7081TT1Z3BvtTqdBe2lUj/15iNVqDLRr5Zg/KWrtyVZ7zDyhUkXQk/AYZzKaiEkZ7u3NLUFo8sXxB0+htiXL5VcPoizUmlXU9frh/QfWnSlYfGaESYEtVSSiGm/jFk3x4fuV5Zt2Ze7ac/Pg2MS46wZG/dIXF4FOA8/qTEBiR9ZEIfnJ7IS4ssMG0rZqpmWRsl8c2FUl+wRcWkE4BOGUjILFpKSS2XCxfLeDNz3vWtpWcubWZQq9/H/+P/+Pl+w582FaGVVeFnnZ9Hdz2cUhkhaFtADpJu4rrgLw+rn+E5JybcwgBJzQgCTW4llfb2TswbocycD0TA4fbQ1YULPNNSA5UtleWlNf7nZGnF7T3ZVlq7UegqmUxSTwTUlh48GlmG+ka9RZTC8LNGZZJJFl0oBwl52w8FJJQ7xJgOKadW3tYJPTrA57th8yi9j7spGpbW78UPDK3zVtMLMJ08cRYcsk7/F75zV6Qp3HnEtk6UvG57kuamEGaaWHWjIhoAgG3eUQicoVM9xFE70gWrO9KLLZVanYYjqRM8VidYO12PI80Hot7GV7rVOr50yYUzHWGGGuuz04myS1MVCrRCKOuCARCyilDLucElgDO+IaAygIRoSOSixTUHZQP6fGmVdWuAv4JvJY8KFgrqWAX5ucGVLEbUZbi1CDVyLDHrOoIVC5k66s6Swgjy4IHZTIilUaVX8sGaBAZ4pKNt+agdBBwcANcGILjLKO0HEiBLBbJZEWJSFXqP2tVi9WlxE2OBih5FIJeGevDqUEM0RvoocZIf4vBEXIi2QA19T7yuV53tkzFTxCislaelZaVQ7OaBsUdp1eamgkRztLC7ns4hs5KxPPsYD+nBScyCiXUmgMAcKcimqRr3YCTYsDumMW1GpWWs46yvDUBXY0gIdKaA4WMsRIDW9xfGmo0ASa0xEcJRNzNOvaKhMof5CkQeBQGrWjgYhqvCZZR9MEqUoAulSlCkZVdC1jrH5xtZA1+CcETSwHDxGK2SlcQx9FkNBarJNMOuPuqCoHdzdU2SG1KqJcHT+mDsIy9ApF5KhUj16UrVSK5fzNXmBbxaSM1jw35ZXmJmiw+eKxLo5EYrjpehYCvV4USqGcQgcsKwc2/vsmdGcddiNniZtUEy0dBF2RS/vA1WDSUXsZ6lrX9tUCNDLAvpwSnS+UxyrpJuf4ARMlmt26uMbqHp/v//XLv/76579+ff5uhmo6jopU4aMG/5pY1P+3wZB4hEz+hEUmECoad9hAf7ZBlRUjo04VGUu4y8pjbYQVU+qX4xNZFuALym45W93ZSFqOiCDnLGOoO7DQptuztHDtYjcO1hhP38y+MicxcDOJKNrPah/ZROChPaoEPunCwKeNQQQqBQVBlb7jlzsTvswkTPtH9KJ1dxRPOrwi+VU+otNl/bhOmIk4m8hnCS5N0ifDi2Hn5eiITWZD3+GE686urgxwlTzMhFix2Itch1Mampx3tEDusQAAIABJREFUL0QjoW7qXO2o65SrUnqIxA58B2TSCpgDzfanu0LD9c3bp9+eOEoJiVU1axAafrPDivVh73oTlzTFfOumCI1bGIS5MMnFFp5t+PHUM8JMAOWSNtHT2IzcACGWJLINqEFDi12pjeuwW+ZNYg3SiCNvtWGssMdEGg6RifWWiLZ89240nNmyZGlTb65rbe7bS88yy4pwRegeapFJUJbxm+2qyHPsePy1rYnrtjYMY4AIQHvuffjxvY2gcF8vgBh0qtrNuFdi0BTxGHwiqqaAZZnmvL+FCLXswnUTjqWA5XwKUDdtSAQRIGlZC7TcghdtMLXFCRrg5qzoPZfYQgivxdIYVJXpZJ+uGveipllgk7YlKnbZm0XV5CDOg7qPba0iaGQ9JvvmUhpsMiQIMQY7M6/UjGksbMx+mg92nWM15VL/+R9/NFo2f0fjAq5HJWZsAq9AhCkyKTs0e07i6ix2zvI1V9KQeZfF4KmXjrGXa8/QMjO1IprqN7Bh7JM6EvMRVFMzJRuCBkl6iY6S5Uz4wm+arVvbeJikp5mSL3Y7Yp+ld98NRBtc3UCsybOnZwsJCKDXYa8ZbWvC768MBhYGOAVFt3DCMlCb1Fw82j3R4/aUaFhOqzOPowfj1hRKhnVzN9F8jAQodFpkUJvUZDQwkNMgGsWYC7tkJznCBcpTvUzm+dm7Tyi3/k17anoNjHUUN6yLCemc8A9KJUz8sKUMkXwTDe3bTq9Ree8EpwjKKffOMregUMfDG8fPXjyM0JuQ7KrTKH69oCWUhkxcbq48M6qzdykUJhhAZZXrUdBnXXjGaUhbbi2JjhvNRblOZlLm5EfbsIBDIxn8GtRM1wfHeUBFiyhxQ2WTtqqTx14ChC8Asz9HLQCo40RWyherXk5eDqKvkhkSPOXmgO8/Alypi/TGijcX61EECJzZXcRQlHopPGIOG1MWaWs5IawZXNOuWqmH0qMjbuEkgtLpDb4mkQydpqPJp7xhrQHLrWWkONXi/iXCL10eNUHjpJe8vhazljtPyMKqhEsgywp814tiBHHVbwwBfYomZl7TzqmgRHJygDJ68ZN4QsVcohGF6aZ44EDjiciEFT4/Hs6QblocFUvVi/apMSuL66oPN6MPwNitTd+ne1Hh0zgsjBM1SOHpKhsZugPalfBMyAHLwlI9E20wy71lH+nSVZ0WYSiGCKU182kH7hf6A1BqFdm0olj/JpXxUqWdB4MZC2xtvFBzk0X5p/JkG2Qw9n9ij01/xIkjkJsy6C5tQB49a+gLGLlrz1MC1fg9p4I2g1m3f06RwFNkANJsiwlAcS377GIt3sv9BEwU03aILj9Yj7UYzJ9re+iwrKTkkNS0RShT2v9sIDFMIMOBlnqiQqn1XI93v/7289/++ue7X+9FD/jInVJjW/bC6mdObagSmehDHEmRezLWwuZH6TqDjeFkdI6cpJRwByttVrf7lQYQzaFQrZVSXFXflQfsiT/srtE6YonnpIqC9REgVCcAwMAzDaTY40fdLF1bThhxEzm6+pcw/YsAYHfMTAERSndDqQH0kyDGlDuJU5VIPwwnpvjor4uIAQKJ6WHJoUbgpM1pT+lMcNwGQKXOERKcI+mxlbpCm4Qj5HBXubCo5ZBlCc4D0lWUYTkyZt8rqlx1Dn1RH7eH1lxqeKuQvUdGMaOz4TtlyTrg4OSeeYfjrBwAX+X1F0Z2dDZmUgYC7U5tuxDvNbmwxRosshai67kOL5drrf1Jt1uL8f6yzQ6RzQ5FHT0dJcFBqiaTjbWqrIes2ixaE44kYzYPDwq/en/7wYPTWmhppelDL/T7cmfL4lsM7m3DNXQWb0k9e8WYt7EYcY8SUnuUBWo2G6b+8oUfGQr0qLLRR7vh0FciJslGwspuDLywHWWxfvv+Q9uYCfc17+Bd9hjBmt7NLXo05brGuw3AL7y4Rd7DEzdD/fX2+kYtYI3g1Wi3eWFmT0eshfmjLaq2Xs1eJNBo9TO/1xaHNSJYu2sw6t96N87UEx7mxK+Lg81noZFLer90rRPJAyAjVAZC/85iSHoHNe4SR5nh2rbUi6KGvt1GkoZTliA+kobr4hLqs6DqWVv5n3/8A6CZdZmJKm6lTz8gFAZSZA3bsMv29JSUdLfiyDze7sKTh7gRItNolKP4JSKDVVr7ulePyOmX4wKVO8SB4ag9Kosa+lgkb5iQPi5lSKXUNIS8HE8m6IEUVmQsVshSN1YbxKnl5mp0Kf9HlgcyBEW3jDLy7UK3FyHaSl2Oa0DS1801Dfz4Qag0XXsvk2v/pkJXXFNnm31e9vLoL/dPPMVGSMg1xsxl5Jfvr0uPxDprH4U6boLoO9uF4ooYJZ3PvYsZCgOwIGLoymvBry71mr58faRhiy+93hAdd/d35dOwJoridFKQD9Xg6G02NoZL/bNGuH//EBECnGHs4emxLNlD96VJzQOs81bPpPiQEst7FKYbZrAQIPmuE4ipDXO2CIR+2S0WRD3RwZI0/ZeS6dr5XKmYlH3VIdGb4gZgO3WL9IAqniC7K01EFmlgdb30vIQ0ZUm6djmQLT2oPQiS4MQ71M00M3RI2XJtxQJW/ELveos7+8gOu6l2DrjQCOjs6sUr8V9rMEIU2/5WEbiYreYkAwnTUy3XgLLDKK3lZTYgoNCvu8tIZov40tijpJitaryHWn1cw7jm38WYW1SXsKWMoVZiZIBaHUKrcmg3+JVrNZSu7NwvbtzOOdFVa6WXXUa1v8Q0YWai4yBrR319CvmIki93XE3c4zOygpY2wp3O0ucChcaJZjdWmYSVG3PMp75ELY2idHl6XSUmhBIDG2SKyfESXPam9wWIA/Se6KQEgGWAKIj60Aey1DmEDMaWVY5WMI2V0mTJKrjsNJNJ9CkmNBEUDS7VqAFZ7ygJuZctlhkMnGVFqoABnm6ea1VmWSB1lPg3I4yQiRTA0LoOKmWVYpAvDVVAFEIzd8BJGeKQx0PGm+Rf1DM6wR/IyFkFxVwZH34puorRW8VLzQ+37FNQ8CW4jY0xegrFeGQk5EQJGNaFgjNOJ0HsgdGPnkz5n7/9t3LRRIEpZwg7aVRLY1LdCPTtHCWI9JuDzU6SZ5EYHs6H0Ir4TgMOlMx7slbpOGEXoCNPjoEgf/maqM58XTCR5kjDi1tEpTKoh5RAwz1ao2Zd5y4dkuK1s8LLoXVUZgyRk+g4TOa8UpV1IWpTydHKiE0W9JodOZg4dlKNZJTKqQOmcYpOmbn2TLPbtFp5YhQc4R9pjsZom1yIAM1oHIH5JRoKuz7xe6gK9YhfsXl79490V9NdReI+enKIhQagJ5Hst7/O4txlRLmQ8N0AawcVmHhcTB5JJdcMh6+uql3ljne+Et7A7B3MTEnBd+/fG7IjHowzRy3P4+cHIz4beflm+Eh604Qy3doQpyEnYcih96+8/vD+JwL7+OtHWRvBESKbKLK9eqUplcwx7i+9WwXsPERTWsA6B2XXLWPBmT3eDVXKUing7g40cxAeh+Ev3urbNjpK2azQcwENH5lTi80aZp+ne2/Ma8zGgI489cUimxyc8AQaSVuLHe29Z/zIfJms1RJDs84X0tt80NAR9rxYpa3dTFs/ZWjla+GwMssQpByaABpPbTrekKT5JtPi6CEeaZuqVlt6krpXaDQdbP702sYrzZVeX3o7HM9AUg0tnqXPVHNw0BcLcUxyRMyHzHaTcFK06PNzD6WyczaZAVCYcq30z6eKUkkWsOLI3K8BoZq4M+wgzgD+YgSvP3x4f/vjh8IaeIm+ymR+AiLoiXWOBU/jiMSdO4lXKQEJee6bz1JvOOsZtseXpYjqwBMRyDbKla3NWxfh0j4KH748SQU8AlSU6JHnNhpc3Lc14422gicmCi61/FfexwCITtvnMYzrmygwxMdVsYAyWjBsIql6553aVoiy1au6CjoGuLPROVBZ4/fP+iT1L86TLgzr8rXHnFsy+liTRANtcDXuS7aWmnsKary32s9K2vZEfP3agKX4lklbF1SKZojdEsnka3jcgCL7IYRrxYzkSb88Nt4oVHk69UkcCVia3hCmHI7EpwIuqpYOA/kVUKZi5XWiyqcndxU96eQbGQibhTTu4Zjz1kG3K3i9MhPigJLuxpIFAy8uYgz1FhbATXl/tR09Bap7+thQur/I7appt576p444I08fWrFvp115arp0lCTis7fdLXYJ/jWzNaiTx6JQZiArPC04PWhrJE8zk0weq6fYQYOGQlUYEbO6qmQPpzCzxbmWJ6NWxQ3KVXxEoCE6OQ47cOD/5rIwpMeQKhMUr0nCidD98imHiCagfCyoMEsGfh9MqXqigo1Ks9awBKdo646SrCntTpfgjTMijyC67EZWXbaZJ6jvasgyPdHHYVVR4c4swi1ValNP1tQwmHoh5RngpQMt83bVUhjSySE03Y7oI7jsvyEJEhi6op24Fp7IAcRTbqMYM0h0CICyZQU7RqE6ZfaADvSReZpSP20nbAZe+t4lFcE9B5lnTlgeGm9BGC/YHYOTZCLFgLv1BYoloVIBueOn08y8QplqdBA/qCGIM//JLylGT1LIdDpm9lJBPuRs0IVW14mhb9bClXBwfIFmGrsDedzHBsBjnMy5LBq3gjj6Ti7nbtaCADej/pwVB6qYSroUSe7OuYHK8hcrwClWl1S/vrRwKs0iRxHje9MWMhNIV1/0szx65pg9Al/3o2lcy6Nsetguwr/999/+avzl7UXPeI6GQRgtCToxxV0UOo3MgkRWo6vn5gq5rnLFo3ssRG+yjrcoSsq1DqCplGKIIJI2+NRwTs+mCMnlsE0C0NtVYmUxoyMcpKf2sAUm5KDsx+mE4XqsupPvhC1UVfK/ZkcNzjaO3JjSooVNgVPhCsbyqXUQxIFBzDjrk4QDOdzK0kJjMuWIKSRj4BvFl8D5yRzXVzo1iizZISonrQkRPncVznGGKupS34h0pSNNQCwEJ8gRjdFzIepACW1dCQcdDmWuVtEuRv2u/k7/vC+BH2cAeDijBogwRTAzLUgVl1GVfF59bArZU6JfGZRnaBvTevXdWIvytx9s1aE1bHE6nXoY46tle08PxgwM+93evPLw5OVNzwekpAiFTh5pFQaaAej5UPmn0XDjE4bYNK+a8AZyDOVoq63Y83yx1AY1Wl65ztfPnjtxIHUA0kJBFmGFLlNCCR6kE3Ski+kpZvgk83RljtoPq/V0AfeTunWK4G3dkyG9aQRIzkRA/O7LwwPVygPaZxHJRqe2MpI7eUQW+xI75JGJrXnYxP3TA2JMTwscjIPw3DOs2Ps8SpK4bpe5k+Et6cGVHZhNWFe4rqmnFMqCtiTMuBoP4RzN2PYkQZmBxygIi+nxHxd1zimBQFgCbTVGZbGaBWjlmgWIyKjZ9pBmFp6BePBFeFauVMAatWO72U/REpOclBOKsRqIVlBd/Md//j8/fvgRM9QEG5iFRXwW26sIHAkYFS6qYtP/WKKPomZFgowAHkM/PbRowP/BCtW6jHUOU/PLbo5Nw7y2PO/6tcds8b1pEq+qu3r92dMttq4EshccW7IIlmh23MG+LRYUina5nuBJuijQi3vrofNr22GSChU0K00EF71iDh8MrJWSm9STqePJoCr7YZeuC6AnODWoHK+e7WjSmniZSStZrzLfX377rbWtIfaOn8fb93JStVvgZVkEme81PDIwSZvRykY6X2WSTY7XgweuHP/5qX06PbDfQkZkr4PBShkdkdYeUxp6loCbseKkaGoqWZ6XxFPvG6PIujwsWXDykW4WVBq/JPLWO8aHwaXspwDQA48WKdZh/7JOy6XdAYgXM5ScReYA6e+6vJ/wW/jLDa2tpMxjVgSVERooB1+1fKImFqeI4vMo6bgrha0Cmus1cLFA5ZTo0fosFmrGW3NfNMJ1mQqFllP4Z6bbEUUB0Ycc+n456GJZyW6pl1F30pVykWTYcfbvZl+uIO1kEFpYzXYX+1nbzYjwAGxaKJZCONSm4WviEqbbqOooXkMBWTIcZTmC1ClRNFRfHpPmdFdcib/uV1fVLgryEWxAP1m1GVDiIo488HxAyPBYnMg8vMqWYZC5X/RHDfjJLyYVcqJMyEFJov4C3MU4YCOpFTnhbQHqmog4UWEyGTtR2GrAlBFT4KyJgF5REdqgEREmZWVa4LGOZIxGnrLkXusS/q0hSR4JoODu6FA3RqPc+ShJafKZJNOVuO8CfpN0ssFUFM2kzuk4HPBaxEQxdcdHtfAVqb6H+TxRmgQLgAuMbmcHE9rU4V7yIMrAghagkVaNFI2tJKxhSxHxRrQgNEfQPLH6dVExS+/kUbsQiPrbLpUUJh84nPiKUXWqeRZ8qBj8ZZKIlanongZilh7cwPkQPLPZ0UgdMLeSW4SD2GbD3Fnr+XR3//F///Hf//rfX7Qu1cntkp8Kgk6iRl0fCOYbaMrjtbWzrLVPbquVAcS2P59EGLOO1Oh+Mxrdx9N+DNBi7hQvIIpF/WmEC0u0waVzmKwEBL/zoeDOQOool5b5PrIJ7T4KJKlwdZeVOE56wYio8fJieE7AqwBFwcM+ktQ+fseA00BMzcvUAaqaz/kJC340IMNW++v2UfH0EsDkU0FKSDrp3OUkBoqLAXRQyUTmK3JHQVKCqXvn5ly7Ul1ME1UVUKoT/ecKhAw1tuL+93tbatj5PkcDimS4qxzG6G+Vx/5WPVk4PSQPXF9Cwf1jy/nfvZML3plmdcVTBZR0d/d4dfHWMInGUwC8fX/1q9HBBq2f256wrTGsBvt8c/XODsteYWe+jEnXAPeiC1Np7S3nMWRNjhcoy0FZBnVaZ8ZYjLttcOerx50t3Wsyt6dxxZ3vP334g1hl1SMLwr4ZZA8OY0l1s2kMSzHlTPdiVFPfHG3PgkhiWJMHJprIvru7+4DKm3f3956gbq4zwWcEqbGswhueNXAGxiQu9Sxxffn40IvUrm7elcX5p3+Y1NN2YjasaBTrW8sTuSERN/WsaffQzKMp1B7j5AjKXqy9VsZd+Vgz4/Lib89mLXMLO1SztkyJ1nyLB9ql2nFjcVNzE/paX0kxHlkjMG11mutkhG45ipvszXKxM+6cDzgmPe6qZJ6QXaT2LCJv0wLV7ksf/uNPf5BeEApTniiLeAxugYtwSCXjRKMUwloc3iFrWSeqOckiEduUrFDBRZGhsaqWCvUqwC0xKRzUeuxhG6OqkdBjvGUKZT7f39jhqBlS4nDaI9uGSY3nMaLyUesGEKM+fZcyW2maAOsAOLepUgmQzdJtodS6VXO+N0GwEnShBtPoNODteakWku6NeaBBxogtAcRBGf5ZQsDC370r1jcazjWKXT6SdXhpkGiEXBPlMErmaiV1hBn5OzZ2b1qfxG3S1LT299b13mKsZNegb8JITcJo8TajxdVNr0v+cvfssfceUmkAS0ShqgLJAu7kSRZyV/V7iqr0MCXyQuXSRV0Eiwvricl72Sj+2r2u4VSNQcp30eYDaFCYPNmOHdVMGpBhYi+20KRORVZ0wBaSml+uoYLue6/r6j3XCNSxGV0iWHkwUAIXqh0jLtKDxjI7yhzXNNd86AgXgrCfNLq9VoWX1x3TfK5dpF+GAUIhlhgQ6CCBEbbKC2KuKZNVuxSXdAUTTv25A0fOkHdk3pk9/rvZlGu5QsQFLVImAujd5mdAjo8JpVQlvNRdyUP3IWrIXEoa1a0MyxkS4GuHkLf8yi1ntReKKRA9AQsEH4qshkLrucGgcMxrwaeOQsS4jllMDHt4t/ygKxP4jHa3k/oZZSwIRHLcSuWFWL+uyd17vKNbOXjIsKAsqAQQw93pnw+Xmah2HzUTXYpUMbZz8KkufaiUhHdeGQcvBpbpZiSKpKDdO9OP8V+sUavoGYoSmRKMJBq+3w2rnGFcgZNpRd7MqPxHzQQa+ZnQcKQ6nE3JU0kMJ2YWb8RiFuQLoh4rlJKGaRCV6+EtkapCYM5qokbdflpeT0WN7LU7e70FkRU9y5OSXsJfzcGsd4tA0ip3cDNJ1j3nYkfEhfrgJNr6tK7GYdpYHE9Fjia1OP/3XeyEr/9IMN5Q89X+bp9+++1ff/vzX3RPNC+WnB5bQVV2uCoQUAyE02Mqi/6+ER8hUYNGyq4BykYy0HJUd4ovaWS8xE2fnKqQkOVWtWxQS9gkk/m0Rkc0ZrqP2V00wJdV+QduYu8gEXcOSgEX4hniyEi9ldhKFEe/C0KdTtBRYGsPT1Q4IDOUBJvVZxgdu7W+R3mjK0OabmK7B1fGyaGh2oY0RhK9G8Yo2RiSygWsavMjUkmzga9Wv51ngxWKjKgJi6tAJvGMa7WS46Ghy7vX76nWzTQhpHXJH+CY6np/54cNpw7MDfdI6V5CzUNCPPRilmcGIqOvLrUSBk2jp0tAmH3VzNHBmD8gv3qYV7qjJXi81/g+aL0o6/NrK+peXV1e//DhB7q5e2p8xT41xjagoHTbvP32288Y/fDjT7TyVQv8UKsMn1e0mNLbVJgBya7Iw5DELqieuz58ukeCfJL9aPwqc/sGam8Vl64xJjbllR/i39N9mdO7S3s7t912KZcxkjVae+6khbCGrbBsIvJ7Lz3WHHqa9RnjdEl7FqjxMDH67uNHdiTH0B5IE8hnYSibnh+QUC0To6713QIvhj0D6xW38rmPn37TRMtCtCsA1iAbdJRDRFyvuMApRRnoN8VsCFOCZZ2hGXtNe0LogZ7aYMCOqRCLCU5x0vx3QSTr87REz0RnWWCduNhsDr/WVGcGedqMBJBclCH4nP6Bc+zwJUDrxWU6wtCP79//6ac/FE+Vq/U9zkkVuAf7+xuLL60Tmo2R2oFgPrbXUktJhgdFl1+9rsQST+TROREaA66VgrP5ZtQmHtu7IhTH3TUPSzyGq9tVXHJDwK0CtDVMWT67fH6QiUnT7UBpAppIpM1WBEpEvhsG8x4deOV3d5+MZF9ZXVhDcV3rzi84LgcQI8QiKBzjEAnHp3VjZCkffvxw0/oHK1ctAyBv2jeD3Wv3oH9363A9n9sbiiOxn/7wY4NxsqwHKxwaDCYe0in0CXiFQcGi2LI3FLwzTHhltI0FPng23/PTjX8TByPWy3FKgMzj4f5OxV45mP/MdZu3IjPOuL6iKu2CZG5Z8tfiXaKmLEoqqJWUuOy7fXP6/aoxu9AfY4r+bW0R+XuW37tnap6lrI9GFrwtJkW0jlaxF6pYYNGTwdOST3GDGFlcumxVBhKptA04scrqGY/rDpoxoFsfZRiGJHhPUDW0yOfoRUjLgtgH75nJlgRE+a5zHHcYbWEsc14Mx1GSIRjXzo3EWEychXaiJHFku6jhHut78CnYah2Kp0u86lEWr7GlvpJ+Fu8dg1aHSoGRH245F34JJ7+Apbb/0NjpwU9D4hIGedAEc/JdlnEYpOqmRMoIitdJQE2IFcY2fKihvnnS4U8ZsFsOjBEanklHNuwb4xcrKjkxLRNNfP0TnfoFD/Xw7CGV6GBLlShv6CTZJbbf26ukrpQLFXObdS0aJKbcCd09Sp/EgpuwAIeIMosKLwDIJ6R5QVRko2O0xjppTn0iTaRFVYYUguzBIZGM6HhdZpdw+Kzah7ToA3sGnx1p6d0JowiprK9xQWGlH7+LJdNRlQyiDojIZ3ZOq1WdjmKJ2HsCXM9qkVAJDa0ysZNhOcgdwghKZSYB+N0OuLfZW0ye/HQA4iyms5/fY/OiMtp4H94zAcgLkQl1WX9Q8guwwVqCuFKB6gCd4/Roq0vQuBKgffs9qZiwZDHSw6e7X/7+t7/cfbzr+exkke4nEPjTWMj2nGZ2d8CM8kgUGhdJj8ZnICiAKUlN5Nlr+qwVapw2k40mzUlJNWK6XKBt5tBHU8qvtOYuqRnzmB17k2cUggBKNpP6w5U/kwzi00Em2RxFh6GraKJ96UAmiuphN5VOmV2Z4GL4HBSYwktFvit4/vV7hBRt1UrG8NWwdAFrjsmnK7NJYJRTKIOh7A6zsJE3Iagf8a3UGEmneKh8uhghwxUtETgx+Ok3AXXdHXLxm2hfNAlpV0HgMQoeOpLLbCWBoT9nASsD6v8odEXI2OUuZMEv19nJ4nksvHp1//R8dy8j+/rpwWMebSIT0JbMiyjgRotkR29JW6ihZYC//varhMbjxZpHA4RZpHWnr74+3mv/ehDv6eHe4Art67QU2rx2r41F3tzcXhmSI9j7T3esqFFDoaetbewqV49GEITbsSzEGsFfH/9lqZOXRxoxEuAQwLrkCxI6VcR8ddDnMWq9JcaHbNaHSFIzs2m+mFK9wbnXh4mNfNzUoZE489rX12QyVcwzyOINsltnhuapxRbZNxnmV92wx6vvTTWiXJrnCQN2zhfInqyEJFOKN2+uEqKhtD0F7NoekMgn01r/0q/WGYPO7IYjDcym5K/tOClxa7ix2PCmRZDEZpgOR8jEnG9WKfqkHdawnI+VMNOyaQqa1ghTS7J5v+Od+I5IyDnrbAkhLSSy/aER1pJIdhFpiCpqQZFDtFaDIbLzUg5Jjdul+OczI0FclmlMqukU3uK/hNIT3wOAWa8dMGiBXeVTlL1+Hkg+ieXmEQZe1tXw8Jd3N7cYwTlKrFw0s90T5/zHjD/FrZkUtDKD82oc1kiCFxc6zEauZduyyfc/3OKUTVoGR0cElWl5zWMjxfMIj8nLPq/f6bTMhRnMO/tMIkOBhiq+f//0dJez4YcorR2sERNh336VVaJvr4g03nZ5dU348nmrTtVlbwY4j7LFjkoaL2nkdXuDX8vmr+VqWTgYPVasprUXRL/wofOQv9Y2YADDdZsNzqeIdGdMnYJO0CBtvQ0NrthroZFUOxVvOxINwzbk9gi+lNaTZ1LD3BYIckupG27HXxcTwUJZStPVX8AP48YYiibIOw+41LRSJcMq5NQyElp6nUUeuvKz2hzAF7KZ1MzPmU8FyeeEFfjcqrMe6TWpSMvyKNqxRDXDW1CcAAAgAElEQVRTbyTMiWpuO1LYtwCtTGXB5PW1YQTeFSWduGA2VaUI8Z81O0Z789FZXlUFS7aBpIiNLkOiikUU4oNFwAhgkMZWpcXIaQg2HCzLd/6Lfb0+ZcT//nziCxncmQU5LmMBhrcFKg5QrNCy58XvyofoRIskVWDPz3vSRtVTDVolURvN7tVYOsVt/CABFJe7Nt4jJ6ajf5MhgRnDNbs4dXo+Ezlk0Y7/ETlO2FSETVxYnbDIgBSQd9giFwQrIVgl7BpKocMlrMb7MQi0HynVwUAgHLAioyYH0klFnYbkSh18CICpZQencMyrhSlKhwthGdV6NVGbu/lzwzdKFP5dduMgkEdFORQHj+CKEJmOHtQJxw2aipmsXJUwEajDAxSOUGfIYyPHcHcRMXG6W966o0gFbaTiV7mDpwQlYQ2wu1rl5UoTWkRZ9h4E/ycTF9JK58AP9MTd6T4LlJRfz9iymmdTZ7/+8vM//+e//od3iZJVCQbLzUZ8sEUKI8lBiMFIeCz1oFjhSITD9f78qwoKJrsXahJssKGYlA5RhBo9wk4pollvEbF14nCfJKQm8MDtgPfULAxCeswmZkYx2lXgs5iU+zvCxtGz5FlJcqhkbESy/zQVyFnBi7/lsJPG4OfHM5Q4yVYHpK9dxY9waV1RrRZUftPzCFAUnBfxp8lYAS1NkFG2CnHXQJ1g4laFmOW//rsd6eng1I7eHZNQdeZkLygGaWJ4MaTCz9FNoomS3KZ6dbPGiUsDeAQxs80IutyvYkRa+Di1ByVW5mOxK1PRCitg3K4VVr1u5E40lGQh3BhdQqmJuXi8u8e34QJkGYy4vW0USfOEX/3tZHbh6Yx3NuQUFLwx5fnhXtvM0gB6+vrsBWvGGhmLERVhE3WGf3rE4+nZDKcwIunU9INupER+xYrkE7liImnaUbKY3049vbBElvbGS1nac8cLKh51o7eecPIuy2nyLXNzcPnGHo337Ymo1f36/GB0c/vRG9Q0b/ikmTCAYk2gB77wy5wtSXx/+84qxYxJrmdC0FClkfHGyGeOWjZznVa82d7PgjAvnsrhXpuCJlA0kF9ZX7EODXrhGamhIFkM9RJBRiZwa0ZsS/7GEFE9S4lI5ebBCZoXs6ACjvcXF+K7uaw07VrPWIaHwUazalNErXQtezEszEzyZCzUdibI7CKNfH9lVMzbalBcVG35TH0yd2c9DJNb5Gt7tE0Y5aIBThuF/sr24qsWYSC6QVapt2ySYbVaUF30eZr7+5sPHz40FG0ZK7obdm2tXVP8c2FlmQTrIpYtb8haY3pz3zi3ZMHoL2hZmQVz13Is+2LGL7KM9Offvhs8k77pZGiVrRltg26bE3qV4sff7iLH5tsMxfMropNMkeMxJk/rQjSpJVfilw57ByOpGJT0yhxZZ2+ro1BZCAm3iNA7Sh7vH9Y2t4YSeQRvDSKbtGcQmnEEVx2q2yaRW6qgAOfqmcmtmCRQmOytXbAk1XobJSuJXF9skV/Y0vz5D1OTYi0EhJwQUNK63oAoWbzBCR+1IjaehFlz+s/P8FFTO9Z/u/LOlYUCqmlVPiw5LCaLocyh9Rv0l6l2i4IksiesURvGU0D6BgzlzgqE/M8WB8RqcDcvTfFFqKiNKFWVxFvZpoUxECR4+uICDbxVZ9EyvJWO/4Bnfk6QqCCxzJ5Gn4v5SGancCjIoZCoWjaKn6rM9iM7wJFQ20S2OckmWCXfE3cgXMvlnDd/RBFuKdmVkAAhsYY4WHgc2PxvHzRGcgDGghO4xsSSONUVdX9zUyjseIKCiBkEGNFHehl6JcZv4oEr8vHhYqQ6LGhQArBcIjb63vDEZAY70+oaioqYCaEPMQGl9JJvoDkd0C4iB9GM/nDiOGlR2+RXIpUjwEYyMT3DRFeiQRGqYFA26HHql/WwkLgOfsB2ueFRGu8WfDs2pgBk5HEE9dVOGX4C14MqGWp9zKMh3ByldxAFFVUvn00UqRMwXz6pMs+lTgIJ5wuJ7rnG7OHmfiojFX/VQu1gEQdow1C9aioDiELjwG1NIcD1RGdB0TrEecs0cCpxLre0BpIldAAfpkAL7cqSwdHkdAxJr+uMFJgcD+RhsmN4dxXrcZhBdlQiVibWk5TP9x8//vq3//qLVfZv31wr/aILwKI0jasS1/lOAnYHmJAlhmlreKOl0mXfx2edKFCpkeRMyOga4pNQ913rp2HIZKyVY1OiQA3etjQreAxMzP8ufTRlT/MHXMZYFwI1BYzPlFOVU8o9txLJ1FixbvHcf9dwEGG1Wi/gsxkaGyqw3egr3qsMo4Oxc7GNjiJRZ36Nl8bHL4PyQyCnZpDJaT28CaJgNzshk8CFwmH3orbTzqJ0II6M112e3CrgjjDqV42Jd/V2PRGRMC3G6q4rCE1mhJAqpYewDHTFw72yh5q8vjor291k6D6xvgQdVV99vDeNZk8QbY9dQnrW0seABGa0Rl96kTHlfrm+vf789eb+o4WGbTFDYOxJo9ioWeSQPets4Tw9rAURfL7Jn/xhwciFd/kWc7826YwKrYokTN+CrRq6u6zUd+NULFsGKSNr1djDQ0+TNy6V1rBuppWPbSDT0nvjjFaheVWKVYc9EwoYIBQAIIOk0/JTD8w+3rN/lJZQNRV+04yz522tiWG0BoRqIfR1Wqcxq2uqDmGfHzzBndKN5TRg2aXyincGIBtxfNSxkJIQaJs8hysZM1Sb0TAjlLBZjYARdetCNNiwqE56XqXx3BsFb9582XoyEsmFyZLgi9p7zsamNjiLd3KmrCSNv5k+MzqqV8FVdDsIY/Y9ZR9PS3ZFI+ZI/a4xCd2AP/3Hn8h5Jk13891MRByvfSXqwFBxbp7kFxXdR4UWp4AgqZ3HAaqQZ9Q9X2yIrTQlOsaIaYdbWxRdvv302310GC/zgHHRSQIbAs0cP7MsFVmkpBoN8dGyLnPrLFKzsPdiY5dxKkzKcrSLq3THhEhOEqnv4dlnqbJaUk7L+9ihiuAkT3ZVGucRlBSEjsbSNq1MLvSYYFphCTgyyxE4pmWKGnrCS/C2n3ywwTsC2Ugjl8wb6sySlOxmSKp7rQ63MxC5ufQ2uJZRGnW2JFfMZtDGvgHkax7ZyggbX9TpqolI+yccgBtYgTV39MRMRtpgnb1Ba1qoy2aQuEEG2iJ9/u+WhlzOAS9+7z9DZ53GM4mxOkTxiBMPigB02DfzZr97WESbpGPW6yY0WgXKmTyJUWcfyDZX4MjxN4rlNE4kjAwpT3sxuY7YQE1zHQ84kpVzhV0v2Mk5Gq1raLaGVU5zWoGVmqnyZSLhLKxvCoBgjW4Nb8cukkTdqvBDltmNTLxhAKgA4SZHUQt5pxSRBRL+Co0AtCncRUNJpRdR7DSQp9zKl0W70N9qDAYAFe7a5AlVlRTCPzHO3hhhCEgo81+eqlgSy7sAL1EgLggjuN6Im/o/xFNPuIKomcpCkOU1nTqQLkjocGNJcZIB4vCDEJ/UgP0kfJowJWY9wYykhs9QHBvhjr2Y2T2kGkMskc8O6kgAVnjoQNXxHbj0NInRBBDA7j+CulOdrKIjdeKgL1IhhBjxWz9i6Y7jlVhTEr6SV1YeCDGJTIJ22udADuIB6Y7zvpKYSru7QuNqfLEYInKojZe+wBB3wScEpNTzDEgcjspqRRyVVDIMBXcF1OBXs2cweyDrJe9BYxOteK8MPpOWs0hq3EvdNDt1pcwNr+ZKKb9Pr1ht0JUJpayk20+G7e4o8t1fslVWQKw7avWNV8bf/faPf/7PP//7XxeeEqZfqo1lqIEnzYB1iUDranQ1WnmiXx8nqCANmJB/KpY4R0L2rlHXtCEAcas+k5yzk3w1XM1EWAyaWg7WWECPAmZmUZBZzEoyiyPn7uQdM4x4O4djuoCX1biKWevGMp4IV54tHPWHmyMFBYzAEC2IrhVIuM+51v0SStAidYKYKDGdnHYrXOFUWeeerWzMKVgCq0+woUdG3FQnrjtatXxizHQH4sRVAVrtf0wRdvQk0B1VAHNpGYwDd0dxStYoVSQpRPNYqZxak0UgQ7ZPcOfBviEciQ6rl46Vylem5XMatRkEYqvqVLZy/1RkqfmsQ9lbxQyEaP0/3f3222+/eoL1+t3t86fn3375ZRy8sh/12164XNt8hWPwvdqu5fbfDfjZzubi9daNeRzYAIYXxHms19iQxO5tSwnlfp791I24eX9tp5pej/umnaiFwk+/3Wn4fciHYT08NUijhZWNEZnxac2e6oSjhfZUwjIwBqg/Yvho7qZdLyOrm0K2MwoQbEBobNuspQdI9aYa+OzZzz1zQLCd7j1p2nW5r6HKb08lx1ZrUYWHqY0aQirvEMXKTDhxvsbfqUyLbOYd9hYg8/OHh+elEelOqPEsgSyWnOQQ0oLEe9N+N56vBojLZIv5IrfRHMsRNE815EIjrZIuzbYjHqXxAWOS/GK7s+a5asKc7guXwGx1TLNgVF04C7pXjPQQEpPyD+3aFYOj//GHPzL8CuYWjAL3TbIsoh7zwE5GtTE+bYS+79s2lWEvF6ZlPXeTk4CvjKEqlY0Xmhhvq8EskrjeenOddGAml7fIPySI9HL8XtygPYqqd/nt6939Jy+4Y/vKcx+84o2W+bz54u+lghzA0tjsmLCMROJd4MlMyFbz+LaUZeP+1sa9tRaA3dASMyMJ75qrHfKykxvLDb+yK5Srzp5/+/UTpLbUhpHcrX1EkjW0EUoRqNN+X2xfG5Zpc9BXr40onyc/SAl2nRl9yjrY8kWvxhH6J0U5XkNuFxYl6t7YEOe7d1qaBJLFyTQ5D0tOhVsR0rh668mKw+epF101lkQ8Fjzw162sqENufrkVloyifLWH3pkfmG5NYaRaH2yROe0LaHWgzJkaWW9gMftFWojyEzKjFZllg4NssVWmVMiu1ihmhWsn1EePcqpDmgU4V6eMIfUciwLeVdKohZAktZuTJqwCjBA0uhxMv7rB0BHy7CRzLH4Znh6IRI9GhYcowlXN87IqZesZ+XaxJp35Roz8JCShgM//0p9CpAo5PDExuLwETfse/aUD1DdX4rzr0bmfJwak9rNPTK15ifHElaE6cBphywkLQwpVgHei5SSLikkacpslPZFIQCC7AMzLiWqtQ6jDEHHOxo/LpJ4cdM/XL0/6hLM8I0OFfotfglozNPQYxvEM8tBICwV98cpYNeknnVKjxtWTc62eIEbyoLxcTdz1tDCSHJCsUqdomzRjkaSqW4iZDOP9RQYV7pOcagKBO4iiP+cqFSbUwVVveqzsEXwSo7nQKpZWgXPg7gwqayPnqSBxLXRG/djBVaJjZkpHX3qRedUVT4S61wmsoUQLE7qStUM1+5gQRaVVC0V14rk+e2oeZ8H2qJ7LacGNUQutivx6FgMeueA3QxrJEb8DTi6uO/ShrPjWWuCyC1Eyk6lWt/yv4u9nnUN8ssPPX4z43P3yy7/+6//8xaxU8xEKJveI7jODdHF8HhSYRUeumEwJZyJznOV1bd9H/emPYEk2jxsty7voopNdSDU8qBVBbWtTi9efRFGKeESkiAoJQoCIGiaGohSd9eA4JZNbMsoKKjKRJBPVchY1tJbgZBKy9awhYBMTGFHzwmmIAnZuZhkRnGBmOEAnmKTtTzWQAoPNYqHU0AXohMns7FgDWNTZhYNL+VFGOi70tRx6VJDg4tTQxMKkGX0rG3chTD8o+50Hc0GuBsB/BTsYWWpVONnsyo4UUSBbOxGjovGSOroTYzheAkp8kfQ7okE98EEBOHLM+P5254Ui1r9fq9u7TQT9tr2QmF3JefxYya+Z6Q0atPn1nvKiJzsTc7Rw1jn1EjlN14dufZdXCZeWABJsvQZx9s3ljz948bHG2gv0mse2QB+1krAGLjQGWtb5hNGj9557kZJ+/SY9hcYYW+aJoGbwekxBM2/gUTsvF3wwUvfgwdLe5ubNvdJWi4iIRlbBMg0woqdJ4eSYaWgm0cZIxaNEaHvnJ6NHOU4bkWSq0gIPVXtrsGaTLXBoxG352uQcIT2wYg76kZ3LBILU03llbsWCNQ/aZnoyIEYZwqUxpHK/2mYT0M+pBnz++M0GK8/GVtHAymU7LmZU9dQbNZoJtzmw+2vQ8gWfxC+qntaxMWyekQh3t6QLv6wBO+UZjeA2s6lQQw6v25bSH1H45J7Rwvn6qsXV9JO5YLFsIUUrx9Jng8fIUDEjzvB4zfK4zX76MsKX73rOQ2PWYlKyff36N6ID8vrtNjD06p0nPQdtcHP0aJXFenhFpwLNE+MaSFGoiex6+aFLSKKSTHmbh3976xEqJutZHQT2MsM3Fze3vdcHxWVv7caXKZO5dKwNjGRFptXMGLOEWmRrHOxw04aaIhUb1u2ZKfacidvzWlWsB4XYvkIWDnpC/UvdhCTrFVbPxnppn9zcfX99Y8FC7aT9ukXmBuF6fU96uJbLZZZGGxu4EGm2N3ULGJoR7sER/Rw60oCEpQ2RGaoZdm8LNFp7acTOUzKcTxeHLjCGVEqVqJFO5qc1F4mpqoaf0WQY/shYkWwMivrT7d6SmF0ZKEoEoRF4RubGSpZzAmtU1RBSybr4tsBTo+fT8LzHU7jziXsMgzz7UIYOAyucxmaLXIyOkMaL9CUQpngNDdtmd9UT4GVPNb1dxgtsq1DarPaoVV2t+QqTWPSeFSvNPvINtQMeCaEIEsqzUya9ArLkzMnHNR4KyzKfHNQFtcMCB/gOowpxblUpQMElQwJ2xDETWTluVUqQKjJxBUq1wDbUp7KeT5XDe6DVpUBDHUSlSzmghs0VVGWAneS2eWiAG9ZPG+UaSc1xsIp7B1PwVQxsMmcIyN69MkHgRgkD6qq/iEx0OtYlCK6qG93lUPAFnlU2hl24PiUUAio7DHhC8hvGxaAAUGykA4QfXyErA69WtSsaaFjynm5TcVx1283EMtQ6NAomAI1xoaASKUbTUCDqrPLJXMQozRif0ZY9gLP7yqg6Me1O5PkIBhHQjdWUwbPQl2QjuFGykUJFAMoCfUXeuTXwR6MjeVJQMtUrEceymLpAkQ4NaS0R712b8Zj09G6B7AiMMc6vwpMI9u2YJcaNiD1WFMy/hY8G5zTTveDh6dHk8s9//9tfzffZ+BAdCU+1PhCEb1xpymoSInJKYymO+6Qm5avkkrvzw9UDIwK76mtlavlACrrzsESkEwNCWl9RTF6hOfOv2WaGm03HebIdqtSTel1Lp6q7gco5XmD9C2j0xu+Eq0Z8dDwxVh1YpxNjxer0rK8ZwbVzA1M7GbSYzCaN565qdhh8JrEoAJLyzl0j8N0KH7kJ3tDt/kQVw6ojfSQBWn+4S0dcB118qDWLxF7tbhQcMtsPaZ7RtQSTucRZ3PY1qXbqYNfzxMxdwVQV4d0a1mlsFdGREe7eISawAAxGPkrQwe483EkvYHxCk7CnmJtK8t/wdKvU29mtDRGKLG2OoBUPnhK2xGVV3NB7I1piLznKo0kvvmWZRrc1+VDYOttlocu/d0YyrFJsROj7xY2m+KsVijLRoo+RGMM2l6/N35F7r337bpLRdBxbl3deWhlZhpYybbtz58EKpEsmtLBUq2fiEQF0tu5CEqA164nKctDtqtNziJgyCqgk+umYKWhxydMaYHAUlsLwjEy4mbXeJ9EgIXO1FK0wZ43jDTNfA5DF+5CGkC3ty+prJ0xH2qnn2jwyfuWpWk/jhVpCkcZTo7IimrTccokpWaXL9ECUxaS9VLc4Twaa/8sSYPdS2qxwfXrNWrZaXlGImKn5ZmW70HomiRRBVWy2cyIzTCw8vSvMSWH84cOPngVmS4xz/3zlAzwTBrEwm3OJneYcYhsyWDzTzm5gkUcM99nZBGayayVAcyzfpFyNvkgNGYbtk8zpI4tavUqFSPDLMkigMeZMU7vDo761czXIxrPvzIp6mvjaZtrkzQU8wvz82EgbK1LdhDIHXQr4/frdW4uyPdIEIPz6D7hq9tOAZ9mLMV1rTFEnRDdewnJA1TmpEZBZpYpX8i/s2a2GiBj/vKQXjn/44VYaVHzwkai7Jdfb9BDD2NoM8qhDQrpvy8rqGhGbeJ0ArUxgV189NXJrBttYoRI2cpfboZlsE3u+3QJcNp/gKSgvJcbvTdYbl8WDVQqZVUontOKZWsZiG4M0Jn2DZlfUfXd1LR+VX+KYUPPZxokLEIV9nOBwQRHuot7aJCO5gny2oRvRADih9Ox8sSLjAqg4ilYA9HssRVEQ3YYIXMuyEhmO0yYFFbmYSkYUtv1pv3sqPxDFyLSFiUJbFbXKhNMwoAuV7BOx6G5W0e328HOawGdBW5JbsivHwiO70qFpCMrtSTWDByTTIuh4Qum5yPwoPA/bxawgyvnJaFe882PuTHLwOCDhvABYW5rwJNBVWZpIPQ1o+uBELciJGZIXoQO7fiL5QkxQ8UWqosaKKScSKzwPP9XjoaZnnMfc1oBUJH/sMWoRgOPjJiU5neiSinqApU4KEFlUeiHFLTS4HJH9nVBUZDpqSAAen1KqRoxDqJHgUWvDAtkqrtgYHPDGDAGGWuRJnf1kBlWaFUSTK30djIrRkSo+AKCz5C8U1K2MgxP71m4lypYbDIjvlw/oU+JLDpRhAZO1KhNVQ+Y3rGCENLyZNFRsfVeYUGOHGxoiU6xlBoXDCAFE6bQ6zaCMEEvkdhFNnU/lqiTfcLwQ2KvjQuW0qWLDAsb4BZTjAAvSaZIpKkV9pQjQOPOdh8a92h0mkug+4DqanDM0xl96qNH9/Nk+D5/++c9//v0vfzeUkRTPn4PCd96ShfGY9DWtveAIaX/uxl5ZGkJi7iWDGAHBcTPjiSRfI6SLHYEblYHgxP733a+QwX8I2r1YWVWYd4THLgCApHKvc7i7B4vvBNV3NIbXye/VO836ZoHRs0hX7kvnR2iKVKe6Q+WY6bhWSlBuqoBYmRV02CcFCL2FRE4w6CU8K4PS8CSEtOAaQAltcEhsIQC2JKzQgvra05UOfFyOidkVYNSTD6MRUKS/kFG5rigAQPRNcTEc6myUTJ29fIDuwpFO5gN/H2WS0qoEGkAEB6CD/duR44ODQCzQaqar6bkW/3mF8fPTPcJkD0SxAZj6PTAbV2N80BInHBqrZshevzLRdnv73s1ff/21ceRMsAXdymhgoBVSLUKwYQ0OzE7XpC1NweuPf/jx5v1NKV0z2b0urHVtlkJ+tgPIPQiglcxJMnqls4rIrAWV2GmAubQXQdOY7WxcM0zVzCABv37V9oTGkAw1esiGBci62jnvmwW7kgCnMjDL+3ykjwSuhHZc8kdFRl9QLlV2MbGlfOOSnhBoGKm94ySIHivBf8OEDTvNpKh0O8+JO8kogUuRNPzAoxxkeyjOGF2INSy4uGVv4NUi7pqHvSRFkRO7xVDwElqqnR8UD2rsEVZkrR3LIFgowI3nZVqZTIp2BDumGuCImfYl+dMffmr4VkDORIDKUBQUaoxazJBcgfDFZrNBbUmBY8GloQ4kLAdSuYJHikbpCIY+M6seCXlr+5hLaT0lt7R0U/l7706D02pRhCSGKhtpfNMrSjzxoKeRy1721jjqa0fM9pgpEFqxwBDxyGvJyWRxWtCp+PLZ622Ok7qOGx8RyfUjc/QsuXT5tUlwjCTlXgD41uPMLjIhzLFBZKMNx1DjjCIZhkcCaRf9PselWCZeb2zMCa5ORYOFNpG3xLYWxtC2FLCcrnffxVH/GajBVIr4/sqDxjkT7zBarmGgPiBmKmlhWssQljsA4qZeA+xpcVNyjsNs/UMBoZ7KU9PtUoEooSxXQJB2518Nz8oy2RzF4ZRj0ltGS6txOhSMFfDULoDJmVsGSkGusCVlaw7rENaTeaGFYOcgM9Y407EM7FyHeXaC4mIxUyFW7GawNRfZXLcr4LYfKDoCh0R20TFbZNpVWjpwIHdzzSnCk5ZK3VCIW+QboK5GgFwI/hhzURnyqvXqsKawo1U+tIQ794J28crILMIQXa0qTow5XR2alQ3+uUVPwMVCH6VVBWxZxymbM3ZrASdxrV0ANkJr17SzsZA2tryErPOytCRBBzFnBBnJtUXxk+TcL9KotNCfJqNNRdKYHAIamEmvK7xX9Uxh8AshKO/ampMQZpygVimHAJBGYEtm4HVlups4AwjneHFziEbP6BjqodOJryD6A+8zvbvVXQjiogIvASye0DQtJQcUdr+aUegn/iPwEAfKwE+d9W8zh/OJ0SMCV4hZObUgJiSOkHkTkc7ki83LoevzKEzpPhE4ko+ky4hKQ1xCc5L0B2CNedT77PLkgk2ydAWKubKSkC6HHx2Um/nEjHU7yXdcRrsT4GIyeC+8O6yXIArY9fD5893j06ePn379rz//+ftne6symjSR+stLBQeloygYEdpB0oRRBysFdolAUMA+027naI7pjn3F/CGgG0S1ZBKEZF/BAOchwp+PGNZ/o4jb2Ti5DpjC/pHUWCGvlI3SHUnY49y/5Ud9r2gUaMJe6lQ9R4kwOT6JlqJVEOXZXgdHWurFi/Oh63BDdn7jDLea2YpGfwB2lJLYhEEFkb/0pIhdBz3AAVKs/usB8WKdCSiIM14nQSz3j0pHWubU0dkMGoT6DoDloiqekk6m/S5WtKuVQpnDqk/YMLuaQ+SjhDg4YXHnjPPETsAGJhmn7AwswgJP5qyi+0oC8KJ0x796y15JEvPSorTlL52qavTOxQ8//MDaNCoas+sJZHak5Fe7Z2t2vMLHsScu3ORXWhS7atzfP92+f6erpGHhZkZ03nh/htygRyN79Y+Z4s8morU8Bv2eGpLBDprJ7PmV4Tp5xFvP6DMrbSqHZaimrV2kn/vHO6R6NFVhA3gGK+3xZKduejTcqYxaTxLDx0dTqO/f3cLeHns3rTG1fFLieHlxbf9siyKnTT6YDTf3zQYad3wgNusuNQEMgyKWjlyYJmRCb8wrWmNcyu/XcNMAACAASURBVHfRIKc9a6wB8/Bsg1Vv5w3fWmt4Zcsb88jtY0IbibSxWFqkx+J6s9QXVn9a8WkAoodU0M/0vjwYObNteAsTU3VtE202cKTxocBMN3WKL1kIUMA6SHaFAtc5lsdxZLqN5IM6M2Bp8lHZeuMIXkzy0x9+Akhjp7amxus8+oCXHTevFCrnNX+GVr+3N7iTzIq0PD0uP9YVri71HE9UHjL1GZkhMgmgakz01khYu0yDWffSBpRsgYJYppQeZVipjcwGyLzQbFT45vKG3FzhlTferWwtp31wfvjBK1dSGIt91XPl2kipfAIv32/XT0IwlGvLJvoqKSxuXLal9XNPNRnhTg2XV7eX15bMereP2FUSj91tZqlY3Y63Fie88vqbT3cPhGz80mMk1KR74LH1z88ewfYpDfbnKRAFGJ65XIMrX7/b++nD+zokxPrq0vaNckd7d9uW23D126v7e0mktzMr8MUTLDo2lEKw3Adp0duGyVmN18HkuPbl8RZHLz0vrGTnRkDBQQGvJ2l5LtmhBA0EAkhWhh47KC2llcsyV6OksuG6Nw3St30OS1aeKoVW/RIqIjRBy+SyMshwh6gz20brFmg0MVVcTsaqmr+W/BdayX7Vo5j7BCKKNRsICXQex7YKSUtr2PrsLtMuxLpMe6NgQ0kNHdaYnJrZoyKZOtjsCLyX6FuV2mkF5hajxAmCG92EpFodiSV5SrYe1A7h5CeUldQC3C2uV0yd8BERM2VvFXbEioeaj8nGMZlv8xUFKhg/eBadK5dbHDpD71LNMMENWfyNEZjIaldzO5fxWvla3+gNem5SI0/rke+Ii/ORTRwkGoirzIvbmYglhG+CSxTUUTxw7oAeuFcyikz/oj3QAdChDv56TVr6ss8oKg19aWiSqvsE0i1V/dPula244wzhULjQujw/lYbNJ6UsVqzmGOmi+90NpoIhwt5L6t/VxMEvNOQVHIrBy3YmgLVy5FRmID0YWRPCahepVEpk1DExxRIZ8COGJk6PNrO17CL48BuyJmGlXzjgodPCobZIouCkiKRRE6MhwlCCj/Vu5CgZe4fdqqwDpNY2MAHSdjWV1lONMk3DzIqUIriP+yM+yP3zCYFUrJa19+UaWPn417/+31/++atFMKOJSSlTyQzvKIJcGzFgHnLH0tAKuB8G3DhhX6dsP7uyIhESaxNRx3yGpKvD4uIwQM7wUGT1VRTXD1pufYICbwMsBRbvAHF6RJOtQwGmrwCOLOXqHvXpO0z+u6Vsojy3gALUtcl44+CKoTBbmAhObaVjiIjpJAz5cNwDqeA8SDVFgMqSioPQbEhCG9FozShAQPIaHWpFEutKggMCBgQxGq1N/h2ojnc16pnj0U3K7LzCnLsgB5oru7Z7wXdxpXwtNMa9OnCsqCJRnb3ESodu+aWgqAGBHipVuUqluQoEYeJxsutDDPTdg+00eyWDxk+SqMVVzBjb/V2P/dYKq7C3YEVv4w9MWb74Q9nMl88NHpRdvJHsEbYnEoyBvbMJsS0Pb64bdLEYsedJrTy73gO5Zvee2jz6tZk470/Tgko1jNg1mqOtMeKGd4303d2nw45hpyzmONOXdiVQty237c+MdO3+s4zz8uPHh2vZmNau5YDZBMu8+PYWWzRmf0cuQerFgq+A37FXoVZhQaC9hy2yvLxm1lSfOJk37k4mqI307EuLuiQc5p55F2Fs8aIHYXsc1cLBhlvIyizY8RJJ1GkY+UjGVfonk3g0vHZ8RnlXtaO9ucYLLTD05RluQOguJQkzLS+bCkOed0u85jVsuuDfzhOZEg9Kw7N3CURDRHMBsV8lEiONJqCj8Nsr+fEPP/3I6EWjmUPGkZ5zsYLE2p9iBBlFZGkiyyJ782vAe+dGzyicf35JdT6hYAt39sBIN3sNQu3npd3Uo8FqVin1qzesCqPYRmchN4ZfP9qNYR218u6nzElyXygoVYt0+MCXy+iLJlJhZA9eIJkBEA9MGDKmKBAim6nSE3qX10IIQDHLa5c/3d15+IP5EbfChvUQBqPUmRBrsTcKzil0VsyNoIA5cRDYr97a3ski2jo/6N8cuAe2vKO5N0xaSmG0U69IKLEfNaXfXPf6RMy2RyjP/MZ2e3yEHMgETW5hR3zrKG27xtdiZnqBnPrjDsPCLce5euM58SmMuO2paRHFtRW0E36QrO9sTB2d5I9xMq6H1IP8CP/S1k1TfvaWXOok+WZTzMNN4uaQDhTOwMCArUXDWn1kR5olI9JEai5uCegBqDWBSuHFydRaJuQDrO/ud61gUlRSA6x+YPGjiJpj21fRMMa7VE9kplJ0D896SJNUz1uAZ48EdZQMxjHeagLMhjHKEpou90mqAZH1KbrTMI3FEhw0xtTojYz4qWTQjndXF5C5XORTG5AVCHa9jZMAG+h906oJ62vgc9FfuadftTU0yXY9tB5vWI80+Zw2faVLP5i9JsWRz9o77GhqjxDB+3db0KVaDODp2U/WMWm92IqED+U5NoKPqcHSYwylnueDMADn24hNFgACw0JS0q6N/EwIpg1+UHDymaqOysYqHgkk8R8LigsyzAAOBsTjNnH1F4iXD/9FSGZ24E4jCXIlSGS/QVJxYapwGX51skfgqq2cwhG9UOg8wOcnJWe/KwVRlVJg1tyNIOR2Aa4JKOj48hOxE3UYEktDSpNHN1Rw1+USIDBAdBU8EiQNnXZXttImv1AOhfB2wFBqYmXk+YPGNXp8TbLRPdihTq/9arMKTGb/7Gd8nk3565//i+ppFYhpSHQOSMEl8uh3jPgeabiMoUofTEMT7iFMFBNYC3KS3kqBONtSbH/pof9qBYb91cfVL0acxkfbUSBGcMxnBgklycWSCwk3seWQB3PEZon1msY2uEhXeuZUB1ad0YiISSRh1+IMwu7Ur4JvQWiEwRL9iswS0pLbMtPClnqjJerij4REDH66tLBrURpeXKDs3+Sv/L6S7xiJZJDTgI9LhfBI6//LZ0JjmC4MXoUc+qoX5BOMI31QqjciByAgu+ROPgbAzKla3ZH1Bh5fjsP5u8nMiyuLlFOymitUURJfYQBtj/3rna0K25DZUIFE5+nRO8pakk/ydCPHAUTnhJx+/fiLYRXzkjj+5ddf3ln4/8Xkr5Xz2qoEQBS2wDGLZoSiZPO5dNMTGL5le1Y0yXWMGyH124PmH0aplZGzXlnBJ95/+ICbzbvZu/s3U2eGVgxOAOjhAw767EVuiNPqbzZci05Rlhway9SYbcK3Le5yjIvr5y3q846NYwAaR1YhqhqF1F5gEMd6h/mKJ0C/f6197Y15zcTZYU7iS66yVswafyJKbbIMgB/KKswWstHeXdE0pVZZgnLtBhW1pGjdJ8NL0h1Ari/Kg2tYcpsipnEZ0UGyfayRLxF2MrRayL5CbWaSuubbLCWm/ffRcdFC8w9dskr0yegYaxAyh6xkLUptQ7Y4c1V3HedSPVD+8Kc//PD+h0Eobq4UUw9ng+Vhd5W4Qkq1/GBJbQEm4tyjxSKveYDMP8c/dBQ0Gjq0MqvVc35L2W180yhTCRNDbj/CkzPN0oDzBEabCDZf79U7kirjXhRn/3OKi6tGFY2l9dQtdA3dXVMoKwocsDI9PhxW45r0SPI3V17wQjRWuOoe3LxrGM/c8QZzy5KsGGj82XrHnmVBJOPp7Y7w2ZbGfR6xWe8WSGBEoGBs6PloxFoBtuGFjmTT2+oML766uE41llCI127QfQoxwGlnTWPslzdCZZryPwtx58t5QD74eHPRon7mm4worsE/JetINMCoSnXETAwqUHMt2X3bMz3ga3Y8J8ZS8Fa3hwF7VSOj03z20Yp4oKygoKggQCkw+hSCqe9Nc+tOsQVIG3WITD1kwLIyKdggQKH+ISG7gsa601juUbD66NgVlGaPihMkLvHyYqnkT0hxlkY5RFtX1o93hvqGTntTIxQzOpIFC/mzz2AwwwZLfIXEH3PNwDnZfKtsXwr+8jRABRv4czsDVov4iEM/KXYcMcTA9pmtB1a5MQBgyx5Syws+BNZqb0kZ0owCIH2tC0PcqJZpQk2gW+O4VCyxKst5y26nwSQVUTm0UQXEZNAJM1HHsPLs+mVMndMX6VcjJoJfpEUJ2DE7qt2aoN0ZvRPPOYqBUVCGN9uq/3iu7EeBFFHGObEmmuTgchIKU6dDEWWMqSA8fbsTvz6xlYBTTmdJDZI0nRGM3ZGaA+xm2GTIk/7UiLdEl5mEs1tZQgUq5VPbjGFgs5nUqspMz3lCCn3+hZAx0+UZILiOJgsSZLUuBxA/IISpf26RvD/9/BDjDW6m3DDxaTgnmhGDyFiJ37pMgX+xxCFnYpV1P/mYT9m8DJLNvlSHO7s+K4/flBAlEXbaOGD3FDM6MrUXrsfkAI8BFXUZhTDzy5rvT3e//uUv//fLo2mXgmnIM60kuxNAWmv5opAk5VbIG9RyQOOH6yhPPpNAJOVlsR1I5wGKsUzWcUHt5eNAiDjpYP3xNaJ4Q+ZeV6Hy6pBZBxX3XeiBK0eYdEAcvKEYMSLFQpFKkB5pR8UqR16kFXuCqUDQXOwQipAsAsAStdXjegOwGnGX+Bv8QUXO0BCrDKNV2Q7LkTKc4Y4iYojrJMu72TmUUV9X1sEB+G8MQsR61og7lpEfQBnR/glskbqY4gSYBnkVOGIJYryueIf+Dr9+0V+oms2rEspcKHuKWDJQjZon6CBOUEUKfpV0KqESca1CJfIi2208f+1NeO1W6AHJGz5Hnx8/fuSFptlpVm4Hy6U3CWupH6whk8B4X8X3e/O2YScdjNfKNkn16u1vH38VglirCda3FtM3AmHRbBOpjEODZ88Ys2Z3Nhm+vPj06Q4pt+/fFlXW2AiFyIJDfwN0Kqmi9LR3jVzVIyr/01AbbXpkcj1nTWpZTMzV5tuR0Kq3WRdKBOVnQu35mAa6jeqRspx1GYbBxdb5FSIoWQy48CTE9cPdHex57NpUIybNyMHytXFEQ5tiFNlGsgbDvPF03Pjr3uAiW3UBMpmoeyDbDSYIRi+sxrtuON+GJ5YV2ffH1dlw6EuBBKb1tJwj5sV0MgvkJCRxzEX00iYaZjEdshYMAiGucQD+LwhBnQnSjfvmKsipkNrs2B9+/EHaPZPhmgTAmBUrYXUc2aUsxp+UjcH+J5Eo2tkW2ot09JUP5d1YrVheE0WgGkixs0u8N9VrNLpVcS9ZiHWfFh2a8SUccqa3etQE0mMZ07sH6nu6PCE3PfHt4rqdiXDnjJfqjeKlOZhYHNeaLqtOWac9O19t/yVSM6BLUKhTxr6DXxHgWZCm/nGFAPXrGhnlrV+vMeu9czZ5guexdLbeC6rwGGeWfNPTK/uit0iflmc1lhhUyy3pozlcciCDAmOB2P7zX17fAFCoSVMN7eBMcqVeotNNSjWu+mQ1i2SZE3so2a3vnZh7dYoV6GvKeYTp8ufHr23EA2HhYBNNULLqIsh3j/LYTCcd+pdiA88fMiXR0wEW5OX0Mr1HA4dzjIT6RUQdNTk5O6HXiAdr8DNXGaSeVKDBWAu443OywYK0cygQfRC1UJRKMttyHC7pgKhag6E0NOmUMcMaPfJMGnDFd0P1yclpTuk+KF1gGBnJMInVVXApTv05DV2xv5DVVRZP3czU/dJUypWE75bqeiMZ1dAngf7HSCIMHxcb7JzRPQyuBMdjidVaGTeJKKjsIP8DR5EX/mSqZEoCOfi44NbAVDzoPgcdcvlyYsynQU/TUHC4zpIZkCCVZ4hRilJCV2B0KS4jGz8+rtU0FD+4UDTFaDoCC3Hb8ZC0KjmNDQVAcZpQ0oprIxQhmhhgEmkyRloZCIrVIJ2JIpQTS1Lpk2JwgKwOwjRGFONEaRdYcAEdprQd6mOXZJBsKqjAAT1mK6RYZPdZcXqpvGKTegQgJVpJwUmy3y2wEbL+lJKJLV5JJ82iMe8eGCiaFnQzzR+F+e0zI1M6ACMwe9NGuPE7I8A2G9P4SCGlT3fRWB8X8eXfL7hpqEec+4yic3BYCAuYIPF5i2uerMu2zdZv//s/f//5f3/eRm60lZ2gO6GMZSebaCo6+ww97N0uvcHWKUZAMQMr8vz4qs3rqkvl+07y+f6Br0S2HdvJdg5Xl9TgiaCvVW7RLPYYWYP8wcteD3MZwf7FZP+7yb9ePpxTlEyQMbzWJaQwroHs2I18eVXOl+LzszjzUZjGaiAHh4/Wj0VoUTc214DhTHseb1VSQnDXHdQ8mIg50XNu5c6hBdxRHgR8z5ojvghA8sSwWADckCE1+qvkl9I3ajSRRWQ1J2KEuZuUSCz6FN7fXC2UoU/sBYxQDwYqFB3/57vgAye5hz4Mvqsa3TPErpybIVM2ZBEP0oi1jZpUUMv4ZG74/slA3dU7iaIhQDvlljh//PhJuvb+x1ttmPVLMiqTzyWJ1vjTvWKvekBEW+Ufp/rjH/8AivD6w3trBNsoEQX2qQGZtWiLNc+ePzUQo3XUMnmVcy0iYl6/UbiEUjf8c0mhKGPERcfLqKVVfkiXnckpDd4Y2MHle+/JlUTc3f/44w/GDdgg60OS/z1kYI7b2x1qALicd5Y/1Bq/vjR7KYdbhPWlTWkqs4clBIg2VX6UuCuZ430pmShA/O5KrslNW21mKNE4TfN9vevdUmCSB0qVyDYRaf1Zo7BlWF+8Whnn1227zWEYjanw5ULFe2zlqmTAg5rHTIlwpnsKPvqGI6WWyzEM7qbYsRuQJVe5B+vqW+aUJ9YiTdfdSMK1Ges6Ggq9+uNPf5y5VCOjZM3Rnz17GAfPhajs+8WnStxLUI9DKF74Z5rRk6ktTZhX926Tduvo+Q7/0RxNby7sOEjj0jeI3DBIapkgZUnRnestJIM3F+JcD0InNE+4e8iJGeTeLYOzkaE52u3B1Chjw2pvZEiMjQ9TvzE/EEqsPZtPBQZ437318jtRCrNu0Dat3bw15PxOaTt3SuqNarvL9R4f7hiIeWfRwIq9YhohQ4M8wkjgBJscCfDu/t5mmUa7UWI5bJHQXoeXr56/Pt++v8UBmCnl4vv7H94LleXHX+XENkL8yjSxii3yNsyOZPt7/yJTbMDNCsYExJXgJT1Bx1C6KXtesN54I6hv3vVm57JGy2qZnGenS+fkNPXc1UYVZo3zzX7N7JOHDipytFaFiXRUemcGvJ4nLhFZw7Rch1IzR02G/0TQ+rzGnsRq88pba8tgeWZZBnDctoN9wBBtUeIsE/TJCFJyoWcXZ3TV9JdVZiKZYMNpLrP2KpbcR660j5EmDEg39jHL7Kw0pMYb4GRFQ8NRK9XEEknkx3CGPaIIp1m7ERlRLo6idOWwKzK6fK3rokPXX85yxurykqygZpfQY8lxORtmcmil6E49H0eK1e1FayVcyKDqzePCtUN39rXj44SpQU2Q4fPTvUDUwo7isLCPJByAEK2NEx5qGJnz4RcrhBBf6aA2mgHm5tVWMknaQIIKssb4Uhqq6kShAr6YR3Sp5tLL346cR09mQAvCi2odAxH1JLlnhMFKcEFNiWnaXSUdjbq46oPY4Sz/YH1jMAG+SPNcTM+Bo00YSWRkhZN5hGJgU2TKgFXhU2ZBse519gHR7lQBC8KAfIC42FwAAaIDcuOJWzEX/5kxXvzHwoScjAZoojp3BrobxduhOrIb26uvMOr7UzbsG+InjfpCK0wviWZyCt6J59jDNoR9kSQoQqTBmC9fvDjqk40P//J//vztWeEq1pQo1b+BqAKQoz45zaT8ZkOzROSMnnBUKk017AxWtoGwfjKdCf0AVV9JBfDRhyH41NR5pUUDMBsA0M02QlS1EFfOtz8AQ5LmZqtTrtPK/H6JVF9ctbv5VupPOp2VGUwS6X8dYJ5T7pi2HFY4dM7yqTE7qyNi3KTrAu8Oa+kj5lRAbsGvJqCunOpg1FINevkgGnKwGoj8KTSkHTVZfJ/c8RRDB+CivAsI3M28cp75wqGSasYXqEogZgUzZX8RFvNHNBNbilmR4VINtsQwQg7U3Z5wAB6Go8aRCJUaedqwZZXBxevC8t29F0VIei5TZ5agyWrAp/X+mtirtxarwWmY4f7uDnRyOpK2Yh8s+ZO8EDraZ6efPn7UMt1Z1WjMzwMhnj/QnpjYWi44m311//h093DPKB699Zj8L1+zb7hbqeNR1jaCevPb/adffv0Z44lesjKaZ3H6EiW0Vn3pLbE3Nqsn1iI/Uqg1Zy0SEzynXEz8+vOvskOT0VI3YpANIGbLJb37WBezYRwly3dZydfvD/ws4sWKN/ZY0cCaBIQxmzfK1KhpWuME6FFK74L0zIjmOwYeGvI0ugZs1kgrjfp4AELWouvNW7S4r9qixdZ7qTSq4/OMFWnHCWE2u86hQSnYknielWH0X1BJMnGJklZkZ3FlxO5NWLNmBWoA0rziG+pz08dywB9++CFATpQZcIBOwMiBsvLMR4xajXKRuPbPvDhTGRqs0JHrNY6a4Qg/9DJlbC6+bvEG/L+viO4lyEREIuwHHJlfNEkCeoz9WnaFeHzSQj7iJdRm8L3v5EbO55Emk5tdfXFauXLV7SBt0PFq799rXr8lerI/+QvC8JnYeomObob8L17oWkZnqaOH6nqtSzObtMjJNeVGAAkFUR64p+V6BZYlGIouN2tUG2HtIXl1294fjXvq+TROXB8pyKVa2OQUEtD1kRp+8JIex90l+dbRvtYVM9qJxuLpWqUU5UOOlLqT1F9cn1KapswgPZ4iKSYitovqKM9Ner67h3dyZsKPFobRMfWjmmAVoz+mWkoHQx2jWC3zOB+2z43YlyeBZi/AhH7vdG4RBUQESoQ44IxUC3gD1D6AweUgQ62tzVFU6Z4T5olxUSYPQhjed850mHGczsb6qsVSPCua/tyMPorJXvsmRe6bebuCsRKJeokRPaG5WlCtVtW6XKOLmeIhJoicKSwzQ0tmsS+FkNWy7MjO2USVQ1pUZOvgxj8QSG3GsMsEM4lB2IV9YKvRSYPqdubWICeHLgUGcRlAH5j8m4C4IJrqE+kJ9IEv1ziV/CSHONndfqOEBXV9MmS9WHJGJnUqER3h1ORLhRqj1LVISiIJ8Uiy+AljO+KLqLm5wkHOzJBZr368jCwMvcgqoIcxFUVCl2ffrL4jEOrwBUlFRTtiMy+UTaynJVIdgJTq+wgT0dHqJLCTQwxMiDL/5Ia9lQ58ZysciauahEd0DAhCSsWlayY/i0YZGwl0yc0MMqtxI9tQ5aA7iq2FyHmOxYdDcZTuyk4Nic/AovXMsShAvM7m5kFMEI375hyJIh6PrqqqfRkxqAy/46E5v2mCqy+IaVAMlHz6219tfPhoEgMZTIjhzpIKLZOc+MGUkVCbFyws+Y5H5penRc+ElauMsIyDcAPhSvfccsn5C/tI6ypBQAKWCRwtpYzAx55v7G7tXquRfHJTKNRYTyxCZnZIwH43jnSSa2KqgGvkUzvnNFHUyuPReSQTPOLzUlcQkL2kvKjJ/x1oZH8XusqVzzRyg1UKSPxlP2eRTOKOXUqWIhSMNdIbTFzbTgaxGgAUZemDOKMLUFo1STioEdm1cx0xDupdjLERy6BT/wr+fmNnsyg3ynTKFQHtKNwx6NLhC0QUlYAqtpoJQKujbtWHPzn6pNBCUkDGMb1jQktQUfS43LrhIuarT739S4vR9CgntQehZljPxy1jEb8+/IYtcmRXZiSFTWM0Hkw1PadFerp/lBSYEPz4ydpEjdSW3H37/tNPP9BLc4ZeqHJzdfFFGy+Bs8Hhja4O+7i50khnjeqUq6HEu4yft2lOJ68e7j2n/Lnxn7eemNkzqlhlAG/sk3dmJFtxiEimr72kujbk2thL+f22sCEKXq3RFrvkeZpUkA1dGbb06IMrPTewNwF65lqOCTMLM06k7c31vn6+DNtbWWb+u4eU2xemqcPiSMNs3fCoTReBym3MYF55WfAVE5wVajHaAQT5kGVkZxjK5d654i2FBv/2NMA3UTiTV4A6s6GUtXR3ZwKYM1MHCrjlS2akcdphSfGL9l1bS+m0+KDlUQJtnqVlP0B8f22U15jr7KZgxOxgUMtNFjZ3qnk4AyYlT5amNTPBXcQSmuMZVWQw2Od6JF+Eb36NF2BDQKnzydbYcwp5deEheAsOmAkwEiepiefGZWKXtpWOCxmVyctyKrpin6QKpxwejMO7zMc6QkKhnayhaYdXtze3D0/39m8hZBaPMkZDWV5mo/cSb73KubdBRqrBXSOOzZz22DIVC2ENM/eCaONz9sq+tAG78QINhtcDKun5mN/ujCyGjkJAwRefIYEi1MWb2w+3vebx2bJUYPM0XSt2Ig+TMpKhdbpvLg1YFlOvsQ9oD7JA7dHwCQnzrdBolx8JHlWgVPxjK4SJC8Vqi/KMLV147ZUtvcclb3zTXvHyB3cpxLdgxnakya1jyiZs6rm9eG7M9ZPz98/e6EMHPRHFYr/3UHZPcBusbWd4KMtJ8k4wmWh7LhJXAdIOhkQDR9FP/DELj/Qm6y0KoJHSJS2pI8T4nUaSUzozv1M0QxAZCi6VKti95IVMCIYMMD1JdPIBH6gKWUmol/TMlXKMoVusA9DoJpQvAQ+lCarPnIMBIFPRZAqSs13wnRV3w1G//YV9LWZMJnO3MnfQGtOda1UgbLFViM4tQr78A6nsHmBFw1Th3gMUpMjIO8gE0hyucxxTYBJXQJPvFjaRVZCMtuNX7g9CAhz/c/lafOBWPtU4gcHBZDsE2Q1kebq0AdzMONzKRoSIOci5abcoAj+IqkiiLDybC7CIAvDC9dESURX0km9A9wfzxB6rTG+NTdJ4OXXeEqG0WfkQpVt3qx3lfoLnapcI1e2MDajuOo2qEXzOxxC0GSbATiuRJMLv6iQsiLg/SsHs3iEq6Q9rkY/G9GtT6URGyisUucVD5dafIbCYJroDiPDB2GdQM6MJdGIiMXhnX3GYQEtB7QAAIABJREFUXnwictdStjNDFY3UjWo3kk4u6m84EtHo7iymhoC9tTO20RITX5/v/vWvf/z33/73VAwBDJH4gmbGiZOIiwMgDj3BjaA03b3VHP4VJrZmx6oXJJIfhNrKhqzRmgLJJvFDOWdtqkNeuK9yC33WumHuTgRoO96R6CPUp/qdOEhASeBcfrmXB63nCkxAUlf/oqbKacQnFtwaWHddOXcdDULFXy517/igi4tWIRdOSZ1tEpKYzznKqbWkqpdblIYyh/EBXa3Ckq04D7dvcP3LivqMoGiMJR4029+J+JoVuNYY/eha5QonWN8vbEXyLtLS4MXpWKtk/PindMco/13MB3mQujoR4LTTaoCBz2o2rolOv93A/hHta4/E//zxXpMcLT1Ol3tJks3hmv5zQPHGKpTXeINrrpfaQdR8pnuB3sOS21/D3XolJojBymGUurh/6NkB4z66N8TSsISrPdrSWrRa3HKjZ1h7RuVrT7TQBmUAj1qDE8beKFGBUjmRK3b2YHVPQGs4exZWg9vGeG0+17jnTDFW3EroHqx+eiYJfZoJpfdMtObM4i0Dma/aCblTS7k28mOymBGQm4dp7gxy2s7Ep3nk7MM2e25KYKQXVhDirpWH2l3818ZvHEUybhwR3Yp+b94cLvrEUTlBwzIarmZtagjjKJtZgl7CMA0ubBXghCIV09xp/pV3Qo5kcqSRms3LpbpiQGgCPzXPRAkBzATrKnG9ef3Tjz+V7p/PAoP2SakZS+ZRZdpJQdlR9eIF2BfzUiClEFl6KZCCHFYfBABW0+aaW9UHz7wt1YqxDU9tzMt1aTvaqJLE1CYrdyU5VmpKoyKp/lvheq5ZitP4LhJlmVbePD0aKQTEQKC07Obde1Ho3qbYAtIkIhWT6dvHSX0jrFTPQBCGm/CwerOzF3u3Su+22f7Y22MG4dq+xiwbjfsqBhuFjovXaPisayRHlNIhQ0obfzK1L3b6fLb4ojmIC87V+8Et2MCOFeQee9LiW4JIJtBaQc6kgVKTrQak0NJnss1BRC9MGIck5zw/z8JHY2ZskeBzkD1z7RGcLrmHpDaxlzNlEPJUFC5l7NVBbGyDjuVJU4oqNJsc6C5zLZMo3IGgvoNZE87omg52YTagQKSWjzaAiaPiXvrOSBSmgDHVRQLMNKMoM+uC035TBZWpJq4UPEv9uW1tMpZ7lGZQfYsuUXPsVDCZYWaqZF17R5DFE79q+OC7g5dMaAZaEwU/QIUiH0yQkzL5XXrAJBxqSUoK5QGKhoiZPEZstDmof+Sgn6wlaBk6MSlQW4Br8MYNxjYKiIexHsjTWAh+AIyctTDxHlb6hhF1NCtDXIIUYtRHempjwScaVHFAusX7I0tRqKvtmEEYFIiRioIRpS/DSJkHsiY36IKdEFlDx4rtkuHJ9Ki6CxF3xLOwgDnoCTxdJ6bkcrS9W7GTkEQ55yn/SOFFwiDG6TKIDENp8huhMA0axbijVIz5VBYN3QzW6XN0gnDyU5peQ1mVPscua5FdmpG7lr4jvWIYxihQbvuuAsfJAI+tCtgxHiifeAnBvoOhRpYW9i5mQSHOt5gEOR7Qk14FagYgB7swoCaaBDoVwaZsH6QAuxUMQE1jLmSdBLbbPMwuHk9av6dP1v7/5f/++etTj9oV3pJpOgOZCGbjmT1a6FttJ4SZ9e8HSWOfKJXPABNcl2I66rsGeVx1Oi8NzK6kJiHf34TK/UXNes3t0YpZPfzgc24+mimrNeD5y8uRAIQtwGPRwfmklUyRwfqZQU86k7N+MWarE4wjtjQXTaObHFpXTB2sIhMVXRUEJyMIieOkuRBCrosaiaejNVNFc8dKdIDeRPc7gkkE6hkVtOt/xQFy4xFt6SyKosLH5WMov1+KsYRQ5IuqmegIiKcj8DGkcgY3cUXxzih5vAx2F6Osj/Bb4Jl0h7M7L0QoRZuInFrHawiDz0AqtxLfrR2UsmRyckSNlRE+1e4/3dmamtHLgTQxGuBXtv941T4aD18fTlZwc+mxUG1z44Y6Cn/4wx+QZUs5QHDw6dNHhtI4UHwQXh15xjibayZSRVUh4oFGWWSfPYnJLplrbvnKO1gkCqCxfXqXrWLHUylavIwswdce6zuZlrSKkY9ojEs88uNyMo8kk9LD43357u2Ni3ePz70kuLnN1xp7jNhD0cOqVpuxng8//qArxmunXMT2UHMm5PxLTxaDZlnjtD2l9/YXec3rt9+a6cOfBW9MSqtA0nXxPbV67Vmc+zIGb/K4lyI3P04IKTWxFJ+Qh2jJTQafh1FU/DmbbnPMaZLFynYYoJjyYtMV3CgsjVp3ub58c2ONJoAQxBSO32y0iNGUuv1c/uNPfxRGEDAXyUwYaaVJHwE9OXcGXxhYtsuJgENvkTRXA4vpF2gqaGiIQcl9RJfWgBUaKZ1C3e9X0JkP1wYYsJIJmKf2ZuGbXkJD/q+eHb8jGyGSZaCWdYkuQh225TXQJ1FoN2GBqMlEwW+zOiPfb1NN45dcwzjks+UBuhyW4RXmE7ZOiP01G0hmFej98acfZGkMSpbWCLe3m1jeYICNOfJ0CaU3cT8+NBAuOHiWRb/Ia4tZrMdWvGfv5q33KRd5v7+67S3PPLI9SuyWmPZ7sNfzLHuDy9fXOlto9nDJ2wYKtzgVBTSUtI3k2QrR6FiPGbG0bMOLCrmBsepmUTMEt2y7bUgdO6qlUM+GSB8fW/578uDHGpt6KTLxV9ctojXBI+VRngZrLoRt8+ZlkTVR+M0kSt78rzVhq7S3dCsx8mA2ishZjis1EmrjmkYYP7urITS05wO8OTEBNEMqqtA2T4jO7AOQDHaJVvGJvDS/9UwUR+CLqbhIJFlUlgMDwUZd5h/f6hmRmXXjCfg8JGhk5mSygbrOZIkaMHsiiA7TKTjLQ1xnFJl8KUI3E1O69JXVdxzcjupxwapOD87FXDdptGgOb+ecK1hx6H8JXwFtnheoUA1PLTVgZSXh7yf1EI3koHF4UBOg5RAZwISpTNdiKM9usEHdI9AEkZyjBPUntwjhPsRA/ipVzQ/3j81ZXqgD0qkYAQMg2tsqJodmZZpgJqnQZZVIIgcqH7zRkP1Wryr5e9ALOMH0lWj9RC1NdIi0aHbuKxnzesSn2dBMmuVqqwS0cgAlPRgQEdZt3oJtAd8lVejHlJ2xaMUbcCRX2MaQI2G5WoMe4FG2M5JP3mwAJvDTVx6HHtIqatXfStKHaJLITg5T0aqocwckP5rJoMCdQrIDNxz5UazK6EuRkYafwxgOa5bl7+CFoHdtfmmGuDGXnmIOBTD9I+/EV4YsA2v48PHz14f7h49/+9tf//WPX9rHIJZWZyqJtP6idYHcbfV5RooO7nRSgZnCi/Lt8dtL2EMelcGbxFxJNIU9tuZy55FU+6EQ25AoiFY+evPndyMoAPRRY9/ML566EAn99EnUgOF1dEJ6BIw2GPKyjHUBIsNwEw+rbwKuIgkpOAEIKuUSKOlWipo5VWaXDiJkujlkADo6sjU2Vte3YJtqlhjqfbsfOSXRAAQ9fe0TpQ7dbnJf/x6pCwqK9Dc9RBMNkj0jJTAH8eool6pp7X7/UmJkhALrCq5cSAg+7rBbeFNgdPhOArvAzBxFTqXcQerLw3PpCHTwIE2TR+vqHa6jKcYUU+KuF5cVeTVKTXd53MFAiXSHqG2Y0dTSt59//s22wBQNrEEgT1p4PZiGxyIv3AD25H0nTLxBuM8m5eLK3PJNM9oGeJBSS2kzXoHFc7sPD3LRWqjePtIglhhWcu5pFZuY8JkrjylYpnivVjaR0sTlGmapKlYfnh49HBBzr79dvfsgKjBIwUFsa8jTc80e9KzdeG2BLPqomUGhv4m9Pt5aYb2+NWe9sCzbLi732KZ8wrpAjCc4Hv5GPndFuiU123Wloda5Lc9e0gG1YZk6SIDUMWN5lmrVOTT8WU4wOzTbnkela5esmDTKaYMrDWzDQDXhWkCM1m4zkKmIoyuOyLx8NpDa0vVcKG9PpfQfspRdMVBCCXodX7RkdwxbWinodEu2/f6d3ChYjD+z7Yugg/3qbMMGbJURm5QymIUNg3ENQJmuZTIYYcGyt+6//dor3TKrod1hlXyywOxZlc3yDxxLskrQPTgJBAcGpEkeicsGeqo3Y9BCWYHgYaN3N3f3jyAow3Plc6ozCatn6YxyauaNJ3+xfbq3MCcwcnWR7jQP0q/nR0nYOiytdu1JiLKlGv0ihlQEOAcK31y+I3PmS7BsxiLdTXbXVDd+uIF2oCZs8nxtrZoOiUf00UlSZ1ZFvx5nHMv4uKzr+t1V6aN552TNbDzUnzGUoc5OAIcrI4wo8YfBTn40aDA6L0h9SjAbz/G8ufImmEt7BcDiD4O9znteVgrL9Oiydfe6BLhaqBTn3EiT3oySNKhMt4rk1hyif31k+xhk/cphhe6WzgeDdWZkjsz5N7Tio1S7c+dI4B5LWrBTLHuMXV9SSs15bbmWrdTtBL9auYIta+1W7Y7f7Hd/zpNXLjALDHlWoXfigGtkbWBwhEp1q0xHJ0r1CkFYOMJDgaqvtW2OAAQtO2fg+dwwKOpqf7OhTsdhSVxlcJso8zpwixQKhK0qp+og78LaICVk2LShSh+cDmSc1AebEGNKiXg91yAol8iO2bBSDJdkag8SzEYeXZbQbI0ZvjAfS4Tti6xHYfDUi7bsqeBQdllnw32Cyr9HevYBBQcUT8oL6kkm0joW47fhz7K9IINHDN/PGs1qJj23YXuRNFghjaDWL+44AlnCQZrxd1V5FafoDJn7vyhMWREwBVX7iAmbE9l+oMrEsaGK+yBR9sSwrBSZIyIEdZKSoA8i13fFQBpNXu5ERJLwRaRHowl4jKlIGBWO5o6g4SvkGcyFLIIpoU4UERFvjaljeH+xG6LkM7EokIuiB1wXBURkbZ0JNWuLvcTpjAWUsSMvGk+IHhJOwztNgj0bQnm8//WXn//7L3/Hw2KQmrDUBIask35hJ18/zmfEGOluthZZrvlJZgmWX7kbO0u4KzYIoxiocmlQYwlrrKHaidanL+2iyZe1hFsDG/f9ixhKClNKHVi/3ewsKMVhnwjDRaswYSP7mqI4qF4GC9Tk7HS0oGPEsthB63I3JuidpLBqp4fJAYAXOzz45vYUskASMrGUprWUBep2MpvHKBzmAI2hjsMVtrEWiPHShRHJWLrU6TA7jJK+ZiGDhzy/aeN3tVUaxALKMEER64oNmOMKJDiMqN31LkQMLU73OKwwqLloSCveeZHrAHDuYEgchWVyMTxyxg61PJm10KvJ1S0zptjkmoVS37eFmy06aoS8UsXafBPBmijpWhtUl01qSptOMjm7tvji+bvNEQF7fXP7/v7TPfIkoHcf76UmJK4Z9wwphvR7rm5q2CjdRtuGoq+MI93cPN5/UtfwnjEkCZTxkLIoSwAtIsRiSxjfIVtFVmwGXEaLuhsv6pVWtK333qRs0WTLsL4ZBJJMgEMsxoro20ov9TThZ0TFQFGrDLG+51fiwbOx5XTfzTL3mry2ymvlDQpPlikhaCSI1WJTc6x57G0T4sJX0MwINm8JiBdyVMZ24tIoAbnQJJFZInHUoaVsfkGp2jSCL5Rlhi+6nPvl6+kz06jJzAgaVGFclJzK+0+9IpfxvHLi2Uk32bZAA6JP7dC37x9skW2/SXUSCXlS/gni4m0cDZzw7ID8xAfa0CpZRcpVv7STodV7EvEeL+mR5GNinDfowhukM9KGpWaZNXtl+EA2HLihl3bc5HOGD13frVjoqZLeMcPW/FHu26cWFDRNIeLg/urq1hCbC+whC/F+Eb21OEN4L01hA6U5Fxdyd30YBtS+6wbn3rTClVl6n8gZuTRGKeOU0CkPES5Nh1AClSLbOOuMTdemYQrip2Rj2OTimWVjg4+2j7HosNaUecaXt01jlylK83R+UjzTMZSFKb2gtihssaOSOj8mheWg3M0OjNmMApRI2toeNf2jIFEloRWdhKgakK826tEqvrL3rKesBQDmiWIUsOriM6towUNz5a5Tn6Q2wGWK5RlCNsvLZLOdEgBXFTxalC2yHagbapwlZiZsZM11e5gFvvXEAWysupllHkplWWYYWVUmgzhwsyFWJjnpJ8iJiEFV0hGT8b/MEyJXWRFkWujVTQjuzCZ3Ee1U0YMo0bXCHYWk2sS3B0ZcmCKrHkVqLfgNRUwUMoGBuwXpSFohpRq3OdCggWtMRbMCuc/GriJRxNJlLjtxF7EB9TnHEZ9/l+Lp+5SKoTB5J+g5bnw5Ty6t14V0KXaSKQ4rDWkxIVylhIRIPEwgEU454gSYAtsyIDeAIPfkQw6wRDdI8CDLZztTiQ+JWuk6HqjGJOYwC/PYrXVAeADHRYR3lAxPMBDnGCH8sQ3VYTuoQ9Q32uFTyEmQNLkxAhJjKK+DbufxMIzhGs60z4T2ZAxOSIkYZhEFlwCr4T9Q4OebWUmkp4TDbZjUc6c4pjTYMa3GqVUVJ+LKC14Flnr366hP4Zgv+eMjXDUaYKDDPG7wCNNBAkZjlzIpNRrl6UbiGU3zgGov409A/cUK6MUH1MWUT+E296vr9Oprg/OnbCSPaFIQf5+aX7Z86eGTt+r95a8Pn7wfzOZpEGZi023tTRCpiTjFpQzLHaoIZ9KEwfBGqAOt9RhNDrsE8S6v3PjGqmqApc24oL7YVZxC9SxBI77SxH57ZqGV5ZbWtDJGpLTfQW0aTmoFgzkpTD1xPl1BP1bBp76GSkhDkbnRGhqnU7wT7fWiSEIP4mA4jqZRhdBBACgAfQWwaFg0Yae1GFUcJ6iopySmtXeZuKt59IP+KF95JSIo6v3O0DpwGJmC8IBNmWhSmrQSdqaMvNllRSZDX4Pzby3/DihoUDIrdXe3r9iqYhKLhqGEI2fL5jqvJozr/mBMIHB9hlhd1gBqjUmyjYWMxM+odqRKmNjFb6ZdvdjCYrpv3+4+2bbjGiew26RQC+LNozKbH35634CNNwgPq91qGLnlVXf3d9c3JrmwT8xNP8jtrIgwZez5YlLSxnz48QPKE863b+8/3Gicmnd+Lyb32AoF9ICwnU3kHCZvvn3u7XneQnHH9uUqe+kz0LpmJvWM1cnYmsUOdAaANS69vFau0LhJM3FI7olU026+rVIjGIM0vU6tBrbXpRCWfJORryfDiC1JzBJMdIrNBkNAIiDFrKK4nNsLmUhiJHSNo4m7Z/hxJJFhR2BLl80yG23yKpkMcDpVGGxUsVHPlzzviaDT92w7v+kkdb8IaRZEaYlaGO3NEOyTaPLimQV/SNvBR+xaBOdzVJJa4E7cSYedZEr915BHDmt488YDKqZBkQfJ719hVKmWqDWKajg+tncsJxvDo4ZD+pHve67kkqzBa6e+N0YQcQVFvjhKwYYvjwhybbpjTaHipSk9mskwJGZomGEUCfUZMhXbxChjLNagtJKV//LjDx/YACCFjIuLT9bdmJvetuGFxNdejnIFIANhEihbkullIPTSaDGz0E+QI96+T54eajH8Ji9EGi/cajXJvQ0+WzSznEnqDps0tDf1Yc3dbzdXLMrj/LIzbRxz1Tkp3dTm9Z5oDzMxSEsX3jJbjmlSmDQkkdI/KyHmpKXsulgUzOoEW+iUhIFHpHYS1IUGpyanQeVmDgAt3UR/XVqPWJFVCHixRLhtC9Wzx9MbS0sJgXy4VCbIL9vxpxwb78VtkDZ+x4UALxktaaSzIoli6z1TnOiRfdVydafgXT+Bujwp5SEwoCFAFQOt6Sk8obNMwIl7iyQFVSaxqOTbbVDUOxaW8/5uLPTOv2pwsFIgzgHxkiwyJJ9o6PtVa6NX3vkGz5SJTCaouCrRbvuEvMj/gnNkiDAjqi8xYH5TPaBoWgUUVB8QNWrja+876dTlcqlAYiqaLE5gBq4UA8MV2FpYMc1h4SaALiRK0UYeP2HEISF0q8by35zuQmD8Sb9JO64UVJzDaZVpoKrV9U/FMsSNuQSSESYgmIMQ2VD3z38ZAUQvfHVB8hBLMRh50ZK0lc5JV7cJDlWotz4YQSx9QLCyBUx+X8SowfFvmMLlLs5hnAAJlFxV2vXuxZRKmUEyL9H3QYePA1SHPXr2TdJwQ84Pu5LRxuYR7STosh7kGMnGAI4NqKy83FLmqdcZGfQZwX0pCA/qqtVxy2fBYYnIDpkBacjmBTMhpqmo//UPknkwYqnSSb4WwrUAunCgjruRfHCmLOjTV3Lq2J8Pea/Ptt2oWstBFQN/kIIYki1MNnb4/GyVy8d//sPWh//D+oHKTHGVLUd/DLGD8vGyI9aYEUfWoZycE61ys++kCltCYSiHE+djSsmozmKCSu81RbuAXzCggRFtgs0eSuEdp10/xpi4T2RgFpESnrTUxYgGZEKIhgwiuhQYNoQXqioUXRXVTpV8Tdj9noNqVs3/AlIyWIyLe7WQObYGQTGfqb17Dgs8MQi2SKsivC1yPAWrH2kRNnJpPUFnP91DeCz4390ZmfKVhXS8DEBFYVosUToSAEhnxDl2oSj8CcHdXtRcjSSWCsMZ3WF3tkupbJVTf54eKcGcUQ57Ov2dldR+/Kp9LiI9vgA4310pBfuq2dNuNRzy4cOPthS0vl8pQrG2j35JSj6mLtBaZAfcFJQf3n/QNOqTMAaysNgOdf50aj4/PVC5Aynf3cdPngCQBT483MmdPpslZFVThKFC2suai7p2uPMOigLorx9/9k+Di0WvUXZgMK9pOCnOVmiZmEWJTMsErV1ETXqyQsLU5GsL05+MyqZQjw8mxHHy4X2bAMsZeD6F9+7jXsXm/b+cu41OiGVJTqKmF6ZmbUc5manwtfFigFSAtRAUo0H+7e0Nr0GipWnUbznaF+9Wu2zwFRpUNDvnFRcyAAMIWv4mtUuv8n/U5FfpGrBSYXbQCFg5XBT01ZGEMh2u9VKx1WlooPmJeqXAmWuk/1xJ0CLPYtysJ4OhcDWmREUk0v/xpz9Iann4ZurQkRudQAEm/56xMLqchSoXGRxVLl8gNgPPJpWbjo5RybVpADAQNjdFvrYtU5aFuFFd69RkKBuAMe9p2SgmGwek3I3eHd+w/w7OmSrpQSSPN0IsYnqHjmSxNPvi9fPD/fp3lKss2n1nrtIg8nx+eL79IFH3Vpv8pExxlu+5cq3dw7NHshhw0YkSU4eBw69fvRBSHu8fcZKY1E0iKG26emtBxed6k71DPKds8IpVSS2vmyJv/R9h9kyukcuLMm9Ct2xVWwq4av1J/gwVWngBBzifveYRMqsbaZtUHLDPDZoa+MRmHocvAmRdBToLgq9tvv3d4osivS6MxYKJrJUMaqe476/s7wj7/cMjE5BKEqSchCWzbH0/BKSjNYH6xGzLadm62QOMUCIbs9cUwoykmk7vCWx5ACvYRlRJm0RzJk7PkaHmuYjIklulchKqbPFcPKacNWc3GWoPZDRIwdS1oAUsGUZZ4WwNAlwUGB2VkuiKs2hCCEQWDZ3DzKpmrz5EiXRyyH1WjJZJrBBbk4VYbMHeRbfyCB8BNGNmY4tG+V/wo22uFBlKn/iqPASobvxMVbijJMKOfqIaNc5PdIWDRCmqOeiKAI+IkOSLglSUJU1fNQTskOkqG/cNnkUaaH4jpJZO0QX9pJdNAMa94kRMqBPlEM/1TwIahEA4gpmcNOe1J24hLjOoO+HskIUkt8iC4AQ24UJKgVZ3AUoQSRxBtObTcOCCDGgJwg8syEwCtYYj3lW/63GOZNxNMJFAbSMvYIGoepejvN+ktkxoJOEFLevfC3jZykQZCwyYvODPjOufJOEwTbi82yE6lHehTCfjcyn5DAtseWhCYQ1CbuPkFBJhcVc0YmhcFUHZMFkiUoISs0e3oahw2vI/tksQF1szwKxPzQlnIsltVjCoNUzjWQ1uBTOmWuFLojVx3avwEQoEmkkTaFYfGkH87ddf/vx//n9fn7+3EcFIi/NjR1VRdZiRjG6suJho/VEwR6KGliNNZt2DBdNDSpVooJrI91HHd0zHXDLIYrvcFTITbS1eaR7PUYmisFcXeRVrqjo+KjnUZLNBPFDjUoE1sQgR5iInVJqAaTSkWUpXFHY6ObqKEoLLtboP13rZVV/NUzj2fJyM65jEQvqhfCmGYx+X2FXqTfkxzpPTXuhwym7gC4mKBJg1MqrqHukmy5ObxfgLV0NUPyUgSvpkApGADscHTkyNxSFwvZiVxRdxJh6E2K0P0YX3iba+/IAq1qGyOQI0vk6l1Nz1aGWauVICTSFFmcl/6lFqxUA2r2r8UD1MMrglcDRqJ5GbD1fvjM+0eYWXbfRyvDZv85yoCFMvrpfLNdpXY9bHtW3hK557oPj5yw8frjVoiDUGbtzFZYZgrUQp1xZRyau8UFyfjzhgVJKPrp/6RvNvVZnGSWMtNzD1LC3QaOnRPT4QSkkkdVLT5Tujj/rBcUmbWOi9f5KzV98fHh9ub9+JlI0Ueo7YM9SVU3L6Lsi2DEtrlUbtpfKFsz01FihdsAAEdNkBrXsYmTHVUNKFAZhQY5is7jw98/2bx1+AsnJR9MIafr9d9owFhsQchEVtz1jwdFopjnPXgrhYUFAifOJcs7SAw1DpSUyZqqkqxDC6mpGI9auAKpSD58wMZl7iKIA6oLNs6t8DvMuBsJV83Zes//T+h7hmdEWCjOxYTsJcXFywmE8GOFFHhwvscq2HwQwT9EhyDz8yBT0CIW1WO/9OT0Grci0496PS1z06PSo3ylsyjRBPjTv4/GgvmDIxuc+L/5bQs5SmTCmJEZ5kUeculUsS2ZJnya3nS+CT9dfv3s3IiBWgQfMv0rN8IN+v/YBIWpMsZSGFoOKJqnaxpq/EKJeyhHWPm7CK51eWKJi6MTrOmL94hl3XwrggiRgv9NiRLXLovrHDOhu9XhlZ7CG11d6U53EiiRe91w+huXoKZf8PT08EbFdD9uk2UWe4JqsFAAAgAElEQVR2Ztg3IhRBJZmeKWnKwy28xKeIZ078nTcB9mJnW75/uvMkVt1d5PMmY4oNO+zxaozWv7rq2QKmmAeAKr07zNbW8B1ikPSXSUOQOSSZPAVApxmbej1rIsy0sqpSBRz3MpkXg3PN9eUx6oDN8QewL0dwqjEW1M06HG+GtzQtqDD5h2fFkyAxr3gXg5gc3GYPOW49NDeihFBdOgACm5Ay4+wZbreLi8PYLWYfLTXcCgVGCxQJL5YEVQM5Tl+IOGSos2hZjoBCkEY+emNs7S9s0Rln6iAWxEWdyO9zODvl1ScaNslNCDYYc8v4rl7z38DGXBVcarAtuFSJCZUUgr5vss7mlKtwzCQZhcJJQ3EcAelEUYECqIGvMZyMEs0YwF7JMkMRNl9GmE8en05w7ca8KVWBCmvdysKBWBeC6Sd8GIT76A91Sk4o2VfERBQi/eD5QKpWVKvJeUs7gI01HOTYuIna2GrVDhbqBMbguE8micbtziOvyjWLCaXa/VfdrU7cNxMykNDGb4SR7cy2QioUQFQ4FvVSW2+HK2LoSEHBmAllmIEYti6A5x7hTE/YcC9yViXeZuixIv5BHW/BKlZYTz9WwMFDkmllj6cyn5691fbj3//+X7/+8vHqjRUtgkuokyPw/oY2WrQ+OIifoswKVNb9QwHRujfHgqLWSOVco6IDOLCOXSKYFzvJXgCM1yCxyhLDkkJhrBm7PCNBTujKRX9AQMnfVk/7PAlnNfuPXMD8r1TaSEkvpskTQEPfId7d0k0lKuP/qqwa9lcryWK5cBYzKVVQeEkfI2n/qytgRdwIG8DoFhzr4ie8fGNiAGaiU7ny+UOH54NfNzMhP4XRrM8nIlBHAvNa/sVjKTNRunyKDIyqI6prkaOan2QWsoDswxvGNQjDOEZDmx+kvsSxkpA4KE7ASK40fWQ6PXRSsYr0Cw1KU8bD0zf7/1liKAqQAaP1oIhtoi28M0CiXTGGApm8S35GM1IuPD9/ZOU1lnaG/vqUOxGfxrvhhK+f3928iz60IR+dTGTNgAGXBh6Nl5nYk4x+MRtIROazqk4xjQhewfDhXz//s0bL6LoU9uHBqkSN391DU96Mjf/IOD0avHyjRxk2vvjGfj24hU1DyTQsILtehup5lWbukpDctWaz7PvrG6srn+4ejf4UJkulLj3EgWttMze2OrEORAOW118e2tyk2fbP94QnmIKTxAwjWfH2ZMc79SyGkzURrGp4ae8SQzF0Mr00r1TDVtAr7pnkjuslWy8zA2llrVVdz+xKaQeKOUB9SUPH6mxIOBHPT0EuNtPMoujsB7OEIJvN47Kj/slTsXr77p01iItpv9+d+THxF4Pb6Ej5bo9h+BenWR16CEIQeFrjxBS7fWPkrAIk4skVvd5SLjot8RIhMjfM07Kxam9KjLDMI41I9LY6UDk+aBUfEup7fv3+7p1XV5/ZQBlP3uYWfgkcU9Yp8trPX+xAVM+eVMGXxLMTPNTr8CzU014W7EHd6wYgn770/HKm2CTsW10dhc3NUmaG4VHBDW/aHac8y/ZMjw/vDAZ6z8rj5/e37+gx23ndq4NQ7ymZ3JYwvjxrwvUKVPIWZgmrxh5M6wj0rXIy/ZA60p7GfstHbj68w4jexWJpbxVnOsnDULeU0Wg0P+zRpbTmcr6+dEdcIwCBN9tzTTJqAwIZH3ycU1+qjQi8g+7C81D6dUlYRmhxZussGqIgGETKUHnD6buQuQWc4+MYu7R18cMXg2/ku6aZ7PHh/wZ9IE/auwRFFoEkM9/UGb4UheT6BFlNNuIKXgpJv58o0J3yr4FzP9uVpdFg438s8/T/Ic60sAIsQMRf8FQtPGk7KVW5NFdBIAscMDS9DPDC/a4UuYlig6ZiAB7UzWv2cYakeegB62ZEAxWCelOuZ9uQYl8wGviYUstZbQGOa3y01CJnnQG3SYYRkO1kUnVkHmRLdEt/EAJ87akKJXoK+W2S/MivEkkeNcUDdc47GxvZykpUUHAkBxqf0ZfSiGqMSErUE/8I7CVIxHpETVUVDC9qVI/TGFNZW8qRxa0A7E89N6vsVBGUbwx73LqlX53CGwdOs+hLOw3MeeDqRXMVS3b01UjluATyyLpv/8OeOhNjNh8xsILsKcjRMLFGhCbDv3jLNuM7wrLnwalq2EDFVXrJFlxL3CAhoArTC/UpJ9GhUNEgpWQD/lzY8OoRzEo3IDTIGUHSi24fYk66qQAF9UNMsSjBSiBSaqbamMX0VubIYWf0CV8B5yup4uQyaNFu+rZnKW3+8Hz/y6//+ttf/r5lJPUO1NhAeghC5hN5CAwvUgYRQeNgLPdVYBcLACAWFxSP3S7MzNPgBMQtKw1LzYFyQK6VAIQRCACNoJQY6jR3kBdOcL4DkQxDMtEX3tzsQ+IIpb6RW5HOIBAJo3p6VLhYFB+uViJOKgu2ywFBG5DD1XcszxROyewjWDOHWFhYyWwOtlURREVKV3qMOZX7Nq5bEZ7ZBq31CkChjMPPEtyj3qwpCkx/TIov9ptmut6nEr7EiYpG0o7cV80XmBOn6wWKgmGCitFBDlCUuKGw0i+qno463fmRSwUUQemcwy3mNnmNSl/0OQomqNANwinzSVblKYrXNpHpOQ/zfdobpGsrhXqkysbssaQpMgTCfLVAFld50ERO6W17FtQ1KuFlKm91X27M8+o73H38qP0Dt+dFHp/lBBZEGc9g0aaCawJNZz8/P3x5PA+x1iBq9T1uEsNtWfL88CS389SnK0hHV5KpYW6vPPTotWHXM6xGoVxBQ1jo8+KNN7hw0QahEqDU9jMs2mc8rtE1cVl3vRbUoNGVZ0tvhFo7qiCMYE03f2+Vbz0xdCKMeeAdGVSj0y5LyAs8lwPeVvnb2uU0IIwNBRpdE4SOy+gKuLkioRPHFEX8mYCpVgB4kHH4XmNLO7LbBpb6YYKqpzlwNOaq1CadJrMxWvIIsNhqjFDcBHUazShCwApYfu4jLm+QkRHkjO58+PDBMsmZhUvuLri+uGRcR3MEtJuaD/MMaKFvQT92vlqs+ebVFePKg+hotqxJlPCZqTSGELeLmH6LKgJGCQtr6WOYDXMpQn1kKXF5eevpconFF1bz/N4rEmm2t+t9+5oVNf3bQzHk1fBRw8k0awBcD4ci3r//QKzWgCLVKHBwXr020dzTvnovtpC9u9Mp8Vq81j4AulcdGohE0t3dvZQRF1RtLJiFUGyM3Hig5I2XT4JACzNvcb8lFqRjILYGqa2CKkxmMkJrUkFuxJGFsery4yrnQ9+eszpkaW45WhlDgOehRMuIBJ03nqdpYaUhBm1qmkEV4+GNr25ur9gJZyQrT/GLhT6EbIvNkh1WQaaimUHwvdk5QQFfAFpjn3HQQRqgc4QJ5pnYRrCy59Iapt+IfpZV0nmKVYf5ZwgFI0YEjA3b1an9KMB1fQ7MTkIAHmtjKm5mrOSMHUJ2O6ZcdDe7yh2Cv1hIuNWol0uSpwWurc2us8CcwynDjROXm1MqFyr72WB/rOWs/td0E9FKqYwYvZuaY4AcEJiz3BY89LOZPlIYlEZ5pRyBkBBFeIUdkW5CGGceEs9LsrZ8EmyguoNH1TlH1CTleFQyzcoeNiYXWKBeHKvU9bCJVX9xDKuLiZecy7lXn8q65zQyfKZWkGPQVxebe0dKVCbYCi5xFUOcdCUqGQGyE+3qcYGCTaxOzsBUM+7Glxgs4LiVFSEwnwGDGMui1Iud6GqTD4BSXPlfiTJkRKdmGW+7BSmcb/jMHlysTNJAmKI0EmM0pKRyB1+ZFgShSxzeyWScoihdzcKunTeAZFJxppS2Qq8IWWhQHtFTX2d4VaXMH9H11WcJEelDG4OIgYFm62XlVjSjK50kN8Qm4pTr0sQxM8K/20gmAohmROsEE5mO7IhPXVlUM3Jxjq8MgIJeWAMAH+61lMQoW2rKsHQ+zd7c+Xf/6de///Uvj3dP3jsbuykJv4AFOUEFwVdtIyGhp/RgFCEu0eYOiTZmjyiiKxXk8kkVhbtAlF2thz2HFa36RGD/abERQx8u4SOOI3TKS+TK9B+EmUW/Z0QiTWcF4ZgMu54k01NCzojizVcG41eFl5SOBqsKRvVHhkKBqvju4T3jOfWPRToBMi5eSriQizpLaVpm6SCj8mSBIK795cZdjRB25H8CiBQMBSsL6CIgE3rq6hSwo42IPoVfkPzOz6mtFJ2/lJ5Eo5gK1wKXPAOQpcZ4ljyCQzd3jYCXWmhMy5EzelT0AYqMxh6NCnONxIQ68+t6xu0O+WKFES7VYJcPWpaLN88ezGzPF8/tPjZlp+m78VTvkw3bvCJFWnjRe2Z5oiayl6TJxnji25uL9+9vpFZKXt/cEsjF5fXz029WIJYn1WZaDfakFenVxk8RSFPG9Sx23FvRLlhQyq6NMTxz2eRjK8/sd23TnPRlIq/Nui/eeN6TAI3QuQ6I8lIcAO/vHr9eFVU1JTpWsk4/XtaB+0dzzY0Umh1vAZkYdvLCAoaRsbUH0g5AjbhIRkhtgswFAcwaihS6aY/mnS03u3+4ExYZjoKkmie++q4Ph0K386MpUFeDPr2NptfIoOjJIxeZYyrbWGmeWAgoCquU1hrz4nepKaOj2vTtK81PwcVltwHxK8SyWM4II/7o1K2CTMBWMV1vmU3DeMLr8QvuQC+Xf/ijBYg0SIeyECYYAWgzRBoxQwlYMQPIDnKkjvos+hCEDrzvHgpRO+FaKig1xInBMkSi7fdP3E/71t55wx6M354femCCZvf8R8tAGYP3JhvQlQp9uLUzpUsNwlmqCFmdBAFJ9k13X9nDg6KG92gQI7c3N1kFNE+1HJfsiDsbNXyo1yGPXf7JHqNVoqnnop+jwMdPH1v9CKwU1qYM9sG296HtOe+9B7INpas4RWMRhUZq395KMMkF97zsTQtn3154tPnx6aEmueFEs9VvLb/lcwSqs2/K2wCLAehmwz3b8ijFsacTAr5Z43F10WNhG4ErW3UlTpAqxKZabsW6aLC4mXlfN+KIACP9uerVNenzystb2b52l2KKXSxEKOl9W3Xw2V4qYAvE5XzQCg+p3rS+rLmUWhQSHDPXmZ2oJcVpW8QzE0sa/gzYp1CJggq99lD2Xw4HfnJhEJl1Vv5ivtlUSi/RAlqZAmnNZMkZ5KqolhMvLzlwAggFI1cuy8swhWW/LpE96FkndMhBsVxK7lGhkZ0FrC7i6wQl0hl0NfGpRWtiYYzSZgFnUbS8pYwkpqM34EMJ9JqlxFsPlbqTeARFi2olqrUM/T9wE0VUAEQNThK+8h2Ez/CT5y93GnE498wXHY29o4TKlS3DGbmjKHlhEtUxDP6sX23WP0VXqjADJclP3dVVsjlrV8ChMgeZQI3wrLw6buheZD8FiBFf4pJAyAeHh6yoXpYWU2lp3JEiT8K8i7WqkItF6jHG9I2PYgnSSWikG4yohOsapRpfdWJtVhHnJNtel6gdSS6gXcTcnUhnDGKh7aKSBdh1uQuWDExVNo/9ulsTZAKjendiPrw9Xwt20TgHNpihiMLLBnYxY8Z8I0epXRhajO+isi3ic9l9wRkPoxl3mQ0kwTr3DfypXNDoDiFnGv0x+skDrXBwewRXO73WmLQGcQaVIBitObhH2/8+PN3945//+z//9Q8uum62Sv4mvywYEqqguaPeNI56P5mRBG5shR/wPEzVqmdUjkdZpqdc1Jy/+fhYVILUUkXaVsvk8gaYtjy9Uc7WIASdJqIlaeC9QY4Znl9ScAsGZhJ5CW2cKxhJM8ruoyO7SoW1ZVpv8JIQxO75alZlIac+e2yAELgEvdLgp9J0hgo3qx9Wn86mrw4mDwbE2k5qqMFASECi5JTnzUMBk89LOpiXR0viQLWz0YS+UMlyisBx3fUJMVydkMA4cs8ZEWCeGhK8EvOhEbZ6acjFkBFFFSaCejsDnmRAGNh4j5qjwhxttPmt4vg/gIFwp2uKDlCO9PU3G9DkP68/7aHI3vbRc7XfHu7bH+ThsyUOv5HS1c3Vp7tP5mqlU6gtIsTP60+fPjUeZwzGwvkJ3cCG8RtNLAqMIGq+eL6L2nsabqr3wc6IXrBrqwyNWcK6tuecN9p5rvOdpu77vaTPg8Mc4+n59v17tCHYLKHMgFQ8QC0sldjh224jH25ocTRwHfsbe3P0FcWyFaorRuwxQxfc4v8aM83tMyByTbJ/410prpvyM5++N+9lP/IcI0gUYHigFgv871KPbRoMAMPVPVzq1fgZ7RouZePkSbEJh5SLNmacz/xQ7p8vzcQWJ9PUrKJolWLismSuuhVElLjAm0rT0KCC+FSkyI/WtDH242ActccLlEkHnvrIbsDIULRVGXPCg5Iu3pjFf28GPN9Fo89cptJ91FG3aO7GvCJbgwdfQKJVpXmMYeALg10k0KZHkuiyO15F/AIWCDW3ArC6yhCOO3cPJkZ001HV0/G8UD5UjSmX1E3CoorJJxUtxVJ0JqTAhOsZ4rRjyDgxmbT6VqL5+OWzJEv8fYO9CzvaSFkWSWWwNzdyaMzbVknKKQ1KMinRMxZtCk1it7dXhvRsih1JxpFfGR30gLNkEwrajtS8Bz7Px+yl4U7MhJsHd6vW9MIWS+8M7OnJNBhpaiJJNsbpHilb1GufRvIEgz3RtozYILc57Kz0m7172sdRtlQ0yCJy00LhdDlrwZKs8dUXz++6/koXzPsgtYRd7K3MnpRvlbCFofl8XXjLP2jnPdi2A9B3agoevUBqkgoRIckwi0KkYda+tbhAUx/z4peMoKmEtLEnrASAtZGKZ6xljOb7ET2bEdegxUhl0v+klqtxNoVPApKNrfXgyi1AHqxtCr3Gu4DC2KJO8pRJljEhCJAtZDUY/ULzsdbalxBUOyuV3Ihi8TkjTxM5zdhWkSVXzF0fHanZtswlkUv5OOlcBVb0q4rafnKAnbXtZwCxKSl5w0YBPMVoCEdasjPpgecF+CXklcAZv3K0LwTWJUANhiHRm1DDfMJcsUjetTHVPF0hj6LwB0ZV6A1l81btC7A1f34y2qibzSKgtUM2gypHc7ahqCISkMXHtiuCUFYCdA7LitwrYCw+CF2FiIgBu1HnkPq/oDRKOEFNPIxA1PkWFFkveSXzLsZRLVUrY+PYB5nwOeAeO/PFEtZUwk2m+1pKQU2IrLn0GVvsztA5nLQWYUniMDD1BerA943BI5ZQJrPCD55ieyZgaQsIJ8tGRRcjLRgIag4ZAQQ6JhRrasV38lmRzAiFZJe6lW7BCLKGYkzmpcMZpwuuX6XAcR/dRu5b6kkQAeLIOnaKRaK/3qQStDmk5T0WH1qt/Xz32y8///n//JmLNj5R8SxgvpDqnWZ9FClelpYFL2zuxXTGAtuohDTC+67MtDudZAhKJNzpKyvrMOOIIuVf4PKB2kmdev3HjsgioybBgUiCuQ34CKHUxULAaSQUHSidEa1LG2LV1SEAsj5BUbEyp3DnJL4Lj/PNIZraELWLZCGglrEPOtScHeGje88pgOFWHE05I7QmrNZoBtTQgRhbLuAmKqqeLkdwYnPdyQtzER38SkfdOTonCTghxP1K+XE2yIO38qdWROXrVQlKSnH4EpsO7y8UJSXijKRhyGhUHO7YjsCibOYx2YfLafC6NBTUmmZD2eUsQxn6E5Dsm/HWo/JmtTS0CUpqdHHliU6OrNl7/PIo39M1YIQMzTjfw6cHxi8nMOqjnqYwI/7y1XL7awONxo8E3PpSVP21TKEl/70K2SiQbSY9NIA41BC9dba4+fTpN42+4SCs0LcnVwp+vQq5qDd+MyfjNzYTcZQ2TDHaN67cQobXYjJ2QHvmghmm0SblmxNX23Y8n59vLq84Dgnv8dA6nOBoNgnCzixIY3XhUIvhSCWfkxhqE+laFO19WZEWjpLbk44oamXlnVG4Ec0pM4vjHS2bo1fTB+IjKgYEhXW1F8nKjSO5UOoI8PjNBrqRJPLgfIrrkSfypuoCFZqIgAWjih9CpFXOFlSXNuczSMoORq7y9U073ztUqFKe3Qo/bB8OC4kBghy6jCRTVtyF/qmqQLIILoflKW73YRVG48pBGMdO3XNRndEsNCWgOgMDTvppcyMA5Cb1YlYhzcKr4ktKJ7ViPODqtDx/fhiWq95V9/QkMcICOCgwwg244TsDjnRWot9+k21MXZS+NODdI3TttfngXYsSSN0JqwzbTZ1FmcWmRNPXBk8pjRZYEs50RwweBoRoia5hrjSl716fZ+MozG/tIsvyrLoUWPdJ7+NsQyb18cyyoPmIKr0Eb2CW1Flk8cOHH0iKgXsHDwjri5icIQkUJSPCSRW1k+TdsgdYmIj76DEwadsjPS7GViBVSIlaYeRlDNkGYF6IIk917zynMl1RHOBl37LCDam7XGtRzde2PySuTKc/ppECj1s1Mud69FCtaw6m3KW2rB1hUH66u8ODxelpsmeqUDcbr2mDVBWRlixiU5gZvUx79tHIrlhORXWyhfaQ9c7ORDOry0DQxOmzk5KgwawT5cLajY7yhqNFl7CQvVbPJ7pU9JujgOs80YIGVJ+5A6vPDX0UdnsCWb15oivJrYRSB5C1zBrASyrJUgFePrcOuG5AkJ/rh1Nx7uxmkJOoe5HXV02ew95YFYPlrxVTLfrdK2xP/NEdqXVDai7H/ovqIz4ZGOWOkq7m+pXmrSFs/DuoSuVsdZbIo9wt7efz4YPJryP6ypldVm6/CSQhTobyphI+ekKvAxc98bOAFobzr/YOktqxGMVzVlrvghAzhoELWwyOciXJSRVQ6phB023sHWoM9Fmb0yB7dqCP3E0ExP2IrheWAA606IiePoJ9Yl0vBWwXylsqFzFYOSE0q08ivtE5qTihRJ/WxkjbugxH3deEkCn6G59+pyK1F1PEk5Vt3BUp8wLM1YdJIMtRUQAa8CKD5hjBhIROz5OFnqhFtx5ettXIvfem/OXjv34TPRWJCnWLosmDfYwSHKFmRubcb4aT2WOSnsawWssDZ4huHFwTJgXMYYBGfErsbskIUBB1bQoRoppWybyFUTgis6ZxAsxcxI1sEafkNMUkUbS4XtY24YhnJJEeUmdaUjGZhDGUO+xabWOuFxE+XY+UfqmsEgGsHdpxBBA0dXWPRKLBsS/FjTi6mQUQlYW93unRFLPEsPwlKl6cKun6x7JmbS+Kxkfe7tMvsBldDGVpnSZUuPBQf7Jrbie6wHZUKEqJrlVrthjHoQOAekimo/lNJKiaZST8MgQHXQtKdaqWSQ+16wGqyAGxjb6cTZsTeRSGvHGHKqmJ3jetqVrgVrO5diYvZzKJZrrrq+crHwyKvPtwa47sacu8QCEs5v70ILd4VsvTyhb+S5f0HEzYe8Dz6tW1R5UfPt6194ccE1aruB6e2E3N8GlLUNsKQqOMWtSWZ3kMU5/DVoh2sDZMjRhz0K0KnR0TaOGQ4BaJeGO2ZzrR3LESbBjjtUegGgCRlRa65ALm/bhDGn7zyvw1eE6T09t29KAkM62njQedLSCSiZsk9Zxq69iMpei9bfr4+LqG1Sy2By2UKpCxdQu3v331krfFCOzqpRPGcQ1WXIm0Wc/86+umjzKeGMktptTKuN0qyXFcgEDz4Bc9eJwC9h6ZDefY6k2RhTMt/awj7vGS2Vdutgt3IZbRZFhKCMfeCEdmFq+0zAwlC+tR4kTERFlpCiJdKz4EPCkb6DG6AmFOlV27lXHWQTVtzXiWTXRHicxUAFWkxLdnOHjeQqMBKkypnGX4U9nYF/apnyLl3zFrf5YcYm44uRD408dPbMluSobJ0EhCaN+yoTeXXrKnwVbx4oKx5WbEUaaSaNslm2EU05mHfzT0HIuXrY0tZwLO9jf396q/u+25IisDMqHXxgvbm8YiIAZZsZwuDsNQZrBkF9BYUb6A4hYdSRXLlaat+irZ5muPBxG5ksYIsG06ybMyWLfB+9OjGepUyN6QlIhANxAFYolL0gIBhZCLviB7MkSBS0+OG/1ZIDNF/yCb8wjRbD5HSHsX3vFIQ+1MZlinZ2gKSv5oi5gJUSgUHEgMvaHboI4Sm6PK3pCfXXGHMvjkyjhYKr2niR4z//LzLz+zHqQVcTM8Ox1oIZKJWJSLEZCnX+FQ0TuTUlGz6Cwn2Ngbm4JTNlg6W5eV4mDjDpCeEhEwonCNNuUVFkBQRPrnQhlwVu8uDymAUF53BQPKCsXso0Zh4b9JeTHB5+TAnLcnsXygR522Bg/FSx9UNaqtbh0MtLjErkS8nQCavdG0Rt6UStMO+Iurcp1jmIWaPXKHGwAD4g+ERqsb254zlM/nZ5pXDFR+2QIX55+YWkdU9UZVG1knmWLC8o9oVSYmjvQwcowJO+3WEMYJILvSwwG/gYA1KCeYQKkMOTtAFfHRYVsykYXucZtUkdgoYTuFtQrRKRjtj8iqeDXK83SWo1AdQlUyronUERtJhUcI2Y3MeHlbYwRApm3cZX/RXEGHKGH3nXAhw73NQxQ3Ap64kj+dAjQTmIcwyUxNcYAYIChJK78uugUYulzOhwbCdiDFUnAXT5VUv3uRtIgHYzCVKA/xyQN6qjJysvm1Fu5nb6pbN5Jy6jnHKjD1H4p+RbYADMqCiWkFNOLS6mwDMd6b8vGf//rH3//83wgq7LYHmHXTZ5qVVSUmVXyVYCsQqbRhoJRLoMQHyshN7Dgbwo5DuxB2Ql0dLM6rdZ0+3Bz1iilYOWwGMC/V4RYFxKYCTeYfV4WTPn5IJsKKOVCX4ZWk+0z4pwT4ApzyQEdp5KgyiaLDcP2R38SF6qhDkoLFzEN849ZrFQ9/IwJOgoizieKQVEXyTRApllDchoDNsCTybEuTDRrMBcGMoCOltKg44ibHjGSCMGy+ayvYbQV8Jb1ENVxhqdpU4WQa2J2MJHMoCg9wskkew5obnbLRH2QgZ6KAdObSUGRA8JHI+r+n2ACt/FIaLzkAACAASURBVEYgquITWdzed+WnnUmUqN7cP37xQIgV+mTumd+Hh3sXe3D58ZFJSReTAaG9fuMFzbYv/nx3/+EPP1gU9vD5XjC4urFH9tcbW8m0HITBt8WuhYrsV5B5slWNiT8DPJetrPdCIBvECSoyc7mjZwsMJaIMjgWOtghWNhf5+vXdzS0Nz1sEVg+3PBiikrbaCsRY0e176VizgYzx+v07YqmVnS8wS2NORRJtHrfsLSbptv2QjUj15j05X80IH+Mmm8PKhl1TuBm7y7caUQNRxEflNan8n44afIok9qLFExqtpNywGf8zOWiqMwfmFqPUm1QKnjDW2NeupDk6DZLz0vts3A1CTsnTtuoOlEln2hpfuwFn5TNkYCAr8J4J6Iyi9ktJSAqKzNtdUWbXexCvOKilbrD8jafEZSGflsKqVVAf9qy7ZLT0KXqLMi+fc/DCQ2QnEHjjyL0ikB/NStYbzdhWtYmYXADJmq1N0+wFKl+lRltO0juLb2KyscCe8yh3aW1lA10eAJdKeh4JJXlsHgU8MzNy7Mn3ggZ7QC57oGTkEbkVEgZ3Wwpj/WIjxPlWHInCRn913r69MtsLBaEL3+yfvXhhWCmsIcObm3BQtK6A19DZprvHk+tPzlMTtgdo5ED6UIbxSJlfYOfz9yfF7FmrRTOOTibGP60Olc5qJtsu0VP/puRkqNqAWuY3BukZB37wRaC0AwvPoYG6bRvSRhKbwrr0LuKZjXdycMw3l0+yZNtre2SqaXFjil7ox/m+RGqUv1ijuLWOX70tEY/fMWA0kDqpUj75nJSDyMsJ9kn5zUdL+1CypEdqKNcvD2tEFuOpgxKk8oWoV5/uPU/5sRyFPc2of7fWCgOSyWYvmcRMuXUgBvgBrfPgoopZzkwdBdUoQfSBjFoYK9X4A7Diwcr8RPH48R9gkgRP19QChVldQj6hWIWFWpVdkdiwC5QFLpNmYrIMSNXg/rys6Er4BczMfflNGILXJfRIIuYqykXQGENyJoS2Aa/35LH06og05eYElONl9mipmUFj4sxlGxAYmEQcJy5lMIUDh/FX8Ih0/Ig52IAxj53XJoOE1qjQ5BkY9dCGfWawhDfyXWU52kJqxObG7HsKDI4cUKBCVTntPBklNhwLh5yQ20WOL4HudDXdmWETZdqaCUfroca3WsByk/RDeIc/vEVQRlDZSQmhJJAFLCJloqV4sgMPbrNSFKpR6uwggSi+imhgpcUvvdmujElSSHCxnHCcVTUM3dlBzKIo1UtV3Qh7OUKCbblCGBBoNUTiLImJ7vK5yFSBHOMoVY6W5FNgXe+oBFEAPDYGaW63mMnZHWT4WUZDBtARcanQJDzydAFLUttUxGTK05f7Xz/++pf/7/99vLcSq4aKQViXgAoMI12QIzEWUMKcZotmcQ+sAmvUYytJhIVkklSZfra4cYB82vmsLa4U6CdkDsI18RbHywwFoRJDPWLxumMXlCYUYE6tageyswQ13xhxmO+iy8dQK5gxVTChqRKxQZpJOCo2uNNg3A6ID2jW5Wqglax/+W/k1cz5wQnWdA6DWv1F0+TQwtc8QlgGK9kxjJELLKbV9clkEYi0+onOpC0TVjeDlQqGOoaJM1XD3xe+XAuIP0ZVB6jTggJmoi93mE6GrmrdjlvlR7yvTIsOj3j+/0zdaZIcS5amZ4wxATezKEIhhcvgP3L/O2GzuqvZzarMC8QMBPi8nzpu0wNwN1NTPXpmPTpa5SrRX18plKQAjhv5HUgeqhNx2fBtpCfKkxSrR0ncYCM/vjkkpJjOsJNJ1p+WNZRDFOXUGwi/f3v4j5bqT5znkILU2CE1EdDY+M+vd1+9FtkQSzL72HvzVGvoUOvZAjJ92c+fnetreI3Na6gEl2czr3oplJlCU9vctOJencd9mG5+ebmv58UoHN72sdOtWtqmDRBcqp8iw3W+VSMtRURJmCgGX9M9WiW+/HzRwpHzu8b8bloITQd4/dphLWVGOA6JGDqg2/vZOutOcbTBDX+3GL+xRk44hdFIm0o28i941YhHM6C/HPSj7bDlICtOaK2IbpDLgktsIgc+Fcdjbcp4rIaPZZJkEstnGYl3CnKkUOOdzyyPguqhQ33srfY9a0r/KJYRqUFO0GlBssCWssau2IuBHvhndR3rlatgloIPSekxZ9FiP7s45FUnZVijJT2nIqG4doaVxVcLEjzsR0IY1I6sjYJAc8HSjUHe3V79y9/+Z1lpbFs+vEDRnrwfNvp4AWNNP7De5U3EoKihqkBTBdunt0q2sJNZHQfqUatL0ZiyEbZGPRThFgIipnUCIacR/Eix8ePaikNB1bySlhtXNAXwkIffV+7V1hZL43aUzxe7nuleYVZvAGzC2uSooUiAuMP3TYxSJ82KSM5FA2g7jdrqv5Z1XWshnAPQAlzGpp9tHB1uhWtNS398bpOHi3Duj6B9oFdSrIy3uaQ4g1AwOWJjBfSq3ONMfSzhHcqxSWBNIRNZooMSiuCAR94DmSLh5wBnZJPuRnC9seYH3VYN3OgjFregrq3WravIHzD+Xx+QR+XCN9Q2lG6Rie1uRjW+eaOmy8S1jzuMnBb74tRzGipPailwQUwkRrmPdHCnzxzwPFgLiIDoUX2q0mDoZ6lBCXDilpL+AaeWgOV+PC43RXJTNSmtX5/hqXy1w/eEYsFNBwcSuGBHTq1Vs0MwzvcH32fP4ucA16iBX63nyUJ8wuXlxF6r1uCZaLa3gtEREyZqkn3SA3NI9hMLCVTVZASLSOOjlwMDNj5bxCCRgHhSGpO5xc4FZoVssSZBxs8xBGlBwykcocAIaRSg5TJwckqXpRfW2HjXQK46xqkKHNoZ1/MnhYVYSNV1RqbqubZElKiLJal046oQljGBFVkBGx7SkxzqsLbABedVcxSshx7hJjr7qslWsawSGhKtOevT49S+fs44nzLOS6Sn9f3GvdAfe9d1RQgfBqRJA/tQmrHu/CffE6hYUNug5KQPZ7hVMSvIvPNuVYstaFEIgv6nWJugH46xQKFxSN2YP3qnRXEkYotlC24awuxaW0QhWm9Tohmt3qvUiQUIWbM4Ak116Kp2PFynf9zf/+O//9u//fv/8w+QSQ5eh5MHremfxEZNITtEAjIJQTExpbBHn0J4xT0Y9m6QEf39x/Gxkypr1aKEmJQc/GXxHF8LI3RXecS1e5JCgMkEAaDE2vqR5BZbqr+fEjLXlC2GSgc1sUVSqNVEDxa+yoZJfeq62FRomiYVKkNm3ZPKDajWpE+SY2GBLryv9+mKEsBNvmxAdfNoLjpOhTxCrZV2tCIw0oN/AV11QKZ0qlNbrWJsqzY/xdxRoaJR+HF3no2TI5RJNtBYT/hYRTB9Rv4udHLCU3IOsWvsD7y6FxvmIPHD/RgU0XmihCQxY6vM4MeWkDso7DLFPDkhmlIgRyOXuFz7K9HMr70iXMGnD39+u780c0bmnp5nExam2DHw6k3KzASltp2ac338/uBsTojUiDwVssyGzQl2dgiVp/HtZaEPnz99ubHB2O4yi15+OFJb+/HVnpKQ0CjK1yvOqGVukH/aVs1vf/7DKMgOFbZI0AnZdiZ3UKLj5zCLrG2C5gjRKmq0djdCBBNRyNhtRjaPbNijmVYMagWTxV/cs6Vm9LiICGr0t52eVAEovtUpy28fnaj8bEcqNAxbCCw0i7Exf242GkjVOE/EpPaNIwW4Va9JbzU+M06HCr+KuOxLfXJ2MhqlQwECSEyDjJvtmESCoW+e0DtFPU7KqfbvC8l9AAzVXuUS6dSOEviH+OgSXYoLC3zDtEQx+akR6MgEdw4kVaioOdVPn7xHGzIrL6E8RYNlH7NgEyW79yv4XqeiVqAHytXyKuVuvyhtoBACeQE4BdN/PF4hgVQyrk4BGxVBjsFCwRKXzK8Ibowj6gkr2KHUEDXia5Dg56t3oXxs9aoRYudQdl6gPACxW+qSeejIWLTdEoVbwZOzoKNGWMYx8p1iYm96eefUQ8dQa/zetzjRG1PujfORuO36pNsKP4QJ/wWmno4h8dEqB3zl+u7sGuafnx3S2ZpIamOPc/RY2vgZLebHy08nwHFuu88nixBEUjv3rdjVgnSnQCHbokYnh9rS9Pzjj799AUrbQFMWfuMPLSNuUqpjc3xoDf9RgvVeDEkyWM8MJVIjljO9rmOEEEog+t87ThIRnWGYrw4kShsJ6R2S45CQT6yjk5/b0vzEgeKAVLBxRCpKZ0Cr+bponCMOGowk6LQW8XRqusOLMpE/vXzQuffpsCzKxp996gwAxSiCWnpCHPi8m2wqluw/1gWhwmUrO7SD6ZNOAxSW8lb7wC3zJcMc/vJJCMdgqb1KRoaEC1rnJ8xqgzbjiKt7qhYoyxDGiq5sgFxIBIhRSM3KGhhr5AlTjv1Wq+tVBD/Lcx0Mpukk09B59+pkLS6R+AgbS6NI3LYBXTxiK3zrb260Iz52n8rVgHIFIiKrhSUQerOMzb7WGCV9Q0EJ+5A8FiOIdV6o/c0TkGsDTfdQzOsf11bkWvbwWZdAn1ybisBGU1oeQqV7iWmtH8CNItcnUx9VmUSwgIr5jmm6KiK6WMtrCjIxqE8qEGsXfJawuzgKhIdjr262SR5sTwnhnPALSdlraAhRlcqj1IIdVpTHVYCkZvqnPsniwkJGXTzIgDZVxH4D1/mKQvOEXAzJ1y94OjiW0e3pVWusatFjTEj3g3jCCuV99itcyfMfOqCJqHl5DxlOuLkCN+5kSLROj0uJXhIfNEhCqD2S0FkFI0zxRuScGfOqG3b/7//+3//T//V/Yz7XGZNTiWa7FBguKe/YqX5U9eGjiQ7yJ0aOWeF+sMfX2VjaHLRDlqKFGckVmFYu4wDFz6dI+q3iIB0HlRvKUe2uhhEp6vGhF3gd9HBQRRd9XCW50w5m7RIyJWn7cud6VSWUPlMeBQcQjwToGQdkL1WoTrYBbtA0YaSUE5kbAKpjNchW1uRQuAXhq7pLubNGEEXrOEcStHBI9ZWfANTV2vQqO7TAwIcsRyRa0ujp6rCbooxAeZoOHJK+LmHzUZQJxLN4hknhXi9LNvWkdBMF9OFbNNdFdpCslAmB/mNzlZQGCqVTurxQq6Xqpp4uVFN+mdPass2de8SzfHKS88/vvS65qrP6dNaBheXDIhLGHN0bc8YKanot/OJOgPty+wVIHuXJEPfry5cvX2iCC01lZ7r2ChPhpvlBbXNe5u7GeybU2FZo/kKMXgDXPJdj6wpWcV0QBm1Kbvki+gjUqAbXR+HcFd+xMDAN4GjehK2dkdcaf9kWbfQy6e/fn0R4mnC2hA8mB3Vr4CyUlLJNDHHYR+ALGXrAGRVjOYjnr7NFJuBsZpxLyTAHiup1jvdlfU6RE6y8JBizzT2TS6Q5oxGGXj94aWtrR1GY+Eiacr91Ph8Roovw6FBy8UD5ZVKwyM9nQs+3eWS+bJ2SREttFK1nn6yLhEg9x5DgcgW+UxCIgcsuwF5iytJbTMTQLo8iQZ7FwiJES1W6qLDnHvWbarrisJfl/Ex9wzw4lCFHLqOb9HmQoi9LlMs3v+SvDnPregApIio8EovwDG3Z4+0wuU0hWj7ML/bGpldddLqXfwoQ2bU1vkiRRhg6No+8pXM4lVOiM3ZUC7NYkB3TugZGkjv7pnUDNOXq/ed34jOLZbkBIy8UA5+sEbSlXkVk5/rIRO1iWSN8JCrPw9M3B6njsFkUyLARJCHF0zXVQtle5whJxNHm2ztnNJoQG3bCr2bVs1L6aXsUlipbjyJNm29Py+KekcrcWZN78dJ/dakvOeBMO8nqwbXzJaWxk+bjXoCJhY0X4oMxbtZSD8/YXlowZaNlhV/aXTkbeTojUYyUmcAMME8Ah5VLYDXL+AzF1FFlSub4GjVUtyA2L7VCCCcr/A/O5C+7st2njVFeEEYFpg+Vly3KI9tN30UegwBIj/eQAygjzhBL/d5tOPVMYin+QSxQl5spswJ7FCTA93TElQqx7KJEZaQMWci5hmv5M4uhnf+RecDCs+zVltTqosWY4Ds65NCRGQwvT3RDCbovm+jxv9Lwr5XMHMKBHgyQJysWTmG4PISvGhBaRxdd1b7HYw3Y67jivKEbe7OqOasJ3aqgtvCUplZor00JCxmDhDAvU3flYueHZmGtu0xPzgRJRwwqLq+1D7LDHPwUH7wxmabZs2VIR3uxOY6YVWyg0piUAssuBWeYW6PvdMjtcJjOtL6TWFOPSIdxJETB2sGiTTisxVNnzNH84WloABBTPFYZh5gAt1ICxWyggYxgGkUCUr1FrtXMJ+VTEKT3BFAbD1y7RBdVni+tTpVhX8cSyCthEkNsPj5eTAWSXQKtWRZJotnH2IFcMbM8sVu1MBXVLIoNkwxK8/fJoRIwb5yOuM1GMVDzDYGBz/sm/r0Dt0H6b47F/teHbzaKarfidTIGO2RiAy5ozJXhAXymP5D0bAxPlsNC0ZK6OfZ3xEmqY8/JDilEyxmeLnqaAk0GG1Gnbll+rhQz+PMmWWLK8pOWMai4NoUU0h7omJIgpyHBQ3NUyDQk1aFvL3NhaCkVy7uBFgZxssuy4+HJttS1EmFa9dV5KillgMACSGG/0eEvY0AtjpMxfqmL1H6PJJYvGONWOlpxoGrUK79bGMwhyYmaGuaVUkFVRWBJ52myn1OeZcznVPsFVIpzqqxU1O5vKBYI9plBT3g9K0G+EqsAHgkr81sFgK1u2IqlPBs6E6sicV7t1IPKZtZ0d2pEd5+czmFEq1m4QkAK4N1pDizEI42Z4QBFzZw9m0cL8gcrDmUzvu3UQ+sOBVhPtgM8WfRlcq020u5OQxvaZing5jgElY8vlt+Yjfhyd6dJNt38eN+r8CyZAg3qOrA5IyaojI0axmDsJrH2owg1uTIDDaRY8Onnk13MGnYNIDJ3TN6rPY2i1p1LtbGcD5aIeWHey7bVUhJuu32sjuz5uNOfqKo3BqIRC49Cb6Aw21YTJtveWxhRTOaFbEUwHLrQooDAbuibW5xiCsLcOL8WlMtredlE5AvWuJpRYAS/1dLhApEmN1L1aoF/wphPCU4an9r58zk6QP9YHXcjsz4lDpfRyXCNrwNUgHIR7ZxDOpqk5+hatZynOzoMPKzQePvlpoGiFYNH5kWfZTQCm0PTS0xDMSOzgWItmEgkdsEneUHTB52513xfgRuKoD1rVudRZxBq3FdJ2t4fFmjmIqWQTccAPfjz9lPP2DVRW+3K2XhBYyvpOkXHe0rWxBKHsFgwZ4Pxpw8P31o468ROgrCWwPChoWUYq0O/gHZpJe1MFj6KuNDTxOyz0zcbYOZ2KZLDlAwMUHVlFBHfG4khHWeCMpGvt7ePT2ZOfvbG7RAXt9Foq2xzEjBR8z0vfd1GJZjzjcppTQtJjeps9tCw5edfljXaM/58//27zothSqr47UHH7Ac1+/b9O2nZQ4ObzV59hGDnU/oXv7NKg5R4Ng5nVs3Ho45KJxG8ZiZ1nxq8dE8ytQq91sguHEssNi47Y3x+ostbktuwMuZldHwu/84wk1rj+upq7QFXrAqZqjotrl3BqESjsd/SrJQh2zSM7zQoKMsnZy5v0qY7a5xpTboTNWDkQtOYRTt0hktDJNBwvxB9NK1iPjSo6pXOlFLdoPmW6n/Jl7vq6G44jBWXwgGpVAh1US6q7ht9lfA/3u1iKdL2PBZXWTkirt9uxPonpTK/CcCiqmZKZcpaPLVE75eX6hiwMgNHTil/m+ibl/C4hSBYhzUEoQA1SyJYWeuILctWnZgkDY+quEVsEqeKGVT8kSHjB1NLK1cwfEd0F6dgOXdf1HTQXGHg2BaIAh6bFLf8l3Dl/eENkPr5RU66UuyvMQJ1x+b5OtU1tJT4pLUg9YBumC4WwBwccGt5FWdcUlOr2HXY3mhql+ov7AMd3pPkmKttUHQaRuWAnbbvKH7sy7GdIe3W7UUV6inKEmNXel7H5GApIc5woocKtQKZwOZgY2v0BaamGL0yiB3xvJPBCrSzC+pUEBn+xBV/AlzVvDxPwaywI7TPRSNc8AA46pRLSHF1yfDBkDQhUo0uR3zaTk9jYW9Gf7Gq/+Hbf/u3f/vv//m/ISl3vip94Xz5AC1lqIdhV5FPJlUsCK7u+EtLVqJkz4pKj9yCsr8VnZwUADgpriBVjX9KhF1OE2qptW6mhpEki2ujdeINnRBEaxgftKsENPx173GMUqGvuQa80RqXuYKRMHiQVySwXQn/Y7+7UuJ7dXCi8pY9ZM3hFB2UH+kjTAHNTNbUPdWVOaL5Td5PpN7DfKgbuAVegVxSdaqnFjBUQ2PjJvLEP4/AAhWw9ClUe3RAhJL/RYbVlmn7daW/sgIB8VguuJW3u2rZ7fF7oZrkBwrcfEys6kv+Unwh93JZ59ZNTXY6itNTUzepO9npfnUhgc+n2mkBi5o1vnNQsWF7WGi1vv7tDxOsinE5WmUzs4LE14en2ztnczQKCDI9MHLjYEL9BQZvyE3Qc3PtDGKTa9dv3oRibtrAA5GYpRWHvXTmsDiyuTnvOtvGDnWbPtacmBYMKRBuOwdOi2rW8P7+m5SGBo3rfHJ4ine4TTZxoeiBrTkiET9kg5JmXjQI7fbH9lqkrBE03hYridiyKs6u3igyNhlH8khWdbW3FK/W3hSNkHSuIB4XQwgLaQt9M5yTYqceGsMWuzkq/PWHANRJpb3TwiF83gNsJOn5RRCOxQkjfHMdGKLm3N5AFN4VoNdWrnNEF5PhfEVmUb1l7T9Lo9bp8tx8mfCdsxSyhYueWe0LxqRpyYjPkVndlYH0RSkGkdxNL37xOuFO9QMK/1SXma76SAiR0E6VmWYWDCcue/paBmjFieob/HzG7nN5soE33NPUGSQwwQtkFMGihaRYK8xFH+kQF3BWv8sjflJ80ylmYP9QVCiGP8aAaYhbkbpSJPv5xtl773VJlOOirCIIDMvu2OsoauR782IhkOziKqYU8O/FOZoMjHFytYkbElNOzhCknU6N+9HZfovHdCZzOt4e5OFYaxTv8xk8Tn22DsZuVUOJoj9A4kyNS/vfK7uKotTZOu/aHVV/uynuXhLNIlp0mTfqD+R5ueaAaydoob4ThPCKBjfxF2RCg577jvd5KeBwon0UQnBjnMnUyxyaDMwitG+nSDqmJ+ZVe9iUJzQQmeiU5VurJ6knxwK9wneTepMNrnIniU+alhhT05eu5PTOFwWP1JN1XHd7NDBfRy8kT+mnQdOQoxfTGRxuJqzKpzArP93KB1SDzHNoiXF3U7wVUNMeZ20VTEEBYly5vC595MysQrtK4oe/iFQo5MNjXpkVzBF7mEHUPAEo82rEttMnUCi4FUyVQC1DdWR96hkuhkWdTMSwBeK8Sayxo4A6tiLQNvqgBDl7hIlCMQkQt4m//uQilJChN4rqGW3YN0IrQOVIvrtDKZIjNWL9C36M8ThxSLn8gbMGx09BCdIrBSSJq34uVqyTJsZ5WtRIXpMz6vQfe08k0+i2t/LM+1BFkMg7K0ib1uilTEgcZWu7Y2E8GrsSg//5Tl8QSA+7jxVuL/xoOHxyCe86zo23lSN8MhMepS4PMua+pqIFDDEzBORU0tJvPlkuLr9odQwZc34jo2KJKiOPMuwb/vD1BN6pxAREX/QsZc1L8R7JI4Kzw5G/GRB8n5eDmCpCNQzl1wC5GG6In+swXtEg+Swewo3RKGOcpsnlf/zHv//r//WvP17MVfF36WVxLlRbw5hi+0MYgrPSxUpTzljLEPivtCH2QWn5oRPPK1JtJB3yCS1k43x62U8aGhnVF5nrrS4qbI2DxUN6QLwurSk0j64ABCHUdh+mJKWORlfS7z6+Dw71/ydrSI6KZJClqD88p76h0Vgu5RkVi6saoM5Hq/F3Ve6SehWHLiCDo67f99XvZkioDmU6yuu55fF52yQ97NaIHfs+fZNT9VHgtKJawPEPfZeayhN8CTE1emN+aWmnXD3qbnCk14+CVMwo/9jnawjuLqn08JSKK8nqwsiklLWEQVVUEvPD7CJU9e1foc8qIedFI4uFqIdtUNo+1r+uz7enV+8oexTXdORSGxemF/Z1OnNO2PP55xWT/yHge7uir1Bvc6jFyb1GzLBGo3CaKOGRc+kMr5hdlV8vyyuWzSTaE+fEnPpDBlHQDr5dIC1pqmkSLLxalQhN11r9KHr/6+XpsccXfbBjCyYisUYiUW7A8vb2zuIzyBjnq/p8iP2kXCa7WuT06rzG3uH7+PpoZU1NWQOcvx6fDThNvXsvXvaLVWIs9oUx0lpb9tHbey1qK0oTXijqNDwjMQoanZLfCjQGgeXimzyCrQJC5iZA9aEaqiTkPr+tQrpxRaOqkgl/Sn4RHWqx6LgI9F7MJnkmxNQgijdUtZ54nb+EjvTUsFgW6dUoc1eKdulfs8/ZsoeUjeJTKYV5d2sq/vblq+qOEio+ZAcxWPSX9h3n7Nm0MYBdT7fTzjJNsS/97ax2pMkl9DrIV3f4/NZ0Gfwd04k7IZB2NgRiuV5SzCebIH62oCAsDAQ+vhS1Y3MDzE2q1sZ+2JyXzsC79+ZVGTTARt3URei+Sc15MddGuK8Jq8hairm+nOAH7915MAHdmC5EP/Tm4hY8aVocEaL/2ACaaTI+jgK0HbiVjqNdt+Du0x3dJhdYqAfyZ6abY2xTlpAx82hWWqz24g2UTirhb9r6Dqvcl23vRqBtqMdSCqQ6SyxIhUk5LpsO6ZwJdrOa7GIMPIypVSpQ4Leq/KNm+9OyEaxCRCrQRONm2G97JaYaw7MORgIP1vvCcQxBV4dmB8YiY+f4mQmN5bM8ktGLjpG8vspFCvxG6NSTUaZmrx5mwkxMCqZYmFy2OKPJOgpILecEc1g5dKklsds+LtOKc1MJ6pKWoFNiBuqTG61cCpUCTfXoS9p0MmQrMpU9D1wheQcL5t2GxKkm3Q14sIaf9wAAIABJREFUmcO+fBCp+9YDqB9A/XhwKqv6hdfBHYYrlE2EbhnxF+QsJWQutcNw3cIqqGuELHkWP40/M27hVzawEDSvSFYU88hLQ9jCtfpIrDLG8jwnq7pOYwC5GU42fVAGbdT1HYFlHUYA1JwwJnjCoPxFFyvZ9EmtKTRpU4a8QCAJQybawsofOhPllCXKsyTPmsnF0Z760x+JDc0gRNDqQrj85a1iz3Ipm/WGVghqKiaJrlLHNITCxFQONxQKe46fC/+ysCOKmuPv3ghIblYqtONbcAnxfFxVbTnk2R1t3rR7GWINdvRYVTWZkY5eYq0Z2YqO8YJRjCPgSU6NWXc9QiyIJcCD5VIKRW1FCNacvqWKZJlWwxHcKCmhSyVds8YorXkzRNfqZLda2e/f7v/5X/7zv/757/c1PyceQlx8xAm5lGTEWByogiocksFlKuFxTCpjprhq1VauKoVrafKpN1uOHojFlCM5zC3FR0bZsKZJl9wQ4vhLoQWX09FQ0eM/4qFS3QEdAp6lUtE8LVJ9V3J4vmxx8YJKfnPJ0AvK8i2pMbFllzecfNPejET+qQiwfwGcTsqjaJRWV4VibIRnblg6Z12EuLAh/MNE3iCDFgL83wG87yiRHjsAm2HJLi/6/Oyruoow/EQ0xRhAFYfJ0JUcnxNiEijbEKxEkMEjufLGl2HsZlz6XUdFoiRBX1RKyupUYUZPyDKQJsEWAXbVYEk7Ps0RR0QDMxpCzciLpV7v3jv4RTX4YWyGeL28RyH84f4Zhu6ABkycZEpLo2XZ1r/8/e9tv3jpbeL4Antbko0a6jpgrujNDJotByzLbLBJNoeJKA1xphbh0xz8E0fCttarIKjXUbSJpHXccNibG4VrvdPCfqgfVnjdvfMWteZWOErjPSpqmo/02p7RRpN51I5WNkFuSKlIwi4RLHEqQmrcgJD2m5fWQtsJihlZcvxCiOAMNEHBi7cAUgKTfGDiaBJosEookI2AzxZqPNk/IoUUKUOMxoyiE4oQRtQGtxMTBWuz6aR8DMUDckNOdpK7LgHCxXQnWw1t5hCL2kkTHEVmsOQP09mpDMqPco/hsf/Qz+6ULWNeLe2Xq06M+GB8Bg/mQOGQZnhmkjiqX3qAoZ4uwnma1XUV9FcabMor66koFF1PO3nMqJIzgk5B5WAYwn4RgH3WsH76LKArosLpQrTkgvm6K+pjlVwkwEkHC+evlCP726+3KjPoS3WhVz1+HLdhltnMstOkr65VltbjpDdCv+Qyzf0aY0Y2P5DPpf86A3ltoY8KNvBcbGdxRQduy2CAPLYgB1DcE8jZlUTuG3gz2GfB616KWpxpTBw+tsPDv94LuUU9rdejrkdKaWGKqGujpBvG8xRpulhaCiGmWhkbegyCVrJzptYrrkIMwVHrklRkX4KzD2ty/EvpepFgIeOPl7BVMUOZ8uSYhINxa7VTNOVEGa0CS5yG/xrFzEzWLLuAtgcQoP84aGwI9hVPQdbSoMJYTs4uL5VGuCbIliKUI92K+KCkaEeHs7b9lweKUB783XQ7myzJ0yn38gN0oJQvyFRmWHSVRpUa2C6j3Z20wON9T6OmbFXRbXlcr54u92SJ5+aS1gMFhiSMG1FbwiU9g3IZn0DvOvA4M/NLWEnQp2/Ko+vQile90DBTeXjmYYjYLqxMMWyTRLqfhblyPUNgnvyYca86Fugag8telz+RK52TZTT51ZEbXr95ME4dVIfyeDbyopINFRZFKx7icaZ33FboZJ6qwOQIKoqU2RqD/ENqOWENU0p/+q8qgatPwHn54yrHEzDGHHUN89jqMzZ5BmPI0b0mvAd6bKezxQQHyWqV0cjmxg1URHc9TbXxa499TTaxIM3GUIWXGpl7qFJe0Xd15i1iOjh++u8Rc1KkyFN64UrSoOhq8iR3Hw1hyhIzo4vLmsomX7RK5tIDA4jyIGnW4p6nHSHK9HpavgbmnWKl0Y5ChqkP12SWdvn+6Z//7d/+y3/91/8aCqCEEGyT8FQ5fKuwKj1PgOOFivqEsPzLVAH/VRqxfvukVGtfMIQ6xyGZFUwR0u+wmYpUqQdSx9UiRAMqfE9Opk6q2kfVZBJyWJ/A1KIswKtX80wFLiClxpiEKHurQdGwm+jogRwjzdcAyR99/Xg2KiXA13MZapMTjB+4VC8QUOYZK6OisGuWsAfMqu56wvHXTA9ffplirjY5defKGUS3sX/sLSENOFo9vvmKO1WaAeT1B0Ltsg1EEIdBRKVKgQyhgJ8PnNz2wWfex4PBGYYDGat8Zpcgh16N/KAhJByUnWsBYo+EYrUZ/mi2a20k4Wm+pg5m4kLW0EaSNceXSneCmvDOUOLodeSg0UQB26fvb96kwisxeYsLbbvrWhwpmjHzS2MGzYBh884SBVTUYwflvPvjj68WGmpNVYfvZrkIDRdMyFJey8J6V7IX7pkEfPv49Yujg+0ascnksZwaTAduf/YSlBeIoNlgOlAI4SS0oOJLrLDVwoGh5HZzd1UU++qkRmvT0m64Iezq5rY4j+5ihgWvV1YQQiE8vBUOT3y8MIZy6I2BQKDmb4wrk5RAmoa2R7ljvb1DrTMXm8jrxbvcuddoNdq68MY5eaa2G2pyuH0DKDnURgRVZc0rZWQ59CTxUySfs37LOA2fp7fYCDoq+8DUNa1qVjpYqUvdYljWY6Q0MgKugWewLKly+aDt8nNNV1UsAEg99+lezRX86NUdIpWTp9CH3vSpgzOVp6Vdp/R5kPQvtNUXZA1zGBytXKaopLDLetTnAhLVSgUl8EqHgs9fFzTMFO3mh4q/qWtWK1d/radPQ957JeMLDkLboLUHN1+cuFnfAP+Lcirz/v7eqtlWBKKHwAySCdGKkLygxVLjz58fXh4Fj0I3ZkwNyPfxXmfGWlbqlOzwyhhkUij602RbJ5hUdIeaMq6/1arXTOlnp1gfu6DMOiSAIBQEmkZytHh25+BDw3jFZXQME+yHMnNMnVyjU52vD0394rBxeS5vO8F6HTMbFsQ1W2M7y5aZrk2ZAMwys44NjExV6t1RGhxzBX+wbjqC0bblBbL2YOmxpTLsz7E+VCi5FmUiryCEaqVTnDxeYWhanQxrmBZNnpRE0yefrrIGm9CbXOcfxOmGNue658nKSlNSoxVECseV8MmUGoxsFM1hlvkEAWkKxQkoMP5NZcofaRXskSv/w6ixqUG+IOfxcKjSAJTnuNkMbB54pWstj77XVh0qqiIjOaCgUeW/8a6+0AjVEKiC37+ylqriTOx4e9X9D8gzPTayV2D8/OFFpExltASM2CxkI5asfRXA24UsixjGuI0CA60GKq8aqaR+2sYKkgeJbFohgiAbjmthRymKg+l/aAfBY1kiPhvqAk8oBPUalWmUi6xDBj6o1LoB9W0D5BNRUR/kRJGjTXEAqhEqzCvbJk9iX2tLloSxcWoVJ9a4PagAlxF4Q5B13gxllyv/APKQpKaDCreuUuXwJGgIhdoJIIRIzC24aggPFGcjEOgWy2Q0XGqJRV24ctG9dJ8fcRHFhzh1d6/AoVHR6W5NL5Qkpimdk1Uomh1VC9RYym+Cs5rKqSCKEmNAKhIWEapYJlOkWDO2rOVGElCfvv/jP/71P/2nlweG2oa+ME4RI8aPuKziFQvRiLxkGKB16ROv1JQts8lnnRTlCa6IH6GSSEZ5lfgMCoyrxX/3Jy1fyZtxMwaQtvZQT5gb0TZjXWvz4BcN8aKCocsNRc6A9vgAHKbgCt0qcHgaY8o6EPJFZ4VpqF8QEs9hYp0ROcigsDjmqr8pzOpVeUpSiePW1IEbH3E5cZbZRGDHCDTg7B8Hq/EwxwR4FV5wCoNK9omgig5ZKrcp7+4SgLt8DSL7kgpK/BjVHsJK2YjsHx3wm/5MeksBqHxmY4KtNpcySjv4pDggJMSxSPEu91Di8sqgUkETJyvNNQfjhoxIjYazDX3WFlMZGSDHhkIkR4XOVlHAh+un19f7x+82RlGWWhqngYi6Phvza1JPE+VdbKbcwKYEBgu1lLKJw7St//6PbwA1s9yWATFUq5e8IdJUHtZCw/Afp+QtFObzzBFrs4Umnzrp0Kr5JlXCuEn/wy4Efnx4fAzf1tSZyvPeZztFtKk/TMnhuKWKDw/GOL3izwCStneOsVOQPjhLmSyub7NJ9DtgDMmsEcWiTjaK/5pzKmcgWR5RLN0SFo9v7RWAf0KrB1UHUTCYgrgzQrl1Y1jcQ6+QMQYJNGUUk9Gtgu/s7ogR/hu8kTSfmgrz7k245HqKHbdKXbazMHEeJDlzgTOJ8iZ8kOo2wIfX4drIDky1cB+UDZKbJAxro95HCeaJ0zGKefQqB8T4s5sCUa/FoXycyTQSSlNEvtfVWs2QoBv+n+ZCvrJ4Hj+J+JI+dT1a3kNVXLSYoNymndO1Kvffw8EJrTqqG6UmKNzTIIm89RlEVIapa46atWEcQj29DjOwH7fMLj4bHuRvym/tAJWLTUYiW+/AR+HYbdPHrSi93kuWycVgXuiZk3X0kq4F4NipsVofwFywD9oZBXRSNirrvcnOtZ5TdQhtcVD7nC4uxR4ao8UoGqN6BgFgYX7vENAGUJuk4z+jGzYduqSPQM3EitCu2XYiCWwNauYoytZwJh6KCOu6HBTzbwYRt+mb+Kxl1BgaHWeGHeT+yXA7ZStLK27FH3UFGylXt8CX8uI1sbY0AldNuC9sST7NJ0aAPuLeLSSFU0xmNZlU1iAlKvBXWi42pdPBi8nWibIyfT8qQSeKPRAJmqyEHbP6urjBOcnjV0vck37TcnpP35ZW1T3zlfJ2Xc2y9biHklDT41Og3H3KlY5d7nK/+dqe5JsVuOjm4HUP5DKlqosIf+cva872fC6OPAUu//z+AYxxCS2kMlBPh1m5kiWEsK1kFeX/EwTdahmiuP+q95dGS8ZGDnhbdr0keRueI6sCepfREGdYz/wzX+4m9LMQerqmvBawz8UEPY4OOWIuwfU7rh4uhWQJcQ49I6++FlQm5FMl9Gpvp+dlKuckQ8PzT0VvZad4qqMorCfnAE+WGt75qPEojsQoiCGtgY5ivfHKo+bQI7rgCaeAjm+uA78+FSnmQldvqBCanwogYr0UGqpeLMPuHnpcQKZ/3qWqEAr4ccUTHCpWSXiyKSs96jm/CfL4BWCVQrEnYZ3T6bcoXnSNEpSCCqiD1lpE2rpMXgZbFY4pUQybGJU0ozG0opTR/YZfFRExtBuP1DWGq/wccIjLvmoY7H/9z//2z//3nw0v8DSYiNfyqqv2Pp54IThIGBGnewSdKQGHpB0AsMqSndSuUvDuyr2QYA+7GWcnlsOCEJpIx8xpZMu2+EEKTav5zcKLqiA73iLmTYrKzVZGvwywGhYjMslkJ+NXfjPME/PSpvmEmLjrc+RmwAz5sN9IvDz1CRTwd5BMdCdOHMpyjMNKykhyeZ0uYvvIxgMq0F9RUPHh2iDQ0kbf/VWvxjslw9UMa0PcBVKqria5Rw7UfpMUj2NlreOYPEDQzSADkTpIQxENUVWfUPOwsuCt2AW83NOkfNbJUHYPq3dMgwXkKhOSRMIUMW7yr/0skktUTJXYGuXyaYlGc6OpKk2MYlJCg+lg48IvymAarjw8PgO3MUIbhO0Cxub47l10nj4/PH79+rfG6mrqPprJbdjuhzOu+/v406HWYaNR76URXqPncAT7VJyh/fb+y921EMdTMY2GUYOG81oyK//qfry8nhV+T4/a1wXwmzqkfwaR1gomMqTgIotlHmng50/PP54NBqudvWCNiLj4L6cGk7wVWrSvsEQiBbCZlHinXXESI+K3EUrgNavNexcC9cjWFAOfDSZ5+0UNIT7kBrOmTw4D19jDh62vt6ffWGFF0++qCJ+U6t3P5hC4sXLjx3SHGOAJVrGwnM3LJBLIDK++/bU8GaWwEQUnOvBTojQAyIv2qFI6WNGTtqUtKkv5AM2DDgP4fPx41w6VZkNYc1X8VrVIhrYgONVqlqrHiw/YJPB9jkuSfhS4FHXAR0ooqC4UVm/g0BQQ6us6+wo3fPAr08g3PseNfX5vg3mvsQlGGkBVRCHv7DLGdMVNuUqhJ/hHeeqwknWjbt7NTVAcP8ypRkxHmhAHEHFjrfLVx+/fvino5MK4BL4Oy9bLOptIG0b/Gde1Hfoh5TksDY85Dl2sad9J52xffb5dyCX9eXMpDGy4Tt6UHCE1kY2vO5KpczpNdj8+vcC2d+38ahS5Tit2wGFNgZhYzEdF2Q17wnGM1U5SLTag01JO8txYXX0zlf9wyHZNuaAZpSrVVjBI6S2EaJ+NN/rUcufpiu/EJTZuCw3r2HMNSSi16FspF6oAhKCQPzuiHjb4BJAVyU+FahcpixvZym0bOG9ZNVg16cqa+ZAgJlYqrQz9lGCKsJpHpMd55mCmspQhE+kj//Sp64HpKRjuwM1IyhAacqZps5mTsJpLlaMCUlfYDUwWKtaGuCblQE75a44qMsQC3fWp2rXqZC+1Ir+vzwPfoDA0ObB8mXxnnKqTOUxTkmETW/JKFM6blkwTNzsMwpsDVQ0e4TC3dmxEKRKIJdWNN53gJ7EPqG7RoJ5TR9d7Eub+YZJflVfz4XLCAKiMI/zAoVkrwehbT80Cc4OAKlaDJabl/+SalwOvdP/WQ9Bgg0fccTG8cwDRwDSHTo1o7SyUah3Dqa9InivNzKAH4AGKTk9Y8LxGvdELsi3hlavMIzkOsAz5Uivul150NYSyrwI4eK29OKOdqzMEx0/f6gHdX5zaH2z6KB2+YAQ57Rr/yaz4s0fIrVBV+88CEn+ya7Vv2yb1MzUKWQUjwdHsEeB4kAikoDSSUpw+HGKDjqOxUnX24myBR2gqF08+/Zf/+z8jmlsLGI3JseeaU6MxN/rGxEDlmGp1Do9pXTyhmb+xiB1DIppqLUIwVkbk9KXcC1JdQGPyjAsZunzIrEftGgacY0OJNbpaGXXI09zEmDrSDyGrJXj770dVp+rVEdqKjJ56q5fyEPdvqchSdxG9bEdJeoSSFBi14+qYdsAUEbKlmfLEhsjFmaURyKpbyE2GazZ4TvcBvzAkRVggGNLpyAWZNC43dzF58LJ9meJbsH8j02VIRiPLUqeSUe5nqJ/MIXPBquzpWfqXTMoaTHj89YGVLIGIF6k7C+yuXmQ3Ugre+Zy6p05Zb9JTQ8INFRElv2VrHE2pbjA8lAIrD4O25OsGWt++33u1nbWBtqfYsvL16xeu39hbaFJd2mCO7PZWFGmloCGWb3/e6+/i6B9f/y7/9+/3j29Ppk4MNJIdRhd6emfGl7uofO+1v16vYkLUJN2Px6fXf/n7F7QWe7Wp5f3n2ysztF4N/Nqrn+9Yr8VkEFA3ijBKyiZG365vbnVZ2GDNth5EqyoZpiiwrcHkq67aQkOaoofmhLVzwlAip/V1SZ0QgyYziFiAQYZtvtzdGnmxjljkKvxtArGpvQ6moTyY5u/26mqd4ZapgXWacFsCjEQ27QFiaMqvKMrqW2A3zWlKr0a62IhAl5GMswE/OJUPumSougSTtJoxSMRzT8HMC9U0Lz9ZEkvmk3pMRXyNROZQTl+hNT3J84dTL/9wRGTuJrD8WasqTPtg87b/hUBlBzRlThvxuO+hVo/UTRo0TF37pL/ptX+5F2RnQ78RywkBfDr66ayPtYZFU+niqqMV3hMn6uFxyGiqq/IUSYVJgIB2qNCJqOiGd+uFSJ8Npu41J1jWGkFrVa0y1G1AIIxNexm0BuXtzSB0W3ot+nLS4X0DOXjvhY9YZ1tVFdHzz+adkxdrFJ6/WXFgyNmbJylcwV9v7mnIVkPIKVGUVlDUMcM4+uW2KWAWW+OkvfxpCFMRLTDD+fHUMe8tyECaF/wYh6uRq8Tt9Y1KCcTwYppK9xpGYt5JKkHpINXeZJE+7A5CuB6xzTIXFru1R8wS2tiWw2kQiDcgnxqBfYac7Ekl6a5Jw0vxKwWzB6hgxc5Jpzq/ukrYOVlOBmvjd72iNCB5twIyRaRfYevpqQXg/U2+p15VKhUWk5vMIVB2mJboesorCURp8sofWPCPSlNzIt1jacu0guj1xzwCd/4VT4Q+I/JosEKkGrtRtifhFGa0tGqk9KynXcm+f3FyYGX8H5/QljNGujhVa4jBDKrUAutogLVfu4jWb7cYsQlJhJzqBfyfGCCvF0V46occwTTA2FeGGKlABDTRDgmga8dQDTAc5MgY/f4PYbs7Bgov2QclmXfrX5rJCbGoo7kkK/IBdEJJbdW4iimAqruNLrwVQs6/4GN6Grw1OQ1DwGStTvh6RJ19FFxYFStTzsQ8HNKvCIqsENTOnKMuE0OMisXy1AieiIzB0kbZsN21QqIJ+BFC/gdZ8uNawKotzk22edXq8DwfSGu1baHRfJHckyMKdHz2gSbkaykP6QwxOCEP2ZgAM9aXS9BKhYKs8W+wPFSTuzw9e5FcJDN1CgRGFVTgvzqgJr9PECSEf2ooD8w+ff/zgf/xOOHlBRp3Hs+GEJz9xeKyABI4EBJb3N3/jKQy1VE6hsYqzFBlNh5RYRmHomPIZCjjcyzyLC1tvJuI9TnbvNyMResPNZBz2RqYiDjIRE931QOe2/AbW5atzA357IFyZYKATMOqqiX2b3j2GEKZT8R5hk5eAtpBT1E89EAkHXvWGu1idaAJpNYCzAGqg+5z6obDNJBcMw3L+w0fpdE8PsegcDjNW7JBU4YdbUAmqfMLOeV2i7KLdpYrZalcGaFA8zJtCPcwcAG8/Ja7W4/DFuQJJk5MgCD/NmNiI8eyBBKyCXJBIXvUmHI7rYDuFVxmsoQ5IkgCKzxkUwfvGHbq8wuGKKcidoSUjDOfnWdoIMRmxK/XX79/+5P4Pl/dEL3sYJmGwsXnh/s/v3/30gsu7aejBt/aEULtDRl+0tdERy/F6CQ32oLBbX1pUyfS2gtMd6z04og6v9AxMdra921R9pwxtmuUlnVQSEssvO3DOTjH+xaQffjw7U8NrcZ0jHt7e3o0razc2buKVMMnnYSSlpqL+/nDTLjxR0jxyiwQN16g3GG2vXugsZb2ZWdMTtEzwzxP5E0ZvDdGC7XtzUwKOv4tsvgpqvhsgaajTJIp3sdhVpJDSksIMmVddXWjNNxVSno0mP/1mKwMFyXk9CrREwaJdpvYUzeEuEE43PwDk7zYY5qaMIS8CnbsXI4m1uUo/KRtFS7c4CYr64YlRSSv9O6L+PrmOmRhJKe8WVXtPMjyHEWLFsbAfmZQgIJU1WrZSG35feRSBl47hDnK84H5nvOw56XGmOw4W8DPXuXS8J71f5YjcDAmQDdHXDivh2ETc+xoN4bS9Ze3T5JrI18I2AtkOhr/yRqcnJQxaSOCLy/mhWukXn7ZaEL/gYFysR3/45XhecRGcW63yZ22cczMxrbiAjxvPnsy2HaVohoz/Pju4fEJmtgkTCJoO+LRhaIXx2TeFCbKbFBT/Ebns8u6W01p2bVl+NzpACKZ2rNQdXKhlRi1NNbvPj3cy+ZUUUoy7vxkERkCXyaMUFmDmtUFKkU8Z7bGDaehvdqY/fP2kz5Lu5gdVA8ZeNad6yhjg625OBPE/EJx3k4eoFiUFTBxNr5R2vpXaUjKVXxaXyt1xrQiW6UbDW3iGCdlcpXmyCevFGIRxLAs4klpeZ/DgwSeLmcWR0m692/lpxBuN6o9fnqQ662tdJmCrJopTzX2eKXi1G7DO9WvFk+76DNyMoBlmurLMA1fUsRWbJDx4gLt2FvFjq+UaSCq48BVKmNaXQD2OzSDFZCgV9aD8vWXsp9nMkfQqqOAxEfxLI/VER06nMjpUzcunsAVrTOaEGpAuM4GyZAzciFJqwLZMH/RUJU2NO21u7xDT0KVVYU8TIqTpYy8bBWsSvc0DD10wxHXuSFMzqSoURGhizRwF3ZXvuAHB4MGy4K2sbfFgo2eeZaOnU81dsXznJ7DpbKCjpKHWogMWtXJH+EFZIa+VmkDBIFJFMkOmnHn+EZNRrS06kYlCRchkIdFi3PS0Au6kIpaJKapOaF8nYLNzIA/uSkej03XNP9/qXdhYg/wIRAhUnHVGQ+I+WipSrcAImrx+gEKrBSeLnYtW8R2lZjTlBR7M+4xfdTlc0PbN+k27pfxVUxfNgKxc4gEImZHW78Vu1ASQyhAiuf/Ro9Sx+rdf0KaNQfiJOF+8kwmCgVz4XUcbywUTkNvFcAbgI1A8T8UWtNYpzyHGzuB8Jk8ffe7BARXiSakdmVEpgSRNHLLFf/CMFFWtK/KraR2zUN6LZpMPY8aM824vMy1c5fcASuLW0aViqvRv9LSYBnLHT5ttzKEJCik/zREnlrvkEB56KmpUoD5LxWA4TgsXXWzPP3qqZdgcK9fVQQJkNDoUap/Pn6LDiEgcfY61ZhtHNwCiic+OA4YlMtCVMGC/EGvBoMvoILFgswjt2DQq3hqAWOTvgUshUoa3Ijh69OaeDOQIRuezZJ2UrF32FlSpd/pQJC9guxjjYa5uetOkNHbYaqgaamUFP6pQUa6ri1/fXu9u761b1mTwNuFLg9lc56XoDywqI+GTBwmwttsOvrVIyv+7ZsmJpk1fvoaceXt3dOPJ7HBp9649uYM0FAoGnUSsjdhtGpeioMY08H3P1sEqeP0yT6AXnJsro3mQswkI8hY0CtMnERYO1eErArRnoEW8QSdktMpO6QvgHIoY07EMkwLuZ5/6D1QCSouwri6umks04nBi0uQ3Ntl+OvPJjQNAbE0vVgvrnhUEYeSU8e4LDQFjkA2/csZekJnYRZ5WliWNtbzJ8ckzb+Qu23RvGo+6IiJGqXByXeyRx9F7T5JHjXafbl6kuV4ON2bFqb1HtK2hbiziUouFLaJp4gkL6wcXYAm7dTak2DqlsaoyH9/GJUilUDJjwbLHHmypLSgQHM9YAivXvdSQJgmy3JcqJ/NcIASiDQ7PcFZcgIL/TwrAAAgAElEQVTRZV7fDozWsxq67pQlG5lw5vnlKXLe/SJzZuIdyjtGm+YaQnMGNRVAM9+fR8MpeBmLfH5xSmXbeAWdKhJAYXfRZeK394j+2ATTIgFhmWjwpwOu6cXOo6ZItsW7Q0PW2SmGsef+20NHu9NAkq7D4vDjXm6mQ/Hl6y2d5GdU5wkcaHGta++taW9+A5EGJoVcHcHzVHCPS6rH3NSJntfIpi6clongxgsTDs1I31TGmpy7NCegbvhII0DhYIyz+ujiyiDYhA9ogFTFxh35Po6NPmrp3rMMShIn2i0Ze7kzble1p++xqQgxNxwpS/BzRQWzqUwliTEdSMNRsFu2l26kFj2D9pQoTUglTp2pB72CPt1OURJgUvHAd8DxBM1lLKfU6V+FSkvEpQVjarhKuhmUZanCg15oHBgHVhXkiwO8z8HuFJb5Aj2Uf5cMBCDT7FPqKHeJcSCsT/pfJS7YBKLqyxNF+5AIfcDRU3wOgbZRlv5ZzXIK40szdP5ayRc6GVt15SRmj7EO85CjlYafDJ4X2vE/BUArtC+lIRnLwt3feDzuxowQjGE47ZKm5VLERHmt1bkhW7qzMCxVUSACpqIxLSDDyoOG3xIZ8dYkp7npB3hBH5PiWw1TbrAK9GcR7mFxbuAUC+Z8GgJBaFi7OD08z0gZr5XmVKwY5hCg1JwS+FXLj1bhpFyw5jqFPWlKNeKiRAxhQ/pvKptt7Fo5FsSW5zAbs/NBUK/KnD7KClzSRAS44CFLlugHKeT2P8lAsdh3JilR9lI5iXBOuLLWi4tx0R6a2UmXrhtV1dnj9hucUMeeIXDIyYs3zXxZM614wmaNE3kuIBqD4wM/gKvTP/9BAD0oqhq7ljlae4ykVCoUIEo+nJbgowZWbHiCkMKS3A3JpxurKI3PzjR47tMED9IoLiZccaoUBIIfOjmwdEgZjwIWRQdHRMdcDlxa6tSYdcIDO36dGuUN8MrhEsx7IAWjwytYwEam5moILoFU6Lpv0CFzxnI8ST4Kx4TKHSQwK0zSRcyogpAM3fEI9G6qfRxfPFkOFKlRHk8C65OW7DLQXVYqgAkguD0tgxpLrVYXlXNTIDj/zHbc+LSigHOBsf+N59YM1PaL2GpfDWU0qFXNoenfagS/alaP2khh91b6C/yd42f6zRieCbYfzuyggaBcXd+I8AQTQunGS66ukWysQJtNBk4RxMUssAX1DeRElxFDFRrruL6ChYirt+p14IhtwrTvl3lktdAkpW47wgZFBm+cwk1vGvYByD4FARrMhWLaJxwA1OmgIjy01mKtXUxBALXMsX2ojXyIk+lJXua9t7DY1Pyzaeujb2Tv73NHnBz1E+Zd3Rp1uaLhSeL9L6+ew1XhN8U3UIpL+hLKIS25N38tDgDl2CU/jo4CkplXysYQJKRfTS/TegYPNCkc5dTZzWFkajDNEyXt2btBspbRMCQQwybGbOCfl1zrXmrmMgvF5N3nR9OLKQwAM8VQXMucn5tiuUid5oBMsBLpaZ6id0riguKWrYxpztFS11EhRVI54ZBSHi3mEFIjFJ6Y4Kiue/kqMbzyzpFTAtwry2ZF43WGdTixl0wpQoCqoIZBZpqVQBckGRE3FlYUpx9B/xtWxD1L9550GOQ8SMpMSdigUUZImoDK2Dv22QmdNoK8e3WauirqfWZlhh5RTBPsmVKtY94d9umE94f7xxGlu/LEJt59bhT8ukNzwMxu2tikM/P0PIEUjFJBACkuzJkD0rCLNgh14ZahWDyeU4W9rXUazzfjuMvD0K51wwSOcUCPgmIzEAsSDUXajHKGu2v/vOjF64ISs++jP+u5N0bIBLhdW3dMy6l+ZmLVqp5NDrL308Ce9GrfvRYoceSoa2pEH3WIa7noZI3XJC0k7RCTtI/wkzMQBG/MpLVZ3aImPieLxhGt16QvqXf6s1RfKWGKJU/fgzUf5wFdmK4gmQqCOO0bolIwUclKTaNoT5ikR6WqZI+qLTBRV770zVUPJ6zyHq8MUM8OsGWIeP9Rd+oYfrs8sKsAHhVfjlV9qT4UBk2m4XLw+YvYg3zAZOxZMGq7svP17AlPt7sF08lUznyU016LseuBYXfV5jRiE0nUouoF0aTlx/X49hs52GRe1bF/IAC6KOXUCwgWKzBLnVWivFCrmvm2qVHuSx46xRIz8CqLH+6IjA6rwj841z5ubWT418MIIePUxVly7Cwemho+BQYqmEyCmZL5Ccet6Vt8MLOcEoxhPUSJr7hwNE0VSJZWAIpan9RoGpAzQ0PiAikmmStQyQYFMSduQW0RxqEqyGVLsyhgHW5JA13dalCL6Ny6wsPSddyAyF8lkxVPYZEmQf8zUwpkNIfZqEya6XtUspRYGQ+1ViOxcHrRzvBQ08gPSBlBbtghD1CXNBEqJ3VsCQ2AkjymNhIWymBLHwla4vnfbASO66cnuPFngi2b//EsnxvcJcXhjHSWut/TRuQktLdxkwfnu+DThaGO6cZwq/ZDe2xQ37g5NvQAkdUxPGXA0mXmUWfkYTD+Ld/0BgQlepoR9LOLwQp5Kafd0qROAlV5KOkqTyRDYsjdg5+p4owbtaf9U1BtwnhelgmVUc1kSgirwr1QGXQ5AF0AXNKlwytbyJSn76MEdBRmpQ+LgQpwdAFKmUryCcegT4DDOV0aCThOjL76yYZQTPT+K1w0yCXXxLSgzccQVwN8bn3l12UtZuoy/k8jq06FVS3Dqs2wAKRTRllenjvjhnx6M10HFlrA9OPu9s5ggNfLfzLB+u7d9z+/F3fa13lz/fT8CGT7lmxOeX7++scfhvq+f/+mHyFinTJ0mp1b7aCWz7rG9h2bWNHO278yTOw4TW1tLf/4QV3wwvY/v/3DfmrrBa3QomwJrC2s4f70fP/6yxK0XnlHicWw2bkKf758fmtUZnsXtgdz/IvleGAUhytOh71k4ta6NlrQSRzIN4Jp4LM+WEu70I+FFI/3y5OYVc+TYGLn0KhTQx243zJBnVnyfGHHCDfFluYWL/GDcXa7UtyxuRDp0/hWdKbg082UekpIuknOzeqQJXWmdQpOrrsCbL9yAauRqNacsdIpOVrwl2hyjWUquA+XOHi8u0Dm+vb3uj15FBMcpP+rO/CpTdo46yRzd+OkrODEhPKmrif3uQErtyRnmk6fu5IosyHQnh3as5WorE7fEYDz1u10FFHvfyvY90B3CJscgv34eHN9s/56G2bFPcQCVE1kkdPcfdTm/fVn0Ok0nIdHQ2KtuLDST7SGMy/PRqmL2gWm3nf38a4ey2yOApZOkcSG1lc485z6CR0NBO7c+NYUfryyR17vpVeH21aSndUrs9GqYUs2spRUjSIpn/ITsnC2Hi5DsSChRauotcYVV+gg7ZJcRNrm6zayUL8WMHh5i77QTj7CZQxFmkCPJBEKLFOP9Q2N/AQGeUWcstbIje+zwqJQyiAWVDS2G7Z8xm9FlfeDiNRtI50prqELnkUdjQEQN7NITPkSok1qdYCIDz9rZDcKGSLiSMkARLOL5J13U0nXFYTcoGXo6VHwpaYjlDlnpNhfmRUpGHSv6ErP8GQDBoiccv8mQbkaLFOh5zL3UYnkyvvfB7oIhoYv5lfqTPB3phLgfnH0lShzv36G8hmtPzguHejanDKhotx/kXPBQvoKy4ITa1WgPZgtkrbWRVBNskrOOijzmijkGYpBQvAv4A8+1YFXgHGk+ugukNUS1kuVGKq2NbF8yBk9i/Gej797nJaE09GiUE9QhcHg4hRNZIFynAUIU6yynz8zIbFp3CnUIprG0vLIaQpHSUAsIjfnkxaq0HIuWpq8ZalQGdSr4oaUqEVzID1kWiEE43Q8pKJOkQi/6AvtSXmnikNERs4utpSJgai4vmUkghHFc7BdoxQGxY78dbFg5Ctb2NCfUKGmrui7VtXDmAdGe/b1zRo7xHSzE5E2nBQNM7XqfMZvtcXiCDpENskkt5u6p2nhrBDe+ZJYgTnmAeK/MqBNCsHnuKqwChpBPBq0+I5nCM8UYrDTnklvijMkAq5oGhB6AQmPah92F0wxQiZwZnVpMk74P0lNBCoZMUcyoOKR6UttK75oMEUl4SG8i1eVT0jKbEAw4v15uN5/SNQ3XeYR3GO5a7AUrvYShmPqUqlQp/DJDDgkY97yqzh+mhUtysTcGvG6rcBn98AUVSsVCyJuP12WpiS2jXGY1/IcE0B5YwgAEzaGuSND0arqE3L7i2n5qpmPlFi972lTGbPHyFKYLC4S81SuCxTFloGKa29dVnP5V5GvRPibA8KM1DJr6dejZDGVbH2hWKXoUNuopaE2hNMwXCgNjAt0qKL2HAke0ZbYJG28Kp6AxcyxfEYEhZnWP32/v2f88Hp9ev32ow0BJPD924OBBCNtABrjW6T1WfS3RstRiMbkXr+/Pt3fP2gXsTNnYSqw1vTVxkmkW9YFgyfnHvuBfRHAr6eHR+tvwufjxkU0so6gi7exxYAHv5lT/+ldfJ1QQ2jNHDse+daaQoBqdeV0zKF5XpPqrEgk1xxfxmrb6YtVjOBHd4FFrsyQ5MMTcgzzSM2SF8f+uPNiZS+TeLHNpfOKmZGK6P+Os31389lLAltxCHCHAcGwBt7AHlljA/G7BpJ/B3ftd4QogRPJnu75d0nJKlIihXMBfVJDks4q66KnK016ZPXbAEGUBTxRoiSjcCk/16Lu6s2AxjyYTVsFJerf9gXUZC3TOvPLvcVaufDyAWVqPicynJcuM+wlBjh9SQujTQvim1PL58xSkOim1Cl5iq1AuCJfTuVaRuNnFZaNaxaA22ZEEteEklaL2oVE1IbcP18pFaVCM/PCuKB1sZuFDrADo1/4Jl4SF31y0LvZHYFa7Q++9NJFcT/UkCkcK9DfC5c1P+Dk4W2XvhGzhr/2mUtZ7GU5TStLBf2WxCpi5Svru/U+SSplaeBN+o8GJgEH2Kv39ubq27d73kRASV8uavnOG31sme8oViOSkBF+6r00lrdN8fKTXtljT7P9abjJ7HZ3/fSK8iB/uia1wkqCI1DKG725HJwmbuzFU1pN0EgAGpYQg2Je00KI159eaqkMM3n/asySy0vZ2LLglVlJACVSAUxBUyGcRCMDVS/TUAUD1++oczT55ZNNc88Nmeoy4GrGIrAF0QWp0yvfNAcdM2YFqyZtQbFvKFIZlxBIm0qRoSfnp5SKrFxpITqiQZbYfd+SgNVilPkUCuSe+V5yELvg89LoquILIVOugPpAKExOYgWqPx9TOUxfjkHu2VA4lMi0sCY9ZyTDWpHQVUZxdA2LvGqhSWQhJYOqi8pHNmFSDLUzF/AzJa8PfLEhSK3HOWMMXNWnxMVyJpH2yZ/UVKjqMBLO5pcC2r/S/WVQsOpTAvy4myj8/308kIsaSEvbypLeudwdMtKwLW/gy2HnhJc0K7GohLGiM/MaR/OxspeGih5e+HKpFtDo2U6vrqowTSn6qemfDONa7OYULK4cMDWR4URcZNZjX5NUnmkELQHSB+46z0vHSe9IqgwS4V/hmkh4kibA46SsEENgY7ma2x4fWb++1cT4w6VqvJANyKXeM7eOg93Xlo+Hc6diKJGODnHQAG8FSGSHpZrioeB6+hyJ4Ssx3SlsbGQ2f4dLaE2cchcpFA4rGh1xuQyIoR+REsvTD/WBGcF+jnMPSB22+J7cT55RMsqSBsgL9FOdCKmIiAPxokMeqgCRYHYTviCFM36PgII0XI6QAvzaoSFwvFgpqkjTisPLFdE5vVFU3hQC8VGn8LQoQqFby1D+IPjOh3kwO0xc8RF0iKu6vbSyyVffN12pOp4cc4sY1rrzYrxiQbafmITYFtWG9XQ4SGHic5yI1r5HoynOhGsUHHR3sfxxN/Jw9Dz2M3MoPcZPJg1UpP4ewk8Q0ORNpEfDrw7vKN5oODAh1A4pXkcn/lMzie2TcNv8Q2NjUrrYt+pzUQsX1KDiw76ZfMw9HjBa5BpDfMHScRqdVFPsxuQbX6OrOKjFur9/hD0WXN0Y2GgURI1t8HzuVLm6Mw3QGlx53L6HhA0kxABzerADZTT3zSOnah3XEt6N4en8oq1WXFtj+MT6Q5tKnx46i/HQnnR7ox1029BaLCVQ4EE/fHx2Dk7yysCaeoxsLV+zilgAenuRsFgBJ+zYnZCPk72pbe4YWzY60BQ2TgjqUvIcsQGcwiEHHydOMVz1fkS458ppgjFRlQCTkHBVfYjK6maLaEdUWmekX0fTdXynyXm8OQSTC5twiVMJCeqqzqhTEYlpR5LYjlRiWJY0JIQAUyqdEX9kRnuaPNOw4FXvCYYCvs8AQ7iQRHQi5HJdxWmEH7owRHOVoeELpFS6TKryP79QbR4lOMjgbSxNt33CKgRILVgSf1cwMMFbtuVc6RiebguKisys/lOCzOlHkVS70T91ijWx0qUGgN/T0gUictI6YVYbkmiP07P/9lV3oDWy8KkLxaVbivC+M3GEjCHNfnbuoPEa9ZBT89BXzkpsReBYzwJfrK8I1XlcemqwHO2oMfYGMi2Sn70kl3jYbg90oZEKmS2kAJoTO71ohJNwhGJTA32wFg7pZqiaZL1bEpe985yuXZ1Z4CTeoCkZpFEYIeKikVjaAGcGHydpvGlr78MU2hoYvC6A3rwCPUlseUXF2lLtXUEGc7ygvJGRNvSA8MEo/GL1LJzpC7tbNaQQqckQJ9adjmHIZoxpAWTTjD7ka1C5Nm8Hg1MB7ZPNsx3l2BQHPiibErn/XaqbpYB1EoPYpSfql1pu1yXNtP8qLSMcZKFwPQ8p30EayIOa52lVhlEWFYdwujnEf+tfz2qJqO5xyqcYcBCJzIMJHEJn96tSoYyutKoZsp6uSQBSybn2nvVwwlAiKEUVpxa5aHfVV51oeqqaRBs+Rw6dTBML+D+35YsWr21eI5q58VvlqJUiRULA+tAmPjOOUxse0b0qCncIIj6FcBo7Sx5HOLmsOjIV57OByGUW0FGyirQn2m9zI4xaNUCNdPki8lC9drS2mM8CA5RMoUGAhcPxO+8XT6pLZUVAM8Y4FtWAx5ScngxjcZZ2uGGKyOiNookkwibT7DNODItEE5VDOgzcehR9gYG5eCYe+YSAUhLRmp7hfj+11bU7LEVVs3QzxQu/8x0ME8NgUDXVujUt0yMFgjwJH4aWqVa8nP6qOT56uCDVAzKqdjCnhFAOyZxWxljBYR4J/gWAK4tyGLR2TwZ4+wHoVFMuKmX0qyg8mn22SGGADzbDEnbAgwWeWmLSRTSxPpaVMtwgD+fYfvjvB9KexRiuVg/Sfwbfp4a6/GVegVNRVCo9/OLT2oyJKmVWJKmB2feYNeySYSbsg2aqFE6TYBfd9TDTDrV95ycn5J6WB2upQSHvNDgY8qI+h5hZpTQ+6tDGNIPaFuby+lBXefcvUBWtICT2h/8xIpwDugoJY7isGl8Vgh0Bjb7kOpX1I+0v0ACHWZ5Bcf/HkQz48JqYknF0+Ckwx3EpHC2lrM1osNB3EQwh6HNywKAc/+HCp6LYM780fNW0v9xAFR50wqLbBAMRYZTJt3tjf72zzoyqozfuHlqD3wjHi4MLeS5N9TtL1mou1GIp4Y/nB2WFGel7qv/B28P5NHGlAUh5zALbQGDx1t3dl9fXX1+uPz89PeAJsOlE2DeqU6umJb/6jG0avAY2fjw9vT6aeoY9QWnkDFTgTKBr9BZ7afeeX3dKi4X/DU8aeMElvlSUYGcowbOazR3gBB3YWRyRLbaWzxE5N84vFEOKbE1Lix7snYlLVIXmdwhffYJrJ6FscgFlVqQtDtBYEk7uvslHzXjSnGCFiDoEiSDGgjYdoxqtl8H9YjMNwpS9gcRiRB+YLs4rE+A1HYpAsofTGz0av/Ilz3RZ4bY+YLwqIMMnZwA5Es/N2GYIfdYOkX/thJrgV7fondl8edwnzv5Ful/Q/Z+/cbX60+vsmwx6GpRyQhSDprA0gNLlPrPkEEbA1MullLVPEuBQQDoYQC2jDClzjHNwt7FnbdyP2hWPiRjm6tPHKHuuj5J8Mq5MaVLjX+/+/Mf3m9vPmlau11Npzmf5ZLORs3I2z4A5WzVrIs+lffUCL+pseNJaUjvZX2wJMVzYnv0vX5pWKKiqUpbBX1AW8d07R44QqJNx7lrz8NkJFjqqdTjfOTgU011BkES+OMtJvIjb6SwO0SPl2vOiNaNXnjw/PFNdiuK0dqjqdBkxBQ0aDag2DQ36DsQ2p1wl28RdY5IFJtuF+Ii1FrMxJoOum1fxFBx49W7LtjzhZI2+bEShHMo4D7zi0dsPJlRcpItx/gTN+RkbwpD7riXFlk4uTq0t9+Qvxz7tnWbEF48S4LQCre+NWbLTfO/kKr1nQCIlsace3aRWXYGwJ9JP85uDuuRSLveSKioln4uADAQgK1/2LstVgd93q3DV95jSBmHYxNOA7G8pPegiiJfLKWWwD8IUOH9djdW1nOey9kXl52nmGahuFbjkUEL5yk5bqheue67nTNW9MRvmDb/OdrDPIGJN/2V4iaMmI00GZcClrJB/PFZQoK62ZG1u6r3ugJwFD0P2MG4eyn0C2MdvVk8tU7HuYvFhIe3VU59j4TDINysWrIZvtGquwThcSHEo3eEIw5LsD6vnCMNrDAzDKFbWEDV9QoBKYbt4KNcW9ItOxK7+L6BqlIV/m9TroOZwygecQhABKcdbkFZaliKt5oMV5vQmQYbjSWVzzpGqtC9MVqABwk68CA8FuMd4vI9rUbIK+XrgIJ1RRUcsLLCKXJCxUFIw/aB7NfjJ7YWmJA3H1EBiJUoPV0zQhoANiZMZ8z0D2P5LP7DLJWWm0trcQYFDHH+HpjzhPS3pQm0yixhCUqxaPJGsZQ6Rqu62rMcIq51V+A9oZKx6TCjXboEhZ6QCEPshLTaEBmLg7bZrYX16GV0rWPY0tYRBjnUhVy082rEHWVfJqls+mVDcylbI8qhhmmhcJcP6SYvKBzaKmExII3CBFeCpoFITx6HmVBP57j04SqgAN2dpuy7aHLHAoCrURK9COrVAdTXCAgddDKw6wdhT6Yl+P9EGfk+k4GzASMr/SlTgAFmm7FAmPKm6yK6+WIy1ieuiFhh89MO3f4UhuN5QP6+tEqnl1A6VClDaGii3oU/1tsxcyvjZKEV1xcwE4lJ9odzfMFX+zQFsTZYJ1MSj4GmDn1iAAph1bdLq6e722r5fIjCCogF7ebm/ur0yAV3foVubmB3S2wG8xkJg6QQVFRmu8AxLtHodqfj03GnYO4DG0YWixh8/HjWoKoYEidhQopP0z/v/uH98tM4d2mbEYAmTp9dn4aP5sqLLzik1POYcu5v7x4ecl9NGOjbZ572jGW9vbiIoxF7++PoliRU9OE0CfQVPhQ7ESrCNJLeRBefSYSx+J+7s1BJjtetImOCTCocm8vAjBcA66x5N5TVYwmFJLMpL1qIE84+kM/krlskmjuRP+MSXfk8t6EQXYb2BRnBoYHaXHuXMPFRKgSleUH3qSNcdb88pU6x7JBf5pgH++qIqja5dPpmgmzXD1FMP8+68YgRpIaqAnGjPRajV3chsgAE2IC4N6PCoCs9xYaxQ4rRhygbEhxKpbnj01CUUj0VIVFVZVxhHC0E+vf56kQA0gaeE3ivjWMqH59svNwXxPztj0u5geaBjcaBVsmQEhKDKliPQmIj4sg5VoWGr7fzpVMA+PjtKWvhdbY0QNHYttM9ZQqg1i3MYFdHBgHvWadTErqxtivL0TH/Nv4jksN1wu6DTAKXRcTJxIChbePv0RQz3wSarzAdd1vL2emUzsOzWmURpAPy1r6jOoeoyXTmUxwD3kxMBAIZYfiE7d9Q1ZurbbDggZPMHwK51LotHPBuKEpmVtC0Ulr7TNJiANcR3Vk1c+M+QuUAQEmlK2arBdm+RSJugKQP2AhTqcJOhkCM866ZiGDeHInhIpKsDMzFPQyYR5KaKlBGguBs4PO6qoGxNKDjwVKF8PiqqwMV77pq+7DNvlWKcO5KE3DRt9So604iW5WLckTGDqArlUzzg03D0uay6FH91S1sexcdEeUNUrh4oUoL/JfmG81zrNNplFcSoopkoGnBDVzVrlZHon9/UPmgDfpIk4NuSOCvzJzcOJ+2QTtrMsq0qSUNMb1CCfAbdzZHX2SAOg+vxwgg66ecPYcnkGxF+3a4s2LWGoFqhMUxqgHAAjAty4RSz8opaUxgDpqlpZD3Em8xlS/rm8hhltpVmRBFVzTFYFCSmWHZdAl2KargUSOSpIO8LUm6qPa2Ju9WaRUrMMzV4d1SulrfgKc5I10LqHLftCj7BO1/zitv9H9lzcKNSVpkuBMvMhFPmMMyJlzUgMEkPFgAgoyDqVLigO6kmS3TAXgUJL/Z37YLX3agA8P3xwMYvuthQ1fL0tfGBmY7SaOkTM3YBE9rTxNg8fSdZcQ0zcFjJdXLmuPHfdIfyaRmRB+Lj//l//O/9qmUsDX3CyL81qFKubLhhfTT0ATDkA+0r66k9iBFSfUclU03wu5QrWSMrFLSOsqiivAtJ6ZZOKB+Iwk4M0du1Sqhg/2hCPF5JbAgZGPULbIz3BW5OaMATUsjAaEFziefxEF72S0H1R1yQEqFr/BywcsWEJclQwwvQdDQiqsN3ctrN6EkvMlbRoQNQrAQWybQ5tqGCDtEYSEDiEPwg2AUJDRTgPpJ9/8XF1T/8hmGMiNOXrIEKTL5joBJB2jbuji4ZEjWwkx4jbrKY7xfAME7fRrla37NbAYrbvS6uBVKy5eJlr4MxLfKV6EMw8ocLtQmltHKY9SMhyRz5h8QYbAL38cevb/cPmhPRlendDgh8e/v69Q8N59PT40A1p/b92z2uYBsk//h6d//dSTTGIRr20KpBLDotKbMo/8qZcDV6hYHpo5fJLqoTUTWNbYpQpFi/Ahoiy6/WeC1EheE///kPlRqrIy6oF/IkhZwAACAASURBVHMmSTPgvZ0CQA2qkO750fuYcaVTOtQrLDD2gyMulGqbZy+TiAm23zAPU48wFASObIh6IYc7UvplA6xvng4V8htNxELcTzzwY8lQRfjmLg01kUKUJoXfjV8oxtGxOGVJAThvBA7GxGLaZsqw8A4a6VTqegTmUVnZc3p4PhOgx0AHcZR64lLdM6q5Ephs9O4I/Kje0MkRHGOI4Nbw5c+vrz7/b//r/0JG85up/YXQaVFqq5hqfHuQXkki3Bx5iT0nlMpddE7CKStDSQorGBcqtszB3AcZ0uavamGs7Pz7v/wLRXLi4IjOjxf3YjhfMeRoPKELxMhRHMYBuTOzT1wkyEtVK9E7W7jTlCwYaL1Ei+cchXObmQ8jE8EkG2T5ebT6Qz9+2axDD2+ubp9swtuZMjmyd9a8tsZIzt112jYM1DI5dcsX86gsMuZwR6aPc0oOBHiGNm0pw1t7kF1jtQ3UPA/QaMEL+OsvoYg56zuJWOH8KhBWb6dyGp4vjdIakn+6fzichz2UMBt0+Ae5dxFpE2zlxn1DhsYUO0YnbTH8wBLZWzu9WlfAKJSi0Vp6kJXlpAsN9aGSdaCVgjhx1aanG/l8/1gHKcumttRUh7e2PAalxyKJkKmsrKhouDSxxDP/aHEqnPAbp3B9ivVsqlGCSruhpLMKCEzNApEY5DieGdapGQEAEtoe+Z6u96TbU+tBzvPyLKkw1RVAVbiMoEVjELpPmX3K392uJZ5CI8f13BrdVkT22KVlvIxABUmGUxx6ANYY/gV2TwY6oFWlr/rpo3O1iE/MpHiBPxznAQgIZXG76IT2wlOJpjiqJ8gNaFfsklSd9RRoBJH4HA4XZFV3NfqVR10xdrIGyZBAC/PZFXwbuJL5EmIeVkTSGIJRTYAEDIDYdjTBtUL4kFJ5NOR+M7QqW/AQSlV++Q7Rg+vwlgtgoGsdIMemQA/JSSfUQqPecRjOIlwvz0UcclTxYUgo1RdUPAsZ1eNAPjE8RwT47KgqoK2K6h9dHiQH1qBb1/NklqXDq15mjOjf2ChDtMeiFcvFBbHbqm4AJuRDVmKcGGVQ1abnkPMmlSlIXt7ambGsjCHv/9Yg+lFo9olUbIJQaODEpYL4XauSnwM66xZwj71l0Z42s5W0wgI+kCq/G5wYGVFShTN7wBUPRWGKV09wLVZa5WBc8Ced/ZiM/MVVdXcP2jBfnyLtkEN9hZlYzDRAL1vaW03DZCUC1EfK+LZi8qRV/YX2pFueBHPEswJVtKdzUq6XJzL9xcTidxqWBFxoSxgQBdCVwUCsTOuSvKrXmKV2EZ9wTmqNIxRArmEA0ePUcDl8VWlPQyOeytNfN/6fROJz0UfJBmQIqOoCvYX2wkJaIslFPH4z3iZWamE44bcHRIEGFMhX1e7WKUjc66qHWAhpq4K6fzDKBw6nVT7mhN9IQkilLhzV7TAloRnT0En0DlxBGZZpVCiACu+aVhPnGULzzhHzuY7UbtCFL6Me15ptIWKttJPbuDk94PHGDNpT2z8JU4SL7+aC06f1jaGJEeNKtkXHhO6WP5pcF4GRDW3X3sTcLc0heZHiAmYm1mzyukpeytY525iEyfTTt7+nV1tQ83HXHUbd4TX6Oi8Wg3kHmuCofbJoxbIOk8PbtJsBOeCnoaj3psVZBw1Bh4p8KoIRRZ/1mro25F9MlhLiDMbCeZ2AzAr7SRIRMpIt7Grp8vWJr8405Mi/gYG8ybjB3VOQtGPPJDKflDLw+0s+RAtH2pRBue/jFiJ9MrOUYU9TzmRc4Rl9hhhHC1wWudbkQA+DNrsxUHFQQo5KOTcAdiWdSTWbufTBLEMPDyJyqHtJq5gZqS2ito2srXmzBbkPqaH/0wsShXSMw76Z+4cHOn11nRM2rcxoNZe4xHZ9NyBs+Kr3vGx0FCeNmIeIMKjz/57XZ0IdbhN4umZ6+in7ND5nfFEEBuLLD6dvQzNGNaItdLOj+aEFEh1z7X0ndde8zSVAzbo28pfr9fJJjNUQj2D76PsIuZleG5vMTjjX8PUcQOM9RHv88rPjoj7ZxVWo10TAL4fmvH75465xkV4d+ewQeGEcJ9OQIUYQnxMT7dwyjvT+VyP27bLHvKNfNlS1XFKYloE0dMFM0otsJs0iI76E95W/RZPHmQs2ubFXPNImTMmkU/6aRPdSG3gEOFbP/nasqYeQfHu1S7vmayyllUkQCz0NZfiarEh1haAHHoW7OKBpj9zYXWwLJ3+1EpFz+skVqRe/oThgMbjr4gP5jg7F9KljxYPmtjp266eHQMAHQquk36O/XeyxzJmYLOqI06G0lJCtstUy2qpMfqQOg1Q5LoeF6/jSBTjZtHzSsL5CaxaOGVfraipnfz0Ol4PkVnnnz8m67gr2Im1oK8UDwu2j/ax6pOmryQctUfAiQbengvZnOVdzSslJ1uD3Chbw1wAWgoyyaBlxB3FQIjzSLrwMILIIV/EinlrYOg8Lk5AWmTm9IlGMyDNHjyZt7emoA68duFANRQXq4o0xsWm+7jxIBOFD7cqHOs6hBo3Qg6ruVkPUA5cRtC11DYXYlbRCHRpB2YRQrk0XuHgDGyefUUMz57HBqlAyiv+ZRy54AAKLrEbe8S2vD4p6OTQ5lEEE/88sys5YkISs1AWCgHaOj0dzwLXYrLJ19pqkUzjmRJPVS2KhGV16MRGoHAuJJZrjfpY+/AsN0FrNW6x/Bo1F8DrP1Yen8B8TeKpUCvtBCZOgEjEAtEpmgE4bEcNWKADnLwXEmmwn1TqVh9EUBKJw63v6XaVgbjjLt4EUDgmLTbFUfjQlSMUxRcioqWk8A2UxaCZQJUfSk0ilSpfmu/ZvnxHiQUhiQ+i6yQbOnQLlh1UYopXOom0wKNQ0V9VVBolLen4mnSxcCnAob79ybU0m0FQoX95q8VAC/kwPnPoxcoKMy6t1XJkYYpLHMQ1+PUz5wyML6H5pp1J4johJNyxIgLokCXcTWibh07QnPhrA59bTzeJE2RZLUZX2JqmBSBAyTuIpye//LBTIS83y5fHGzqSoYGpchmGcxqge4eVBMctrENr8LCHLYh9lzbAzeDtK+tXM8sPDi+N/1WyVjAwP370fGTXN3AmbHp+MdL6o3pEfN5+uzcfdODR7I6EUxYy+3SQUSEXkW4NprLG5uY4RxrNGcCHDr73++PLl1kFz3pD75HztMQicQ6rVVLdez+sE4x+5CWHrtTdCWwdp02sDJy0sMzyjrRWeGleMw23vtvy/tWNw42Dj5IUVpkkuHSnSJj+KYSmYD8K1o5vEa8uAPROexqbUjV8QLmvDSWng81IQpPztcJov1a/sgxy6O27L5FFsx/NsJs3yJCmIsLEBCj7JNCnXOjClBAxygitMqWQWMJlVk9Ip7grOkSsfXJ4le3EJFbcyreaSRkXLotvBLI6fLoBwECpfTlnysUYoRx1IfVKY9Mi/uAjpJfSwLGHrGqYKcYoDXoEBlzfo5ycyehBtVUlCp1SgGw8TrLey00KH9jnZmGI7MPDmy1rc8qHxuN4zYbzOFnnYSjPDAaR4MUPEVZC4+9m2iV/jdg0/v/v1aK/Jz+1osbt4+hkxjt5oc4CDb5qTgblFPyTKD9cLsrmqzplVYjvCQx18zs+3++/3NHCNaSR88KKdmQxpoY8FS6Pc9Gpje6+sRReIcU1X26cs7MODqYF26YoKQFww/PTwwFAQjHwZ4G4vy/c/DXm2DBe/i3I1VWlxA/NqMyvSeOSOeAQZlzgWWdrF/BwoyJA/MnKBN/p1/PaaVQLYB43wx8Okw/DeNfhHN+gJpdueMo9kVr4CWQW2v7Lx6gKefeWi9QfXeE0LczNV0G+iPvqQpuzv/KRiHjof0j3mDqMwyTjd4FFadFGYQNT8KFNqStfFdPNUR/laGnEUUtK5GBLLugrKPwB+awcQF4IZWEWq0qWv0+92fQDJDl6Z+sulHJhpHJQArTTsYvho77m0rDUyK694dzWnWaufPpwjz2bZjAUucuHm59o10UBzL8fSSTI8FWitHEkkrs5eymg1eRNLsAvlMmyVBVtOwo8ihTH24HfYGz5lQsIcsvu55r7l26dn5cs79ZHMCmRUbHRjhtSq9MBXIOPE8Bpj8ljdRVvMoy54BQbNGd/infK1YUAHt/pVpZTLrtgdo+hqHySNRFiw9RDA4f6vfsBXuhEhqCWBPYF1NXkGg6ESQVIEqNReDBgBNRZENPbtHNYQZ6MBOXHiAYJCTlwcWN+qtiAuyxAtKOUuUDdAFeQQ2HRcypAmU9lXhr1D0Z/FHg13UvIiahQGoNFieGXy0deUe2CXhkuxOp6hvMZjhCKJQPguGQcP76P8gOlpN+pTTzIL8bEl9gUzfxfjU6ySon2lawUZvcz60Tzp4pgqSipjc4hBBpg0YdDd+lcd6vQPmxN/6gABz2ASOatuchmnQ6acQyHGlTAooAafswsx1fRZSCY5bejpkJoel6j+SiFzN0rFAyplzys/rQfd8QFFAjXMimcUsIxLKwZmMJTKfD2NQ90DE709PhnDeBgUiI4BUSYpMVUy5a3+ilKALlvQKa+0dsPGVlZcfMhC4rikDmpvMNj/npY76j30Qx6hkPNDLe2AajRjWAqAF+EgWTrdT9USb1gPRxcVoH1SaknLVi7nxfy4//adN1IiL/X04+6Pm0BqKpoIa1igZrhB5d4/pr0FQSQJCMMwk9ysmQNnLEQwQSbGQszMr8EYbaGBnw4ZsQy7V5bh4qcb02iZYlHxz9o2zBH1mZWGbLG8nada0GSbaH1rXPEqzCU6f0TQZw1Wc8GoJ2WPGvxTkQ6B8ack/OuXdys7aMeVUtpo/ILk08N3zPCO6fiLDx3xM79gMXKTce17ZVsCXERZddneVY5MgJgskixuoMW/bN8n7bCGm9GccR5YSIFnTK3INArqqVDDLQ3G6+++iUxSlRT5ODS0dl10KPHYHBQLOAikJ3JjmkbwwJogdSxoHZZzTZFN1KmTpZd0Ea4gQHcG9uHD7e0tfEcIBPPraY6vNKQEf5hXExN1ak0XfC0TnFQRGjmO3Jj8l74S7LrNInyHa9n8R2BjGynopewoBEAfglxi8rMp5rrOhTg521k3HwuGjreIcKZLLobhDBorxW0aaXt4eLTwky+2d6ppY1rqdPfWob5SlibMBDVX2yn/681IodBR0nu26ADR+kc5OOFb00W8dlt/bBDIxUM28ZkHNjxuZW3nZ/ex6PEf//Hk/TuxhYfQSLe9w3j0D4dpA54vwkHUaNuNDpJ7S7vSH8hgmkrZEUayJYSHrdiwk6vNL1+100W3TZfs99hMTS++xz9czMXWYzew6oAn1mjwMlVt/AHbkfLkQAAnin++wXah5OdfHwTKlHOYpA1pT4ZGOXMHuLQAMeWEO2JVsca4rlQixIxUNt1Y06B44g9gXBg86EINiKMow5T+nYBEtnhCB1Tt96JGWOKGfwMtlHzAkqNrKd2ssaxQxYLTD1Rqr0Mhbcsfx5xp8CEwAOWgohfFG6xTvIfdhlz5MqMQD3Bf/SyHu/FcJREZfNyAUsNUAb4k1RJ4FKuysyAcGqIvA/ht/fCcdce+YIFRRk0C57NI3R5VBhUfuN6Prc7FZtU0JOzqmDXGKo4JHmWvc7ikCJbB3uJ9nYfgh+yx3hAJweod77rI8KEOONkJSFV5/tY3dY7AMVkCUleOR77IXgPZED5rjdqBOm0TwvMb8a3/uSBMnI/7rR/TRCqsLHIOh30P4bKnFluh7arF1Ph9FCTsQxs3c1wpIIOVe1JGCWpY2Bijes2Khj8MajWRkHonIcOvtDbpJb/JCI4WQFN7+UO4imT2Uayeglg2nzw8o81gR9fTE49ytNBcCKvlVLi6jKgmhTot3DfW7l3Vg8w5x6dJoToWlry3K+VTbxqL3a3mSuzdNPW0wYJCxt4oENviezjOftdsTuS4jTkFGIK5cgEhe0Ioe0IZReHUk1JwEciR62EUj/IWk0bHGJFA41rte9pKXc/wIT+KyfL0L25WeI0WJFdZKT0ECjjAY4+/pQ+vypfJf0+r0ydE1hyUdO7p+0Zax17YBIZ4joK4UgQhmAsCWDCrh/SbdmlZO8hHbTC10WM36X3twJh8/Emyg0CIj9nuPMBRbMxyFMbdQZNjRMXOC+aV6UZKSdEGVurgPybiPuvqg6Uui5Y60SPFpmmLDXlirVQJRYRpQ4Z0iDkQQYlJUPtdS9ysKrgF2cdDKf7z3dQHR8s9eUdXtFzKzBFsECCQiwg1XY76u3Xw9cvj/YNJWPQbRXyyxuvDx69/++KtzA3LGd7yyjihnLdT/Pj57f6bWemrL4UaGGsPiub7tlO1G2OThnZYqMCWzrenFxEkvdB41ya9/fKmPsGm7rLwoJXUneJm76ORoWc+Lp763hBQtvrWiSFujcE0hQc4VPYqPB4NExiGSn2bTs4LgMax9sqTHTWCPUYV9FkanwPv/e3t1zRTA7kNEMxO6IlhEIabRZa01s6bXI9SOJhKZgnp9dQfcK6HvLBWYKHSQv4UhI9prYXPpIISthvXU9JElOSoVJDzX52VU/keaCeJH/uy/dQ09ZQrqLXKsxrXCfRooSwKhGEEaVWq4eir9OSel8hnjbr4+unDl7sb1uRw9TQdaQftZQ4w94oZsIBg5/m4POqNiIIntc0CcxyIEWCcPOlcxJ2ueci4U79MS69YyA7zEglKJVDBzU9vTcLyiLTltVd30DmgDLPuyGgDhNEW5+x5evYuY+2Y0PBe9wOEtqubWe19jJ+MfiWEDpa7ogmQJDjNnqc6FUyt7koH9tb0qRxkPKTWsBCTYVkLEzuh3XOb4l+8Uk+XQeugUupNKILIhg8p2DizSFpP6aNERJqb5m+8ypm/pzZiPs76lf/c+yRErx7b4E9ijzvOKQ2nCa8vQnL7V2R+cQS9N08+vzhh8aKB8VbFeUExby6C4zbY6Q3mKW2OheWZXTNTDwexLFYht6kSO28e6+fTEL2jaVSuBgIJq5mZVFCN/mi5yNswJ/nQYydE0h+WKY8lHvIeocKKpikvl0tbw3XnAMww33vZjBNGj/6HNz2c4tNTikCmR4Xo3XRhKgtuepXObGQszMI0a87mes4zBwuqParBBgrOv9WrjHCSTb4VGA4HLjah8DyudHAGHxeLjSDlL1cbgjJMZ8MKkexkmQ8xZZ4XkFaVPjhAi7r8/5M99so8C6hUWaMm2JmLhPxRV3XY9M3rgVuW08qK2gn2kcutqUjmKIhmlVcIojWDIRVUd83SZiLVMypWYzeUpNSK5jPCARbnDycgUzNLvaDDffGAxoaVKC4K+LI2AC3Jc/rA5U40ktY6y0T6A53nh8j4UcGQvYAZ4/IxNRJvdZT8jjC5k6ZiWgz1Y3rooTaZ+IewSB+hVV0IIQckw2MZj5DzXcwV+ObD5/qircyDj/7lp7e66PGl2yoBiQ9adbRafnViPP9QJorCD3dziuiWYjik3//UyjXOrkjzhOjdX4ThJ8NXw4dmyasjew32OI6f+JMXKprSVhQomL5ohKQEvUo+p9zZcUSGokAzzZwlJCF59xl/ajTiq9YvlaHU/lc0/PspoXoP3/yW1gSnGlP3Hl0IiOMXYqSFhmk7gM2RUdZ+rYbjUBvWCt9YVtlISukqHoAQHDddE8tv5xHm8sMqhxMi1Z46VqbQdInjd0/iY9YdWv5XICp8U6/I4QGnaAfvoCQAz8ur7AqGl2wJVVG2JvBw2FnbUj57p0Fn3A0dZX5/FPVZZUm/J+GC9en2+CtljRsn1WNGIv1gI8fFT6kvRm8UiThm1HW7CrcxdhvEGj6kwkYNW1VeB70CRg0RngdLVxKrCqT4lsTz0ts+RKBEVx4cxVVl3sa/kyUxrtxYNpG3PC50WXjSiF8DopKPNh89PnQwDSFpDTScTmx9esrXtLSg/aRenNd2UUK3GilxNG5hV7Hpp58aObhTPjMk3l1h90/DjAJMJ3d01quTrjd+e9U6/ayl989aEFioIVqnXTo5V3d2LV+zhEevYO6URybR4BBfKaZXBfapVqWdNGyxPAwwArpYxoqwwmwy6AIE9Ynsto4KdcY0b27tP7DnwJtOikf0EUapbREFZ/0jgg4s1iOkJY0kNYRLPi9vJulIb3q5KqsW09ZYJsON7NpMR1YxzLP0Uy3zLJIGfRLN5CnlcavZPvEl5DVbAUWU5GSf6Rfsz2sAHscz7pzmUPZ4DUt6s3YpcDOUaT1EUo3ajp5W7zFWDsAoqj5AdUifIoR3mBzQwKgojPuuqPr9H1316X2GytTMDTqoLEgwz/ctB9fcc1AuLjkkDiipahhatBHje0WymEwNbKAQtP0lrUYQJvKtgpObDzcQxFOqqJb4EU5DkYJm2rkcMQrqPv26agWEWNPrdl69tfkHJaJmyijtnM4cfm9D/nT/8Cic2t6XTiyy6E9fSDYB3JNTbz4b17McUhPzzkJAP77rjyeygjw6+fjwcnvX3ilenVrqMVFJvQ6rMignvNLQ+vG/vEMcAcKvSSleIBqBFLa1E1DCOfzIBVhA2QpIPS58FwFs0LFVTR6b0XnfVmXcqv0mViDscWFjFS2ME2WyuwBirp4SjrnEHxBKyQg1ZuK5dC/1nrrmhOrHEEMS8kt6XGkS1ciO6eo9egYgcfA5KJ8rLD6KM7GP/dUjdwnD3x+XgZh2+fVxS2cWkslJJ4p+eqDG+mVLq60vUYk0djB/qw9oCwXStTQYlPk5JbK1lajaLtOX0eA2G0PY8bQ96ilkIL/6j36iYMiusFxugJ34fGUgAzwixxSIh0KIhFf9n6ENj0bEhkEp+y/XeRoQxWL6h9SDylKXz8QNTg5Bl44maC7Y2eBpdZr0rDEOB4FaXE1NgWRAE2TVYKf45nfFp+mUWrMWrUUW8VzC8Q+1cElQrTRT4VCjleurJ9713EeiEtEZsPGy2iK/hPjpL+AV6lMQqdM5XzWyT/5qTqzlp4eUIQ1kJnE66jDBX8xjChE3rRzV8zfSsgsgY0SSHMAx/gT7LCwvLdgokVROT1uNNLy5nVMtALFLrbBI3dUeU2Y4bPDwq4MCKghJtiixitMEKj9vFHw0THgFv2UY/aerHX6LoxpWPDntJ8vN8ZfHnAEozoaLStTAq+BexjxbjR3+DC2vG6WqMtWJ9Ds+VmlNCyB5lRjSk1lTyMdjRUJtYoqFPW0Q319FE2KldMGPRU1IE25CaQK0IIaXaqtEk5+RjEsrnrDhP00AhhpLr5LsrYhpt7LGcvrnHkkVLWtEZPJl3qjvBMfbjoYyh20ILRcY8xlVnQzcjccjob7j+axQBhlvok4h7k5WEz64fwJETqsrnvSgLNNQli+00jiFXY28VTmA4R1pPerKbzVVFQipVGKfT6BPE0scwzYRIUJYrKZL2+aWzArAC27wtUgROL8wcgEMiWwd2gSJQIw/dcb/5fZV1vF8aGeKkZBypl9xiNePXymTW6njChwTiK/ULBrcosL2yjO3q/378+m7dm7jnO8Mndg3oIVutMzJurkm6/FNrl39uH9RreYHab0xgtaYunVAnWyGQ7w9WVttE+XdjUEyY42sxdls+NOA0OuPmw2N0K2ivcjnG19Mc3sEY6GnJl+dmtEQhCJY+Yn3d3e9IC68s5l3Lw+96Q4xzahtruL1ufEnTs1oEALBr6vj3Wh6Xc7oAqdWdqObdEHzDHivP87ITzfdG1DjiYLmsQ2d4qXGt1Vlp/vUHF5KQhw5LJ84qe3QNhJ4pgyzbDCPDtNsu+8ij5jSICNl+C0ZhXtKW4qSMgUF6BmCwOGUB62hgp6kA0C74xdUrYIUOSQyfcBowFFeVNCdusJKpUXFvcZ5Rd5hHQFsqNr9y1SPHsEWEPQwwTD3T1MSWEOR0TYEAgiNFM9nmMQH+UBJVVPD/YM3+BodmOp0LFemnB8x2mjxa2DK65uVCOCR1OTax49PL09XjNguk5fXv//xtRhp7EoAtjbbt+4I9C3sg4TpY+c76rkYtRMRmQ+2ZAPPkYAc6qQ4sJRUByaisgJ2ZbYJF9XctDUbqnXkpX+06Pb5x8vXr86MVI8xY1upWoQAtbR8O0+pgNF344UQoL1I1ARRV8O0OMUGp8YJ07iIFLqZaTrh4qkujfllByjFMon6M3MZNFWI5IDONMEuwcbvwV3jlfDVHbdwAiD9sU7McZ0uN0aYuecn0duOllQK+PgQo31Ulba1gkM62eULuCYP0Q62yuJVixY6f0q2iziPupAnR9euGskb0Zz5YEt6v8aek3OZWlRhqAbd18GgxB4Nbs+7hNVJbigM/vnWNKuCPoqiPDBD8HAhxlzIygZBkGEZOThFPVaU8VddX3EvSG4CLqkUv33vYhguf1VKrE0PsQuEisoY0nnWsgzcyPVseaOomsuX3GLpNK7HGZdHgXE3fsu3+QSyZqTsk1uDq0Q66awIo+oGFMorrZpoLErBjcc+GpXTmrklMsPCqqkSRS7FDkYz7UGR3Ad+4YH/Ag1FmZ3NeoRuBIfkCzNCPemgNnVAtqmFQgKJCqs+og8nAp37ygpCcE0ObZl/gVxERYKGTgZ6VGN44raBSTgK1zHLPjMVHpBPQqhGfSgmW2lTp+DWXWknHPBxtF+1xJZKHrUYoqs862CPObZYkE5GBNQ4fp/Gd8Jz71lgIbDFyVqfph0g7FHMCYd0iTDCeXRhT1SkFrDPhas/GmIa1mn+y9hD39blNwMT1hjLoaaSYKe6STigwVdZhzon0jgK5VZxBSbs8CpDTg7JSTNmiiSlO+GtTBUKZFmqGsE1lkouUUXMOJlU7fmfE+ETqgMBZ6VBPqKhLtMRLkhpw4kpt8xYICvQ+woVKgJz94BHrQdklDPpc+o+2aN3ltv0fliUnwiYQW1vJEtEf+gBcREyA1iLjklK579iTxWsipgTMqsRcmpMVKBgXsJXOSVriY416qIDpmOozgAAIABJREFUsXoGUHE2D/XUYgDlTBbwGND4NIcGlHSt1YporAE9NhHCsZ14+9+t35RWM6z1Jxw9l7xwv4eRfGYhkn9yVnOfCmFICoQqmUPbHsX1e0i76SSZJ77DJ5Ul8ZigiIKI9RuPKotBwIbccR5hCT3gV6AiqUdSDWttQApwfXv7fP/maJlfFu99+vD16qvjaGR99/SAe4pYI8Z33d3d4SYjVQPq2tWhune/vv7xxTifpsxyPWvqM9dQrPEQVihYinVNmh3nIfc6Fq1Tjfffv/5PjkcEQ4vyj3/+u40mf/vb3+WivkzNcdZplPEeawybHBRQ1qVwQh5ZEk5C/WD2sM0oFm892jWzcMEUHqaDL1DQ0jeuOJ8n8PQG3uHTiYlrQVs+QS/IDP7OjZum1W/2AjfBJYRZnCATnfhAMbKIWFfwnhaUZj40YSUL9y5mWxNKXwQjM8gsgJyKEeb76jRMUSnCpBnTZke9u4dYE1cQ+0u6ej6N4e4WezFu8xdcxGaMizp9jpvKhySdiiUmiDSXahC90dxAUp7Tc0RFCpsndBkKo6vq/V+fsNTS80jVm3xTXR8XrG96VBBa4YD4wbxR1P2IqDWaFaeeZTL65wmkDP+1uLCFg2vhhGKFgJ2Czpk1YQLForiU1/tM9DFEMyPklzlgTHFYUra1XDhAGegnu6dsmG3sUMfAQ0hL9DGBa6CbW2GlN51T/ITT4krRpbCcThgFz/7RJDbcyMyXLzcFWs5Rcti1RYRWF8QGXZor20T0i+6ctm3Ku3519FIb5oPJqEAEwzHF/PTy8OXdDQWjlkp1DA9i37+HL5TUl3uMvy0fJMPeFrgjRamrrGpHDp2XxR5lXSBImtrVzzG53VlkyNCoYw5mFOGNixxK3oliSjRFfu0YmpwMNyhBROEqxZo6g0E76EfBpfg1Nve4VmuK2RYoBTdCCSHDvjLN8XDZVMEHY1Lc0cJJNyWZzqcJY2HOMxWQxP8drYlsDUEt9lGtoJRJiblGxel4PoCEwuhgmoMMfFqnKJVFKx3gEofDtPB8qW34rTyoQANe67EfdV1wTkFdpsLBBincy3UIwJ61ON0HJxQgVJBRHpmhzXQqhCdwCbFDu4SRLWMVly4zcejWUqNWICSJS+amYBpDS4CGHVQBqzleDcoPHjJ79KAaKSQB5VVUkLyHVFT2dPiDm+FfjHfIQXy4Vc6nYpRCZ0EBsUYj+RgvGfMjU/JkcuFOXJYBKayp0lUVSWOaVm3siZocVJ4GLDnAKH81UoZwPAyiZAbJTkUntlqulZpPG56471cDSURUYgMvAZyJ55xB5DM4W3ivBVUB7CJ87d/w3FNVD4s5yvx3IBMvcJN8gY7mJNHGginFeu8hHXJhkP5hWiPUREVqEqeg8TZ6qfbWpTAcZcI6LSjUTFQEGZwkP7eWkLN0ExdYW+SuRBQZPW7x49jVhEXNaqWO3PzEThWGPQmMzAivwsQERI+irMbMZ6CKbKoBYFVnO926Orh7mvfkU/LC2lBOsRXfM+PImEBXe+o9f3LCFpWtvri3+uNflFcZGbHhMriZVqBIvvDISBKDDBJTcDt4jJ6OTzFtRqe11Y6AUrFTENhkEtDJtVW9nng8l4cTkQV8+5U/m1Ru0QRPHTOPpyKB4ax4xaAxhPEq9krqN5x9PKGIOQNp6TGM52yOh8PiVN5XQSU1xbY1UsRcvN1Hhnai9J21bOilqvwHLhqmIlOaiIsr/fUcE/ZTKltNzjhyOjsVw5YelTOsx9BIULjYB/j+Iu93dVOIFEwDYMLXIWvfJRE9dLW7Iq2GF5yR8fxinbsNH/o9f/v719YX/jQL/PT+7vbv//K3p8dHTkQMNwH/uvtybX7405e7+4d7eNgC0oIvLNiSMhGWAWtCIUmWZNba1kuCd+RhwhGC1ww72SSVIiMWZoIZDlaOGbP80SvRP3YOJIfYwMbPm4+NSrI3E4hP/3i0aKxrM9eayd5AIE65qHMbnntVhpEmrx1jcnG8PDJ0iqL4z6hVbiSnZPoYVUZifjgD0mujU/V8cscTxEEqpBnOaOGZjlkQSZyMq4JYalhLx8lUD3GnPZzRBs0JCHA6wQlhdg7xXQe4bN1h3cqYQ0J5lqDN1Zi/M/BWs6CwR8EjTWS0HqCw7CgPU/cAOu59uKdwzdNl1ok+7O3M/fj17oucQWyUZu6rLIN8LlLwiZQ+nb41pKszy0HU7KZgtzqxJsU7RjHjmM+R4HkuDRr9wxmam+qSsDKVhiSKooxDGfrvnUd4nRpWCy7VH8ANavn5850TOqGl7WQPhGIlIlk3Nfz5MzHQXgPPqrCAQfQjgzQS52zssM+xWS7RAZn2o7QFkIK8PN2T9Je7q59Gsa0nsDT2+ZnewuHpxXpF8Gsiv91/xwmj4JTPCdjRwvfX182DGbB8fNai2+nVSZmFoYLJGoAevTdJY3UsXe8NkAWaOoI2Tnlu8cPtFy+G6Xj512eW6I3NJo9jLIE7/BRdNJfakmYcIss1fnFmQ+NqRJ1cqvvZWQINgaOOMLggg728nSDUaLU1Gzls+Fqjqb+UsVOBycCSL6vNklWVs3CKsi4EnpiPpllNcRyh1wjaldCW7Rb5QwBYwuIfDa7QKBEtNN2POUf46k1nyX8G5Jo+UBA6eZQXWZmGbF2lL2FawsVDpmdTQClrRVPMHpYsa4FCMANHnUap0mvZlVsuTKmCcv31lVtvkKL25jwCMTXN1k6F09wVRBg7WNglb7Zf8srBYQ1U6VDzn97PxxOcHGiPWJiU/Xe5biJEqlZBffkGa6x1M5JOQoeLXETcW+8NN1PRQhu2r13ZSLeOtQZzQXw2n+uKE2QwhUh87lU+pq/Krg7caIZEEx31iMgR1rkGB2WHG3XiJmCCCwcwt6ajRsg5A4V1pXBfzjkceFxaJu4mtsffrojISvPYTX6JoA9SKhZjCr8ZBmSUAd8SvGRClcoesrh/2RDTosDgzOW6gFtuDkyVgdm8E9jWwhpZS117AIIuNBQOPnpdZkoN5lFhrZCKYeHRnkJCwgisFuNgs7wMsNSOTiOdmBjbKzvMMx9FA40z4RKeSlSn61107zMpUryyRcG+c1DABy6GqwgXOSq052sitKZRXimbdBgXMlzMKuT3F2E8CC5Mo5JnBUirAbY+Q/33VaT69DUxn3qONQZPwUjugno0H2FyuXUQTWuoI7camuG9sqNyBI2b4CebZGSWpmzQkRBKSNoP8Kl0NJaS4riKhylvohgO0gY87rncTZoziCrJaqWu2ljvURRgQAAypgoORPpEXHVBaJoOPRY2nRij40QuoLwTbK2eemaeu1CDmugOf5D3SEi1xIlNjeWU3XPcmThENrQi1dBI/cq4uzhjHU0lYmUqQykKCqKpm4w/YDCOfQiNEk+rTk04Lk98lQnTqgrKpw1WcKTGSSDoRp6oOwBCc/JQTiFfvz+ICdEyB01rwfkQMRf57f4eEQgnetC9Vo6rUq0myiZkULzfjIHsMN6qRotPyzu1fGaHv98DkhJqvvIYTuUQXX14/Pbk+ubzjeEWoTKaag0ftClCNPryybhkLbK9nHsRHzEZfUGGWW/Qjtb25onobEBFtZQUlZoopSzkf3vqbDfDNxp/lFOVItr2mtBG/fdChIrH1BiR1zNffCPK7MScu1tDhrkH2ArxCn/HyuVtTHFuIWdMwHGYoElVgI4peE6y02DXwE6rtO71+UBATjULVqGfDh5/neqkQTMGGuwjQg25TQfDJMt767i7rGm2At50PR0JiagpCXoBszTt+Juq8iRdglkZoBkWkgAShTgVPF5EoJ9QphbQr35EHZ1yJUFPfhkvdUpyNXUDKnv3NP1yVz66m4KlrcwHZiksGgoVp5OhFqPzesp9LD53seNsHG9EQwSEwiucslpYnmbOgDXVK9TrXTgxHRoo9oCmfb7sBb5ybPvTjyf6ON2wOXqHsIi/tojHYLeK9BK1C+JIaPE+hiHBBJBCNE+d6npBzosYlj6BTCjSmUsjOJ52YKfhGaRkQc8PT/jnyCDonQ4DphmS5OgNzrGLDpz/8QsUrdXj/TNjCW/OMLk4uWl7yddH4WtNcWAadl1d33J1BsIxgZxw3CkBqMUqeI7LsTxeQ71BynO+dyMN+brbje5ruUWKF7+UnkxySV6WtlXBmWAayPCtVUZksyo0177rRIfNiC7P6YsqJylvI9GH3EwtZCxhxdPko1N8wOlNO7ZTsRRj+KoxjKcnKp0eNO4VzIHJLyZb3xeHVgsrn/+r8eIDl1DO4QjVahjEMqf2VdpFZMcjiARk/5fdNbKnBV3tc5T5AlfpVQCwquOev6EKyzz0AYrk+Y5qDL7sUY30rK6k42ojUfrMJbQPkiewOSXzUfJzHbkyTvLdr04MigSgcDCpdfx4KRSstQopZpyLh61thWguIgNrQDqK+2jH5pfcLq7N+Hvok8iqlmT74X5qKj2EjhR+iZQ5a80aX41y7cqYyaGEmwpiccQqJAWjqE6gJPBhUscO9YRbsQsoaVJcVYWC41Zb5iXpOyoyO001A4T2SE1Fu/uNO9Ipm2pUyP8HPho8LxQLkSBBT+c+pfVgDgSzalcmgWDFLhQ00qdAXldBpaggHw/jKZhM5vSO3YEM/0O90shpBVIp1RlbBrN3z8Cn1ieAwQMNBRJqK8O4Apjr6/CE9CFh5NETyOEW/NglKdC7wTuE9aq95MwxZY4QUzt+I6jYEJF54hhyJDCHVfmxJuGcnZCQkuGwNYgu55IVnAq4r1B8NbmzwS6Dhk3BcUm+a9niQWYyzGIuiYwLsStnlIiqBLE5LRn9g6HfdFPMQNFDLMbseZcyJ17EIxCJw44YgK7KcKod6MewjusLZGXVFV4UOTlfIMaCNadhkiyE9025tOYn8cZI5gSXuF+WZCBOByryfUeodP/pArvsEwKreuw+Mk9XC9DpJfJSfNc1+k0ut3zT+9q65ywnNEVjRgY30wtp14UYKPA3UodPaEVbGECNuuBTHYRalgl33wCXy2f4TUJuVngMiZ27zzCAkx+WYEV0l5kE3bPqbX4LY2g5/QxpP/KLwE7Q0mEZ71q8b5UhvDHx4bujpAnC+ifEmll+EgrpkOn5kYEXk7i2TuG2kLxTqUVdrWtsdMd5MSAXObU569ePu5sbgC0P+/b9W5hlFTp6P9uBHF/L2bb/H/a1xGI4QQMb+UrWYfaQnK5Fk2DpERpB7FUWTV6/vWY1lBnXW4EIFwTvZb7Ylo9oRO1Tq8eMaTFBqRxa/DAuJZ6oHNm2+wzSefMYLkWq7BOSauldrFSBb5w7zeeY3/odFxVLm9SYCiKDMN13mc+QPgklpW4KfvIMSb5cUCl7wXdixyS+q4uwzeWkCogooZu+0gX5ocfRfuAk06FWTwpoPABkxqVgNpreA5WKRWk2pipXDS4U1qtTLmBHdzhHP3r7VtpHxaGgx1DemOEBB+FKSrCi6ng93Tf1z3L4iE2SNgusvAjPKCXh/2xoucOoWzFJYUwEBLM9RMX4b28Pj94GnrLhGQWK6h3UrH9TJ3co5MRg3MrJDvxXkVns3ns3anSBjDSCpSw/gS0y2GWllXxbQ0z2afBnB0+0Q+vzDYE9xut3v24NHMZrS3J3mE5vdnkiNwZghS7KRKbxP3V2oB1H1FukjzqZ0RB0WeEgFOCZMFftVM7WYwsKc4l5QXnxK5V28mPtNK/flvnOEAgtSiuMOC0EN7dXGfmGm0gx9rYaWEerRoSUoK2It627ysgpdof5UAvP0ojqeyVWei8OJz367oFyCmIO+5t5dBRX8X3DSBDCZ0DKn+bJjNXaPzZRmwabEquDDqdHKerpj+SJJAWaHvVJn05ucFxD4DzY077W0py6UrYDv0qqakRWR5Xuc+wuvazuAFanvwPiYpahsTJdAOK6q2Gs2MoOHI55EDDZkKINLr9PqZIuWHSdXw9ugE6ZiqlYuew4m1vZ83UAy/Djzbt0Cvp/3dI4OGhRrIiwx//5aVsbCAiIbMx3PiGTCXGWJkNTS3whH5rjy2ZHMhRCXbkInEAUGtqxfwtYC+xJuWSyzkQj8/BmBHdWZSSCvBhG5d4MBGWulnXGA8qZnoHELyId6GQ6pBrAA7wObeRWeV8VZF0FNC3Ii3UkVYN9nE0NrdTcQ7WPo+lm4URVlnbYF6lxteSGJ3k0vbJIHmPlSskvUbI+ZNiGHEYFFS6ETn35G2TNrwMHM92nYIydfjzLKLRFVnrALc5Wtt8e99Vfck7YINMUDYsn+qidimUQuBhxuSpGzitYthAMhodZHMoDH4PhOT6ISeli/vBUB8BwQKY9TkgYmTJXQZxOc3cR9BgtGVREzykHf7hHSi6B9Y75IeG2abWcLOYZoOlMhmIdtOdo+Ln8qyCX4GdSf7HgqB82oXuQGmkr3lfZQf3QWUvYchbpMF63Mw5ANh+zmHoMjfXu86zQSwy0Yr2N0Rkz4AqfSUheyZKy+7VY87ZVEpnsxgRQosiJJk7AiKcK6xyPillBfCdAXnmI58l6nmFB0re/qZYnuJ/eYYhAqhg6g9JgHam40fujbyXLiJ+Ah5+K1ML9VqOrlDVTDIsqiYxT43GJ0qv52EVU+i9/CE4Rx4vhdnSgVFJQKTCBCoDE/bidvYLCwofQZOE0wZcXZ4X8+f0ex79YjP/00Xu9UGXkRfweR1JL2Uz4OgdnAmcvRhk/OcLNK3FNhb2K4Aombw2ZmMN951Bq0NFnLvbqp45Upx+3mTR7KX3Nk3f0kfPH29sbjRs2esOesPL6yqvXLMrWjYMys1QmTtRZjD2+P9x9uevNzjaaFEhZ/6WpMmLRkvw2PJDMO+MxV1mw4i/ZcLtcE+h8U86lKezCWbkFgFZupf1144w4G/ssQBEt/WpyR5BQcOMzzQwdMgi02JfdeA+H2epiSdCOENVVLtIfBelS0iz7p+3Hk6EwOEGtLV0/iw5xIQVyqRnTqIwikLo0toMTa0lTWaqUmJMx7+Ev1aRcq15xf7X0ck3ziJJYtTSITjfK4FdtoQ7omB1nyMuT3UofRqFa/hCjK7BuxjC8ZDPT0mQyTJYHJjBfzXL0AAbYe3xMjFTlPsbvbFRPYs2ZGrcjPy8cu6ZIJVrA0OHP5+mV+d/PW5wNoFV15nyJ2MFMxGHeGRoEfoxThGSQ5cuNzSWFmMLc0LEyoZ3Fn/RSGkLjIIyxJRSb2RNpZPHURI38CKzU1fWn9y1wbWO7PtQySJarxX+zfh0r4WDK0+QgnVoYCxZleuZKf7x7+vVqtDsG1gQ2T02BIIlR3sPXJLJBU1PMnz6/tFDh1ZIKoZsozKEAvJYz6DVZtPqIGJcZMYYR2zZ3hqlRbcbNcFisEXfHSOH5Xs2MtTLW68CBFhC/6zWDdJUc5ZlZEcj02oQ1Lmnz8tFHuXJcU1dUJ1+f7CpTsUHN0TyGsdzx8M7AZ+KpQO1EKKYQXQEBGSiwIKp2kgsi4voS0hAgsCiUsNBFoOKZ23haqZ7NLCAhZ9B7vkLTOVlTyJJA72HFy3WB4UkJ7tLSVGsweqqoIqX5HPCS5e6ub3l6NJghqCpfHkjpyZ6WY5MBlQoaXlVaNVkn5GbYGHWAlsmTwEOmwJoVLEa0JqfwK/7P2hzERHHX5SmUozCK0cy1egMAxs6rwG1djg8/zjjihQerQGWJ5ZAD457FxSQGJZUJq/KSVmEwdprg56wNWKkxKwloIWXmn6RQBwA5zJhGHypjSvmHMMtV3iYBjbHVVwSTcs01HGbLIwP+1bFnrWGmo9Iiv7CiN3jTLHhIhDCIcmjuiihjYbxVhcZKqbzj0aOpQvjkiLmUwwt5PKbGPJfLhF39g43VSSTpwUP+jK4IZ0/lhc9Rjjkcc6MBt6o7mGErn1pz8KGF3IzFmiMBQYAULxDSPWvPulCZ74a8RgqN5QRgC99nYat0LT9YBWCRe/Cu83o+wIV7VDbq5GbDByXN+CCDJxEabT6YeaidwXVJgP6NqekB/CVGPKscc+au+UpDh8YROazWZNfGN8subx8VXKiPa0GRNPVPPgQgzxqPMUlmGaqp4lFVlRGlmHTyxHpJEPfokhkU5FZbn9VyMXyQAlcseGkC0zPsNYWkhKxCyUD7S5Nq6sUtnYytldeDx9YKg0EoQSGpdCDdWLXxSFqC9As/UBgLmGpyvEudEu1Cd+iV1FxAF6WDYtB1caL2Is5Ed7Djie9YB14iHIqS+IPGqQIH/aYU2VoMSdddRHAaL3/w+w4xj8ApEeQxRGpp/eVkkb+oegRUrhTEz1pk3LApiBX2amWBEh0N9ToxyDMI1FCfoQJKvAlfDZigMOQ0WtfX2m27O60RvDVj9+wcGSeG2BDww6geXSRkjDHuQpfqCv/8eXN3+/TtvqCvw3vRJLi8uvtyU5g3K6FzNE+jaDl+GhLvUjD5yRgIztzcqMNHHFptdwlazINRHysByzT+3lzd/Hi9V846MPiaK2wIuVYQe5MHAuN2/H4TX6CF6BplRn47XUx+bx6zCCmnPE59ev35DJ1UqjC1XSZUZ/JJHT+9v7bSdbDRvnpiu4/y5aNLyb3qC7lABv6UD+usIf2rygWgJNkMNked4oDT/4r72bkPQZmoMUoqkuRLyqnH8idFH5LYQF74pB/Q++q1iVfXCPH3F1A4yKoMVYMjNOjFMQz+HnIeD00/VCeEQDSCBCreGYVlglh9jGmGWPOUMiK12PpyIWojlsyEEeld/fx52/pQrWB9dJljTK2Nsqow+pVbRR0lIU7jKB6K3ju66O7WHQ2U04oCAWU4WyBhTeKrdYrOuW7tpoJ/++OP4hheMcMRhpo1djDTh5vPt6hwbLtmzJgffmlxy4kbDcpwF1YpvTw8knmrBmFo4E2EjT/fv9/DFtnQ5GQewsAiPDuXb0VL3hKOhdTKqx3tjiMDrMY039oBYj5oA07lHH3IR1Fd61TMX3MkurN6Hndfv7YxquaacDQNdXGJKH3GkfQ54ZI706VGRIfntFopUitn73mxjLjVu6kG8bZCseFwhs1vY47ivxdTgpgOQIgAJOqtTHBt00ELGcUYPrCXLbqOnFQjlW+OTyc8+U0fiBmGZV9/lK86zUTtW1zIaUlyiTfgAxMcnC3dXbBRKDnNjFqaETgZ1HwKLaW7isjuuwYvTitQOOxqNU79e1AelVa9y0DD7Sj76izHAJQzXBpYrQGqbPUGMMDdj5oK5EY9VpLNDbI76ZlnqPUgwl1povrJnBqSDX5oF6Ok9vJbda07bae9TUjjSI4gw69LZJnOk44rFZh+0pRBr5KaknVWyZagIUpV/IRfjBnmfbuPuWNtWnH4FPpAsGTYHpkmGDf107AMIEJsChq1VVidSlHZ8BlL0SGR2iAjrvIysa48nquXDR5s+rmMh+bk6myf2qqR+c0LTQWa1fDMdT2RsspR1YMV9BIg0FRVDAyTYDCJnq1iaE2DOQHOqKKxBV9Bn1pr+YrdKr2zABiL9UnYa8q28fRI9Ezt4QL5qcB8dg+rpZvIAkUp8CNsPbk8u3A0xo2SVKfzAQAx+rqAgC7kFpGd0QbFMBkYkAnR4eZJUD3EjZ5G5BEGNscgIHRZ+wtCyhgqobEyvuIQPygxfa8VOBl+/yg4lZK1lrep7xoFaG/I0CxMiG6ZF38FzICMN6pBMX4eW7hU6yclw29/xFyFU0bKQJmQENOiOCxDaxpHUHsaN/3hVyiXu9KJxQduqzKGxc1OWm4ktgplimmw8YFm4CGR4NNXwtDzN0KkSRHucP2US87yxRnlq2vUEKv7DSbR7ExJLz+6EVQ0WHPGb/r2VYy+6ePmYXlz8q3d0Le3/CiThgcOT9gTAuRBkJxGIbv6V6E7aRWgFi5rUZO+71CMHWG7HKHjMgg9GxexpEzlmF2gphChQjPmQHgYR0/pyanC+WvAq0ED3GC+YRVTamY2Hp9MJTehBlIrDSjc66vROGMbGLF3QVmTp2eLp21tztZSyJQKP5RtvLY5OgvnrbvyWpTa3V5fkd7jtzso0TBv8KtfJojU0P7z258WZ5OToUERjICeaA2fQF0hWTXhegJvj/meIgszZQts68vAAYeFSh2AzKqPTjSoQoA05Koja7xbpXEaW1nkxhfVpfau8E9ABlEiLoYofYxN3q2ZnOGDGkPjMSoRYFwq4eA2sKyuOTe4JgPCdAJ+o+/pZym5jhSO+DgqvYo9AU6VsdGYK85Q7xxE0kk4CTKj4iC7GK4EmlmnnGlGGLsB4uh+kcRsNqWQByj1wbfGA0dM6BMcmQKIDjxTsAKgjRtARp6q1Zraojmkp0Ie2ePbc1Hhelwd+k8ZjPOJnJRS+3FZmbJRBKzhR/rS3jnGWp9KcrUGOdB7b4Eht9OZs7DK63C4od7NXUc59TCKtqOCU4VmfwxRF7AaGXx6fTTenH1TL2p2/yCUcXQ0UqjZj2eDuwKdJpkxmpIzVKGk5a00j5Y9PnSGnw/IdN1AsIL4G8wUTTAEx3b2YGvC5lcK3tZyzMiki7IQ7+KnpYDW9ZnaS5OVMRCedDrvSRWX2CVtcU5jBXkN4Vqj3dc6sS/eeNxx8Z58NE/veG3CZFNk55hDYbEKDcGm4A17UL6UkYJR0CJOgQwCM9hGTE3jiD7H1Dw8BPIygmbxXR6e0SWohOATe0g80dZ27byn+bqWxjZalaCqK0VLkfIp7V800rQjonqa88ohxDcAxQSxTBqhTd7h238Uln5IWA436UvWQyfo4C5TfyUCkiKHnZuTa1Gx2ySbEaawK01seC1J4VJ8UvDjS2UDLHEXP5S1+gK6GlRBXrM1IBZeHEMghAOqGkfLyiqkZKqeFZUjvnQj2cdQUQCDn61VVawEepdRpFS4RT0/0X9yNE+op/L6aitTx3qucqsMYrazNm+ttX5RAwFe3ZzewfEZLRZUl24LJSBFUidy1cUmbi1UQ2Io7SKqpca/fv0/jKPl9Jmi0rjfAAAgAElEQVQuwA6uNEP3jysaRXlySiBmzULHr0WKOdDgYX9jiQySIglYVBdkFcIg51hplcX/YxjVLMKbgFdbOTlF0JVb61nhCVGJ2ObO1wxSHlUdNa4AyLPbSAuQ35onluMpV52PcvwTCARBOo5qMjYZfEWzvthQZScllId6skGViioVVUE4WNXGxy4O3CBhfdwqntLmZ6MebCXqcIT3PpVGZ80HmtgplgeS76j21AFC4miTSJlrpADmmT1h+EtIyQ4s82uqbPxieiuvdA/675NMoq6Yva7bcI+wGBm1oXiMjkiRUdGEtogS15on5L/z4tpe/oMHmcsod7qrxAr4QYVGB3BmcYlqfusXkP1Vr1/PD45qCzP4geSpOHJIZGuLKSMk/0DrVBgDFKWGa2ykN4rX89D2HVIypLkScn9b8RIAa0v5o9xzXNY8WGfQKRK4qQTUhMRAxf9E232sjcRg450QEOcuH2LncuN646r4b/adk4aneLr7VMx1iu/TFyLduzikjmLZ/MZINSapninUb2KJG9WeUaRleYkAQKwaPAn36ghMKpXuJPXJGGN9JiDwG7kBvfxY5JP1BmFYFw56cHiotu/33w3jAQoSDeBpWixYhGtHYiz6cvslnnMw5p2vr1kren++fnh6dsiwgMzrJT4/PRVLwvb21m47WlQLKmrUEIMrfhRFaEi+ffsmUjB6Ya0V4l6fX3vrQ100sWfnGHM2HGIqYEWs4xUF+HWexTP6KrCgD21FR7WGWO5WctfBnHOx9ND2VVsWkGroyKCjj6itibANzrw5MJlGtEisNTPvfz2+PuiVG/wykuPWPx7vBGDJNDWMm5k7PHYmnKs4EGNjigrgnNBMdO/VAuidLKe7tSv5PZC0yyCQaoINQcIUQvAoHg4SM0wJ60RWY97EX+4qv9tnQpzC7YYR9PHdBXyKJZinjJN7PmJed0qpHFzsBspFqTBoIZHriIUb18axaRZ4qy4/k4KW2Sc3zFPxTaTJxkSH7Q//7HAkQ/SfWpZQuwsDUGKLsXS8NeRnCzm2CaurF1u5xJHEiO7aj3RNN3Qsfnl9z3Z0WWeA40mBe2zU2Sk2VppuPLielLMwizvUzxboTwxglga/b5t3pnO6E5QIwlQOhRxap9xOjjCE4o8f30Vyqvah7QaUi3EJplUDtSbgYxDVxQRj45JlNk6O221zGSgM75Bvy20/3zy+tr0Jd8SX9jt3BoSu5CzY8Crn6g2HQk4ZEC8A+HxzZfcJEekrQd+SSsp5ZQuRUf3PVvFi2wsOm3nKePJhtE9RI0z6Ho2yNNwjc0uBnV7UEPhUiqLhgN5aLRk5FW2LURsRzPIxPiv4y58EUgtjQhD81M4kdC6sSKUGkXHgD3boRuWU877pA5XTnNI5C325FLmyvA9F2f2SAp+SgrmBOIhEmv8dFYrTujQxJZsuVvyoc6qLxJSw7FkDxEJUqdS7EgNzybjEkMqRrZ7KruZZQ0onf1+nFpfVpvjBYvAUQB3iUbiseCQDPgRp6CxdwSHawy5ViQ9dxaCgDLKfmH3Q7uFvrIdDeeLQnP4BCzWpoUCUjnf44lDPO5HZDNVbuRnatcmTlQxGOtryVCKY09ChyFVm76GRHsS7hirVvnJ+E0RI/YXbshN0+Rs7r1uRqKKxtViV9SAWXDyYn8jxaQyaLgZSSkDpmWKs0o2qfdZAR1n+MGQmNGjUdQHbnIycY291/WbLRDI5eZgeodL2+avqFfINmb7TqVO4YzKqsGrTwqClyT2NZoLJIaZSllJsAeI6M2pqAGkk+04LmkxDEeoiHfyDDeSGsltWXCsQMVFd3Om7vhHqezWziCME8uBxh4jiU/iW740feJdTjAMqIiLGq2UhML40HOuUepSOJjP2ODzC3uFm4Tvv7D6KC1ACg0r3LEaRHg36eNF9AlBjzvgAP0iGqcdZN95N6430SJmyNKZdeKhlz9sij38MWrSAH8cByFLU6hJzPAhYknBRyFeFR8FnLGP0kuJ3jsbDxKxtiPyTNbqbVQo1DE23Jo6eqykkPKv+cK+yygUqilDpLaPhSGOTVbXUfhhe1H45/4Gut4RSfdU/e8xkAgp0tePAtMd14Gsa0gqePOHhhh/METVLFv24l6U2sCA6BONspZVXKnQUXyqNTofUNkK6it5yQBjjJMfgZOJZGCp6iFRFfC1b1EI3TKN65Zc5c03jA+OiSieSSjVAmxYsFZDGNSvqEdVCS2252OjlXpfAI23Qi33KIuuUW1CC6BrLT9dfv3//XheNUV0bg7nS4raxQ+Bmvb9S28mEGaIGCOKzeeMOWXDy3OcrU8LCiRjZMTEf/vY/ffnx/LNR/PkU78b2ipsfhox6BXNhh8EY8LWiNJEboJKUsvEZ6jEkEShgrAfQubLewtKQIYSTrWdpwliaWSuOyTYMsfbkKgLAehBRTtSGbWIXjuuyP4OZfEgaBCZAUkdnsCuQk54eB/UQz8pa+sXdHXJSGNV5JBoASnQXqNQy1ADpXwjnOwgiUDXDSbVik7VbuSAA/6MMSskow+nmUATFZ7kJXmnA+6+axCtzA3GdMFqN+NhLfvFIEHd9e+V5uIE9v8rBqXF6AtrBn8YBMkpyGtVR+bxSAbp/hszELqbyfWuijO+KG4mv0Kpxk1SP+ry+b0binXV48awX5Dg8pplNHieimlSlG3OzrbDxYWqqF3jGTJTbv+w1zW3pTdWsjTcxS6A3ljWIyH86A+kVaiOhU2YwIb1Va30Eg4K6BG3c/o9//gebQwWU26iuLoeuW8z6/PzxRydgq1onmefQ73M4fKU+GrQuyoF5O+ITXbZjXxSp3txd2+mf8TX9x3b0cGp76mMwvq15dWjiOYLRcJBBeC1v44csK+2yayiF1KVhZaiOaTysPXWGn63O2Mg6Pli9W5L9+7iY2sQYPK9r7aXSND8VECtb7FtPaBftUQAQFUSVKen+reOfJa0iEkms+BUnmsrPDKaH2AfoWaFLEajhVEvkBKyq6q5Ts1rl9CWnRDi+KTbGSunTk3wXPFxNmbI1/9PfQHRbvmqFlJtK9hBGFa0U7UyhqfZSoHKgeAjz6gKrvECXcYC6Q9YFvzJVA/HkfnertuCUZ7VUung6YCVQe9wor7/hdkwjRzwuKVt7dbIfVM/NRFSJY0LhX13YfXDboyy1ekKjDD0vn7rWOEFYn8q48e27O8/BUowSWK9LV3TzCBOOxItVGjTOmC9d1P/BMakVOHR0ORrjras5o5Fc9RIukQTwEKmXmwz5DgKN54PFZ+74AMp0yhS7zH5jUlM6+cOZQi3o6EpD9kLhII929Ndb6ikotVpp8mHU2JNLlVmGHtR2DSeZFd2jlL5NJ2X3dJwBbfBkGMuDaQAL0QNyaK2WE2bNc3q49qHIwCY1mNSIJNsQmwTqkFH7C3CYBAD7fm/qSGjwEs4QxNGFCIoNy4oQeJ/i2q7Ey+SaY0G5nOpqdovDiLlZo2HCDya7lBe01OYce6yhDjdsyQFcyK1b+FvHFd7wFYIh4JPQMLqbmELuCvsZl4fFUmOrix5pcYnUH9xiehqZgqSYeeg+2k1nzBULNfu2QeIYUEjL+CMq2s8HzKI2dLs/esdLolnG6KlSk0GoiouxjzUCNoaP6RHav31d1ETWi0agsDQapeKw9W+3qd3yKIq/47YHMS8exEkbC7YiShhec1GWHKVSERybotwlNCeXtj+4r02Jq/EVSxocwxjd7svwYU8FK+rCI7kgy2VjqcI5O+DVMblIyR/E8Qk1RSthIuurfJNAhSuXro2VY3no5ZancJenikdCGpmzGMrVQEtqbMYe+hdA//yfXKq+PDUjcSyJAIQ2k1nCo8aArNrSlD88aO0aF7q//xamDXR/NmTw+NS2TQW/G+PxnuRiLODfPt98fvj+0DjGB0u4Pnr5q9WBBuyKhzTw16Z0W2RFeeDGf2hBMTwdNhX8qCX2TpRbLYp2S42yWqJv1u+2A64ptmDUeXItLNv0WfpJWtpdUazHxlToqwDltU0IDksxztHGGhIxz8htCmN+fnaqmw0z8K23FlR10++XZ1GDIvKQxJM9z8DjSnzl7NJSPQtxaq3yRSDJm2JTCXxNgbL3DDFPSRVE23M0uEHtLdAOlqw7gqFFqTg4KTMohddmZzhK43Xhmu/lifXApjO0vXqPBeTutkPQExxO31MkUFPFA6nsVI3T0mvfADBZhwisPn78entrTIInJCEZO51xz/Ibh4o5GEp7UJEMLgtSS6MKjiu6biOFaFCYJSi8MxRcP6zAIMuqiQ0T4BrksjagAUTjdJheLGjD72YqBIhRybbKCF3HH97eeFc5pb9+b0Da8PRzAwvbffL27kFL7MWOxVUtZmLYtK64DaNq0cgJQ4iqd3w7TUZKkdgC9MZUmLOhFwjxwi/PT0Wydrc8PNkqPzspwhODGga9vbvdLuL3ljpog8k0evJf3t997Yh14+tqc+6TBRjYijnsUQYdG0N7GajzO9lIHuRtu2FsI27rh0j4l+HHguN313fWTnSelHrtU4QP5E17u4Bi0rXHeXPnahYNvDw/kEkCV2wLBBXUEJvO+HnFThtTp9W40WejhvgB5xjm5YEJZ04ybczb5aKNSIkubVhxLOJpwqNSJbZLY0tYzPfSUsLKcNOFpgQiGWJ4H72mxSVnGmkNsGhJx7HFV4YyzYZ3kHoS5NIvj10pUtmSqhQTshcUlxbCUqhhgM68rXx8X0q0OvnaTVvD/1SH3uruaeYRHMBnSSFRKk5mWHL5Wc7VNr5Jy3UvYzbVJ1IqViF/jWJ26YMkrPFs2nKeV73/DZh26abIuYww57F76lFddQSuTAQNjrp4u63nMW5toz2mj0fWXV99dnaSNqm5h2AEnLvr5VGzPpbI9FFKNV/fWn8TgVUr7zxWYoJ22EhQd+2i67L0iODTvVaMEDqLCQA3Xx5wiaJZ2up3nzp5DDBIVd2n/LExoArkT0YjuundSlRP0lPSipv0DS/G3FijQByZ5HadDwraoWG+L+27VLQHiqR/PilatXMTQ3UKWW84RCa0PHH1pWMFOoUqzZcVGXsySckeCnBIsp65S8lWT20u7oVSjW/slR6ffQh40eVUK2smO6glBHmU8T3Xp3pV4SbMXMMbArX7TUpBLcTmy8YSJjbeVIEL6wjkGbj6c3XbJoxU6FJPeFehD0leysXY0DyEHMShBpIMB7T6h+UwXtAjLNQAc1798OXaoYCMj8k3jGKnYt0E6lxSjDIlGXWkrD6+3A9PWB3uXYytPJeiZaFVSTlwCg2fArVg/sXMwZEHqRXYE6axRjJHROLdyIGBShFILYaOeLP0/poPIwkZDmdS5oTaexrYD1g+6FavfxAVJmO1qtbTd1PTX9J8ayaX71sXp5L0oSAJUH8zj9WTg5Uv2i60hOyoUAoxFUANWiN8FIZKqQGIBynSeBnc+d85hSAGAWvkaQBmxUscKKh3GUJRx5vPD1UsdCRwjtT77f7pwXIWrZY1ZHaerITzRMRerzefbpCrldVwfv36VStikTSUqAgYigv4BAmp9XtrYuxoMWbebqDHP++NPdj50txpomwdYeuishsLtooR5DOGVGfEsMfbr/vv37G/qbdfv8QGYI54bbw+gMjTtHVsIUqmJJoTR8rZ1J4MegQi5rrPW+YsRF0v+KP13M8mLNv4Ih4AUWSzGE6FbTgSI9D0pOREEnZZa9qIcGiIl3udWj6iOZSEalFwSKFFHmplyjix8pytciOCmqjCskY6MTnx6uWlRsmpPtrYH5T0rA/l70z4nHTt/sTXNxPIb/ZRuPJQUBr9mNgCg4k1yGrxic8WLdPMkGMC+a8qiG15/H4tBii0ayMuJPKa9TQy4KPO3GOGVNVIntdqK6sRXoZUxCxS8cZsliVIunMuuXi8IQz6Ymak2iJZYGSgvUDI+0IMxT1+18Nw6vTzs3M0JXJmG58aCanjFBg+ZvBFTM8vjfJmiV4fR0W9Irk3GuOSlYhmMXFafcohyLDfnTcp23ODatxByseUmNqo0HwuloaHTp3eyO0X7LJhH9cgjOGUkLMrmMNwmcRahuvqPth9lbSp9qfrKxEnkvDmo6nwKyMo3Is37KSZVB9LqVWKvdMT7TXBeHQoTPFIQZMe/2HyYnWvYbnPO0EdF9686ZnSvj693n29fX57RgXFfHrU/j8ZKuK+mCGxu0QE+syHGFOadcyp5jf6oJ188bz1FZimLcBNlQoHnwuptfdaDxmpNFChlWZBARWacs9WgJeUaMC+YCu7CC4fMm3dYEvZeFkSVC++pX4AzU/xJy+Fyh1u4Jobg8MUlBxoYVEvxapF2Ofo8JqXRjKT6OhJPw+GdeBp/tqQKsndpWT7RPbKuCP0bkMFhhK6CJ7vojgJGWSYhnRZe7hcaogJ0RIQShQNgzc0YnCPfvfh3ARu0UwXQzqI0mOb7DBwD1hjS6sl6stYop/8cgyMOyQWRPlCdSgEasG9nhL37Jj3jRNnrcJANuw0CTmLmElDnRq8iAsHmYYKEMMsfJZ0qUL9VVcMsRxTzgrXaNK5ms5Gp7NkvBD3U6BmP8OSUMedzuhQi6dJtCbQU7OQx+Hkywziw4O8YHFEXmLLPFY/SuJ2e3rHW4B8VusFcaFaBEhFXXDhWN30ezysatpGlwMI/aLoLtK6uLB4z9WUHAu4Tg7PgMWissS9+goboXmOnc7DxhlOHKCkFHbolAkqxyCWBSjVwzCc5YwQymlZFYaXFkv8Lzm+SUirDp0w5mo9aB9nG2AKA7mtsGyUuJZISW2D/LGhWBRpajH1FY3uOOVMFyFhNiOt1o1T5dlDLqmUI+ZFsLQ+0HIRUsWYbkNZjv4pM/jyui/u0UzXq+1oj8tU6lrNwVB5kNU+6VTSXdUMIPZEgCz72dMQwUhzazGZ3NVX87yyg5dIEdR+SMXyfIAHCPDAq3lYHuaAM/bGCLQl+drg8uJ8ijZyq8qVxskGCe39dVNhNJ66G4hI3EfY+FGUoBXJkVJ9/2NuK+nXtJRyGfJN3syjpqM8k5HycIBMmnE0P6yB7Cfmo9cjjJMzCYVn+ZNjibWM3eFqAYgPWNESU0BYtgsrxutS1Z6aKVFG5YGSJ85trVcplYVTskLuOE89zxCIp0uI8j0Lq17t9ahNpgJORzPph7PSMY5XUkDT9vIUtOKFt59fvtxqvw2sNrX166NjqU3CEYRGy/CPKEB8ZbOK/D6FDR8/W1bl3Xssis/xFGc0P+Yir69vnt4cMhxwFN3ff9cGI0Bxy64hi+nMUTiogX/88agsP2FpvsZbIyakFe3dXt88PD5yAVT9+cEem8inG0ROhGJWXGjRmrEWcRuqPn0q+vzVoYkd/d0yLdEfAM2+iQtT+VY0xteiwwiPlbF5HB/Tm0Dtjq/rs657EpXkf5+xP1YmtO5cKUKIbVtRDS+baeofZi2x99IrkhvIIJFSbt8jOpiDSudL7Akc/6prykCsjQYCS7gXeaWmyqVS/GK7qD7e3d7gBpUARJ3TUl9K0keO4n/8pT42ePFbOwpAm3R7fS0aExUKEwsNt3qDh8Lt00wxn7kSY4Yvht+E5vbPPjw9ixEfjaQZRUzH1tFCYWQy8GHIxvQffP98a5wPLoSGf4ZF3vdCbcuudAaenv68u/uCUFieAeB3V6bhnB3oqWBdC+edQNYzEDURFeYrbuoI+egXouoMerOz2QWxG1209PCRfdc0tuIoR1HTIspsYgQ0Fi9EU9cTJ/Hz7eH7Y5u5KGW6EqONobZhmbe7chpi6wKtZMI64rAItn5J3Et7yMap3JOVg7WvifvJZLvI1W6Dd5+EzvoqaZyWQs0MkNDpSIDMeBN7SsIRYZmqcQCzJMrtC1yyLvQsumvIp3xSxPL4Qv9XFjouUqLs3JELKRQdTUVLwCdAKUIz9fiA09kODm0Lntz0ptUfuKpsHbOaTATDm5qm+YXdxpYi1NNc1kVTI0BthWKpbpfYAhfXPjmnpeBhAgZiP6UTSpB77uLAW/kAZq49GRQou8jNREWNqofVMfgVPrUuW49WD9oH5EAJ+egY9ehSPAECgz9BCMawYEBV23UYR8acbEgpHgE+C+Au12U9qZcKYxEQh7iuyUORsBxLqTfXFApNB+SHXHFfUvS2WqjTIhyLEzxvbJjPaKW0nx2WGZ703672wB74wICdOq0SuDd4ku/jpmn+JJT2EHRQ0+d6Fz1QinrlV3AZuUc/Q/pNDz5m5Ftky6qQJSKsWkDYhlekEchhndIh0YeECxMhqDS7r8DkoroqwY2Fp/KPL2E/kUQO0dB+KnymC3Cdje85w4hgQFQhqdKt7WmJ0UCM0+FTgx4qOIxJ5B0yrWoEIuHRJRdN+SXWipNXUx+JS+Wq6M9NHlvWridlFaElXlb/EbxCxmv4hRbjqAuJM6D40FvgZWWnHEdq0D8bwk7kscrC4dR12cUMQZ9CFt8alga8oqdeXJQOxzDtst/YjrMIqa7q72cwj+l4XK6YwQMW/bTQzKnGXbg1I9QcC91T8DfcSAY2plcR+C4vt+OiqgNLocqxfPCRLf3ygSxGBWEEynVIHZg9rkwEXGq5wBusYFa4fMEgIBiOstHbl6JIptJaBPOmdj3WgxekUHLpMicQlcAkF5rBcPoaTgQvNKTbnUWEF2CJ5l1HqJih6Kw6Vb22NWcHC2BTFoSDOLRCU8LSVRLa3UaX7F0GT8F+x0iIFSdPQ0/mIClQbBHdy6eQK/9rCC6MCqHSyyA7NpeBgRluLkZE8IQUYgePlQe1Nw7lHT5+Ei7k7r98/fqPf/+HCeHbOy8saVX+ly9fBXw2rygrcjZpC+emArcESUj50kEeDRQZa6m6YdrarN6BYf/KCz6StFEfbqeBEC+yaOBwKDUT8YNmWI8vmvv2/T9w3aq23JFB9c7XIJ5OnPHGsxQVoWhh4K8NhdrU97wFjvhjX7vgkzRNxNBfkYsMwGj4WwrTnoSWezPIPEi7h3uzijYXbi88LJiKyWi9VwslaUOtpDGbuFrbWWOfz8yQlJsvi8/Ek9Dg0IHgsb7MySztqt58xxrRUjHoyFQ55Of2chxkRi/r/6dRdUhyT0eoQUQ82ClOCs9pG/6ZPaVKSVtu9zxotbuuw1/lITbn3lOEYKHRAZOk5KEjKE+o4qUqQ0ERuNRs0JeAsp3Phs/adXL9ubMqXd8ZH/MqudvbIo9VLm8UbD8re+mwmddX7517eHroNYUvb10LEoU/vfYXawmmumuxp+EZIxRIR5UZwlhXlIYbGGjVwZWY1EX7lCLaPhZH0fRqO8AM6alXHKQl5WHJGo0QwrnnJyPNXWv+Wu5X8/Dh1pr/9pd0pJQBS5zH7oV/8ZkiyVzX3EibMXHtonMQb25NleO00fYPKWwDz2JebBI3pyQ1PRZvNfUOKgaa+U2yW1jw1BvzdFGsyk180eD9gRpwxyq1PtPSMa9acSSy49/pIvfFZ3VAANzkAUSzIzI/Gca7rK1ZsNq/3p7C4hJEgWSvWtF+g45TjUPAEiL0HW31znzwIWbX2jMoTVpOu7AYPvIChqXrBNZCQ1j7V/5af1BqxVJS+ssyJWw4JMeenqe9QC56JeIylTQ3uId5plR9gj52ATiJSae3Hs/JH+taVhBq4fuXo8t1zdYOzCluT+f8QPAMbzKKSuTwC2arNY6Vj9n3NV7KnMke8Dnv8Apj/6TOq+YHjoMfxED4xIRllTewubbAVjLoeDfzJoKD3iFxdKTIazxS6D6xcjjkFqIhGE3gsinn3fzQHz6ZyEIIzp15qVA1ASCY0MSppWG9yqGpBxG+5tR37JBQ0hD8XVv19y9G7edgQgNTnCWNQ1iUya5CciIPVcCuLVZwzwOybJ+I9kchfY5zWYyUN62WDfmlVwVVJ1qoHaOE4eW539aHwx8f9D1VtWSuNNzKFIVK+wan2+JK+u9RVchziIFTarti4TzotS1DUVW1EUlxJ9kpTU0alJTUnws5USNBbZkGsabwaagIr7oYw6W6jA6j2T2clOVwYoSUCbbMUIYxDxHyEjieBm5xTgLvNMpH98er8Dw2Ng8W5SsE5GajOqdSiIEBNWGrNWQvyIwtqeDvyhfVxIKg9OkhTiykBSVLjfKTIdYiuPJCpHopW4UlVvKvKoqo5FWkr1g4JVcko2/9QRUjJfLlPCQniXhz6K+KVIcvS51KxBLU+kk9JoQ4OLFHXNxNMiFZ9Wn/JcEdaU1C40X6m8L6uFKy7C6E3nr8DRaRP5ZTgqDQVH+pHVbgJ+KFgWZbJGoqihA1PBaO0fn64D7tiodbTJpwYOIKsDQdqHZ7RWEpSs8jDvlYlHCj/5AQERevVWSWN0wjAlvR8WnCiC/AlUoLgzbs+64aRdJaWoGvpr+kIuPC7WWHWGBjzjyjHJC+MNjv2FRCPNuC+zaHGj3mdIB2yKARO1EBCCIly8bubu++NGbSaSOW5NuaEHb02tFxN52/8HT/pF0888LXX644jeub25/3j1o5USEROKHj6f7ZSSiCC2iBg/tcnnlDM1+FUD9/mPc0U4f/MhjpIRcCNMCDGcad/vjyxXZVAy6HEMNFDnvGB0A4skYBex+09/LFOQy0pJA2dDDdm22nYKtBW0ieam5zNG1Bb+N4tHx7SDXKyKILCKfdQFEEzb9a6n6j06qQuYtdohIn8ZAux9MGVOpyF135Jj6NuyRakpj5cO5Edaar8Q+RWVdQM8x90hd1zN7kd53csuAMJG3sGGTpUIbPxoDohEc1/uCbjq8n4zq/MvcFJFVUPQOEpqVzRgFRFqNmC75TtODJlZJyZ3VuGxvzhu2rW+cb2YliYahJZWexkIpXgjAwNWfV7VLyIS8y0yvA88eXl0dnzzjGTQ+DAj2b58+tzF3m0DKZBJn9q3n1otVonxWhn/giLgjXaiPi1w+BKf9kAlelxiWR+eXLHR4AylSByJzf2xfvWEE6DnIAACAASURBVCXHH4oadfocmuMt3hmyRFJsqCUeHIfSEb7GtqWjS0hL7kYuUQEZqOpyCJVOBKyj48hD4VwSnJ8z44wCfKEz+jDwsVtFQWKikA/O2aHZDmnP9zoHsdGdNM/J0z6NcVrwJ0bXsja0o1Rbmxuw/AjyrMa5g4XFhy4nzXfsY7FmLpHE0YEv5p75diRqlWwmpy4wEcq/tWahTdaYA0KOfkpYA0zEvXaZ93Za5BlzrW2dxsJ3WUm1bnAekhbxMx7QxClJikiQaVfHjxegTLPoZDYVW9Kf+VgEK3WEnFFlUyEAnESfbDHB5YpSveLsQCyP3wOZC80cRsJJTFdBljUnFADp/fSbibqKljz0rvDMrxwxAA4gV2KohFJWNBhdDr3MdrgMSoUrvup97R6kLvv28JCk6oNZOHl6niU3OQKyT/fRCJvVtmRf5e663kY0DDSvxZAsTrDHXjzFo/JamG8mWM+thiATtmy6QSkKSS2OilzM2k0hjE84RUYM6DP8LlV66tnaSqBTdZ4JEkyJnZOb3LV59HJhWAknVTHtaT3uS0oyrLKst1AishTWyRmTeSfMpTZCQ/JXf4PTVSagoldqUU/ea/TnJitfxyQM3fKdRSD0aep5tEPmIFepvQartFpQhTuupn51hABTDAfV4yZcUo0mGVIDBWhwXBkXo0VyDEOfVrAqfw+Llmc8hTwY2J+5IKsoUWsyfiovYRAGEpdqdlarjmu1QIQ0Q8CnODd1XAih7kxs9fQwvWFwF/1w9G5SywVninnyopgxWu0qpvazsczWbaio0W+dSBejsRo9GV8klAmQNQtEAbgRbIMvxU9m5doT2iRD0AJQqxlPca6E0jR2mbQKhvl+kawAfIko5UqbMDRCx/RIPEiu6AXTCWTwPQ3g7JgsE3c8Ul+/y77U0Zkej4yZJbTCLQwWuQoOy5D/weqPHUvoX+0YmtNI63bT0V+WstVw4ekSOcliINm0s3Uj8qd1MKKz+vz3mxJKGWKwUYXejjxVfz4QLrZTaWymHPElRrCilACl/oZ17jGtB7tSGdXc6DKUFPvmLxCxbSgS0qM0JaBliTESuoxxQ7UsYTVEoRkRY9SpO4obMLh/fvTSFEsLzNuakYUHG+Dg6YBWXvPSpub3hp1uNNA4Y0gpSzNEmW1jBQ8SXKAEegZehIla9+/f/jSYUhXWJubdRGdWMKTbtIEhCUA1pfHp3ZuNAt/+/BMsHZWWmrVPfKRr/wRqovgz/ysSAy771wVoW4r2T+gJJUyFXvsZ6J3eTqcExw89g8X92uY22Skm3VZlEgYItnoR5gfhebjGBCCYC44gRVJnAUitrGD8EvBlsRrrFDxbzIISUsrWTEq+IrrQKkeG0FCSVJdoKZKDvhe9ZdGepAB+eyhlU6KZWI84Iz84JgvjBDj3BNm1qm7VesQge9TNP8pMMyj7jIlnVSl+igmMWvFhWJrKs5FUebpZFcBqf0iX/K3j+/Sx47StOLT6aTtRnEEpLKyLPISZh9JEQBBsyEZgM8rmlI0Zfn9waLTVzG++7E/JveRdkE51Gz/DLhSqW+3xEE7pha0SbWdJExJIYWgLRbfmtfspfKN0XvQRFe0mhiubxURT4YoBoifAMxvYKEDPgrHRSDnVaWwSmcLP+0dBG4CdE2HIEz+Et8pmqzIlv36MRFIIUxGiQH1ByN948U/j61Ttgx1dgKzByC5wIbIcVa2ACGyKOkJhleLnVWtadsxhCwU/G2G1uDZ6873pA7ZTS8OubqWxSxvIfrQDvJkO8kfyBtBQlRdOzehcK2udq2wivneXi8evO2rqBbnQq72MMfXJ4nnii+2C1YXC9XEd30gsHB/NVgLambW0IinCSAqiZwhUMLc+b+NBXZrEAX05ZUu6KwOTWJnfoX7aoMh3f4p6VLNEwy+6MOkmgtRbBZXqL5sfYxNJQAKximhq6EgAx+9KyBPah0R1RexpjtXW5/yEWCVCZqNYqyefuVyZLcSIOaSzoPOp9voch6EDAOSkHOh0CjL7JK2cwuoIEb3xsMcdIPsCfYacUDyJlsHoa1SdUnrIHPTz09uXr6knN9AEfjNjnZBITfQ+Wn6T3CoopCCUUY6oKoRHQRXiAjvYsffgOdekeI9CY11cl5QlPWgQoY5Get6HUPmWlHNdYoz2WLlDBPqSEYtGa6SPnZdaR2xeEp01zuGCSTBRbVZgY36RReLlXdXYowDV6165DYZU5+FVXE1VVlXtNqNDfGeAqgyYCMdYxGU1fqs6h4OSqV44JE+3e3GQHEE8mAWZLPqrwtBcUx3rDhVIkRs0fS3V9G+6l6jpaySkMpm/eqpctg1YQUldfUgl/VWRAcFTLoKqOnb/QITwsRrlH5vTR/CaPGuOIN9wBDCWxbAyB3Z4BGU8X3EtMTjwHNlgxhFsyplG1QrOaIHR7dCy1g3XT9FlrrI8OA6qZYo1tozE1Riw9Ff8E3lttakhgm+CctFHhtAfA5ZKXWLBPjLVEVeWmCNiCJ5vlUbjIcfgskeyD2f8lawQb0+aFGYcjJy0iUmEL8kXPx85ooDXxofaSNmjF4WNSZjr6qmhpFyv4hle+BDRvqtgvdtYZfYuzrlQLNIScwBKmRYvbTlCt0zjSeyuDGiREl3kIgfVUSRdlBlhOjaB70sJrGwUKiNhn7FI0ewnNqdER+BVFRQllFXhbqt6YlHnbw5Li44ghfioqLARuMqQvHbp862Fz08a8hY/tdmC+/HWjT+0IsT97dt3LXMb6J69gqI28t1tJyTvmA+TcTj7Q1NEhVoxo+ntDRbUWY+TWD5acejdUYagEoCtqu8aIKyheffu8fH7k2D015vBj81naiANZzZG5amIxJgQ4hMT5HxsITKnxj8aZdQSJ+702zMBnxlOLMfYD5+dsdJcoR0EEFIv9NmbgcZwXGRDY3DDQgSDm62vTq/0JVsCwudqeukC7QFtzKyPHptTHnhAjyTCiFjjfj2FOkXzIyl3ElDcBsOeJqyS6KHmVEKAKo1BbHgPOcgaEk532py7O3oBGJWpniCUSIvT99XtWX2SFHJaQM1AqQ06mbtFRXO1n6+zidBJ9r9xT+lYfRGkNaCdu/LJckMDh/5uCxTJASdb9T37aAW62FBAZ4Gg9kuA6DU6znIWIBqZmy9p6DcG9hmbssvcJKpQm68dR/BD1c1nS/n4bDYZW7/d3zdRmYEkDjFcHW/Ep065CALSRhkne/vo2E5vssnpMWwhlx4ClJuddcRSkZ+JAmcyRD53B4Z5VifOEJAg0jmdSMBXwKkTfbbKou3JH81Zt2NfflV9cbqHIE+Ap8+B57jUEOtnI5qC3nqaBrObUvhsLhhZpgVhI9TGeQpch8MKRZh4KeUG7A0ZwLm2SotmzP7a0HuBJuBexYhK5N3dfYUwMVHsO9P6ubYzTE1NapkgrWbeA42QOfwJ1Iljisq91bE3npNgQhfkTTVkkFkwLZZOabLE9JlZBTllm3I00Z8roG5EWK61OukiL6fpSpiVZyeecMMvb7bcWp9RXv/JbGFQJWcBsqMbLqvQ19zj8WGBqVt/edwtRGVRKEcf9V1WlFL1qAuarhaXlcM66ZBbvrJ0zzzKOhB7EqSUs4Zj2U8DNTAgY0GVrKLIUEW1B6mocfHuMFmeqsr2FAy4NDliUVdp+sAlMbeBKR+boIkHv6BXFyAReNpflUpr4oASGLj5wStep4SAF9+3cYlfSwkisSOyaZkiJ1inLGy2FRIqCnGEzgyrYRgceorlEvnY2fKe9cQBPRRlahkb2QalXoZHoIJmmBlByWxoR07GHuJj+vTK8zioshbSJKnypBXjYihRr4hAla/ttMs3pt+Nq4WYT/yd+Z8HbDf9KAksz1NZVYfCRlrCoIewzme87+XrPrGLbadndY20WS0aA70IYgxvdufi88eCwCa0EI8YP8BVSfA84vPxzCN+XY7EHD/67TE00GAGLPTEh+DU8l3Y6zIKZwVnuyUaEFHZCG7pEaVWO4+7MCtdruHR6ZeUcaY1IBCj3ODWvw0HmXyGhsduLrzPRODVWXakquyR1tRPXeLO2K4F0ajzfT4u12I29BLkqJIJGJdRWFK+vWb4OJAZ85IPD+RZNbKGK/Zoff+S3BCNx5ne9LnLXMGKAbaHkaM+OId39e9SoeFypBvl4ch1zYWEMe4ZDgiDnIpQ98rxFUW+tbf65iAhUrvlCv+ptoi4BxHMFUfsqriwajDJspZM26R6eJN2qIGAPl+tooB+EnefxgfD51BQA9BIU0pSrF9y30iboFzuVzKf4P/6QLQFRok/zlSpkYvdulaFfD5Thhg5mMGLgp4tV+4a/6lhtM90oDtrScWPfPAKIMcRP3ZGhjjm4/X7Lw/2rFhWaLhIY8VZvPv45/dvRiO+fPmijhTKJmUjH2KGa4sEW+P1bODoxcTfjz/+doshIr80Km7/yCN05G7aJU4S/317fKB5cLu9/bvmWf4m+Dqdu4FA3KpnOiYNxk/hyad3V1o4M8Ow5ajaTB1rs0CEiEzj1MwxaW49n8SxgoJ1uiczwwsvBiT36xujN44Qe8Ip+HsStzFFU2ndlV9KrpclAnDED9fYwrc+0xqPx1hWPR2s6k6n8zy2IqdZHpS0kg3A4gyJFaMjCcyqSOPT4ZOmoyNL5I9mGHJOPODVQk89UnaCxBr3feZvk3YDSmWHUlIP9fMc8gyKahwl4EOUl+d2r6KRxwOJqRfYcIC1AVKDWlcdZ2icrLFDm1H2dhQhQLG704tS/D5EQwpaLeHgvbV45P8qLjSIWHdz0fdRgaF2IXwc0k8XsRzK0IUxsM6j0D7smmlkXQzbzP7Ph6d7awmoISQ74yh5ZrwIt42d+Nr2IvRn20KlZ7HUL9HYp7dOJ6BUtVOiK6cePtiJtV4HcRvu0k+4vnntlEb6JKYU+soeRWbV81wGSt+JvTqXBsrqIsXOxCFpR3Zb+YCfMtQXSrdkg7LuJiUSl2rkrGgt1jaf6+hGLyKSnUman0O73f3t8u6YH6feBKiojQB3ijhSxZEHW1PY29UEOJKLJmlrCx6omlaqJbn6wFSOtTamWjdDPi1cbW42IfosAlSif7G2dOuoLJl0kfKgiR4c0bLXEtY+1DwXZOR2NEKpaHFnbWc51g0DYZeRj2spIAJjCf2Oh+khKaeY3fv2H17V6ZNZpQVpZGW7VE1IulW4uEQaRJbNVxykB6eioAEXZYOoVg+qcxka5VojM1yQFiaHbLUQRpWH8KpUDor1YRYxnSHnIax5x4QwWTXl+o0xSiUOqS5WcwiPBGhUpjowRIXRj5YASD/IlVn2kRT+QHjWw4jtzpLrx0fzJXqx+jATmKXdn6zapkUA68nyKjFufEs7JoOzImfADuNDC7TqCjOXGeFqCItJTeX5BI0r8zCYAihoueXCFoFCC14D1F0gAoS2auT64N3QWXzQW86OJ6OqadNiLDfgIlsC11qEBf7JbQdigRYANYZ1zLLEev49TbdBDYy0urIjgj/5KOriFNL2JMTQIMCbhTgk91EsDInBLTHQ6wSYfkWsXKqSQh9SzRShto6TpOrSNjDQxNrywQsoxTN8tuY+/VtlGhHoK9+41Ba8VXMkxPL4TfFKWKU1/IkZYJ4F0GKxcYcHQ7SMYK0JS9OTl6KADVzDLTWTykCH7yl4qKZkokqEhpXrPigPGk7s+iK4EqQgcljtLlowKxdaiNjxZFDoWxsc/kQc2CCmoAMQtWpy7V7F/ovKu0kZap+6iNeBqMqzFDNdOaWC6Um5EEkZZS7itG91IHoevP33bBgMmPxuMLqMg32ptRLn/0Csd0xCVMyXCPH9K1ISMWYXCwsz8m2ZmEZCSQ6+aoIxyKgaG9WEgvhd+taewUyx1F/mSnjQ77g5hV+ZIwb1+cRyudK8DINw59rSrD041V6UhT9SmayxbsQiLS6q9eImlS+CKkvYjuvygJ84xqLQ92haP0wDUj0Y1E9SymljPvon+LYDv7y9akSxBoO/frk1DodR+Gjxk0bIfKjDOx8fHPaxbtjPt/vnh6sbna+6s7qy4oPru2thXNs+tIDXeWU7oOmV12eo323jRm/iMxFIfk3rK5gQgbS2jDFm0SZMLNivZUUNlwQ99YKJvTd3O6FG8Op9Uz/tmzb7xrSyzPpjNVoOCOG8CtGa9nxtkNK4VMNF3sr71kJbiDipEfmK6iBAy+JLIQCca371JhpeO+87Cflxjh611WXThqo28JagFMk6koRr2q94Ui5gxeRGH8dC2TivZEx2TXwg1VMOwUfpmuRxBjMnqcSajRQ6Dr66/SMwTMwKU+ZI7tQuUDyzGqeLlcnAlj8wsmZ/eKvI5/fOKqKGdgtz29QAanwZdys4bHHhxw87McZyQwOHjRo2p1w3oYGifBGP0dFCO9TcMk+7y58EiAbpChFNcaLdRhS8z+dNaRGT1s9uM4hxmu1BuuR099jP+wZwEadY5vnTMJ6lCSIfB/W1vkrw+vkzT4Vb0LEi4k1I99OkqtcGxmhmQoIk1ZAekpvMfXMv4EOZd4wYO4UaM7HOUQwsmkQQ6mBMzbAU9pmH1QvPP60vxEY+BJ5II7EI8XFcdvu6M6Jmz1+00c0m60zRW5u1K1gw8PHu6kaM7PUyRlEVd+aOIz4p9qevX/CA8tNJnhcrb77osfBX+rL1YSb5lJGsHyz/+PHTSZP4VT8qBiUv1OEqedDYokaG/MQcapjSwFdvNrLLuPbZ8k3doiyOMnfwtfAC3Q0UTfdM0G/qG0jKCVDeIyHY+pVzbvGRJNPK7WWmA9nmvBBMpsDJFNsNaMEfhiDloxzSh07/ji/bN9KWmB0wlhzjyXGpGA7T3sqk1b//+fWEtS38mgtFZ4Vo8DAGasxRMntMs/PTVHAf7AMPxUHKcgbNL4NfYoztWfCgsCu5MBS3prxq8CjnGgmzNTqQbx6qhAIAsvLtAVtGmrD45jQkIRUe0V2+atoTWCq9lNIilpLLFvfK7cTsDgR4coapztoJZeQzfP6xZdlofftFTo3E0YeKMqLxfqN9i2Zip0r6GoXxAPDhBNmDL75HEXnSLfNIuZlSMHBxSyJwuaWFkI500CZk13m2OArBqvTdhQzBWfVVk5Yilg84vKwJjl3+ozQ+qxdQ+uajWOIAsmH1wklsB++0EaMzFNh49GAZwznmqsoJCgRgchFjAcQyAS1m8UcfFyEpd3LIDMpTA+RR3DwRGPVhvqWfsz7Sg0G0Mq2uRuaD7YmhrhJUkuQ4xGqKR6NSLeFzCX+Y1BoFOamXgJx31djRXU2hTy2RfuAkq1/ZVJh84cvWGkFU2+oc8nOlSmtHdwZvOMAACjEiEmPorlcrS45OKeOcq8TNdoGXgXttvoS4tdScvQ633iFYKasS0RfboqiaYsduMCM5ooFFkM2artXjMYqIMEGXcortiprNHGtFTx+hHONjP/tHnyDc/xKmQGkw1gY3YnIDqcikk3V51uNMTTtcQ469Vx+uuH2844g95wQKgGt5ItxfnIlxQyBFybSi7oK3pwrJMB2CQKqThMEseeVwWjJw7rA+CsI/HkJMroawe1ZdKySL3y5DeGx0OaDAVmOPq+2AdDm4wZESjvN543LonP9rgisY4JjCPLn1+J91qShGXWD0fI8+WG3qEERtvNvSNgaDCVqaq/fGBdvDCaMCWxHNQaQxkrCKpp+/br9ev3z7RioW6QvGUqKfT5as4TXl8v4GrbLgUuRhKb4I3SaG1VXjxDScpG1s0uRk84u9DieMO0HNyzaA2mskFl2ldvRVaMK0tVUEzeVkrtCr3ew4EWVfHr+b96sZvjLXLGLwbb7RfHTL1hTxHzI4cA6PoG+xEnT/an4SeA0gp5BlFJcwZQyYdKDdsDNIyeUUOgzn9jwUreI0VjZAk6aAnc5YQpD/Ynn+wPZdRzzW1oKYjU9CHMEqlhg6EPadu27gzN1pU2otMtL8188PFqhsEJH8Juikgg9pWNUGqlarQh3ieNOpe6yQw0reGjWBQi+9tuC946/tWbaOwD7f4kMZMYRo+AyrDlAOSSf0iQcxYQOHrS+t6RKvicfrU6i+yukiYVZHJInOhdqwkZrlYml6PR2NnFqTjFO7c3tjFpiSaHo5uXZR+LBiyPQaEmGK6PNje9UVEHAFT0RvEFGQ++mTHgCfZkRQZIN+QOoq+NRZfW9lJLQwRV6qqJW5uvuk64P7ml+cMhAnf72HjtnnyIwmfvz1+Z13UToDko7FvSmRQXQUUybMFibW37QjymoNCymen3FRTop3bazaC5SpXK1K59I/Pxmv70UsbfahMTbyO3kxF5Le+NQvI2oBp1OOHfx+1eRDzs2qAx3yWu8Ob8c8n965kJdRtsLYHVZpjnOkjNMU1UNDEOhDPOyR9pAR7glvQVjBtYM5jWKBWm4C+v+YutfuOpbtvO8kQRAAuffWkWzpyFKSkVexbNmSPZLv/13yImPkRWJbZxN3gszv/9TiURaAhe7qqnmfs2ZdunucUswRMRpcpNoY8X22UijNUjMT6qvX5R1STz10aUAxM6oSeZ+ZZV5W+EBrVpnHZTLRXEBzFUQFWU+HFwTqRlVyKgdVPs8q9KkxmtcUxlRMJlWoZg07DGtEhTSqRhSmg0kg4crZ/HaeYCIoMpUFBKVnebfIvmt2DEdyKCqIidrBHf3OQ9ZxknAeZPVU6g+2jrtYFqLCwa4Q3euFIyLkRQgDadb87hNz6nbmwp95tk+GT7aacO46ZXQApvXG8UNMj0WWseECDcde9CaMxIH1jBr1dMtIsgKpSXvyWIRRVcDOJeREOKZ8QEgjg11SkURRnY/Eq9gC894mFLVxzk7Scy7rjeBaxCSL98eOO++TeIgi35KCZ3bicGwcnDsaXlwE0fNoa5Ekj+hVhDHKTiEBQhZRHI10YI+KfQKajggcfmgJMHdj6wej2q52vusUKaBGKemnweKiooGJx66FG+1ZNlI2jzYEgXZtWlCxxATeGItCHc4oEblw3RMf/FpsCkh14jHUBA54xiJBVIcaXAtW+BwJnVWuNdb5Ohk5ijnlycpgad1cTQ4Rdckxfqo1ROgj1ojupYmzC0qkyShBQEMFh1E5jSu9CDHD6Gzn8Ta+xzuJNSZjWir4ZNsBQ5WKTSjvQjnUqI1dB9Uag8kzPCoTA3aIwkXUXXCrGqBgw19jpIQgiJOMqYMeaTG2GruTddCxrk0Sq2V/x3uxkvIVuAJw34e6WXFka9VV1ybghNJPA4xl2+pk/iGpdR0hpgMyagE4hUp2iYvWYWgWtjDXuFo1yei6MowJLzNcu6Tu2kQZA2PjkKyy09DPLEpNnMohFIgcPglQhcJz5LhiW70ZC1mXZareOBdDe0L4uRfh3iZ3jHkv2e2dbqP5ItH/ulTMmrL+Uu51f38/4269sufYvLbdajnKULsl2YONW+Y3k+HBwtdu8DThItCJZ3I4lf/Hf/9ve64hnHYr8rkfEkYDRMppK1U2JmEtUdNZFsq6N1kacLJDAwDTh1d2wdEy0vRdAGc9ONVre7iyMIo4Fi51KQQxjN7YRjjWu6e+sjrdqlYmgTIFRBRG67zFTWfZP+AzdPE3VXF7fXmr29l25E7KrAq0LidlatCRp4sQMw3QHWao/ivOjbRTfT4yPWWjtZ5+M76B+rMLxBqcwPVdLSXFWty5VC4y+0HSbGgEtlRRIvKLhyCOct/djGxvaDNr3Utu654E0ZSERMiCKzVnO3QpVM2xZFQihjVlM4aObDo0peGG420QEM2On2Eu1vK0/qOiLomOSh0RmW4IU9zbOJ8cuI5ZvR58zVS86tDS0kf3WTR07T4VHxlSvsY+ZYgeFTNnJzGP4VFIdebGcmLhrJBGm0yulKXQbN1AutvN86bDjStaKwwQnvQSaqeP7V6VgooiZHgosZqSiqeag7EMdDtV4N6CvB6sfDQVmJd9aR8hCt97HE03hLzd3pVffmxr74upOwjNAiIVlcm3qR630L3e3z/gukmRIh5rv0UielFCaG4cT17fJZS9YdyoAhUply25AITMPyE3dHHA2E0Xu+cVt3pncUbhxQgioGFJdjKjRELLiPkOY5aOb7SfwZUIUg0iSTix0Nc0WnSsw6bc5jUwxUT1lhlLUZpN5zLbNj/TzRIwTcrMwYV5z2IvIjLjrHjXYaigCAc8pC4sFGuSVUWWcNb1AaGn8oR8QK/viB66sJJTu5I+CVY1P6mXo/hajY7WNhoLy+vb1gOsZb49ZIFXJ8LUjF5giwhK8r+0EUyB1ZVdrCt1AkNVfe0varClWJ98gKqQV6AVhOICZEcOVKCVKCqq9EiA1+e771+oXwUKan79+tODQGfbao90MBACccJrb11xEkhfZUWwlulFTyL0kwI1iJ/UuLhBm0y6y28eAeZCubfeEwVVHMDxg8B1cnDUUF0WGxMOit85jhyvdKKlnn7SZninN24cTJWbX4wYpqECz1LrYlfclfzPfqFdgjoZ+WT9UVNy7bWpY5UX2N8BsPJYSF2FWgX8IhTKIjYRE6leD/JkEIcHKK5UQVFQ/KXDzSOO8LioWH9QimQKofmUDN3loaAsYAkDSKRNAhjfXPEaZxPSM2FeFBAD6nfppCR4/UkTMnqrDCAfQOYPIVp4SLhjt0mOyVCfhOzDK8YCnBjJOiaiYIVJCSeOiSD6+7eyc8oxFxcVq0Z3my5cTsimRFAxok3caYsSBzPpJH8FpwsjxhIVIk9oAKElaxyiKNrHGRjpIJ61Qc6praCyeExMHXU5MlcjzE2lOMlcKocvVx5Xq6SRNhOnb+8KrgN2pQweOeJTDzyLBOm4U50BSW+//wV3jUNwTiEBnHZD3tytaxOr6xcry/Aysm2bSDLKIyAoyBlxiEgsA5Wjjf7AJr+0BWZSpPlYjb9cTvtFyAQHVGxOcMXRVIub+qdkFZM6W6wFRV1whjD4vGoI0k4yRmOmtOOeTXECvAAAIABJREFUdJpsYiIkHJ69tW1OR2GQdnv9mTG04qgHm6Yl13hk6l9++aLrkhAAzkRIcjR0o4/8wAral19VuJepNcBw34nH1pgV8Z5c83tWdb0q1GyKl57ZjwVCfRgIwo+O54d3h7F5VudxynXpP2QGnoLo0Ruos2HL6ls3E5Q+CC5bCq9LpVRiMcllOe/r47KCd57EYql6Dxa59t6M9sHVolrUTz6fPt+VBDPvOqcW4OrnYzYX4A7CFKnKNvosdyYw5YBkPNkgwQsF6cGUG1CiAEl2ITDTTiGgjJBy0lCd5UWnWfHFQ8A4GeRGoYun9FCiUfIauyZEp/zWt3hSZKTgLIcizrCiCOon70mhoRuNmUhjbj2+4AN/hg27Qr8e40Jw1PGx+4O9k8NNJ/J8D9jrETabedXRXoKPiAAwOGln+z5771xzUW5Y3mM3OrQ+P2zqRAr6ExqRFGVhjmZEIj6T1mWNzK4XW5A9Qx35KvbmX7QXG6SERhHyGywzLk9vaSLth00OuhPv7ou2H98//3DDDQqSQTngbmcxTmhKz049gmWRgrSIZ3wjdllDv7PN3x7lb144yJgMMGAgNkBIWopFfU0KSGc98qlF56IFIIynqsiUiYoyZUHdbFTSuLsPvVGIVCEurfzhjig9VYvIXAL85O6ul2cLGh7SztXKDizNs3q3dODUTk5bUznO571bRb8AVM1NLJQl2LDRrGTCSe3ZZ36e5pPPnnmCTpPrzFEX5fWVXLypA5Vl9iRPFliuCastMwYnflMFES62u0aNfZWVt5/AZChsOX1KfsdqNMOgT+HNh/Nkiw7Yj5aNcALsW2HAgzi0q7QvFQqrYGcVhb6qzV6rXfv1dA7CkB2prklVTt/gSkXBJ40Bceg/wfQdY75G9kyPFVbmWp/5TxVqtMgMDniZbUV+1CYWNWhwDHSh+DmpVe9SivAo0TS7SDJjJRiOVEoul4OOwtAlPzwzUvtbBwzkALtWV7n8WrViYI8YleiUBm0wzOYbLegKMUME8gvMSklOOpiFADURR3/eB002EEmaBDceQQcU3QK1Geim5ARHdaVGyKT9pt5ZfagFKQ2DKzRniGB1NBHgbSOfgOOs8cueqhu/IFCMnDTngZ+TAQ58ZKRDxBNS2U+IEKCt1CU9MGUp0gncGtUuKamQn0y0RH8WlhLcSoLneVUz/owU65r29APZHf7jN/5cmWclqaghoLQTMdq0cSXpuIQ1Ys4Y45ZRtJS8CiSmttx24CZ2e+/VmuUMUmr3yxIwA1o2uEgY/6SYZmlbAwLeqKxxNSluKD2NNTub+riqUSAFYIoEgJoER3QIUOuq31TrWuRHYOd4yxkcRw3ElJEkx3DFEVVXs1fB66Ibgb+IiTXPhjLuCSde2CwrrYFom1oTHmgX8Mlvvh8OrLkSphqq6uTArDYAk2zlKSq7ClHe7Bd541FhpLqalgEcCMKQogES3CRc74u0jcHGbGJL3myQ2X3rKa0gkWQEEyowcMRh7J1rhDdq4hod8A1Bo8BmOGhq+MYGSKUObczA9LEhBq+fSrZCeaqIQBdnQFDsE/4DIV5CNVyTUTIh4kiL6eiNZxU6CELAkyeoPaJlJwey69AVvVTgCfR8lH9CpVDhB4As47ARdpAvQLkE/2DxMgN3jJZUyAN2y+fL78/Svlaj6gI9E9He4atnd3VkcfI/naIu8K2nH3ui27W+Q34m0bh7fn1MMyC/NPr01EPTT6YJzfCBzLk4JPc3awXOk/fDmtR57K24doXJXrIgqWqPoDPN92rmspyw58S+2kdmtjCvfCtQ5hQTEDeRCtRJmzXpeSXxYTiJHpI2X8LOr3+90wPbSca5WdFbcyJWPKfGTK8O3WNdiF8yUhjilvZUmXumWBsUfzpNVpI/IeLIMdMFhdgVkmu6h0A3fHrfQ2Iya78jJ21RaPlolgJallu7rLsQncoAT2/CcOKSMxQemhmtEANZi4CFWriPpUVYAI3JZyS1Dj5yt5Ssnaj94bffvAfHdtNmgW1NI9vNF16ZYJOuoy0ECyYo8bHxxEiAWcitrNPLCtOKiOGvuOGDp/wC9jzx4q3Gwqw308RfwrKLfGmTw4IZV+NeWXjMqkFngEijzL09PbTCe2u7oQVQTPakUrrwVM4MXUsO7mUwL8/wvjODCbFZFMc6D0L2ZG43IaFLsGiEAEWyuMif/zJwBdaa3YlT2IG3wcYDX/D+9pMem9C8+/wrc4IffYhH+KavVS+LteGPXJAhDjcP6J2Tj+YIe0ZjNvzJ42O+t/nPsyHtlezBN3ugTOJNAugpv31lpWclurl5QcopiVjSaxTFyzarq8S8ET6k16z12BK+fAi/voWBtNW2fbfPjwZazvQwEdIIiODSaVP45Gkl3eYB7piNvWsR3GUczYTaA0V1IGRsY3w6NPvS5GTG0XRHQ8uF5oblp2F9EohZXTJDQj2uq9EHT8iSpasDvXN2UchlEWhQfDytjCJLopAVgriomqtVVsTUqvqgrBfpPEtxdumqBj/dqVdXUZsmABZsOwe0Okr2f/bb5cgWTkdSIOtnI27w1x/ivFym0JuJJ5RRGETI/POfPMf1OtOOB2cIq0eAqpX2x2mZl6MJsw5LREnYg1cN0gMTtl404NVTXK6lbaXCQHeT3XWbYNUKay7kdlmH/+dseumsOjEQ3xBEO3sMe5ectBXD1oN35tbCWnMDDvpPisQmESRHFr85NZEzMoFx4HtNxMLsNMrFFJYQM4pi1HEzdmEap7l1Uzk7EfK6hDpDsDC896A0UmnwjAOt0z4BNQopNorMNJXIU9rUZ+QVPYmn0I4KOtkUCQYELICyhK6oBA5KZic2dJI7b0FoOBUnJNUQJ0RoDrmOLyZ1QqA08RcoAoR2MTm+/S7vHdiJBCUBCySLPxMNLoxiZUQY7RErc0UBkACVLqYVDEQ2cKqVCLlzrFw5oejkClxhySKbJIYGeo7YF2G5BILS/meUqMYVbMneX4B5G7uIhoQvOG1ereiPre46fBYakleAR1WNR3Zs1BV1yd+FKefBPtIKjR+fcPtxJZP37dIUS/IUHoiaja6o6RN3OVqWmhYS1GEnJM5PA2VqFUNicviO3FcFhDCjKDCSGG+CsV2JWY9yvhL6Q25UMIEimn7zNJ88JzmoOxm00+uvuCKXskjgEVO02Qz9RfDxjSq6VXE0G6oglbj7z+KoLUvN9FiQ/iyCux7xxcMu0CnLjTaEpfQUhl2tggI0mSpMhIX9ymJZw0IJtthrQT96prjRMyVUKdmRMknYs/7waIrwAXxmp6tgCPxdygiqVMBSL+iWiuzAvbm5kgOyVNv50cBAG6O8Mw9ou2GdmZfIekWtLJB1S0Pe3brh60VP5ZYUgBAG5rqM5jDQy/sZuWfnScXqYtNJ0angIr9ankY0svSEote01tYqZGuCpIxaSYNYg2azg9ZIGYMUFvCqZUg9x6sOxbTT4xMHsWj5/aP3VaRUIZYYLKQgQ+KolQ1faiMNHKJMfmpoHuE+yAIq3VVLglnNyi/XKkd/HXYaJPnyyDRb4u5CfU5b2rMP1YBLxRmyb0VUCwJPLt/IuhDVnhRlOMnUkS0hSMWBmC0EAKGkiSSwMgZNtk2TeUxyRuQFBengX/72y1/8+lmME7XlicTeS5VNJ/qj8+0NYQQNuK1PdruRCcMyRFmON+Y5ocrtjCkvNCdbbnyho2AcraOMfUXwOpVFv8Io3gi27imSW2FRud8ChRayGnsB2m748vpIS4JyECycsZYebJpGbq9ucSjvt7YtoSz/MciRHLnpx0YJab3pQ0lPAxtDkfYmNtvqPTs/2n5XkgdhgVjGl04MJMzqFYmsR5Sleb14OwjdbaVemeuW5ZKJa1q9/bh/MileZCuZMBK1BZai2S4JVtR6VNqiqVY4NLLU+6HHy87Myq80BaBaTC0jUdPd+uY7YbHj4vb2ykw6WOSshl25tNLskRskGwBvrmG9IJnXVauZ6IGl0LoPiTJ8Bl28gAwZPXpNBUSnHjlnjEZp57TQHTAkgNTKFiflqPw3Ez6jqUiluVrFgMNpOwbpJgFWxPrqvgOT72YV6oFZzNG5M+AkpKIi5bVIVMpmTcr8queyEtcy8QS1I4276hISeKKLDoodqAjNbCnQjZ1qVg9QIqHET4RfyNeAxWay9MazZxgLjxjNaiOlgx0iM0Y6JR9fwxHb6xFQFwCUOOrj4FQ6FFUteWnm2uXKpfGlfo2zwnWCjgOymLP/IeB13Qj28uSx7CVq49HQ7tzLzM4ZI8klgrlGrbFLLlNBANvMXGkw9+tgP1hKMNRBxUtNeq41uVJhVENWq36TM5Fl2OneVfGkzInSKKHaLkDj0khhsQhQNUOdUsFo1aqRDdD2H8I6oSA2ErKTrAksPj7cjRsWoMFlv/WmVEtcSIuXDlyadjU/+zFq4O3zBqgqqCjK8ZQ2eGBuXqHNrG+8zSIgxdbkUqvklRFzefxlTSmcaFCxaC+HoJkk00SjMFEc9E1eAqTbJZvdZ2EQqaOqUjC1SH7kWwzbFm3Xo2Bs3F3dtvdz22wWG7VdCgEyMUIitlhd0yYB1KVl4qD/NO8EOS52PbLijNRmvclD/WnKdxCm1pRYIiD+lRB02Ld+q8pghCSxAH1ktwsB6xNAlzKO/DGoM5ehqkrIiVDj6pVpCJpdWAjJCjvBVU2zvkDmd/6votPs3sQv3QftYo9q005/atYg46nVZogz43lgpLus8lIzxrceiTpHVBn2wUo+q4XZqNq/2fFRJBBQKD1QO/MJOOyAx+FCnMZdEuWr0KFKia7uHeiJciVUE+w0iGzAIwHicHSh059DojEJQaazwcpMKVM4nwmRBJyvjJDoDv6Jj+mAmiqjhASzygwD75AwbmX27ZlNYQCmzqUXka3QtMfTY6/Ug8eqo35RSbZngfKT/fXEb1HDXffN1dmz5qZLGD7/+ot+vVtS3m5MrpiP0dNLBj62W6abPb2LZRuoPDjGrdBP1vsAwZMX+UlALL+h3Y42cxs6LPc66La1163Zoe9xxI5NYm3OyxMNdJWe1Pjttr44A6FQEY3NYAFJukZc41mZLNR8klVI4nULKTikkvV+kgG4c6Wu/NwEuN4+0wJNEizkLbY0dMtQSvE4ZCueKsiht04BNZn79DwIFcS/psIapF9amUlsZpI0FU13FIHwrjMwl8g2hWTQtKi1/6nSxWSYFos+6vezEJg2skFKZTHoWfzThE9aYUzRTtTKw2ANmo756t/84S/+8OudHKLZwhKy/kV9pGGghdcSEf92k5DHGkrWZIQ9/5qlmFO0gy2SZ1AaUSEj1zxe1jdzQ2TF6rFF2BNFNBQ6kFFJ3mgoJfYnX1+JrYytbOTNO0j8dwCVlAaZbMP9I1oaixgM0O3d7R0jdOO8KIrI9iuYEL36FK/uR7bVz+bXNh6kfUvCuJNxSrIgvb5LAJ53CLLNS+6m0sE1RY0y2bxsco8mJjsJtFlT7JimmUl//3h3/f7ZAm53R3kvs5lpKzDu6Lk1Wc5yvj1j04jFm1EwgKTMQm/YcyIA+P756gZt3iWUqddD/vDK6tITC2WknvRJTzTzCEpLh80tKWVDNElT5noRQzK0t5z+mLNdGEZKdhAiSn3TL4lWoVEBPUjtWQyrZu03V+6ttuMjjyf6gWqDmx4+zdJe3gTXAkvhYqacAgXk+iQdxszKNVAoO5UayiDvVA9CYDIsSS62VQDn2HWZQBZzMQriylh3dkxhthEjrDjotYwG5AUjOyrm+avmjEstYtaEZ2FtVlmPM6zZww66JRnpsllF7AE6EI6bHDjH79BZjTD1P8PeSd1Z5jUTC2bF8EZ29TP0ADoZ8PUJMUsaeZnKEZJWR3meq21guhY6bJ+z0JDg6W0TUbh4vXF7L/7+pdjI7wfJQs2dCXVz/EZ+b60FClAlY6XsPYahD/yNEgp2zqLD1yHeUfRU3HKttyWrw5jZAjjKyqQm86OpJq8UyVMaY7bsgP7Rk9nsFCRTLxmM07HEDjuAt1HMIuCSDpy1XUfDbNJQJEK1QUwzi6koZckHMyoxK+2n44hnfhNL2g9yztaaCWKOAU7gmmR6xnSupib52vpdACMkQ4vu+HdW3E0jxBfz2YTDNquV9KAXZzieimGpBQYiiU8ZKEaWRn6174We1MbqUjNIamReVc8wUkS2TiiTYkDGjNoeX2pnr0QY+WhOX1a29CjaokfHwb81Vu4Hvcla39OBOukZa0kyk6wQrlGxo8zrUgTGxJpxYLmsUH/rv78+bXoKxTSt3UGWwAJISr5pInjK4jSRL0es3fzflV2lm0ywNLuOL2iuV13p6FFN/odDF1a3YlKY+w3JrOCiM7VcrgOhd02J9eJHF9RxTRrI7yv9H1E4VBl2hRhIjJqmlkyt0XnRd2JkEGuuYbYR1xkMsDa/d5SOXZo6o2CoNXUEiCqhhqTgcNAnDr11UKojbHWp0X8F9URHh5mVkwSwan8W44x6jbOgUPbX8eT4U++IwUgzAvvEhkpdjX3AAdSk/5DQIKbqlo3tWwW1scnc4MfWwkTK9WfSo8ARUkGtmQmc2B/9+PDgXuMr3Zvi61tdVg+IaQb6xw+br7AtckkRNdBBigb66znsu19/+xX71uB0bxhlFlY0IfWe5z/96V8We3SJ2nWzJyp15Pp+AHNP3iZjAPatJU4iOHKiSrHs4eXBiNoSdvHKEnPbznh9SvQluSTpok9P1PMyXAuRbh2wGbFdlvRaNuBjqSJW7WuzYZE4G9KZZUkpJJ/MyLMM0WHBxiFXXTdDqgkg/U5mCb0hDCD1wLvQyE7YmvpgoyA4spdFjQViRXXhs51xfZSMAsS4SMRNbsUjdFnktJp+ygywENuEEMFJaF+ZVBZZfXe7Xn/4w198+cOvvyAO2O3Bwdqp053g5X+7zVxeaFLYsZlXk4hk2CJDaKoz2V4sFmn0mVmhGqJ4VORUMdDZXCLhI/FQdZUR61JvLdQwy6xUhXLRic7w4P7+mWmh1EDC5JZ8nfEY1ppe7KHjEEn6mt8KixMES4Z6cIHHId1+kk3CIq287f3G3fKZmo3lISATa2bSKZ1bxvfh7vNt82ce0olS6VRPl+tuPRab12cjWLORoqk/DbBgIi7S3bzfTHmVp3nP0imLrX9qmNHSHDn439JBydluutJ5e1P5o2l191D38vF1w3Ut5jjd0eIcpyIkMS1vM8lNMpCwgkntzPjq3najdHPHe/QJapP6TLH0YM9fTDyb6d+jfIDJsOWX7JNOkT29qIRLVG/FPLO360KkMKMPCZvX0C+hZjPpKzHMX1mgZn5TJdNbX4FtkrsYQELOHvKEeiV14Y0f7GQtHa8oDMgjzXGi2AfMLAwWVnKaXkyo8Rizb+qzyYNTvf5KtQ2ToirQeQS8wv6SFmXkQ6/0GTnzl0wvSnhQ2uwDmU/jrDHDkw6sMwraxQIrHK6MtoOuRis9sg2wqwdm5a6XMUQdpwb8iGUXwEkm5CWNifvZ7sgkfCwIg73tTMajMNXYhH37fGuHLSV5RLz9CfIeBMXZiUIDFPSVJf9xEhn7qeYUUTG/a8Q6ChIUClMAd5m3+Gc45TDLcPAxW0HH2rMeOPtkhNoKvSGBF5SwBgvd5eXCmRqEH+GqZ1PxJC/pchiUnjWHBlpEEaC0NvukT/azXFCt2tN6iI2M1GOwJ2IXfLWt3TL1zsxZprH2pSAQLrgncvMFi1QITQYNH4BEc4qqC9gRMeGsV20xotTHORCb2IToby1gYsQy4ffn3s7QMiXpoX7tRSJH6ib8i6y6huy66tw4AaGt9DAuF0BDVNeMkUTYbEWbn7NJbVM/WZEBsD7YCH7WGaa5gLrJLtZQVF0/GNz1LBluv1sSLNY2dhY1W5hPSqodDU50ebLzASQ9/WGQktuMFnTUl9iGOyrDuiQv7JqSfCAXdDqK+wyprrkmR1opNH6SSuZy+O3aVNP82Xr4zgJX26yZfpxehNnFfTQiqAz5+HwCqu9JLsk1EmIAhw6yClCCTDAbjuBoWFQ5bCS8+MvyNGkMOvcLDoUFnFpUZ0GOYqfE0DsSdaft5wUoG4pEOGZMq5T0spcRVohCDSqSK3Ajsmhc1K1p0TtpL1yOm5SFJMBG7GQSivNJUFgh0KiMiX6OVBNhcH+Y//BWtB/tPidnN4j0MBGJlEkXw4f7r3+yNVD3WWKgR5Womajp0ayv7pF/MVZt4VJX9/Rw31Z9i1le/BT9uUY5CLQWnTXR3sv6EoRbSj2GxoTN9Y2ltOmPRUaJJzEbILJH/VabF7ut+N3jfTsU7WPhEz/0/jZuebLdjS2MJHrV9NLleSLuXRC10CazZEd2MXYLNtG1SLqpGcjRhi9kF0S/f2vCySva7F2Lfby4L5sEzGiCsG1zJ1LqU03G5FD0mH8SepkibdXP9LRt7s9CsoL8PG+SHThWwbKDU/YyVSSTTEVnGRJnWUFUbbUgJRW66DrL3DSPAymsqkCl0z4REnv0gt+mC2Cb5oMHPzMsIqX5aHr3/ssvv/zbv/rDL798lum5GgxHRpwWi0WBcpDvnmPoBhR51VIxc8HmErNpLM98wSuGZEXoQGonWVd+NoE4HDZU5i2w/PwDQXOjZiVRpeeon9USjLZIEr/J5hXo/JiT2T1YkM59wssKyycErOYWLHDbwOBtxdaOjR/MBLtMvSR5L4OUdvlj0nYQvH3+4oXSbvhrAwMIuAM4s8poey14skp6mpd/W1CPuR/vvPbZfztknTB+UiIeNMHEJk0cEoAKcq8m4gvajfHXpAEMdk20mLogW1OG3bDFFvj5+3dffvvCgVBlGy/DYcZtfvjwQU5uQxNcHMQdYBb3CdsDy01/U9Piw0RyBjmm2NOtT5OUZIl4LQmMzrBvPjLWelnRE85V4A6uEde05/lTvYsh6wt5kYsQMJtU1sFntTiCmAY2FgocnLQJHFrXQOvERxft40zI2XHRdClQ0TJ91z9k+YFQXytH0T8rXQt0ZU4cy380ZMMzMyWqZYqRIn7lUhGiOPtELuJrNNsEeVhrtLrs026BagNfNxGRTupNIJjXOM8aIkqr+Kt13yGfRYc+ak+lSA4mOqrtMLuOrC6AeXzNaGjVYk3dwfN10pILhqiu5w/RcZQmZjGT2Ao7TA3/73PQp8fv335912sZJWTNtrAXluxuIqMo70ilPsooLBjM1PPBHm7ATMzFE/GLA5Advy245WJz3wqjkz3zodLAJqLtf0iZvNQVl9rB3Ex8qkpH8d/bq6x0mwicIQFXBUWkFix81YEF50hwVMTuBsLJdJeNuVC7+x232Yiz4b/0B7tGf+00BGZzghlgEtUiGuqgBbONodp4zTIys5yWDNu8lWSiRkG9Fc5Qp3HxA88oIHhW6jSW/PH3pktIW0UFGKgXWdXEhBBLXL3KQTjVQ+VB4iqp6ChxxiiaxCGqSvSRxNR9P8da1NO/+8SSSNj4c7YxM+suBw7QT+rJOAwdUlbO1wxihnPyA7QhMDlkK8HQzEHcKfCd752fhNIn0fhdcpnR1luWGvJ6/+s5Y36UVT2vPD4crjziIAiKEyxA6oRI2USo4yqR1e5kYmqpiyHB0WGWUMvZXE3DEpGrMxxAOI2HOMW8Q5MOKjGowIelqx2C5vogMCanG1wqg6jkROXhS57O2kKECJCTJUSVqane+eQWuSoeYo3km7t3vi/tFOklIycRk2UYAA1UPXxC25gS4as05xspMR2/KUhLwg49lkZNPF3oWDwp9g10eAr3WuUWSYFoDxS4spbkFMGgRkghgFUsPw58hFSUuCJ10svORo2SDxbSNuf07sfXx4du/jYKM4d//fH240179qRx8xA7IdwXzJwsTLrpUtMyHvNZlOtZQvrLeRVDoqqvXx+61/LD9ecvXqwnSWs/u85JjoijHk3cnOW7D3e3rNC9sJDmeD0M2W79NuzjR038OdDvaog7PZinNd7dcquPtsNZYSMCKkKVGIVVfmfxBbtYsBkfm3WBScHsS9ZenNr9wXgiH7bh/45FMrlia5fJfro9+jFwSn4kzR48bVslZM10AZb/Me/Vl0Aw1qTNpUoRyh/44rrhEQFIou/D9W12a+bmpz6jwglpquZfKdnSF8cy2Qk2/e5yuVSW56QP8zASS7vEkbLZrIBSOOs8uyns1xP/9uuXX3/5LKKP0G5HkBLy/1aP4WhM8CY7MT1Bcd3zq4i9EkAN0hPLjVYgiy0QrpgQjpE7zbhYQcx1ggTE5hURAA5FCW5CT3VydGxsumAgVq0paoukOITLfjn3WXsl9MtTOxNJzwAFEFzQjnrf+k+YHohYpoh9C1syM0k/8lGhMzUgUZObuvGplkzcHIJeAXw6YgwtqQuI1XGj96ukkPWkDKOHFmv1hbk55rBhNG+G77muxShHkDhvZAKV5AvHvb7ymz95ISHAKDVkyu73UdJAIt/xa8cYAw9jYiJQr4N+6rYYhubJjPaFE6HbztfdlMCUwzW1mT6woRGjlSjrszNRzsPzZkfx8/ZDcsm1dOjfHnVFPXpDGktE2GD7VEgQ0Vv0olI+RQhZDlPsFrej6MZ0lB/7R6v17RrxBu6S12jvEjvLgy5mUa9saQX4jDs7zXf8zEL655LzAiSxZVEEmv2bT9IkO9J9951sulrlLgQTwQjtoCtMrGjgUJAclPlWiV6ls8F0Eb5lVADhkdAqKYa3+kwK2E/ti6tMJNcfpSH2Jzg5uGi5gpFJGw4G6zRGlTSFff90Bv9ZM0gJOmbCurqaxePxmLLiAwuOCPeVAPahn1qpb0fF3qryzQJNO0jpwH2E3oD60nub5IiS0WTIYLrnNzpZnf0+bggcmcAmwI0oD2w4EuukjfnUZOhizG6gzn4bhEv9yrl8WixSYxsYqsSSIEkCCSsO3QVXQfKlIE+iwkzaAt+DKjBe1XqN+KlxPVHzSQJVcTMfmex1tC/XAAAgAElEQVSB4oAHth7JnSKcweg/g/9+U3bErPxhEdXbWJKQclPQhwfqMolslh0gKmqjBG0G/tWJm5ER8S7uMxJZdn2R8Z3+8U2Q6Z4a4kuXp+bsLQrCEwqQRBLYc9VF4I7D0Scr0Lr8EtFurJy9RWnCKINGYZPfoRjZ80WOLha6PWBRS/Nk57ftj5NzCSGKQUm8gfId5cy1acW4Cq9/cV7PspO+kkRCyB8aK+oI3JXYjIGg5dE23QoEl4uTThrSDO6YdiiycxNDoEQcGVXzC2LGUImjGoWMhEZD+LuocqrKDsYVGIqh2rijKolxLoUGHCXkPCaSq5g7JapJPnkGrm/dosM+KXeeXNCDUuwudEXd9AexQ8BJogPAMRZW2bm2mUoYTxzEjaIjtMELXYzEQS2zyRoj7UKna50rjyG/tRgDKkdSZ5qMyIlhMbGKSrUcmY31UWI0j7E1G95R6BR0smFDiQwjBflhOcwDlsL6DONIqR7M+BkRSSXuxO4n93s+v9y3hNjGM3EAaKFm68jxKNaYk9AybiMTbBvtvwkcnpen79EjMlfTdLb9ASoPs8tek+YF2wj1zY4w9YWVTFNubNqm0ScxlrM8fnv5/f53VuNuCfU5jHdKGG+VldjOaL1PoonllnJ7elydOiJ0QhYBdcDY3cSezWGgNZxo5Cqh9NDjHgjigXpmj2rBsDOnkiGCNewt+pLV9rjoubMOugxPwskg0jEhTFWzaHmMam3v4wUJkzrkf+YOk8wJAFpSTk4CgrRnikiPkRbQusx8ZfF7pZlSFVQ+KW8ngkMOrIVyi4xlumo3yZlzON5wFsyxlo1KdNJRNF+UFdg2qp/VcwT8+OJJ5r2KuufzsTED3G5Mlm4/PSuREHrAUDebS+q7AUVynFz9E1tTGXknHJ7nX+5zfrZXmzNv49KYwkIcEyWHyn3bHMI1KVYTlxbxq7W4pepobaoif6SgHx+aO3z/WD8hL0QGhXgNiRkTb/WJtu6m5H211H+RiGXxX758kRW92XRsuODp3z0pvUxNM9FJHgm4FMCdOQhjJ1mkRwZah+2OXoSB2O4IvakDjma1jolzsqdHt1vpY3ohe6mzaeZc9b1nzHOHuNBYAtqmnXceGNQEivO9gJHAl9oCuOduYoYh8TnzDEC/d4e+gbSXPr98+fXzbKMEwCOe7j7dsgJmqa64x9LopoSMozJj+HlZorhMYGcws2xcAm0esYGz/aPuzdrAr0QTZXBqUuZvvvMDSprg1x/PCYSLBSl1WxzAGFPcoCP9ExK7RAMmmJcwBCS9bXabYeSEJfVNmDYhn98xIGAyxozXATKPysF1hRAykrmo9V9JGCaIMwvDKQLUbt5ZXcjLg10pfmZKFeVbamlbxZPruTb30wqJQ15szLlIqVGoMy53WBpb2k6q4RMHIlPWwmILq6NZowsN4VYWAawwDNHp6hw0TGxzg4oF53Vxg67eOkrNNUCHYBCcYXPx2HSkDFNijpgMPWOZXXIf+33sFBeHbz984lQ00rJMRikat/5TV7Egbge23t5KjSySU1C0ZUOkwlmVCQnwcQIXujmUG6NvvPjAwMY29A0xDCUIvqG8bREQqkh7arcbOykcOeANiShG+JG882SZhvqMZb5BZIXK1MXHxXyVgJbMqInRrREwxXIcAZCnckCtzwwemH5DLeJ1C19yUrt7vBhKhkm8TWWHemkZAU88RTOVIy9po31kZZpajA3C0B/tTrKgciLMBRd5Rb8FxUA3sZ6qTndBv2nN6wVgVj0J6xASm38IgUtnluw1yhkVNaTKxTRkbBrMllJdtsnaVU1JRDKeAZrc8wB/3YFHi2Mo5DP2czYFh4QhqkstAF7kAbCzCIC8w8VkfAjRjS1LE82HOmyw7pFeCW1jJ9hQAk4H/oLgP2HGgb/6DFjypItLRLkqcbCWXBpZwvel4Lj4qCArVSoHYh1Z2KBb0UET8LL8CTsUBORydXBU17IBeLewHM7CVrSIVPJOHTISJKFUYV4aDzFFtEuGNYkVl3v8X0IqELEP3O3xQhUqCC6SFw0jsRaiC2qcgFAqCnumz7KoiRDUabAYgPrvGR21TYfDOoGCs0bpB5qgBM+nqHSAi5Q4KHXAN1xZ9Kohbb1DslA5vO2HHQEjL5DjeW2BH1xASAALPnb9P5ouMh3YnR9vhp3dVfZCL2pzUnmD7fzotp2L0dS+e5u6OZSA9QEcs22sz1YzrAraxVXfBrj61uI0AVxSIDuMQ3dC86W6DBN+XnFRF2OI8vjw1TUpIrPo9q/E1OP7PddQ3yQoeMULqMawenF1BALRBKciGAB87On50SzYXY/mFmXqPgPRvAoTB9IWsVuZT0zVoeB9N5o1j9LrQ3QzSyIpCxkpQ0LEQVQnoqxiZlMyVZ+4UEevCxfZj2pTdGFDh6p/w07SZmzJI9FPtaxlnBJRBrPq7CqngTgXX9bOQRWSg8ba6v6LWJlw4cBx1yKkqY6hAmo96gJLCGtb6A31wCs7EcozWeA1o9by8ZvH23mcoccHee2HlN5vi6QUt/uWClDz1Rly5s6g+E7CT5SjG+uV4TgXIdvxnifF0xEEcssM4ntPrm7XWcweBtXi6vmkbmBhHQGEoJzGpTjGH2gy6IDTRBgxFO6+f2PHenkrXEVgqR4bLMFtrJNQDVr86XjitCEKu2C3DAlpSjyeSVqYVVnS/eod4t4n7sblHhPDY23WFBrplgAPNIyXCOKal3W/eA/iSYlZGsiJJ4W7C7ts0IvCvbXZzOWV3DtB/HjntYF8wDOyVQZZCVwyM/MmHMikbcZGCJ55aDLbpl5Lhs0sNqphV3DRCPcxe4L1bLsBcClB0iRkkEzwP3KKsw+kpbRdwcQ7DsRO6Nj8DcMi3uLeoiB6AKNgXOlfo7YcGpVpIZfOjtgYRviWAiW++ggDmWR2VgafPTjxqnYTTuAimlQIJyA/zWIQuQAgoPhTgQi1K374tAlSiSMF8EbGsbehDVotoYkPBMW+3sAF9M30UBLo6Nz3qRMRkrlCciDV4VnTxZLYhddAAzy+87fIAZ+Z5q05+8E998wPwkMNDDO9RnV016bjkBQGwtcdUPGcog9DDUBlLchWd2nWaU+oefJADYjTmKwPCT1qCp6PD26Eun2zxSDLVLpY1w1KZv74uGk2bydgOlwupTWfrr3ATtjMtiZpLw4yB0ybDuxpqHc3t24Bu72z6aGND/xmzlh81Mg6j+9pWhpgi0Lyod4ik/UTT5PAZx1WbC0cjR1xLZOD1DycLoKypi35n2fFdUti9BXl8Pjh1WhrUZoLEzCXLJFUp9nD1pSg49ciVvMlVwRi4FTOeS5RVgtSn6RGlERbDKyhMjtFwdEpjlOgX/9phRAiyC8Y6bQLnXVJ6tLTY+HiibMdmlzbGtWgx7e5q6Rp79srj3VrM7Rp+Fpr04JEUVKOLr+ECsaht4BeTEVwTiZxwgyAqScf0RURJzEXzlp5KLzXoCrJg8emlCw/mTuMnCBlryOsczX9znqywjwhO8WeD2MLRkhbV2rmUNjRfRZl0i16a9ynQF8T0vPRTU5fGU8dQ5kUGjHX1wymrKv6kUBg8elqhxcQwcpjEIeQdRgFVCCdARGpZTwJBODAQZTwlMGWGiaKDVXjfFxZp6+PGJWJZ9XAGlYtoCWmWAIiyGWcNZ1r0FXlh99ESw7QJgSg+vaJi2Gb4VQy4XehUWPJfyYkOpvDbZqHmmFU5PKmqFQNIHaIICGoQg+TTa2bFBpVoQJhAu56aIMXB9Hp8rwrbaRODCFmTHeV+KOultpGZ2JIsCtYV0ECGmiSypNG42c75dtUqIv1xtVemNYNKG0HM2dh5OjOED1gfXRzS2KHeFDu9e3t5u5Wq6//4+vdrUfBEcWH76/vvj4/CCXxtWAm+ci4N/IzYRKZV7pDb4wVd67ePa0j0RdxCY98s30Qnoa5OJjE0+GVeS+Tmsw1t2BYXfnQupsnaTccNtQrtxQxU8QWHVJBDpMF6cv5Iz3O8LKntnfMyJtK5xHdM2stzCuYTXAKP0kJHpy6VO/GSMg7u85JSo6z7zRZnlxvwIBCmOGXxW5xaQpxTbmp3tRFSVNEkS4MiwVmPUvFNMwLqraxTtbVoJqOFk8OyevP5jLb5QN3U5KZ7hRaF8u1+Q8d5EJlX8kcICnCr3cm2HrOpXRQNkjXyxUdNGG1J0tjQ5VIBzprzPLGa66RubkmumTSCYYZ5QgzyK5B5DheZuJ4nxjUnsXOSlXhC2M12LGuUmpN/Uo8tfvr/eOPZ69hbEWJX9jW1huKYSiOdgcxlkC066DbnshPoPzwsSe6E6a8j+723mFkMFoGgsa9sE55XQZbMu8YlWBaLLti/zLmJxPPzAn4CGbWP96ue4LHJ/yaStFlkYLYqat4fvD46CYH/M44RfCsi9AtqQFYhyzNXZWGkYmVrkonPYSyZyuQQrfgmL1jt71/Jd0Fook9trShl0XnJzM5HqzIg2TM17c6Pp1C+2sJbsoqVsAl0WdoBMIC6dOjRl24ub3GSyvXDVphPM8fEK5SgyQ1J2sq3ZCJK1mJLutMR02QJG0kMVt8NnbZPQEhbrY+v5qvaX0J8TEV/Q1JUnmxKeq0qNEhOq1XljvMa9Qc3wHrWkQYAqkSxadAzSJLllJ3SNjiZR6jDRdge7rQrIk+GwZnhVWXQAPOtDQBeB1NDERbBCEXc9TSaRgLZflpjYnOf4bSaeEkhjJ915ThcgdKxu1aZ9DwKEJr9Rc5QJ4vd4L8YgW0E04xpNNoiL2SmbCVV+TbURFlCfVgtOfVg6Ae7l++fHn9/Nl6LsUZh0ntXm/EpKebmzuJIMw8gyR++fILE7r/+PDm7VefjF9YSGug2NS/NOJAgNh33WPzZZlM6Pbm9svnL7KZYe0yYydylBQ+U8tCYwKcVCaX3r5NLeXSidYvi5/YZP05CJ2mxIrMA9BU0geimUNB3LHrGi/E9mJQ1fgmQ5mC0EhkiUvFmp6brLVzRfIVJYXDjdMNvgZ80k2Y3mbeZs2RIcwVlHhnQS1RyNQzQmaS95WZCeNLziwrZ59N7/msVRoylNRKb0jMrYvJ2yKglBTXBoe8Zw8MdbYYHW0Jr9AVG30ECCy6Ig5Ex8yytQpLJdx4oVU1MUiOa0Y0L1Y/mff0H7S3BThrKtw796kAoCxphiQSdQkLVDbfGGbIWHwwjgDYPIe3X9u0RMPspnD4ePNh4KTGhjJpTHOt4By61LD5PMgSQ/rJldAWUg0ixPRAjhHKlJrI8Ron+Vr5csBGtAzN9vJGHqMzq1D/MAV4NptfwKXVdAyqZByXUAR0oBzoURgDgc2NDknxssBzJiTU0aR4E/oJBIUZenhRnOlJ7Z0mZrX8VXjMPgrQUVtf+62OyhltHEd8kBPl+sGk41Kz30SDGicBH2CYgGuqr5aF3yncabCpsbKDgKjThtDddyY8yReIhjJq1PHd/zNkU+1cTNBhoGWHhLhGoVUbhRKCx2eWXPZHQ80l6/a8CDw/wVUVkGKmzsNszCuULWxqrb6qaYxmob2FlyUlnx8fbJomt2QezN7dZ0JmKkqqJSB7B67FaARqYh7r969/isYf9bgYsVJM+SjVsXnvbTsI1k3YE5edtjWqMG7Cy2QRAyYRkOBGnK7Utm31Vbm+6b4TVKAnpUjXcrcipZ8QuCQGu8mhztF0Eb6bYWJLLvlOjy7gY30Ut4hKXmpiyTXHhAgYBKk1n2ZEKbn/Tftnbt47XZ+UZecxW+0tPhLln1seXDyklQU2mDIzuN06TxFFFq3ji6KlFhYEx0Fwcw3y24FbHEx6bbynBCQm42rmW0BJUh5gdPPpwZwh0XvYboOBtiB7gXLvWUxSvuUHBV+fi3lfJCmAByNS8MDA8RDHSSzz9JcyfOLXeSKaoFofr5ijGlsvPuYhaZr9ze7xUgW2tLhU3ixwI+TpyQ6IJw/w3i6CMunE6XGbUrMenkJgQpNe7aNdqRBJuV96H08zheU6IW7r+M3dndvbzRoiV+AhxhudqScytf+ylz7rGjMw11qDI4ZX0ZAlW2HxiEWmKACaU8/nMfzypidurm0iBu/26mMx1ULe3sXMgJrlhL15cXFZb1EW2OaHFFHEvLm5tQGDGgyr5IVmIt/fef+kOUXmyOI4rsEVqjz7043Pmogo7ao0VxpcvxygkOjZPcAyKX5M9PvNoOrx1cJgw48E/aMbv9CPhz0eP08lj9y9y2yFW/AKMqXkJeGJMOCuZaIlExkCCy2uRIS2VagDNkXGOaoV+QtlUdBE43ns3NKLjNE1DXOcrtdl9zWBMaIMCJh5bOEy5C7XUwFGupl39fxm4r5KVpzhk4BH17ncWea5mJ/txEqVQumHdjYPmkqARbp2zb8TWZE2UDNsdNCbY+elQMHYX1pI5tSaaM4FzQpycRVgX/sG0xECLgDiJfAB9nPI66SOXJOoiIQ1joBKTyhQScx7en64e/5ifN9eNkMjb868dhfzq+lzEmYrlqAN4D39waDcPkImSvdcv2yMrqYBzZOgxqbYTRjakLF7vyzjcMQC1kTmXzLxS2IbJ8yxe/9WcLg2e0ucZUppv36v7Af/DEOho7RJunBjo05lXAeWJBoZi6ANw+oy8/fEhftZW+GvKFoeQzTldriEdymHHZJsu3w2cwKp78xG8+wd4Zc+umRLUIr/5Q7pWNWpySEqkduAk0WLWD4ZApD7N/85KUS9Urqf5o3aMhj4jpKJos4EPFWalQCSXpvXz5DZf7OdipqoPDalp4c8JTvPs3O6otxspA11zTZXO0pyoWTbTSry0HiIdOT41ijUwl1jvwBqdswIfX0UqJ7d+XBJG4VkhuYOfYkxvi2/6SnT+kgkonCORsBziKGIHlgOAVl254O6K45Hs8K8ZlQm6p+VRqds1JD6ZyP/Z1oIrSZlpNc4AqGysZNed7nOqHin1aBqXsULoZhM/93IqbgAxdiQobqiKTWZuQJ+qSe+DuDICXSyTnhdCmOpX3blCNeBXuKsdhcZT8wdUmpZW9pEZdYcDTNpQNKP8yCnEC5QnbRbq4PPIWVGLJApLBRdr+V4q/lsBM99anjoRKLzQ37lBfsCa3COCOM5E0luMZshJGBBzRX5XI+x0h22a1DWYBuiQGNyiS3effqEH/XEgqZMPvSYGJ2qDWqvD025sRpG3/YvS7pP3YOiw0Pcw8M9I9GjSysfe35hXTg6m6C/qiMPCQ5MSe6ZNUhyewFP8Mgb0Q3OB4tzz0KYW5U9hNutefkI8I1/8JnXZySPL0+GunI/haxS/5sTCq7lgoJLvus4nyLUd6ZovMrCpxsOiC2ZEk0R2L6s9uQGHXyAWigUCPQUTdnVxxRQ+lDTXCBVFjFHCbCp2mfRsxrHl6J24SNHpYp0DrCeG0Xt/F+4R2KmBaKwmS/Gou5YU6Sl8EXkOu8ezDI7wWj5ECgB1VzAn1kolrmkukZBRekYAcIaDU83M+fdN9J3WrbTsJxyMilvWLocrGN6ibuGCaUQx4KTQOewh9Rvf6qwuUwXnefG7Vpokjdn8VlcnEnZEmdiS+55aujy5sIms7n55PWJ9swpZWgqmM6Ay+x1VtQ7Fz00+w0HmhhI9OxCuSDFC10SKPN2OWsKhVsFOZ58WI9CbqKektlDjFihu75mP54Y3l0zRCYxLUF0Gy6WJKB2rNIDi6owURYZTGeSZGlvVoFIs7DuqSeGycaV6y+/3HEqsYPB172aDBNt3a3lQI9mj6SZnGYMb2niVtRvrx7o3R8G5jIazYb6O5ncen8NL8hsQNVn7z5l9lRHltkk/tDlI91AYAdnan+x1og1PVRJvM+xf6RaCktp0xFBwa0CMabDNM52lsFRQxGgpISBZQH1XKwtBZfnUGMdldPGXMReoOug7W48k9aDjZUZTCrPdlQehNE9MuaM89PQoyLuZ2uYRHp5tpKCaL6Ro0fosa4sHej6kRMrY2PGN7ud78ZYvyVf9eqwDma+SrWJZ3MNmYbDcBVWsveKmrKIbmYSK+l6P+Dk7h0PP6eMuCodWQYDdXNx/2ucVCHre9NH6brCwpF/WvQh8+pDm68QMjyad1oWYSbbK9EfHn/9rf0zpG1vgezJgSSPrfGM7tieVV//ytJfPXaZrzeM+f4qRBYgN91e/Gn0O1uV7rULoQGnn6R8fKB8Jr6jTpZmbotMHKfispYf3k5F+PUxCT5WJrUsAK110MXESzrUfWraBKyeqPYFLbyCUPAq4ewdmOQKmGRWOT0lyb59PBXMUwWMV9QFAskuZZWsvSBYSUlzykxZ6YXLGez5cmmTjFOnIMvyRwRspY+ZGzSyo6JWNKMKtcQhMoE4LUdusBFj1tDVVFYooiztak1NHEnTAlp2REYQZQN5b7LpQnLsNL12803oe8AIL/Vg/3ZeadwqezCqmwyGh+cK97Go+YTT5AeIkTwCNfWJ0oj15zsYWvjH/tRLnpOClQcmQlLNGLXfWeetYa04ACMmoBiIjgCGomurc7H5qtNbDVF5OlAV8l6IZh1rNzseEGQk5wDF6fhY7+Vkpb4cNmCM1qHDIyZU/VnjJ3w5ee5E9CRanWJ7/2eQ4XDoxIXI0FzBEBC7eYAVJJHMMaPpXxxXLUkiYHxVh77GVPL4KQs15iyBz8XDWwimKoSBMXUeWYzhyFVzVCfDXibMbsuIw9yHpfgKe+iVx+0Q1gA3gI++iJKaFTN3oUrsLXuJ37ypMcfMcRjHZvYwaDnbeGVUBnluDNVDvTDEz59/+f79T8xa1LD1sN1MZY72/5mMufY8YU+0YYCCDtofvt6/vVx57AZqgNP3GX1CyoQEi35FMudlIC9mf5gc/ds6rfdDqGcW4ujp8WsS0/laks4JezOKIUyrevZmta+sWSJjXZKVCOBPBZwSjVcI0xxPdg+pGbU2OxLKPgRoXJ2Nm0Ai9yTaDE0S5d1Ai6GLHaPKiNlMfk6vtYskVSSqj9ZuVnFU1BLVhGzCMoKzn+Scy2SQifdoJBVxjUwiM60HLeoZBVN96oqB+gFRU+wNqLZZQTF19GYf1Ql06V7wMlQcdGVWcjGANBCTIyi/aEi9uOSr+FhtUvYCYiut37/9y9f73bncbRZiQWCLx5r3vShXNqBVg56uzS7zX1z8dJa6KhLI5i4ehfdAoD/2VNaj/uzuXOHc6MCNibXQRLFomBwOgsNE/qNf2p0g9UAqLWPrkSs+rBJ4T4qQYsmqdITSoTxPx7P9AJTSOB4b5kL2rh1Lxk3AecXO0yMa3F7y5eaLwUBDApPfbWZysFlzua0+ae8B0kAkY794tLSGzwYMBa+y0Hb9hGJxorsae52jOWxSmRh+mKA9svIoyZj+1gO6CaB7a8SUxkdM0ajs2f3L5iIVakK3zszg/Pf//i+oNtziShkyz2rE1a6+Hx97HCkDbsFYD6aDT1eFnLTsvdXNuiTfpoWmPqrPpluBqZOmVIZ1ND/7ctYUmGGbpHbWiGKqDOpUpomSokqU1E13kYT8QnUUCKOzZaiZRhLXCG0OP1h3bBSX0FyrHy2sZcGNXqsMzGwKpYdGRK0YKjo/7GVUqgLLwNAGewknsOhHAE5KZoi+EN7kXTnVITLGaXA0ASjfB62sK8OL1hgJVDAUBi9scJC2K3v9UShiuJh/sfXYWc9FdLlcMxEx77JuXNenRXQGWaGvfdcPIc9XrOhGC9wHqXKFBywA9Z6EH5HBVQnoka1ic9YWAhrTrlmkNRRs9tzDIhrY5MatGhse8/y5rAlddJKIAQOIYm3iYl4NrcWKQg5cbX7AVTB187lYJ1wUnXiu08GOwsgJnjYqAtHfdwYsv2DAaQlY2qdwEI6OVSEuwCiPn22oiu9CUl2Au2elh+jqkTGJrj2gjHvQCbpk2E5d3UG7OExioCWDTUqt/WAVM6DBYUJgfMweQpk98+KsoA2vwnKD4xShHjxxEpdJvwV4bzMEnPNmruYVEU7mpMBMIdRR1Q5pFzOuN8+mqJT66hjTG2AMk8BYVOokE2/T1i8c1a3GMSCyhBMjmU3Z5+YW132UGCtnEhl9Grj63//LP6ZMxzvX5LQGYCZ4UNcoJaWmhIgaeMdi5/jRI/joPo0hdmfBc6qKllO35hCfT02Rh+2gYMZf31yjETFFzFFDuiZDXFyehoBa++XLDI8ZRQlnb9WjFmDVEhzSGpXg+8Tm0V+Qog1xrlcnUrUBIZoYT/TPOquj5hx+h4EgJe267gPVRYXpDBCI6E41+EY0tEWNAIYsmw4negqwpT9xcKxGLY0m4wrVAy4FddbIw0EkDEvMFwmYL7A4CCbKA94U9MCk3CEGGWFBvPyck4gfVrTl5Or7qCzoAx5Zh+6RkelWmMdUq4uTkO9GM9bLXn6YppMOotJQwY+wKiezazBme6bMo3QKl55n7QDAMP94s+QncBiFNRm9TUiAxDeFsFksmQgRWSzsWiy2wmHhuKcPCGXf9H9MVmXO//X334sFpg9vbkB2wwmC2U+qSRRB9Cm3u0gpCWuhMph6u/LsBZZYdUlX2r2l7iDYvR2zlMKOMPrSVNClvYKjunKpNGWVdcKyd7B5F8f6whkqXWZk6PEZlqMYgaQrKfiYaNpMnX6P3yaQRZvFguhTeb8O46zeesAg8Cm+5GLpcKpWOy37HHVjNpCLfV05Xe1yMHlE1eg5J/OpW8xXhBYRW/iUUX+4+uNf/+Vf/eUfrBxYKV1u2GITFzmcBfoggHieRg+o6WoE5U4+NYAAb3MeFAFew1q70LW4cDAddjyHH3hXgblYL1sCfG62VuazTX7c3NCXLqo1saurx8fuovkJufXWzLfbyRtXsFSPTwLPmi95pZMSHyrohd17lKPl5qYSiBfjFlilY5SrGqHVRNBv2FCmFSPx6uXOz5honjvGsystHNM2kzcsaXxdX1uvD9vtnYe054E2CCb5gpSNEHW9ScyzZl7cWV//y3qlq9bwSjj8Kh8AACAASURBVP3QjX2cuOLh808tiJMWbJKwlsi7L8ekptcGWh5Ux9tZnq219QS8r195LKXXsrn8eCfEEsG+vRXz0wygvnMeFJZUg2sqCHPcRmG5VKOjCTAFxaw8ezFe7YWuGCmYBD1lOWKWijqrn1sFk1WlfkRliAJVk5mD43t46x9KhZJQCH36Vy8RcUshcpjGJhUhUHm/KWf1OzpkKO2z6wDsarhhjjltsOyTVP32Fcr4XKfT/4omOLWhG7nVrLmWwaxO4ysksVXAlZH8ZsKcHMhRezqRoRz6XZpv1kkFMo/AZTLCf5AjhzC4WXI7+OMppApUPgg4cppKbg7WrKvDL1LZrmD4J9s4JmE0QlmtCBRXGtXP2g2r7eFpJ4+77I02+IK9Ne2vufFsAKMUauqUedBXPKA1a4pAOEdv/yMkqebIMDRhQewX0dbnUqkq9b9KC7yF1KSWQ2lYScczIM6nExOnGW8zBIXsMtd6k+wZAeVKhFIVY5Qq0oZmPLc+tTrBq/vHdia2nlf7SO1SSPs5fI36o2+UD0kVVYO12mQxbtXPpCeBWWwqTAe5rUcERNeqFI7oVEvsC1wuKUIjRdRdulwcxkWyJfVklJRmsXmfi2kchCBxw8iIteTmu8aFXycqYYwH+iaktF5f0752+mKlcx9E1l7zurQATJDGagN7QA7GZCc++rSy3LPD+iYLSBEYaakggkIbtAT0E04iiVLM9DcXuLjDwXI4KHEcRWkMPPUyBg2FvGPg0VjRVKl/HttkTqUpJJS5WWSVJYRUsMS1ViOtIJeUY3uUusAqNpOcALusDgGdYwfzvAw4UOXghKo0XFXUoqNY0F0u9hjO8ZYkMiUFQ4XgFEQAOCprOSM0R1PzkE5YaEkbsAyrTj34wE/LiTUTrFuqYAQ72phlfI9nrRUdl1pjtUdmjDeGz0GGy/fmcJNPIFcakRUQcK4ym+oczES7za0eJChjY6yyM95olEMPnoHnideiVX5kpxPf/uZhNI/sUQDSVefUWW+P1TgITFpYqoPOXIhuDRqzel7PZkZEJ4dci4MtCNbr97Y0fmJwAoRYoK0Hl1jIMHXHq9w51678FyvLNlp3q4F1byEAxSgUuq7vPrV5NWEUUPhE26zE0HLC0gJ8lzdSFjPyVpWtGuOaewqRjTiTQe7VG9F6G1Vy5rtpv+dTsnSD0aVumVf1UlLm52Ji5eU5588L/qeoeXXZpZqzk3IPB/vSMtAZQloMTsa7U6WgGW0vIihutmp48VCTg+v4eN7hT8NsrkujrVA5eup7U2O+M8wCdDFIWBXFP326FQBE4NLC6M4+gqUyooDe1ONhFfiudaFrF5r1lBkfP9K2cIT5NYetMJKWZ4Jd8jdOg1M3c0SZXnhAzHk7cgaZULpY7yyQuhHkVVroadTtdkUWccj4u5ciI2RF9Q/qa1mZgKs77E5hMmwRFmBDgm5p9LwJUyMm6pqQVtMM2IYDDUVA8uhpj6G2E0LNcsD3PXARC8YyDAY3iLQXUTjgiUdO5TkR22S2KN+Drb//8CB3XS0zaCYGGaVrmQVzvLv71CbGj2eXbbOb4MtG46JF/3YyYDyz5wK5qocqMGh0qmWu0cLfJ4k8SrAqPVXdj3zfu/7SHF7pjXt4QL3bPE0EtBukXSPAWvtm4mwCKJxxIMvcyVm+adbUjGabDBqjjqf2oeaziJwJalqXYs2u/b4tYm6kPBNDxeJ0xh9PmTva3nhiTyuoF+SQ7p3GFOCRaa6lNlYuKGpmoAm4oR8nO6oGhwbVv+Lu/Cmuo3EmNvGEs8VE+oYX4JjYNNDgFe5BTRUuIC/g0YzOU4EF500Z/ow/SgDqWGU2FuXQR+pCaOgPGWpVmFFAu1Ac9lTEzitzpbYj6pzCsi5kzJZIFMdGd6KIhZLymIygn/3TAF3oCloiqSNCS6UNj78Lr99ePC/TnVWePlPz9hruPaI4N5wwNG8Pebm4AZh5YqMm+ulREkYrJ3yxVUFf4lwsE4sWJ21HLelJufxLhBZJuiKqMIzcA7JiXJlYM7bcY1Io+uTk5egldHyrasjuOV+pWB982Ekj9LiN7NwtriZe8pgdJhoihTEBZ8kZBEuDtC1STebnb9Z+BA/QAp58yhSRyGZBEGsyeTaP5PQalyfHOAjZMIjrQRJtEY+IBLNyggZgtLOYBrbGSGjawsQi3zanZ+uPyIc2QJNeBKshRMRzlpag0Pbh/a0/Okw8GRTaZS9sYJGU1cXcsYxeOJEpWHEQwMUTT009vb0Qo1oEtyB89X/813+MySwjkIm6f4nFJzn3yc416yj2srJwaolErC8p1EN30ASCW0pRXRysCarzsSibdNC403Nhx0oWFE49IexnYNA6lkJcM2IIUDDT144GdgCd9staQ51BL93GGgsunNRq0JCeLcB5pq1zRFSO9egce3Njoj5kM1Foz8AxxcP0Z3GHVBF1RUFcwpPaqpEcswSkaw9NlCU6NJzjQMXahiCnYlW0TzVTyVRRYQyW8/rE0mFYpQrAgCrfSTSrUxONMo217azsMIQXJtSLPD/qRRUuXAoGSn1pHCnjaJVDw5+PpQAU8cPIiz3X9Pr+8dv9w5N3HGvMdZ9enpHEIqN3EgKyHtAWQFkFcq7aQQ+e2Tueo5KVjXV4h+puwhI+zkKby93KjLatw9KUO0C1Rfm2El7df/1dCmmMwm/ta6SHJNjqbX0SXlmpsSKW+YVHFeiPUeW0nVisCtx83mlhR+jCPFepxx5ijCcQfXCPgsOIaVBTMgsZZDTbQzcuhMqiXqLOcFmfY1omB/XTZMLNXhM4GiSaHj2TVif1CmeXGpYzVZwCAKkTqJ6gpg5zJwfUTmdTFa0Mqibcoc4lKtSq82hMH5waAxuSYmts+V4sKM8IXVYTodEXgDBUULvGQD608/d/+zfuDt4cWyUuH4uqgdNgrI1/I7HWgRIfsbLQGxldi/M5vatZ62kHAHw+6FGzs8gJ9mrVZFUTcV1gwjhOnp1a0jJg6D5rtzRZ3G0SV+NdopFEA1L93EJwKWOPU/EqqqYNG+lfvfdMTweTdwNxVY1kmIT3OkqPolpW6S4fStmiNfUkBLd9uv3Zkpz86KN3PO5G/kiNUaRRt8za/khhnaEyTdD0zUBhNgGM0NLMvVAHzFpmvekoFO2f6vERtn7CokGW+243F4v6OrrZLbnUzXE9N7VMdAAduyIHEFUUvR8f77vla3MbmK/i1uKPUryNiJtM1GnhBFWtEB/j/vFTWUJ5DwvtZ4mNZbQUVHJ0FJdXpqopLdEvU0xeGiKGm2AtnWuFiOykY4LHjsTdPmYqUOUIJKdyfaGxAz+19ZdRISO3KsDO0P07yqlGlXS0TZaGsOneYOUHLmbJ0eB4YJJ3Vys7xbjYteqE+lwFBWRlM9jEOIMHmkJBOLxHhj5eE8xcXJwMAN7JKEBOXjMSMvOQR8q+w+eojsyVSM9FxsGwV28/E2bUBEA8VgW/adA5jMqgRcVoTkwh6sF7Hz9/+eKpSGI7ldmESPhs4FgQQxOPMXWsUQPY1BgHJ94WRvKvTEmX2tMbzOShQm5XSdg7SG55IZwkxUzIKI+IiiAkExeR5agOmwSb5Sukz0xZGg3H1H73D1wtkxToceYTuTIjie3AztLitxr+5k6nAqyXDYdHorkL8yhnaH+8yke49cUlxlo5YGRpFUOR6wh/paBoQIsq6Tbf33SD4kyhoAv3IXZcxyF6o2rZc6RhppE2yYCz2UQE5VTxqWJaLI5MRuF1LdkuJLp+qZy1TYhZQbQSaIyrK9z1XVJX19w429UQJkgEZS9ha6CZiH3FawfRmt0gfxQ4A8hsifS5EWJ3COkjmj5cx9oehVrvLwxArOUgQbJLMfWzRphK5qbbWE7+NQSla5GEvAiLvkyvkgAfIIfmyPVHHyidqg4R2RWtJRBgkxthDuSgDHpi6EoydZhuByM0S6wPecTUlbppzhAwf4e4+D2/i4Wgpnz+63/Twi6eukGfFeUG08FFCbsvJSqxQJiZyGRibLOgVVqwPj9AySMmDiSIUyBDGAnJxcBAQaLkkxK2DOYnvsBmRIVxMmOxDkBTvErJxecoYBgQlcVkjlHPqmCujQvNVBnks7Me/KbH0sm1z95bkm1yshbc8rKth83TGNhRHwsxMYO0v/j1y9ev9yRiso3pE6wpOnleHbGVLIfPT6xLwtdgpBlK2+p5mpSUmbE/92PqWLuV5PnlSQxw76erpYKEbgvEyzf9OKs4i9e52MePbsHTEWsIcnlDI/umhfLnbLv00coyaejCka3jdQ0EIQDDGCQASrUqCEKGvMzPd7HXyNPbXFo3LGZVK4Op5byC3Evl5+BdpSpypSa8A5DZdV5M8rqTRL4csXhIYSkpuSXy1BtuNVNMako9bIBeoABSlw5m6/+nYVjsDFlt9edkWkOqLYE3I3PKI4of+Va575X3bczsTgGsNt21LURZQeTP9jRUf/Ei+x3wAZsTOkpC7Y9ivo29xj4CjhzmdkLBvLfWQGXjwk9s+VU/ux8ah4GuWgaP9u5dSOxJkf03IN6Q+KUbSmRCLknvzEMJ1wYqeGNRxjVf7m4BZZLo9Wv8UvKHyGYT+6boxN9aMNCZfaTW0dpB+6bX0VG0Q7ZHr9trYfZFZwIgG/PqETsrjGcKm+O3bV4mvWDvnv3X5sYkmzoZNqu3cco8ANxjZ9ibJ4N2Q5X8k9RRpcKzx9O4g+v9zf2b8Vi3fElEWVxDoTyew5tQqU8iOIFa/+HBJXxIfuXOLYMeO3EDtMrVsn24d533vBxEZkJjnKCKLBx2PSMB+iGTzaonBnmnp7NhkLX4ZqVo0JzdZlFbhSoQQpX+stCFqUJTUg3eKqOZGzfXXr4i3pAhvDMRupvZY8yniIbkTBs9OQGTaCLku20P9XSZ2An3voG6oMy485h5X0Yify01SlkB9QOK2V2a5jNJIZr9kUaIO50dK4QO8KwBpI02wAhRdaK/pkkOcCVB8EMS/pJPNbLt1lPryLPezbxqE1+H2FIrbQObY7JpLarW3FvCBBnSqrcpZClIiBr8pBHXOQR42S/PLXpUFhLCgBpyf3UWGfgUXQbmidndYngHokuF7kb2tzdf//QAGQMwz/jp3Z3ZaDc+N5RKGspbmUko5rwWlxC/lANparQfnXSNWCKFxltsQQRBINVNSyhGhE/yJ5SI6oWN7RfnzbGQuDAAPDlAWcIH/dwSfFz/6AmdPYMZrjbzGYtBFB8pPfgbl6Ufm4StpwIbkdlTEivv0+rsy8cVtSZJqZmLYGTYxhUqcLr0O23r0cKeSSRAIqUml9IdiqdEEmZ+M+W+Wf/GaAVVdgUqw0AIpeb+cC7K8BxvTHUpSjzNcQIeofW8UjHt8i61U2e0EkIaLiWMJZ3ST2ooRo+3TB1E8yb1lc39d+CILEzd/Nd/+sdMN5j+YsTX7Cu1HoZdY5FoSn9xyOzpBbIijl6wJMCSg0643ek9wUTNQVvNTHTuHVeBCsdQJZtEXf0dH29RGvBgjJwOzvW8eJ69+UmFazslRrYC5tbYJ0BUZwYxliIdPTFZ82SFDYXo6XL9wbitRp5wSNq/6moyaoL/k+LIGC3jBu5Fs0QWttAhIn6By7UL2BXurwppOxqSaE2y90NVTc9Wm0NfteDyqd4hoB5iDY4uHAdffZz7l/mqOPmAFt4kuvLVdJp3KYnM45gXaqN6FwIBb7qjwfCvbvUvRKO5wrqCqKnztmneUlPOVwjlKeTS+5RlewILrMhiLdrZrQa67OLh/sGjUXDHMUr+vvXsjEKGUZrYfX3lka0AUZOr1pSXUnafP6rkbOIFkzOPaOMLUr5+/Z3emaU9+azcQ3CKkhONxTYjPWlf7tbSwffezqfLFKfKpEoKZbVJq5UsKEryYnF9oVPEmcDIxHKSnlagFdo0XFZRGFM/w8Np4SMjSZ0pJc9XTlw+iihgoahJC9WO3UaaK7PJ/GK3am76c4KfdaoPMQI24ruEZPANHoMTsFQIO0bAA7m+Im0NCMfBFLrmR6BlIbMYuPuJgLhGZ1Y0j8jbGp0W0te8iTRtbz9f//Gv/xrOGorVjiYxmHBB3UjRQLl+g0lhcM3nGtVexYTkg8CscaZ3yRszLU2XijsCiWpAUHucLvYdlBPvkId3ZHZGAhZ7f/ntDzYnSATDkilbnG2vJN0liC3L2tZaZ5J+y3IQbA8WI2GTrFcOpDbynPvGPsgHDfM+wgmdDt6N7bc33aT1yb6rbsYiSVOJrfyy8FePOez5HecDsM1aDEJ3Bh6KaJ2ZMTcHjqiQcdsLVoY367r9fMuWYDdXbnxCFtxgt6R4QMkrIWXxbG7GBLqGtmcUiP3Jem8+9u7y7t8349hAGtjuFbNtw3tdnp+Jb03NoLS85UOIiMFF+bTp9g1cGT4kaIzg5ax4d1Y6vi6QEmgX8PmFg0ao6XdaLsVZTEutyqBoo457NLMBoXZjKuaTCSrpq9jSeqOdbqHNUkpvsoS58AGe7fY7U6xWcT5c/eW+wxicdZ1VDcFsXj1XFTGxjvKkepPKVV8tIHYcwLgqws8n11KtcXBOZqnB7LfWOa7reQX/AHZ4IIgLbQ+saoey7ziIZjXy4igaqauhnLIDOEJzuYArrk4Yo2PuOeAuAANOeiGBGude4QrF/h+HDWJPu/REh21v3RtBq0mhZWCFfcMVZBlpKGcnA+CftZcsn06VsC/GrMOZJZ3mp2o9S8TEeRyyOnDYRdHxRI8I6ogxHPrmvyRfxGB46G8yjQEuwqnjmIydS0ALLyptZIF9/PppSBt5BbbmFcxfnNWerAGgmCAKV0owkwJ6unc+BU72hOoMEEiUdGE3N6uehecUPD0fis+CMCYA9VdHFvZ4yoSzBdtrQJEZC061yOcmzbrdfLb/cc/uUnWGW28oWJVol8xxsbXK3IhxUl1gBy9oEExzkZNG6jr8mrXJiz2Cv/mOAsTi4ZBZOoiq1OY8vAdUSupDtCtNVsAmNo2JcjQHCx091aZbncIjNvlHHdr5kHWS1jwh+6vDGOCJPOBzlAwjttKKEB/0lRSnu0CO/lfZtYD4Fib4LCmdQpcHoQpQaZDAWcbphiEV4Q4dyfvY4KiqMF5zsmGtsyTOqTlgXUwgdfjO0jfCAcOcz8iGbW1X3Vcogugq1RFHNcdLTHZYMtUwYjJIpRkWLHKZBFWLYnLKxQUN1oj4whTwejAUaTaAF2wZIvlonAICMn8LUxGFgtU+TnjYLkaokuEevvBJrzHdJyK0WI0UmBQqnKQiROVK1YEtkdu33mwce3BHpFcjc0fTGkTVw0SaFe8WEJ2dTogvyNUg0zt2s6e7T6LfE2pe7j7f9kD8t7cH9xPcXOt92ZVrUT/kLN/DRp16v9vz2+tHy0027z+//P71K4pI/bCJNDc4R69AcPPpxV22b68gN/QqqY3PxJW3vXPPgk4uZ3kVXWyrKjjkQ72it6eTUEh7tOM30ZtQnJhLCDxb235sI6W2VCVhtCYwDBuQEa9hLGyIJC+uWTxqmq6uJWWmqfde5UGeF8Frm6EHDXEMMq3mBC6Evyv1zlUL3UKLi67hxrwZFte8PCHUk62y2uSkSwqn6qQwUTDWgQ5l8KfUIILPnY+5OTuLYnV02r37cnNnAJ29qVACXPEwbjYBhbMYxMQP18lqs5V9Uk3eCWV9VcS6Uhxg4NUZKAdV6YqvPx8m5E34paUgbcJhBKTfEVIoQHqqsq9Apb3gO1O0THRlkCBMsZmSP/OIFr/Yu4nlBgbd94b35tJkX58+2UPT/IJQ2ODBfOEN2xZDD+5ktqjDrQ3N3XHFKE23GDhDjulWmeuIoyUsZ/FamzY8XVmXxUQhczyy1ALA2w+PoTEs8bYU0sgLiF+TlwgAyY15pklwBbTeCoF7QE/svXztli/Qyt1ssbhGVc+ZYmEmzEiqm1HMyOQBIyu5scxW39BWhN2HQn3ck89mgErKiND54eTqysZetot+D5aiMbxlK1XS3CjLQxzZi3OfzRTSSjDwAK2jY+Q0ZwIjlMdeUvXFFNJ4QnIZbCq0BdRj9Yhykpw8MxVVarNmwOALHTMtF9mnY79a6aE3yzaqaCz6dhnrPcEYNizFC5gcdj0D20zREbJ4CGPwhQEXOPHWiJymPpEqorV3kaa7TyTvAMGH5CpPRkHT3NF8QqHShBB0xQ2ECiZxsRaB73NgTUDNv29RQtPArV7iWL26gyDFkys5NlI0GWWBRdGqQqgwekdUzRBs46m3qjRm8O6ThioDzJJfPonuFJLHx+HEixLNfFlSHLdwiimtg2Ea/EkeQ+cxLWGcAUxswS6Ma78ZRkliMYEzqaY5ytBHO41EhJG2gbD5DZQJREXQ6QPOBETTCEGaZ90XxsdZ0KEngwimto8edA9QuaUnEkiSiqpZNhHFlGWG8ALT1vZpRiQ3aRGyECiHsbAAb6l/RAReCTDvG5vpTux5Pg/uQJHoUVey9zGBkFxSuhBuu2QdxAlmAk3dOWrskNnN5ovWsYA/Eh5dSN+YszGZ90Ew7HxZb9BDARrcbRofhe4U5fb6HSHEhsz1HQzeJB8KPRKhId9FSCBkSKgyg/gfO+h3pucC6Tnsly76Qh857CghV5oGEqRwY1BuUa/Nh04KFuqm4/7iZLXXImEGu4vVGcxVS9YXo6cZ9Nc8Qx2EPKtGfa3hjiuh49ShcTbRYc1Kg1ytAggRMN76mt9GUZ7iMz4yrIlgtpq/asGmAhGQC9JYdlJbXtekVEjCXLaQTbgyUC6FKIRHmNAMkCproJzuaz4ZsNNQrc4F6twh25Ez5c7Q1NsOqe/5qcvJqsLoHCFjMFBRk+IKt7EQOX2xQmWHwP65PlVk7BGxK8njxLgLVRUnyJEfzj6+k8giUaaMeRL80/2b5+F5ix2XhI4rkUyRlxHyio/eY/FVI4hpy62ZTNP0oVmNdWbW0Efu9vBOXLEnvuiZ9X8yT61g5kIWnc0RYg1tdZalPe48vdfKJIcQppohBsKUu0WAbxjLpJcYqH/NiZJc5qVntTwn3GRO798bMDcsc4EmFJlQmbOq7NYXlZP2EdGwi20SyjN8yofUbnakdcwJduITszYHM7EvrBODlaUNilAl6CGeolCFOoGMxkBi2Opl25P5bAzWrlafNaHGNWrbqpNCgPTZmAM1HcXJv+pQhFI/hmruQkjBP9Cm1yoHtdanZRHz1D2FjiP+6v0f/+av/+1f/kWR6ALjtMt/jwWGY4JGxw5nknVsuWsf8v1ZBRlJIBzgBOoYKKqCo5pzx86iZz87OZdOcR1oPjgfcASMZ/F8/kVsJqEeXngkXHYoLSNr0wPhlFi15aCQ2T3FrRjLq5hQzz5kh7thWQ3ZkvnTso1i7qzmmGUTbGVstom4NeTqg2eGY3O6iEMH5tKPzxSV9/ya5sVfvDqvJ12zImTPdt55Lo1batrh6M7EqWwRng9l22ZuEGDyo+UtnRZZu8JxFlgYc9ukoOxlzbo2OVyPG2yFZ/ko8VA/27O11+pUNm6I9fJ0//VrnoEE/prg+ouqZg17Cgb4x49kh2xUier1eWeVkHLKqRI+ImEhTP/rgZFYxPNRuNFRvTVbVV/NVOmzVIBGWxi7GOTkltewUoRC9vF9z1VtUTE0B3CWsVAZmsSRmTiiImeRoisrYepKxxX6NzpDvQibvTHHaEHoaBpZamkZsj5ZqUOn+ZLz4eu/zyEUrs4XLNlOtXa9eOVHqh2BwwB0/Kqc0VYLYegIR4UOo9OVOFI8Eh0eOU/WnQ1iIj6kdqpV5AWvFRptM/JgALb/8TW33MFgXlCvwmHC60Zv3RXVoz1Lm5pLK2oVAZyKzNykICm9dmEbTsqzfibFdWfAR2P0a8MlBPyRIeB2hhnAo3AjUWQHsAgTG4u1Z5k4QDzTDYiNsdlGA3lQYzLziML82if7SYjML/tDLQe/SKXYkPpQxP0dircMmxnDxX0q6R1ahlFdVc2QbYnuJripYJ1UdkVQ8YcvFVNXEfm4QBzGlD818aJV5oXL9q5M3y4V+vMENDmYTyTb6Kv2fsEtzSjM1nDQICwXdILqcQ2T9tAQXwKpdyAG5PUzeQzcbMxVhT4CXvdZAhEf+Uu/9IKNcKUzMAJGzumjE2SEuOdMdRoeoh5tZeG6SQKt4ydZEtVrrtlqrkXI8T4ict0ZB3pLvlKYghhOoPhSNeeJXh+HiXTmXO3yjBzCl3ooPhhUSBN5Qpw0BE8blbQCnqEkl1NeYdRoRIBJZl2pDiL1gUkzyzVcuxRMH5r4jZyQOw43lOD0jyJ3jWrnahHXiKAVoqEbUxfhN3yeIg4M5C+HabA9zxl1yGgoz9+SygJo/M3foiIVBrvHqylPKIs7sIEdhcTdvALCsl9HbU4AyJCP5/ITnUemY8BklLN2UzFNpOJ1MgM2hieqwJJYKlO1OuH1kxvvYn1Bc+TvesmensuMi9Vkq2OvP9yY2fqytoxOoHn0xtrHh2/fPW0YnOTb1ocfr7HEpDKqH+0RlMjxy/cdG4IwNIt+GT+6TbqYvn57vfvlS7nnPt6e3EudiIbjvHiUYGvWBKunJ6bPnz+7mRr8vNvszrZzmeDJFYmK4Xi+XfjevNHlzeO0CYps3J372lsoVGnShRh1iRMrVssO3vUuQWkHEmbUiUg2OKFI7Hh1jCclRafGZOkCQNqCmc7WYOGk43xVaoiK1kDbRZ+okBSx1d3AacvK9ZtNU8wv6raJg0kMY/ZBb74yS8PEdRTqOGUU4KNh1lDHrl6kDb4Qo45Dr71uogDUKhBe1sd6kMxGdBzkvZK55WG8WMcrmEfWAmgOtTQUijBqMwdMJFWKeSVxV5AlPeQRdeSjuRmtn8KLmVWuyaiNtSSyXrakRQVQCKTgNry9LPnH23OgJVLdImwukZn0ydI77/4SdHLkOrmE3UMxRHWUmBpnG0XeUiJXvt//6R6gErs5oKc3GCMXf2qZEwAAIABJREFUOeA0PWmU4dU+j6bxem2j1LC7yOOKGD3gaQHNo2slnc1LWsnrlmGvP+EvqYqx1SOV+TWRiJIXd6XMSDfLgWwTE5RiNkD7JPfyzS0F0WwK/Oo9l3ns/cim5+WHb5LLdgADl3IzbBSa1ZB/+pGxGfl8NL2uy3SZ2KnMMSXoprbf9+25SZu9i77wzfItUFVnkwVOOfCYS2F7uzL3II/hzGGKk2nJwkIrkl3h6Vwdw3S7XnJmesYOnuIxToPfeIk6s+MUm9aZJ/sguMwwzFlXXUsaUFlflu3O8NTJlnnEVm0AySCbeFMnG1+rLCb5BGalompoM9A8rOaqiNOg5Q7E6FrTcReSoqDPXH70AgeEWhHoS1v4iuCwRkcIL6WS5q5VWc/M0y8PeYkRqQJXjTfXx/PGlQWZkaSPa65IX11k8gEXaegZafPPuDxD8AgO1cRZxTXhGqhVVUFEYBMg9z/ZoG0c8WiXg5VmIT4juTG0MAhRM0sGbvvwGFpCmg4KNSjY8ZUuAIX1O/rI1mrRAkUGITlkDi5G9pBPsbEgm1MJhJ55sRacl2jSVLBFohqxOheZl1lNjuZiLZL0CVojmC0Vi4LG0kBvUoHPieZZuweOlsRIkzijgP+qM6qarubdM13kClHHENpAb0QkKucr3GQEhi85SoZgr0LBVpPJ58cP+XV4qotsZqVlyiexSomxFiVqUux5fO/UWJoXh5Jo1cTDBKohp2jWQMe+ERmrFWiA01F0OxyBk0lARQdSYktdE9l6lADR9sEs0A60PHOgJXMNT6NftWYQx1WGUhA6LEZPfoUSKCUQnWQtUGT7vAQUO51NHhqSdvtcfehLyg4sxagLL5FO40tAL5o++I4j4aEGsRW2kIX4QKiiq3XRyW9WG+hoTTCQNALOQTSpwgWSfz5NfzPbTDJIhAO4+jCRgaLD1NRE6BGgIuZK+GZ/UFFjgBPizCM6dzGasLsAEcvViTT/69OyYV/wAwil4gPfP+TNoyrUROWA1bgmpKDZfjna2Q6lsH4lxn1yishX57ToO6Ya6AxMNMOSPXCQavoU6Kp2lMx/nFe9yAdQBhvE1Bs9U1BIhykTVuZqMC6QaCSMnQZIpvHEZt9dy6J0aVhn7b12rT1S/TCVZ+9TbjX2Wl/LZLDr33TsRuBXb7+dBtKMJWmrw/XGkwsTY3S4MknSvEt7X6Y1aVO9qzTlrklszwROV5mHKIYLh8yKfY5oQtLL0lEPC+QDYpyAZvyK9T1CriXyjWxpIYNxXIwp6jkFUCADxLt3ccH2KLqJpcagdeTVTNIdjI7mF5yGN5vcQ0MRVY2asoFmlTQKHQRq5ywkWow7Ouks6y8Hoq1lGilDCcBFSSfYa7St343ywlO6YAkECCFwnVRHMBBk6yi7Aram5SupCNK6iAhB4FqCAkiO1lE+mgFM5TQpm/l3f/vXdzd2DmwIEgTE1DTynBYGHfYTxj6FpKwuhJkTDlx2ugoOa9GxC+o4CFQ+W2GErcaFQJSHjYiDNdrAi8I1ZbREZQb547W3htgWuHDlZg5Lxj5Pr0DbZCg0k571WdGftnvdXXepl3wZBGdFZIqCKDaiEsN7B519gVRP15IwpGlYxNoU3fY2tEvb5IoZ9dR1iNvIhBFxDIMooRwwexhA4ykKPFLRAagMg/nJHqWGENHLCS3lcyJtomjmWzYHaX129pcYiYNxncnCm88efsFsinsu3H6+S5dp0ZJZlgojPNxRz2R89fTQmhCLVqp/BjPWtNXr97Y0Ezf1UiWdmUiK2FxjykR08kGGz77IVp+b3JLc8rGuN+7NDUEtDeqtHPhVyScVc4Fy2kqIU9N++L5ezlkv1P7kdiKH47SeKbHDol5fR/NZijpdyfTVzeSmwiwQLNeVT2Dz7dBVKyRB6xfYenSfdTuK10y90AOskla+OlYb1qoGCs9qRHMZoYI+TisY9KHeePds26hae+NUS6XVrGoNjx8J/wsphACyco7kMEyxphVROkDwuoyhThUoCWyQD81aKqb6/EuqkxPWtwxkFceBg0wKFqNrIx7mqVWThG3UEetoNfnr08QVqXBaI1pUGR3ENKilG2gwZehDk3hJLdCl0/hEnqJ8Kw0FIYLbA9cIP5IvIps8QTvODlB9Yx0Nm8R8IxtBUsxec6BDrxroIKeS+imTEXDpvJtg6LkrZYS6GGDU6gFNosll8quKjDGw8ErBc0riPUI/ZGIl4lWajlNbyiPifRTW3Y6EiVd95ykJFO2Q5FBRhO7inKguTIVBSeQg+jMI5N0z+ORmtDukGUY+S/ebm6RU0h9WsTHtIwBAvgvLmiQ+v4dQNDtOL8laWRZQv5gE1XMQjHN+OSLnZhm7rl1uNoiphNsn2VRj5kdfb3anuaig5AnDPJs+yuFVUxnSYAR/H0c1iCxFqjirW5PdNS7J1t04VWWIfZ/aUV4rnLgQrPouIA6DhwT+epSybjWGUO1XZA6aIBYSIEN/+AqMT6So6mjkdawC0mIhbkSCiCm6EpCBjxmWkv314ArHov/1pyMvyc1m6UnD+DyfQ7FvbZUN/M+OPSqjZKUOQAhiz/GKjwAoTQas+cibv2aKroWNq0SBOifnbYIJ+sFUkjGkVmECbp6dEVFcpyMI4lqPjr6SLgGNKoCasEpwLjFW2UjPyvreQ23KxpT2cOyP7+6ark9geS4LiXkPVH96uO8xMcm5DElPzcM9nQ4LnlNnUKSQ0zbCM8OnjS1cexBxjH37/vD6RP/fP3qgv3dZZJwi3R6muJnYErsiD170ePVwvOWje0WzVYX2RJQafXj/+cvdtuS7B/XKgRGBnhI8Gyl5LSakFJwORrNB4J2NH/yZwRuoCTSEwtw5b3oqlkVMvsD7N0FS+VFXMqEgFcixn4KpeW5ZEKPMnheMCbFThZFdpEtoc3G19+sLSM29ikO7FA1415hlI/XsAEnCKHSl9eE68DP9ZTzmpyqu+7d6qGk2gWrYAKMyuBuithqbKGYx2UO4s8fsh+ptAxXE5zWu5SrHmg9HkV/khsyBFqcDk6LnJ6AnG3HV13EWNDlAswshCqBLQm6tjygUBHJcByBPRUmQ9DpRoWeYi4vtypA6c5froVMQNR1RSlQq2AM7xdwmsPUJNsu63aTuwH0tJ42mLoh6VDXBvnrsZoSS4jcZpFummIcfclThs5ugp1iwWrGR+Hv69Nv3z3d3io0obCjM7NF3fSVxM55hLdwE/Y1YmKzXQj4+qoOoF0/qVhXPWENPYyHV3OByp8u1HkawJFFq26JeKfKS2sRUnOCSXh3OGN68Achzo1rHQ7vyb8/lf5prmObNqTfh0dPsTRUXTxL2qnY5LCBWqE+tG80e9vpEmPQRALhj1GzSGRuXqTMPomAzHAFkOfXR5/oGai+ZJqQuSQIwdgzqmA/pwk9rs//OZod5DpaPnrPNa5eSS/aQoBIC1DNSJGWT/ZT4ZL4zn3hYqspFZkSFRWDznsBoj+UQO6wPH3AyLUCOetWUZgQ18aN6WKDLbqV6vh0lASkD2HHrYlYY0CLmOQQgqwaA6gFF41kiqG4AsANWvtZRVA2JC7ljFIQ6PGGJiiQUjmFz7nPcSIGDOKhadKMRtM0Yu1h88Ik1XztWKcl4C/mTR7y/fGnGCaKs3ayfjddcpofa4S/NG+doh0afjVHRTIxT0DZkJPL339vmMVZSSZ5qsXhQDm4YggZQdw0CkXVlewkqR/CCK62g0EEQQ/3vME5Tsa8v0Mo1fUAfVhbZfMyBH7VzN3ySdhJfIIx0JT3fKiV67SX7TMAkYqevB1o1rm764JKKUU+ybbDEfiEZPP2UyQ7k64J4OoBJ05Sw9TVkCDsCAzdnTnI1HUevU1JvVSeWYc8adIKaZhou4j+fQhAlNptYpyv+utRO4x4UldRU51jq1oF6ZOmymBFJGmf0AdQsYtSnaFCFr6Zm33lT4nqEddR897/853/QOG0IshMQLrXwKVotiGRGGRL7yaqArYM08yMVMFnUHkT3L+t3x0MIHaB72UkNwZ2VOyjWZiSB27+Dy3cyCkP/M9oqU2lGW+/h6/jxaRYk10zJ9N01ehjZqkIXEV2iCCdxWM1ssUswG3M6ykJV5JNdW0xoEBBSlxRGqXoKIm1E9r/zrnQ0uiDbIGk0JKSwUPHISGTQz7UjK+LgMtrWuKA7qpQuoMyYqzGecoAaFDFHLVib14YDqeBkDGMFxvwnbIpCEvxElBdEUnJkl9hizbGG/IlxV2uibcAywiEdqAJR0oi8rkQb4tAE989QqBd690HeJaMqP/GmChGljYhez9AjrDltVQLVkwhRwyKb0+8JMpYn7H+2f8v2r8ZGKluxUlkmOTrcWOAlPc1/S81oSn3SwLsedxsRuwHZo7j55OlohQEDmNxP+HG/S1llXVJ7XYgjIbg1oV3Hgl3lDX/jLZVnANkA6jGOzg0aNz7mb+0Xnie62HNSmtrXliwUdB9Cj0UMGaYhJa7gJe3E6AuC7GMiHi4lE2kaLHBkEFOWdo25wVZjOkTdYF/gndKUltn4H2spsG4Zo+kPtHIEVbIBNnHBVc0DJsqqne1sIA4MRGilikNoZgZFXpRVzwpC+8vd3d/9uz8yByd957q8LLs6Fh+zXYRhdlS5shCq1BV/2dFp3WWXcJ+IShKSBZSrfK5ukiCwagTC1aHr8LT1jR+Fw5nGjXNv735zw0Q2s7tGOKwZbbkdNRUTq40IeZIbVpq3k/FkKW1N92DOnsfO/g1XhL0G8awQ4dJuBwWPuhx5HdovKRSkiGg5tRRQ7yBWNvo7eyfKTvUs5XYA6+qWvpWEJbsa+iEHj8Vpoy0zI9T0aL+5XRNFh9lJo4Ce8Wnb/JEzBexSsyPaZXsUTa0ezAS35k/obP8J72MnyMgfCWyifDWL+PiwdmbT90TbKKwrJbyUt1yWUyBVW+LiMpSXNGaijtavcy1abQhBbjDDCEvml33MVigsh0Tv4aWECImcKXVkFlPwMWfXogOoAsWXO+sLrUAqmshG2urHh58ZyMxnEduRMoijIFIcoKnzavfrzw8iJ7WVx+7+FM3Cq5JjqFaTaqau1Rp0p4JJpWsXClenwHBdLiDA5bgLgcCNiD4Tz+ArHVhF4vyUG6RqDObBPCyBr2F+EBz/iwb0EoQE7hOfwUwPCqvmK+oMJnbExkaLy8OkawLgdCKe23z98e6zG9Lu3JTPDqFvJtv6iaeBGqY6NbksFh9OJIiZDS0z/vYtTFXRE5GHzuiFa7TFQmnQQUfJXcq1knCElhJn9iAYe+kOeVJDxG64aFTPOEvUSkfbEpe7tINuQSBhgNFbZMdZ1ii3ZAHLaxcaVRj7AoLBW2GhBG8m9uH9jeVhc6eAJpP2nHTbItrHT14l85vdNs2HZAw3GhMkttErgaaSPKhY3mCMdUd9x4V9ny5bFiMHpaJSmWiUIFJhTABd3RDMlZsR1I4nWogCM+/R1Z1+S1+95AEOLZEYg/kj4N1kUz5kOQCJSM1JGxnOTTNgMtS8Cb+8M4Op45kBxXfgitgYx0o0XNxWkNqsrNSw+CYxpBzTh0arx/4OwBqkVUyVQvQTKqfYT3fnWgbUBVeyFOKL4dVMFh3MvjVBU1s0cg6NMyTyDWLAwnN6vkAl7gMWZCeulSQtmodRbiSObwqjFepkKoSUvQzMpDSm66MCGEXqQVGH46PJKFEe1xFFvGoiN2nGTrXPQRJ0VsVoJ3c0xUufqMPaJF/si6PCwYynOvgyox6ZOsbkNlkGvCpRrDkxg340ODzhLyT4V7tRgu5G/UlwBAe9bcXjJS7iZnWrBHqi9uGASpnhxBNkCGtEhIf98qrrlx8fnp7bAo81oYJ7fXt9YmrIeH70QDh3N8v2cjxMsHvM2qBgpRYqKw0sCRK9ovVKD/BvK+HHDxa86MqoBnns7Pq9yr3BthXqzZRJeBk1eZl3efj66DEl5XMlfxI/E9vdbrle8M2AV3YZw40CTcN3f1mPuenelGubzNzHaoUtF8H4KER58zJ4ZY3bNuJeVvyLTYQf4mnWnFNaTFRkVS/OHfCtjW1dsKTpglLiVhjpm3adqLqgYWCXbWTN/SUK7pAiuuxHoxIIQ2PgwlWsZP/quuDbf/+KGqHSMA/WXynUqxQ9gNmClpOqGz0Q8qReL5vhqZPFtCGIuXmbe+DDt32KuQ+HG829l8ObuKw6UUrbbrLMCAkbcnkzI7m4jP8Jcyx0MRb7IMQumSomjLA73ggo2wUsEMdGHcTdCSxTEm4LUigH5fwgNk0Jp41YjyDxEdfw68PMb7MM+wXvmvbtdkvi11wxt76+NX2wVG0bt0vFPnqEhzmPLD1V1i/Wz6T85l3rV1DpTmdT1YwJQ7HlsUe90e5tm7R670jB/9vbFw9s2suRuSr56nWQD7h2r+/sPeJH6PTSFK8EAv3750892oalucXdbfjXN++uXnuYW9x+N9zvBT8obIMPVboD5un1zpN6YjBR8os3ezNCJtG8c2C+j7j6nbwTEU/slqa8xvOmIKNd9DglIKeUr0y6XGq6e8W4MGOatWRmwKnaFOwUhoV2cn1ospZh5tTpplmTzNOC8nowfgp3Ya2A7Gcxma4xJvBkchqZJmyk6CCrCpk1Ph2dv+UT0Z9R0Ev+mMbTO3w0niOHeRCXyKoITHtqoRh3xz41QfzsIUQRCvsskFUeIGicBTbbCVH2pCBHywfPqfJCQGj6yWuiIptEGkHiuPPFkFOuzuy6QXtsVLEKfhnXOu4YJB2WABEqIHA5sWRpgxkhreSQJjNIgpNV61sRPXiZcGCLzxMXdM4noUWFnaz+KqrqfwwVNwzFBXBjKuvMgji9eXG4REPAZRgMoLgbhqagjeBJBM3NnNIUxkUhhsaPWPsWkQVzlgA4KmqaF9tEaHtS9uA07YOXGbHDDBI1gZCjNdfvTCieN5D/FEG4M8vGQ43bEa/aCdY40aAEhni35kPQwG8oLVzYrtcjnBLH93e3DfNSzQ9EWivwLgakeoYoPJkft0AnNzsOQsQMlUUc5TKG1ptmGKxbxIFIpNEGQioTKDAoO+OQ2aLpCa483WEzQ2c7mQqCgVLXU3hFNGL07Go460C9fWI8SXOX28QsK2pDl7CWdbAHeNlVxG0kNuFSmFxgQTozVtNrBIQ3DpSwiM0HoVYkkIAG0a57W7OjLKP8m3YSY4pyoGHj3FGsGxcmLNi371CvbqHZjBGrS5MgBDqgM/d0kgluvg7FLoJSIT6aCgu+Qmj99peowUgmp6jaQdvVjgB39bica/mnkmrlaaMgWsJ6moLoRwG/OZSdjlRRUNrXqy2Zpjxt5g9d8xsv4qM7BDCfsY8AxVComvNgyAmLUahxdKpGpNlH9YNSszVH7BFBDCYbn3O9Ovp7JwEM+I4giJMi8rAzSReiKzR4auZ65M2jUOVybdJWmhMOlMwmJpf5ZPBRVh8f0VULdfWXCaHshOxRCDLGEt+BhG9F6ic6BNaYab7n3G1mfnoiBZ3xeaocixdaAPRmZH5e90A2BL5JGvHFA3Fslmfy4LhH5etjqaJnTH94rc9AM1F9tAdr1DO3XtmzV+LaM+2lesRiEvvx/kGeZ7JQ/DFgqXPr/X62JJqqRIxlvPdeMUtY6ksR5IokhBxX2l6d0OpheFBNu4PFXc8v39zVIG5dt9GKY+r/i7/FnzbpCyqpZkmCxhgLAN5b+S0dryvM1DMpWtVmysV9ozTVq52au4GhGrTHlz62sxjbLmf4LZBtPFOql802aFZSFpvQXNXNg0BBuj2NUndBs14TKCgErJTMVNyrIXlrzzc4bwXRsOYjoYMqM0TvMQ0RIPcgMHUIk+hQqUQ35Z4sd6jUgi2fxCg2qz+DI0emhTZnwUNnF5wmv7CSQHqSqcYnGOvQquSTzMIpfirpJ061dIgQJKtRxV0aeTNS0H/Gj+rx68mDBlGCHg8R7G1y2TQrzrbbvXMbLL2cd4nsmdVtttPHIFtVXBF4NaiqfNG8eC90bk32g5es9ER3imacdNgTOXsTHONgfgRoArIVnCZR9OLNrLx/fTSdl8joh6JbE/vQ7cYfPpWzMj61McuwrRqTzQYVMaqXoR5tZZCf7th/ZmBLFYV+/sUTPvXAsQ8CxOYsyba3X9iOsTQX5d099vzM6lFj4xXrNx0inNtAYSemAxae3s4aHNWsibIGC6yslbrmcvSg9dkLMvGSvb3XGfDseJ426RduDwMHJjVXnrY60DKta58aMZDG2boaWXV6YRPVyoSyBJ/Z0rTa7ivNVGAG6gYEYG0LvsFcz1WfSuvZUM0B5P61yAC0D2AaLhLS1WrlyBdCA6NdNbJGZPrHDRVsRkHjSCsODpTL+nfYY3/U4qQKykBo4Jr5gtg9Z6idba5gQKHJ2GY2kcDRtYeYgJtSIvz2ua5VTgRW3eoBWH2sQdfqVDQudMBbGhS/SRaMZM7owC3xUm0EJ3sORBQxDHurJcEHgMV6WMmjx7m/vv9kveWjN5WyfRt56ccYhCZBawrRMJuUtmCzoVaSYUL8DP2+0Z6FJsYENLlCl+riZsztBIXo6kZD91O9e226mmQE0LLKDXTAzeiuyDFTUD0Go8P/InlW5tezlr5t/itGc8g90QYorwf00PgXLPJOZJIJ1BCVFBZ+F5TyRD0IcqkWPEpUQJPuCjuT8gmqSIBVQIBLjFjylBxbnGveHmcGY3nB/qtFxSK6p/Tb+ZSgEbkcOZ0lJILvk3iykr7zDEEGCtz1O/8x16C/sIfYzknyiCz67XLqveyV6qR99nUiWRgYVLrOi9jLVN43i9GyADmSsG6yNIGIsgOUU1tGAATNEQ0czv33PTpRTYAk1rxMN4/WzTeZuHWTLXlsXLM20UySR1mF4U5Rld5jOxI7QlcKS5IZDEHlfg77XmFVoyIZoS+qzhUJU9KrLOcfBgRPemhGpjCXHwQ5Pwlcou3ktIvKQg+HyZmrllKrlPyPjk6HJIy1VLs6aNESxvQTFheiy3cNwQiRFsEb/jnnzmO3ZuvxQukkiuog+1SUFnDNMVYBDM9mK8QBmIipQM+kqlpMObHWLmBrTVqVqJqwFi46Di0YYzQ9SBcKgvDR66RDsAe1akdgA5w36GQQEKETYLjjNvoXnlD249vXpzePMOQz8ht7Vtz5idSH+0fNPI/GJpZm7bxVz8oX6XWbSG9Y4Zk6VJsVbu3Q8rqUYjt0vIVxtonETga2ZqJKfPFUf5GhXbk9U0ZnVsdseqY+21tupT7CdhnMRnMtX8kI3Z5SLhtlFgpHN/PF45k1obPWJ5rgeX198gxhuK/MFNp0s1nKlFX1Fhulr0JJyRZ9cwKyw8uS0TTAfFW0sRj9JRQ6a17a8xGigZMSRbKDOxOdtSXWfHXf1NoBH+vq1EnGCxA1odFle0l+KstKDWIdF5WaeKj/GPzMoXrD56pjwAWubVKOHaQdexKCSRU2slNzWq5z5QFDk1UMIx8IetMiWIF0t8rSS/E/N1VWTMUy5HPbAp/mjJicWtGvGjqz1awxqnhf2ScVQOh310DJm4+46kxyG40OgcOy0MZ2G+HNMOvjg6du3Srbj5AStTyijoZXYdC0rudxuWLrnnAmVuBl2JoUFO2HFXf4onpZlMoskB3Kf4x/2G2ejqSeI1AIgoLZyO2eXl/OxMSbPa8m1bwKsvvf0/qn20/CJT6RCBBKrm/cR9yTFwHGmK2H5KNONzKT6K1pOQ9mqtvKXqdcwnI/VqohzNIzhs3yP9oGjUnlFMx8eFozlt3pgjPVrvgO4+FwDFljJJuifwdhoQwJkkXjhcuIsdgq5StOgOtf09sQqeu1LVlFZKVxpk78OibTITWZK+lNyYYlSLXm6T1XnC+Q0hlFJb2E4hxtHTqK+EUYa4rQab6Annk3LzVriSQt5pAdaegqIAL16MmoxnAs1VBrCLIbLKPGxaxilwv+DrsOce3nB10bomgbs6NTGBS/ZJdVb1Ae/bWHwl9kMoc5M4IQhxIHkZgAg5ofQRNYRQ37cZ2D5FazXpcDdwDCJE0BgW6ZqP59nn44RUIS2EBiFJQTRca4DVMYIYi+w76DbOYAV9FR5k4v0TgR+N7ceyQkhDAGh4W+f358EI2/30lx2liDZne+dxeWPRKNQltjVtXwuHUH0c8MffNeCYcwchEzZY2IsKx11IKdGeWWOC2lYymV4UKUtTk8oWUb12xA3Im9RrgJs7VRCzLiMCbKgXSIQeDqszfcaczZCkv9kFDLFQB6clRuHqbuxJ6wJgpMeeOKhV1tLSx4LkHKagLImEpo17X2vgS9AXAIcjdziw/Bds9eLNdZmAwkDFxt4ZhP1ovSdjDZNrIRUQm6MySRMLLEEOGhuUa+sNmijLZkB8xodDEN2SKvNyWNphKOO8RjHvS9QZochTgU4VC8G+4kAwOwIRptsCd20QVgVUt+HVn5KgpZA7j65//0DzMOrCIy5ylgZJaaBi+yfCM/a2pnt+04PmWJYJhC3GSvbkDlrKxGtXR21F8z4ugMyLQfGwpHXYjTea3PpVqthQ7vYi05YSaOtIBgMBg1TM5L2AYmOB1k8S40SdP/TC6DE8IwWf14WSn9cssKTllCANHUwAF1mJq7x0GEhBecPNz5+Kmo31RY8BkHw9xhlEy/yXJoMjjFAOw0kdXzZHr9UIWrzCv2VYsUgItd6qtxDi7EhKJqKTj01RnoHQwjC3BRX+XyCOpf1Kyfr+XEhlQYghFt8lPHzs4nPkAGG9zQUECi8ru84d2Hx1czdrpbM8s982U1W5VjSqbun16e9MVgkhiIxWIZVO9BDunj8+OnveJdYT7X4mpC5tQerFB/nwbrC7W9ajOI4/aCSD1v7z6DXN68ORoA619ztsZMHFBMdNsje8VAUmUWoHE2vpI861DRQBgxtkwFV42ielDiMmlKwLXmOaVA1Eir6yuku4khRZVCkLO6CLLCOFEKJziZVo+tLdNuAAAgAElEQVTGiS41Vy3FJQIA1zDdCWhKckGFahHlIWDkJb8aLLJoXqJZ4FBUAE47tY2xo1hIKIt1ISznwb6AXEhGHU0ApqHKWNu0QrFpxJFJo/4qqnUMUR2oyWqBxluYf/v8+bAAr4r63NAOeGRWpnkgCseHlApYwPx89gSoVpmTT/yGME7WfGASgtNUd2AeILjsgtrMsabghWSl1dwvxX26+eyxgnYQUt+f/vQ78/BhrARYVq1jM9W1yhbRaK/pYsWtDrkJWs/XGONkOTe37szp5kHGJQs0D+GqTqnQY+FSF7HHbTRZiMerMr86FB9v9wq4oN7zOLrPaf0MygXW1Nfc5HMJFsuUXnY5Whx4Hjlm2K8rnh6hOS51NsQENV5YbOLPfjzphsu8//z5jnTqGW357YUuMsluki2hJ5of7oj0DkwaZunfjcCIr4RZQtwW3mV1rQzUZa7TKqWG1/YiJDkS/HMBPZZsgPCJCwUsOjPP+oCNoDS11KuDKZkSj6xPYs16UzpWNdE8a/GXVAuCbFWneDJFF6XIn3798jmbqVK8zCqrPxvBG13UPhn1P+PaaZaCoOzQx79ByWBVWpeM+BN4NVIpLlwapk5VzBJ3FAHR04nvQGKsqSynap1tVwcesBW5mu+0OAjsjHcA5hgBUNbQJRjhDvy4A1pL1ysNvoMC2a5XZUR0ukb6Y0UwnhRVWW4fqgGYvI4OXNKW4ao8aKMsKcWXX4ammeaSCpH8053tnx6I+FGSxKAWQctLBBjTh8OAvwwgZzladtK0Jp271DgRLnQWm3FQKFLWN0s2zCsmhpNLlgI6jYaKmSpGNCgI80o7H/IDF4lMRJwjDGRmF6u8h0kxbJSIkhFaoq/26S7Aiff0Mo8ay8SpBBVFdJ2Izii51geNEQAVo7deJjTdamKm3rjMZLnzPojUyNUN/yosJrMG1cvQ4gDTnbaFuH8JzQx3xlr70G0YIADk6FF0NneqHknw+6t/XH1kYVY9gYbXJ3XefXQQ+OHSEK4mpJlnMEGttx2psFIrDuKdASvtemZGfoqSfWLlz6VZMYORItS4K2SdULeFZkEkMCody43YSScJZZr7j8RgQ5SlVSUppPaaOqhDipVqq5rFqDGQfWvev7DkNiiRcx8qwVT5mEJ1CJdoksjwpdKpq/hPoZlmlTM13YlKlLEWjCDgKC6Y5oF+YiuyNQrQem6wm5ulNo1PZ6Ui2uIRoYFPpH1OUV1MqFTvSzGBVJIdjOcqJqvQQIv6tNBMvwtJQ+AEkuWphyb44GDrecUaBn6CX+gZimE/vECXpR2s6hG4Ap+OBxJEY7VwlPQFCf5NYlVyPDMTca3x2aFnGQODaYQGAAQ275tq+fb68PnuVw/dNf9R15ICbfz/hKlvL16Ock/UJtWKbr3T9rt3TiBo02znVSXvrC+bRWNpxQXomzOM7Iu4cpWkZ3QClMBmtk+S53Q2v7XU+iY9HKrYrJrN0DQ+jf4U/dyc/OvtzR1xWgFb+TuLr6jS+1pApJGc/6MMwPhYf2x8AYad+1YfWjgTDEi0yT6j5OYjTTW1fIC4hm596ieRpSR9psasrsLs7RLD6+PXZ3PvcrBZna8A+U4j+C7Hx3LidkGLn0Z2rIWBHPcBv4A7/HghNZJUNx0kykk9HN2yIOwkUpfO+GHhCS7hk8cf3xwhkV110gsNOtKG4Ozm7iiGBi5sAuSnpBJ7zRO4CHc8wRyn+dvp11QcoOw6qrvO5vJ2qLPXfD1RF9UjNOhdVjsnSliX4nR6AmBSGkkR449Uq+0dPlKzl7f3j1aXe1hSnk4NRv96KRElFWw4MU4JitrtMSrwp/e2K4jpSLjzNmVTehaNpFDZJ/C4t6tJVdw1tMC4SWgDaBsHd6dzFtAsSxlY3acpBUKyp+vQahf8o6zOwwg/fvzy+fNUHbdffrkDzEIz+sltnCc8YzIdF5VAPmF+4FncydCIeb99f8K0y3Wvqexj8wFtsuAtwqVAVofz/OrdJ9POhN2NLnosWsCQ/VhmTL9tEU2SR2LN09a10CHR698I4eP33f5V3xW1g2r9sWEh98MzdHWZnLGpVvf9HOtRkbzHTjqEDxlJQqF/hJQ9RTsFUo0aVBP1KmOwcYtzJym3BNcJW/ONFPWE2QvALMkh3VYQ1NCECIFTHgGFKToGvnx6daI/T8roIkEtdDqRvamz5YLAFR5RemiJZFggzFRRCbuzasx3QWR29a2Z5nTZJNOoml83ANBRNrs/uDPgkJQr+EGTg4idfGIIKhwnjC7kM6GOCV7SrJAL7eGrGJiYWf8eozsGjTygQPlVss83BGdXuYj6GmpqgOSBTV8E2xsvX/YE+cmDKwH/osZ3AbAp6kTeGNdYY64T+6Ao7Mav6+b8GqGQiTQl9cKC9Ig4yZopwaqw0SiiclU1MGpnAkfkjXFBZV2f3n80+GdxGDatpnCysQO4jbgLIz3dVvAq/KdbIEFcrAWkDg7QPVKD8IHq3kOZYS+DbTqQLbe63cjq+dszLTpHk9Ffj+dYc0y4z8sKwkYkU0hxkFBhWy6TphW0pIWTKImOzMDTdSxPY44+8+lWwKYXiF3O25p09M0qyME15MatI+eJrlw86BOY0V4zlsUDOgHPnMslvsVpRp9ifZZSFLzgxmAboQWL6+vLpCw5/vM//fvVTv0a9XcO00JF68ZSr1OYmjZkJs0gWkvxpvgtsZ92tdUEU9NAipyr1HUNeIaXcaPRkbpIrchfJcnLWe38jwt4SdT1I/bMKAz+kqWgUO3QzsgOnKAy7mhJeH5VKkF2CLDaPh3WzmHD/Rlf6py0gzMsvgIDe81DHdgELCSl/qoNSqj8uFAnly4DP0oduKicrvxsLOJqZ7HraH+uDdLiCc0q7PFgzBmaErK5/WCCXkcOdaKJgnzndOfZncJsJsB59swysY8qqOGN17qKmoMPWLQURdTPIqsdkS76H5kOQ3OIXJGwVJXx/f759cf9g8en1aO4D8A4U9Jme0dmaBdgj/bIOdvlvqdp6Lp0WmZfMl3wpWVuVH56ZgejHce9tsHTqZBk4eDl6cndECMvE2OEjOO2N+CxincP978H/52n3hjEhsszawBE+TjkLV4sJkYkzwSquyMfK6SShute2YwwAx/QTFJq41l0g6cSYVjTdycpM9pyBk9yN8BuuyFiMA2nzcQM+BkYuslgBsZ5WqbMeWCZhCOSuDmqXJYNTPrZAcGq1tSRKHPCNxLZWuphEGk2JamXhrMal0DjTQg63oPf0k0IN+ZOmVFSJIcLL9pVd20jeGakSoKFJ3vJcjoZPsGwCCNFOD3upRoW6O3DL58//y9//3c2boOErswkIiM5Aot+0bpiIAc8I7qQDl8MFYxrHGeOhnlUx2WlmlZelKvGMf5a6XJXJADUHL5MGFDsOA5xtZKg1MQDBgX83+/v+YuJRDsTFjhmwKt2pgyZnHa3dz3WKAJdqot3YE/tTUMR0rC7g+nGuH14e6+J7G+raUxdFyDDZkjFljP9xrtbemuyArjd1fTBC5E7qR9trpJIjxjoha6gsz6TtVJJduu/Ba+6QTPoZMEFSM/2DN8y04i03tgGWdp+1+SK96EB8fLqYFv5g8U9N/eyJ/h86OF2VoSSpCCTiVhHfn746pWUvQCGw5SIJccSSjJGbXerKECPyX57zrqVdTZmmJg2EBgn3Fy1bNf6I5FNawsrWcJ0kkmdD7jlkVNFhXis7xyeHFx/HF6kuKpY8vrFJG6WxjyWbO4IG5q1erZLIzNkQxda5eFeySHVt7KYzF5kiMhe62WHf74aiHPh0jzTSiCd5i4BzpQHa3jgy+IRvA5PxXBTec5S9doGtC4vzvwQRPOOKuE/UvwcgQxVuOocZvDlBLumEpllP/Lu2qIj+IGnmUBEKse/UOsk0i4CiITwKUu6O4C63CzGtK/TCo5IIN/3amajfeMfJLNMpuhiBtNo2W7EUipDi2SKQL/4ygzKT0ey8UMLRyW4oo1hR1XzYL/xRp791Ajw9vkseKE4BQHC/ButJ7YJQLm2SSPTL60qu0YbN8+pPRxqizK4Gprihl49XWvPvErADN6iVON2Zojafl06v8Z8GbTIyqebWafEiGacDX7IKuGkWpVwkEnEjkkE0mXbw3O5krzJ39zUuIQleAjQVGc3zEd6R031IH763RhIcxkBQjPZ2IzZrCd7UTI4aa7hhKIIWSHb6CcbUTaJFdiMr8ho2gJNn+U+mLCBY/Q/uGOdyLPJHINV7BPE5Q0Jsv2V+nfi0J+aR/FD5bQSVQ0Jo+NkH4hKpwnL1T4DmkIc+KpCUhzc/VfYDwiVaTuLd5oK9HDFKBWyGjAy3wljGsrlojMBaa3DLHUfqI1UjPWCDHQiS7VORm1spSZQGUXXI9pX1sAAIlWzYpAiJAmBmjQ6DMJxppGu3tGj62ytmfHUrvKfPygu2APHsFCJ2ijG7Qw7goGFIxFptzGo84ljtrjwgvDqBSmfm5EhNussZ8tuoFRrnJFxaOgsMEk4nhqcJL/I6wuldWaJGWoHuWo9vJLymAMuRmljwtnVrrefZLPiugEjBmkWZA/3Xy8uZ9bw29uffv+dKGRld188JWHrYjX8YK245F1f+PCAyGiuv+x9D6ZS+LD75r55Z8pS/LZIN+Ls7mZLceQkTiGpJ7T70IfeEWs5W4yY8zMlYl5mW5p2Vynnw3BO7777yKh33M3UUx8Z5BmG9lJNZItN2V+f555fU0xTURzkzDPWcGWdL7ufjeBaVLKPGh02ssh/X4TsDMK8koZgIlBcYaKkTuKpjTwzCKrjpyBvbsNOIJLK5IAquxUT022IM09KTsH5bHExLdJxo1OXow28mFkGmUXsb6HehNyiYSOPDMdwUwPqyIIyLPqcsYAHu0uohG7mLjaBP2eRzlJFS/DARM2hrmoIj4JscOIrLGWTUdsHcRUEahY7jibRc00FIoEZV1VzWBDUyvGlHniEs8SqYgyWGwV1fwfRrqgGlObF72ZHRkUjNLoyMeB9P5Z37VjHzdXbQ/u+3XcfH1478PGGSePXGIChSrxg4R2mR6WbthXWFTS3RnSy7wRnZpHGZU4mCPU9bQccYc247ZWSrdNWqO4WQEyRlhJ5t557CY2KMpI9R4Pt2TXYE7lFW1uREYkt99AcEbMKNh4/OiDlPZv2kYtRL9Nt0+Sra7vL5PbalgzGRLmmSDK5kj8G+epGe/KI8orbEMnewIdvRpCNTPCj1sRqz5xvNxlZmT1vuRlTvamZTAzMnEkaODDfYN4wZYeZa4vv3e3XsgcPnpOmwVlBntdsLtylqqJOF2bWQ5ybwMtCY5WJZlsZ5QzCV55UBtScUFIsVNF1GfUqH7NYGwDBzhpPVUeMQP3zASAPKo1QnS7CWOXL9cAVpxMiU6+7xkaXIyKS8NLpyNv/pJooMvfjif6RIdA5uariRGEj7ghrvA1dvjm4sBaPC/mjPA2GbAKoHTBiMXHPvNEHtlOsqUrsatSxdKNMbh2efcIPit+5Yt0sRLEIaHojxCCTj/Hzcy8Z/yLO70Hu/iGrSM1gPG1+aQDVAdaWiVZc3c7c1kBUJZyRJ5QmCiJJW8hbGBFsCjTgSaqsKOWvG60hq5uvEmq6WILYszObNovreqt4FN01RrNeAzn5SLeJECBiNe7pSNUMMPSJrDjsBuZeioJrIyIHgMS3YQaSLTS9vPV0qjqFJiBMpOuBTAFk1+gmADRn2B4DrDDAnKm17mglxoSycTlKDgqAW6wAagqKPt2Z24e0OHaVCaZefYS/HsqoJm4O4W+mjrjb+EvWcR1HxRz3IBO60WlymcBAcIAXFMJUoGG75ETL5F06X3aY0foIos89lCZvoIn//B//ISn6MPE+OjfoDDYu5xmNGsKKBTl3db7KAcz86FiNpK1V40srWj3kJiwnFaVp1wrjfU5J31X5eXrqgjF8U1I1zkFGvOrAlasNIt52EF1Q5Qa0Obg0UwYniop26dh1rKofjSM0cyeL7RtQRAund6w2KxixAMBQ5+AfG5pDZ8waRNrGycOM6Avw4/RhrNpcqf9Vz0giw4XDOIrhccGPBCnA8ZJQcBNitpVjdyEQIfFbp7S6XTgN9BdYOzRoh50hDTRw2XD1MOFwfX00DL/7HLGp/UgeGpQeFg8TUaQktyhI1QoTuXOERxemRq/lp+v7lx9fHx4NG5ghb7Qep7npi6GzRvbM33QtbLFuzKubyrFyUfONSHh98sqvi81LDaWZCGM1IgvfM3fomGjYr0kR725OACYSTBa+/3F//1XvaZdh+VF6POIi2+72ncl3291GNiZI8uHdrnWCS1HGx1xILK3nc6ydlG+n3KoH+VbryqROSyc+VL9qqiRezCqZUOR3Kas4NDWXAGdRK5w1quqaoFVcpYGa+RscoIp6eO2DVkZxlKak3m6A6abgqA23UxLj6QMUdCacNiMGcgOVgjtC83kolzRX399BDHR2NIHQcCkUABm3K6tY3bQvVI2ecfPuL//iL/7+3/0NpOBqDh+AE8MAiw5FjjQ1K42VXSgDBaEYnfWWtLlw7JKxKSBPcqvMkd+Bzp7zEGwpI65CJjaqOTCRNv/uaqavdpQ79RQzW/A8xeX+3sMyb8wfgmP6y2qICjYm6m8kgGf9l62y4bL5uae4Z2XNPBz8R2hiu4wNbkMU2Q7JE+WG/o2OSG7zaoVdkdSybwMTNrRJuDv3UNd/lC21kyEWNMriMjrIrGu397xbRuBHWFtvP3y4/XILEWbZNHkkCGy7TFl2QmyBPk1OEYw2AaVxxDBAGwebyHOkRh+mZdKuxwJLQK/crk9WMs7nJ15sAzF26mJBy6pm1ApxdMTOi2dPWx6Flc3ka4UZFbQr4qEsOrOc8E7LrIEdEKPKqNJ0ppkQRtYUGWONW1jQWhXFsh6k5IVXd3e3n29uwQQ989rVrDngnVQRi0sYVpAJxW9YUBVYH1T0nThp1oWK1awOQw5Qrc81EBOF83lD1j1QvjUMvu9az+ZjVv2cYhfBGC5NQlvpOAqNOs4DFqTAT0hKBrAKVWnSo6Mjqf7jw4UDuSs+Wizwk0XScfttEWFNan2Ahyuq1jskYcoc3FQDYpePrGKJsPR5EZOpf2fbtzfEf2v2WkQaG2hoeNZsHxNoBdayT0EppvoBnV/w04uUzpVJipQihu0cxUVAD/9LRgp9F4hnug4KgSSsf8xyzix+RWGbWF2SqioSqznTRXfEi486W76XKfrEdB4tOYvJix2q4VpxTAWot0VJRyeX6EGM/Goz2SXqPsEJOw8HLjL7bqd7EyfH3JYwH2NLX3GbI093TlKguC31jHOLD3YLF34DCNYGIYkufQfSsFx07FH6KWfaifxk6Et9W11UTNT0JTxm7DWHEBv8X2E1Sx+LqHlZKw9ErlNuJ4wQBJkhp7FjRoIs9bMAo4ozRbDnbmTq5fhm1wSXNlv109RhYQyI01tEy8QU5uAmNQd9Z+t5HvoSpapIG+kMQBV/1cSyWikewad3qmdShP4LnJAMbkIO5QWWg+EloSpokjAKwYmYlkfTUOVQnRFEVVsOxjfxsW0RjZjgjsgwqJJA/Mvydo6kgRft4CDfipFRLJxKIINCDAMUI3OR0VmF6sZURPpGrYZHRsDpWkoY4yzi6tQbRTeqUODC+OdniJ5hjoguKRuPcXth1j92AJLqBYX0zctNYIO80Fw+FHOq7A8LCEqQ+XC4HMPNuhbZjpAH3nkyjqD65h5TSG/64Bud5jFHDPTIQCNOD5rpNZ2lXKhwn7JLOl8i0gHzanLrsWSDx+YfDf7Kw0ySuCfaHqm36SP3CzfEusy393fXt3XbT90irVq7yKZzljlniD69s1PpZKTCgJHW/kz4n7u/aa+ezMCniaS6u3g3jYQZXOiV2zGzqIx+cz6tiIPfPrEJSfVCXmGbC8KCMPMn037cxRQtJOC6eSo0pD5hifFTGopcVAtn2ar/wQnUNq74TzxIyJi6ABAVo7QLpZiu6S9rcWyiOhnXDDZLSyzurGxuq7QbjjKMeTfrAt1HcAPieMaxgSw+WgoibA1HDjrbQ5UixpnXsbavdHtMYeqDjNwXdVGRfFa3IxoBqj6ysMFcJjGnYcpr4Kw94ged0Y5NLWvtuzkWv+ZYIyhZ9SnryfqqwPPyycmo6d56O+64QXh9ZdqQ7xthi4gmulybGHuZCgBCpG0IQBvwcBWDHAx395M7kT0Ow2Rb08jtbafNuy+3UqkSR8CaV1NWavjDGL6pMl2XcGLeLiB5SUm7uEDRDIMNC1EYaaZQpDIDd39/r7tlonTUx0OjzALWUza0Y35ekaUVEmSlcMnEAECqVlI6DXCBliYsNRC1C4CvN7d3Z/G2gNhNxu6SMdXx/uX78yxe4CPQ5H8kpkKNyQXBWvoX0eyHsIqItioiCbubKWROpRRUm17SfCVpoAHgjJ4cOEy8FRhV4orShxRmLrR+F+C05tPEhetps4psrK9mBjNpDZdSFpqiKlAZUOYhFiFulKytw/D4dlprltVkUuCzg4k53+mT79UatyfOMkX9HlFktWHhBypFJtrU5DPlWq5dUI7mJHFx5FXcJN05qp93OXDJGvUHcdZ8joO9FGZXVKzyccJQUsIEURfdZx02c18mS+pLTsDoUh7kH9BnkLVAMyY1i8/kJvQllE6aTPLBj4MOD4pBSGO14V0Rb4LbBN3Tw8vLrzc3hjo9lu/qip0yn6xLh2oGYBbQ8/+wd11maE00bU6HOgCksY/iLoERrcBc34uW7IGqJ9i0MZR46/k3xk09XGlinPlHc89akgkigy6accwLldjYYCG7ycnF+ebsyWqLHoe6MVxKBN4sPkMyomt+m88xcADxe/PRAE8MYMA9f1flHsrWht7sIUeAmoOjQJ2g6sBmuJmZbfEmWKu7QP3+6qb1BLRmgbM5/J5cXgWiSDN52WYO6EEEaO9KT1r1fFdNyab5ywSTCaJHE9Ups1ixJR3IIBUYGUA1dbH1gPWeo1ph3QfWT1eWGaA8drcVIbsTPd6u/vM//gPcMTCDKtZlvyfSOprt5vyk4Bn7ulvvyO2fCKEVMFDBw3imXCjQqzRvOjBBW3cyM4vEGUIWcKy0aplXsggjQqMiYvc7eFFSg4DByyZ2eixKNdcjZ2KJ2XwxLvxvi0N+kzoGpNM6l7xuNqGqRKT4nqImiOow5n606zh6fE70S7tghWhkDz9otUZMlf0kgzy70ktz5jqgh/XcG96enRYNidNIKo2ygOrhIFDBDCWEnY5XtNb5ue5CLPcvmg/6k7pnR8Xhi4ojA3506uUC6RzUE9RGY/Bb8KrScDnqgiZq5v6JFUNjowsRZ5h6/2gq8PXrw+/uX2aXIgMK9Kn39w+UxW/N/HXvg3nEZp/dSZouzMoAZRUYGBnV1qrqfty5bDJfc5JDB3Esm7T5o+EfZyWtRqiRVWesJjmSS15DEHzOlWY3CoGOLC7YNpOLB0L33KN2pAF65i3euQM6s7TD2jjIWnb0t5qQj6Gc606HpQ71YYlan7FniBAPw1vHxU309NKmxA59WklYpI6ozhN1toSj5CpS9q2b7+3sWpjeUz/Ss81sjGkl/STup4DJcoNMERWm6ONsWTegfrLMovIQzT0zUJiWvmfC7JuFi2TLV5tWFA76rO2EB0wVh2NjLdILtVZEh+GPH/7dH//mr/7wG2bzvcBXIdiTeaDqWKPVB62xeujLF+OrNhjN0iPa5Wzf/8jtalfUGOou+9uHcDBejS3cRJiTiNVOjVoWpA8a4tR/uU2+R3wVn90137iCNQmsPbqo7CiqG+00jWd4k9L90Y0bknoJJMabZvDUwzPgsRPb1Dalm3grpWwTReMuiR07MTNXr2Uk3XsEpqmeBtKzBJknRPg8grTzPZpmGLYwyqIksVxbUAImjhevksUUYQYds9ZyXHF3C/rRHJnTFx3zBiShxCXhBVLDJHJVA4sefm6Y//D0ANfd3ec2Y7rvqt0CEc+bTMmbCsris3/B37ozE41s4MxP+Fast+ZHmqxVBKQoNhBXWxFrzUtXXQKalc6eqRIU+uJHxDBzEAG0K7AUEadzwkin0V/MwXrRrxBNaO+/uAnOS6VJKENa2BxugiJXDSneUT6SHWVYlcwcpuahysDr8QBB05DE8wqC5NffMgM0Re6gAptV+1NII5Fe40oHrYIJr+A9aIXdmeLg58Uwxg/R4WINOox3F6K/8OI8e46L2MgX0KQgeLQd0GE+LS8QYmVNInoaWf53LHCwux49sfeTwHUdCodOcF5qqhbaoJkE4WJcCGm66+butrHNx/a5iqmiDaPyhNrdDlKHY53RJQ3r1PJqGV7jDZ9Bjbi8E7yYycD8KKscvKwxCcTN4Jcl0ljgWE8qI8Km/LNGVuqjA+FutkaktaJ95OIRwbb8egh+3qwTyrfinxhKoKpROHKa6IXUiX2EUvog2LwbTr1Vo9vSOHAMx4iy9lqyS0LjRtl/3duyFP9Bboh+uj8HMbjJKVJOsd3B6bFZ9YaO0ay3Qg6ZQFhdJrLUM34zx9MBrVMw4gKQ1wA17XSbDsaXGGax0AaKs+bQxEQECAM4ZhuqSz9MGeRvLghDKpRVJ1TpY/RFc0TsKNnAxkHjNy/z8SXiGKeuMy7kKSOSYIRpMkzEUTSjnBzSvLKUPhzHxGuUzotWcAgxNeF2MOcqaQrMjGrziaGorzu1gn/GdtkO2wCHTCFRn/goje5hdmnCC1Qs9V+lvtNKLEoqysaXpcUGTKRQQR0b8KoyoGYZ1zJyB6YrdYvzqmgOdGX9nco7CYhrQwMIQiPlCEOFgl4QC4E1Oz1eKILnym4voNpJopC3vDEBlRWAXqVoI4H0VDBVqeaRoo4GfA1Lzoo4P00u4NVFXjRo5JzkEDvAeQpWosu5hcVNS2wgMPDag9DDomQ0z15dLAfU07SCK4Lnl9aqbEhIG9281sAUYcEAACAASURBVAiyVKzpChNpy3VUnSe3jcnrYZ9f2/3MtK9ue4w1BSGgZNHLJIQB/lUMojzS6JUtP97f3d70kG0dsN1LfE1IsWxuyLXJJtD10vxCf2gtr1doNG8RhymEKb8kKobt1Wql6a0UiCqJhNAoCwR35y138FwoAUg/mpstXlv+LpPAYNsu3n+zgYxdYcjdb8Fp9NYcdsrIpurs8rKAFheSfXbIaXG6LrK9LCikiUIUIkOUY/pF1waIVE9jRIdhjtydBKTH7LWrCYiO240wFdomPGNADveoO1cdSQUa41imgdQTb2eqISKh9rjMVNa4haMsCqVBQ7Nf4N20AVTi6hzrGUxWXK5T8TnARdcNSQNwmvtXnUpSmrqumsg8zu8cvmw0tv3vt0upKRyYn5gaK+ovMlbhaFauSWEDHSFQq5aF4gjiQNaMmlpQzSU8Ba2AZmKgkYBpZoOH5u2SFhUI2qou7dDn6PSi6H1PKCRyxgbTNnYXDNkMweaww4s//9vFaNoZoU1Xyxh7O4vKxhJ7JtuZcmmWWIQ2STnNsFWR7frh8clKHltEw7qg3ujqUOfx4cZTsnvv3zEdLG4uMgJGoRbdxYyjMNZv1TvSTYx1r0lDCwM39Ovn2WZpfkMUmbL/4GX4WzQUVWwCy2+wIOGrDxZzSHZVM4fp2gEmy5hTVBOfjCwhHz0k8QQenHVRCR9A1sIKYEcrSSF8ux/JPpKmIM205lCZlzbh9aWMQS4edsTXjnum9pwnLkTX4mq1M8QUchwBjM4CdOFWQTQeXWOYoE9J2e0gEG01sKctJ8yBR2MeGZGqFc8jLI8MsdK8b0kXeCtTgcTVWdwGCu2BXSYxvDPXOAjfuqNMd61O3ewBIzWrYVQxxrwqnsZoFF56sNiEuZij6ixk20/GYGk361umnckW9KtZsHLltKntpGHe8fHx3lOzX25v5YlUyWJZNy+UWvARyzbUy8zIh7m+/Hi2JSBFHCH2qrryIbkc8Jl9MQ594YeaEmEVkziX8chZt8xgGqegDH9o2XKBOfUta8Odv0Y1hOJb04rSQZflat2kZSsFkTBvvyd5mn2m1OxnRpDyCpqEqZS7vLsSKD7ptYCnCBujkMVtWk+y2NwrZDwpyrqZp23b9ejCjYKX7+5yEwQkefSGXNLda2ZJExE4SKOhFGBkYOWZ/Z+RtKt+KtfMhkKEzOS2u3KWNHtCJS9Dqc53ms934kVZzzcVfyqHaLEOgp74VlRuZ2QOHuVyn6Yyj+PP71yPwOb+SMClq3/6x3/vsJ9O4U3PmbBzfPnPW8vKe/CHLwf6455IsvqxOYet/viib8eXKDM8SSOQq5slEph/k1sqIdhIULIj/7Uo3UHIaTNox/9VOaR18BN3MMGgwoJwJGfcg3YhbkBdnxyHS/3SwzSQSPICbc7eRBhW/JPHcYBOIMtBugYh+augqZ9Oj3nVl+9ydCKktg40vdQaqTXsQpXOdwx01v8ReFTc8hisB0piOTWigHYzLo2iJqk3YTBcnWAtGXR1raD3WUm9Wlci3tXwAnhJCNCZCypn3Mk0qUVWNHRSAO/0wIfqw4f7Z3RasHizhbnRR07UMrGZC8+qktjlvduHa6cgYk3myR3NbJincR+JPksdaAE3u0jdutF1hEl4szAOdCrdYlyl5sbtnQrL48MDB+PMbmwEB6URxvTf+PPz8WElXOV2d7SI9JSi6+NgGsb5hKkTBRYa5n5Ce7FmH2I8FoUVkjmMkKWMljzWIxF/xho0pG1TMnkieAl7GP0xTr8O87Hkj5VUNr2nmunkJI4Zr8sMeeawJ6egM+uYDvt/VJISCaIr0ypcfeATnUZR+pqFAth9tI0ORU6WFU51kKV1gs0d9PE8YuRt8IasxpeXUWkmoIKa5P8//93fffl8E7/ZbAYSTLASRoI59KIiQhbrJiXHmWgoM8QM7s94KQWAgKGiXChSjnBjp4p+2XZZZeeq1yKfBy5iCgJJFRAymTi2uP/h2vu87x/uZ2BtMXRzOi03US3ZdrLNeoKATOvc2yvEIpQdy4nsuMpAPMbJs5zIXM7lfRI9gDPvln85YISUQPalIFOCnsTjdfiCEsJXH2Fms6MOP2nKRw9kTF8g8vAlJmESWnc3LhKGeiw/8yG3UGe0xfssRKKWw2Vkb/b+PuEEUN0jqRm2zerkiVfCN/pZZZ1bm+ZPWl5eqz5h6soNbB4eH7y0cqtaYY6RyZf1CZgGXCEt622igYDPrk1GBdc0w0HYQ59ZzsJOIx8zE9m/Omg44+5znNPN0KlNq53MiJxkumnd+Y5Sq4PPNzdf5BwQjDZNwBhCZYtuolmA1j7HqTyjCgUI2Z+mg62I6HPKiHbiz1UyQaWDRB0NXcwUVXPSz7wkNEH0CX51Rs6p4DQ9rnlf3KvWxIDlwOUVK8gTAVJwgBBS1WsQYbB0BmvHEbTD1agNUAqxlYLIoH9Vcmm0jrCCY1icxO5Ffry7KrVVVCGTjp8REIFHtg6yH+wwUbcx33z+zGUYOJMtnbLC+9yGih4crT1t9xQzZi9xavJOcyP2LOHYQbHWLPgSDtZPMOnsZLRZJSpdXC+E4kQWT6vT+CkP2FDcMytyw+6M5qoqIpI6YeljOr6ZTj0MyE3sUchEc8J8ZjBB1azwOGmf1gklsi553pGNSdMedBXZP0xeDE1By9+tOQL7/96bfa/uFNgcPJx4l8sumkGuIMg4qtLh2hSM2ZY9giPRi7FkkSrWrUexmk3vkcwBnXqPChNhPYvK01vWIvb1Xe/QqpQj8sILQkkueZZOJGcawfsno0lF5UXNWGSj7rXVzP8R3DBRDWgiT7SdGaogsDxLDXvwF90Lpx4PQVvqziPYbWh5y44mbGS5XpVgZyxDNE+51CKzXdWPuJZjLOJro21mkK04SGGH2tDMPY/BjurhniAjOghqxDRTNubYkJcqwpQU4DlAmV0Cq7w5xB2AnwCzGPWCNyKibVQkmXjGqzrY5QZN1ULXxEZCC2btfAJjivQ8A68O1VWIZubAxBpqhykqEhZQ+A1K5uBSmCYHoT8p7jSK/eXUERvxEYPMYMCuYhNuEdNoyTfaCgzH36vE7tIhVjQ6VjLCgjm0q9oFALOzeqNDjqKlE9BYSEKVyabeaWKc1UircVB5oYmQuEF468IGFpsqahLMG5s82vrT9e1bU4o8vQ0WMLkh1IZFNuYOKPuMCYFTl2Py+YkFMpbdhJnnw32+e+qGOnhfm5Bfx8M0TcG06bCJMbUSSjme21zcv2YWJhvo7fJ242lCMqg2rZJ5LuSYuhDOWt6zBxFtJuTXLSdyfTDlJouGmOwJ3jQmrEzIKS3uS2tSDM1JNRvca0TcU+rUlMWlw8p82lNMWJlT4HXgvlMDCnucHKmi1JTn0p0y1LIw2FTymz5z3N5xqghfGMxWlqvBwuYKUuiYIyzoZRs97ott514puomo2UaOEzlQZgYQ9Rc8mNA96ZTv9hDErlakSg/hV12t4MRZ1uMss59vgqdiYgxnIjryOdamrhmUyvOuIJ5UD6h8ijWVil1azBdGcLLVhLN1GZclLqbmkjHqoIao7p8qCdOHSntuUbtm7aB6581gJvYaZI9PvnP97sPdbUtoD+2CDXj0uxpHTY2ACYY5NXYu8revfHmbh+BYawaZhff49W4KjhuoUQfLOgAQmLcZaNc9Aq0VpWxaKrCHXXOlJiKEi1RfcL/shjQ935Oe3nvD5IPdt/YF8uvvPx5fnj5/vpVYciQd5e1dNgAIpLCXFMrMmChpSwqZq+YPbZ3ksV7QvHd0/TBz722DX1+lhu144RRm3OudjtFkQGnDz6SUEhkZ4F0JT/WypdREZBqmYjpQQ0TSvI/SFNn4baarpRhVOaPgcNMveFVP3JN+X0VFOIK48aegMreqVyshGi410laWw7L0vvg9WsvAMWA717GHDKnaGXmCGV/qBqrdF5lcszPmzi8gj+1xSGjRsGYRuKmsQmKxgNW1BRk47SM+eiNez4Qyws/vCETVZOKyv3mgAv+bvR6Tazv+GzjkwLGJogSIkwPYhYSatYAmbpTK6PHZxqnbJVQxzkUMxSNoBhnELc1l20k3bgr1QYwhUIApeNFRlAolmpCEUPp4//Xl8bdvbhbq3ljO1st7ZGLuY9Uv9OJ7gMilSfGWu2bIxSlmabtaQ53koVsunMFr8tilcGOGaeXA9bxJ2wxbc/ONPbTRZThIuWhr8nWgyuSikqu2d+gMhkVF8dhS0ux/HZflVMo7SqIJ4BNRSoJ4hpQtduDcBV5pOqEhOicKODa3+0jXVgZslyEGP/aOdQ5vVsHeksgw/cjfRSTxYlPioNr827O/m7DP5nhs0oVmegRdZCACtZqKMph00MhclRas2AjOrA5NC65l5RXMBJLhTEQsZyEJsipZGiGv66pTgwP9VJQm28YcsL5C5dM2qq2TtAB79c//+L+BOQKY9aQ2DY3iDMhEQzctt7nAoNo6olTd2gr5oQ2P/oh9tAZnnpa9RtYxAUV5nSpcD8QcJpfwtwZqZYy+Xa1QwyDGK+AxmGI7BkUl58FT09lId561uwROzWrEX+sVHWoRLT6nevFHZVKLwwloQAlrlqp2v9GSlageZblKyOMt8AnAv9CWge0SxIeu2jtO+9Fy+V7DjjVaWRAVsquMIF4u0kd8/QyKy7OqQ5vD2lfokkQMkgt4DhsEJ6lqj3L4EwYrcDUIq6f1Jg869Smsdd1nJKM4guN9unLtNK1UdWJgXGbgGJnho3tDCe2//e7VevZ0PdZfmGzZfSEiFZLNFLZLzGYpEzC6L9neXMxzcNgVYk0ZIsOakndTKCFs6xEeiMivjvSy7dKD+lq41sHESYkd0W2lQLKihnkX+SKy9Lhgos43022y46bK5iyJWv+K26L4ODOfosc2ygw4guoJgF86CE9JVD03hUm8NMS9/oE4QFB5qG3A6DUYuQKBSZr3BG/YE37hJq1E/08dRvY0fEz0yLjeR9XuwmG3uQR82R3CAhUwFWi/SOiEOi6LgCEVhQ5HuCgCCOqQOhl2leFHokXMPEK2kDDLyJw4SKsX6HBVtng9WSSrU0dYziVR8Nuvn//X/+nvzQ9XFRb/UOGwE2cDpuFO5k0oBjcRaV+DXcNw4DO0UbLCaibhNV7NSrQLARmpVBOmnKoSxtxR/XhzXb0MuHqd4kVcv318/mbvIcbJX36mS2OveVGmGs8OhqWFZiNhM4e2BxFg45b2NuWnppjNiOjmScz6FyQYMDFpKKODVBOJ671aubbr4lCRGcd0Tz20UYvjmEcX9Jk5i8UAc0UFzuplm5dzN0nzE4HStVxff/7yGWRsoTVba7fDlTxWc2MMTp1t390BpQPFP7ZZwcnPWJQmQLX8a9IUZ1bfPK2DHbpRZqA+/mh2x2DPnWR8r9GUj/ijG83riTp56uAQmcAhqLC9VZDm1iksbZx8l1zSGrTF50w6IWcj6a7p0HpEGMNTCavqwQVcI6UpygKyi4ZAi5DZDbRfPnufdu/EzOZSeDKurzUeWGOugsg0HwFgB+XYw5i4uP+6kTDhpGQDsPlsZiMdWguAdPNBC3LzDP6zRaQEeXYHwiwaIrkHTFjIVP2e2lE121Vj5PRv8MYjuKANQUeZLllc+MNjl1bu0hFyDjVAITpXGy8QQLYxG4FhUKM2mGTb/5gI19zdKZ6ThtMYKtQalqxK2hjhB3lWXT9bYJGrffcoeNsfbm+uvcWcmLViqFpPo15edXv7y+c7pLBnKGOmGZNNkg1/ynV5mjLYbPKEbmRU7Hj7QEByEXmgYgXt/mtaqhQjXSAmDqw3AgzjvsEEVO8gUVsMzGd1ASj7aStalwkASV0uwRrvWEvSZc+swPXux0pRgd3P4iqR1A/Wjfr4l+WURxqHCd1lRykFBZnXhgTbxduOjZBmhsLO8QgUJhm8QNTBJBDHSKlqislknR0NJonxqXhbVLIWu+ctSvhgtsXiolj1gZAdCjlWfct3dExAtwx/7LwWmTxZzc3JILNHdzwR6T/9p39INNDnf4eKqKSjiO6V8KWHIl0rhk5euwVhNasMhr9RNh5O2QEYRxGZPPw/TB4ko7xiV8nSwVhxEefkq+5+kpaWQSnE1GL2NH0dInKeiLg0cTLBHwni4Bj+IYEuwMC26jO9tJ6VtX9295aHNeePj7hKAn/uwIhIIUTHjNJeptFYuPoH5VyoQOha5ZGetPO6I2LocRXTaEg7iBPxs6qqR08+06mfIvUWJRu2hRKeNON3QrtQWbyas6UPAIEiTd8xGIzKalivD8J4DAXozLarSXKc7TjOKo8N5BZ0XOZpffjjlWzMWptO7vntw3/706MejXnbhlCf8c7ya2895jwbL30SjYDS3bLSHKkn4FiMNuLURZniy2TZrxeoEBS0iWpNTF3r+qz51au6rTin6wnbuNOhPrUWlnMmxokSzk+3+jlE66X0s6zVDErBb7eemNZ5s88RU5LFeOuWtOY+Ew6NmFRPg3Z6tQ6C1Xg2/e6tGOZv9Kk+5Z1Sk1oTJblwN8wiu32KDab3MUFla2PWsVxWRQhS4K4LKCQlQanE0TGtarA3ehIsJoTgziLgggF/mZZ/neSn9aaKK9kMWbQJx614uhg9qDlSpXW5M05J2kUiQlwZiu6IEbAKoDiDSyGZqURLCDA6LEJb4GD+7bdf//7v/qhd1hpTpRHqzSML1uDPtFwGJD6TViyofrHTCHd2+dd/MISwSCH4WIz7VcptJr8uDeQZmM13Ii/gSRPw6qWI3D++QmhsbFJsGV3zFk9P96hdhqYmeDrXOpJAmFN0a8U72/w8Scl2w9JJl/ConjFPiVf3FPdkNTtuYmHi0mcQHF4V1o1CnO9pB0HPu+EXZ9zC6pXavYpL8+k5QcbTlDbXwJ4S4qI+OyWaV6gjKXlq45ZIjz25Xltg1W1EwT/O/kVCVBdrbJxXgr8+rElB7tawuGSRYWO4XaRFsMZRNgLHJ2J70o3tVp4BWUIZ/cyGUqTIbINtOQYmKhLWZMeo8KN9rpSxgIkK/ybPVcuTOmNxu+Ar46xqVqSqr51jCTRNXeIpGYyP2n6aZXRTuVft1QGbYdJin4AfcVQ/gR94gxLiGUOGxxFqkS2GqKMin6JO2C2y/HcWJxpW22c1Z9NApI8onqGKnEfLWb1OuqcixNXsGQ5CdKxKOLPVnU5oUToqQKj4/9+u09MiJvDuHxYhZbKjVHBenZE2rgZkR0mDCaUCDnuKIrdgHgPYGsLwn6bFMThZjzr47qzKCec0Km/wCZ1gYghjldVz23tU5821uwBnFiUY7zwGB5D9qvCxPeSG1nvEWJQ3iVfQUVO5kqFMMxuZxK1CDgdi46Uk6bmbBk49aWttlRSjVHRTFwqbwmzEktcjfa7PeMrbsNe5s4SfGWEhpVnYTTgxiHf/fLr1ZCZEztA1ZRK7orRpCN1Tmj+uoZXGJKOLwhpaHF5f3SCkKJoVlVNyoihIlqSKIdemypWUIEpNOZa7OdeV4G5Na5SuO8FDpC4fyArmfkthz+ULwQUazUc17dfcQpiOTQTjv4U7H2ATQMzpAWadThvr0nMbsofY1Y9T5bjvGnrHx/kPKIf35IcCpJuTpIjoN9GqUjFitqpNcggglrMnkrwYsWv9wHHM13HgU/sZN50T5Frd0awrxYVjgylqRhmQ4TCsX+oAWhBwUf9aSB5kaUwtkyaMJwjMTuaHgQYH0ZOHLlNKFaRaaL8OLfJUCaB+coeD2HC5zn7yqXskgcNK5jbdIIlyN/0bsfOtQKcqrPk9BHyTLkxGWK5kYNgZvnHXgsnhh5n/zAw2D9+ZFrmHBOWAQ3ss5ckZXpSTWh2I1o4zx7gLyfAUMApGIXZgjaz2B1ic60pdaG2072hRrY4fJObrP+OzhmbOQnLISVT6f74+iEEWjoejvAxkM2r5Z8/B1+E99SjBUq6m9JxzMnAjhXF7ufjLm9tTDD6g4Ame1wZVOQxLpixPhbv2rIHr5z0ag/1/6o7/j60Tf/MWk0+pxsRk60EW7GScTdIIFl5jxpagYr++Cybix0d+4rHWy1Nt0ofexEkyyMzWp2d2xlpEUWZp85bNyd6ZVmpaTie7Shx5x3MzqPyBOJ1KxFHP26dD0hTW0kcJX7LRMWu3x6Fy9xSjVPRiIa5nc8Bwht51VQt5ZzGNWpUtyMkiKA+hHLMBQZgAzrrYT8GP2RNZpgQQ8Gj2b9PMdSoFJvOf9e5ottwGrkauQD3PmM4vtKm1Z9igILAjY3TnfXbs0ZLR6pFtcNCBpjdlzb4Q5qXVEUjUza9Gcdammk8W0Fnc7CB/yi9QuEr169WtUoLuUqstcClWHnvKypUdwFJxH9cnnVoVCruM1Qlcc45oodlu1Ofmp4ct++su4L003HyAup6S23ywhyZ++N5DNN/d3txObFaIMnWP+hEl3S/V8Dk7bBXKfcXH2oENaQ+1yaNIideoI1jjyzZ0YrLprwi+SUSTgbSMC+S7S7ppECaHesPzsWSNiVwJy1qOb5YQ8Bpg3FyBG5+zY6L6hCR7wjxB5HSYmyknVITpceO3dav2BYAxadFX9+wDyEmZQy+7ddvBEWSW1uoDXzOwISduZOlN5541pqNGSg4sFoJAWz3+Kl3sXjHdW7OViO+JLA5oAQk1dJtXtw3hpmyAnaBGEqlnzyjNxyORp2C7uKoFAWcSOcsSu+wswAgtuGXwx5gyyC5k4S5lDCVwSucI0dYFpZlW7cnQ4U4QUkJDek4Bd5zNVS8wOWbKHtaKD04HthvV6aF6Yl09BJo/y9H8qAlYn0wYCadbay57tBT7CxtiqQLOhqPIGHmJFCvRGD2+WSmQxR3iwi8WIhIrLWRqO0IVLw50xuWTQ7T0abWEnFm1psGp8fkODUHguPMWTPp/yHy8/9PTL1++/Op9knd2Esl7Wtw1/jax1XqPM3PL3SOYmdFjsyQFWwBF9wQB1OIYLh2TT2Yc8yyhX00TqHtkvxlL9WZL+NdNkEEU04QVo8zScGgjK9YR2KbPY8UP1kAkm4zqFBQoSSbWWCV1ZJlpq6gLOS9ju8qNqnS6JabdMeWONcAzDG1ut3hC1oWWAECih2mnCrFuo4KMpSVjY0L8TjUuFVVaJEZgj1YtySKrlF9/51Mu0HdmZBXiNT9JURqW4UGnWzJGrdUyDSQRVLLA0sZtWqTMIoPiVqJQbfjpP9g4MvPSSw+XC2Ndn7iVcS3MgJKVipPhNBRuJMRgzOWNgKTWEkLhUdyTH/ZTQxh9iPG0G6ADx/eYik3FVes/4UFWj1ZBckeYiqopYRMh3MdFCWg6UGfG7QKR8kJM6ZXi1hmoidtxzTJ10FcU4pUNtRPXVKpZEFiS79q3rLn8A89BSK4j5JBDFrwoBLXfd43Ei4wtYzp0X1QXkemGjVW7AD2gjLulKC2OT3YRfnBYwegqhkUkwtNL8SZe0+L2B6SRESApL1QIOojKy11Q9xDSuXrKwj+x4Bd2fakcOhRRn4ZdDR6PBCZm2OsKVMkwpuBqoUPCtnUqKRpv03W6+fGDXE2GZkJF7+Hmz/vH55fHB9PM4Oj2rDSX2OlQcxUPtX+UXt3c/qIv/nrvUpOFZRZb5ss56l1QJbh8aAqjVzM/g5zNeYrbtQ3+b//yL7/n7e9+PNw/5Ng5n5jW3aBAaaPHCPJ3W+zbj0VmelmYPNZUbffD1PHUQ0vh3789FZtIo/6shbmUxjNM1WSkLRDHfmZj1pBFtvukJ3K7pKXoYAqzbrmQ++17DxhOH0DZVzYBRgtkQg+BkhaZ4kYhOacTkP21FPitJLtVS+YQwuJWCzGZUiFD/6M4RfeneXIgrj0AVk39tIYoSaAqTtMQ0UU2Z9/kTFIxNkPBNgn/DdflWEAOm6bHmmgsODAdeCyZHWbEJ8DxO7Kq13ln9kDOPH61JbkRO2NFz/qz+ioAM7ZCWQyGEZ1iUA5HIEhzvRCWaeZ8xFmuA94q1AAW9Pg2AJu+ovGQGEVAJx3Nq5P3xESUquUSyLg2PPnu9eAv1k+bDhyPpd7weBczPT89P/akGop0kyVrKcWvYxOMM32YSH7TFXqajUy+PTw8WOGtm8k5pZzNEVpmIXnfdUgE0TDJ6xhagQHk4f7Vy066fQoF6au7p8u2F+VEW+5D7VA2dfIm9bx9eeeFPDJCt3zxgnhnL3WTNlrZKHn/yOaxwXtMdTMckVqtT55AZ6T3g9899txs79iTcxRZ6vBIwFKymwjONDnbBfCHG5qv1cNo2qCHJkp7wUldlw6RxdcB97GmlgZyii0AEHcaS3WUkE/NYkuKZ3o8IpApK4vuosPO/U+dQQtjNlhVwGhdOTEWFpOkOlAq9K/wmKodOxxcpSjDM2I4Zf3inyFX0gd3tWce68O2PSySg73rM6Zq9BOdISvkhtmBcCn+sC2UQlVeEZ6uVnktojOCCUwl/U6JZDw5Y1aunu6GMzuonN2WKmMoCQLefAECXIzDWK8HmLM7HTdHSQY3AYxatSADiHMJANRdZEiQsaZOsuPNjUCchZfc0pWD4VLpuFBpLgbErtSZomor4wHf2zg0agZ970d9urn9cpLLnKfBgySjUdP7Xse3wFiQx7neE4E9NVAHwq/qKZy6VdjAPcVH8ZzMsWEMD2L4offREdxygGwuiZwhH2Xky30aK+DIBT/1T9Z/isxI1+TSZadSJBTNFuo3NMrOYjBeBz9bFhj1nSKKsM01VKeS6ysPqw9+siEwWuuO7HetdMGBts0gcAicdBzXNCfNbMQIb31PMwzRitT5VFYCWK3NI6gww44PGz70NS13bWIuX/Ms4RcRx+JGXHmUxCe+nxElgrLA+g7YMUAXhSXrbbgvfY/kxoZFxrBgS3bHUJnAZkBmKmxVs0zyx9U//6f/MK7IFW3HhvyPjnJC/f2zGwHccOrQMO+bwBUpZDyrTY5zMwYWwwghyI7OZ35S+24SVQAAIABJREFUySQeA2UckPUTvstZJ0QJZnbkX8JFbJ9VTRanMxngyTdmjg9lAhfqgxOG9BeJlSesov4pwLbuM+7TXSlSvMM7GKdVSWo0wzksgwRLnXOk4BZuFu07JBgDTPmQjeuMhw5G4IWK4Pn4aoywz65Uc6EwV1hPc6R4pBw/F+2MH5hdCHFuOhYm30jKxzIuDQgO47phPR9bGV/y4wV3TdlN0g6QdmpHUmyaJo/s+tPs2kzhldcVuwXYDZq6NQ+i2aqCRScrWlZSrv6v//fx3iOF203osTEBbAqEDN59eHp5xKCKgHtBk0APUT6wO87YGHePYNtZrj/aemiyGgsSD+aGYFKJv3RnOcNMT/1iD0j8+MHml8fnBxc30ajT8iyP3O7urt1YiDDuMpqDWh04MMJDyBaLGB1g+mp9WcxpBa0HInQfa+bw/p277ohA9xzBPTdHuMNEZqMvP1YMvkIfKQL4bVVmE3UGGQcoKJlJpDbIlQOx1G1GkLj1suuYxcEQCWtupnGYJWidQqfSrO5ivrMWcSZVHaM9RkQUbZAHM8soaGabfRkhNC5STTS54Q1oiE6u60jmpoavTDhSQz8jx5xLxI/rYBYsFZT8Cb9/+8e//uO/+ata1qqGIc6QG14zrRw3983lXVG0HKgGVWaByMVsTFaFrJyEa5Bm1JQf4y7sL/sJ+GqrGYQ4JvNSCOUDnqhAWtvwKhRSLUQ9eVWsuvVZH+yC1YrchTXRlgGoeXdzZ8zSHHe02zjbu7m8baUoMMZ1EgJjMEtwQ13H1tFo7E4mcbKsTp1swPvomhhARsYMb3sU7OvPRM92pXLBhagPPEqSRzLW7g7bDEvmQuzW76zZIZJYGCqYWZ1brxJYdnkoZLHFLrTMctg7F8BJi8vdPc0T3XrZLl08OkBnY7RvMks3xlhK9sCO18ev97jFk+EOODSgkGVn4qksIz/iyo7mOAkLBXU/KEz5CTqriPXjkuSeD12GalMi+GHIHtJgdkDQqS9j40QDUdLQZFA6WPn7X7/cfr7rTtLA91k0Y0Ik6eN8gd2hy6r1OVWD2Ym6aMGyqiFKkwymtoOQug6g1FjZrg3VcNaJOPt5NSImgXiI1H2W8wP9kzuYok2NaL+QV7LRkjSOXZGQl8HCP7eqVn8ntmsthqTb3MWFcB43ivD1+oGdh9UwiJon4NzSWSUwsriIKS2upNw0qiewHEd9gmmUtA+1Hzs/sgh0V3rs60dDpdvP/rOFXNzIn/DNWjUzwliBiGbloOp/YMmGFMQDQiIomtjH/jUzIIETwQoRkmKSZrwIbIOTKk0gp0T/sJFANVBfZeWN5eQPpRBlS1YJYAyFigod6RFTXb3k4hnQAcGOkgncaiEm4qJmpCRyRR4SFuExICo2+TJASCSdOhWeIbo2mRe3gxvXhl6DH3nb7xS0uI6eWFdjNgBGIinPa2I+XQtHm0Yhlp4g7GYQudiwgQxIe4KPuhJ3OsbPTyzhZTpJhVjqAvTppEfqKqYVRGIugQUuy0A5EqrQLA8CY6XwClSCRNMYFgAlhaIdYTWq7WEQXc+yKKkEuxbhnCSCkYUSc8m28pBlZ9i8QCdPktaogyOi+pOmTEiXUCMhmLVL60Euvmdl4z01AJyHjGAYE4toUkHtnbXcF1/BCeY4Q5yjKWocBHpUxD/8Y6Kqg9zg0zEaj20mFYJm26V3KMx62/igtqLTKOvpkYHxNs0oj5woaPpzIHccjw6GCoOm84igs8NmojNA09Bn8jVGcB0Lxc1ajubkXY3ATy8dNcCtPDWO/FDVqK9qY2Rk0QIUYVz7UrdjJCyOE3IfXxuJyX+ysBYVe9NQKwmsiGjvTbu9eIJ6TyK8vb1rTenHDw++4iQM0YR867PlVjY2GWPJuiwWeNiBez8tBD8XgaL7hylIKZ3t8WgtC11HqVPMQ+r+9KbGUiZmsN1ShX0SOWWb99XJgXBcutiER9si0EOj3x4anmrjLny69FoMYs6N/b/yHLCPd5/vXp5aq0ZldzoL0nmlL3mTqcTucTbG4m9cZro5i3rmg7YyIYZ665rnIxoxv7VFrMgyi4RCkMImP0/o0w9OS5xmE4VRFHfLIVAJYR4Q6oifYaXp2VdidZjt5U8gqGCOdCYDYgp26dLpOdBBxysZZJsYAR7jKJxlWbgZ3Gwrx3LtYhQTNzkjQxsTSyI0HeVkSSAiicKZYcOJjxl4BMQ49wax3me+kE9F2ASQLY6dztrflsH7EK2mXcSECn61yxJjdKJBocLk459PzZp0HN6SBqX1S3j4V3EljSC1PNdk1yCxE8hyUgRovvof3F813Znjs7GvhRiW3jTbR7mRBbPMzxOaQGOF8Loxk1FLh4ijx2X3OOtmCO5//zp7Js9GQa56wR/PQZjUX87OQCR2ZMxosTs+W5YqZDJjDmmqYFypyciNhNoQwXolcIb+TRwWSe7MZGTVULcbns1yaWlfkZDcNlUpcjeHQDryUTx4sezji2CnXE9DLoTGcxrOnR2rprS7PcW60Va1eIE3gOt+FpSQmp1Qs3GaWYhFcm0zBgSRDH6U+6izJhRLARA7n7M6TOIq04HCmXEm4cw5s0ctXmjKg+EoqpDNEafeGs8IC27ZV3HgqNtxTU5snIsUneoGAp2OL1bVkT+Q/RWAWU5K4IBZcU6UtbaEd3LSbDobjgsWVCCjO7Z6ICaSTkSiUh4gs010ktmuZXaIyLbTanQ2WIRnEFzyvyb9+moyO5j+guJa6EWEJNFpn6aDnKRrNqb26gdVjfyiyqwIzmpWAxWxGL5KD6BzkCbMoCvDHCLUVX80/yvVAa96WAciSGC/Pj29mkJ6enCvCoWC4bllbj4stOnV/Gt8gYpX4zN9CqmaCoQjz9kEQUlCs1UlMSfVQIBRMwG4dULkKp98z78aUCVCImHSG7UymFjTKXW3BiByqdQkdqwjg4ce8X+0AAaqioM7j4bstjxvYFUlOZCKfJPpzHIRhfoxA4WAv8lRkbC4CGROm8Inofff6+9kbeYxyNN0iu28ZCaPdkoCqltomigTszL0p/1Cq7l60bXnUSw+dKuZGYTrtsG8eSu08J3ppNPvZvwwihfPvb9uYc9UCLKz/kwf4yo1I2OB+9ZaGOY9s9LqnFb4MBoT8Qh/T2ZMKHy5h6MWXcpewADt6p//6T8k7awwW0wgMap+ew/Ps443degumE0LzdKythpA71M/SE1ZX+ZF+KiK+crmyV39WURzpiEHpgqXcsDWEiWVOT3ZouOLVylZcfauDqNjelpz8lOfpM/YJZMMb23xpDKjzNMHzPwWwxBoD/lNUEdDATajHjrEOFD8Z5zFKKoJxKm8ALS0/KR9Q1adQYjUC0c1mGTIt4uzQWQNTjRxlFP5SD7rH0v0PSi+jufjaDn4JDw6XAjqGNO6tG/URef620roMwmpaiizdxuNomPPR4OJiqA2maUfa1hoCq2Zwr7di+JU79NEma6xeyb5ZD3P+9+fXv/P//tfHrwv5fGBpbNj921q7hoTagqa3bQjsJlLQt5UTexo24redxMhloGbouj+rz5NJOgm3RZNMBZzTS7qxXgFMiSj8hYWtAVonW6TfOgyeakl4eqHqA1Akyv1Q7uNADmGOklR3PG6onXY6jNsQiGrEkH+RiTUUT6XXKOyAq2yBHbCP9Gj4QnFsIeJsbU5cjs+WqGopw+A6Ej4Yk0ApCipJv8YuLS19UdlbVU8KCEL4cSDLGhnd8cjI2IWpEIa5cPNV2nLypXlel3Bop8KVm3/Q52/mA8u1J7rOCf/mV8WWuBaO4dqOvbjUxhVdPK3vKK0SAj/X/7+b3/79RcX/lVG4+0ivD8XdzBeDkNjA5BGqZEyhtWpVmiw4EBeI9IdjmIqBtNJ/6oWpmGrEVBRPzmM6sP9Qg+rqB4+qP3m6/NzTwpkHtcff//6u4iqmATYlzaqHegMhoJUU7aRUr0YUYsbRY7lRMxSfdWQ3ET1uhaV+cjtJ9uTRJWoRWXT0j6JuOBex1j8zfHr+dH9/fvDwyNs0cPJe1BlAhHBB0Au/umQp7VyXsUjqMHHY0b+v6LuZTmOnDnDMI/iQfJ44XD84fAdeOPw/V+Nl156RhIlihL9vB9a46bUXY0CEnn4MpFAoarJ51Z9uOWUhlgulpLUYzLTLSv/NzffXppcYeCAn844N16H4C5e487KAlflUG+v3/qIze7xpD5faEPzJkuFvvAR/BZmq5pJAmvLEzkRTkuy02d6Y8FUQcEpbXYmtQZoblzTGiyrHrSnrrBAAF1Ayl51N3M/Pz26kVlHyPYKPaU4VFgfOQR1Nu9optH5iKnlLaP+XVTNqXYAOjW0rVLlNfAWO5OUEES9lFPvzq5GLnORUJ0aMqVu4k8XSULwGJp8CrueUB0vqqiP9VL9M36lm7ircYI4mDZ8jGLCT6wxWbNObPCIgyk3QbRKLeqmV58Ka4dslkEXueWT5RbCV/4+3lICqvjRDO8ZRB/yfqejVj1Qf7Cc+8gcXbWQP0W2BTC0s1/9a4yW1D9SdXEijmlU7DWbKtXTQyZOQCzEDFLKQQ7jhh97Wk5kIqqzZgje4y0M1ThRe5JMT+AKpAnc1UAnZ45qxdJEiZMwmC6OIpInIjisvvEEkp0UHxKFHFxy66TOIk1Mr/pZZqaMS09Ew6hZGXK0l7+IIIm10EGOomkLektJN1s4YEIt8XNcrf1Le1rljvs5Qp02+BqXXd2Q3h3/XKspwEikXS8HKTNYLEy1DwE/YYBCDEh615dEiu3RcWwSq8O5bf1icQu+h1BsnQhMyFLVHojtyCDdbdKNr8Y9nUd1/4jEkDlMXaXmkBQih2vEFJ2a3jv0GvvMW+3aKR/TWg64h0zVAq1K0Qgohq/TvHMsfEgoM+cLeCMWrI6r63vVi5sQ25feAqBXHoIKT2glBnPsePjX47CAnn5TEttWocfJOdUl9lPZ+UvHI9K0EwDmPPQQ4g2kdK9p052jAV8XR7QtgmhRpnuUM8aHXUJp3lwiBnQYsx2oysA1zV/bRkiivqvZ+B5vKlNX9fFOM1SnGm6FbnR4xOQdQ6klSWl/q4ZJ0GWkW8t4nocidcsPvSQWcB734X0Be0Z8+Wp141eXnUEEYuw3bEEFbO9e/ZCKUUzs00a21i04N37iTC5Iuj1xxg3FOb1nJBqrujhF4hvD1at1S78h65lKmPcajGVhNNafZPXb5z/L6h4brDHkejeVNK699fBtXMpOjYXGWuNdN7nc3HrIIsGN/b/8WlJ3tLQxjG1zsWzS2Cn/EyEMsXaSQQ5FbHGopXQWoJFQDE+eXULXdN6o7C7UJzf6O0XthyGgsl+XRmZ+5m12l3TvDeGcneAZlAmD97V7XVo1ZEgLiuwXPodHe0SsMEqjPT9lFZxC7iQaKFatulnYa0dqHGQmEYjqT0/6wXHBBmwKTWSeYtfVwpfCFkETJISRrGbwQcNF4C4OBiBnnQMPxgiZZztueKAUpPGnUeI54uIYa0FWS+omWkkRlQRL9VrcbFtj3k6YKGaMI6c1G7cDqygF9OONPXUMyWhSVYRVphJTciSj5y36EIPnrRBgClR0LmQ/fPgnjwls2wy1erTGneuqVrIbBoCd2J7XgDlT7DYF+mVwy9756bvJiYcRNiNPL0temca+edhzs+bd7ctfX1A3TG5E6a4L1WzMYLs2gJvJkMlqNOB75LWtTI89HCRuLyGpfIwkrFIQac2gIRNIeY3ZLGZy7PL1hl4e2g73tzf35uvdjgsyBuke+fmwPK+hDmJ3t3QbGx9u7C5Ib3jeGvXPOw/H5W6vbzJaGpYwMv4eCyWjfaEU5glKIgtP2n0hDVOcaOky18ZV8FuWANfFJhDkBbZ5bBlEYTYKBsXek/syHeY5phOGGPZi/apBUqiAu4jiDbVQeE6JAw0EBSt0ADH1tRZVIK1bEzMKyn/QSd8tH5VEDSmHuCbqxFBwdA54fGkEyXIkiL5apIvYVt99BWYlu1GtnvJUXgDn5QQ4UcV7k43Jqh2NFpnL4w+jyswiLcDmrsUPos3600918shInQbOLkmP4UR0gulb7DxfDs5rzHEQJJHspJptXzeAEJCe0BiiVI96esYrtddLKkBwXte772RMPSkGyeTEK5HBhgCpXSmOEoSAlqXtHnID4Q/4J32dCpruFEyd7zzNdgq+UBhiJevvPAiB5tv9GnjG6rci39yKVTl/bKhvw5wX3BkvwBrbpjNpc0xjH2tYJIghZyu+cY2v6VEl/o/XVB3Dreane/KWMDjTuNkivXxILVFIF+G2oQE7rh5kbaLXV71JAG5/NHzyU8owtv7cvSZirBXEnhKgeyuenfL06Lf2/BpcmsvNOtilEFPf+Bk4kLfnJUEgg5YAtvhWmGaAvrm1yyLx1ZXn/noKd4sontpmzCyfa0A38KEJvXKNVkfyms4aj7ChTn2BVanDtThnJKYEc/wcsvDOrC2l0AGZaSqXAYz0lMzdRuAzHSrk2EEHy1nTvkuaEna67ZSF8D1fWuNIT84aUtlvAhEZ8KjPlZ0TFwq5XtXypmNxKOdQ9/g8FtiMzmgqzB4FOQ3qjWRRh8jU5WsiV0KQeDC8RgdyW3JjIxX8HTlRpjq124KGs8O2xn0lkVfRYSxHNp+YTgJSjoJ1UjfodC5G29agKPjVsIAgN2xhJq5amVRcRaxoLqTiaC7tW9RivYNRn85r18kYx1iBMbnizRn/Fgtzhtrgj1DOzgA1KQsM36TuvJXqEJaC46SepjMry7VXXdW8C+dAhhBXcOCPE3IYIC7Ha6oS71ABc+RXP64CT4RFzM8v++V2v7zk98t1Iz7l5elak62uG0Hbquwkgj1cxjZ/8eLWhWab99+//PlVegRnhk6/yoSpWG7c8rsOkrzrP//3szGS8xnkkKKgRk28pQ3a7CbQ5+cnonmgonVOoP316lbTByhDRy2R3wB/85hKDVt68kOiwPLj7u3p6cOXLy+Ya8Qhpq2KHvdh77+Ms8GjtpygH1f64CdDft483PTUJ3u2XM6jGDGnIbP9wuQloMtz0bGBpl+nbFzvVq8eElYKOAs5nRbPUyH4V77OLNmxQRF/2X3eTf1ObLt4u3+zOOiWqLmyWN4T2UIMEq1WUotvcAIzYLLQFmZC5LkKBrhR6JmuirVrhJ+POC7UVL63Xd0IqHgoKEzdiBbMrqU++2UaFFoMGCTwJuhy0rAXDrXIRbnE4O7buZbXKBNDGqhZPK3PYF0KXWU8dfWng4yWT+IjYPQ8cJ8b83LmoK8FPTMKIrVAjEbOx/JNBQXkfv8p7fgtY+YyCX676vdRzIVMJ1inMcnTOto+2B3EhiULgnb+vbwYA9/ctn/7eGelHNP393sIn5t9QpSerj5+hMBbmSdt0bAszcXoViubMV59/v6NGGYF8iwCk8DkibJb5765sw/dqqO01cBqqf7l6/fnj35oOE8FeM8HwOrz41N7mzZqebaTg5fvbo+KVOPm+7V94jBvtd+DHqn5+ek54Le9vTzs+fmZENzo8emh2g/XZkdmQXl9+2dtBfn+/h1LxXnWRnkDZ8t7LC+jDWkt3tvsa1Cjb0M+ialck+IPddGD5tn9xHkhHf6VNxYvCIbvQhW6WjKe3vgCSSt2FS/L96c7L6xk/ZBZwCsg9a0CHAbMkxMWkfTpOwCuLaQEg/EyV3KMRrm3o6pXoy45dVNYFMuAEr4eWjrVACsq1bJOy/8cBFonMIFOY04Vijb7OVIqSAlDRUD25WglcjFaX43mTVHoUylvUBGoY2CP5vCJ62piduOJkgqbJ3DXViPiMp/KJ+klv/T1rBNoy+vazkpN+UTcpthMhSw/omunIuv/uIxRbA950DfF11IjhX2U+RA12RTNwU14vn/9/OfLP//x4cNz4URPKhtTCn2025VhT2cWtXgTceEBFu5L+cQe+uGi6skRjQ3lBXWRnuoEL0YHLgNBck4sgABSLiSpS9qmCs1SZGbd43y6phJRtKEZI3dWuIqrHPxQPh80uUUKyEyHKadNC+u6REsnQlDbdlNgwwagh3+V1aJ/njsjm8UFTjyIfO7hdF6AS6UL6bI6Ohd/emYCeaZuXpfFFvBJpG9a6ZpXu+cSPXIB/t7t0/zOdQAZdCPQY7djAk4ky2DrFmj5nIScsxt28hJYpfM4JQWl9oAXmteRgRUL1n8SSB/ZK1b7oEZixzychw3and11FEr8UUULQTLrqkKxbLp9ACioU+6D1LFdtdkSC10z9ilcHSrGBN1ukEjt4+Fg70hfLcELPQF9tKMEFNOqPua7KKb2eijzrxFVL8bHr3Qn0JitRuFCRyXRCCvYxRg9te7tG/J5SIh0NhNcJM5RM9uRKuqzLF72GAuabYsYGtqtyZiMqQq9ENSoKBweF7J/+5D+dIPXIiBmq8N2zZQgMA/kfRkCq6Uli48I+qurYuYI5DPTduIfYK0737wwoCFSF9HiYXIyn7PIk69YpI5aU2k5oOIbV8fK3sT/k9/AOCc2R2kEgNfAFW6yfleULmpIYg7486dRqrnEt7Y4BIQa/fj6+YV8/iRXRt7X965YaenGyk+fPv356y9zQutP9hRiyYjpqrTWYpZJzhbe2qYd5KXf/BwDQHTPkLeWK633AToK5EBWHF9SaGplr9abxQ3tNOQK2tU9Y3wnvnAPLcd47q3uoYa848vXr/Vi6ei7OwY6rSvmMZC0YmeNnSpa3eQEiBXxXNEOLMg2UursyuBKU/lLHlMwcl8XmhjIajOwCl2omGGYXjgsiqy/DsohGTAbnUY0GTVDNhLz27wl2ChFoF6wVyjIWzTFSAkOv0K+QBZzSYwgTuSos1EAD6dngBbyC4ohpEEc8JyLC10xaDBkXycVZaAGbC/5d5dYBaYch8I0ii+EQgiDIarNkT8WlIx0kM1ATuUJQV73BAg+K/amUBPkATurhPDO+UfqrRYqrvWZtjnbGa9LqCnN9I0hVXKHipEpvhbOsto5exJTLYH/nnVJJ3DPzxuTvARfSJPTdWHJlMQ6ganCVuBeP0NvI5tM0oNYmlmV6aaFxAu6BxFBaibppKxT+9x4g4cquYmhizI4GG233tMTs2u9lstUigWUAYZw4T4twmI6fS+70ikYDIwaGbPtAObfDQkqxvnWYFg3OqcIYDJfL+AOWo381i0azFvml/7ppryO6hoV1DKuHeBFxiohzqNpExvdZKlwgCiRi97MQVRoxGZdASfd6HdKGkI1iX5Rr6HOeV/84aZcMl32nBukEUCqjCC0+gMkJf4ApbO6U9krjmswQ4/gpSAQ1NVFcIycHhqPa8EzLj+oo38FaJSHMhwoEByIlc/Q0OxnOJoe1bKQflBVZAiwdRWPnZz0+Q63DY8phJ0v6MwgqQm7CRTjiCGxi5UTcVJFuB5LqVYxSfGdklP/WWY8pA6R32qLhxLaeiTi0B92SbTX0V+1vBAbrbEeK5Ca71OCbrL+ae+j5UkxxiNFPbvi9en51fZxQR8wEjYetGkyynLZ02TmwZVoZEhS8NtRcVPenqbWRmlOp+kyHZ8VS5bOUG4jk4e9B4ZAIj2xU1EF1eRyfaTdJs9gLMHiRTBslABTOWgSG07LBaRH2RApny6mohVJYdCIH0rI3iJuw3CRtpDDKx3rxEBl0Jx2Ci96a1UNy5arIKQfaqopNmC9IB1uBOdu5BDbBwlJIfec2Em4oE51cDO4D91O43hXELoW/NO2/ioUT/MOnNCnY/M9Ci2LtSr6/tp43qN/0n4jNwE1Kjvs15IT00nyyAMsNNifTy8GTc+qI6wIgOcCWilojqvBOqMp4lCCRZMuhVHi3pFq2FCJklT2NrlqiXRFug/V6vWvKmRezVN1+XyFnVsF70TvS5hN1+mXEypDKS93phNgFJM1U2fZqmorihzv9TE6hZhLxSjnFjN0jkm2CsI5QimtV6qLgWLZrIbuQqMCncVhDDdgpKSlc0kBXmN8pmT9pj5V9kJurF7oEyY69UKmkZMtVVkFndaC4pLUyaqgz2nsEXDAxkWeuswG3tP17z8FTsy6Z3IXxUyKlBOHoXTQK0GSo/VCX60bkKnlA+vOLYZ7Ne3TnDMCjv6rt5e4yYLE821OmMrwtstuPhPGCGJ4cFMKq0kfXKuyoPHTlQP2+/XL6oY4ArEY8IOdPYApG8ulDD39XN5XaxiiXaVg1zIt6V5ba8Z1mxS9w/eDZZxbB41NdkO6xMY/oRwtyy1aS+MMkBY0rTqqpNWuIfbwjlaJ8iduk9MG3Xct7UEz62qPfw/6Ztoy0GSnRxtx6S94pPaGT35MYDcH+ACnerQ7RALmvhl1IpeWWEL2puAkK3gWJ6eptprNqKuJn8y5JbGsdkFYlMQMV28bsUIAd8z6FY83PRXpFKCDMK+Gyba+seAQMKQoZEljWdlSaKtugTnMVTCdw0WxfsjV3CEKnD9z6FGtsFfP2mRfCf6HVDdeIoeyOp0seKWWvQY1PjqV+FI9si1/dUDFseG9kmYRO/Cu0/zVZ8zEA3tV319uMFgxTIZPCQ4nYbQy9Br07D2WLfSaiLgjeCMaqzQ81NJvT6liObWu7S/gAhag6Zc2sOlCsFioL+Cxjc/6HvZdUXPPr0yRX0v2LB84MKa0yzSfSNrCfVZrqHAl2wBKkGD59nZ//aQM6rlDF4u6sySpGA8jHu5BFASA+uGqZ3yanzSzYKZbV46sRBa5cUctgpherFZ2c5hthKi8X/mhWBoioEGCws1vXOO+9vvRaZJrWCj8aTUUZU5aIugXlqW3A6uA0APuKZS5rQtY2xhg0CFPWZCANHOgH5bcfKNhAYe02eoYEADIyBKgzmU0peA7PzSW+Qe7YKARLrwZm9NVwQ6NgQVVjB1elOhhem3gj7sMnriDD8EPz5wtknWBD8RydiWrrb7OOnepfxgJabOZz0MSGyGKR63dXFJPITlSq1fkiP6qTKS0j8lKl6HjvE6oAAAT4ElEQVSkq+omwyF8mF1RlWNQFedDtY9UsBO5t4PDnyrB/vKlPlWDaVUySYain3G1XH7gRkFp40UeN7aSKG5rWDt2cdgByQ6j6oYcep8VeYUBYez5riKeqpE/4iO9Sl0KjNLDL3/9ZaeNgByJdmjc2yA0HoTQfqqg3TWmmrYPMW3C6aZYlFp5rJVRYGmSFtuNUmbFonFgp9DEGNv5sqtJ46tHQGNCHoN+16C2SQnIKYVokzSDzLsbF4ZdwUEXgVkF7jlsZ6UTUYw7pmv8KRoK3ZFWUoEnkuq6nR4nVNZLDwMylGVphSVPC0xS2SJC6s6wZCJXKRkqiy1ZKT1j3jSvP5VPHqh66m7oF/6LwKGufIMOmsrirfKb924lk583fLkewcdaOqEFpc0akCg+9PQrWMlPkzLACM8qCj4IUFsgqKOQBBXl1l5C0Z0HZYe4wFo7F8AlRS2U+I8NeameXwt0ywZ0WmX19D3MOpO1Fz4CY0KGymFJcVkTPVQUfexeGo4MSs6H2kjOIr4uy3SeOCGSDFlKQ+OF0+pP8cPsbKSW6q08F5ZreaCvZUxq0TJJBEW1ZjaDtVPnt+extww7+TXxqpfgWMP1HnvoVKwgtjEUShRNqEa3JDhnk4rUtUFB9RjHdT1gaUh30rpLbuJEjesjMZGc4ysPVQpW7jw6+eTgE4t1UYVzvuwtEkA7mzoFo+pJ9cRo//Rg9Ws77prEtFPQwpzLXtXBctZSeDjlo7EVO4djICNeZd7ylusrO0/sKASpxyf74i2QmVa4wNqiIOVktaVrKYZkXZi794tkOPAPc9sddRmf5i5NxSiCAlAzwBhdsOMhhlNOzOdffq/FvZbuL8GyztIYW2Bs2XyKlCm6fjtP9sxDuWarown4Y08KFU+Mbr4vC75xRa/tdEVJ60AiQIx/9+ziEo7sLWp9eOSWdpWFY85Bc+pEBpV8J1ClYgmlGOH36VuIOmA4qVIjOi1ccCQC6agKhT5BpaskOPc9iJ7YnbGd2njT3T+z/9yBDqQILcZw18zBvKQOTAseSDkRLjBUgG25kMezN5Fr6ELtfoV0usuT5hfq5ymO8UrZjJLt6CUto5mKmpS+Xz278vrhoSCoXC19ECUJ/naK8TsDaUVhGMi4GgTsqcOX4jL7BjMnEqZ/88mhRpOW53FWXad0U4d89vbXrVhYM/8ns3fmaAA6KVSVRb300pUbnUp63t3VBP0PX7581iFT2iOEhGd1vF59Iz0Vta6HW7003b+z8OCvnRLX721SpMAHhlDFI6O7d6uHj2Otvvvb2kQ+756wxZAu/fs1CRPy3eQUx2z48fkj3znCE8pVGw4SwvW7p7uTRrUW1X96Wo097+S3V6LbIa2auK9lJkiVBM953SUqd3+w8bEfH2MRGadB10O85YoEzxH6jYeXkoN5MeksrNCNU9Tu2lHjaHv/PZ6qhcxevEumWB2iMTBPFDOS2IqIcS5PUNoGj3YSH1sOCLXuRPJa3+5xwRAhGYBIClRMaViku6wWBiSDharU2IaEohzNheUs6Jl/HmIc2i+O01HGn3IW2yEiOg3UmgDm/s5cEcvqjlhG6AeTaLj2VSo3Cv22yTXPuvQZ8dHPGTrQc4GBoAriOEocIzr1HTzPK6nEWDKrmVS6QCBy8edQXNJjfedZMXFhps5HVj6BJQ6xk53XvLMYbyyv67Q7pG99H0ArRMu+b28ai3V9idPpZh6Wz6ZoWiWY9vC78YzaFHiNCJmhJZebkuNL8yQSD6pEOheRvnz+/vLHx6fnzJGJE13XQrrVLZa795CmLijZHQSlOrptxQ4L7Bv3tyxrHkuYtmGkk2yVFOsWHmxmqlmk6wSAoFkNIgjREqD6NZ3+1VMI9NC8qKEN4D1Ww927yQvRzec9wtW39x6vttDXHMmUz6UwZ3UqLPAVEUOjNjj2NPiYK/CirjSLhdR0ZbDrroMLv4DtWm+6m36y065oaRHXJMPqRqsjXYmNHKQMjmyyAuTVvHW/Jwq+zd6RS+8lN6ZTXCOfLqEmXsy8m35mE8On8YUDwyOA9eDYnwZT9xAYRB56BomrIq6i9EyrmuK2HydzLS57G1eLXFOOpcbb//rP/0jWYZ4KLLx4aS8ietArk0gWg4RKE2m8NxPJMMMMJvCiQgoDVOUVLYKoNRdlVPWHpYwbNVV02svhaOxMltVHVTJnR6u1+tVGSuP8JZ5L2AaWGinH4zjMbKNCb3+zOaHVr/MQ6V9kDyOTaMZOG0MYn7EoLDbWY69anty3Tsi2iUxDRYLrBy/7q/P6z9STYk3XsYas8tv5qhRdHdeYqGWaqAWLgGhQt04zP2xgHA9xGTcNfAkMhpGMWylFzSbHoGP9ybYkaOF0bjR5eACV9hca1c6NyTIp+Zq2BqeGMJYLqeTI35AL1TEY3fUbp52yj/3b63//z58v7lJZ+sK7rBpCobWlVkp6puD1y9dWrbVVbrrR7oWmHz04hkNGJ7LlGSWsd3eWZ1RKdFMft1P6Mb1JQwQtNaElv8hH/ZSEYW5sTNKE7sjOSxvG6lDUaHhsTCxSBRk9p7ZwlNWrj6ah0fKncxwizZvyNjFq1ErQno5P3Rs7BBeO1CYY0We5mZSrK/LKyUsSSTLix+6+xscsTuYCR3KVmI5D4DMf2/xETR1U13+i7KtKCZ+Zi0GtqQ4nYSZJhx1NwnjD2phEgP3Uox31leaEknt3ugiWfnI60/ldaQ8EIkenxo+jMDVElX2F3mJZy2NrEd4mEahd//u//eMf//ovc/rhn4wIYUgDtU9ICdCIpnLy/QaPzwB0ZEkdiXEwUmWHK+wIgd+V84Eoe8vvG/txV5W5zKikuBFT3AsFyE7tIyZ2vHgmhCQFql1G2RZDGrAVD3eUg08qcYuSThz03MFSygzKZwpyyntOTZDDJmmNeYZAJ3Z/Pdh0u5X5Bm2WqHl0vJTLDB6fDSa2EoiqLVcfPpHFhpXFJUnNrFoC4NRN/9BGpi0NJN76yKYoV1eWHqtvS4HBr/WD+F88a2XdRSTAyaYJWnYlruuFY5MIsCmwX+8z+G2Sycd16YUn/JPl27evXUFbuokfVux0o2CDjXd1zmKPdJGNeIS2ZARAPambrX1T5tjL++bW5V6cqat4ujxnarcuqlc8V5AvD5BVAtDGvBrK+Zr+3fsd8I9P7vIJSQHjvJwPAvrC7YACw0sIMAQJU3phtuKtFGTBeIP7eHJK/Uzrn7fJ/RuEcVXpKjvA5uKxLvtzBsf6UMgWfecndUpefSRtx05ICJTv697jSIX839GcauZI3rSgkv/KY0H4qG3kUnQNTmenh0prVj/1sA5iYm1GPv04maCZbd7nfBUqdUqZs5hhJv1ofnpCsPNpe4JpEmP7uLl+/Phxj6QozChmYadgC2BiJSqzu4SoG1kEKdQK4INCvwweBI139ZpqOWwwGQ++LeWJvWQvb1uuJjPzk0ImYI8975DbNkWZ+7RiKJhvdxNZxU+YV2K5XMfqDLfbRGQICDAJQjADBkQbjXznxWEkk7r1uLCrBhZUQxNKcZr7pIfWTfmsTsiKRGgtRWhylfuP4U6xJEswG0X3xgT00BrGDJ62/D9UZ4kU4x9NFB2KC14R5Mbpv/iAh8ZQIihRuU4zE7fpl9yNAtWr42aqXiqiMlmRap6GNjdxj5FYF2XXMcZefKGeK1Hv1g4XGAsrKGasBInF9Ag90fb9LCnGjp6ROnoKFx1XGJhWrokjZJJUU2fOTGRba30v7IwR5zXBjVEqqXxLMPV3vQPd4r6ySE4dEOaS+r5Yy7Gy0OocBts4Eqc8X/DfSyc1iULDvG5aAvWu8yjmvKtx+o1/7dYVrE+EEVWzFq3vxsVqJ37lI1fvxHUsfTxRo5EsRE0Vq1VW1wpzLSa7ntie6RSqoYu+HwOcjtYVW6arGE6CWJlCYjVLOaXt+0O/dXJWCo09MkK5oXxm64VduSpF84ZjkC3qtyyYWNHGKyqMv/mo09geC2mpMc9s3gPVrO+1IcPOBzPAdnbb+C+/Mj5xFMMMXmBOpXyzLVz3xjMd+G7cMiCxThukUhUQNGPrwnQukIyyHHyAOT/HQDmfZK4bOzCoqaWUG5cAdQHzaaII0RYWsYWoHIN+XGJWWayADWuLtmtYdQ/bLk9wMg+5797lo98lEGZa9w8o0QZBJKaI99g/HmSk6ScuiE/n7Q6m75K8GZdIeV+Xa5uuO0IB88TkSMpn56yjf8fIgmEEW01lgCKL+rrRFUWrMEMMXyRw94yH3jUE784P3BSqigXwAvOWDXWSZ2W8og1P0RXK7J57giKVq21Vbw/5U22630gZQa35AP2HoyEpMAxpIlR5P0Y8/ygwd6Ve+EOgYMR2Q07DL+WEXB1qnGdciDmYO5xTgWpNErmqLOj0jnQeO/iR3yPgcAhc+KmnaWvt43VVq53L+HJUX6+KDHWKSAFEPfj6Z/PpVm4pWyhvFQdonRdhwRecW/wLH0EaVfk0yE0iZNBoACC+uIxO98fMMYP6j7ZsAjBfSz+KYq43T24iWYlXCVYeBERxuyjHPVUzd2I6y5KA1paEyUL0JnnbG5QpYrpNuVz4Z0t+Vj1TmlM606PbC03EmKDCDbbmgDTAcSSsPP+AZOJQXXGJKxnRmu00w7I2wWdzbef4IIVEjQEIMDugLBzozXfVfNM1B/EVd/qq3twuzrzoYHn5Atsl7m1Qa6BDt/XCGbGwibNTOVk3URmCetvgToBlHqzLdigr15+e69YLgUKEI0ULaOjkcsNXfGH5xPVZM3e78EjSiybpXgtkGhOsYtYmqPfZqlCZw+kvHQ5iBZEIESexIjD6q9bhWIpDsE4jKSr/ZfoSTqQTwlv8cNWY50qQMvuqSJANLkKE8JQQyUetPoN7ntgKU8dOUAV+0iei9YMCh5pIF2XFcqyObW3iso+Z4/Tbe1wfhRA/nRd5Iqu0zYAesP7r0yc/MWQKZNkB8N2KwKl0l3b2wAe9cy+L06BCUMMWylypoDTNSd76DUloJz5tgmVr212eKqfpCm6DCX2oBOQ6mnwutmRerXT8bT8a3rxisS8vj/vdhJ6Uy8goHgzFL3w2bylwO6FPmlBd8kGJfAz4ldaMX+MLoXhNEK4CaQGCYoQCWxpt4qeQjZsIobqe1Xd3V89iE9Tb0EzqtLf8KmWPSBm56lYId/3n7yuSZO4ZDsmYVuQz5ZretaxBj1bVrOTHb4c9KBVG5rDKPO5A7I8nGyPFP/GilWWRCv/uJTdettDbfPIIrooIcNVjM2wQaytJAZ3lGjQNwKXgLaF4cZsUMmANBw7jaqBcDp/eyBbH0yr8xTCFFT9UdtDxgMVOkVPIkiUjuV4+pvWpmIWVIljVzBr1ynLGRY0AXsOK4qTaoziI/111dRanirKtyGbXnOfULyJGI96ySR6qr/UfSNSvzKfWRQgu5egoIOIaMU4vAN9XGtAg9GpMdY6Tv7qF0vK8KvR/fsGNm7wf5V+6W2JRlGX3wLQhYlyEochP9HHnO40qQ5KuCjYbIdj+6M40qA1QrX3c+C0jS4TGicYA3uCgFxTFO37mq5k3zEUqep2LvI8sjOPU4f/cm6e6ebknwiQh0BnYTNM80dQmw4SQmTVL4yRmdWEEKqV98Yd8M7yGi5BQvJBI+UUWPxrx9GA3raGMUDI8+kQt/cGpI+6lcp65ZT8tLaFPEhA2Yhmty8wuSMtqyUNtxQD6yiKBNWoFhhkm+STLzkI+/rp5zUXYnFE2LN1Ur02ZWUBRo2mTsIivwqFK/8XFbOGfdkXw3dguUSvmBafplFBANCsPIzlyfzGouWkoUvqsfrwH3pZwMpRnMtRcTbVaIYuL40LOOVCspxVfnEenGTgo/v8rNQAVQxR3SJZ4YyB6THJoel+7DJq2EqKQRCcG2lwlpcbnKqoVv7rxGVqdzoMjf4qrz3jD1ylyqDLBcxEEVk9bDpTrpSrNUct5CVeUnP6qXBdIF5I1oYFJWLONMoGf7GzmanA/30U7/Yai+51+2BRn4qTLIqyX/YSuDnFJku7aEyOWz50kySC2/HKdEqvREbyrnGwR8atX6iR51g/fx8tCDODuWW7cISFdDrK+eC5vax3CWoG+cc0gMHLMd8+/RcZs52CGVvC+2chMgTEZLBB250pSksCVJOuX08D8FFBTN/X1z63ZmaJplZli8+04b7NDxsCjN/kxvQOLLWSGgVih3+zXyDzta0forOyUNs12GOD3LgIoLYVBVH3jIevVPISo7I1+87TYUg+do7EMyIzxgRNnq9B/dnXsnVbSC1hoH6xioyZZbPThfW0iXq+9ItG/va1stHyP6NCTO0WLKWnLcSP3XCio5US1w/OoTCMpocqVOMbBlBlTcYL22pwGY2Xcrn5BiUcfxqo+RV2QrobWhx94x6PYoM5qO0c7tH6ROAs2psXS+Kj7eTHLAss4P+SFpFR9JKG/eVWO5AA5rbGlGIERd4iNJPdSImFioNjATQHiqHLmKbN5+/b5y/c/vj0+fQJ1wMdqDmgWKuObQYGUpgQv2wCvXb6UwMVzKEJMGDfh4pGAZA3j0gtY9VMFnuteEDhBNI0UtXBj/Ex2kxl0BhTdpv9cL8b5cbJuR71ZcsqLvVaRqL0lAxJqKlVarG6cwbYuBnV0hEExPRv7D3+Y9Tbrz0wl8XqQdHVXlarqlS1EP2HT3uVdtxp3RnPSYv7QnTLbCIR+TONdUQZp7SM5nMLHvCWjtG7SwKdcRf0/frj3GBHJG95KapMjBBgovVSN8Qzdo69oj1zGSk3RnRatlWZWjLELZatv2ej/ADUkLLYhYBa/AAAAAElFTkSuQmCC"
            }
          }
        ],
        "role": "model"
      },
      "finishReason": "STOP",
      "index": 0
    }
  ],
  "usageMetadata": {
    "promptTokenCount": 101,
    "candidatesTokenCount": 1290,
    "totalTokenCount": 1391,
    "promptTokensDetails": [
      {
        "modality": "TEXT",
        "tokenCount": 101
      }
    ],
    "candidatesTokensDetails": [
      {
        "modality": "IMAGE",
        "tokenCount": 1290
      }
    ]
  },
  "modelVersion": "gemini-2.5-flash-image",
  "responseId": "TwbraNamEKvQz7IP5LyA6QI"
}
Response parts: [
  {
    inlineData: {
      mimeType: 'image/png',
      data: 'iVBORw0KGgoAAAANSUhEUgAAA2AAAASgCAIAAAARv7zJAAAgAElEQVR4AVT96ZotS7Kd5629ur2rTkNdkx41AEiAFAni4DSgbkd/pTvFg4OqvXp+77CYq0qRmRHemA0bZm7u4TPmzMxf/n//3//Pu7e//Pjxy9tffvnlzY+v3358/vz5999///Pvf/rzn37//fOfv3z+9O3b1zp/9NPx5s2PN2/U3rx5+8vbD+/ff/j11w/vPup9++b7j+9v3/5S4/t37969fffxt1//L//D33/8+GtSf/jjHz9+/PjL2/fv3iby9k0GKzAd1C/v3r978wPw20i8efP50+fPXz9///71y5fP//qv//pf/+t//e//7b9++fLl+xvyX75+zXpyNN788h3Cm+8d3769+SUOPyp8//amn29fv337ofLti3O6db7J2bdv3r59F80PH9D52PVjpeoR+VDv+w88yM+8eP/u/dt33Otc9Zc3VxOLt8WuDt955DIPAudGQfpRH46OXSMYhwQmz9fqhIHOpfTwS1w85h4RViZeB7BQQPIoh9JYHJLPrNZx+D4Elt/wm+AvP75/h9XP9++DEFKQP74zaBAr1zAU0MyOy6DHAqQmnQ6KR48tlhCAy7mujZyYz+YU40O53gats2AlLoLpzzpHWGHHTziIMak+Nnk4Wyfw5i3p70GPHn5Ms0J8yvVle0ejhnzN9eX9hb1C6guOKCU+DvOK2b5Z0AEnxlVBoI0p7xfDCWsGoWOeJxj8PNsw15PxWrVpwadw8PcsY35tKcrm71++fv7905dPnz/999///Mnx+5/+9Oc///lPXz59bXyjExbUKpH8/qaJUK2ftJsndSeFJVLkCg+Dm9Ri83CoVblLfclIUm4/woXHrJj0ErruIdXfYHOmL4OSZnOFYM31vmly8TmpmSJ+RtNIHOr3FOuUDOse2ro7GZhrwOwvyGI2K1za6PBqgCtQcnB5VJZG0K79zVuL2IN/wHr6PpjkmCA8XtUEpxC+MF64xTv7pyqEFJBaON9hgOeuF/+z0wQ0A+fSjFSNT9pLmR8NQfGXKsElWU8YiS/9lu3j+Exjio1DRjM3GuhOTdZSLnjqT/WpUYg9IvnG+uxfrEOqnQNHo9ZBAzaiPJMmwTblF7lOOLJW4xh0KmpUH+2bS2HM6LckO8yu/GcubcAvpmP1slJzRfFGtxyT+tTQSU0ZkxY/61LSHeCVa9UQOYPYHcNSMLUkxEYfBYx4IEhiEqzJo204hJbIQY7N2gOdVL7AEQMK5vsq5gl2aVQi8+bNO0vl1rNffnx1V53n9a8XFbZS2a1kZWq33OHTseQip+Px4sns2tbQpWzaSh30LRdvfnnP6xovLNNfZIHy+TjUlBhHRlmjcJkLwOEK1xwVxbfLhPqMDVnMZPFRC1hXRp31sqQamrGrUrpoPveyau9SpJuwOr/vfhtoVBr4DQF5+vhkaMa64+x2uXHnTL3JxUpqJjRqcKjJEuQte6ScUnrm32mekggknf9J8y/RiElEApivmc6ik0JWCZnKyeRHrHMFQWIEE+JE3y2Kjm8SIyRyCyL5DTazCcy7EMElln2zIFy3fiy5XHsLVNe3bZUShcbII1DPt++/vPu3/+b/GrtbCGKfQOH+amP19evXL9++fy0uAmWiZc2WTqEDwTzDobU/tfZ+7Qq7/bBpgtk/8UNYfrQb617Sfo1ut4cwE3r7rvjkWgic5Y5oLZ2qiWhCC2t8f3z9unDFqLRxS5mG2DSrF6xz/jK+zkP7JVaL+jnBnaAX8ixafzaAwqARC03uXmuoJRoVV++KJmGRG8mLhGZj2RdfpIUrjJ+F+t7RmnVzeBYsKnLISL8wqMKoian5OsvGKYaDp/7wqvVwH9EB6k34VCq8+LRbKyGCP/tMPQY4/pB7mk6GhGyGMAfrfb4ZNEZjMFvDq3ounNhFecvgAhPeuc9aUMRTkDJMaXyxUjirZ3MUJ0V24SzD5ckpDgiogNzYKgQjzmbCQS8AU5nNZBwFdrIVR2B3nvTGRwsUWtf/SNVxyxcLI5uVxwCdyU/vZWsrwHFiaOMPbNwGXpNhyot5HGCLbBi1tdmzU9zJnvE5mrBN9vmdGUibMWMtPLyAsNPPwkgsmemYVxOR8uMTjwpLw+ZeIhTMETin3Ny4CVl7xeQ3uMotA03RxCgC/6k5hHp1REbXIbJw5UTSXsDJdHTRsNJkOlkl8k0zhE23CgZivDT6cnqusz02h6lTW+ehX9pMmMBf2iuLB6Quz2Cia5iIXVgv/JgsH24xQXVSO8ko+pRnWea580S61tM1lutkt9c7GI3gFN1hr5/tLWW1d9Q8hq+ZOcXQD40DS4KQTVgZI4BHg4MVzyzGWOnK8hpn4YYrQ2FF4QFc6cpgNwF4ObvMElhEaoS4A0bQ20GknNaGp2aiLwsYmQCzodX4pum+vtZz8thqmb1OtYispsSDdP0JW/mh8rCpe9NmUs+kpspYIiA6D+YZiiNzMrfDk+QL2iPNhEDG4cwzUpvhq5hXempzMiSZw4qMi7wCeD5p4FwyR6p2azM1X6iOH/g1ddG8duWpo7gvKT/MZ3yVIzUTPxkASm+Z0QDN2po2EiObiSGPvuk0FsP+OZBIBMV3GBSctNFdcTKrzoHg6krAbQuaU3UV7dd7iJ3r3HMOpbtxJ2DvtI45HMItF+fUAJZycwggirujLGueEdkosIMlQiGOcGrkOlYdw7rE947H67tcjy1JpZtApx1cu9w03PQd0Gs81NVm4VDXyUWp4jBVKD41F0Mc+fa+R5WE4rKQDopTYqUeqReCc9Q2g+0rjWUtUUZaV0qZUkis2kotUEW8jXurfvucXuV832byc0TS7DHBu7cfKrhPtaPryd2XLz3b6BHH58+fehz49evnb+07vUQDmWTXRrm72rg+hW4pH3qI1wM9z+/e//EPf/ibv/3bX//4h3ag0XPDiKxx4t+Vra0hNkz9OKzISM6P9q5dZ2IDOKVofP3SltPNttllQ9zDya9f4vLtS7vkPXEUKwdz7slivc2mMLlP18N2xVu6JllVlJ/vM62Co/XMmI15psPRWhwCMNS6xeO+i/Kbd1XDP1BEQO0FWTLCmD0L2ZlwiSUha0bHZvpJZiQdFmaHYi1eBYzGSuPjlCF9RxB4NDO2SC4Z82Wze0H1uqn9H1c2XSSXo2oNcfFiY15HTQuGMBe/CV0mJLaDucUDYfuecxwfytOdVwn2GiCwGYQcK8NzQs6nukhNfRAaC/qW7dhWBRvk8RsOMnG3FOkZAlqoM0jpwrIiy1s+auwYJoE7QppGzpoAA9AUDhktax535Aq+tpnPaC/DfvQwrskmrYGYw4l40F2LaAb6IM1mTFG9UcmLOomw6FrWGsljs3hfB7e2unQ9E10GkznSxwunVYTyJuR8sFAEwNxLCc1qG/l8rsjchH5eqzHX7B2LGUEd0jo4F535buyw0xNCV6gV322+lODh7A4kMnU3zktdCrQ2mqVkWTfcZe1Yeam+RzjgsvasHlmTh794b4HJrTYoQF5YNhjduKwFtdwr1XlEI3UXVMJRhHjh3O1uMmhr38ofTKNdRvG1wq71wqoBWihdN2BKPHXdIFHvNidd6Z80aILXBBxZ3wqa5RUUguEFNWsa2aq+cUx0ZidLBfPBWshT0oQbS8xrA1vWjP1SDOb6aquARMfUCBVSKnAV1j/IUart2TRO0+tPmi3SkSlNUrPSdcAaDRgci9mtmetmUlCajTlh/EQ+/phPb9WjtUkF82gSph7y4lX7pig7DjP8Vc7Y48IZpPg0TbbaJcCiZ9znrJWjUem2GtihUfvlndpmU/bdA8T7LKyD7MaqRgEI1WvOTMWp1ZutylAs0SDpx7a2yQUpz0caQ7qdTrYVSWUUf0JMOHkIzuihnFSoHbhkVmGHZ+26JlWKi9X0CaBhBuCeBCpjtrl8eaS9bg/XpzDBo1+9byOgdI9yAa3Odynpq6PuHVldemLRoEd1pB8npEdqSThSexZ8xS1BsDI0MXfEMLae5IUoMi54c77eFwjSFmPej5eOQEc2eZNPfjax6nAufW+aZQGl4DPA73FZbbFP23F5RXQ8xwYVOEcn/KwwKu2z8+5/+nf/t1v+Ak20OO5RxNeeSfTj+cQ99Bs7uZeRIExaM7cI5nxYvff64cP7KLZD7KbTQ9AimGy7vNgMu6Y3Hz70Bu67Td1Gs+QWqXnVJjWxenrq2FeqexOqR4w96BQv33te4v3lmEhui3gh7nH8nEUqMmgRSEHDWozM6G5AoiI5jf9W4SElOy5b09pavos5iWRq0qk7h2GtVcFRRLRykPUOyauzH52KRm+5pR/kfNoJwz0pWg+16VLs5wEd7hATIJPSjSoTKieRSho09ZOTLoBKLiKTZP+vilWJPWYL93We/Vw5EsIEYXEdsUqNyjX3euvGSWa8+AzSiQwe9CvVMm7GfI3aKxz8sxzUcEIKzwgjWhinR5rIaE9ZuZ/zbCY2APzZd5cbGWYfk7Jrh3kX3IhA0HFiu6xBaGlS+GkZm5fN54oYqJO764MlU9bARD/jL6iSCNIS7GzUbMxGbKtAwrcWNL96FeZ5YVPga++K7TFir28Sr/HIu5mcttFVgYSHQHRWLFcn43K2u26BmBTBeopFZG9uqkkK2zSHN49dZaqiXs8FhzzUdky7H5veJLN6+uOhBfgY1D7SvZ+y42xsiUXbmj5ZtBC0m5wiCNX1jlBcxst0qNSCl4mUbByYT8PG8WVXPKZXkEDNzcunlLaQYpQYO4sl4GHPrHadWoBfhQBjoQvMlLFYrM5UQ2Y9WlRJBftKHoxSvwcAlcRtnVDrZHLTmgGi62fMd2a7CqjCsFh2c0muQJA5omXIZfF6YJ0Li9rMLCpk5lcIQj307aJm2TImLx77y685y8ok0uD06ppW3bXGvAMe8PZvNLjcEjPEEeSI5g6RyrsM1A1xXmN2AnxfkNZJh4DGBDYEj462CXd93NogpLwhRmmL2svG2YeXxNG58EKGliHtfF/1Gg1Z8uf8cS4Dn5FpOMYOPy5OCpQtSueKG7Z6eUjAEK3aaWp6GoLH/wfjESmDzVRAdZz7RexxvJ59MZzA7E/2IugOG+qJxPMvkVQm6EtUk0FTACAdnhJS+x4SG2LddcUFRTHwhtsG+y/ylR8TwNdTb8zJSEP4mSJVxVAq2xqMQQ35S9BCNFcn/AjSv5kCvp/2MdRxZ8VUlZMzd0T0jEeNup58ndkaKP8kAvTglnUDBjXwF4+H8k9nHoiTAjhDM5lMLxWuiVf6jpXR76dEsvtaEI6f0Z7FknJedGFqIta2xKo5eh5VCnUFaoM4CjXZa3pM5Y2r3sztcZq7Ts1bqbeqeg/ZF1NFkdtmwNLuR53tFn1e7+1b20pwPjzRTSHpcCPUZ/2KXhJjspHwfnOuRCDU7+93/7uhnCe9UR41D+oaBbvWcN0UPXqr2BvLrHOIeD2h4OfN7j6awNU5a4/qkTEBYJViJdJiVEPqXoJEd+5hWGFrnU5DS35RTUE+O2raDkn3c4xKHdaUSU6fe2D63pxc0ni7WcLjH9B1r/YYqB3pje4WhZOpOYH20ByZgztFuCsfa50bo3hLW5o7mOkIogOdp8KZKuaB5KhWyDi1wco9lEo98qKcCSvXs6iRAvmS17svPBZxKmIIbsl3wR0GY8wSRSepo8PYwWR9UQgOtngHw8YTnYnSPT/o2aOMyL1AIuz7LwdjO3S4Sd/4sjEmI0TtBb5Y1LnV4cDc3es/5RfeVjEQLIjABhnKfoKJmIF93Jy5wj3RRPTpQuDxaaaTu5e3XsiV4SV8BZ8J6Yl3PzWYtLLmzbeizPx0BCmSaWgxstexsEdj4bxgzZntU7XHSDRSlg1pSZC+bMzUGygGHF32IV3tbRFr0OrthhAgKb18ImItmuFKZm2rWtetN9NlrS+ED76UafVaSoLWHYMRUd1PLc+R1WM5iGdsSZXAu4lW2nzWHxZ5L3eNzRJMyAYqSpeRBz06ckvcRsQNzdq1QR0tiE9nDgj4wvtkjogvVwNYdg7ojUUyW1SXIdyPBO43jmrrTt0sJPhipkvebIpFeTproGOybBjoV0hK/tWB0msMZ07/hPYCg0wHMUSua22EMMtwRUESmCptWY2rkOQ0wwn01WRPqA5hZ3ykqJyRhLcXXEtDBBHVrd0KO1K8eb3uhwkrP/sX3Rk6YBz+0gknC+c93kL1dA8kXBL9yB9+VZ5Y7TpPgBC5zchAjWhteAZe+zWsLcktp0nM1GMOuP5Fw2nFNjGP0hMIHUV/jeXcYoK/hlkbycyxyLXO9Xm8OAHcd3TRMXdqmKiKVNmaJTYdNgN40kuoY82M1caEEO/TupE4obQmdEBITD19d2EA0kEcDnhYPM8T/SzCdVGZM+dqqom89TbRGl5jgU9m1puC+dsvM4ziWjvp1nLAMRc9C2BFZtMSLgXYR7lL7Uv14xICVhe8tNXP9rlZ15mJwsumflsdUDvmXgZM9cfieUsAzx1V0tiTAVNr2+WD5zUvbymuZlEdyVT06Xp82KKiNo1ZE+btSVgg7LShzHur9ZhHEjBirbTv/t2/+b8zaUtBxUNDg9Abx1/bfbUdW8Css+/6vQ27wwSt0suPMqJAe8K3oYeJcn55UZs93tRk3+ZoR/NOGtqe6ybad9t8t/I4GqeIiIvihmQLUI2WQRC/9MnIjnjSlXxxID5vmS+mz8rWQ0oByyOpCfaiwkKIkqln9uu7UZNA+s6PmZwRTxMXQfEg48csrjCm8II/TzSKHEpsJuXiDktrTK3vY11XB0nVaAQUflprmPbmLqH1glPUBR/Cday5VjAbej36q/D8OEzdiVxGJ3GNbCpZMc6CiM2S1oTrmN8ZDBWFYOTUGAyFpQrzf1cDdE0ILsCBUXgCJXMvm+e/pXQKSGzIRmqUHjNZTqIDrc4zsD618mlL3Ow+GrwkdRMYX64ivNODNbABP1PiIrcRr5nNxVNM+pIDcrtmP7oyQoc7Z0AHI82UCa2K5fRE7igLZkeIvgYhxkevQDXnh6rTSzmbwU1Y5ybsdog+OxzO4pXYBgY+zBSKShw1eCtjHfUhYn9sxnqMJU29cNO17kblEgLkqG0Qa9aeTNdePPJoM8Djf1/NHX18MLAWy01aCW4jWDsDhYAkbfN3OuIH7Fks9AEdNywf1wY7FdJDCwQQmdQ7j30tU6+xllFVml8TqEnDhKxy0FIPamLQzFmQyqxV0J1A4vQffo+tXNlKZ2DXyxiVIdd6+1dYegIBk2MEQA1eJ9NQ1ljDBYcW4WhtVEfMIA4RiDEd1LgJ+Tql6F+k+LHbTMnszvdwjc/xOJ3hNE5j+TLAa9aQSHi68jc3C/H0dThkwR2v+RJ9/DXO8wAMJPcufXnyYDDRDcJyJYSXxYYx9Rd+0mOw0QkIsthNpkvG9t4/AwkaScvGosgqbR3TgjwxyTlc9GrzdSqEiZvV0Yvg1U9iqwvPatYRyiubmLWXeqKuG1cHPDG5QDwJYbtd2wOVoYl1wYC1kF05qGth2jZkCTQGRpw00fsitxbtlw9golyMn1n43Da1djyR4KgDbj9wRzeJ8k0tAh0jU038JjmI/Egmy3QrM0keSKdblXwcSb+WdQnfvjPOhPo5rZ+IA5xYXo3qmeTGRoDogEYgwTV4DZu5IDvSWhAN6RypXkQu2vKFhONKmRrJPLgQb1AfRrVxbQ8yadFOqmVBDIZSc403Tzcc3LMGW+xnLcBx5x+dFIQmu4dwDbquLgYqRzUsISM/3Qjsa8I+hnHtGUWfyM3fof140y+OZGx7LGal2By2H/zly9d3/SJLC39c33utv6ja/PXVb0LuTaCWUnzz0CONH59a9T98/MObj2+/fPrUU763355o95vB2fz85ff3fkXqY172wKPIvXv/Icskf+nVswenRagnmKG2HsTD+Hzwjveb7+9+/e0PGfN001tp0mHPS2TFfLPH7L6ZIXH5Nr9+2aNNDzDfsBztPPgS/hO3WqjkQR9H7AFov2TDhtn7y9cPN2b9erch8W55z0kvwO7Q1n8rMNQ+HearUpb6dOZSXchSkkudoxl23hboWjKwIdnUH3/UGiYZF+gGzKgkG9uQNrlUEgS4Vhjp+LW3A5GHswiB0Vu8tibNsMAtb3M9U48WFEMZfrSHcURrJw6U0VnpGsWUGaKVlbaBj5+P/IhRHGq6RiUHE0OrKIzobhi1UTYqouNGldzuxwHcXLjkoDO9GeuElIvMzNY48as4gQ5GH5bPIfJt/64+w1n2kmL9Q6/ou05hPxMJpLNIdCYWPMuMo3sjNzZD2gCPBaTUN4RnZCGpKHYjaOCfGkoYxxKqDlPvCGeJWgP+7u23TZFerm1u1qCAy8YopoGm1tfoArqCAW6uWY3f3K+yeZA7HhxkemOxYmqmFRZo1On8OjBJRcNIJkSGLXl8T+QOEQ1dj7Ih6EjSKpQsCGYHDaUD+3W9zsxolSkZGPKKFKfSmTCoOf4z7mWoIdA1vTOUsk3VpsTYdCIzsDC+W8KSz6KFm+hGZalQGeljwmVvz3SFz5VtuM6DsSI7gdsi6Ac9A0NS39cSdMh52kguoxfSARPOl8MXxw0xS5jmTSW7w+Quh68DUv1uxrMcc9JLvvqmToNeYNuA/RU90IDrDFq+d1qaHoEHQpCthDepSKwjTL9G03MtJo/zhgj/GU00kznFrwuwxOcS8fMq0Qo1Hi5OwjoqWMV7LU5cm6AYTiHBfDAyZGsdt4PDK5eo01VwO49RKGk97t5ozYqxDAxriVpUA0jTh6y6Cu+hGS1R2fL5Wsyzv5wSq4HPphDzlCMpuKgnEOWIqtbJZ0buR+9DeOsSJAdT7s64aMuFxkAPxVBKrDG7/pLDPcsY8Mj9bIzZnMWse8cPRZEdxbGs1nriENfhJDVWRzV5OVzlpggK84vJvBS7sWJ5ihxKI6EFUSQ4kyvbclV/BeLENgyHn8bWwFTwGX0DhHBKsRz4TFncUNaoefiuNXap7RIdkcWtM/DBMtSgJhvlBEhUDJOZyvncHub4iBYrHDkaWUBY29An0JiMooHxbG2PBkZCWDDLpWk6QRwcUaEbT7BJIjlXzhdcJy88XnEbRRSq4F7j+bAEi+67f/8//puSYDFsswUxjXvTym9p9NskFHzEsN/z8Odg/AWbxtPbykoc7vS9Mt48Rb1fMfFyb/lYXc/b/oqMZSmRWLTzG9clpxttslyJTE2+XDuJWBXLSm+acUVWZBXPfUoSWDlXonNe90lRyutwnj14avWW3Wds0BqgdairZM0e/+bJddXJtQ7KKgSLzK0GnBpI2GzXZ7ix9wNQoZ7Ozby1JoH2pGvA9VwnxMYUlpKKGgdAjEiwJoR2LlLHZsqLQM2ZsoHvImR9R+UOBSmC21qocw2AcsXHlWRorU0eU6KjRGzHClRfP1fUPd/JY8BKeSwRuPhoU0piUx8wmPkyPozeXjIIchN/aKtPXgGlnzPzvG0m13auTZS29eCogz6nJ3dQGPBRX9K7CBT4WUllA5ImTJcJmvd11dLPOiCo9/UcFTIvGgPTd8M2KrUhlopIJXpj/JIdTBXLtyeI9yzdG8zVvELbh4Z7vN7suMG1SYBcFljQYyM5Vutk7htfVG6cr/iTu/Y9GazFS8TxopA4tJWcG1FnHYJgKbACLHfWTb72XLKLZc3153EWmVg8iHCWgmLBSKEWyLEWm0TXQpDcozASN7o1iXWdgSrMKMlqwtFRgKtQD7P+yc6bmrqyohXXWdrYDBQZSA69gymq5Hgyj+vzqJShHSc++U2AlHZcZ73yLogGSlCZ7Kiw+aP/BMKU2wf0EyI2y1JhGp/xepII0Jw4PgjRn5sj/RI4m6N8rPPm2p7L8nsMx67A7tlkaEEMlwMDf0XucQR502N6TpsfubdyuZpTfb5/NDfKKZTswtx9sivJxwkbDoFZTIBm8QJQ6wBdmRinCvNmN4XuWY2ou2Nat67cZ+KP24J88WdgURRkJoZy'... 1834556 more characters
    }
  }
]
Checking part: {
  inlineData: {
    mimeType: 'image/png',
    data: 'iVBORw0KGgoAAAANSUhEUgAAA2AAAASgCAIAAAARv7zJAAAgAElEQVR4AVT96ZotS7Kd5629ur2rTkNdkx41AEiAFAni4DSgbkd/pTvFg4OqvXp+77CYq0qRmRHemA0bZm7u4TPmzMxf/n//3//Pu7e//Pjxy9tffvnlzY+v3358/vz5999///Pvf/rzn37//fOfv3z+9O3b1zp/9NPx5s2PN2/U3rx5+8vbD+/ff/j11w/vPup9++b7j+9v3/5S4/t37969fffxt1//L//D33/8+GtSf/jjHz9+/PjL2/fv3iby9k0GKzAd1C/v3r978wPw20i8efP50+fPXz9///71y5fP//qv//pf/+t//e//7b9++fLl+xvyX75+zXpyNN788h3Cm+8d3769+SUOPyp8//amn29fv337ofLti3O6db7J2bdv3r59F80PH9D52PVjpeoR+VDv+w88yM+8eP/u/dt33Otc9Zc3VxOLt8WuDt955DIPAudGQfpRH46OXSMYhwQmz9fqhIHOpfTwS1w85h4RViZeB7BQQPIoh9JYHJLPrNZx+D4Elt/wm+AvP75/h9XP9++DEFKQP74zaBAr1zAU0MyOy6DHAqQmnQ6KR48tlhCAy7mujZyYz+YU40O53gats2AlLoLpzzpHWGHHTziIMak+Nnk4Wyfw5i3p70GPHn5Ms0J8yvVle0ejhnzN9eX9hb1C6guOKCU+DvOK2b5Z0AEnxlVBoI0p7xfDCWsGoWOeJxj8PNsw15PxWrVpwadw8PcsY35tKcrm71++fv7905dPnz/999///Mnx+5/+9Oc///lPXz59bXyjExbUKpH8/qaJUK2ftJsndSeFJVLkCg+Dm9Ri83CoVblLfclIUm4/woXHrJj0ErruIdXfYHOmL4OSZnOFYM31vmly8TmpmSJ+RtNIHOr3FOuUDOse2ro7GZhrwOwvyGI2K1za6PBqgCtQcnB5VJZG0K79zVuL2IN/wHr6PpjkmCA8XtUEpxC+MF64xTv7pyqEFJBaON9hgOeuF/+z0wQ0A+fSjFSNT9pLmR8NQfGXKsElWU8YiS/9lu3j+Exjio1DRjM3GuhOTdZSLnjqT/WpUYg9IvnG+uxfrEOqnQNHo9ZBAzaiPJMmwTblF7lOOLJW4xh0KmpUH+2bS2HM6LckO8yu/GcubcAvpmP1slJzRfFGtxyT+tTQSU0ZkxY/61LSHeCVa9UQOYPYHcNSMLUkxEYfBYx4IEhiEqzJo204hJbIQY7N2gOdVL7AEQMK5vsq5gl2aVQi8+bNO0vl1rNffnx1V53n9a8XFbZS2a1kZWq33OHTseQip+Px4sns2tbQpWzaSh30LRdvfnnP6xovLNNfZIHy+TjUlBhHRlmjcJkLwOEK1xwVxbfLhPqMDVnMZPFRC1hXRp31sqQamrGrUrpoPveyau9SpJuwOr/vfhtoVBr4DQF5+vhkaMa64+x2uXHnTL3JxUpqJjRqcKjJEuQte6ScUnrm32mekggknf9J8y/RiElEApivmc6ik0JWCZnKyeRHrHMFQWIEE+JE3y2Kjm8SIyRyCyL5DTazCcy7EMElln2zIFy3fiy5XHsLVNe3bZUShcbII1DPt++/vPu3/+b/GrtbCGKfQOH+amP19evXL9++fy0uAmWiZc2WTqEDwTzDobU/tfZ+7Qq7/bBpgtk/8UNYfrQb617Sfo1ut4cwE3r7rvjkWgic5Y5oLZ2qiWhCC2t8f3z9unDFqLRxS5mG2DSrF6xz/jK+zkP7JVaL+jnBnaAX8ixafzaAwqARC03uXmuoJRoVV++KJmGRG8mLhGZj2RdfpIUrjJ+F+t7RmnVzeBYsKnLISL8wqMKoian5OsvGKYaDp/7wqvVwH9EB6k34VCq8+LRbKyGCP/tMPQY4/pB7mk6GhGyGMAfrfb4ZNEZjMFvDq3ounNhFecvgAhPeuc9aUMRTkDJMaXyxUjirZ3MUJ0V24SzD5ckpDgiogNzYKgQjzmbCQS8AU5nNZBwFdrIVR2B3nvTGRwsUWtf/SNVxyxcLI5uVxwCdyU/vZWsrwHFiaOMPbNwGXpNhyot5HGCLbBi1tdmzU9zJnvE5mrBN9vmdGUibMWMtPLyAsNPPwkgsmemYVxOR8uMTjwpLw+ZeIhTMETin3Ny4CVl7xeQ3uMotA03RxCgC/6k5hHp1REbXIbJw5UTSXsDJdHTRsNJkOlkl8k0zhE23CgZivDT6cnqusz02h6lTW+ehX9pMmMBf2iuLB6Quz2Cia5iIXVgv/JgsH24xQXVSO8ko+pRnWea580S61tM1lutkt9c7GI3gFN1hr5/tLWW1d9Q8hq+ZOcXQD40DS4KQTVgZI4BHg4MVzyzGWOnK8hpn4YYrQ2FF4QFc6cpgNwF4ObvMElhEaoS4A0bQ20GknNaGp2aiLwsYmQCzodX4pum+vtZz8thqmb1OtYispsSDdP0JW/mh8rCpe9NmUs+kpspYIiA6D+YZiiNzMrfDk+QL2iPNhEDG4cwzUpvhq5hXempzMiSZw4qMi7wCeD5p4FwyR6p2azM1X6iOH/g1ddG8duWpo7gvKT/MZ3yVIzUTPxkASm+Z0QDN2po2EiObiSGPvuk0FsP+OZBIBMV3GBSctNFdcTKrzoHg6krAbQuaU3UV7dd7iJ3r3HMOpbtxJ2DvtI45HMItF+fUAJZycwggirujLGueEdkosIMlQiGOcGrkOlYdw7rE947H67tcjy1JpZtApx1cu9w03PQd0Gs81NVm4VDXyUWp4jBVKD41F0Mc+fa+R5WE4rKQDopTYqUeqReCc9Q2g+0rjWUtUUZaV0qZUkis2kotUEW8jXurfvucXuV832byc0TS7DHBu7cfKrhPtaPryd2XLz3b6BHH58+fehz49evnb+07vUQDmWTXRrm72rg+hW4pH3qI1wM9z+/e//EPf/ibv/3bX//4h3ag0XPDiKxx4t+Vra0hNkz9OKzISM6P9q5dZ2IDOKVofP3SltPNttllQ9zDya9f4vLtS7vkPXEUKwdz7slivc2mMLlP18N2xVu6JllVlJ/vM62Co/XMmI15psPRWhwCMNS6xeO+i/Kbd1XDP1BEQO0FWTLCmD0L2ZlwiSUha0bHZvpJZiQdFmaHYi1eBYzGSuPjlCF9RxB4NDO2SC4Z82Wze0H1uqn9H1c2XSSXo2oNcfFiY15HTQuGMBe/CV0mJLaDucUDYfuecxwfytOdVwn2GiCwGYQcK8NzQs6nukhNfRAaC/qW7dhWBRvk8RsOMnG3FOkZAlqoM0jpwrIiy1s+auwYJoE7QppGzpoAA9AUDhktax535Aq+tpnPaC/DfvQwrskmrYGYw4l40F2LaAb6IM1mTFG9UcmLOomw6FrWGsljs3hfB7e2unQ9E10GkznSxwunVYTyJuR8sFAEwNxLCc1qG/l8rsjchH5eqzHX7B2LGUEd0jo4F535buyw0xNCV6gV322+lODh7A4kMnU3zktdCrQ2mqVkWTfcZe1Yeam+RzjgsvasHlmTh794b4HJrTYoQF5YNhjduKwFtdwr1XlEI3UXVMJRhHjh3O1uMmhr38ofTKNdRvG1wq71wqoBWihdN2BKPHXdIFHvNidd6Z80aILXBBxZ3wqa5RUUguEFNWsa2aq+cUx0ZidLBfPBWshT0oQbS8xrA1vWjP1SDOb6aquARMfUCBVSKnAV1j/IUart2TRO0+tPmi3SkSlNUrPSdcAaDRgci9mtmetmUlCajTlh/EQ+/phPb9WjtUkF82gSph7y4lX7pig7DjP8Vc7Y48IZpPg0TbbaJcCiZ9znrJWjUem2GtihUfvlndpmU/bdA8T7LKyD7MaqRgEI1WvOTMWp1ZutylAs0SDpx7a2yQUpz0caQ7qdTrYVSWUUf0JMOHkIzuihnFSoHbhkVmGHZ+26JlWKi9X0CaBhBuCeBCpjtrl8eaS9bg/XpzDBo1+9byOgdI9yAa3Odynpq6PuHVldemLRoEd1pB8npEdqSThSexZ8xS1BsDI0MXfEMLae5IUoMi54c77eFwjSFmPej5eOQEc2eZNPfjax6nAufW+aZQGl4DPA73FZbbFP23F5RXQ8xwYVOEcn/KwwKu2z8+5/+nf/t1v+Ak20OO5RxNeeSfTj+cQ99Bs7uZeRIExaM7cI5nxYvff64cP7KLZD7KbTQ9AimGy7vNgMu6Y3Hz70Bu67Td1Gs+QWqXnVJjWxenrq2FeqexOqR4w96BQv33te4v3lmEhui3gh7nH8nEUqMmgRSEHDWozM6G5AoiI5jf9W4SElOy5b09pavos5iWRq0qk7h2GtVcFRRLRykPUOyauzH52KRm+5pR/kfNoJwz0pWg+16VLs5wEd7hATIJPSjSoTKieRSho09ZOTLoBKLiKTZP+vilWJPWYL93We/Vw5EsIEYXEdsUqNyjX3euvGSWa8+AzSiQwe9CvVMm7GfI3aKxz8sxzUcEIKzwgjWhinR5rIaE9ZuZ/zbCY2APzZd5cbGWYfk7Jrh3kX3IhA0HFiu6xBaGlS+GkZm5fN54oYqJO764MlU9bARD/jL6iSCNIS7GzUbMxGbKtAwrcWNL96FeZ5YVPga++K7TFir28Sr/HIu5mcttFVgYSHQHRWLFcn43K2u26BmBTBeopFZG9uqkkK2zSHN49dZaqiXs8FhzzUdky7H5veJLN6+uOhBfgY1D7SvZ+y42xsiUXbmj5ZtBC0m5wiCNX1jlBcxst0qNSCl4mUbByYT8PG8WVXPKZXkEDNzcunlLaQYpQYO4sl4GHPrHadWoBfhQBjoQvMlLFYrM5UQ2Y9WlRJBftKHoxSvwcAlcRtnVDrZHLTmgGi62fMd2a7CqjCsFh2c0muQJA5omXIZfF6YJ0Li9rMLCpk5lcIQj307aJm2TImLx77y685y8ok0uD06ppW3bXGvAMe8PZvNLjcEjPEEeSI5g6RyrsM1A1xXmN2AnxfkNZJh4DGBDYEj462CXd93NogpLwhRmmL2svG2YeXxNG58EKGliHtfF/1Gg1Z8uf8cS4Dn5FpOMYOPy5OCpQtSueKG7Z6eUjAEK3aaWp6GoLH/wfjESmDzVRAdZz7RexxvJ59MZzA7E/2IugOG+qJxPMvkVQm6EtUk0FTACAdnhJS+x4SG2LddcUFRTHwhtsG+y/ylR8TwNdTb8zJSEP4mSJVxVAq2xqMQQ35S9BCNFcn/AjSv5kCvp/2MdRxZ8VUlZMzd0T0jEeNup58ndkaKP8kAvTglnUDBjXwF4+H8k9nHoiTAjhDM5lMLxWuiVf6jpXR76dEsvtaEI6f0Z7FknJedGFqIta2xKo5eh5VCnUFaoM4CjXZa3pM5Y2r3sztcZq7Ts1bqbeqeg/ZF1NFkdtmwNLuR53tFn1e7+1b20pwPjzRTSHpcCPUZ/2KXhJjspHwfnOuRCDU7+93/7uhnCe9UR41D+oaBbvWcN0UPXqr2BvLrHOIeD2h4OfN7j6awNU5a4/qkTEBYJViJdJiVEPqXoJEd+5hWGFrnU5DS35RTUE+O2raDkn3c4xKHdaUSU6fe2D63pxc0ni7WcLjH9B1r/YYqB3pje4WhZOpOYH20ByZgztFuCsfa50bo3hLW5o7mOkIogOdp8KZKuaB5KhWyDi1wco9lEo98qKcCSvXs6iRAvmS17svPBZxKmIIbsl3wR0GY8wSRSepo8PYwWR9UQgOtngHw8YTnYnSPT/o2aOMyL1AIuz7LwdjO3S4Sd/4sjEmI0TtBb5Y1LnV4cDc3es/5RfeVjEQLIjABhnKfoKJmIF93Jy5wj3RRPTpQuDxaaaTu5e3XsiV4SV8BZ8J6Yl3PzWYtLLmzbeizPx0BCmSaWgxstexsEdj4bxgzZntU7XHSDRSlg1pSZC+bMzUGygGHF32IV3tbRFr0OrthhAgKb18ImItmuFKZm2rWtetN9NlrS+ED76UafVaSoLWHYMRUd1PLc+R1WM5iGdsSZXAu4lW2nzWHxZ5L3eNzRJMyAYqSpeRBz06ckvcRsQNzdq1QR0tiE9nDgj4wvtkjogvVwNYdg7ojUUyW1SXIdyPBO43jmrrTt0sJPhipkvebIpFeTproGOybBjoV0hK/tWB0msMZ07/hPYCg0wHMUSua22EMMtwRUESmCptWY2rkOQ0wwn01WRPqA5hZ3ykqJyRhLcXXEtDBBHVrd0KO1K8eb3uhwkrP/sX3Rk6YBz+0gknC+c93kL1dA8kXBL9yB9+VZ5Y7TpPgBC5zchAjWhteAZe+zWsLcktp0nM1GMOuP5Fw2nFNjGP0hMIHUV/jeXcYoK/hlkbycyxyLXO9Xm8OAHcd3TRMXdqmKiKVNmaJTYdNgN40kuoY82M1caEEO/TupE4obQmdEBITD19d2EA0kEcDnhYPM8T/SzCdVGZM+dqqom89TbRGl5jgU9m1puC+dsvM4ziWjvp1nLAMRc9C2BFZtMSLgXYR7lL7Uv14xICVhe8tNXP9rlZ15mJwsumflsdUDvmXgZM9cfieUsAzx1V0tiTAVNr2+WD5zUvbymuZlEdyVT06Xp82KKiNo1ZE+btSVgg7LShzHur9ZhHEjBirbTv/t2/+b8zaUtBxUNDg9Abx1/bfbUdW8Css+/6vQ27wwSt0suPMqJAe8K3oYeJcn55UZs93tRk3+ZoR/NOGtqe6ybad9t8t/I4GqeIiIvihmQLUI2WQRC/9MnIjnjSlXxxID5vmS+mz8rWQ0oByyOpCfaiwkKIkqln9uu7UZNA+s6PmZwRTxMXQfEg48csrjCm8II/TzSKHEpsJuXiDktrTK3vY11XB0nVaAQUflprmPbmLqH1glPUBR/Cday5VjAbej36q/D8OEzdiVxGJ3GNbCpZMc6CiM2S1oTrmN8ZDBWFYOTUGAyFpQrzf1cDdE0ILsCBUXgCJXMvm+e/pXQKSGzIRmqUHjNZTqIDrc4zsD618mlL3Ow+GrwkdRMYX64ivNODNbABP1PiIrcRr5nNxVNM+pIDcrtmP7oyQoc7Z0AHI82UCa2K5fRE7igLZkeIvgYhxkevQDXnh6rTSzmbwU1Y5ybsdog+OxzO4pXYBgY+zBSKShw1eCtjHfUhYn9sxnqMJU29cNO17kblEgLkqG0Qa9aeTNdePPJoM8Djf1/NHX18MLAWy01aCW4jWDsDhYAkbfN3OuIH7Fks9AEdNywf1wY7FdJDCwQQmdQ7j30tU6+xllFVml8TqEnDhKxy0FIPamLQzFmQyqxV0J1A4vQffo+tXNlKZ2DXyxiVIdd6+1dYegIBk2MEQA1eJ9NQ1ljDBYcW4WhtVEfMIA4RiDEd1LgJ+Tql6F+k+LHbTMnszvdwjc/xOJ3hNE5j+TLAa9aQSHi68jc3C/H0dThkwR2v+RJ9/DXO8wAMJPcufXnyYDDRDcJyJYSXxYYx9Rd+0mOw0QkIsthNpkvG9t4/AwkaScvGosgqbR3TgjwxyTlc9GrzdSqEiZvV0Yvg1U9iqwvPatYRyiubmLWXeqKuG1cHPDG5QDwJYbtd2wOVoYl1wYC1kF05qGth2jZkCTQGRpw00fsitxbtlw9golyMn1n43Da1djyR4KgDbj9wRzeJ8k0tAh0jU038JjmI/Egmy3QrM0keSKdblXwcSb+WdQnfvjPOhPo5rZ+IA5xYXo3qmeTGRoDogEYgwTV4DZu5IDvSWhAN6RypXkQu2vKFhONKmRrJPLgQb1AfRrVxbQ8yadFOqmVBDIZSc403Tzcc3LMGW+xnLcBx5x+dFIQmu4dwDbquLgYqRzUsISM/3Qjsa8I+hnHtGUWfyM3fof140y+OZGx7LGal2By2H/zly9d3/SJLC39c33utv6ja/PXVb0LuTaCWUnzz0CONH59a9T98/MObj2+/fPrUU763355o95vB2fz85ff3fkXqY172wKPIvXv/Icskf+nVswenRagnmKG2HsTD+Hzwjveb7+9+/e0PGfN001tp0mHPS2TFfLPH7L6ZIXH5Nr9+2aNNDzDfsBztPPgS/hO3WqjkQR9H7AFov2TDhtn7y9cPN2b9erch8W55z0kvwO7Q1n8rMNQ+HearUpb6dOZSXchSkkudoxl23hboWjKwIdnUH3/UGiYZF+gGzKgkG9uQNrlUEgS4Vhjp+LW3A5GHswiB0Vu8tibNsMAtb3M9U48WFEMZfrSHcURrJw6U0VnpGsWUGaKVlbaBj5+P/IhRHGq6RiUHE0OrKIzobhi1UTYqouNGldzuxwHcXLjkoDO9GeuElIvMzNY48as4gQ5GH5bPIfJt/64+w1n2kmL9Q6/ou05hPxMJpLNIdCYWPMuMo3sjNzZD2gCPBaTUN4RnZCGpKHYjaOCfGkoYxxKqDlPvCGeJWgP+7u23TZFerm1u1qCAy8YopoGm1tfoArqCAW6uWY3f3K+yeZA7HhxkemOxYmqmFRZo1On8OjBJRcNIJkSGLXl8T+QOEQ1dj7Ih6EjSKpQsCGYHDaUD+3W9zsxolSkZGPKKFKfSmTCoOf4z7mWoIdA1vTOUsk3VpsTYdCIzsDC+W8KSz6KFm+hGZalQGeljwmVvz3SFz5VtuM6DsSI7gdsi6Ac9A0NS39cSdMh52kguoxfSARPOl8MXxw0xS5jmTSW7w+Quh68DUv1uxrMcc9JLvvqmToNeYNuA/RU90IDrDFq+d1qaHoEHQpCthDepSKwjTL9G03MtJo/zhgj/GU00kznFrwuwxOcS8fMq0Qo1Hi5OwjoqWMV7LU5cm6AYTiHBfDAyZGsdt4PDK5eo01VwO49RKGk97t5ozYqxDAxriVpUA0jTh6y6Cu+hGS1R2fL5Wsyzv5wSq4HPphDzlCMpuKgnEOWIqtbJZ0buR+9DeOsSJAdT7s64aMuFxkAPxVBKrDG7/pLDPcsY8Mj9bIzZnMWse8cPRZEdxbGs1nriENfhJDVWRzV5OVzlpggK84vJvBS7sWJ5ihxKI6EFUSQ4kyvbclV/BeLENgyHn8bWwFTwGX0DhHBKsRz4TFncUNaoefiuNXap7RIdkcWtM/DBMtSgJhvlBEhUDJOZyvncHub4iBYrHDkaWUBY29An0JiMooHxbG2PBkZCWDDLpWk6QRwcUaEbT7BJIjlXzhdcJy88XnEbRRSq4F7j+bAEi+67f/8//puSYDFsswUxjXvTym9p9NskFHzEsN/z8Odg/AWbxtPbykoc7vS9Mt48Rb1fMfFyb/lYXc/b/oqMZSmRWLTzG9clpxttslyJTE2+XDuJWBXLSm+acUVWZBXPfUoSWDlXonNe90lRyutwnj14avWW3Wds0BqgdairZM0e/+bJddXJtQ7KKgSLzK0GnBpI2GzXZ7ix9wNQoZ7Ozby1JoH2pGvA9VwnxMYUlpKKGgdAjEiwJoR2LlLHZsqLQM2ZsoHvImR9R+UOBSmC21qocw2AcsXHlWRorU0eU6KjRGzHClRfP1fUPd/JY8BKeSwRuPhoU0piUx8wmPkyPozeXjIIchN/aKtPXgGlnzPzvG0m13auTZS29eCogz6nJ3dQGPBRX9K7CBT4WUllA5ImTJcJmvd11dLPOiCo9/UcFTIvGgPTd8M2KrUhlopIJXpj/JIdTBXLtyeI9yzdG8zVvELbh4Z7vN7suMG1SYBcFljQYyM5Vutk7htfVG6cr/iTu/Y9GazFS8TxopA4tJWcG1FnHYJgKbACLHfWTb72XLKLZc3153EWmVg8iHCWgmLBSKEWyLEWm0TXQpDcozASN7o1iXWdgSrMKMlqwtFRgKtQD7P+yc6bmrqyohXXWdrYDBQZSA69gymq5Hgyj+vzqJShHSc++U2AlHZcZ73yLogGSlCZ7Kiw+aP/BMKU2wf0EyI2y1JhGp/xepII0Jw4PgjRn5sj/RI4m6N8rPPm2p7L8nsMx67A7tlkaEEMlwMDf0XucQR502N6TpsfubdyuZpTfb5/NDfKKZTswtx9sivJxwkbDoFZTIBm8QJQ6wBdmRinCvNmN4XuWY2ou2Nat67cZ+KP24J88WdgURRkJoZy'... 1834556 more characters
  }
}
Gemini generated image found (alternative field)!
🔐 Uploading generated image with admin client: 5aa0312e-8262-49cb-ac2e-fc21ef449b99/try-on-result-1760233039913.png
✅ Upload successful, data: {
  path: '5aa0312e-8262-49cb-ac2e-fc21ef449b99/try-on-result-1760233039913.png',
  id: 'af0ad0ac-5860-44b2-a3a7-45534fdcf70e',
  fullPath: 'try-on-results/5aa0312e-8262-49cb-ac2e-fc21ef449b99/try-on-result-1760233039913.png'
}
✅ Generated image uploaded successfully to: https://sunvhoikhvkcheejfplf.supabase.co/storage/v1/object/public/try-on-results/5aa0312e-8262-49cb-ac2e-fc21ef449b99/try-on-result-1760233039913.png
Generated image uploaded to: https://sunvhoikhvkcheejfplf.supabase.co/storage/v1/object/public/try-on-results/5aa0312e-8262-49cb-ac2e-fc21ef449b99/try-on-result-1760233039913.png
TryOnProcessor returned: {
  success: true,
  resultUrl: 'https://sunvhoikhvkcheejfplf.supabase.co/storage/v1/object/public/try-on-results/5aa0312e-8262-49cb-ac2e-fc21ef449b99/try-on-result-1760233039913.png',
  processingTime: 7064
}
[32m{"timestamp":"2025-10-12T01:37:20.366Z","level":"info","service":"my-closet","version":"1.0.0","message":"AI processing completed successfully","context":{"userId":"5aa0312e-8262-49cb-ac2e-fc21ef449b99","sessionId":"4e255b0d-ac06-4785-bcc3-3a3d1addaf8e","processingTime":7064,"resultUrl":"https://sunvhoikhvkcheejfplf.supabase.co/storage/v..."}}[0m
Full result URL from AI processing: https://sunvhoikhvkcheejfplf.supabase.co/storage/v1/object/public/try-on-results/5aa0312e-8262-49cb-ac2e-fc21ef449b99/try-on-result-1760233039913.png
Updating session with result URL: https://sunvhoikhvkcheejfplf.supabase.co/storage/v1/object/public/try-on-results/5aa0312e-8262-49cb-ac2e-fc21ef449b99/try-on-result-1760233039913.png
Database update result: {
  updatedSession: [
    {
      id: '4e255b0d-ac06-4785-bcc3-3a3d1addaf8e',
      user_id: '5aa0312e-8262-49cb-ac2e-fc21ef449b99',
      status: 'completed',
      created_at: '2025-10-12T01:37:09.359859+00:00',
      completed_at: '2025-10-12T01:37:20.366+00:00',
      result_image_url: 'https://sunvhoikhvkcheejfplf.supabase.co/storage/v1/object/public/try-on-results/5aa0312e-8262-49cb-ac2e-fc21ef449b99/try-on-result-1760233039913.png',
      processing_time: 7064,
      error_message: null,
      metadata: {}
    }
  ],
  completionError: null
}
[32m{"timestamp":"2025-10-12T01:37:20.458Z","level":"info","service":"my-closet","version":"1.0.0","message":"Session successfully updated to completed","context":{"userId":"5aa0312e-8262-49cb-ac2e-fc21ef449b99","sessionId":"4e255b0d-ac06-4785-bcc3-3a3d1addaf8e","updatedSession":"4e255b0d-ac06-4785-bcc3-3a3d1addaf8e"}}[0m
Session successfully updated with result URL: https://sunvhoikhvkcheejfplf.supabase.co/storage/v1/object/public/try-on-results/5aa0312e-8262-49cb-ac2e-fc21ef449b99/try-on-result-1760233039913.png
Returning API response with resultUrl: https://sunvhoikhvkcheejfplf.supabase.co/storage/v1/object/public/try-on-results/5aa0312e-8262-49cb-ac2e-fc21ef449b99/try-on-result-1760233039913.png
 POST /api/try-on/process 200 in 8470ms
 GET /api/try-on/sessions/4e255b0d-ac06-4785-bcc3-3a3d1addaf8e 200 in 480ms
Creating new Supabase client instance
Creating new Supabase admin client instance
